Timestamp         S0     S1     E      O      P     YGC     YGCT    FGC    FGCT     GCT   
           67.3  92.62   0.00  52.58  55.54  69.09     22    0.813     3    1.245    2.057
           77.3  92.62   0.00  52.88  55.54  69.09     22    0.813     3    1.245    2.057
           87.3  92.62   0.00  53.02  55.54  69.09     22    0.813     3    1.245    2.057
           97.4  92.62   0.00  53.12  55.54  69.09     22    0.813     3    1.245    2.057
          107.4  92.62   0.00  53.42  55.54  69.09     22    0.813     3    1.245    2.057
          117.3  92.62   0.00  53.51  55.54  69.09     22    0.813     3    1.245    2.057
          127.4  92.62   0.00  53.65  55.54  69.10     22    0.813     3    1.245    2.057
          137.4  92.62   0.00  53.82  55.54  69.10     22    0.813     3    1.245    2.057
          147.3  92.62   0.00  53.92  55.54  69.10     22    0.813     3    1.245    2.057
          157.4  92.62   0.00  54.04  55.54  69.10     22    0.813     3    1.245    2.057
Timestamp         S0     S1     E      O      P     YGC     YGCT    FGC    FGCT     GCT   
          167.4  92.62   0.00  54.13  55.54  69.10     22    0.813     3    1.245    2.057
          177.4  92.62   0.00  54.25  55.54  69.10     22    0.813     3    1.245    2.057
          187.4  92.62   0.00  54.38  55.54  69.10     22    0.813     3    1.245    2.057
          197.4  92.62   0.00  54.48  55.54  69.10     22    0.813     3    1.245    2.057
          207.4  92.62   0.00  54.59  55.54  69.10     22    0.813     3    1.245    2.057
          217.3  92.62   0.00  54.69  55.54  69.10     22    0.813     3    1.245    2.057
          227.4  92.62   0.00  54.81  55.54  69.10     22    0.813     3    1.245    2.057
          237.4  92.62   0.00  54.93  55.54  69.10     22    0.813     3    1.245    2.057
          247.4  92.62   0.00  55.05  55.54  69.10     22    0.813     3    1.245    2.057
          257.4  92.62   0.00  55.15  55.54  69.10     22    0.813     3    1.245    2.057
Timestamp         S0     S1     E      O      P     YGC     YGCT    FGC    FGCT     GCT   
          267.4  92.62   0.00  55.25  55.54  69.10     22    0.813     3    1.245    2.057
          277.4  92.62   0.00  55.35  55.54  69.10     22    0.813     3    1.245    2.057
          287.4  92.62   0.00  55.46  55.54  69.10     22    0.813     3    1.245    2.057
          297.4  92.62   0.00  55.56  55.54  69.10     22    0.813     3    1.245    2.057
          307.4  92.62   0.00  55.67  55.54  69.10     22    0.813     3    1.245    2.057
          317.4  92.62   0.00  55.82  55.54  69.10     22    0.813     3    1.245    2.057
          327.4  92.62   0.00  55.91  55.54  69.10     22    0.813     3    1.245    2.057
          337.4  92.62   0.00  56.02  55.54  69.10     22    0.813     3    1.245    2.057
          347.4  92.62   0.00  56.12  55.54  69.10     22    0.813     3    1.245    2.057
          357.4  92.62   0.00  56.22  55.54  69.10     22    0.813     3    1.245    2.057
Timestamp         S0     S1     E      O      P     YGC     YGCT    FGC    FGCT     GCT   
          367.4  92.62   0.00  56.36  55.54  69.10     22    0.813     3    1.245    2.057
          377.4  92.62   0.00  56.46  55.54  69.10     22    0.813     3    1.245    2.057
          387.4  92.62   0.00  56.56  55.54  69.11     22    0.813     3    1.245    2.057
          397.4  92.62   0.00  56.65  55.54  69.11     22    0.813     3    1.245    2.057
          407.4  92.62   0.00  72.33  55.54  71.72     22    0.813     3    1.245    2.057
          417.4  92.62   0.00  72.47  55.54  71.72     22    0.813     3    1.245    2.057
          427.4  92.62   0.00  72.57  55.54  71.72     22    0.813     3    1.245    2.057
          437.4  92.62   0.00  72.67  55.54  71.72     22    0.813     3    1.245    2.057
          447.4  92.62   0.00  72.76  55.54  71.72     22    0.813     3    1.245    2.057
          457.4  92.62   0.00  72.91  55.54  71.72     22    0.813     3    1.245    2.057
Timestamp         S0     S1     E      O      P     YGC     YGCT    FGC    FGCT     GCT   
          467.4  92.62   0.00  73.02  55.54  71.72     22    0.813     3    1.245    2.057
          477.4  92.62   0.00  73.12  55.54  71.72     22    0.813     3    1.245    2.057
          487.4  92.62   0.00  84.22  55.54  72.78     22    0.813     3    1.245    2.057
          497.4   0.00  99.98  94.27  58.31  78.66     23    0.873     3    1.245    2.117
          507.4  55.17   0.00  53.89  82.53  80.03     24    0.939     3    1.245    2.184
          517.4   0.00  46.55   3.20  82.53  80.50     25    0.969     3    1.245    2.214
          527.4   0.00  46.55  61.31  82.53  80.83     25    0.969     3    1.245    2.214
          537.4  54.36   0.00   0.92  82.53  80.92     26    0.998     3    1.245    2.243
          547.4  54.36   0.00  41.51  82.53  80.99     26    0.998     3    1.245    2.243
          557.4  54.36   0.00  76.38  82.53  81.04     26    0.998     3    1.245    2.243
Timestamp         S0     S1     E      O      P     YGC     YGCT    FGC    FGCT     GCT   
          567.4   0.00  50.94  36.89  82.53  81.10     27    1.027     3    1.245    2.272
          577.4   0.00  50.94  92.54  82.53  81.11     27    1.027     3    1.245    2.272
          587.4  57.64   0.00  30.74  82.53  81.13     28    1.070     3    1.245    2.315
          597.4  57.64   0.00  72.46  82.53  81.15     28    1.070     3    1.245    2.315
          607.4   0.00  54.66  19.09  82.53  81.17     29    1.102     3    1.245    2.346
          617.4  62.29   0.00   7.92  82.53  81.24     30    1.144     3    1.245    2.389
          627.4  62.29   0.00  92.36  82.53  81.29     30    1.144     3    1.245    2.389
          637.4   0.00  60.12  93.95  82.53  81.34     31    1.175     3    1.245    2.419
          647.4  66.13   0.00  80.19  82.53  81.36     32    1.205     3    1.245    2.450
          657.4   0.00  65.93  76.15  82.53  81.40     33    1.238     3    1.245    2.482
Timestamp         S0     S1     E      O      P     YGC     YGCT    FGC    FGCT     GCT   
          667.4  66.68   0.00  88.24  82.53  81.42     34    1.276     3    1.245    2.520
          677.4   0.00  64.93  68.22  82.53  81.44     35    1.319     3    1.245    2.563
          687.4  68.66   0.00  58.32  82.53  81.46     36    1.346     3    1.245    2.591
          697.4   0.00  66.88  40.50  82.53  81.48     37    1.378     3    1.245    2.623
          707.4   0.00   0.00  22.64  58.98  70.61     38    1.411     4    2.262    3.673
          717.4   0.00  99.59  21.63  58.98  70.63     39    1.423     4    2.262    3.685
          727.4   8.81   0.00  43.67  58.98  70.66     40    1.431     4    2.262    3.694
          737.4   0.00  99.22  69.10  58.98  70.68     41    1.441     4    2.262    3.703
          747.4   0.00  99.09  26.82  58.98  70.71     43    1.481     4    2.262    3.743
          757.4  10.44   0.00  39.11  58.98  70.73     44    1.493     4    2.262    3.755
Timestamp         S0     S1     E      O      P     YGC     YGCT    FGC    FGCT     GCT   
          767.4   0.00  14.75  89.26  58.98  70.76     45    1.505     4    2.262    3.767
          777.4   0.00  15.71  48.31  58.98  70.78     47    1.541     4    2.262    3.803
          787.4  18.06   0.00  94.18  58.98  70.82     48    1.553     4    2.262    3.815
          797.4  17.55   0.00  41.46  58.98  70.84     50    1.578     4    2.262    3.840
          807.4   0.00  18.31  63.93  58.98  70.84     51    1.593     4    2.262    3.855
          817.4  20.17   0.00  86.68  58.98  70.85     52    1.609     4    2.262    3.871
          827.4  17.12   0.00   0.69  59.71  70.86     54    1.635     4    2.262    3.897
          837.4   0.00  15.81  46.13  59.84  70.89     55    1.645     4    2.262    3.907
          847.5  16.84   0.00  93.72  59.91  70.91     56    1.655     4    2.262    3.917
          857.4  15.58   0.00  63.02  60.30  70.94     58    1.677     4    2.262    3.940
Timestamp         S0     S1     E      O      P     YGC     YGCT    FGC    FGCT     GCT   
          867.4  11.34   0.00  14.05  60.95  70.95     60    1.702     4    2.262    3.964
          877.4   0.00   9.42  84.73  60.98  70.97     61    1.711     4    2.262    3.973
          887.5   0.00  14.22  39.51  61.02  70.98     63    1.737     4    2.262    3.999
          897.4   0.00  13.97   2.57  61.06  70.98     65    1.760     4    2.262    4.022
          907.5  15.34   0.00  79.37  61.07  71.00     66    1.770     4    2.262    4.032
          917.4  16.21   0.00  62.16  61.09  71.07     68    1.799     4    2.262    4.061
          927.4  19.32   0.00  11.81  61.11  71.18     70    1.825     4    2.262    4.087
          937.4   0.00  27.88  78.40  61.12  71.25     71    1.838     4    2.262    4.100
          947.4   0.00  26.17  68.85  61.15  71.33     73    1.862     4    2.262    4.124
          957.5   0.00  25.73  41.96  61.17  71.39     75    1.884     4    2.262    4.146
Timestamp         S0     S1     E      O      P     YGC     YGCT    FGC    FGCT     GCT   
          967.4   0.00  33.76   0.98  61.26  71.43     77    1.905     4    2.262    4.168
          977.5  32.77   0.00  90.48  61.27  71.45     78    1.916     4    2.262    4.178
          987.4  33.58   0.00  78.24  61.29  71.46     80    1.951     4    2.262    4.214
          997.4  37.09   0.00  84.20  61.37  71.46     82    1.982     4    2.262    4.244
         1007.4  43.31   0.00  94.83  61.39  71.46     84    2.024     4    2.262    4.286
         1017.5  49.27   0.00  95.92  61.52  71.47     86    2.048     4    2.262    4.310
         1027.4  53.99   0.00  94.61  61.53  71.47     88    2.095     4    2.262    4.357
         1037.4   0.00  65.32   8.91  61.55  71.49     91    2.141     4    2.262    4.403
         1047.5   0.00  59.38   6.88  61.62  71.49     93    2.179     4    2.262    4.441
         1057.4  56.10   0.00  99.35  61.63  71.51     94    2.190     4    2.262    4.453
Timestamp         S0     S1     E      O      P     YGC     YGCT    FGC    FGCT     GCT   
         1067.4   0.00  64.69   4.92  61.77  71.55     97    2.227     4    2.262    4.490
         1077.5   0.00  62.18  51.64  61.99  71.56     99    2.255     4    2.262    4.517
         1087.4  53.29   0.00  19.24  62.03  71.59    102    2.290     4    2.262    4.552
         1097.5  99.67   0.00  82.37  63.50  71.74    104    2.318     4    2.262    4.580
         1107.4   0.00  99.33  64.58  63.55  71.75    107    2.357     4    2.262    4.619
         1117.5  70.38   0.00  12.18  63.56  71.77    110    2.400     4    2.262    4.662
         1127.5  78.81   0.00  78.31  63.57  71.77    112    2.430     4    2.262    4.692
         1137.5   0.00  99.34  56.88  63.60  71.77    115    2.484     4    2.262    4.747
         1147.5  68.07   0.00  67.48  63.64  71.78    118    2.539     4    2.262    4.801
         1157.5  36.09   0.00  12.99  65.37  71.79    122    2.605     4    2.262    4.867
Timestamp         S0     S1     E      O      P     YGC     YGCT    FGC    FGCT     GCT   
         1167.4   0.00  99.24  27.92  65.39  71.80    125    2.650     4    2.262    4.912
         1177.5  29.71   0.00  13.23  65.44  71.81    128    2.687     4    2.262    4.949
         1187.4  43.25   0.00  95.79  65.46  71.82    130    2.710     4    2.262    4.972
         1197.5   0.00  51.65  98.09  65.49  71.83    133    2.753     4    2.262    5.015
         1207.5  35.91   0.00  69.71  65.52  71.83    136    2.788     4    2.262    5.050
         1217.5   0.00  37.75  67.10  65.53  71.84    139    2.829     4    2.262    5.091
         1227.5  48.90   0.00  57.28  65.55  71.84    142    2.875     4    2.262    5.137
         1237.5   0.00  67.47  64.06  65.56  71.84    145    2.925     4    2.262    5.188
         1247.5  56.33   0.00  52.54  65.59  71.85    148    2.959     4    2.262    5.221
         1257.4   0.00  77.03  58.47  65.60  71.85    151    2.992     4    2.262    5.255
Timestamp         S0     S1     E      O      P     YGC     YGCT    FGC    FGCT     GCT   
         1267.5  62.50   0.00  88.27  65.62  71.86    154    3.032     4    2.262    5.294
         1277.5   0.00  58.11  89.32  65.63  71.87    157    3.071     4    2.262    5.333
         1287.5   0.00  68.57  15.35  65.69  71.87    161    3.112     4    2.262    5.374
         1297.5  76.12   0.00  24.54  65.80  71.87    164    3.159     4    2.262    5.422
         1307.5   0.00 100.00  45.83  67.40  71.87    167    3.221     4    2.262    5.484
         1317.5  88.46   0.00  67.13  67.41  71.87    170    3.284     4    2.262    5.546
         1327.5   0.00  71.12  37.75  67.42  71.87    173    3.329     4    2.262    5.592
         1337.5  67.57   0.00   9.70  67.45  71.88    176    3.389     4    2.262    5.651
         1347.5   0.00  99.38   5.98  67.48  71.88    179    3.442     4    2.262    5.704
         1357.5  37.50   0.00   8.72  68.48  71.88    182    3.496     4    2.262    5.758
Timestamp         S0     S1     E      O      P     YGC     YGCT    FGC    FGCT     GCT   
         1367.5  55.31   0.00  90.86  68.52  71.89    184    3.517     4    2.262    5.779
         1377.5   0.00  49.07  72.89  68.55  71.89    187    3.552     4    2.262    5.814
         1387.5  46.91   0.00  69.69  68.57  71.89    190    3.592     4    2.262    5.854
         1397.5   0.00  54.44  33.23  68.59  71.91    193    3.645     4    2.262    5.907
         1407.5  68.24   0.00  39.67  68.65  71.93    196    3.689     4    2.262    5.951
         1417.5   0.00  58.64  59.26  68.66  71.94    199    3.731     4    2.262    5.993
         1427.5  51.32   0.00  50.36  68.67  71.97    202    3.771     4    2.262    6.033
         1437.5   0.00  73.38  45.02  68.70  71.98    205    3.818     4    2.262    6.080
         1447.5  69.18   0.00  41.79  68.72  71.99    208    3.854     4    2.262    6.116
         1457.5   0.00 100.00  28.60  68.74  71.99    211    3.890     4    2.262    6.152
Timestamp         S0     S1     E      O      P     YGC     YGCT    FGC    FGCT     GCT   
         1467.5   0.00  56.16  93.14  68.75  72.00    213    3.917     4    2.262    6.180
         1477.5  71.13   0.00  71.58  68.76  72.01    216    3.958     4    2.262    6.220
         1487.5   0.00  58.45  84.55  68.79  72.01    219    3.997     4    2.262    6.259
         1497.5  71.54   0.00  72.58  68.86  72.01    222    4.029     4    2.262    6.291
         1507.5  81.75   0.00   2.18  68.89  72.01    226    4.087     4    2.262    6.349
         1517.5  90.16   0.00  89.34  68.95  72.02    228    4.127     4    2.262    6.389
         1527.5   0.00 100.00  73.36  68.96  72.02    231    4.183     4    2.262    6.446
         1537.5  77.87   0.00  61.06  68.98  72.02    234    4.223     4    2.262    6.485
         1547.5   0.00  71.54  62.81  69.03  72.02    237    4.268     4    2.262    6.530
         1557.5  75.00   0.00  77.33  69.08  72.02    240    4.304     4    2.262    6.566
Timestamp         S0     S1     E      O      P     YGC     YGCT    FGC    FGCT     GCT   
         1567.5   0.00  75.00  64.03  69.10  72.02    243    4.344     4    2.262    6.606
         1577.5  85.48   0.00  54.94  69.12  72.02    246    4.381     4    2.262    6.643
         1587.5   0.00  80.95  46.11  69.14  72.02    249    4.414     4    2.262    6.677
         1597.5  80.83   0.00  59.18  69.16  72.02    252    4.449     4    2.262    6.711
         1607.5   0.00 100.00  19.05  69.17  72.03    255    4.484     4    2.262    6.746
         1617.5   0.00  74.17  93.60  69.17  72.03    257    4.507     4    2.262    6.770
         1627.5 100.00   0.00  74.23  69.24  72.03    260    4.559     4    2.262    6.821
         1637.5   0.00  88.71  65.21  69.30  72.03    263    4.608     4    2.262    6.870
         1647.5  75.00   0.00  40.12  69.32  72.03    266    4.673     4    2.262    6.935
         1657.5   0.00  92.50  52.19  69.33  72.03    269    4.713     4    2.262    6.975
Timestamp         S0     S1     E      O      P     YGC     YGCT    FGC    FGCT     GCT   
         1667.5  74.63   0.00  49.39  69.45  72.04    272    4.767     4    2.262    7.030
         1677.5   0.00  73.85  95.43  69.48  72.04    275    4.813     4    2.262    7.075
         1687.5   0.00  79.85  28.09  69.49  72.04    279    4.883     4    2.262    7.145
         1697.5   0.00  76.15   6.39  69.53  72.04    283    4.941     4    2.262    7.203
         1707.5   0.00 100.00   0.71  69.56  72.04    287    5.003     4    2.262    7.265
         1717.5 100.00   0.00  73.41  69.63  72.04    290    5.045     4    2.262    7.307
         1727.5  75.78   0.00  39.65  69.75  72.04    294    5.109     4    2.262    7.371
         1737.5 100.00   0.00  21.55  70.07  72.04    298    5.167     4    2.262    7.429
         1747.5   0.00  77.91 100.00  70.39  72.04    302    5.209     4    2.262    7.471
         1757.5   0.00  99.41  68.66  70.40  72.05    305    5.257     4    2.262    7.519
Timestamp         S0     S1     E      O      P     YGC     YGCT    FGC    FGCT     GCT   
         1767.5   0.00  79.47  52.34  70.43  72.05    309    5.316     4    2.262    7.578
         1777.5  57.07   0.00   1.71  71.17  72.05    314    5.384     4    2.262    7.646
         1787.5  58.99   0.00  35.73  71.20  72.05    318    5.435     4    2.262    7.697
         1797.5  74.07   0.00  34.75  71.24  72.05    322    5.493     4    2.262    7.755
         1807.5   0.00  99.06  72.18  71.26  72.05    325    5.529     4    2.262    7.791
         1817.5   0.00  54.43  97.87  71.29  72.05    329    5.586     4    2.262    7.848
         1827.5   0.00  71.62  70.48  71.32  72.05    333    5.638     4    2.262    7.900
         1837.5   0.00  81.43  45.30  71.34  72.05    337    5.691     4    2.262    7.953
         1847.5  80.30   0.00  94.96  71.35  72.05    340    5.728     4    2.262    7.990
         1857.5  69.49   0.00  86.78  71.39  72.07    344    5.780     4    2.262    8.042
Timestamp         S0     S1     E      O      P     YGC     YGCT    FGC    FGCT     GCT   
         1867.5  80.77   0.00  54.19  71.42  72.07    348    5.828     4    2.262    8.090
         1877.5  61.92   0.00  23.08  71.44  72.07    352    5.873     4    2.262    8.135
         1887.5 100.00   0.00  25.38  72.10  72.07    356    5.941     4    2.262    8.203
         1897.5   0.00  99.30  98.69  72.11  72.07    359    5.994     4    2.262    8.256
         1907.5   0.00  99.18  91.41  72.16  72.07    363    6.041     4    2.262    8.303
         1917.5   0.00  72.16  85.80  72.19  72.07    367    6.099     4    2.262    8.361
         1927.5   0.00  56.90  73.20  72.68  72.07    371    6.168     4    2.262    8.430
         1937.5  50.59   0.00   9.24  72.70  72.07    376    6.242     4    2.262    8.504
         1947.5   0.00  64.53  91.07  72.72  72.07    379    6.297     4    2.262    8.559
         1957.5   0.00  70.89  76.29  72.73  72.07    383    6.354     4    2.262    8.616
Timestamp         S0     S1     E      O      P     YGC     YGCT    FGC    FGCT     GCT   
         1967.5   0.00  61.18  51.80  72.77  72.07    387    6.412     4    2.262    8.674
         1977.5   0.00  85.42  33.30  72.82  72.07    391    6.466     4    2.262    8.728
         1987.5  64.19   0.00  94.19  72.83  72.07    394    6.506     4    2.262    8.768
         1997.5  87.82   0.00  92.74  72.95  72.08    398    6.559     4    2.262    8.821
         2007.5  86.93   0.00  90.84  72.96  72.08    402    6.621     4    2.262    8.883
         2017.5  60.94   0.00  97.01  73.12  72.08    406    6.685     4    2.262    8.947
         2027.5  76.70   0.00  71.00  73.14  72.08    410    6.740     4    2.262    9.002
         2037.5  42.11   0.00  68.95  73.59  72.08    414    6.806     4    2.262    9.068
         2047.5  50.00   0.00  46.75  73.62  72.08    418    6.869     4    2.262    9.131
         2057.5  48.26   0.00  59.37  73.65  72.08    422    6.929     4    2.262    9.191
Timestamp         S0     S1     E      O      P     YGC     YGCT    FGC    FGCT     GCT   
         2067.5  47.56   0.00  71.98  73.66  72.08    426    6.998     4    2.262    9.261
         2077.5  74.34   0.00  72.14  73.70  72.08    430    7.061     4    2.262    9.323
         2087.5  95.21   0.00  81.48  73.75  72.08    434    7.118     4    2.262    9.380
         2097.5  78.29   0.00  37.81  73.78  72.09    438    7.178     4    2.262    9.440
         2107.5   0.00  62.16  87.22  73.79  72.09    441    7.210     4    2.262    9.472
         2117.5   0.00  98.96  72.99  73.80  72.09    445    7.260     4    2.262    9.522
         2127.5   0.00  65.94  71.38  73.89  72.09    449    7.323     4    2.262    9.585
         2137.5   0.00  70.67  76.64  74.01  72.09    453    7.389     4    2.262    9.651
         2147.5   0.00  78.95  84.82  74.03  72.09    457    7.466     4    2.262    9.729
         2157.5   0.00  89.86  30.63  74.05  72.09    461    7.526     4    2.262    9.788
Timestamp         S0     S1     E      O      P     YGC     YGCT    FGC    FGCT     GCT   
         2167.5   0.00 100.00  51.26  74.08  72.09    465    7.585     4    2.262    9.848
         2177.6   0.00  62.18  58.60  74.11  72.09    469    7.632     4    2.262    9.894
         2187.5   0.00  70.73  30.61  74.42  72.09    473    7.687     4    2.262    9.949
         2197.6   0.00  74.05  35.54  74.44  72.09    477    7.745     4    2.262   10.007
         2207.5   0.00  67.90  19.77  74.47  72.09    481    7.821     4    2.262   10.083
         2217.6  70.27   0.00  96.63  74.49  72.09    484    7.868     4    2.262   10.130
         2227.5  63.51   0.00  70.20  74.86  72.09    488    7.915     4    2.262   10.177
         2237.6  61.97   0.00  66.80  74.91  72.09    492    7.956     4    2.262   10.218
         2247.5  88.41   0.00  51.42  74.94  72.09    496    8.014     4    2.262   10.276
         2257.6  70.55   0.00  69.61  74.96  72.09    500    8.086     4    2.262   10.348
Timestamp         S0     S1     E      O      P     YGC     YGCT    FGC    FGCT     GCT   
         2267.5  81.94   0.00  67.06  74.98  72.09    504    8.131     4    2.262   10.393
         2277.6  80.14   0.00  79.50  75.00  72.09    508    8.201     4    2.262   10.463
         2287.5   0.00  67.91  27.22  75.23  72.09    513    8.278     4    2.262   10.540
         2297.5   0.00  61.94  79.94  75.25  72.09    517    8.331     4    2.262   10.593
         2307.6  67.39   0.00  35.54  75.28  72.09    522    8.434     4    2.262   10.696
         2317.5   0.00  73.57  18.13  75.31  72.09    527    8.530     4    2.262   10.792
         2327.6  95.89   0.00  25.09  75.38  72.09    532    8.604     4    2.262   10.866
         2337.6   0.00  56.25  31.09  75.55  72.09    537    8.671     4    2.262   10.933
         2347.5   0.00  62.94  73.10  75.73  72.09    541    8.733     4    2.262   10.995
         2357.6  65.38   0.00  64.58  75.86  72.09    546    8.820     4    2.262   11.082
Timestamp         S0     S1     E      O      P     YGC     YGCT    FGC    FGCT     GCT   
         2367.5   0.00  83.77  35.49  75.95  72.09    551    8.893     4    2.262   11.155
         2377.5  76.35   0.00   3.56  76.09  72.09    556    8.970     4    2.262   11.232
         2387.6  62.34   0.00  69.57  76.14  72.10    560    9.048     4    2.262   11.310
         2397.5   0.00  58.22  47.75  76.18  72.10    565    9.120     4    2.262   11.382
         2407.6  87.50   0.00  29.14  76.22  72.10    570    9.189     4    2.262   11.451
         2417.5   0.00  71.34  19.55  76.26  72.10    575    9.253     4    2.262   11.515
         2427.6  79.61   0.00   7.38  76.28  72.10    580    9.324     4    2.262   11.586
         2437.6   0.00  99.30   0.98  76.44  72.10    585    9.406     4    2.262   11.668
         2447.6   0.00  65.34  62.75  76.47  72.10    589    9.463     4    2.262   11.725
         2457.6  66.32   0.00  94.45  77.11  72.10    594    9.557     4    2.262   11.819
Timestamp         S0     S1     E      O      P     YGC     YGCT    FGC    FGCT     GCT   
         2467.6   0.00  70.83  87.42  77.15  72.10    599    9.650     4    2.262   11.912
         2477.5   0.00  52.81   2.74  77.19  72.10    605    9.746     4    2.262   12.008
         2487.6  51.15   0.00  16.15  77.36  72.10    610    9.815     4    2.262   12.077
         2497.5   0.00  56.47  14.36  77.39  72.10    615    9.874     4    2.262   12.137
         2507.6  73.36   0.00   8.34  78.33  72.10    620    9.961     4    2.262   12.224
         2517.5   0.00 100.00   3.00  78.36  72.10    625   10.059     4    2.262   12.321
         2527.6   0.00  84.78  64.40  78.38  72.10    629   10.128     4    2.262   12.390
         2537.5  37.70   0.00  40.76  79.34  72.10    634   10.191     4    2.262   12.453
         2547.6  65.62   0.00  92.18  79.39  72.10    638   10.254     4    2.262   12.516
         2557.6  72.96   0.00   1.70  79.43  72.10    644   10.344     4    2.262   12.606
Timestamp         S0     S1     E      O      P     YGC     YGCT    FGC    FGCT     GCT   
         2567.6  95.13   0.00  90.56  79.73  72.10    648   10.999     4    2.262   13.261
         2577.6   0.00  85.27  55.59  79.76  72.10    653   11.080     4    2.262   13.342
         2587.6  73.57   0.00  16.36  79.94  72.10    658   11.150     4    2.262   13.412
         2597.6  47.64   0.00  64.88  80.79  72.10    662   11.225     4    2.262   13.487
         2607.6   0.00  51.89  39.29  80.83  72.10    667   11.301     4    2.262   13.564
         2617.6  57.37   0.00  53.14  80.88  72.10    672   11.395     4    2.262   13.657
         2627.6   0.00  99.25  60.03  81.05  72.10    677   11.462     4    2.262   13.724
         2637.6  98.48   0.00  68.67  81.13  72.10    682   11.538     4    2.262   13.801
         2647.6  53.37   0.00   0.00  81.28  72.10    688   11.639     4    2.262   13.901
         2657.6  59.38   0.00  95.00  81.63  72.10    692   11.692     4    2.262   13.954
Timestamp         S0     S1     E      O      P     YGC     YGCT    FGC    FGCT     GCT   
         2667.6  61.63   0.00   3.30  81.70  72.10    698   11.791     4    2.262   14.053
         2677.6   0.00 100.00  22.17  81.72  72.10    703   11.868     4    2.262   14.130
         2687.6  64.63   0.00  10.78  81.76  72.10    708   11.942     4    2.262   14.204
         2697.6   0.00  82.24  34.01  81.80  72.10    713   12.003     4    2.262   14.265
         2707.6 100.00   0.00  60.45  84.18  72.11    718   12.097     4    2.262   14.359
         2717.6   0.00  67.78  62.57  84.19  72.11    723   12.185     4    2.262   14.447
         2727.6  89.53   0.00  84.98  84.23  72.11    728   12.269     4    2.262   14.531
         2737.6   0.00  48.90  86.73  85.61  72.11    733   12.348     4    2.262   14.610
         2747.6   0.00  44.67  22.89  85.73  72.11    739   12.434     4    2.262   14.696
         2757.6  46.52   0.00  18.43  85.75  72.11    744   12.500     4    2.262   14.763
Timestamp         S0     S1     E      O      P     YGC     YGCT    FGC    FGCT     GCT   
         2767.6   0.00  52.31  71.20  85.78  72.11    749   12.580     4    2.262   14.842
         2777.6  55.91   0.00  41.28  85.92  72.11    754   12.642     4    2.262   14.904
         2787.6   0.00  47.31  25.83  86.07  72.11    759   12.712     4    2.262   14.974
         2797.6  79.78   0.00  11.55  86.10  72.11    764   12.773     4    2.262   15.035
         2807.6  54.76   0.00  91.11  86.11  72.11    768   12.844     4    2.262   15.106
         2817.6   0.00  85.37  67.31  86.23  72.11    773   12.945     4    2.262   15.207
         2827.6  70.51   0.00  39.08  86.25  72.11    778   13.011     4    2.262   15.273
         2837.6  64.20   0.00  90.01  86.29  72.11    782   13.077     4    2.262   15.339
         2847.6   0.00  99.24  35.93  86.33  72.11    787   13.142     4    2.262   15.404
         2857.6  97.33   0.00   9.07  86.36  72.11    792   13.214     4    2.262   15.476
Timestamp         S0     S1     E      O      P     YGC     YGCT    FGC    FGCT     GCT   
         2867.6   0.00  77.38   5.57  86.52  72.11    797   13.279     4    2.262   15.541
         2877.6  68.07   0.00  33.33  86.56  72.11    802   13.350     4    2.262   15.612
         2887.6   0.00  76.19  65.27  86.69  72.11    807   13.431     4    2.262   15.694
         2897.6   0.00  50.53  33.30  86.73  72.11    813   13.532     4    2.262   15.795
         2907.6   0.00  66.30  44.46  86.86  72.11    819   13.644     4    2.262   15.906
         2917.6   0.00  79.12  40.34  86.92  72.11    825   13.742     4    2.262   16.004
         2927.6   0.00  59.41  43.05  86.98  72.11    831   13.849     4    2.262   16.112
         2937.6   0.00  99.43   0.00  99.60  72.13    837   13.970     5    2.262   16.232
         2947.6  60.45   0.00  18.49  60.72  69.56    842   14.071     5    3.338   17.409
         2957.6   0.00  61.23  97.48  60.72  69.56    847   14.164     5    3.338   17.502
Timestamp         S0     S1     E      O      P     YGC     YGCT    FGC    FGCT     GCT   
         2967.6   0.00  35.83  88.77  62.46  69.56    853   14.285     5    3.338   17.623
         2977.6   0.00 100.00  63.95  62.64  69.56    859   14.369     5    3.338   17.707
         2987.6   0.00  50.00  31.06  62.71  69.56    865   14.447     5    3.338   17.785
         2997.6  36.49   0.00  99.68  62.94  69.56    870   14.554     5    3.338   17.892
         3007.6  46.83   0.00  57.81  62.98  69.56    876   14.643     5    3.338   17.982
         3017.6   0.00  47.84  98.22  63.02  69.56    881   14.715     5    3.338   18.053
         3027.6   0.00  72.73  88.06  63.05  69.56    887   14.819     5    3.338   18.158
         3037.6   0.00 100.00  38.87  64.87  69.56    893   14.921     5    3.338   18.259
         3047.6  76.67   0.00  97.57  64.89  69.56    899   15.010     5    3.338   18.349
         3057.6  68.04   0.00  83.76  65.00  69.56    904   15.130     5    3.338   18.468
Timestamp         S0     S1     E      O      P     YGC     YGCT    FGC    FGCT     GCT   
         3067.6  34.55   0.00  54.17  66.52  69.56    910   15.219     5    3.338   18.558
         3077.6  51.39   0.00  52.61  66.58  69.56    916   15.303     5    3.338   18.641
         3087.6  66.02   0.00  34.45  66.61  69.56    922   15.392     5    3.338   18.730
         3097.6  62.18   0.00  29.10  66.64  69.57    928   15.496     5    3.338   18.834
         3107.6   0.00  72.52  94.29  66.80  69.57    933   15.569     5    3.338   18.907
         3117.6   0.00 100.00  53.28  67.05  69.57    939   15.675     5    3.338   19.013
         3127.6   0.00 100.00  54.22  67.30  69.57    945   15.796     5    3.338   19.134
         3137.6  91.39  50.39 100.00  67.73  69.57    951   15.948     5    3.338   19.286
         3147.6   0.00  48.77  13.96  68.18  69.57    957   16.390     5    3.338   19.728
         3157.6  50.46   0.00  89.99  68.18  69.57    962   16.470     5    3.338   19.808
Timestamp         S0     S1     E      O      P     YGC     YGCT    FGC    FGCT     GCT   
         3167.6  82.67   0.00  82.70  68.23  69.57    968   16.569     5    3.338   19.907
         3177.6  78.12   0.00  58.08  68.26  69.57    974   16.660     5    3.338   19.999
         3187.6  99.78   0.00  22.26  81.66  69.57    980   16.813     5    3.338   20.151
         3197.6  58.59   0.00  40.71  81.68  69.57    986   16.934     5    3.338   20.273
         3207.6  69.43   0.00  46.23  81.74  69.57    992   17.084     5    3.338   20.422
         3217.6  35.39   0.00  22.13  84.59  69.57    998   17.205     5    3.338   20.543
         3227.6  32.30   0.00  11.97  84.68  69.57   1004   17.295     5    3.338   20.633
         3237.6  43.71   0.00  16.92  84.82  69.57   1010   17.385     5    3.338   20.723
         3247.6   0.00  28.43  92.30  84.87  69.57   1015   17.469     5    3.338   20.807
         3257.6   0.00  46.67  36.16  84.93  69.57   1021   17.560     5    3.338   20.899
Timestamp         S0     S1     E      O      P     YGC     YGCT    FGC    FGCT     GCT   
         3267.6   0.00  55.70   3.04  84.97  69.57   1027   17.661     5    3.338   20.999
         3277.6  94.12   0.00  88.04  85.04  69.57   1032   17.743     5    3.338   21.081
         3287.6  67.59   0.00  56.39  85.09  69.57   1038   17.865     5    3.338   21.204
         3297.6  76.64   0.00  58.14  85.12  69.57   1044   17.964     5    3.338   21.302
         3307.6  58.50   0.00  30.67  85.27  69.57   1050   18.088     5    3.338   21.426
         3317.6  75.00   0.00  20.39  85.41  69.57   1056   18.174     5    3.338   21.512
         3327.6   0.00  55.14  94.09  85.64  69.57   1061   18.245     5    3.338   21.583
         3337.6   0.00  45.63  81.97  85.69  69.57   1067   18.384     5    3.338   21.722
         3347.6   0.00  53.30  92.75  85.73  69.57   1073   18.490     5    3.338   21.828
         3357.6   0.00  75.00  64.45  85.79  69.57   1079   18.564     5    3.338   21.902
Timestamp         S0     S1     E      O      P     YGC     YGCT    FGC    FGCT     GCT   
         3367.6   0.00  73.94  65.70  86.07  69.57   1085   18.689     5    3.338   22.027
         3377.6   0.00  68.18  67.12  86.46  69.57   1091   18.801     5    3.338   22.139
         3387.6   0.00 100.00  26.19  86.48  69.57   1097   18.900     5    3.338   22.239
         3397.6   0.00  99.44  33.46  86.68  69.57   1103   19.018     5    3.338   22.356
         3407.6   0.00  55.86  16.55  86.75  69.57   1109   19.126     5    3.338   22.465
         3417.6  67.12   0.00  41.04  86.78  69.57   1114   19.244     5    3.338   22.583
         3427.6  63.27   0.00  19.58  87.01  69.57   1120   19.370     5    3.338   22.708
         3437.6   0.00  54.50  96.88  87.49  69.57   1125   19.458     5    3.338   22.797
         3447.6   0.00  43.46  25.77  87.57  69.57   1131   19.549     5    3.338   22.887
         3457.6  58.65   0.00  98.07  87.63  69.57   1136   19.617     5    3.338   22.955
Timestamp         S0     S1     E      O      P     YGC     YGCT    FGC    FGCT     GCT   
         3467.6  72.83   0.00  34.77  87.68  69.57   1142   19.747     5    3.338   23.085
         3477.6 100.00   0.00  51.98  95.85  69.57   1148   19.879     5    3.338   23.217
         3487.6   0.00  99.87  46.96  95.91  69.57   1155   20.043     5    3.338   23.382
         3497.6  68.75   0.00  60.17  96.14  69.57   1162   20.178     5    3.338   23.516
         3507.6   0.00  22.32  38.75  98.11  69.57   1169   20.308     5    3.338   23.646
         3517.6  41.04   0.00  13.16  98.17  69.57   1176   20.435     5    3.338   23.773
         3527.6   0.00 100.00   2.08  98.22  69.57   1183   20.583     5    3.338   23.921
         3537.6  65.48   0.00  19.59  98.59  69.57   1190   20.716     5    3.338   24.055
         3547.6  54.76   0.00  97.03  98.62  69.57   1196   20.825     5    3.338   24.163
         3557.6   0.00  56.64  15.32  99.02  69.57   1203   20.956     5    3.338   24.295
Timestamp         S0     S1     E      O      P     YGC     YGCT    FGC    FGCT     GCT   
         3567.6   0.00  99.35  71.92  99.08  69.57   1209   21.063     5    3.338   24.401
         3577.6  63.20   0.00  51.41  99.13  69.57   1216   21.181     5    3.338   24.519
         3587.6   0.00  66.00  39.92  99.25  69.57   1223   21.288     5    3.338   24.626
         3597.7  88.46   0.00  36.51  99.53  69.57   1230   21.406     5    3.338   24.744
         3607.7   0.00  77.21  22.21  99.61  69.57   1237   21.539     5    3.338   24.877
         3617.6  49.35   0.00  23.66  99.85  69.57   1244   21.655     5    3.338   24.993
         3627.6 100.00   0.00  82.24  62.63  68.83   1250   21.766     6    4.287   26.053
         3637.6   0.00  99.74  92.86  62.63  68.83   1257   21.916     6    4.287   26.203
         3647.6  64.65   0.00  95.10  62.63  68.83   1264   22.060     6    4.287   26.347
         3657.6  58.71   0.00   0.00  65.03  68.83   1272   22.191     7    4.287   26.478
Timestamp         S0     S1     E      O      P     YGC     YGCT    FGC    FGCT     GCT   
         3667.7  99.80   0.00  34.74  68.71  69.41   1274   22.339     7    5.241   27.580
         3677.6  55.98   0.00  43.84  68.71  69.41   1280   22.520     7    5.241   27.762
         3687.7  13.98   0.00  15.67  74.76  69.41   1288   22.705     7    5.241   27.946
         3697.6   0.00  13.84  52.90  74.76  69.41   1295   22.837     7    5.241   28.078
         3707.6  24.16   0.00  54.59  74.82  69.41   1302   22.961     7    5.241   28.203
         3717.6   0.00  42.29  41.79  75.16  69.41   1309   23.106     7    5.241   28.348
         3727.6  38.80   0.00  30.37  75.21  69.41   1316   23.222     7    5.241   28.464
         3737.7   0.00  62.09  69.83  75.24  69.41   1323   23.347     7    5.241   28.588
         3747.6  46.62   0.00  60.75  75.43  69.41   1330   23.467     7    5.241   28.708
         3757.6 100.00   0.00   1.87  84.10  69.41   1338   23.658     7    5.241   28.899
Timestamp         S0     S1     E      O      P     YGC     YGCT    FGC    FGCT     GCT   
         3767.6   0.00  52.90   9.58  84.29  69.41   1345   23.888     7    5.241   29.129
         3777.6  20.00   0.00   7.99  86.71  69.41   1352   24.020     7    5.241   29.261
         3787.7   0.00  55.87  19.46  86.75  69.41   1359   24.161     7    5.241   29.402
         3797.7  41.76   0.00  12.62  86.82  69.41   1366   24.293     7    5.241   29.534
         3807.6   0.00  43.46   8.25  86.87  69.41   1373   24.432     7    5.241   29.673
         3817.6   0.00  51.89  39.23  86.93  69.41   1379   24.560     7    5.241   29.801
         3827.6  67.60   0.00  43.07  86.96  69.41   1386   24.720     7    5.241   29.962
         3837.7   0.00  99.50  30.40  87.01  69.41   1393   24.888     7    5.241   30.129
         3847.7  56.39   0.00  56.24  91.22  69.41   1400   25.077     7    5.241   30.318
         3857.7   0.00  61.19  46.22  91.25  69.41   1407   25.206     7    5.241   30.447
Timestamp         S0     S1     E      O      P     YGC     YGCT    FGC    FGCT     GCT   
         3867.6  42.58   0.00  61.25  92.45  69.41   1414   25.343     7    5.241   30.585
         3877.6   0.00  55.42  49.02  92.49  69.41   1421   25.483     7    5.241   30.724
         3887.7  34.02   0.00  35.68  92.54  69.41   1428   25.591     7    5.241   30.832
         3897.7   0.00  50.00  32.46  92.62  69.41   1435   25.737     7    5.241   30.978
         3907.7   0.00  62.41  64.76  92.67  69.41   1441   25.876     7    5.241   31.117
         3917.7  73.41   0.00  44.69  92.71  69.41   1448   26.021     7    5.241   31.262
         3927.7   0.00 100.00  81.46  92.91  69.41   1455   26.142     7    5.241   31.383
         3937.6  69.23   0.00  71.23  92.97  69.41   1462   26.281     7    5.241   31.523
         3947.6   0.00 100.00  38.61  93.07  69.41   1469   26.415     7    5.241   31.656
         3957.6   0.00  73.28  89.76  93.32  69.41   1475   26.560     7    5.241   31.801
Timestamp         S0     S1     E      O      P     YGC     YGCT    FGC    FGCT     GCT   
         3967.6  51.94   0.00  68.71  46.97  70.74   1482   26.737     8    6.392   33.129
         3977.7  58.77   0.00  23.50  48.77  70.74   1490   26.932     8    6.392   33.324
         3987.7   0.00  22.27  54.20  49.09  70.74   1497   27.026     8    6.392   33.418
         3997.7  45.27   0.00  44.53  49.09  70.74   1504   27.148     8    6.392   33.540
         4007.7   0.00  99.12  24.26  49.13  70.74   1511   27.255     8    6.392   33.646
         4017.7   0.00  99.24  64.32  49.20  70.74   1517   27.338     8    6.392   33.730
         4027.7 100.00 100.00 100.00  54.74  70.74   1524   27.478     8    6.392   33.870
         4037.7   0.00  34.96  39.57  56.79  70.74   1531   27.894     8    6.392   34.286
         4047.7  18.10   0.00  31.70  57.30  70.74   1538   28.012     8    6.392   34.404
         4057.7   0.00  29.96  64.60  57.30  70.74   1545   28.119     8    6.392   34.511
Timestamp         S0     S1     E      O      P     YGC     YGCT    FGC    FGCT     GCT   
         4067.6  44.23   0.00  64.07  57.38  70.74   1552   28.261     8    6.392   34.653
         4077.7   0.00  57.58  40.22  57.52  70.74   1559   28.382     8    6.392   34.774
         4087.7  61.35   0.00  55.34  57.73  70.74   1566   28.509     8    6.392   34.901
         4097.7   0.00  39.66  82.00  57.81  70.74   1573   28.621     8    6.392   35.013
         4107.7  52.54   0.00  90.44  58.09  70.74   1580   28.761     8    6.392   35.152
         4117.7  53.16   0.00  49.33  64.07  70.74   1588   28.957     8    6.392   35.349
         4127.7  37.40   0.00   5.64  66.83  70.74   1596   29.149     8    6.392   35.541
         4137.6   0.00  72.20  21.23  68.37  70.74   1603   29.263     8    6.392   35.655
         4147.7  28.23   0.00  92.32  69.63  70.74   1610   29.402     8    6.392   35.794
         4157.7  52.14   0.00  75.58  69.69  70.74   1618   29.528     8    6.392   35.920
Timestamp         S0     S1     E      O      P     YGC     YGCT    FGC    FGCT     GCT   
         4167.7  69.11   0.00  63.34  75.94  70.74   1626   29.756     8    6.392   36.147
         4177.7  26.47   0.00  22.05  78.26  70.74   1634   29.920     8    6.392   36.312
         4187.7  29.61   0.00  12.62  79.15  70.74   1642   30.098     8    6.392   36.489
         4197.7   0.00  99.48  38.46  85.00  70.74   1649   30.285     8    6.392   36.677
         4207.7   0.00  76.01   2.24  94.07  70.74   1657   30.522     8    6.392   36.914
         4217.7  45.07   0.00   8.96  56.63  72.26   1664   30.733     9    7.426   38.160
         4227.7   0.00  42.83  96.21  64.28  72.26   1671   30.884     9    7.426   38.310
         4237.7   0.00  44.26  43.15  71.33  72.26   1679   31.058     9    7.426   38.485
         4247.7   0.00  99.47   8.80  78.43  72.26   1687   31.250     9    7.426   38.676
         4257.7  57.63   0.00  56.92  84.46  72.26   1694   31.398     9    7.426   38.824
Timestamp         S0     S1     E      O      P     YGC     YGCT    FGC    FGCT     GCT   
         4267.7  69.65   0.00  26.11  92.81  72.26   1702   31.572     9    7.426   38.998
         4277.7   0.00  62.50  35.76  48.56  74.18   1709   31.841    10    8.458   40.298
         4287.7   0.00  52.10   9.23  57.83  74.18   1717   32.011    10    8.458   40.468
         4297.7  60.39   0.00  96.10  64.30  74.18   1724   32.167    10    8.458   40.624
         4307.7  70.24   0.00  67.29  71.46  74.18   1732   32.385    10    8.458   40.842
         4317.7  79.25   0.00   0.00  79.64  74.18   1740   32.556    10    8.458   41.013
         4327.7   0.00  70.40  72.45  88.69  74.18   1747   32.734    10    8.458   41.192
         4337.7   0.00  99.59  21.29  96.77  74.18   1755   32.910    10    8.458   41.367
         4347.7  30.70   0.00  48.32  54.14  76.24   1762   33.074    11    9.467   42.541
         4357.7  57.62   0.00  53.11  63.52  76.24   1770   33.268    11    9.467   42.735
Timestamp         S0     S1     E      O      P     YGC     YGCT    FGC    FGCT     GCT   
         4367.7  22.69   0.00  29.84  72.82  76.24   1778   33.494    11    9.467   42.961
         4377.7  34.65   0.00   7.11  82.58  76.24   1786   33.694    11    9.467   43.161
         4387.7   0.00  52.42  80.28  88.30  76.24   1793   33.876    11    9.467   43.343
         4397.7   0.00  64.22  69.83  97.40  76.24   1801   34.145    11    9.467   43.612
         4407.7  50.83   0.00  69.49  45.46  78.38   1808   34.325    12   10.436   44.760
         4417.7  59.96   0.00  78.23  56.20  78.38   1816   34.533    12   10.436   44.968
         4427.7  34.27   0.00  38.08  64.71  78.38   1824   34.696    12   10.436   45.131
         4437.7  32.77   0.00  16.58  72.07  78.38   1832   34.851    12   10.436   45.287
         4447.7   0.00  33.84  44.53  73.13  78.38   1839   34.987    12   10.436   45.423
         4457.7  51.82   0.00  96.17  75.13  78.38   1846   35.181    12   10.436   45.617
Timestamp         S0     S1     E      O      P     YGC     YGCT    FGC    FGCT     GCT   
         4467.7  68.98   0.00  31.14  82.07  78.38   1854   35.361    12   10.436   45.797
         4477.7   0.00  59.36  81.11  86.67  78.38   1861   35.564    12   10.436   46.000
         4487.7   0.00  48.43  49.11  91.43  78.38   1869   35.724    12   10.436   46.160
         4497.7  70.23   0.00  13.60  41.81  80.36   1876   35.885    13   11.484   47.369
         4507.7  59.85   0.00  17.67  51.77  80.36   1884   36.097    13   11.484   47.581
         4517.7  32.28   0.00  13.19  60.37  80.36   1892   36.337    13   11.484   47.821
         4527.7   0.00 100.00  99.24  66.98  80.36   1900   36.562    13   11.484   48.046
         4537.7   0.00  41.74  94.53  74.23  80.36   1907   36.761    13   11.484   48.245
         4547.7   0.00 100.00  51.08  79.28  80.36   1915   36.992    13   11.484   48.476
         4557.7   0.00  59.90   9.11  86.29  80.36   1923   37.169    13   11.484   48.653
Timestamp         S0     S1     E      O      P     YGC     YGCT    FGC    FGCT     GCT   
         4567.7  72.91   0.00  53.71  90.90  80.36   1930   37.364    13   11.484   48.848
         4577.7  65.71   0.00   0.66  95.30  80.36   1938   37.505    13   11.484   48.989
         4587.7   0.00  65.91   0.00  99.30  80.36   1945   37.706    14   11.484   49.190
         4597.7   0.00  50.44  88.45  46.44  82.41   1951   37.848    14   12.541   50.389
         4607.7   0.00  46.99  66.31  50.63  82.41   1959   38.014    14   12.541   50.555
         4617.7   0.00  80.62  29.10  55.91  82.41   1967   38.196    14   12.541   50.736
         4627.7  71.88   0.00  78.46  60.27  82.41   1974   38.330    14   12.541   50.870
         4637.7  73.05   0.00  19.52  65.40  82.41   1982   38.489    14   12.541   51.030
         4647.7   0.00  84.90  64.91  69.97  82.41   1989   38.631    14   12.541   51.172
         4657.7   0.00  99.45  18.35  75.72  82.41   1997   38.825    14   12.541   51.365
Timestamp         S0     S1     E      O      P     YGC     YGCT    FGC    FGCT     GCT   
         4667.7  69.01   0.00  75.16  81.13  82.41   2004   38.995    14   12.541   51.536
         4677.7  62.50   0.00  20.22  88.78  82.41   2012   39.212    14   12.541   51.753
         4687.7   0.00  50.53  92.51  93.23  82.41   2019   39.348    14   12.541   51.888
         4697.7   0.00   0.00  61.32  37.11  84.56   2026   39.528    15   13.619   53.146
         4707.7 100.00   0.00  42.29  51.53  84.56   2034   39.757    15   13.619   53.376
         4717.7  20.77   0.00  51.63  61.46  84.59   2042   39.939    15   13.619   53.558
         4727.7  37.09   0.00  37.25  66.84  84.59   2050   40.122    15   13.619   53.741
         4737.7   0.00  67.31  84.95  71.36  84.59   2057   40.259    15   13.619   53.878
         4747.7   0.00  69.85  34.70  76.11  84.59   2065   40.418    15   13.619   54.037
         4757.7  32.78   0.00  96.83  82.02  84.59   2072   40.566    15   13.619   54.185
Timestamp         S0     S1     E      O      P     YGC     YGCT    FGC    FGCT     GCT   
         4767.7  36.14   0.00  78.31  87.00  84.59   2080   40.718    15   13.619   54.337
         4777.7  83.92   0.00  50.34  90.69  84.59   2088   40.896    15   13.619   54.515
         4787.7  57.10   0.00  28.55  97.29  84.59   2096   41.084    15   13.619   54.703
         4797.7   0.00  99.75  16.74  39.17  86.43   2103   41.315    16   14.704   56.018
         4807.7   0.00  99.62   2.74  49.71  86.43   2111   41.542    16   14.704   56.246
         4817.7   0.00 100.00   6.60  58.73  86.43   2119   41.752    16   14.704   56.456
         4827.7   0.00  29.11   5.88  66.36  86.43   2127   41.952    16   14.704   56.656
         4837.7   0.00  55.70   0.58  72.09  86.43   2135   42.133    16   14.704   56.837
         4847.7  60.93   0.00  88.37  76.86  86.43   2142   42.318    16   14.704   57.022
         4857.7  72.35   0.00  46.98  82.08  86.43   2150   42.532    16   14.704   57.236
Timestamp         S0     S1     E      O      P     YGC     YGCT    FGC    FGCT     GCT   
         4867.7   0.00  67.23  84.22  88.39  86.43   2157   42.738    16   14.704   57.442
         4877.7   0.00 100.00  49.85  93.94  86.43   2165   42.924    16   14.704   57.628
         4887.7  80.33   0.00  62.25  37.20  88.31   2172   43.119    17   15.750   58.869
         4897.7  57.79   0.00  39.19  42.04  88.31   2180   43.273    17   15.750   59.023
         4907.7  55.41   0.00  20.65  45.75  88.31   2188   43.446    17   15.750   59.196
         4917.7   0.00 100.00  89.55  50.59  88.31   2195   43.628    17   15.750   59.378
         4927.7   0.00  60.39  55.77  56.55  88.31   2203   43.805    17   15.750   59.555
         4937.7  49.55   0.00   0.00  62.70  88.31   2210   43.970    17   15.750   59.720
         4947.7   0.00  53.04  85.08  69.01  88.31   2217   44.143    17   15.750   59.893
         4957.7   0.00  28.87  50.50  73.59  88.31   2225   44.312    17   15.750   60.062
Timestamp         S0     S1     E      O      P     YGC     YGCT    FGC    FGCT     GCT   
         4967.7   0.00  47.95   5.87  78.56  88.31   2233   44.476    17   15.750   60.226
         4977.8  47.91   0.00  35.79  83.06  88.31   2240   44.623    17   15.750   60.373
         4987.7   0.00  63.76  93.01  88.12  88.31   2247   44.782    17   15.750   60.532
         4997.7   0.00  99.73  59.79  93.61  88.31   2255   44.979    17   15.750   60.729
         5007.8  60.14   0.00  73.90  33.51  89.88   2262   45.181    18   16.843   62.024
         5017.7  67.45   0.00  47.11  39.08  89.88   2270   45.347    18   16.843   62.191
         5027.7   0.00  39.53  96.03  43.35  89.88   2277   45.557    18   16.843   62.401
         5037.7   0.00  75.47  18.23  48.25  89.88   2285   45.727    18   16.843   62.570
         5047.8  33.24   0.00  90.59  53.11  89.88   2292   45.895    18   16.843   62.738
         5057.7  67.99   0.00  34.47  56.99  89.88   2300   46.066    18   16.843   62.909
Timestamp         S0     S1     E      O      P     YGC     YGCT    FGC    FGCT     GCT   
         5067.8  77.69   0.00  29.44  62.56  89.88   2308   46.233    18   16.843   63.076
         5077.7   0.00  56.72  98.94  66.77  89.88   2316   46.401    18   16.843   63.245
         5087.8   0.00  54.39  94.41  72.36  89.88   2323   46.625    18   16.843   63.468
         5097.7   0.00  68.95  38.16  76.80  89.88   2331   46.800    18   16.843   63.644
         5107.8  74.46   0.00 100.00  81.78  89.88   2339   47.002    18   16.843   63.845
         5117.8  62.69   0.00  69.91  86.99  89.88   2346   47.194    18   16.843   64.038
         5127.8  32.65   0.00  42.58  92.65  89.88   2354   47.381    18   16.843   64.224
         5137.8   0.00  57.58  96.66  96.77  89.88   2361   47.521    18   16.843   64.364
         5147.8   0.00  99.74   7.19  36.25  90.84   2369   47.736    19   17.953   65.688
         5157.8  66.21   0.00  75.52  41.99  90.84   2376   47.901    19   17.953   65.854
Timestamp         S0     S1     E      O      P     YGC     YGCT    FGC    FGCT     GCT   
         5167.8  61.88   0.00  64.14  47.79  90.84   2384   48.087    19   17.953   66.040
         5177.8  71.83   0.00  49.72  54.48  90.84   2392   48.373    19   17.953   66.325
         5187.8  48.23   0.00  32.65  61.04  90.84   2400   48.626    19   17.953   66.578
         5197.8   0.00 100.00  88.41  65.06  90.84   2407   48.764    19   17.953   66.717
         5207.8   0.00  46.32  27.12  67.29  90.84   2415   48.905    19   17.953   66.858
         5217.8  82.94   0.00  62.09  69.67  90.84   2422   49.084    19   17.953   67.037
         5227.8  77.78   0.00  27.21  75.52  90.84   2430   49.291    19   17.953   67.244
         5237.8   0.00  50.56  62.21  78.80  90.84   2437   49.419    19   17.953   67.372
         5247.8   0.00 100.00  46.03  83.28  90.84   2445   49.643    19   17.953   67.595
         5257.8   0.00  44.33  16.42  89.36  90.84   2453   49.917    19   17.953   67.870
Timestamp         S0     S1     E      O      P     YGC     YGCT    FGC    FGCT     GCT   
         5267.8  53.68   0.00  60.68  93.47  90.84   2460   50.074    19   17.953   68.027
         5277.8   0.00  41.58  98.48  97.52  90.84   2468   50.261    19   17.953   68.213
         5287.8  34.69   0.00  73.84  32.12  92.08   2474   50.417    20   19.041   69.458
         5297.8   0.00  34.06  99.31  35.40  92.08   2481   50.625    20   19.041   69.666
         5307.8   0.00  34.21  13.04  38.82  92.08   2489   50.786    20   19.041   69.827
         5317.8  77.30   0.00  99.12  42.43  92.08   2497   50.950    20   19.041   69.991
         5327.8  50.73   0.00  86.61  48.16  92.08   2504   51.127    20   19.041   70.168
         5337.8  60.85   0.00  30.11  53.23  92.08   2512   51.316    20   19.041   70.357
         5347.8   0.00  47.64  80.09  57.53  92.08   2519   51.481    20   19.041   70.522
         5357.9   0.00  26.07  55.55  62.68  92.08   2527   51.665    20   19.041   70.706
Timestamp         S0     S1     E      O      P     YGC     YGCT    FGC    FGCT     GCT   
         5367.9  68.72   0.00  88.12  65.31  92.08   2534   51.815    20   19.041   70.856
         5377.9  46.75   0.00  28.81  69.18  92.08   2542   52.052    20   19.041   71.093
         5387.9   0.00  67.11  64.25  72.17  92.08   2549   52.202    20   19.041   71.243
         5397.9   0.00  53.71  33.77  81.57  92.08   2557   52.420    20   19.041   71.460
         5407.9   0.00  31.06  42.78  88.10  92.08   2565   52.620    20   19.041   71.661
         5417.9   0.00  65.29  38.42  94.18  92.08   2573   52.811    20   19.041   71.852
         5427.9   0.00   0.00  15.11  29.42  93.41   2580   52.984    21   20.135   73.119
         5437.9  59.79   0.00   1.28  33.88  93.41   2588   53.163    21   20.135   73.298
         5447.9   0.00  44.10  69.66  36.99  93.41   2595   53.348    21   20.135   73.483
         5457.9   0.00  62.88  25.17  40.58  93.41   2603   53.525    21   20.135   73.659
Timestamp         S0     S1     E      O      P     YGC     YGCT    FGC    FGCT     GCT   
         5467.9  36.19   0.00  83.13  44.50  93.41   2610   53.701    21   20.135   73.836
         5477.9  46.35   0.00  40.46  48.88  93.41   2618   53.917    21   20.135   74.052
         5487.9   0.00  99.32  90.72  51.72  93.41   2625   54.063    21   20.135   74.197
         5497.9   0.00 100.00  75.66  56.37  93.41   2633   54.261    21   20.135   74.396
         5507.9   0.00  63.10  45.72  60.68  93.41   2641   54.427    21   20.135   74.562
         5517.9  70.86   0.00  91.54  63.84  93.41   2648   54.605    21   20.135   74.740
         5527.9  63.14   0.00  10.06  68.71  93.41   2656   54.796    21   20.135   74.931
         5537.9   0.00  65.29  44.38  72.06  93.41   2663   54.936    21   20.135   75.071
         5547.9   0.00  42.54  14.77  80.85  93.41   2671   55.167    21   20.135   75.302
         5557.9  40.33   0.00  73.79  84.74  93.41   2678   55.368    21   20.135   75.503
Timestamp         S0     S1     E      O      P     YGC     YGCT    FGC    FGCT     GCT   
         5567.9  39.58   0.00  36.33  88.80  93.41   2686   55.559    21   20.135   75.693
         5577.9   0.00  41.53  75.89  91.05  93.41   2693   55.690    21   20.135   75.824
         5587.9   0.00  99.66  66.20  96.46  93.41   2701   55.886    21   20.135   76.020
         5597.9  72.42   0.00  58.56  31.02  94.33   2708   56.101    22   21.291   77.392
         5607.9  46.24   0.00  68.92  36.71  94.33   2716   56.307    22   21.291   77.598
         5617.9  48.42   0.00   2.00  39.89  94.33   2724   56.461    22   21.291   77.752
         5627.9   0.00  60.87  35.45  42.78  94.33   2731   56.610    22   21.291   77.901
         5637.9   0.00  45.58   2.51  49.24  94.33   2739   56.862    22   21.291   78.153
         5647.9  30.87   0.00  83.64  52.62  94.33   2746   57.007    22   21.291   78.298
         5657.9  31.84   0.00  29.40  55.18  94.33   2754   57.157    22   21.291   78.448
Timestamp         S0     S1     E      O      P     YGC     YGCT    FGC    FGCT     GCT   
         5667.9  53.27   0.00   1.73  58.98  94.33   2762   57.330    22   21.291   78.622
         5677.9   0.00  99.64  54.12  62.82  94.33   2769   57.509    22   21.291   78.800
         5687.9   0.00  47.25  25.79  67.26  94.33   2777   57.683    22   21.291   78.975
         5697.9  50.24   0.00  71.11  70.87  94.33   2784   57.844    22   21.291   79.135
         5707.9  62.79   0.00  30.16  74.94  94.33   2792   58.015    22   21.291   79.306
         5717.9   0.00  60.31  80.14  77.89  94.33   2799   58.163    22   21.291   79.455
         5727.9   0.00 100.00  61.06  85.94  94.33   2807   58.374    22   21.291   79.665
         5737.9   0.00  42.21  23.32  89.72  94.33   2815   58.569    22   21.291   79.860
         5747.9  62.29   0.00  78.52  92.22  94.33   2822   58.725    22   21.291   80.016
         5757.9   0.00  99.82  38.44  28.50  95.39   2829   58.933    23   22.608   81.540
Timestamp         S0     S1     E      O      P     YGC     YGCT    FGC    FGCT     GCT   
         5767.9   0.00  43.70  59.81  35.80  95.39   2837   59.149    23   22.608   81.757
         5777.9   0.00  26.14  63.96  41.61  95.39   2845   59.387    23   22.608   81.995
         5787.9   0.00  37.45  19.61  44.91  95.39   2853   59.544    23   22.608   82.151
         5797.9  56.93   0.00  86.46  47.42  95.39   2860   59.681    23   22.608   82.289
         5807.9  40.30   0.00  61.96  52.36  95.39   2868   60.054    23   22.608   82.662
         5818.0  83.48   0.00  55.76  58.30  95.39   2876   60.304    23   22.608   82.911
         5827.9  52.42   0.00  45.13  63.83  95.39   2884   60.506    23   22.608   83.113
         5837.9  75.75   0.00  11.40  69.13  95.39   2892   60.723    23   22.608   83.331
         5848.0   0.00 100.00  73.26  72.36  95.39   2899   60.851    23   22.608   83.459
         5857.9   0.00  43.35  45.38  76.45  95.39   2907   61.024    23   22.608   83.631
Timestamp         S0     S1     E      O      P     YGC     YGCT    FGC    FGCT     GCT   
         5867.9   0.00  38.25   4.90  79.82  95.39   2915   61.196    23   22.608   83.803
         5877.9  75.93   0.00  60.13  84.95  95.39   2922   61.423    23   22.608   84.030
         5887.9  48.15   0.00  15.58  88.26  95.39   2930   61.598    23   22.608   84.206
         5897.9  45.34   0.00   0.15  92.05  95.39   2938   61.788    23   22.608   84.395
         5907.9  43.31   0.00  98.07  93.40  95.39   2944   61.902    23   22.608   84.510
         5918.0  59.44   0.00  42.07  96.06  95.39   2952   62.079    23   22.608   84.686
         5928.0   0.00  24.40  24.12  25.94  95.90   2959   62.309    24   23.840   86.149
         5938.0  38.91   0.00  97.68  29.19  95.90   2966   62.440    24   23.840   86.279
         5948.0  44.61   0.00  90.65  33.08  95.90   2974   62.615    24   23.840   86.454
         5957.9  33.43   0.00   7.62  36.55  95.90   2982   62.785    24   23.840   86.625
Timestamp         S0     S1     E      O      P     YGC     YGCT    FGC    FGCT     GCT   
         5967.9   0.00  76.76  82.66  39.56  95.90   2989   62.952    24   23.840   86.792
         5978.0   0.00  99.65  61.04  42.69  95.90   2997   63.122    24   23.840   86.962
         5987.9   0.00  49.40  25.54  46.90  95.90   3005   63.299    24   23.840   87.139
         5997.9   0.00  64.94  13.46  53.97  95.90   3013   63.497    24   23.840   87.337
         6008.0   0.00  37.03  10.03  58.00  95.90   3021   63.653    24   23.840   87.493
         6018.0  36.76   0.00  91.31  60.93  95.90   3028   63.825    24   23.840   87.664
         6027.9  45.10   0.00  81.72  65.79  95.90   3036   64.025    24   23.840   87.864
         6037.9  52.11   0.00  59.88  68.84  95.90   3044   64.195    24   23.840   88.035
         6047.9  38.15   0.00  24.94  72.48  95.90   3052   64.347    24   23.840   88.186
         6057.9   0.00  99.63  82.29  75.70  95.90   3059   64.493    24   23.840   88.332
Timestamp         S0     S1     E      O      P     YGC     YGCT    FGC    FGCT     GCT   
         6068.0   0.00  35.89  79.28  80.07  95.90   3067   64.666    24   23.840   88.506
         6078.0   0.00  99.67  80.90  84.19  95.90   3075   64.869    24   23.840   88.708
         6087.9   0.00  38.07  56.79  88.90  95.90   3083   65.036    24   23.840   88.875
         6098.0   0.00  29.47   2.38  91.94  95.90   3091   65.278    24   23.840   89.118
         6108.0  33.16   0.00  81.96  94.78  95.90   3098   65.452    24   23.840   89.291
         6118.0  55.11   0.00   0.00  99.42  95.90   3106   65.653    25   23.840   89.492
         6128.0   0.00  39.66  31.88  30.00  96.47   3113   65.807    25   25.033   90.841
         6137.9  56.14   0.00  46.56  32.29  96.47   3120   66.247    25   25.033   91.280
         6148.0  48.00   0.00  51.37  36.04  96.47   3128   66.449    25   25.033   91.482
         6158.0   0.00  40.55  77.33  38.23  96.47   3135   66.589    25   25.033   91.622
Timestamp         S0     S1     E      O      P     YGC     YGCT    FGC    FGCT     GCT   
         6168.0   0.00  56.75  56.80  41.20  96.47   3143   66.810    25   25.033   91.843
         6178.0   0.00 100.00   4.08  44.01  96.47   3151   66.962    25   25.033   91.996
         6188.0  36.77   0.00  69.67  46.68  96.47   3158   67.101    25   25.033   92.134
         6198.0  81.85   0.00  37.33  49.15  96.47   3166   67.280    25   25.033   92.313
         6208.0   0.00  62.73  91.31  52.09  96.47   3173   67.443    25   25.033   92.476
         6217.9   0.00  66.01   0.00  54.99  96.47   3181   67.601    25   25.033   92.634
         6228.0  84.12   0.00  77.96  58.00  96.47   3188   67.756    25   25.033   92.790
         6237.9  57.67   0.00   7.93  60.63  96.47   3196   67.915    25   25.033   92.949
         6248.0   0.00  35.21  84.77  62.92  96.47   3203   68.057    25   25.033   93.091
         6258.0   0.00  31.06   7.92  68.98  96.47   3211   68.238    25   25.033   93.271
Timestamp         S0     S1     E      O      P     YGC     YGCT    FGC    FGCT     GCT   
         6268.0  44.04   0.00  98.46  71.77  96.47   3218   68.397    25   25.033   93.431
         6278.0  33.11   0.00  76.10  75.50  96.47   3226   68.600    25   25.033   93.634
         6288.0  59.94   0.00  28.14  78.10  96.47   3234   68.738    25   25.033   93.771
         6298.0   0.00  59.69  73.39  80.85  96.47   3241   68.903    25   25.033   93.936
         6308.0   0.00  74.52  19.48  83.50  96.47   3249   69.090    25   25.033   94.124
         6318.0  76.88   0.00  66.37  86.75  96.47   3256   69.237    25   25.033   94.270
         6328.0  62.59   0.00  36.40  89.82  96.47   3264   69.410    25   25.033   94.444
         6338.0   0.00  34.87  96.84  94.98  96.47   3271   69.584    25   25.033   94.617
         6348.0   0.00  36.08  78.09  97.50  96.47   3279   69.749    25   25.033   94.783
         6358.0   0.00   0.00   7.29  26.29  96.99   3286   69.916    26   26.272   96.188
Timestamp         S0     S1     E      O      P     YGC     YGCT    FGC    FGCT     GCT   
         6368.0   0.00  29.17  90.94  29.14  96.99   3293   70.066    26   26.272   96.339
         6378.0   0.00  45.69  71.96  32.95  96.99   3301   70.275    26   26.272   96.547
         6388.0   0.00  32.07  31.39  36.08  96.99   3309   70.451    26   26.272   96.723
         6398.0  76.00   0.00  75.68  38.49  96.99   3316   70.626    26   26.272   96.899
         6408.0  86.36   0.00  38.89  41.93  96.99   3324   70.795    26   26.272   97.067
         6418.0   0.00  81.48  85.87  44.53  96.99   3331   71.029    26   26.272   97.301
         6428.0   0.00  52.56  38.88  47.79  96.99   3339   71.185    26   26.272   97.457
         6438.0  96.53  80.69 100.00  50.62  96.99   3347   71.354    26   26.272   97.626
         6448.0   0.00  20.11  17.49  60.88  96.99   3355   71.566    26   26.272   97.839
         6458.0  26.16   0.00  87.49  64.70  96.99   3362   71.728    26   26.272   98.001
Timestamp         S0     S1     E      O      P     YGC     YGCT    FGC    FGCT     GCT   
         6468.0  51.12   0.00  57.60  67.18  96.99   3370   71.878    26   26.272   98.150
         6478.0   0.00  71.98  93.20  69.75  96.99   3377   72.041    26   26.272   98.314
         6488.0   0.00  66.24  91.40  75.73  96.99   3385   72.270    26   26.272   98.542
         6498.0   0.00  78.33  84.10  82.15  96.99   3393   72.494    26   26.272   98.766
         6508.0   0.00  48.35  81.54  86.88  96.99   3401   72.682    26   26.272   98.955
         6518.0   0.00  71.05  91.32  92.71  96.99   3409   72.907    26   26.272   99.180
         6528.0   0.00  68.08  95.07  97.80  96.99   3417   73.121    26   26.272   99.394
         6538.0  35.87   0.00  39.32  27.06  97.45   3424   73.270    27   27.412  100.682
         6548.0   0.00  55.50  90.51  29.48  97.45   3431   73.410    27   27.412  100.822
         6558.0   0.00  53.11  93.56  33.67  97.45   3439   73.576    27   27.412  100.988
Timestamp         S0     S1     E      O      P     YGC     YGCT    FGC    FGCT     GCT   
         6568.0   0.00 100.00  80.14  38.45  97.45   3447   73.769    27   27.412  101.181
         6578.0   0.00  51.61  31.63  41.24  97.45   3455   74.001    27   27.412  101.413
         6588.0  58.33   0.00  72.90  43.59  97.45   3462   74.186    27   27.412  101.598
         6598.0   0.00  99.66  94.64  45.63  97.45   3469   74.363    27   27.412  101.775
         6608.0   0.00  48.26  68.63  52.20  97.45   3477   74.582    27   27.412  101.994
         6618.0   0.00  65.70  17.41  55.84  97.45   3485   74.804    27   27.412  102.216
         6628.0  58.97   0.00  80.94  58.53  97.45   3492   74.944    27   27.412  102.356
         6638.0  75.75   0.00  16.15  60.67  97.45   3500   75.114    27   27.412  102.526
         6648.0   0.00  99.40  80.51  63.28  97.45   3507   75.308    27   27.412  102.720
         6658.0 100.00   0.00  94.85  64.91  97.45   3514   75.457    27   27.412  102.869
Timestamp         S0     S1     E      O      P     YGC     YGCT    FGC    FGCT     GCT   
         6668.1  76.78   0.00  33.72  67.72  97.45   3522   75.627    27   27.412  103.039
         6678.0   0.00  58.05  47.08  70.09  97.45   3529   75.835    27   27.412  103.247
         6688.0   0.00  73.68   0.00  72.20  97.45   3537   75.997    27   27.412  103.409
         6698.1  80.98   0.00  79.97  74.76  97.45   3544   76.134    27   27.412  103.546
         6708.1  73.60   0.00  60.31  80.52  97.45   3552   76.365    27   27.412  103.777
         6718.1  41.71   0.00  15.50  83.15  97.45   3560   76.558    27   27.412  103.970
         6728.1   0.00  49.74  60.94  85.87  97.45   3567   76.705    27   27.412  104.117
         6738.1  90.35   0.00  87.08  88.05  97.45   3574   76.847    27   27.412  104.259
         6748.1  69.42   0.00  61.67  92.39  97.45   3582   77.096    27   27.412  104.508
         6758.1  63.96   0.00  57.47  98.10  97.45   3590   77.342    27   27.412  104.754
Timestamp         S0     S1     E      O      P     YGC     YGCT    FGC    FGCT     GCT   
         6768.0   0.00  32.42  39.76  22.69  97.57   3597   77.495    28   28.695  106.190
         6778.1  66.42   0.00  60.90  24.80  97.57   3604   77.624    28   28.695  106.319
         6788.1  37.08   0.00  26.20  27.87  97.57   3612   77.795    28   28.695  106.490
         6798.1   0.00  41.26  53.29  29.84  97.57   3619   77.936    28   28.695  106.631
         6808.1   0.00  57.98  19.02  33.08  97.57   3627   78.164    28   28.695  106.859
         6818.0   0.00  52.35  13.39  39.17  97.57   3635   78.373    28   28.695  107.068
         6828.1  27.70   0.00  97.32  42.37  97.57   3642   78.529    28   28.695  107.224
         6838.0  99.23   0.00  45.34  44.26  97.57   3650   78.698    28   28.695  107.393
         6848.1  42.36   0.00  20.56  48.86  97.57   3658   78.879    28   28.695  107.574
         6858.1   0.00  44.16  90.99  51.45  97.57   3665   79.021    28   28.695  107.716
Timestamp         S0     S1     E      O      P     YGC     YGCT    FGC    FGCT     GCT   
         6868.1   0.00  99.50  57.90  54.44  97.57   3673   79.172    28   28.695  107.867
         6878.1   0.00  70.06  40.86  57.73  97.57   3681   79.343    28   28.695  108.038
         6888.0   0.00 100.00  31.99  65.39  97.57   3689   79.563    28   28.695  108.258
         6898.1   0.00  64.96  28.40  68.46  97.57   3697   79.785    28   28.695  108.480
         6908.1  43.17   0.00  86.40  70.75  97.57   3704   79.926    28   28.695  108.621
         6918.1  49.74   0.00  55.47  73.80  97.57   3712   80.096    28   28.695  108.791
         6928.1  59.41   0.00  61.86  81.19  97.57   3720   80.315    28   28.695  109.010
         6938.1  66.47   0.00  76.99  85.85  97.57   3728   80.513    28   28.695  109.208
         6948.1  91.26   0.00  43.75  88.97  97.57   3736   80.764    28   28.695  109.459
         6958.1  78.35   0.00   0.00  93.28  97.57   3744   80.964    28   28.695  109.659
Timestamp         S0     S1     E      O      P     YGC     YGCT    FGC    FGCT     GCT   
         6968.1   0.00 100.00  96.26  96.33  97.57   3751   81.117    28   28.695  109.812
         6978.1   0.00  99.71   0.00  99.67  97.57   3759   81.316    29   28.695  110.011
         6988.1  28.06   0.00  37.72  27.55  98.16   3766   81.523    29   29.934  111.457
         6998.1   0.00  66.50  90.73  29.17  98.16   3773   81.658    29   29.934  111.592
         7008.1   0.00  64.12  68.24  31.84  98.16   3781   81.891    29   29.934  111.826
         7018.1   0.00  73.19  43.65  35.20  98.16   3789   82.084    29   29.934  112.019
         7028.1  42.54   0.00  86.29  37.51  98.16   3796   82.230    29   29.934  112.165
         7038.1   0.00  48.68  95.01  39.40  98.16   3803   82.377    29   29.934  112.312
         7048.1   0.00  56.85  59.34  41.78  98.16   3811   82.556    29   29.934  112.490
         7058.1   0.00  99.51  36.09  44.94  98.16   3819   82.771    29   29.934  112.705
Timestamp         S0     S1     E      O      P     YGC     YGCT    FGC    FGCT     GCT   
         7068.1   0.00  57.46   4.93  48.07  98.16   3827   82.961    29   29.934  112.895
         7078.1 100.00   0.00  54.56  52.76  98.16   3834   83.138    29   29.934  113.072
         7088.1  69.52   0.00  63.94  56.97  98.16   3842   83.346    29   29.934  113.280
         7098.1  60.42   0.00  45.10  60.67  98.16   3850   83.537    29   29.934  113.471
         7108.1  58.36   0.00  48.73  65.83  98.16   3858   83.774    29   29.934  113.708
         7118.1   0.00  48.54  91.03  68.50  98.16   3865   83.961    29   29.934  113.895
         7128.1   0.00  35.47  52.05  71.08  98.16   3873   84.125    29   29.934  114.059
         7138.1  52.08   0.00  98.56  73.58  98.16   3881   84.277    29   29.934  114.211
         7148.2  43.14   0.00  76.85  76.71  98.16   3888   84.515    29   29.934  114.450
         7158.1  52.24   0.00  73.63  81.47  98.16   3896   84.723    29   29.934  114.658
Timestamp         S0     S1     E      O      P     YGC     YGCT    FGC    FGCT     GCT   
         7168.1  69.48   0.00  61.42  84.23  98.16   3904   84.945    29   29.934  114.879
         7178.2   0.00  22.92  92.44  86.76  98.16   3911   85.082    29   29.934  115.017
         7188.2   0.00  99.32  34.72  88.81  98.16   3919   85.259    29   29.934  115.194
         7198.1  41.71   0.00  62.99  91.53  98.16   3926   85.438    29   29.934  115.372
         7208.1  66.76   0.00  18.90  93.77  98.16   3934   85.630    29   29.934  115.565
         7218.2   0.00 100.00  90.60  96.55  98.16   3941   85.784    29   29.934  115.718
         7228.1   0.00  99.70  54.38  98.98  98.16   3949   86.006    29   29.934  115.940
         7238.1  50.00   0.00  29.64  25.96  98.64   3956   86.185    30   31.147  117.333
         7248.1   0.00  53.98  86.97  27.97  98.64   3963   86.343    30   31.147  117.490
         7258.1   0.00  38.51   5.13  30.05  98.64   3971   86.465    30   31.147  117.613
Timestamp         S0     S1     E      O      P     YGC     YGCT    FGC    FGCT     GCT   
         7268.1  95.83   0.00  50.65  32.46  98.64   3978   86.606    30   31.147  117.754
         7278.1   0.00  69.27  85.20  34.92  98.64   3985   86.774    30   31.147  117.921
         7288.1   0.00  55.03  13.27  36.70  98.64   3993   86.936    30   31.147  118.084
         7298.1   0.00  50.91   0.00  44.20  98.64   4001   87.179    30   31.147  118.327
         7308.1   0.00  24.68   0.00  47.82  98.64   4009   87.351    30   31.147  118.498
         7318.1  63.37   0.00  41.62  50.22  98.64   4016   87.510    30   31.147  118.657
         7328.2  37.72   0.00  38.73  54.01  98.64   4024   87.733    30   31.147  118.880
         7338.1   0.00  62.56  70.99  55.80  98.64   4031   87.863    30   31.147  119.011
         7348.2   0.00  59.47  55.13  58.87  98.64   4039   88.043    30   31.147  119.191
         7358.1  37.43   0.00  94.58  61.07  98.64   4046   88.223    30   31.147  119.370
Timestamp         S0     S1     E      O      P     YGC     YGCT    FGC    FGCT     GCT   
         7368.2  58.19   0.00  61.98  63.88  98.64   4054   88.404    30   31.147  119.552
         7378.2   0.00 100.00  98.74  65.90  98.64   4062   88.585    30   31.147  119.732
         7388.1   0.00 100.00  77.39  70.09  98.64   4069   88.767    30   31.147  119.915
         7398.1   0.00  89.89  45.88  73.01  98.64   4077   88.961    30   31.147  120.108
         7408.1  54.14   0.00  91.40  75.65  98.64   4084   89.131    30   31.147  120.278
         7418.2  44.72   0.00  63.93  80.24  98.64   4092   89.388    30   31.147  120.535
         7428.1  32.13   0.00  61.26  83.96  98.64   4100   89.601    30   31.147  120.748
         7438.2  54.36   0.00  29.97  87.93  98.64   4108   89.857    30   31.147  121.005
         7448.2   0.00  29.95  98.20  90.77  98.64   4115   90.024    30   31.147  121.172
         7458.2   0.00  99.57  70.82  94.00  98.64   4123   90.202    30   31.147  121.350
Timestamp         S0     S1     E      O      P     YGC     YGCT    FGC    FGCT     GCT   
         7468.1   0.00 100.00  38.62  97.54  98.64   4131   90.402    30   31.147  121.550
         7478.2  78.70   0.00  18.77  25.47  98.64   4138   90.601    31   32.451  123.053
         7488.2  72.26   0.00  30.10  31.86  98.64   4146   90.831    31   32.451  123.282
         7498.2  27.53   0.00   0.81  35.87  98.64   4154   91.016    31   32.451  123.467
         7508.2   0.00  43.31  67.26  37.63  98.64   4161   91.164    31   32.451  123.615
         7518.2   0.00  54.69  41.95  40.55  98.64   4169   91.354    31   32.451  123.806
         7528.1   0.00  34.62  14.18  44.32  98.64   4177   91.553    31   32.451  124.004
         7538.2  55.26   0.00  93.18  46.81  98.64   4184   91.694    31   32.451  124.145
         7548.1  83.24   0.00  53.02  49.41  98.64   4192   91.871    31   32.451  124.322
         7558.2   0.00  42.24  97.60  51.61  98.64   4200   92.027    31   32.451  124.479
Timestamp         S0     S1     E      O      P     YGC     YGCT    FGC    FGCT     GCT   
         7568.2   0.00  42.89  40.15  54.56  98.64   4207   92.235    31   32.451  124.686
         7578.2   0.00  99.75  27.91  59.66  98.64   4215   92.455    31   32.451  124.906
         7588.2  21.80   0.00  84.73  62.56  98.64   4222   92.642    31   32.451  125.093
         7598.2   0.00  34.84  92.55  64.40  98.64   4229   92.775    31   32.451  125.227
         7608.2   0.00  36.34  71.27  68.41  98.64   4237   92.991    31   32.451  125.443
         7618.2   0.00  56.39  10.51  71.48  98.64   4245   93.180    31   32.451  125.632
         7628.2  65.98   0.00  99.76  73.99  98.64   4253   93.361    31   32.451  125.812
         7638.2  73.54   0.00  75.55  77.41  98.64   4260   93.577    31   32.451  126.028
         7648.2  55.48   0.00  43.17  81.37  98.64   4268   93.775    31   32.451  126.226
         7658.2   0.00 100.00  88.55  84.16  98.64   4275   93.947    31   32.451  126.398
Timestamp         S0     S1     E      O      P     YGC     YGCT    FGC    FGCT     GCT   
         7668.2   0.00  40.55  86.53  90.02  98.64   4283   94.167    31   32.451  126.618
         7678.2   0.00  51.92  78.59  94.78  98.64   4291   94.432    31   32.451  126.883
         7688.2   0.00  76.56   0.00  99.36  98.64   4299   94.653    32   32.451  127.104
         7698.2  22.84   0.00  69.27  24.05  98.82   4306   94.882    32   33.804  128.686
         7708.2  71.86   0.00  56.92  26.39  98.82   4314   95.045    32   33.804  128.848
         7718.2  40.00   0.00  49.04  30.20  98.82   4322   95.237    32   33.804  129.041
         7728.2  42.99   0.00  24.32  33.28  98.82   4330   95.389    32   33.804  129.193
         7738.2   0.00  47.34  41.39  35.17  98.82   4337   95.517    32   33.804  129.321
         7748.2  43.37   0.00  86.67  36.99  98.82   4344   95.653    32   33.804  129.457
         7758.2  25.37   0.00  55.18  42.47  98.82   4352   95.867    32   33.804  129.671
Timestamp         S0     S1     E      O      P     YGC     YGCT    FGC    FGCT     GCT   
         7768.3  31.25   0.00  22.59  44.34  98.82   4360   96.008    32   33.804  129.812
         7778.3  44.17   0.00   4.71  46.91  98.82   4368   96.189    32   33.804  129.993
         7788.2   0.00 100.00  75.64  49.60  98.82   4375   96.330    32   33.804  130.134
         7798.2   0.00  63.44   7.89  51.71  98.82   4383   96.490    32   33.804  130.294
         7808.3  33.41   0.00  60.42  54.58  98.82   4390   96.632    32   33.804  130.436
         7818.2  55.06   0.00  26.71  56.73  98.82   4398   96.836    32   33.804  130.640
         7828.2  68.75   0.00   0.48  58.99  98.82   4406   97.007    32   33.804  130.811
         7838.3   0.00  56.69  41.90  60.74  98.82   4413   97.126    32   33.804  130.930
         7848.2   0.00  32.49  27.07  66.71  98.82   4421   97.345    32   33.804  131.149
         7858.3   0.00  50.17   2.52  69.90  98.82   4429   97.506    32   33.804  131.310
Timestamp         S0     S1     E      O      P     YGC     YGCT    FGC    FGCT     GCT   
         7868.3  50.00   0.00  93.30  73.14  98.82   4436   97.670    32   33.804  131.474
         7878.2  37.12   0.00  32.22  75.47  98.82   4444   97.843    32   33.804  131.647
         7888.2   0.00  68.16  89.90  77.17  98.82   4451   97.990    32   33.804  131.794
         7898.3   0.00  52.54  55.72  79.94  98.82   4459   98.156    32   33.804  131.960
         7908.3   0.00  38.95  13.21  82.79  98.82   4467   98.347    32   33.804  132.151
         7918.3  53.95   0.00  46.23  84.87  98.82   4474   98.519    32   33.804  132.323
         7928.3   0.00  85.37  94.90  86.69  98.82   4481   98.671    32   33.804  132.475
         7938.3   0.00  34.52  48.87  91.76  98.82   4489   98.873    32   33.804  132.677
         7948.2   0.00  35.26  31.58  94.38  98.82   4497   99.152    32   33.804  132.956
         7958.2   0.00  28.99   3.97  97.58  98.82   4505   99.319    32   33.804  133.123
Timestamp         S0     S1     E      O      P     YGC     YGCT    FGC    FGCT     GCT   
         7968.3  59.60   0.00   0.00  99.41  98.82   4512   99.454    33   33.804  133.258
         7978.3   0.00 100.00  22.19  24.59  99.00   4519   99.620    33   35.100  134.720
         7988.2  68.48   0.00  91.01  26.54  99.00   4526   99.746    33   35.100  134.846
         7998.3  43.94   0.00  24.96  29.18  99.00   4534   99.968    33   35.100  135.068
         8008.3   0.00  56.08  62.58  30.93  99.00   4541  100.120    33   35.100  135.220
         8018.2   0.00  23.13  41.90  35.83  99.00   4549  100.384    33   35.100  135.483
         8028.3   0.00  45.00  40.08  38.86  99.00   4557  100.561    33   35.100  135.661
         8038.4   0.00  68.42  23.62  42.34  99.00   4565  100.738    33   35.100  135.837
         8048.4   0.00 100.00  21.53  47.97  99.00   4573  100.967    33   35.100  136.067
         8058.4   0.00  39.30   7.52  50.84  99.00   4581  101.187    33   35.100  136.287
Timestamp         S0     S1     E      O      P     YGC     YGCT    FGC    FGCT     GCT   
         8068.4  38.69   0.00  67.89  52.91  99.00   4588  101.324    33   35.100  136.424
         8078.4  69.57   0.00  47.99  55.34  99.00   4596  101.500    33   35.100  136.600
         8088.4  71.47   0.00   7.43  57.80  99.00   4604  101.678    33   35.100  136.778
         8098.4   0.00  48.34  71.39  60.29  99.00   4611  101.833    33   35.100  136.933
         8108.4   0.00  36.75  48.25  66.30  99.00   4619  102.102    33   35.100  137.202
         8118.4   0.00  36.97  18.56  68.07  99.00   4627  102.347    33   35.100  137.447
         8128.4  48.82   0.00  87.81  69.73  99.00   4634  102.493    33   35.100  137.593
         8138.5  66.08   0.00  75.94  72.45  99.00   4642  102.656    33   35.100  137.756
         8148.4  32.26   0.00  49.33  75.30  99.00   4650  102.841    33   35.100  137.941
         8158.4   0.00  63.50  90.80  77.73  99.00   4657  103.007    33   35.100  138.107
Timestamp         S0     S1     E      O      P     YGC     YGCT    FGC    FGCT     GCT   
         8168.4   0.00  44.66  53.77  80.56  99.00   4665  103.203    33   35.100  138.303
         8178.4   0.00  68.82  10.97  82.69  99.00   4673  103.395    33   35.100  138.494
         8188.4  59.65   0.00  89.92  85.23  99.00   4680  103.546    33   35.100  138.646
         8198.4  60.42   0.00  55.05  87.50  99.00   4688  103.749    33   35.100  138.849
         8208.4  62.38   0.00  42.15  90.82  99.01   4696  103.981    33   35.100  139.081
         8218.4   0.00  51.30  90.62  92.84  99.01   4703  104.139    33   35.100  139.239
         8228.5  43.53  50.00 100.00  94.19  99.01   4711  104.260    33   35.100  139.360
         8238.4  98.38   0.00  21.07  95.88  99.01   4718  104.424    33   35.100  139.524
         8248.4   0.00   0.00  92.24  21.97  99.13   4724  104.674    34   36.425  141.099
         8258.4   0.00  35.29  22.36  29.50  99.15   4733  104.952    34   36.425  141.377
Timestamp         S0     S1     E      O      P     YGC     YGCT    FGC    FGCT     GCT   
         8268.4   0.00  62.54  39.65  32.49  99.15   4741  105.139    34   36.425  141.564
         8278.5  54.64   0.00  90.73  35.43  99.15   4748  105.319    34   36.425  141.744
         8288.5  37.22   0.00  19.83  37.54  99.15   4756  105.457    34   36.425  141.882
         8298.5   0.00  50.83  69.85  39.38  99.15   4763  105.597    34   36.425  142.022
         8308.4   0.00  40.11   0.00  41.94  99.15   4771  105.767    34   36.425  142.192
         8318.4 100.00   0.00  62.72  45.82  99.15   4778  105.933    34   36.425  142.358
         8328.4  55.42   0.00  78.40  50.04  99.15   4786  106.148    34   36.425  142.573
         8338.5  46.83   0.00  32.02  52.60  99.15   4794  106.315    34   36.425  142.740
         8348.4   0.00  25.51  45.89  54.26  99.15   4801  106.437    34   36.425  142.862
         8358.4  60.34   0.00  88.54  56.26  99.15   4808  106.583    34   36.425  143.007
Timestamp         S0     S1     E      O      P     YGC     YGCT    FGC    FGCT     GCT   
         8368.4  53.06   0.00  37.82  59.03  99.15   4816  106.762    34   36.425  143.187
         8378.4  53.78   0.00   6.77  61.73  99.15   4824  106.967    34   36.425  143.392
         8388.5   0.00  41.33  42.72  63.64  99.15   4831  107.092    34   36.425  143.517
         8398.4  47.24   0.00  90.80  65.47  99.15   4838  107.304    34   36.425  143.729
         8408.4  78.90   0.00  26.82  67.60  99.15   4846  107.482    34   36.425  143.907
         8418.4   0.00  63.04  87.31  69.69  99.15   4853  107.670    34   36.425  144.095
         8428.4   0.00  63.13  78.27  71.88  99.15   4861  107.829    34   36.425  144.253
         8438.4   0.00  59.36  49.80  74.37  99.15   4869  108.026    34   36.425  144.451
         8448.5   0.00  29.18  38.55  79.55  99.15   4877  108.231    34   36.425  144.655
         8458.5   0.00  33.01  29.62  82.22  99.15   4885  108.439    34   36.425  144.864
Timestamp         S0     S1     E      O      P     YGC     YGCT    FGC    FGCT     GCT   
         8468.5   0.00  32.70   3.27  85.07  99.15   4893  108.632    34   36.425  145.056
         8478.4  92.86   0.00  91.90  87.18  99.15   4900  108.781    34   36.425  145.206
         8488.5  73.11   0.00  59.98  89.87  99.15   4908  109.087    34   36.425  145.512
         8498.5  30.73   0.00  35.55  92.33  99.15   4916  109.243    34   36.425  145.667
         8508.5  39.67   0.00  10.64  94.67  99.15   4924  109.417    34   36.425  145.842
         8518.5   0.00  51.29  46.22  96.65  99.15   4931  109.621    34   36.425  146.046
         8528.5   0.00  55.71  13.16  98.79  99.15   4939  109.890    34   36.425  146.315
         8538.4   0.00  79.89  79.76  22.28  99.21   4945  110.042    35   37.692  147.734
         8548.5   0.00  99.69  72.50  25.72  99.21   4953  110.282    35   37.692  147.974
         8558.4   0.00  51.71  64.82  28.55  99.21   4961  110.453    35   37.692  148.145
Timestamp         S0     S1     E      O      P     YGC     YGCT    FGC    FGCT     GCT   
         8568.4   0.00  66.44  71.99  31.37  99.21   4969  110.630    35   37.692  148.322
         8578.5   0.00  80.87  39.05  34.42  99.21   4977  110.802    35   37.692  148.495
         8588.5   0.00  99.19   7.12  37.46  99.21   4985  110.977    35   37.692  148.669
         8598.4  35.00   0.00  81.19  39.30  99.21   4992  111.134    35   37.692  148.826
         8608.5  60.47   0.00  41.40  41.68  99.21   5000  111.296    35   37.692  148.988
         8618.5  49.09   0.00  45.12  44.31  99.21   5008  111.483    35   37.692  149.175
         8628.5  74.20   0.00  17.26  46.46  99.21   5016  111.656    35   37.692  149.348
         8638.4   0.00  37.50  73.31  48.49  99.21   5023  111.801    35   37.692  149.494
         8648.5   0.00  58.18  76.48  52.76  99.21   5031  112.063    35   37.692  149.755
         8658.5   0.00  35.26  59.64  55.53  99.21   5039  112.230    35   37.692  149.922
Timestamp         S0     S1     E      O      P     YGC     YGCT    FGC    FGCT     GCT   
         8668.4   0.00  30.80  42.22  57.63  99.21   5047  112.386    35   37.692  150.078
         8678.5  48.40   0.00  72.33  59.24  99.21   5054  112.531    35   37.692  150.224
         8688.5  57.14   0.00  20.51  60.85  99.21   5062  112.677    35   37.692  150.370
         8698.5   0.00 100.00  53.86  63.21  99.21   5069  112.839    35   37.692  150.531
         8708.4   0.00  29.86  35.48  66.63  99.21   5077  113.032    35   37.692  150.724
         8718.4   0.00  31.72   2.51  68.01  99.21   5085  113.190    35   37.692  150.882
         8728.4  46.63   0.00  90.57  70.08  99.21   5092  113.341    35   37.692  151.033
         8738.4  47.38   0.00  55.72  72.28  99.21   5100  113.521    35   37.692  151.214
         8748.5   0.00  28.12  47.04  74.06  99.21   5107  113.657    35   37.692  151.350
         8758.5 100.00   0.00  80.56  78.30  99.21   5114  113.988    35   37.692  151.680
Timestamp         S0     S1     E      O      P     YGC     YGCT    FGC    FGCT     GCT   
         8768.5  25.34   0.00  91.16  81.69  99.21   5122  114.202    35   37.692  151.894
         8778.5  70.75   0.00  62.11  84.45  99.21   5130  114.446    35   37.692  152.138
         8788.5  65.64   0.00  53.24  87.48  99.21   5138  114.656    35   37.692  152.348
         8798.5  62.38   0.00  38.65  90.93  99.21   5146  114.888    35   37.692  152.580
         8808.5  63.97   0.00  18.20  92.72  99.21   5154  115.089    35   37.692  152.781
         8818.5   0.00  27.52  84.61  98.32  99.21   5161  115.307    35   37.692  153.000
         8828.5  32.12   0.00  57.67  18.30  99.32   5168  115.483    36   39.010  154.494
         8838.5  50.43   0.00  27.38  20.88  99.32   5176  115.691    36   39.010  154.701
         8848.5   0.00  27.16  71.46  22.96  99.32   5183  115.875    36   39.010  154.885
         8858.5   0.00  99.54  33.83  25.45  99.32   5191  116.031    36   39.010  155.041
Timestamp         S0     S1     E      O      P     YGC     YGCT    FGC    FGCT     GCT   
         8868.5   0.00  62.86  43.62  29.27  99.32   5199  116.215    36   39.010  155.226
         8878.5   0.00  44.44  18.68  32.36  99.32   5207  116.417    36   39.010  155.427
         8888.5  35.57   0.00  51.72  33.99  99.32   5214  116.563    36   39.010  155.573
         8898.5  54.05   0.00  11.06  36.48  99.32   5222  116.811    36   39.010  155.821
         8908.5   0.00  50.24  84.35  39.20  99.32   5229  116.976    36   39.010  155.986
         8918.5   0.00  79.83  73.89  41.42  99.32   5237  117.176    36   39.010  156.186
         8928.5   0.00  59.72  57.90  44.10  99.32   5245  117.340    36   39.010  156.350
         8938.5   0.00  41.55  23.37  52.04  99.32   5253  117.591    36   39.010  156.601
         8948.5   0.00  35.92  46.53  55.84  99.32   5261  117.794    36   39.010  156.804
         8958.5   0.00  34.15  40.09  59.21  99.32   5269  117.997    36   39.010  157.007
Timestamp         S0     S1     E      O      P     YGC     YGCT    FGC    FGCT     GCT   
         8968.5  26.67   0.00  94.94  61.30  99.32   5276  118.154    36   39.010  157.164
         8978.5   0.00  63.05  93.57  63.71  99.32   5283  118.298    36   39.010  157.309
         8988.5   0.00  31.68  18.62  65.49  99.32   5291  118.465    36   39.010  157.476
         8998.5  52.98   0.00  26.32  66.77  99.32   5298  118.597    36   39.010  157.607
         9008.5   0.00  14.03  91.43  73.39  99.32   5305  118.854    36   39.010  157.864
         9018.5   0.00  37.54  62.98  75.09  99.32   5311  118.978    36   39.010  157.988
         9028.5   0.00  41.57  55.60  77.83  99.32   5319  119.178    36   39.010  158.188
         9038.5   0.00  69.70  46.65  79.96  99.32   5327  119.357    36   39.010  158.367
         9048.5   0.00  53.32  31.21  83.10  99.32   5335  119.579    36   39.010  158.589
         9058.5 100.00   0.00  87.53  87.20  99.32   5342  119.784    36   39.010  158.794
Timestamp         S0     S1     E      O      P     YGC     YGCT    FGC    FGCT     GCT   
         9068.5  53.11   0.00  84.47  90.02  99.32   5350  119.964    36   39.010  158.974
         9078.5  77.83   0.00  63.33  94.51  99.32   5358  120.213    36   39.010  159.223
         9088.5  19.40   0.00   5.53  96.78  99.32   5366  120.389    36   39.010  159.399
         9098.5   0.00  38.46  49.62  98.13  99.32   5373  120.519    36   39.010  159.529
         9108.5  73.96   0.00  30.02  20.94  99.39   5380  120.680    37   40.307  160.987
         9118.5  57.66   0.00  25.52  23.82  99.39   5388  120.853    37   40.307  161.161
         9128.5  63.24   0.00  39.18  26.28  99.39   5396  121.031    37   40.307  161.339
         9138.5  50.00   0.00  27.36  28.56  99.39   5404  121.212    37   40.307  161.520
         9148.5  39.49   0.00  48.69  33.71  99.39   5412  121.436    37   40.307  161.743
         9158.5  15.93   0.00  29.19  35.66  99.39   5420  121.610    37   40.307  161.917
Timestamp         S0     S1     E      O      P     YGC     YGCT    FGC    FGCT     GCT   
         9168.5  42.18   0.00  82.37  37.23  99.39   5426  121.739    37   40.307  162.046
         9178.5  49.73   0.00  13.17  39.07  99.39   5434  122.007    37   40.307  162.314
         9188.5   0.00 100.00  79.99  40.55  99.39   5441  122.149    37   40.307  162.456
         9198.5   0.00  31.15  14.38  42.69  99.39   5449  122.312    37   40.307  162.619
         9208.5  40.82   0.00  81.43  45.52  99.39   5456  122.484    37   40.307  162.791
         9218.5  65.53   0.00  49.54  47.26  99.39   5464  122.666    37   40.307  162.973
         9228.5  89.68   0.00  20.80  49.32  99.39   5472  122.852    37   40.307  163.159
         9238.5   0.00  57.60  94.28  51.59  99.39   5479  123.056    37   40.307  163.363
         9248.5   0.00  50.28  20.54  53.42  99.39   5487  123.244    37   40.307  163.551
         9258.6  74.25   0.00  52.73  55.14  99.39   5494  123.406    37   40.307  163.713
Timestamp         S0     S1     E      O      P     YGC     YGCT    FGC    FGCT     GCT   
         9268.5  56.62   0.00  21.36  58.20  99.39   5502  123.705    37   40.307  164.013
         9278.5  22.70   0.00   0.00  61.96  99.39   5510  123.914    37   40.307  164.221
         9288.6   0.00  38.03  78.22  63.60  99.39   5517  124.087    37   40.307  164.394
         9298.6  51.08   0.00  92.28  64.98  99.39   5524  124.350    37   40.307  164.657
         9308.6  40.99   0.00  50.61  66.65  99.39   5532  124.499    37   40.307  164.806
         9318.6   0.00  40.40  74.55  68.13  99.39   5539  124.646    37   40.307  164.953
         9328.5   0.00  78.70  18.08  70.14  99.39   5547  124.844    37   40.307  165.151
         9338.5  56.44   0.00  60.56  72.26  99.39   5554  125.067    37   40.307  165.374
         9348.5  50.85   0.00   5.60  74.37  99.39   5562  125.273    37   40.307  165.581
         9358.5   0.00  42.70   8.79  76.22  99.39   5569  125.459    37   40.307  165.766
Timestamp         S0     S1     E      O      P     YGC     YGCT    FGC    FGCT     GCT   
         9368.5  61.99   0.00  31.18  77.61  99.39   5576  125.605    37   40.307  165.912
         9378.5   0.00  66.06  37.91  78.80  99.39   5583  125.752    37   40.307  166.059
         9388.6  84.50   0.00  92.89  80.90  99.39   5590  125.918    37   40.307  166.225
         9398.5  55.59   0.00  36.90  85.03  99.39   5598  126.112    37   40.307  166.419
         9408.5  26.45   0.00  41.53  87.81  99.39   5606  126.320    37   40.307  166.627
         9418.6  32.41   0.00  20.98  91.55  99.39   5614  126.572    37   40.307  166.879
         9428.5  53.14   0.00   0.00  94.28  99.39   5622  126.849    37   40.307  167.156
         9438.6   0.00  73.35  63.37  96.26  99.39   5629  127.035    37   40.307  167.342
         9448.6   0.00  45.18  53.33  98.56  99.39   5637  127.201    37   40.307  167.509
         9458.6  60.29   0.00  46.58  21.35  99.45   5644  127.370    38   41.681  169.051
Timestamp         S0     S1     E      O      P     YGC     YGCT    FGC    FGCT     GCT   
         9468.6  45.68   0.00  38.93  24.36  99.45   5652  127.555    38   41.681  169.236
         9478.6 100.00   0.00  26.47  26.80  99.45   5660  127.749    38   41.681  169.431
         9488.5  44.20   0.00   5.63  29.93  99.45   5668  127.934    38   41.681  169.616
         9498.5   0.00  42.92  93.25  32.43  99.45   5675  128.119    38   41.681  169.800
         9508.6  44.75   0.00   7.94  36.27  99.45   5684  128.344    38   41.681  170.026
         9518.5   0.00  99.40  95.38  38.20  99.45   5691  128.504    38   41.681  170.185
         9528.6   0.00  23.63  94.59  43.20  99.45   5699  128.740    38   41.681  170.422
         9538.6   0.00  58.36  76.41  45.83  99.45   5707  128.953    38   41.681  170.634
         9548.5   0.00  49.78  69.16  48.53  99.45   5715  129.125    38   41.681  170.806
         9558.5   0.00  50.98  31.91  50.68  99.45   5723  129.283    38   41.681  170.964
Timestamp         S0     S1     E      O      P     YGC     YGCT    FGC    FGCT     GCT   
         9568.6  68.18   0.00  96.22  52.41  99.45   5730  129.448    38   41.681  171.129
         9578.6  86.03   0.00  54.99  54.47  99.45   5738  129.631    38   41.681  171.312
         9588.6  98.30   0.00  30.00  56.81  99.45   5746  129.877    38   41.681  171.558
         9598.6   0.00  52.16  92.35  63.16  99.45   5753  130.171    38   41.681  171.852
         9608.6   0.00  26.91  77.74  68.02  99.45   5761  130.419    38   41.681  172.100
         9618.6   0.00  39.54  76.35  70.26  99.45   5769  130.659    38   41.681  172.340
         9628.6   0.00  37.24  12.84  72.38  99.45   5777  130.837    38   41.681  172.519
         9638.5  37.50   0.00  84.90  74.91  99.45   5784  131.021    38   41.681  172.702
         9648.6  80.65   0.00  73.53  77.03  99.45   5792  131.208    38   41.681  172.889
         9658.6  33.86   0.00  34.78  81.08  99.45   5800  131.431    38   41.681  173.112
Timestamp         S0     S1     E      O      P     YGC     YGCT    FGC    FGCT     GCT   
         9668.6  44.09   0.00  20.97  83.22  99.45   5808  131.614    38   41.681  173.296
         9678.6   0.00  63.45  67.81  84.94  99.45   5815  131.810    38   41.681  173.491
         9688.6   0.00  99.30   3.68  87.33  99.45   5823  131.994    38   41.681  173.676
         9698.6  38.17   0.00  51.09  89.04  99.45   5830  132.185    38   41.681  173.866
         9708.6  82.06   0.00  14.86  91.00  99.45   5838  132.382    38   41.681  174.063
         9718.6   0.00  67.46  99.23  93.16  99.45   5845  132.571    38   41.681  174.252
         9728.6   0.00  76.97  27.52  95.04  99.45   5853  132.773    38   41.681  174.454
         9738.6   0.00  50.71  90.52  21.06  99.51   5859  132.998    39   43.097  176.095
         9748.6   0.00  21.75  87.62  24.04  99.51   5867  133.182    39   43.097  176.279
         9758.6   0.00  49.26  66.61  26.74  99.51   5875  133.372    39   43.097  176.469
Timestamp         S0     S1     E      O      P     YGC     YGCT    FGC    FGCT     GCT   
         9768.6   0.00  72.29  72.26  30.48  99.51   5883  133.596    39   43.097  176.693
         9778.6   0.00  35.11  25.80  32.20  99.51   5891  133.758    39   43.097  176.855
         9788.6  90.11   0.00  80.73  33.58  99.51   5898  133.896    39   43.097  176.993
         9798.6  22.16   0.00  38.05  35.96  99.51   5906  134.105    39   43.097  177.202
         9808.6   0.00  30.75  69.65  37.07  99.51   5913  134.224    39   43.097  177.321
         9818.6   0.00  68.64   4.37  38.99  99.51   5921  134.412    39   43.097  177.509
         9828.6   0.00  99.55   0.00  43.12  99.51   5929  134.602    39   43.097  177.699
         9838.6  34.98   0.00  33.55  45.13  99.51   5936  134.824    39   43.097  177.921
         9848.6  31.90   0.00   3.35  47.91  99.51   5944  135.022    39   43.097  178.119
         9858.6   0.00 100.00  58.51  49.46  99.51   5951  135.156    39   43.097  178.253
Timestamp         S0     S1     E      O      P     YGC     YGCT    FGC    FGCT     GCT   
         9868.6  43.97   0.00  86.22  50.99  99.51   5958  135.296    39   43.097  178.393
         9878.6  45.43   0.00  57.45  53.08  99.51   5966  135.464    39   43.097  178.561
         9888.6  28.72   0.00  41.55  55.45  99.51   5974  135.718    39   43.097  178.815
         9898.6   0.00  42.95  94.42  57.73  99.51   5981  135.874    39   43.097  178.971
         9908.6   0.00  52.02  83.71  59.88  99.51   5989  136.053    39   43.097  179.150
         9918.6   0.00  70.05  63.71  62.26  99.51   5997  136.256    39   43.097  179.353
         9928.6   0.00 100.00  34.33  64.51  99.51   6005  136.426    39   43.097  179.523
         9938.6 100.00   0.00  70.52  65.99  99.51   6012  136.584    39   43.097  179.682
         9948.6  41.57   0.00  10.24  68.10  99.51   6020  136.794    39   43.097  179.891
         9958.6   0.00  57.35  50.76  69.90  99.51   6027  136.967    39   43.097  180.064
Timestamp         S0     S1     E      O      P     YGC     YGCT    FGC    FGCT     GCT   
         9968.6   0.00  17.44   2.66  74.17  99.51   6035  137.166    39   43.097  180.263
         9978.6  47.27   0.00  78.80  75.68  99.51   6042  137.310    39   43.097  180.407
         9988.6  21.33   0.00  44.62  77.85  99.51   6050  137.560    39   43.097  180.657
         9998.6  51.64   0.00  12.75  79.69  99.51   6058  137.718    39   43.097  180.816
        10008.6   0.00  50.72  96.69  83.17  99.51   6065  137.884    39   43.097  180.981
        10018.6   0.00  27.29  68.87  85.57  99.51   6073  138.070    39   43.097  181.167
        10028.6   0.00  31.65   0.58  87.19  99.51   6081  138.264    39   43.097  181.361
        10038.6  68.75   0.00  36.20  88.42  99.51   6088  138.413    39   43.097  181.510
        10048.6  96.32   0.00  19.52  90.68  99.51   6096  138.617    39   43.097  181.714
        10058.6   0.00  43.96  69.05  92.85  99.51   6103  138.784    39   43.097  181.881
Timestamp         S0     S1     E      O      P     YGC     YGCT    FGC    FGCT     GCT   
        10068.6   0.00  31.71  67.78  97.66  99.51   6111  139.041    39   43.097  182.138
        10078.6  38.27   0.00  37.20  15.97  99.51   6118  139.291    40   44.493  183.783
        10088.7  89.07   0.00  44.58  18.86  99.51   6126  139.596    40   44.493  184.088
        10098.7  65.12   0.00  55.98  22.72  99.51   6134  139.801    40   44.493  184.294
        10108.6  57.69   0.00  63.28  26.19  99.51   6142  140.002    40   44.493  184.495
        10118.6  52.81   0.00  46.11  28.46  99.51   6150  140.195    40   44.493  184.688
        10128.6  28.81   0.00  16.76  30.72  99.51   6158  140.396    40   44.493  184.889
        10138.6   0.00  99.53  86.74  32.18  99.51   6165  140.532    40   44.493  185.025
        10148.7   0.00  68.66  56.33  34.84  99.51   6173  140.747    40   44.493  185.239
        10158.7   0.00 100.00  15.17  36.79  99.51   6181  140.922    40   44.493  185.415
Timestamp         S0     S1     E      O      P     YGC     YGCT    FGC    FGCT     GCT   
        10168.6  84.44   0.00  89.95  38.74  99.51   6188  141.072    40   44.493  185.565
        10178.7  36.17   0.00  20.63  40.49  99.51   6196  141.232    40   44.493  185.725
        10188.6  25.91   0.00  11.53  45.19  99.51   6204  141.448    40   44.493  185.941
        10198.7   0.00 100.00  74.25  47.01  99.51   6211  141.651    40   44.493  186.144
        10208.6   0.00  99.04  50.86  49.08  99.51   6219  141.835    40   44.493  186.328
        10218.7   0.00  56.10   0.00  51.16  99.51   6227  142.031    40   44.493  186.523
        10228.7  67.93   0.00  53.72  52.79  99.51   6234  142.210    40   44.493  186.703
        10238.7  43.75   0.00  27.54  55.71  99.51   6242  142.439    40   44.493  186.931
        10248.6   0.00  41.59  90.37  57.52  99.51   6249  142.582    40   44.493  187.075
        10258.7   0.00 100.00  61.72  61.49  99.51   6257  142.770    40   44.493  187.263
Timestamp         S0     S1     E      O      P     YGC     YGCT    FGC    FGCT     GCT   
        10268.7   0.00  44.89  41.73  64.74  99.51   6265  142.980    40   44.493  187.472
        10278.7   0.00  54.13  21.93  66.75  99.51   6273  143.154    40   44.493  187.647
        10288.6   0.00  32.26   0.00  68.71  99.51   6281  143.325    40   44.493  187.818
        10298.7  98.40   0.00  83.35  70.95  99.51   6288  143.505    40   44.493  187.998
        10308.7  27.93   0.00  56.47  75.59  99.51   6296  143.720    40   44.493  188.213
        10318.6  38.96   0.00  22.66  77.80  99.51   6304  143.905    40   44.493  188.398
        10328.7   0.00  32.85  81.41  79.54  99.51   6311  144.093    40   44.493  188.585
        10338.6   0.00  61.27  57.97  82.52  99.51   6319  144.322    40   44.493  188.814
        10348.6   0.00 100.00  33.05  86.72  99.51   6327  144.586    40   44.493  189.079
        10358.7   0.00  64.96  21.11  88.76  99.51   6335  144.753    40   44.493  189.246
Timestamp         S0     S1     E      O      P     YGC     YGCT    FGC    FGCT     GCT   
        10368.7  33.12  11.01 100.00  90.77  99.51   6343  144.921    40   44.493  189.414
        10378.7  56.88   0.00  73.12  92.57  99.51   6350  145.132    40   44.493  189.624
        10388.7  43.06   0.00  31.69  95.53  99.51   6358  145.352    40   44.493  189.845
        10398.7   0.00  51.26  74.83  96.99  99.51   6365  145.503    40   44.493  189.995
        10408.6   0.00  99.75  29.94  99.30  99.51   6373  145.721    40   44.493  190.213
        10418.6   0.00  21.46  91.43  21.13  99.57   6379  145.887    41   45.975  191.862
        10428.7   0.00  48.29  90.04  23.88  99.58   6387  146.100    41   45.975  192.075
        10438.7   0.00 100.00  71.34  25.79  99.58   6395  146.270    41   45.975  192.244
        10448.7  45.45   0.00  97.87  26.96  99.58   6403  146.399    41   45.975  192.374
        10458.7  65.61   0.00  51.33  28.88  99.58   6410  146.636    41   45.975  192.611
Timestamp         S0     S1     E      O      P     YGC     YGCT    FGC    FGCT     GCT   
        10468.7  93.55   0.00  23.55  30.58  99.58   6418  146.816    41   45.975  192.790
        10478.7  38.33   0.00   0.00  32.86  99.58   6426  146.976    41   45.975  192.951
        10488.7   0.00  63.57  79.34  35.09  99.58   6433  147.160    41   45.975  193.135
        10498.7   0.00  59.51  17.56  37.14  99.58   6441  147.350    41   45.975  193.325
        10508.7  33.25   0.00  85.20  39.32  99.58   6448  147.495    41   45.975  193.470
        10518.7  43.64   0.00   7.12  40.96  99.58   6456  147.737    41   45.975  193.711
        10528.7   0.00  65.13  28.64  42.14  99.58   6463  147.875    41   45.975  193.849
        10538.7  51.99   0.00  53.11  43.74  99.58   6470  148.026    41   45.975  194.000
        10548.7  63.54   0.00  13.76  45.68  99.58   6478  148.203    41   45.975  194.177
        10558.7   0.00  99.66  49.35  47.54  99.58   6485  148.401    41   45.975  194.376
Timestamp         S0     S1     E      O      P     YGC     YGCT    FGC    FGCT     GCT   
        10568.7  47.44   0.00  85.65  48.83  99.58   6492  148.596    41   45.975  194.571
        10578.7  97.67   0.00  25.10  50.39  99.58   6500  148.800    41   45.975  194.775
        10588.7   0.00  48.96  98.09  52.56  99.58   6507  148.943    41   45.975  194.918
        10598.7   0.00 100.00  61.29  54.66  99.58   6515  149.129    41   45.975  195.103
        10608.7   0.00 100.00  29.25  56.40  99.58   6523  149.284    41   45.975  195.259
        10618.7  39.90   0.00  67.01  58.03  99.58   6530  149.444    41   45.975  195.419
        10628.7  34.10   0.00  27.07  59.76  99.58   6538  149.607    41   45.975  195.582
        10638.7   0.00  71.28  71.32  60.98  99.58   6545  149.745    41   45.975  195.720
        10648.7   0.00  23.77  20.61  65.19  99.58   6553  149.975    41   45.975  195.950
        10658.7   0.00  47.70  24.06  67.61  99.58   6561  150.201    41   45.975  196.176
Timestamp         S0     S1     E      O      P     YGC     YGCT    FGC    FGCT     GCT   
        10668.7  41.62   0.00  91.57  69.48  99.58   6568  150.371    41   45.975  196.345
        10678.7  64.56   0.00  63.59  71.68  99.58   6576  150.582    41   45.975  196.557
        10688.7  65.98   0.00  31.89  73.92  99.58   6584  150.777    41   45.975  196.751
        10698.7   0.00  51.61  99.90  76.13  99.58   6591  150.946    41   45.975  196.921
        10708.7   0.00 100.00  65.16  77.54  99.58   6599  151.115    41   45.975  197.090
        10718.7  59.18   0.00  94.29  79.08  99.58   6606  151.269    41   45.975  197.243
        10728.7  58.50   0.00  31.93  80.79  99.58   6614  151.430    41   45.975  197.405
        10738.7   0.00 100.00  39.26  82.00  99.58   6621  151.588    41   45.975  197.562
        10748.7  73.86   0.00  73.12  83.57  99.58   6628  151.790    41   45.975  197.765
        10758.7  80.21   0.00  41.77  85.59  99.58   6636  152.021    41   45.975  197.995
Timestamp         S0     S1     E      O      P     YGC     YGCT    FGC    FGCT     GCT   
        10768.7   0.00  58.68  94.16  87.21  99.58   6643  152.170    41   45.975  198.145
        10778.7   0.00  64.46  27.47  89.10  99.58   6651  152.346    41   45.975  198.321
        10788.7   0.00  63.59   3.23  91.42  99.58   6659  152.537    41   45.975  198.512
        10798.7 100.00   0.00  83.48  93.64  99.58   6666  152.776    41   45.975  198.751
        10808.7  97.10   0.00  64.67  95.61  99.58   6674  152.977    41   45.975  198.952
        10818.7  47.17   0.00  53.87  98.59  99.58   6682  153.196    41   45.975  199.171
        10828.7   0.00  64.32  26.27  19.78  99.58   6689  153.363    42   47.417  200.780
        10838.7   0.00  99.57  20.71  21.94  99.58   6697  153.556    42   47.417  200.973
        10848.7  44.00   0.00  93.97  24.48  99.58   6704  153.731    42   47.417  201.148
        10858.7  75.74   0.00  48.75  26.95  99.58   6712  153.923    42   47.417  201.340
Timestamp         S0     S1     E      O      P     YGC     YGCT    FGC    FGCT     GCT   
        10868.7  41.26   0.00  42.84  29.35  99.58   6720  154.141    42   47.417  201.558
        10878.7  42.62   0.00  21.15  32.07  99.58   6728  154.340    42   47.417  201.757
        10888.7   0.00  31.91  87.08  34.48  99.58   6735  154.517    42   47.417  201.934
        10898.7   0.00  65.87  56.31  36.43  99.58   6743  154.693    42   47.417  202.110
        10908.7   0.00  99.32  46.59  38.99  99.58   6751  154.877    42   47.417  202.294
        10918.7   0.00  63.66   2.42  41.10  99.58   6759  155.081    42   47.417  202.498
        10928.7  39.61   0.00  51.59  42.58  99.58   6766  155.222    42   47.417  202.639
        10938.7 100.00   0.00  25.03  46.24  99.58   6774  155.445    42   47.417  202.862
        10948.7  67.47   0.00  34.99  50.42  99.58   6782  155.684    42   47.417  203.101
        10958.7  65.40   0.00  24.74  52.92  99.58   6790  155.887    42   47.417  203.304
Timestamp         S0     S1     E      O      P     YGC     YGCT    FGC    FGCT     GCT   
        10968.7  61.23   0.00  13.75  55.16  99.58   6798  156.050    42   47.417  203.467
        10978.7   0.00  51.35  67.10  57.06  99.58   6805  156.217    42   47.417  203.635
        10988.7   0.00  39.36  21.69  58.62  99.58   6813  156.453    42   47.417  203.870
        10998.7  65.18   0.00  63.76  60.23  99.58   6820  156.643    42   47.417  204.060
        11008.7  37.03   0.00  26.01  62.30  99.58   6828  156.828    42   47.417  204.245
        11018.7   0.00 100.00  66.89  63.93  99.58   6835  156.974    42   47.417  204.392
        11028.7   0.00  99.69  47.62  66.54  99.58   6843  157.164    42   47.417  204.581
        11038.7   0.00  43.55   6.65  69.41  99.58   6851  157.464    42   47.417  204.881
        11048.7  50.00   0.00  82.57  71.87  99.58   6858  157.647    42   47.417  205.064
        11058.7  76.49   0.00  58.13  73.71  99.58   6866  157.833    42   47.417  205.250
Timestamp         S0     S1     E      O      P     YGC     YGCT    FGC    FGCT     GCT   
        11068.8  35.09   0.00  22.60  75.97  99.58   6874  158.023    42   47.417  205.440
        11078.7   0.00  51.09  88.65  77.34  99.58   6881  158.182    42   47.417  205.599
        11088.8   0.00  65.47  71.93  79.60  99.58   6889  158.379    42   47.417  205.796
        11098.8   0.00  52.01  39.90  81.93  99.58   6897  158.655    42   47.417  206.072
        11108.8   0.00 100.00  12.61  84.56  99.58   6905  158.872    42   47.417  206.289
        11118.8   0.00  99.76   0.00  87.77  99.58   6913  159.091    42   47.417  206.508
        11128.8   0.00  36.19   0.00  91.61  99.58   6921  159.290    42   47.417  206.707
        11138.8  57.82   0.00  37.30  93.80  99.58   6928  159.485    42   47.417  206.902
        11148.8  41.23   0.00  15.05  95.69  99.58   6936  159.672    42   47.417  207.089
        11158.8   0.00 100.00  52.59  97.23  99.58   6943  159.846    42   47.417  207.263
Timestamp         S0     S1     E      O      P     YGC     YGCT    FGC    FGCT     GCT   
        11168.8   0.00 100.00   0.00  99.69  99.58   6951  160.082    43   47.417  207.499
        11178.8  71.60   0.00   7.95  23.92  99.64   6958  160.328    43   48.957  209.285
        11188.8  59.31   0.00  10.35  27.31  99.64   6966  160.582    43   48.957  209.538
        11198.8  39.31   0.00  32.52  31.98  99.64   6974  160.811    43   48.957  209.767
        11208.8  40.72   0.00  22.19  33.84  99.64   6982  160.987    43   48.957  209.943
        11218.8   0.00 100.00  92.27  35.58  99.64   6989  161.133    43   48.957  210.090
        11228.8   0.00  65.50  64.88  37.44  99.64   6997  161.285    43   48.957  210.242
        11238.8   0.00  63.49  47.06  40.26  99.64   7005  161.464    43   48.957  210.421
        11248.8   0.00  66.83  36.78  41.78  99.64   7013  161.616    43   48.957  210.573
        11258.8   0.00  58.79  33.06  44.30  99.64   7021  161.818    43   48.957  210.775
Timestamp         S0     S1     E      O      P     YGC     YGCT    FGC    FGCT     GCT   
        11268.8   0.00  32.16  24.36  48.71  99.64   7029  162.051    43   48.957  211.008
        11278.8   0.00  33.94  19.20  52.30  99.64   7037  162.302    43   48.957  211.259
        11288.9  44.73   0.00  92.20  53.49  99.64   7044  162.455    43   48.957  211.412
        11298.8  55.78   0.00  36.09  55.02  99.64   7052  162.613    43   48.957  211.570
        11308.8   0.00  38.86  48.94  55.90  99.64   7059  162.763    43   48.957  211.720
        11318.8   0.00  69.49  13.07  57.66  99.64   7067  162.994    43   48.957  211.951
        11328.8  69.19   0.00  91.39  62.00  99.64   7074  163.194    43   48.957  212.151
        11338.8  26.55   0.00  83.81  64.86  99.64   7082  163.384    43   48.957  212.341
        11348.8  44.17   0.00  39.08  66.41  99.64   7090  163.567    43   48.957  212.524
        11358.9  59.51   0.00  33.59  68.45  99.64   7098  163.755    43   48.957  212.712
Timestamp         S0     S1     E      O      P     YGC     YGCT    FGC    FGCT     GCT   
        11368.8   0.00  33.97  57.80  69.79  99.64   7105  163.929    43   48.957  212.886
        11378.8  42.25   0.00  92.27  71.39  99.64   7112  164.082    43   48.957  213.038
        11388.8  63.32   0.00  45.53  73.33  99.64   7120  164.262    43   48.957  213.219
        11398.8  62.43   0.00   0.00  75.27  99.64   7128  164.501    43   48.957  213.458
        11408.9   0.00 100.00  90.91  79.06  99.64   7135  164.705    43   48.957  213.662
        11418.8  23.04   0.00  16.60  85.68  99.64   7144  165.010    43   48.957  213.967
        11428.8  22.57   0.00   5.55  87.20  99.64   7152  165.171    43   48.957  214.128
        11438.9   0.00  29.18  80.07  88.38  99.64   7159  165.324    43   48.957  214.281
        11448.8   0.00  33.42   4.68  89.59  99.64   7167  165.508    43   48.957  214.464
        11458.9  61.99   0.00  40.15  90.87  99.64   7174  165.674    43   48.957  214.631
Timestamp         S0     S1     E      O      P     YGC     YGCT    FGC    FGCT     GCT   
        11468.9   0.00  43.72  70.96  92.36  99.64   7181  165.855    43   48.957  214.812
        11478.8   0.00  67.34   0.00  94.39  99.64   7189  166.134    43   48.957  215.090
        11488.9  53.96   0.00  44.72  96.05  99.64   7196  166.314    43   48.957  215.271
        11498.8  53.37   0.00  11.21  97.82  99.64   7204  166.551    43   48.957  215.508
        11508.8   0.00   0.00  24.21  15.01  99.64   7210  166.989    44   50.809  217.798
        11518.9  62.46   0.00  91.72  19.56  99.64   7217  167.280    44   50.809  218.088
        11528.9  27.24   0.00  70.95  22.01  99.64   7225  167.472    44   50.809  218.281
        11538.9  37.67   0.00  14.04  23.37  99.64   7233  167.622    44   50.809  218.431
        11548.8  45.75   0.00   2.19  25.64  99.64   7241  167.819    44   50.809  218.628
        11558.8   0.00  51.92  84.36  26.94  99.64   7248  167.961    44   50.809  218.770
Timestamp         S0     S1     E      O      P     YGC     YGCT    FGC    FGCT     GCT   
        11568.9   0.00  99.70  53.79  29.34  99.64   7256  168.152    44   50.809  218.961
        11578.9   0.00  33.17   0.00  31.61  99.64   7264  168.312    44   50.809  219.121
        11588.9  71.01   0.00  77.60  33.25  99.64   7271  168.465    44   50.809  219.274
        11598.9  54.46   0.00  33.71  35.48  99.64   7279  168.644    44   50.809  219.453
        11608.9  38.56   0.00  15.70  38.14  99.64   7287  168.828    44   50.809  219.637
        11618.9   0.00 100.00  94.21  39.90  99.64   7294  168.969    44   50.809  219.778
        11628.9   0.00  34.44  66.07  42.29  99.64   7302  169.146    44   50.809  219.955
        11638.9   0.00 100.00  18.87  44.39  99.64   7310  169.342    44   50.809  220.151
        11648.9  67.34   0.00  94.09  46.24  99.64   7317  169.500    44   50.809  220.309
        11658.8  44.98   0.00  75.72  48.49  99.64   7325  169.713    44   50.809  220.522
Timestamp         S0     S1     E      O      P     YGC     YGCT    FGC    FGCT     GCT   
        11668.8  73.85   0.00  25.43  50.10  99.64   7333  169.921    44   50.809  220.730
        11678.8   0.00  58.70  63.37  51.60  99.64   7340  170.047    44   50.809  220.855
        11688.9   0.00  68.71   2.81  53.59  99.64   7348  170.284    44   50.809  221.093
        11698.8  56.33   0.00   7.92  54.94  99.64   7355  170.413    44   50.809  221.222
        11708.8   0.00  64.19   1.56  56.34  99.64   7362  170.564    44   50.809  221.373
        11718.8  43.26   0.00  33.02  57.46  99.64   7369  170.697    44   50.809  221.506
        11728.8   0.00  83.33  85.84  58.56  99.64   7376  170.855    44   50.809  221.664
        11738.8  60.74   0.00  93.77  60.04  99.64   7383  171.012    44   50.809  221.821
        11748.9  40.06   0.00  45.77  61.86  99.64   7391  171.197    44   50.809  222.006
        11758.9   0.00  64.01  71.80  62.94  99.64   7398  171.333    44   50.809  222.142
Timestamp         S0     S1     E      O      P     YGC     YGCT    FGC    FGCT     GCT   
        11768.8   0.00  56.81  30.48  65.06  99.64   7406  171.505    44   50.809  222.314
        11778.8  67.01   0.00  87.28  66.96  99.64   7413  171.679    44   50.809  222.488
        11788.9  65.99   0.00  56.74  69.03  99.64   7421  171.889    44   50.809  222.698
        11798.9  23.67   0.00  29.25  73.42  99.64   7429  172.157    44   50.809  222.966
        11808.9   0.00  66.74  99.02  74.87  99.64   7436  172.337    44   50.809  223.146
        11818.9   0.00  70.37  25.42  76.69  99.64   7444  172.507    44   50.809  223.316
        11828.9  65.00   0.00  47.58  78.31  99.64   7451  172.727    44   50.809  223.536
        11838.8   0.00 100.00  71.94  79.73  99.64   7458  172.920    44   50.809  223.729
        11848.9   0.00  35.53  35.71  80.98  99.64   7466  173.091    44   50.809  223.900
        11858.8  57.14   0.00  75.85  82.32  99.64   7473  173.249    44   50.809  224.058
Timestamp         S0     S1     E      O      P     YGC     YGCT    FGC    FGCT     GCT   
        11868.9  52.12   0.00  43.54  84.07  99.64   7481  173.431    44   50.809  224.240
        11878.8   0.00  50.84  72.50  85.85  99.64   7488  173.606    44   50.809  224.415
        11888.9   0.00 100.00  41.75  89.83  99.64   7496  173.881    44   50.809  224.690
        11898.9   0.00  25.50  38.99  94.34  99.64   7504  174.115    44   50.809  224.924
        11908.9  30.14   0.00  87.29  95.68  99.64   7511  174.269    44   50.809  225.078
        11918.9  33.33   0.00  25.60  97.17  99.64   7519  174.459    44   50.809  225.268
        11928.9   0.00  54.62  79.45  98.62  99.64   7526  174.670    44   50.809  225.479
        11938.9   0.00   0.00  98.29  18.52  99.64   7532  174.819    45   52.281  227.100
        11948.9   0.00  99.63  71.87  20.64  99.64   7540  175.016    45   52.281  227.296
        11958.9   0.00  99.69  49.62  23.10  99.64   7548  175.219    45   52.281  227.500
Timestamp         S0     S1     E      O      P     YGC     YGCT    FGC    FGCT     GCT   
        11968.9   0.00  99.60  32.05  25.39  99.64   7556  175.404    45   52.281  227.685
        11978.9  45.92   0.00  82.02  27.02  99.64   7563  175.556    45   52.281  227.836
        11988.9  68.21   0.00  35.66  28.66  99.64   7571  175.721    45   52.281  228.001
        11998.9   0.00 100.00  85.76  30.60  99.64   7578  175.911    45   52.281  228.192
        12008.9   0.00  42.92  74.48  33.47  99.64   7586  176.137    45   52.281  228.418
        12018.9   0.00  57.81  37.05  35.33  99.64   7594  176.318    45   52.281  228.598
        12028.9  49.13   0.00  83.50  36.89  99.64   7601  176.471    45   52.281  228.751
        12038.9  82.54   0.00  65.21  38.57  99.64   7609  176.665    45   52.281  228.945
        12048.9  70.54   0.00  35.04  40.20  99.64   7617  176.846    45   52.281  229.127
        12058.9   0.00  99.63  76.01  41.15  99.64   7624  176.985    45   52.281  229.265
Timestamp         S0     S1     E      O      P     YGC     YGCT    FGC    FGCT     GCT   
        12068.9   0.00  38.19  39.82  45.20  99.64   7632  177.206    45   52.281  229.487
        12078.9   0.00  28.14   8.08  47.08  99.64   7640  177.387    45   52.281  229.668
        12088.8  45.45   0.00  67.09  48.19  99.64   7647  177.514    45   52.281  229.794
        12098.9   0.00  66.47  99.33  49.39  99.64   7655  177.649    45   52.281  229.930
        12108.9   0.00 100.00  50.66  50.95  99.64   7662  177.831    45   52.281  230.112
        12118.9  37.20   0.00  71.93  52.67  99.64   7669  178.007    45   52.281  230.288
        12128.9  68.45   0.00  43.86  54.66  99.64   7677  178.268    45   52.281  230.548
        12138.9   0.00  66.46  70.86  55.91  99.64   7684  178.415    45   52.281  230.696
        12148.9   0.00  56.40  53.51  58.51  99.64   7692  178.602    45   52.281  230.882
        12158.9   0.00  49.21  13.88  60.46  99.64   7700  178.818    45   52.281  231.099
Timestamp         S0     S1     E      O      P     YGC     YGCT    FGC    FGCT     GCT   
        12168.9  46.61   0.00  72.01  62.13  99.64   7707  178.971    45   52.281  231.252
        12178.9  56.58   0.00  16.66  64.12  99.64   7715  179.160    45   52.281  231.441
        12188.9   0.00  31.84  61.94  65.48  99.64   7722  179.301    45   52.281  231.581
        12198.9   0.00  49.18   2.06  67.15  99.64   7730  179.488    45   52.281  231.769
        12208.9  75.16   0.00  30.18  68.49  99.64   7737  179.681    45   52.281  231.961
        12218.9   0.00  56.29  68.37  70.05  99.64   7744  179.831    45   52.281  232.111
        12228.9  67.50   0.00  99.67  71.40  99.64   7752  179.991    45   52.281  232.272
        12238.9  41.07   0.00  81.36  74.69  99.64   7759  180.210    45   52.281  232.490
        12248.9  31.85   0.00  48.60  75.96  99.64   7767  180.356    45   52.281  232.637
        12258.9  72.31   0.00  47.49  79.54  99.64   7775  180.655    45   52.281  232.936
Timestamp         S0     S1     E      O      P     YGC     YGCT    FGC    FGCT     GCT   
        12268.9  61.64   0.00  31.94  81.96  99.64   7783  180.907    45   52.281  233.187
        12278.9  33.14   0.00  25.13  85.21  99.64   7791  181.143    45   52.281  233.424
        12288.9  32.59   0.00  17.33  87.28  99.64   7799  181.339    45   52.281  233.620
        12298.9   0.00  46.92  45.10  88.53  99.64   7806  181.509    45   52.281  233.790
        12308.9  49.09   0.00  84.05  89.79  99.64   7813  181.701    45   52.281  233.981
        12318.9  41.94   0.00  11.87  91.28  99.64   7821  181.864    45   52.281  234.145
        12328.9   0.00  69.30  64.24  92.64  99.64   7828  182.035    45   52.281  234.316
        12338.9   0.00  39.69   6.19  94.34  99.64   7836  182.229    45   52.281  234.510
        12348.9  43.46   0.00  18.61  95.41  99.64   7843  182.363    45   52.281  234.644
        12358.9   0.00  43.96  63.77  98.72  99.64   7850  182.599    45   52.281  234.880
Timestamp         S0     S1     E      O      P     YGC     YGCT    FGC    FGCT     GCT   
        12368.9  63.38   0.00  49.70  20.12  99.64   7857  182.773    46   53.704  236.477
        12378.9  52.05   0.00  54.63  22.26  99.64   7865  182.953    46   53.704  236.656
        12388.9  70.63   0.00  45.78  24.69  99.64   7873  183.148    46   53.704  236.852
        12398.9  88.24   0.00   9.56  26.64  99.64   7881  183.322    46   53.704  237.026
        12408.9   0.00  68.58  98.91  28.56  99.64   7888  183.525    46   53.704  237.228
        12418.9   0.00  69.08  57.23  30.18  99.64   7896  183.688    46   53.704  237.392
        12428.9   0.00  38.78  44.30  32.59  99.64   7904  183.852    46   53.704  237.556
        12438.9   0.00  99.51   0.97  34.33  99.64   7912  184.033    46   53.704  237.736
        12448.9  35.71   0.00  68.58  35.85  99.64   7919  184.188    46   53.704  237.892
        12458.9  93.04   0.00   9.48  37.01  99.64   7927  184.329    46   53.704  238.032
Timestamp         S0     S1     E      O      P     YGC     YGCT    FGC    FGCT     GCT   
        12468.9   0.00  40.00  71.54  38.69  99.64   7934  184.471    46   53.704  238.175
        12478.9   0.00 100.00   3.74  40.37  99.64   7942  184.657    46   53.704  238.360
        12488.9  58.66   0.00  86.25  44.11  99.64   7949  184.848    46   53.704  238.552
        12498.9  75.85   0.00  83.83  49.57  99.64   7957  185.170    46   53.704  238.874
        12508.9   0.00  25.97   7.39  55.39  99.67   7966  185.449    46   53.704  239.153
        12518.9   0.00  37.38  27.37  57.93  99.67   7974  185.646    46   53.704  239.350
        12528.9   0.00  33.84  16.01  60.69  99.67   7982  185.850    46   53.704  239.554
        12538.9  33.13   0.00  74.06  62.11  99.67   7989  186.042    46   53.704  239.746
        12548.9  56.25   0.00  54.53  63.95  99.67   7997  186.271    46   53.704  239.975
        12558.9   0.00  32.28  99.99  65.34  99.67   8004  186.423    46   53.704  240.127
Timestamp         S0     S1     E      O      P     YGC     YGCT    FGC    FGCT     GCT   
        12568.9   0.00  47.84  30.26  66.54  99.67   8012  186.589    46   53.704  240.292
        12578.9  61.68   0.00  51.94  67.52  99.67   8019  186.721    46   53.704  240.425
        12588.9  89.70   0.00  24.86  69.36  99.67   8027  186.890    46   53.704  240.594
        12598.9  58.06   0.00   0.00  72.13  99.67   8035  187.172    46   53.704  240.875
        12608.9   0.00  33.41  83.27  74.18  99.67   8042  187.353    46   53.704  241.057
        12618.9   0.00  46.72  42.57  75.57  99.67   8050  187.515    46   53.704  241.219
        12628.9  67.95  26.25 100.00  76.94  99.67   8058  187.689    46   53.704  241.392
        12638.9  28.21   0.00  98.29  81.07  99.67   8065  187.874    46   53.704  241.577
        12648.9  34.15   0.00  74.37  82.47  99.67   8073  188.053    46   53.704  241.757
        12658.9  48.91   0.00  14.82  84.36  99.67   8081  188.235    46   53.704  241.939
Timestamp         S0     S1     E      O      P     YGC     YGCT    FGC    FGCT     GCT   
        12668.9   0.00  39.40  53.06  85.58  99.67   8088  188.483    46   53.704  242.186
        12678.9   0.00  62.13   3.74  87.13  99.67   8096  188.681    46   53.704  242.384
        12688.9  52.68   0.00  32.12  88.41  99.67   8103  188.858    46   53.704  242.562
        12698.9   0.00  47.88  83.83  90.14  99.67   8110  189.016    46   53.704  242.719
        12708.9  46.65   0.00  89.39  91.68  99.67   8117  189.161    46   53.704  242.864
        12718.9  86.99   0.00  33.39  93.59  99.67   8125  189.348    46   53.704  243.052
        12728.9  46.59   0.00   2.16  95.25  99.67   8133  189.554    46   53.704  243.257
        12738.9   0.00  99.62  31.83  96.38  99.67   8140  189.723    46   53.704  243.426
        12748.9   0.00  75.27   0.00  98.34  99.67   8148  189.903    46   53.704  243.607
        12758.9   0.00  48.25  81.15  20.31  99.67   8154  190.070    47   55.231  245.301
Timestamp         S0     S1     E      O      P     YGC     YGCT    FGC    FGCT     GCT   
        12768.9   0.00  55.12  67.08  22.35  99.67   8162  190.240    47   55.231  245.471
        12779.0   0.00  34.44   8.48  23.71  99.67   8170  190.375    47   55.231  245.606
        12789.0  35.44   0.00  59.97  25.55  99.67   8177  190.518    47   55.231  245.749
        12798.9  54.68   0.00  10.36  27.24  99.67   8185  190.730    47   55.231  245.961
        12808.9   0.00  44.97  85.91  30.63  99.67   8192  190.922    47   55.231  246.153
        12818.9   0.00  50.78  67.53  32.33  99.67   8200  191.081    47   55.231  246.312
        12828.9   0.00  68.69  73.27  34.74  99.67   8208  191.274    47   55.231  246.505
        12838.9   0.00  99.34  25.71  37.46  99.67   8216  191.488    47   55.231  246.719
        12848.9   0.00  55.53  12.16  39.46  99.67   8224  191.654    47   55.231  246.885
        12858.9  51.10   0.00  61.07  40.96  99.67   8231  191.778    47   55.231  247.009
Timestamp         S0     S1     E      O      P     YGC     YGCT    FGC    FGCT     GCT   
        12868.9  16.36   0.00  41.47  46.71  99.67   8239  192.005    47   55.231  247.236
        12878.9  31.33   0.00  28.26  48.20  99.67   8247  192.181    47   55.231  247.412
        12888.9  48.21   0.00  41.06  50.51  99.67   8255  192.378    47   55.231  247.609
        12898.9  62.92   0.00  20.04  53.23  99.67   8263  192.596    47   55.231  247.827
        12908.9  57.44   0.00  17.27  55.56  99.67   8271  192.777    47   55.231  248.008
        12918.9   0.00  53.12  83.81  56.72  99.67   8278  192.922    47   55.231  248.153
        12928.9   0.00  41.53  40.56  58.74  99.67   8286  193.106    47   55.231  248.337
        12938.9   0.00  99.38   8.26  60.59  99.67   8294  193.264    47   55.231  248.495
        12948.9  41.76   0.00  19.75  61.94  99.67   8301  193.386    47   55.231  248.617
        12959.0   0.00  99.70  43.59  63.86  99.67   8308  193.547    47   55.231  248.778
Timestamp         S0     S1     E      O      P     YGC     YGCT    FGC    FGCT     GCT   
        12968.9   0.00  75.96   8.95  65.74  99.67   8316  193.747    47   55.231  248.978
        12978.9   0.00  31.09   0.00  69.60  99.67   8324  193.990    47   55.231  249.221
        12988.9  61.56   0.00  90.73  72.15  99.67   8331  194.221    47   55.231  249.452
        12998.9  72.50   0.00  87.43  74.91  99.67   8339  194.415    47   55.231  249.646
        13009.0 100.00   0.00  70.20  76.91  99.67   8347  194.595    47   55.231  249.826
        13018.9   0.00  43.89  87.03  78.80  99.67   8354  194.747    47   55.231  249.978
        13028.9   0.00  62.14  69.08  80.72  99.67   8362  194.939    47   55.231  250.170
        13038.9   0.00  99.15  30.40  82.95  99.67   8370  195.116    47   55.231  250.347
        13048.9   0.00  99.38  19.02  85.68  99.67   8378  195.337    47   55.231  250.568
        13059.0  40.05   0.00  85.79  87.05  99.67   8385  195.485    47   55.231  250.716
Timestamp         S0     S1     E      O      P     YGC     YGCT    FGC    FGCT     GCT   
        13068.9  63.35   0.00  40.13  88.68  99.67   8393  195.685    47   55.231  250.916
        13079.0   0.00  38.28 100.00  92.16  99.67   8400  195.862    47   55.231  251.093
        13089.0   0.00  32.47  81.21  93.82  99.67   8408  196.065    47   55.231  251.296
        13098.9   0.00  43.51  27.66  95.42  99.67   8416  196.285    47   55.231  251.516
        13108.9  55.17   0.00  84.03  96.50  99.67   8423  196.435    47   55.231  251.666
        13118.9   0.00 100.00  38.24  14.18  99.66   8430  196.637    48   56.769  253.407
        13128.9   0.00  31.33  48.15  17.00  99.66   8438  196.820    48   56.769  253.590
        13139.0   0.00  40.00   9.05  19.12  99.66   8446  197.051    48   56.769  253.820
        13148.9   0.00  54.86   0.00  21.92  99.66   8454  197.222    48   56.769  253.991
        13159.0  35.11   0.00  38.32  23.45  99.66   8461  197.400    48   56.769  254.169
Timestamp         S0     S1     E      O      P     YGC     YGCT    FGC    FGCT     GCT   
        13169.0  76.34   0.00  18.75  25.31  99.66   8469  197.596    48   56.769  254.365
        13178.9  62.50   0.00   0.00  27.18  99.66   8477  197.794    48   56.769  254.563
        13189.0   0.00  63.54  97.75  28.73  99.66   8484  197.946    48   56.769  254.715
        13198.9   0.00  38.56  70.98  32.96  99.66   8492  198.170    48   56.769  254.939
        13208.9   0.00  46.40  67.13  35.23  99.66   8500  198.335    48   56.769  255.105
        13219.0   0.00  53.66  52.87  37.08  99.66   8508  198.479    48   56.769  255.248
        13228.9   0.00  74.87  38.68  38.78  99.66   8516  198.652    48   56.769  255.421
        13239.0   0.00  36.16   0.00  40.83  99.66   8524  198.819    48   56.769  255.588
        13248.9  43.06   0.00  74.45  42.39  99.66   8531  198.970    48   56.769  255.739
        13258.9  81.48   0.00  14.12  45.08  99.66   8539  199.199    48   56.769  255.969
Timestamp         S0     S1     E      O      P     YGC     YGCT    FGC    FGCT     GCT   
        13268.9   0.00  41.74  65.79  46.69  99.66   8546  199.349    48   56.769  256.118
        13279.0   0.00  56.15  16.33  48.23  99.66   8554  199.511    48   56.769  256.281
        13289.0  61.89   0.00  66.00  49.46  99.66   8561  199.655    48   56.769  256.424
        13298.9  48.04   0.00   6.32  50.96  99.66   8569  199.782    48   56.769  256.551
        13309.0   0.00  34.35  89.94  54.29  99.66   8576  199.957    48   56.769  256.726
        13319.0   0.00  27.31  25.78  56.13  99.66   8584  200.124    48   56.769  256.894
        13328.9  37.32   0.00  72.39  57.35  99.66   8591  200.255    48   56.769  257.025
        13338.9   0.00  52.40  81.58  58.28  99.66   8598  200.377    48   56.769  257.146
        13349.0   0.00 100.00  39.00  61.56  99.66   8606  200.580    48   56.769  257.350
        13359.0   0.00  41.93   4.30  63.67  99.66   8614  200.781    48   56.769  257.550
Timestamp         S0     S1     E      O      P     YGC     YGCT    FGC    FGCT     GCT   
        13368.9  27.75   0.00  39.85  65.32  99.66   8621  200.947    48   56.769  257.716
        13379.0   0.00  99.69  82.39  66.77  99.66   8628  201.126    48   56.769  257.895
        13388.9  23.26   0.00  93.27  68.32  99.66   8635  201.332    48   56.769  258.102
        13398.9  59.72   0.00   8.87  69.41  99.66   8643  201.485    48   56.769  258.254
        13409.0   0.00 100.00  69.78  71.12  99.66   8650  201.628    48   56.769  258.398
        13419.0   0.00 100.00  16.93  72.61  99.66   8658  201.801    48   56.769  258.570
        13429.0  79.70   0.00  79.67  74.24  99.66   8665  201.961    48   56.769  258.730
        13439.0  58.54   0.00   8.01  76.00  99.66   8673  202.198    48   56.769  258.967
        13449.0   0.00  30.86  65.40  79.09  99.66   8680  202.415    48   56.769  259.184
        13459.0   0.00  26.04  28.72  80.69  99.66   8688  202.575    48   56.769  259.344
Timestamp         S0     S1     E      O      P     YGC     YGCT    FGC    FGCT     GCT   
        13469.0  55.21   0.00  77.98  81.77  99.66   8695  202.729    48   56.769  259.498
        13479.0  70.36   0.00  39.93  83.13  99.66   8703  202.907    48   56.769  259.676
        13489.0  28.39   0.00  21.18  87.04  99.66   8711  203.120    48   56.769  259.889
        13499.0   0.00  55.58  88.52  88.29  99.66   8718  203.351    48   56.769  260.120
        13509.0   0.00  46.15  84.15  90.41  99.66   8726  203.543    48   56.769  260.312
        13519.0   0.00  42.58  62.82  92.76  99.66   8734  203.725    48   56.769  260.494
        13529.0   0.00  46.51   0.34  94.43  99.66   8742  203.915    48   56.769  260.685
        13539.0  61.75   0.00  44.63  96.23  99.66   8749  204.102    48   56.769  260.871
        13549.0  77.37   0.00   7.42  98.02  99.66   8757  204.282    48   56.769  261.052
        13559.0   0.00  50.85   0.00  99.55  99.66   8764  204.443    49   56.769  261.212
Timestamp         S0     S1     E      O      P     YGC     YGCT    FGC    FGCT     GCT   
        13569.0  45.96   0.00   9.43  20.14  99.66   8771  204.586    49   58.261  262.847
        13579.0   0.00 100.00  89.06  21.59  99.66   8778  204.721    49   58.261  262.982
        13589.0   0.00  99.69  93.60  24.97  99.66   8786  204.993    49   58.261  263.254
        13599.0   0.00  37.16  71.35  26.70  99.66   8794  205.162    49   58.261  263.423
        13609.0   0.00  48.62  48.05  28.45  99.66   8802  205.357    49   58.261  263.618
        13619.0  35.21   0.00  65.69  29.96  99.66   8809  205.535    49   58.261  263.796
        13629.0   0.00  65.75  86.64  31.38  99.66   8816  205.697    49   58.261  263.958
        13639.0  52.05   0.00  70.12  32.76  99.66   8823  205.825    49   58.261  264.086
        13649.0  66.33   0.00   5.61  34.22  99.66   8831  205.991    49   58.261  264.252
        13659.0   0.00  99.83  79.30  38.01  99.66   8838  206.181    49   58.261  264.442
Timestamp         S0     S1     E      O      P     YGC     YGCT    FGC    FGCT     GCT   
        13669.0  52.25   0.00   2.94  41.10  99.66   8847  206.399    49   58.261  264.660
        13679.0   0.00  24.02  41.14  42.62  99.66   8854  206.518    49   58.261  264.779
        13689.0   0.00  56.85  15.94  45.20  99.66   8862  206.808    49   58.261  265.069
        13699.0  30.41   0.00  94.24  47.28  99.66   8869  206.972    49   58.261  265.233
        13709.0  35.05   0.00  80.16  48.92  99.66   8877  207.153    49   58.261  265.414
        13719.0  70.18   0.00  74.76  51.32  99.66   8885  207.419    49   58.261  265.680
        13729.0  47.42   0.00  60.97  54.45  99.66   8893  207.618    49   58.261  265.879
        13739.0  83.86   0.00  22.25  58.33  99.66   8901  207.886    49   58.261  266.147
        13749.0  64.03   0.00  26.98  61.13  99.66   8909  208.104    49   58.261  266.365
        13759.0   0.00  26.44  84.33  63.60  99.66   8916  208.278    49   58.261  266.539
Timestamp         S0     S1     E      O      P     YGC     YGCT    FGC    FGCT     GCT   
        13769.0   0.00  38.64  21.84  64.96  99.66   8924  208.460    49   58.261  266.721
        13779.0  39.04   0.00  76.76  66.21  99.66   8931  208.612    49   58.261  266.873
        13789.0  62.58   0.00  10.00  67.68  99.66   8939  208.787    49   58.261  267.048
        13799.0   0.00  20.49  56.10  71.23  99.66   8946  208.964    49   58.261  267.225
        13809.0   0.00  57.54  30.93  72.73  99.66   8954  209.183    49   58.261  267.444
        13819.0  58.59   0.00  60.46  74.06  99.66   8961  209.366    49   58.261  267.627
        13829.0   0.00  31.50  75.84  75.09  99.66   8968  209.510    49   58.261  267.770
        13839.0   0.00 100.00  37.45  78.40  99.66   8976  209.694    49   58.261  267.955
        13849.0   0.00  36.44  40.06  80.58  99.66   8984  209.870    49   58.261  268.131
        13859.0   0.00  56.10  26.83  83.54  99.66   8992  210.131    49   58.261  268.392
Timestamp         S0     S1     E      O      P     YGC     YGCT    FGC    FGCT     GCT   
        13869.0  63.29   0.00  83.83  85.51  99.66   8999  210.385    49   58.261  268.646
        13879.0  36.65   0.00  25.14  86.78  99.66   9007  210.556    49   58.261  268.817
        13889.0   0.00  62.87  73.49  87.89  99.66   9014  210.702    49   58.261  268.963
        13899.0   0.00  50.70  53.33  91.48  99.66   9022  210.897    49   58.261  269.158
        13909.0   0.00  34.10   1.70  93.03  99.66   9030  211.087    49   58.261  269.348
        13919.0  44.32   0.00  17.23  94.06  99.66   9037  211.254    49   58.261  269.515
        13929.0  69.51   0.00  91.62  95.52  99.66   9043  211.402    49   58.261  269.663
        13939.0  45.88   0.00  56.66  97.22  99.66   9051  211.595    49   58.261  269.856
        13949.0   0.00 100.00  77.69  98.54  99.66   9058  211.760    49   58.261  270.020
        13959.0  63.61   0.00  37.00  19.29  99.66   9065  211.942    50   59.710  271.652
Timestamp         S0     S1     E      O      P     YGC     YGCT    FGC    FGCT     GCT   
        13969.0   0.00  61.46  90.53  20.54  99.66   9072  212.077    50   59.710  271.786
        13979.0   0.00  84.42  10.73  21.86  99.66   9080  212.226    50   59.710  271.936
        13989.0  72.48   0.00  51.60  23.27  99.66   9087  212.397    50   59.710  272.107
        13999.0  18.35   0.00  49.48  28.30  99.66   9095  212.612    50   59.710  272.321
        14009.0  35.00   0.00  21.74  29.92  99.66   9103  212.787    50   59.710  272.496
        14019.0   0.00  44.93  85.34  31.51  99.66   9110  212.948    50   59.710  272.657
        14029.0   0.00  51.24  42.29  33.47  99.66   9118  213.126    50   59.710  272.836
        14039.0   0.00  35.33  13.11  37.08  99.66   9126  213.345    50   59.710  273.054
        14049.0   0.00  56.88  11.20  39.50  99.66   9134  213.550    50   59.710  273.260
        14059.0   0.00  44.57   4.97  41.35  99.66   9142  213.733    50   59.710  273.443
Timestamp         S0     S1     E      O      P     YGC     YGCT    FGC    FGCT     GCT   
        14069.0  57.84   0.00  46.45  42.55  99.66   9149  213.870    50   59.710  273.579
        14079.0  47.54   0.00   9.50  44.67  99.66   9157  214.044    50   59.710  273.754
        14089.0   0.00  48.09  90.42  45.97  99.66   9164  214.195    50   59.710  273.904
        14099.0  55.52   0.00  80.94  47.19  99.66   9171  214.354    50   59.710  274.063
        14109.0  61.30   0.00  16.76  48.96  99.66   9179  214.533    50   59.710  274.242
        14119.0   0.00 100.00  61.89  50.05  99.66   9186  214.658    50   59.710  274.367
        14129.0   0.00  23.84   4.77  53.26  99.66   9194  214.868    50   59.710  274.578
        14139.0  42.61   0.00  23.04  54.49  99.66   9201  215.002    50   59.710  274.712
        14149.0   0.00  53.97  83.47  55.73  99.66   9208  215.139    50   59.710  274.848
        14159.0   0.00  55.70  53.67  58.44  99.66   9216  215.395    50   59.710  275.105
Timestamp         S0     S1     E      O      P     YGC     YGCT    FGC    FGCT     GCT   
        14169.0   0.00  87.44   2.55  60.59  99.66   9224  215.583    50   59.710  275.293
        14179.0   0.00  99.64   1.94  63.51  99.66   9232  215.791    50   59.710  275.500
        14189.0  30.24   0.00  68.06  65.78  99.66   9239  215.998    50   59.710  275.707
        14199.0  44.12   0.00  37.95  67.78  99.66   9247  216.206    50   59.710  275.916
        14209.0  92.49   0.00  22.96  69.75  99.66   9255  216.383    50   59.710  276.093
        14219.1   0.00  48.95  96.03  72.55  99.66   9262  216.552    50   59.710  276.262
        14229.1   0.00  40.81  89.74  74.28  99.66   9270  216.731    50   59.710  276.440
        14239.1   0.00  69.65  39.02  76.18  99.66   9278  216.927    50   59.710  276.637
        14249.1   0.00  61.64  13.50  77.93  99.66   9286  217.113    50   59.710  276.823
        14259.0  62.50   0.00  92.94  79.69  99.66   9293  217.277    50   59.710  276.987
Timestamp         S0     S1     E      O      P     YGC     YGCT    FGC    FGCT     GCT   
        14269.0  36.16   0.00  45.78  81.19  99.66   9301  217.435    50   59.710  277.145
        14279.0   0.00 100.00  92.80  82.85  99.66   9308  217.650    50   59.710  277.359
        14289.0   0.00  63.80  45.48  84.82  99.66   9316  217.832    50   59.710  277.541
        14299.0   0.00  36.80  19.66  88.57  99.66   9324  218.036    50   59.710  277.745
        14309.1  56.02   0.00  81.39  90.18  99.66   9331  218.199    50   59.710  277.909
        14319.1  36.67   0.00  48.42  91.87  99.66   9339  218.391    50   59.710  278.101
        14329.0  43.60 100.00 100.00  93.64  99.66   9347  218.550    50   59.710  278.259
        14339.0   0.00  74.02  68.42  95.91  99.66   9354  218.857    50   59.710  278.566
        14349.1   0.00  28.22  18.56  98.10  99.66   9362  219.024    50   59.710  278.734
        14359.1   0.00   0.00  75.32  18.63  99.72   9368  219.149    51   61.145  280.293
Timestamp         S0     S1     E      O      P     YGC     YGCT    FGC    FGCT     GCT   
        14369.0   0.00 100.00  66.46  20.97  99.72   9376  219.371    51   61.145  280.515
        14379.1   0.00  38.48  59.72  23.96  99.72   9384  219.566    51   61.145  280.711
        14389.1   0.00  23.46  32.46  25.74  99.72   9392  219.720    51   61.145  280.864
        14399.0  46.32   0.00  95.09  27.20  99.72   9399  219.867    51   61.145  281.012
        14409.1  59.60   0.00  26.27  28.80  99.72   9407  220.045    51   61.145  281.189
        14419.1   0.00  55.61  93.43  34.01  99.72   9414  220.232    51   61.145  281.377
        14429.1   0.00 100.00  96.93  36.99  99.72   9422  220.444    51   61.145  281.588
        14439.1   0.00  20.96  59.25  38.39  99.72   9430  220.615    51   61.145  281.760
        14449.1   0.00  67.39  15.18  39.85  99.72   9438  220.772    51   61.145  281.917
        14459.1  21.24   0.00  52.89  41.16  99.72   9445  220.909    51   61.145  282.054
Timestamp         S0     S1     E      O      P     YGC     YGCT    FGC    FGCT     GCT   
        14469.0  91.71   0.00   3.97  42.66  99.72   9453  221.084    51   61.145  282.229
        14479.1   0.00  73.74  77.59  44.67  99.72   9460  221.270    51   61.145  282.415
        14489.1   0.00  90.29   5.54  46.41  99.72   9468  221.493    51   61.145  282.637
        14499.1 100.00   0.00  86.99  49.97  99.72   9475  221.658    51   61.145  282.802
        14509.0   0.00  41.31  16.35  55.69  99.74   9484  221.952    51   61.145  283.097
        14519.0   0.00  35.17  26.39  58.51  99.74   9492  222.164    51   61.145  283.309
        14529.1  27.96   0.00  86.39  59.92  99.74   9499  222.310    51   61.145  283.454
        14539.0  36.08   0.00  47.71  61.31  99.74   9507  222.452    51   61.145  283.597
        14549.1  63.61   0.00  15.75  63.04  99.74   9515  222.619    51   61.145  283.764
        14559.1  87.61   0.00   0.98  65.93  99.74   9523  222.835    51   61.145  283.979
Timestamp         S0     S1     E      O      P     YGC     YGCT    FGC    FGCT     GCT   
        14569.1  58.25   0.00  11.78  70.54  99.74   9531  223.099    51   61.145  284.244
        14579.1  60.22   0.00   0.41  74.21  99.74   9539  223.330    51   61.145  284.474
        14589.1   0.00  99.58  67.47  76.28  99.74   9546  223.520    51   61.145  284.664
        14599.1   0.00  45.71  58.36  78.74  99.74   9554  223.755    51   61.145  284.900
        14609.1   0.00 100.00  31.51  80.78  99.74   9562  223.923    51   61.145  285.067
        14619.1  37.77   0.00  99.89  82.66  99.74   9569  224.092    51   61.145  285.237
        14629.1  43.19   0.00  62.78  84.25  99.74   9577  224.252    51   61.145  285.396
        14639.1   0.00  99.06  71.61  85.04  99.74   9584  224.404    51   61.145  285.548
        14649.1   0.00 100.00  39.10  86.95  99.74   9592  224.603    51   61.145  285.748
        14659.2   0.00  55.26   6.06  89.33  99.74   9600  224.805    51   61.145  285.949
Timestamp         S0     S1     E      O      P     YGC     YGCT    FGC    FGCT     GCT   
        14669.1  51.28   0.00  59.53  91.62  99.74   9607  224.976    51   61.145  286.121
        14679.1   0.00  99.51  89.39  93.04  99.74   9614  225.184    51   61.145  286.328
        14689.1   0.00 100.00  68.25  95.24  99.74   9622  225.397    51   61.145  286.542
        14699.1   0.00 100.00  20.62  97.98  99.74   9630  225.639    51   61.145  286.783
        14709.1   0.00  31.40  80.38  15.39  99.67   9636  225.789    52   62.756  288.544
        14719.1   0.00  29.54  18.14  16.67  99.67   9644  225.930    52   62.756  288.686
        14729.1  28.39   0.00  44.23  17.83  99.67   9651  226.059    52   62.756  288.814
        14739.1  32.90   0.00  28.95  19.85  99.67   9659  226.230    52   62.756  288.986
        14749.1  61.00   0.00   7.42  22.27  99.67   9667  226.445    52   62.756  289.201
        14759.1   0.00  62.30  91.32  25.32  99.67   9674  226.635    52   62.756  289.391
Timestamp         S0     S1     E      O      P     YGC     YGCT    FGC    FGCT     GCT   
        14769.1   0.00 100.00  81.68  28.51  99.67   9682  226.842    52   62.756  289.597
        14779.1   0.00  99.17  64.54  31.50  99.67   9690  227.068    52   62.756  289.824
        14789.1   0.00  99.40  40.50  33.92  99.67   9698  227.262    52   62.756  290.018
        14799.2   0.00  33.18  20.56  35.43  99.67   9706  227.426    52   62.756  290.181
        14809.2   0.00  64.69   9.18  37.45  99.67   9714  227.598    52   62.756  290.353
        14819.2  89.68   0.00  90.85  40.21  99.67   9721  227.774    52   62.756  290.529
        14829.2  63.99   0.00  66.19  44.35  99.67   9729  228.029    52   62.756  290.784
        14839.2  82.27   0.00  73.93  47.19  99.67   9737  228.217    52   62.756  290.973
        14849.2  23.31   0.00  39.55  50.57  99.67   9745  228.436    52   62.756  291.192
        14859.2   0.00  29.10  62.05  51.41  99.67   9752  228.562    52   62.756  291.318
Timestamp         S0     S1     E      O      P     YGC     YGCT    FGC    FGCT     GCT   
        14869.2   0.00  45.25  23.06  53.25  99.67   9760  228.717    52   62.756  291.473
        14879.2  45.37   0.00  67.31  54.52  99.67   9767  228.864    52   62.756  291.620
        14889.2  92.15   0.00  26.27  58.48  99.67   9775  229.127    52   62.756  291.883
        14899.2  47.71   0.00  40.22  60.71  99.67   9783  229.356    52   62.756  292.112
        14909.2  40.48   0.00   3.01  63.01  99.67   9791  229.567    52   62.756  292.323
        14919.2   0.00  65.87  43.48  64.45  99.67   9798  229.707    52   62.756  292.463
        14929.2   0.00  65.79  16.38  66.26  99.67   9806  229.895    52   62.756  292.651
        14939.2  75.57   0.00  69.72  68.17  99.67   9813  230.065    52   62.756  292.820
        14949.2  82.56   0.00  22.73  70.02  99.67   9821  230.247    52   62.756  293.003
        14959.2  34.76   0.00   3.89  74.50  99.67   9829  230.464    52   62.756  293.219
Timestamp         S0     S1     E      O      P     YGC     YGCT    FGC    FGCT     GCT   
        14969.2  53.57   0.00  17.74  77.00  99.67   9837  230.671    52   62.756  293.427
        14979.2   0.00  99.48  94.12  78.54  99.67   9844  230.822    52   62.756  293.578
        14989.2   0.00  99.73  67.21  80.24  99.67   9852  231.015    52   62.756  293.771
        14999.2   0.00 100.00   2.69  82.34  99.67   9860  231.221    52   62.756  293.977
        15009.2  49.73   0.00  89.62  84.09  99.67   9867  231.388    52   62.756  294.143
        15019.2  79.12   0.00  38.28  87.66  99.67   9875  231.604    52   62.756  294.360
        15029.2  32.55   0.00  46.07  91.13  99.67   9883  231.840    52   62.756  294.596
        15039.2  35.27   0.00   4.99  92.63  99.67   9891  232.042    52   62.756  294.797
        15049.2   0.00  46.26  58.29  94.29  99.67   9898  232.227    52   62.756  294.983
        15059.2  36.41   0.00  65.41  95.54  99.67   9905  232.368    52   62.756  295.124
Timestamp         S0     S1     E      O      P     YGC     YGCT    FGC    FGCT     GCT   
        15069.2  40.23   0.00  20.33  97.17  99.67   9913  232.603    52   62.756  295.359
        15079.2   0.00  73.43  89.81  98.72  99.67   9920  232.790    52   62.756  295.545
        15089.2  61.17   0.00  36.89  19.89  99.67   9927  232.951    53   64.203  297.155
        15099.2  48.73   0.00   6.45  21.90  99.67   9935  233.134    53   64.203  297.338
        15109.2   0.00  70.05  88.69  23.96  99.67   9942  233.295    53   64.203  297.498
        15119.2   0.00  61.54  53.49  26.14  99.67   9950  233.462    53   64.203  297.665
        15129.2   0.00  40.88   3.43  28.03  99.67   9958  233.682    53   64.203  297.885
        15139.2  85.45   0.00  32.85  29.42  99.67   9965  233.856    53   64.203  298.059
        15149.2   0.00  28.90  97.25  33.33  99.67   9972  234.050    53   64.203  298.253
        15159.2   0.00  99.78  79.81  35.81  99.67   9980  234.254    53   64.203  298.458
Timestamp         S0     S1     E      O      P     YGC     YGCT    FGC    FGCT     GCT   
        15169.2   0.00  71.99  69.01  38.61  99.67   9988  234.452    53   64.203  298.655
        15179.2   0.00 100.00  23.54  41.42  99.67   9996  234.649    53   64.203  298.852
        15189.2   0.00 100.00  27.78  43.36  99.67  10004  234.873    53   64.203  299.076
        15199.2   0.00  24.60  18.49  47.69  99.67  10012  235.100    53   64.203  299.303
        15209.2  55.99   0.00  92.46  49.05  99.67  10019  235.258    53   64.203  299.461
        15219.2  49.53   0.00  45.65  50.66  99.67  10027  235.435    53   64.203  299.638
        15229.2   0.00  99.68  89.34  51.51  99.67  10034  235.551    53   64.203  299.755
        15239.2  62.64   0.00  75.12  53.23  99.67  10041  235.705    53   64.203  299.908
        15249.2  84.94   0.00  36.71  55.34  99.67  10049  235.907    53   64.203  300.110
        15259.2   0.00 100.00  91.38  57.02  99.67  10056  236.077    53   64.203  300.281
Timestamp         S0     S1     E      O      P     YGC     YGCT    FGC    FGCT     GCT   
        15269.2   0.00 100.00  66.58  59.36  99.67  10064  236.264    53   64.203  300.467
        15279.2   0.00  60.77  43.27  61.86  99.67  10072  236.459    53   64.203  300.662
        15289.2   0.00 100.00  12.20  64.18  99.67  10080  236.665    53   64.203  300.868
        15299.2  73.98   0.00  56.40  65.63  99.67  10087  236.917    53   64.203  301.120
        15309.2   0.00  29.61  99.25  67.33  99.67  10094  237.086    53   64.203  301.289
        15319.2   0.00  99.11  38.50  68.67  99.67  10102  237.236    53   64.203  301.439
        15329.2  41.87   0.00  72.85  70.16  99.67  10109  237.430    53   64.203  301.633
        15339.2  67.88   0.00  23.13  71.89  99.67  10117  237.616    53   64.203  301.819
        15349.2  34.21   0.00  16.03  76.45  99.67  10125  237.860    53   64.203  302.063
        15359.2   0.00  27.56  91.68  78.06  99.67  10132  238.016    53   64.203  302.219
Timestamp         S0     S1     E      O      P     YGC     YGCT    FGC    FGCT     GCT   
        15369.2   0.00  34.06  19.77  79.61  99.67  10140  238.214    53   64.203  302.418
        15379.2   0.00  56.96   1.59  81.48  99.67  10148  238.400    53   64.203  302.603
        15389.2  40.96   0.00  61.59  82.78  99.67  10155  238.540    53   64.203  302.743
        15399.2  44.20   0.00  24.15  84.01  99.67  10163  238.715    53   64.203  302.918
        15409.2  54.07   0.00  22.09  88.52  99.67  10171  238.964    53   64.203  303.167
        15419.2   0.00  53.70  93.54  90.60  99.67  10178  239.154    53   64.203  303.357
        15429.2   0.00  99.76  78.92  93.52  99.67  10186  239.405    53   64.203  303.608
        15439.2   0.00  46.75  55.45  96.20  99.67  10194  239.648    53   64.203  303.852
        15449.2   0.00 100.00  60.55  98.61  99.67  10202  239.922    53   64.203  304.125
        15459.2  37.69   0.00  43.91  20.76  99.67  10209  240.111    54   65.682  305.793
Timestamp         S0     S1     E      O      P     YGC     YGCT    FGC    FGCT     GCT   
        15469.3  78.96   0.00  48.57  23.01  99.67  10217  240.284    54   65.682  305.966
        15479.3  57.51   0.00  24.81  24.88  99.67  10225  240.485    54   65.682  306.167
        15489.2  47.05   0.00  17.13  27.80  99.67  10233  240.685    54   65.682  306.367
        15499.2   0.00  46.52  81.64  29.50  99.67  10240  240.847    54   65.682  306.529
        15509.2   0.00  53.92  65.35  31.23  99.67  10248  241.005    54   65.682  306.687
        15519.3   0.00  99.48  49.94  33.19  99.67  10256  241.194    54   65.682  306.876
        15529.2   0.00  63.74  21.26  34.92  99.67  10264  241.388    54   65.682  307.070
        15539.3 100.00   0.00  66.85  38.10  99.67  10271  241.544    54   65.682  307.226
        15549.2  42.48   0.00  34.03  39.92  99.67  10279  241.710    54   65.682  307.391
        15559.3  95.36   0.00  25.63  42.12  99.67  10287  241.904    54   65.682  307.586
Timestamp         S0     S1     E      O      P     YGC     YGCT    FGC    FGCT     GCT   
        15569.2  23.62   0.00   0.00  45.35  99.67  10295  242.102    54   65.682  307.784
        15579.3   0.00  25.29  78.98  47.23  99.67  10302  242.276    54   65.682  307.958
        15589.3   0.00  62.89  54.63  48.64  99.67  10310  242.525    54   65.682  308.207
        15599.2   0.00  48.61  29.72  51.78  99.67  10318  242.790    54   65.682  308.472
        15609.3  27.36   0.00  95.17  53.53  99.67  10325  242.951    54   65.682  308.633
        15619.3   0.00  65.69  45.35  54.91  99.67  10332  243.113    54   65.682  308.794
        15629.2   0.00  27.89  30.01  59.05  99.67  10340  243.318    54   65.682  309.000
        15639.2   0.00  56.33  35.09  61.34  99.67  10348  243.516    54   65.682  309.197
        15649.2   0.00  70.00  29.74  63.90  99.67  10356  243.724    54   65.682  309.405
        15659.3  38.12   0.00  70.99  66.33  99.67  10363  243.894    54   65.682  309.576
Timestamp         S0     S1     E      O      P     YGC     YGCT    FGC    FGCT     GCT   
        15669.2  62.20   0.00  46.56  68.12  99.67  10371  244.053    54   65.682  309.735
        15679.3  70.86   0.00   1.12  69.86  99.67  10379  244.229    54   65.682  309.911
        15689.3   0.00 100.00  78.71  71.92  99.67  10386  244.420    54   65.682  310.102
        15699.2   0.00 100.00  66.83  74.30  99.67  10394  244.646    54   65.682  310.328
        15709.2   0.00  99.69  21.37  75.94  99.67  10402  244.817    54   65.682  310.499
        15719.3  84.47   0.00  38.81  77.70  99.67  10409  244.971    54   65.682  310.653
        15729.3   0.00 100.00  86.27  79.90  99.67  10416  245.189    54   65.682  310.871
        15739.3   0.00  67.32  50.31  82.27  99.67  10424  245.460    54   65.682  311.142
        15749.3   0.00  56.70   7.66  84.13  99.67  10432  245.662    54   65.682  311.344
        15759.2  41.71   0.00  44.84  85.33  99.67  10439  245.816    54   65.682  311.498
Timestamp         S0     S1     E      O      P     YGC     YGCT    FGC    FGCT     GCT   
        15769.3   0.00  79.46  78.93  86.53  99.67  10446  245.994    54   65.682  311.676
        15779.3   0.00  31.23  28.66  90.06  99.67  10454  246.246    54   65.682  311.928
        15789.3   0.00  38.46  14.39  92.17  99.67  10462  246.465    54   65.682  312.147
        15799.3  39.01   0.00  98.35  94.33  99.67  10470  246.640    54   65.682  312.322
        15809.3  43.30   0.00  67.39  97.01  99.67  10477  246.867    54   65.682  312.549
        15819.3  29.95   0.00  43.27  98.74  99.67  10485  247.046    54   65.682  312.728
        15829.3   0.00   0.00  89.86  18.37  99.67  10491  247.226    55   67.170  314.396
        15839.3  64.68   0.00  74.15  21.90  99.67  10499  247.464    55   67.170  314.634
        15849.3  70.76   0.00  47.15  24.11  99.67  10507  247.682    55   67.170  314.852
        15859.3  67.02   0.00  28.03  26.36  99.67  10515  247.917    55   67.170  315.087
Timestamp         S0     S1     E      O      P     YGC     YGCT    FGC    FGCT     GCT   
        15869.3  41.75   0.00  12.61  28.48  99.67  10523  248.083    55   67.170  315.253
        15879.3   0.00  60.16  85.18  30.53  99.67  10530  248.268    55   67.170  315.438
        15889.3   0.00  71.51  48.38  32.99  99.67  10538  248.447    55   67.170  315.617
        15899.3   0.00  34.44  16.88  36.62  99.67  10546  248.641    55   67.170  315.811
        15909.2   0.00  33.62  11.85  39.11  99.67  10554  248.895    55   67.170  316.065
        15919.3  36.29   0.00  75.73  40.55  99.67  10561  249.037    55   67.170  316.207
        15929.3  64.08   0.00  60.06  42.69  99.67  10569  249.289    55   67.170  316.460
        15939.2  36.46   0.00   4.06  44.50  99.67  10577  249.533    55   67.170  316.703
        15949.3   0.00  55.23  64.71  45.74  99.67  10584  249.669    55   67.170  316.839
        15959.3  30.00   0.00  93.22  48.70  99.67  10591  249.858    55   67.170  317.028
Timestamp         S0     S1     E      O      P     YGC     YGCT    FGC    FGCT     GCT   
        15969.3  55.03   0.00  76.36  49.94  99.67  10599  250.041    55   67.170  317.211
        15979.3  56.44   0.00  17.36  51.37  99.67  10607  250.197    55   67.170  317.367
        15989.3   0.00  99.62 100.00  52.73  99.67  10614  250.332    55   67.170  317.502
        15999.3   0.00  38.38  61.11  55.01  99.67  10622  250.579    55   67.170  317.750
        16009.3   0.00  28.96  14.00  56.56  99.67  10630  250.741    55   67.170  317.911
        16019.2  63.27   0.00  26.98  57.75  99.67  10637  250.889    55   67.170  318.059
        16029.3  45.89   0.00  11.54  62.00  99.67  10645  251.148    55   67.170  318.318
        16039.2   0.00  41.28  79.79  63.56  99.67  10652  251.293    55   67.170  318.463
        16049.3   0.00  74.23  77.62  65.39  99.67  10660  251.504    55   67.170  318.674
        16059.3   0.00  65.00  33.19  67.09  99.67  10668  251.685    55   67.170  318.855
Timestamp         S0     S1     E      O      P     YGC     YGCT    FGC    FGCT     GCT   
        16069.2   0.00  68.91   1.50  68.60  99.67  10676  251.849    55   67.170  319.019
        16079.3 100.00   0.00  73.17  73.89  99.67  10683  252.100    55   67.170  319.270
        16089.3   0.00  29.21   9.64  78.27  99.67  10692  252.347    55   67.170  319.517
        16099.3  40.03   0.00  92.97  79.47  99.67  10699  252.578    55   67.170  319.748
        16109.3  65.53   0.00  73.74  81.54  99.67  10707  252.752    55   67.170  319.922
        16119.2  73.44   0.00  52.29  83.53  99.67  10715  252.962    55   67.170  320.132
        16129.3  76.20   0.00  32.57  86.25  99.67  10723  253.172    55   67.170  320.342
        16139.3   0.00  33.78  82.63  88.47  99.67  10730  253.336    55   67.170  320.506
        16149.3   0.00  48.48  49.79  90.32  99.67  10738  253.520    55   67.170  320.690
        16159.3   0.00  33.96  16.30  92.69  99.67  10746  253.789    55   67.170  320.959
Timestamp         S0     S1     E      O      P     YGC     YGCT    FGC    FGCT     GCT   
        16169.3  91.27   0.00  85.14  94.23  99.67  10753  253.947    55   67.170  321.117
        16179.3  32.91   0.00  57.31  96.26  99.67  10761  254.189    55   67.170  321.359
        16189.3  73.60   0.00  39.60  98.20  99.67  10769  254.395    55   67.170  321.565
        16199.3   0.00   0.00  83.41  13.93  99.73  10775  254.544    56   68.609  323.153
        16209.3  41.11   0.00  44.20  16.30  99.73  10783  254.816    56   68.609  323.425
        16219.4  79.63   0.00  12.30  17.76  99.73  10791  254.977    56   68.609  323.586
        16229.4   0.00 100.00  70.33  19.57  99.73  10798  255.133    56   68.609  323.743
        16239.3   0.00  31.66  55.54  24.16  99.73  10806  255.488    56   68.609  324.098
        16249.4   0.00  49.05  54.01  26.41  99.73  10814  255.669    56   68.609  324.278
        16259.4  25.90   0.00  83.43  27.78  99.73  10821  255.791    56   68.609  324.401
Timestamp         S0     S1     E      O      P     YGC     YGCT    FGC    FGCT     GCT   
        16269.4  31.35   0.00  25.18  29.31  99.73  10829  255.972    56   68.609  324.581
        16279.4   0.00 100.00  71.96  30.38  99.73  10836  256.120    56   68.609  324.730
        16289.4   0.00  71.90  69.61  33.19  99.73  10844  256.308    56   68.609  324.917
        16299.4   0.00 100.00  94.17  36.94  99.73  10852  256.535    56   68.609  325.144
        16309.4  49.03   0.00   4.32  40.44  99.73  10861  256.762    56   68.609  325.371
        16319.4   0.00  99.78 100.00  44.04  99.73  10869  256.987    56   68.609  325.597
        16329.4  49.63   0.00  14.98  47.74  99.73  10877  257.214    56   68.609  325.824
        16339.4  65.38   0.00   9.19  49.98  99.73  10885  257.384    56   68.609  325.993
        16349.4  36.88   0.00   0.00  52.67  99.73  10893  257.558    56   68.609  326.168
        16359.4   0.00  38.42  38.99  53.79  99.73  10900  257.705    56   68.609  326.314
Timestamp         S0     S1     E      O      P     YGC     YGCT    FGC    FGCT     GCT   
        16369.4  46.41   0.00  96.55  55.33  99.73  10907  257.854    56   68.609  326.463
        16379.4  77.47   0.00  43.42  57.10  99.73  10915  258.050    56   68.609  326.659
        16389.4   0.00  79.08  59.61  58.26  99.73  10922  258.226    56   68.609  326.836
        16399.4   0.00  65.90  42.62  60.20  99.73  10930  258.462    56   68.609  327.071
        16409.4   0.00 100.00   7.62  62.22  99.73  10938  258.661    56   68.609  327.271
        16419.4   0.00  99.72  13.23  64.30  99.73  10946  258.848    56   68.609  327.457
        16429.4   0.00 100.00  21.65  66.74  99.73  10954  259.024    56   68.609  327.633
        16439.4   0.00  99.80  15.98  70.00  99.73  10962  259.266    56   68.609  327.876
        16449.4   0.00  25.90  21.39  73.43  99.75  10970  259.496    56   68.609  328.105
        16459.4  73.36   0.00  96.32  75.25  99.75  10978  259.663    56   68.609  328.272
Timestamp         S0     S1     E      O      P     YGC     YGCT    FGC    FGCT     GCT   
        16469.4  20.69   0.00  84.80  78.58  99.75  10985  259.905    56   68.609  328.514
        16479.4  36.75   0.00  65.90  80.12  99.75  10993  260.069    56   68.609  328.679
        16489.4  37.98   0.00  39.68  81.42  99.75  11001  260.248    56   68.609  328.858
        16499.4   0.00  99.49  79.19  82.76  99.75  11008  260.423    56   68.609  329.033
        16509.4   0.00  99.55  58.76  84.89  99.75  11016  260.608    56   68.609  329.217
        16519.4  50.00   0.00  79.97  86.30  99.75  11023  260.756    56   68.609  329.366
        16529.4  41.56   0.00  27.17  87.95  99.75  11031  260.945    56   68.609  329.555
        16539.4   0.00  54.69  95.76  89.64  99.75  11038  261.109    56   68.609  329.718
        16549.4  28.83   0.00   0.00  93.42  99.75  11047  261.338    56   68.609  329.948
        16559.4   0.00  26.91  73.99  95.26  99.75  11054  261.487    56   68.609  330.096
Timestamp         S0     S1     E      O      P     YGC     YGCT    FGC    FGCT     GCT   
        16569.4   0.00  23.99  62.30  98.85  99.75  11062  261.740    56   68.609  330.350
        16579.4  29.41   0.00  29.15  19.65  99.69  11069  261.886    57   70.036  331.922
        16589.4   0.00  23.52  99.49  20.84  99.69  11076  262.039    57   70.036  332.075
        16599.4   0.00  52.46  15.36  21.90  99.69  11084  262.169    57   70.036  332.206
        16609.4  81.56   0.00  34.00  23.13  99.69  11091  262.385    57   70.036  332.421
        16619.4   0.00  29.28  64.89  24.93  99.69  11098  262.539    57   70.036  332.575
        16629.4   0.00  38.21  18.77  28.65  99.69  11106  262.786    57   70.036  332.822
        16639.4   0.00  42.88   0.00  31.08  99.69  11114  262.973    57   70.036  333.009
        16649.5  39.82   0.00  81.48  32.77  99.69  11121  263.128    57   70.036  333.164
        16659.4   0.00  37.15  97.13  34.35  99.69  11128  263.268    57   70.036  333.304
Timestamp         S0     S1     E      O      P     YGC     YGCT    FGC    FGCT     GCT   
        16669.4   0.00  32.90  25.33  35.81  99.69  11136  263.430    57   70.036  333.467
        16679.5  51.86   0.00  91.08  37.48  99.69  11143  263.567    57   70.036  333.603
        16689.4  44.82   0.00  45.94  39.31  99.69  11151  263.768    57   70.036  333.804
        16699.5  70.24   0.00  20.81  41.19  99.69  11159  263.965    57   70.036  334.001
        16709.5   0.00 100.00  88.49  44.29  99.69  11166  264.148    57   70.036  334.184
        16719.4   0.00  35.87  92.54  46.40  99.69  11174  264.383    57   70.036  334.419
        16729.5   0.00  34.51  72.06  48.44  99.69  11182  264.577    57   70.036  334.613
        16739.5   0.00  35.10  33.61  50.37  99.69  11190  264.767    57   70.036  334.803
        16749.4  58.47   0.00  84.80  52.04  99.69  11197  264.923    57   70.036  334.959
        16759.4  66.14   0.00  58.91  54.24  99.69  11205  265.105    57   70.036  335.141
Timestamp         S0     S1     E      O      P     YGC     YGCT    FGC    FGCT     GCT   
        16769.4  67.71   0.00  12.20  55.68  99.69  11213  265.251    57   70.036  335.288
        16779.5   0.00  40.43  97.06  57.88  99.69  11220  265.412    57   70.036  335.448
        16789.5   0.00  25.00  28.38  59.30  99.69  11228  265.562    57   70.036  335.598
        16799.5  51.55   0.00  69.44  61.01  99.69  11235  265.732    57   70.036  335.768
        16809.5  82.24   0.00  55.26  65.15  99.69  11243  265.987    57   70.036  336.023
        16819.4  49.57   0.00  26.70  72.05  99.73  11251  266.298    57   70.036  336.334
        16829.5  50.91   0.00  61.53  75.33  99.73  11259  266.507    57   70.036  336.543
        16839.5  44.48   0.00  74.00  77.72  99.73  11267  266.706    57   70.036  336.743
        16849.4  68.16   0.00  46.83  79.68  99.73  11275  266.899    57   70.036  336.936
        16859.4   0.00  99.44  88.17  81.69  99.73  11282  267.057    57   70.036  337.094
Timestamp         S0     S1     E      O      P     YGC     YGCT    FGC    FGCT     GCT   
        16869.5   0.00  67.29  24.26  83.30  99.73  11290  267.251    57   70.036  337.288
        16879.4   0.00  27.15   4.95  88.00  99.73  11298  267.489    57   70.036  337.525
        16889.5  26.44   0.00  72.86  89.39  99.73  11305  267.639    57   70.036  337.676
        16899.5  60.41   0.00  42.24  91.08  99.73  11313  267.848    57   70.036  337.884
        16909.5   0.00  28.51  89.08  92.60  99.73  11320  267.995    57   70.036  338.032
        16919.4   0.00  62.19  54.59  94.55  99.73  11328  268.202    57   70.036  338.238
        16929.5   0.00  48.90  16.10  96.91  99.73  11336  268.426    57   70.036  338.462
        16939.4  69.93   0.00  86.82  98.39  99.73  11343  268.587    57   70.036  338.623
        16949.4   0.00  99.74  52.38  19.33  99.67  11350  268.770    58   71.429  340.199
        16959.5   0.00  50.00  58.48  21.78  99.67  11358  268.937    58   71.429  340.366
Timestamp         S0     S1     E      O      P     YGC     YGCT    FGC    FGCT     GCT   
        16969.5   0.00  68.88  48.63  24.39  99.67  11366  269.185    58   71.429  340.614
        16979.5   0.00  37.55  25.75  30.69  99.67  11374  269.412    58   71.429  340.841
        16989.4   0.00  44.64  61.05  33.95  99.67  11382  269.614    58   71.429  341.043
        16999.5   0.00  30.10  82.29  36.52  99.67  11390  269.800    58   71.429  341.229
        17009.5   0.00 100.00  69.23  38.98  99.67  11398  270.050    58   71.429  341.479
        17019.5   0.00  99.52  53.77  41.13  99.67  11406  270.277    58   71.429  341.706
        17029.4   0.00  42.75  24.17  42.65  99.67  11414  270.459    58   71.429  341.888
        17039.5  77.11   0.00  90.36  44.32  99.67  11421  270.611    58   71.429  342.040
        17049.5  67.82   0.00  58.98  46.55  99.67  11429  270.822    58   71.429  342.251
        17059.5  35.03   0.00   8.57  48.03  99.67  11437  271.000    58   71.429  342.429
Timestamp         S0     S1     E      O      P     YGC     YGCT    FGC    FGCT     GCT   
        17069.5   0.00  67.07  60.21  49.41  99.67  11444  271.143    58   71.429  342.572
        17079.5   0.00 100.00  32.71  51.65  99.67  11452  271.323    58   71.429  342.752
        17089.5   0.00  52.92  31.96  54.63  99.67  11460  271.559    58   71.429  342.988
        17099.5   0.00  87.44  13.11  56.93  99.67  11468  271.754    58   71.429  343.183
        17109.5  38.20   0.00  79.42  59.81  99.67  11475  271.932    58   71.429  343.361
        17119.5  50.00   0.00  53.29  61.21  99.67  11483  272.083    58   71.429  343.512
        17129.4   0.00  48.63  87.19  62.57  99.67  11490  272.249    58   71.429  343.678
        17139.5   0.00  74.68  36.38  63.87  99.67  11498  272.404    58   71.429  343.833
        17149.5  44.48   0.00  90.47  65.58  99.67  11505  272.577    58   71.429  344.006
        17159.5  54.85   0.00  27.66  67.25  99.67  11513  272.775    58   71.429  344.204
Timestamp         S0     S1     E      O      P     YGC     YGCT    FGC    FGCT     GCT   
        17169.4  27.80   0.00   3.66  71.00  99.67  11521  272.971    58   71.429  344.400
        17179.5   0.00  40.15  90.31  72.91  99.67  11528  273.152    58   71.429  344.581
        17189.5   0.00  55.26  65.86  74.34  99.67  11536  273.298    58   71.429  344.727
        17199.5   0.00  57.82  41.55  76.10  99.67  11544  273.472    58   71.429  344.901
        17209.5   0.00  27.98   0.00  77.69  99.67  11552  273.660    58   71.429  345.089
        17219.5  31.43   0.00   1.87  79.06  99.67  11559  273.804    58   71.429  345.233
        17229.5   0.00 100.00  47.68  80.59  99.67  11566  273.981    58   71.429  345.410
        17239.5  57.47   0.00  98.02  82.19  99.67  11573  274.145    58   71.429  345.574
        17249.5  64.43   0.00  49.71  83.86  99.67  11581  274.318    58   71.429  345.747
        17259.5  65.36   0.00   0.00  85.43  99.67  11589  274.483    58   71.429  345.912
Timestamp         S0     S1     E      O      P     YGC     YGCT    FGC    FGCT     GCT   
        17269.5   0.00  33.90  62.84  87.13  99.67  11596  274.662    58   71.429  346.091
        17279.5  67.90   0.00  57.86  88.30  99.67  11603  274.826    58   71.429  346.255
        17289.5  68.79   0.00  26.50  89.88  99.67  11611  274.981    58   71.429  346.410
        17299.5   0.00  58.72  95.52  91.42  99.67  11618  275.150    58   71.429  346.579
        17309.5   0.00  75.30  26.25  92.97  99.67  11626  275.363    58   71.429  346.792
        17319.5   0.00  58.33  25.59  97.32  99.67  11634  275.628    58   71.429  347.057
        17329.5  41.94   0.00   0.00  99.28  99.67  11641  275.791    59   71.429  347.220
        17339.5   0.00  37.27  62.27  20.68  99.67  11648  275.952    59   72.868  348.820
        17349.5   0.00  51.00  21.96  22.33  99.67  11656  276.095    59   72.868  348.963
        17359.5  79.71   0.00  74.47  23.73  99.67  11663  276.234    59   72.868  349.102
Timestamp         S0     S1     E      O      P     YGC     YGCT    FGC    FGCT     GCT   
        17369.5  44.71   0.00   4.98  25.36  99.67  11671  276.403    59   72.868  349.271
        17379.5   0.00 100.00  32.23  26.56  99.67  11678  276.550    59   72.868  349.417
        17389.5   0.00  27.60  24.38  30.26  99.67  11686  276.754    59   72.868  349.621
        17399.5  58.30   0.00  97.28  31.90  99.67  11693  276.920    59   72.868  349.788
        17409.5  26.03   0.00  63.01  34.21  99.67  11701  277.079    59   72.868  349.947
        17419.5   0.00 100.00  91.21  35.03  99.67  11708  277.221    59   72.868  350.089
        17429.5   0.00  43.18   2.64  36.20  99.67  11716  277.411    59   72.868  350.279
        17439.5  65.81   0.00  40.67  37.70  99.67  11723  277.564    59   72.868  350.432
        17449.5  91.50   0.00  28.95  39.79  99.67  11731  277.733    59   72.868  350.601
        17459.5  33.54   0.00  14.39  42.68  99.67  11739  277.934    59   72.868  350.802
Timestamp         S0     S1     E      O      P     YGC     YGCT    FGC    FGCT     GCT   
        17469.5  65.71   0.00  18.75  44.54  99.67  11747  278.128    59   72.868  350.996
        17479.5  46.25   0.00  35.46  47.73  99.67  11755  278.339    59   72.868  351.207
        17489.5   0.00  52.06  86.07  49.16  99.67  11762  278.487    59   72.868  351.354
        17499.5   0.00  51.07  71.25  51.38  99.67  11770  278.660    59   72.868  351.528
        17509.5   0.00  46.93  42.47  54.02  99.67  11778  278.849    59   72.868  351.716
        17519.5  32.64   0.00  96.78  56.05  99.67  11785  279.014    59   72.868  351.881
        17529.5  88.43   0.00  64.87  57.91  99.67  11793  279.225    59   72.868  352.093
        17539.5  53.59   0.00  50.42  60.42  99.67  11801  279.411    59   72.868  352.278
        17549.5  58.51   0.00   3.74  61.89  99.67  11809  279.559    59   72.868  352.426
        17559.5   0.00  99.67  71.18  63.60  99.67  11816  279.713    59   72.868  352.581
Timestamp         S0     S1     E      O      P     YGC     YGCT    FGC    FGCT     GCT   
        17569.5   0.00  60.06  46.75  65.70  99.67  11824  279.908    59   72.868  352.776
        17579.5  63.29   0.00  74.22  67.09  99.67  11831  280.069    59   72.868  352.937
        17589.5  50.60   0.00  37.83  71.42  99.67  11839  280.306    59   72.868  353.174
        17599.5  40.25   0.00  55.20  74.59  99.67  11847  280.520    59   72.868  353.388
        17609.5  62.66   0.00  12.18  76.59  99.67  11855  280.789    59   72.868  353.656
        17619.5   0.00  29.74  55.08  78.32  99.67  11862  280.962    59   72.868  353.830
        17629.5   0.00  48.88  20.19  80.84  99.67  11870  281.179    59   72.868  354.047
        17639.5  55.15   0.00  94.97  82.64  99.67  11877  281.353    59   72.868  354.221
        17649.5  44.86   0.00  55.32  84.45  99.67  11885  281.551    59   72.868  354.419
        17659.5  86.39   0.00  36.85  86.01  99.67  11893  281.729    59   72.868  354.597
Timestamp         S0     S1     E      O      P     YGC     YGCT    FGC    FGCT     GCT   
        17669.5  60.56   0.00  41.95  89.28  99.67  11901  281.968    59   72.868  354.835
        17679.6  73.89   0.00  52.18  93.03  99.67  11909  282.211    59   72.868  355.078
        17689.6  43.84   0.00  51.00  95.98  99.67  11917  282.406    59   72.868  355.274
        17699.5  61.02   0.00  35.58  97.89  99.67  11925  282.644    59   72.868  355.512
        17709.6  50.81   0.00 100.00  16.13  99.71  11932  282.856    60   74.508  357.364
        17719.5  80.74   0.00  90.78  18.65  99.71  11939  283.061    60   74.508  357.569
        17729.5  32.33   0.00  77.92  21.35  99.71  11947  283.226    60   74.508  357.734
        17739.5  50.00   0.00  20.27  22.56  99.71  11955  283.365    60   74.508  357.873
        17749.5  27.65   0.00   0.00  24.40  99.71  11963  283.535    60   74.508  358.042
        17759.6   0.00  99.53  67.79  25.98  99.71  11970  283.695    60   74.508  358.203
Timestamp         S0     S1     E      O      P     YGC     YGCT    FGC    FGCT     GCT   
        17769.5   0.00  32.27  54.97  32.36  99.71  11978  283.956    60   74.508  358.464
        17779.5   0.00  49.85  48.51  33.58  99.71  11986  284.118    60   74.508  358.625
        17789.5   0.00  39.85  32.94  36.17  99.71  11994  284.318    60   74.508  358.826
        17799.5   0.00 100.00  17.60  38.70  99.71  12002  284.514    60   74.508  359.022
        17809.6  50.25   0.00  77.99  40.02  99.71  12009  284.674    60   74.508  359.182
        17819.6   0.00  56.08  96.08  41.70  99.71  12016  284.819    60   74.508  359.327
        17829.5   0.00  75.95  33.79  43.10  99.71  12024  284.970    60   74.508  359.478
        17839.5   0.00  48.52   0.00  47.03  99.71  12032  285.158    60   74.508  359.666
        17849.6  40.50   0.00  93.70  49.09  99.71  12039  285.316    60   74.508  359.824
        17859.5  25.78   0.00  42.95  50.57  99.71  12047  285.497    60   74.508  360.005
Timestamp         S0     S1     E      O      P     YGC     YGCT    FGC    FGCT     GCT   
        17869.5   0.00  62.37  98.90  52.02  99.71  12055  285.668    60   74.508  360.176
        17879.5   0.00  26.64  47.17  55.69  99.71  12062  285.919    60   74.508  360.427
        17889.5   0.00  45.45  20.38  57.41  99.71  12070  286.112    60   74.508  360.620
        17899.6  60.24   0.00  78.98  59.21  99.71  12077  286.273    60   74.508  360.781
        17909.6  49.18   0.00  45.08  60.94  99.71  12085  286.428    60   74.508  360.936
        17919.5  73.85   0.00   9.01  62.56  99.71  12093  286.590    60   74.508  361.098
        17929.6   0.00  38.25  60.47  64.10  99.71  12100  286.735    60   74.508  361.243
        17939.5   0.00  28.53  28.64  67.96  99.71  12108  286.974    60   74.508  361.482
        17949.6  57.76   0.00  96.07  69.24  99.71  12115  287.110    60   74.508  361.618
        17959.6  90.95   0.00  95.40  71.23  99.71  12123  287.267    60   74.508  361.775
Timestamp         S0     S1     E      O      P     YGC     YGCT    FGC    FGCT     GCT   
        17969.6  91.62   0.00  74.50  73.44  99.71  12131  287.478    60   74.508  361.986
        17979.5  41.16   0.00   8.12  75.83  99.71  12139  287.683    60   74.508  362.191
        17989.6   0.00  58.06  71.56  77.43  99.71  12146  287.911    60   74.508  362.419
        17999.6   0.00  40.14  43.08  81.71  99.71  12154  288.158    60   74.508  362.665
        18009.5   0.00 100.00  17.60  83.61  99.71  12162  288.364    60   74.508  362.872
        18019.6   0.00  99.71   1.17  85.59  99.71  12170  288.590    60   74.508  363.098
        18029.6  37.89   0.00  72.58  87.83  99.71  12177  288.768    60   74.508  363.275
        18039.6   0.00  36.10  86.90  88.74  99.71  12184  288.931    60   74.508  363.438
        18049.6   0.00  41.76  25.36  90.35  99.71  12192  289.101    60   74.508  363.609
        18059.5  68.18   0.00  30.60  91.30  99.71  12199  289.277    60   74.508  363.785
Timestamp         S0     S1     E      O      P     YGC     YGCT    FGC    FGCT     GCT   
        18069.6   0.00  57.61  93.62  93.59  99.71  12206  289.543    60   74.508  364.051
        18079.5   0.00  44.72  52.48  95.53  99.71  12214  289.706    60   74.508  364.213
        18089.5   0.00  70.24   0.00  97.03  99.71  12222  289.923    60   74.508  364.431
        18099.6   0.00  99.81  64.27  19.11  99.71  12228  290.085    61   76.028  366.114
        18109.6   0.00  28.73  47.16  21.26  99.71  12236  290.289    61   76.028  366.318
        18119.6   0.00  36.99  34.26  24.18  99.71  12244  290.504    61   76.028  366.532
        18129.6   0.00  31.52  21.57  26.52  99.71  12252  290.682    61   76.028  366.710
        18139.5  57.69   0.00  77.23  27.99  99.71  12259  290.839    61   76.028  366.868
        18149.6  52.85   0.00  41.26  29.52  99.71  12267  291.008    61   76.028  367.037
        18159.6  31.85   0.00  32.81  33.38  99.71  12275  291.213    61   76.028  367.242
Timestamp         S0     S1     E      O      P     YGC     YGCT    FGC    FGCT     GCT   
        18169.5  37.40   0.00   7.34  35.44  99.71  12283  291.388    61   76.028  367.417
        18179.5   0.00 100.00  72.70  37.56  99.71  12290  291.549    61   76.028  367.578
        18189.6   0.00  73.25  21.19  39.28  99.71  12298  291.739    61   76.028  367.768
        18199.6   0.00 100.00  28.01  41.85  99.71  12306  291.925    61   76.028  367.953
        18209.6   0.00  47.85   2.68  43.79  99.71  12314  292.087    61   76.028  368.115
        18219.6  62.89   0.00  72.40  45.56  99.71  12321  292.230    61   76.028  368.258
        18229.6  39.51   0.00  53.52  48.06  99.71  12329  292.421    61   76.028  368.450
        18239.6   0.00  59.94  85.92  49.53  99.71  12336  292.601    61   76.028  368.629
        18249.6   0.00  72.16  66.92  51.38  99.71  12344  292.762    61   76.028  368.790
        18259.5   0.00  45.70  14.17  53.33  99.71  12352  292.991    61   76.028  369.019
Timestamp         S0     S1     E      O      P     YGC     YGCT    FGC    FGCT     GCT   
        18269.6   0.00  39.85   0.46  55.54  99.71  12360  293.193    61   76.028  369.221
        18279.6  69.68   0.00  59.07  57.36  99.71  12367  293.346    61   76.028  369.375
        18289.5  47.18   0.00  18.59  59.49  99.71  12375  293.539    61   76.028  369.567
        18299.6   0.00  25.75  54.45  61.53  99.71  12382  293.702    61   76.028  369.730
        18309.6   0.00  55.92  11.26  63.17  99.71  12390  293.893    61   76.028  369.922
        18319.6   0.00 100.00   7.89  66.56  99.71  12398  294.115    61   76.028  370.143
        18329.6  22.79   0.00  63.32  68.29  99.71  12405  294.282    61   76.028  370.311
        18339.6  36.55   0.00  20.38  70.24  99.71  12413  294.503    61   76.028  370.532
        18349.6   0.00  47.92  80.54  71.36  99.71  12420  294.720    61   76.028  370.749
        18359.6   0.00  31.67   7.11  73.70  99.71  12428  294.955    61   76.028  370.983
Timestamp         S0     S1     E      O      P     YGC     YGCT    FGC    FGCT     GCT   
        18369.6 100.00   0.00  67.06  76.81  99.71  12435  295.167    61   76.028  371.195
        18379.6  33.27   0.00  72.16  79.62  99.71  12443  295.342    61   76.028  371.370
        18389.6  35.31   0.00  52.86  81.82  99.71  12451  295.534    61   76.028  371.563
        18399.6  60.19   0.00   5.92  84.04  99.71  12459  295.729    61   76.028  371.758
        18409.6  72.58   0.00   0.00  86.77  99.71  12467  295.949    61   76.028  371.978
        18419.6   0.00  99.76   6.34  88.79  99.71  12474  296.188    61   76.028  372.217
        18429.6   0.00  99.81  86.74  92.47  99.71  12480  296.528    61   76.028  372.556
        18439.6   0.00 100.00  34.55  96.93  99.71  12488  296.911    61   76.028  372.940
        18449.6  67.57   0.00  25.24  19.09  99.71  12495  297.131    62   77.557  374.689
        18459.6  61.85   0.00  23.31  22.01  99.71  12503  297.334    62   77.557  374.891
Timestamp         S0     S1     E      O      P     YGC     YGCT    FGC    FGCT     GCT   
        18469.6  35.83   0.00  14.01  24.27  99.71  12511  297.508    62   77.557  375.065
        18479.6   0.00  34.74  79.81  26.48  99.71  12518  297.675    62   77.557  375.232
        18489.6   0.00 100.00  66.03  28.75  99.71  12526  297.919    62   77.557  375.476
        18499.6   0.00  99.60  25.67  31.12  99.71  12534  298.106    62   77.557  375.663
        18509.6  28.54   0.00  78.21  32.59  99.71  12541  298.241    62   77.557  375.798
        18519.6  41.84   0.00  19.61  34.42  99.71  12549  298.416    62   77.557  375.973
        18529.6   0.00  68.79  71.71  35.84  99.71  12556  298.567    62   77.557  376.124
        18539.6   0.00  32.22   4.62  38.27  99.71  12564  298.802    62   77.557  376.359
        18549.6  61.61   0.00  23.86  39.32  99.71  12571  298.945    62   77.557  376.503
        18559.6   0.00  32.77  61.83  40.69  99.71  12578  299.092    62   77.557  376.649
Timestamp         S0     S1     E      O      P     YGC     YGCT    FGC    FGCT     GCT   
        18569.6   0.00  54.82   7.49  41.98  99.71  12586  299.260    62   77.557  376.817
        18579.6  64.60   0.00  95.83  45.86  99.71  12593  299.456    62   77.557  377.013
        18589.6  21.59   0.00  55.72  48.53  99.71  12601  299.627    62   77.557  377.184
        18599.6  31.17   0.00   8.40  49.88  99.71  12609  299.789    62   77.557  377.347
        18609.6   0.00  51.27  64.36  51.06  99.71  12616  299.943    62   77.557  377.500
        18619.6   0.00  73.01  37.61  52.66  99.71  12624  300.121    62   77.557  377.678
        18629.6  48.10   0.00  87.60  54.08  99.71  12631  300.273    62   77.557  377.830
        18639.6  68.28   0.00  60.23  56.13  99.71  12639  300.461    62   77.557  378.018
        18649.6  96.37   0.00  20.11  57.94  99.71  12647  300.633    62   77.557  378.190
        18659.6   0.00  99.61  74.99  60.00  99.71  12654  300.836    62   77.557  378.393
Timestamp         S0     S1     E      O      P     YGC     YGCT    FGC    FGCT     GCT   
        18669.6   0.00  51.96  39.25  61.92  99.71  12662  301.030    62   77.557  378.587
        18679.6  34.94   0.00  64.44  63.53  99.71  12669  301.179    62   77.557  378.736
        18689.7  83.55   0.00  18.47  64.86  99.71  12677  301.342    62   77.557  378.899
        18699.6  41.32   0.00  10.47  69.63  99.71  12685  301.590    62   77.557  379.147
        18709.7  35.33   0.00   1.70  71.88  99.71  12693  301.801    62   77.557  379.358
        18719.6   0.00  31.93  63.97  73.19  99.71  12700  301.963    62   77.557  379.520
        18729.6   0.00  29.17  40.14  75.04  99.71  12708  302.162    62   77.557  379.719
        18739.6   0.00  53.23   8.62  76.84  99.71  12716  302.347    62   77.557  379.904
        18749.6  55.76   0.00  46.69  78.06  99.71  12723  302.542    62   77.557  380.100
        18759.6  65.18   0.00   2.67  81.69  99.71  12731  302.772    62   77.557  380.330
Timestamp         S0     S1     E      O      P     YGC     YGCT    FGC    FGCT     GCT   
        18769.6   0.00  37.14  86.85  83.60  99.71  12738  302.977    62   77.557  380.534
        18779.6   0.00  99.58  71.13  87.72  99.71  12746  303.236    62   77.557  380.793
        18789.6   0.00  46.53  43.28  89.97  99.71  12754  303.429    62   77.557  380.986
        18799.6  47.64   0.00  95.46  91.61  99.71  12761  303.600    62   77.557  381.158
        18809.6  34.17   0.00  90.35  94.15  99.71  12769  303.818    62   77.557  381.375
        18819.6  58.99   0.00  61.81  95.80  99.71  12777  304.014    62   77.557  381.571
        18829.6   0.00   0.00   8.72  19.29  99.71  12784  304.219    63   79.140  383.359
        18839.7  22.74   0.00  95.20  21.85  99.71  12791  304.423    63   79.140  383.562
        18849.6  48.29   0.00  83.46  23.51  99.71  12799  304.592    63   79.140  383.732
        18859.7  46.53   0.00  72.85  25.34  99.71  12807  304.775    63   79.140  383.914
Timestamp         S0     S1     E      O      P     YGC     YGCT    FGC    FGCT     GCT   
        18869.7  70.93   0.00  27.02  26.78  99.71  12815  304.944    63   79.140  384.084
        18879.7   0.00  68.87  67.48  27.86  99.71  12822  305.072    63   79.140  384.211
        18889.7   0.00  26.74  28.20  29.94  99.71  12830  305.259    63   79.140  384.399
        18899.7  66.17   0.00  77.89  31.22  99.71  12837  305.402    63   79.140  384.541
        18909.7  52.40   0.00  20.45  32.63  99.71  12845  305.579    63   79.140  384.718
        18919.7   0.00  99.68  72.29  33.83  99.71  12852  305.718    63   79.140  384.858
        18929.7   0.00  52.35   0.00  35.51  99.71  12860  305.896    63   79.140  385.036
        18939.7  42.68   0.00  37.94  36.76  99.71  12867  306.046    63   79.140  385.186
        18949.7   0.00 100.00  84.77  38.42  99.71  12874  306.221    63   79.140  385.360
        18959.7   0.00  19.16  10.17  42.31  99.71  12880  306.471    63   79.140  385.610
Timestamp         S0     S1     E      O      P     YGC     YGCT    FGC    FGCT     GCT   
        18969.7  25.25   0.00  77.70  43.51  99.71  12887  306.623    63   79.140  385.763
        18979.7  55.85   0.00  63.41  45.61  99.71  12895  306.831    63   79.140  385.971
        18989.7  42.34   0.00  28.30  47.62  99.71  12903  307.040    63   79.140  386.180
        18999.7   0.00  40.55  98.63  49.15  99.71  12910  307.200    63   79.140  386.339
        19009.7   0.00  73.48  52.41  50.74  99.71  12918  307.423    63   79.140  386.563
        19019.7  76.57   0.00  82.93  52.65  99.71  12925  307.607    63   79.140  386.746
        19029.7  91.03   0.00  57.16  55.62  99.71  12933  307.817    63   79.140  386.956
        19039.7  43.32   0.00  18.81  57.55  99.71  12941  308.078    63   79.140  387.218
        19049.7   0.00  99.50  82.22  59.22  99.71  12948  308.252    63   79.140  387.392
        19059.7   0.00  54.52  16.00  60.72  99.71  12956  308.403    63   79.140  387.543
Timestamp         S0     S1     E      O      P     YGC     YGCT    FGC    FGCT     GCT   
        19069.7  54.10   0.00  97.94  62.61  99.71  12963  308.567    63   79.140  387.707
        19079.7  61.14   0.00  35.68  64.48  99.71  12971  308.772    63   79.140  387.911
        19089.7  52.86   0.00  17.75  66.73  99.71  12979  308.962    63   79.140  388.102
        19099.7  25.70   0.00   0.00  70.41  99.71  12987  309.173    63   79.140  388.313
        19109.7   0.00  31.84  77.21  71.83  99.71  12994  309.341    63   79.140  388.481
        19119.7   0.00 100.00  71.31  73.85  99.71  13002  309.516    63   79.140  388.655
        19129.7   0.00  99.68  62.11  75.80  99.71  13010  309.691    63   79.140  388.831
        19139.7   0.00 100.00  36.08  79.05  99.71  13018  309.934    63   79.140  389.074
        19149.7  37.13   0.00 100.00  80.55  99.71  13026  310.095    63   79.140  389.235
        19159.7  31.28   0.00  22.77  81.90  99.71  13033  310.274    63   79.140  389.413
Timestamp         S0     S1     E      O      P     YGC     YGCT    FGC    FGCT     GCT   
        19169.7   0.00  54.19  96.78  83.31  99.71  13040  310.477    63   79.140  389.617
        19179.7   0.00  73.90  21.65  84.51  99.71  13048  310.632    63   79.140  389.772
        19189.7  47.50   0.00  67.03  86.16  99.71  13055  310.782    63   79.140  389.922
        19199.7   0.00  38.48  70.30  87.73  99.71  13062  310.971    63   79.140  390.111
        19209.7   0.00  70.38  33.38  89.43  99.71  13070  311.175    63   79.140  390.314
        19219.7  27.72   0.00  68.69  91.19  99.71  13077  311.321    63   79.140  390.461
        19229.7   0.00  31.59  75.98  92.33  99.71  13084  311.446    63   79.140  390.586
        19239.7   0.00  68.02  21.79  93.97  99.71  13092  311.624    63   79.140  390.764
        19249.7  53.37   0.00  66.35  95.54  99.71  13099  311.770    63   79.140  390.910
        19259.7  49.05   0.00   3.39  97.45  99.71  13107  311.977    63   79.140  391.117
Timestamp         S0     S1     E      O      P     YGC     YGCT    FGC    FGCT     GCT   
        19269.7  56.07 100.00 100.00 100.00  99.71  13114  312.443    64   79.140  391.583
        19279.7   0.00 100.00  11.12  19.23  99.70  13121  312.710    64   80.893  393.603
        19289.7   0.00  18.96  29.35  24.13  99.70  13129  312.953    64   80.893  393.846
        19299.7   0.00  48.34  31.78  26.58  99.70  13137  313.204    64   80.893  394.098
        19309.7   0.00  41.63  33.20  28.80  99.70  13145  313.377    64   80.893  394.270
        19319.7  35.42   0.00  97.24  30.62  99.70  13153  313.518    64   80.893  394.411
        19329.8  51.14   0.00  14.72  32.28  99.70  13160  313.699    64   80.893  394.592
        19339.8   0.00  66.76  48.43  33.70  99.70  13167  313.847    64   80.893  394.740
        19349.7   0.00  54.63   4.48  35.27  99.70  13175  313.994    64   80.893  394.887
        19359.7  93.09   0.00  60.64  38.41  99.70  13182  314.177    64   80.893  395.070
Timestamp         S0     S1     E      O      P     YGC     YGCT    FGC    FGCT     GCT   
        19369.8  59.07   0.00  34.69  40.62  99.70  13190  314.369    64   80.893  395.262
        19379.7  37.17   0.00  18.10  43.36  99.70  13198  314.561    64   80.893  395.455
        19389.7  58.30   0.00  23.47  46.27  99.70  13206  314.777    64   80.893  395.670
        19399.7  82.38   0.00  21.11  48.58  99.70  13214  315.009    64   80.893  395.903
        19409.7  30.80   0.00   0.00  53.28  99.70  13222  315.261    64   80.893  396.154
        19419.8   0.00  25.53  48.04  54.49  99.70  13229  315.379    64   80.893  396.272
        19429.8   0.00  65.16  33.38  56.78  99.70  13237  315.673    64   80.893  396.566
        19439.8  68.78   0.00  96.49  58.71  99.70  13244  315.847    64   80.893  396.740
        19449.8  14.72   0.00  89.15  65.48  99.70  13252  316.091    64   80.893  396.984
        19459.8   0.00  25.77  12.69  67.56  99.70  13261  316.332    64   80.893  397.225
Timestamp         S0     S1     E      O      P     YGC     YGCT    FGC    FGCT     GCT   
        19469.7   0.00  40.95  29.03  69.95  99.70  13269  316.536    64   80.893  397.429
        19479.7   0.00  46.85  22.95  72.08  99.70  13277  316.734    64   80.893  397.627
        19489.8  85.12   0.00  98.86  73.87  99.70  13284  316.909    64   80.893  397.802
        19499.8  40.73   0.00  44.55  76.88  99.70  13292  317.101    64   80.893  397.994
        19509.8  43.53   0.00  21.13  79.00  99.70  13300  317.291    64   80.893  398.184
        19519.8   0.00  51.01  67.47  80.15  99.70  13307  317.417    64   80.893  398.310
        19529.8   0.00  99.72  24.35  81.93  99.70  13315  317.610    64   80.893  398.503
        19539.7  36.67   0.00  95.97  84.43  99.70  13322  317.782    64   80.893  398.675
        19549.8  37.70   0.00  61.11  85.98  99.70  13330  317.952    64   80.893  398.845
        19559.8   0.00  37.70  79.70  87.19  99.70  13337  318.114    64   80.893  399.008
Timestamp         S0     S1     E      O      P     YGC     YGCT    FGC    FGCT     GCT   
        19569.7   0.00  99.47  42.61  88.59  99.70  13345  318.304    64   80.893  399.197
        19579.8   0.00  44.67  28.12  94.23  99.70  13353  318.563    64   80.893  399.456
        19589.7   0.00  25.58   7.14  96.19  99.70  13361  318.744    64   80.893  399.637
        19599.8  32.23   0.00  77.71  97.83  99.70  13368  318.928    64   80.893  399.821
        19609.7  45.24   0.00  51.50  99.26  99.70  13376  319.105    64   80.893  399.998
        19619.7  62.44   0.00  65.97  19.88  99.70  13382  319.245    65   82.331  401.576
        19629.8  76.20   0.00  23.61  21.77  99.70  13390  319.463    65   82.331  401.795
        19639.8   0.00  39.54  90.92  23.57  99.70  13397  319.630    65   82.331  401.962
        19649.8   0.00  63.39  35.24  25.04  99.70  13405  319.832    65   82.331  402.163
        19659.8   0.00  72.22  25.92  27.31  99.70  13413  320.038    65   82.331  402.370
Timestamp         S0     S1     E      O      P     YGC     YGCT    FGC    FGCT     GCT   
        19669.8   0.00  96.74   6.57  29.47  99.70  13421  320.228    65   82.331  402.559
        19679.8  66.89   0.00  73.20  31.65  99.70  13428  320.416    65   82.331  402.747
        19689.8  31.38   0.00  47.08  34.83  99.70  13436  320.619    65   82.331  402.951
        19699.8   0.00 100.00  84.59  36.78  99.70  13443  320.794    65   82.331  403.125
        19709.8   0.00  31.63  24.48  38.60  99.70  13451  320.964    65   82.331  403.295
        19719.7  78.86   0.00  30.84  39.50  99.70  13458  321.080    65   82.331  403.411
        19729.8   0.00  92.45  60.52  40.71  99.70  13465  321.228    65   82.331  403.560
        19739.8   0.00  82.85  16.47  42.59  99.70  13473  321.406    65   82.331  403.738
        19749.7   0.00  99.78  22.96  47.93  99.70  13481  321.664    65   82.331  403.996
        19759.8   0.00  30.77  13.92  50.86  99.70  13489  321.848    65   82.331  404.180
Timestamp         S0     S1     E      O      P     YGC     YGCT    FGC    FGCT     GCT   
        19769.8   0.00  36.88   2.54  52.97  99.70  13497  322.028    65   82.331  404.360
        19779.8  46.23   0.00  77.19  54.58  99.70  13504  322.214    65   82.331  404.546
        19789.8  54.74   0.00  63.73  57.02  99.70  13512  322.433    65   82.331  404.764
        19799.8  21.78   0.00  12.01  60.92  99.70  13520  322.651    65   82.331  404.983
        19809.8  49.26   0.00  22.21  62.71  99.70  13528  322.842    65   82.331  405.173
        19819.8  52.26   0.00   9.65  64.16  99.70  13536  323.007    65   82.331  405.338
        19829.8   0.00  46.73  31.90  65.41  99.70  13543  323.156    65   82.331  405.487
        19839.8  45.27   0.00  80.58  66.84  99.70  13550  323.315    65   82.331  405.646
        19849.8  41.45   0.00   0.00  68.24  99.70  13558  323.518    65   82.331  405.850
        19859.7   0.00  39.31  55.69  71.99  99.70  13565  323.739    65   82.331  406.071
Timestamp         S0     S1     E      O      P     YGC     YGCT    FGC    FGCT     GCT   
        19869.8   0.00  41.64  55.82  74.53  99.70  13573  323.936    65   82.331  406.267
        19879.8   0.00  99.45  56.62  77.21  99.70  13581  324.146    65   82.331  406.478
        19889.8   0.00  40.91  17.24  79.15  99.70  13589  324.335    65   82.331  406.667
        19899.8  71.43   0.00  99.73  80.57  99.70  13597  324.494    65   82.331  406.826
        19909.8  72.13   0.00  70.78  82.47  99.70  13604  324.671    65   82.331  407.003
        19919.8  44.57   0.00  24.12  84.37  99.70  13612  324.867    65   82.331  407.198
        19929.8   0.00  51.44  60.93  85.67  99.70  13619  325.000    65   82.331  407.331
        19939.8  58.24   0.00  90.72  86.97  99.70  13626  325.147    65   82.331  407.479
        19949.8   0.00 100.00  95.57  88.27  99.70  13633  325.289    65   82.331  407.621
        19959.8   0.00  99.69  38.59  89.41  99.70  13641  325.523    65   82.331  407.855
Timestamp         S0     S1     E      O      P     YGC     YGCT    FGC    FGCT     GCT   
        19969.8  75.41   0.00  87.69  91.42  99.70  13648  325.690    65   82.331  408.022
        19979.8  67.95   0.00  42.11  93.66  99.70  13656  325.903    65   82.331  408.234
        19989.8  48.03   0.00  27.47  96.77  99.70  13664  326.122    65   82.331  408.454
        19999.8  57.47   0.00   6.91  98.42  99.70  13672  326.338    65   82.331  408.670
        20009.8 100.00   0.00  64.38  18.86  99.70  13678  326.474    66   83.733  410.207
        20019.8  53.06   0.00  36.46  21.22  99.70  13686  326.653    66   83.733  410.387
        20029.8  83.53   0.00  17.19  22.92  99.70  13694  326.816    66   83.733  410.549
        20039.8   0.00  99.35  80.49  25.46  99.70  13701  326.970    66   83.733  410.703
        20049.8   0.00  29.25  50.18  27.09  99.70  13709  327.147    66   83.733  410.880
        20059.8   0.00 100.00  25.20  28.70  99.70  13717  327.308    66   83.733  411.042
Timestamp         S0     S1     E      O      P     YGC     YGCT    FGC    FGCT     GCT   
        20069.8   0.00  56.74  11.15  30.94  99.70  13725  327.482    66   83.733  411.215
        20079.8  37.50   0.00  56.35  32.18  99.70  13732  327.601    66   83.733  411.334
        20089.8  38.02   0.00   2.54  33.49  99.70  13740  327.767    66   83.733  411.500
        20099.8   0.00  64.36  71.81  35.29  99.70  13747  327.908    66   83.733  411.641
        20109.8  55.72   0.00  97.59  36.47  99.70  13754  328.062    66   83.733  411.795
        20119.8  35.54   0.00  31.87  38.02  99.70  13762  328.231    66   83.733  411.964
        20129.8   0.00  52.81  62.21  39.61  99.70  13769  328.403    66   83.733  412.136
        20139.8   0.00  28.33  36.65  43.19  99.70  13777  328.579    66   83.733  412.312
        20149.8  38.94   0.00  87.04  44.36  99.70  13784  328.762    66   83.733  412.495
        20159.8  59.79   0.00  21.43  46.31  99.70  13792  328.948    66   83.733  412.682
Timestamp         S0     S1     E      O      P     YGC     YGCT    FGC    FGCT     GCT   
        20169.8  86.11   0.00   0.00  48.20  99.70  13800  329.147    66   83.733  412.881
        20179.8   0.00  21.26  84.05  52.67  99.70  13807  329.363    66   83.733  413.096
        20189.8   0.00  42.31  61.19  54.19  99.70  13815  329.544    66   83.733  413.278
        20199.8   0.00  49.07  28.55  55.54  99.70  13823  329.692    66   83.733  413.425
        20209.8  72.38   0.00  71.97  57.13  99.70  13830  329.829    66   83.733  413.562
        20219.8   0.00 100.00  99.55  60.03  99.70  13837  330.027    66   83.733  413.760
        20229.8   0.00  56.98  81.35  61.94  99.70  13845  330.274    66   83.733  414.007
        20239.7   0.00  53.94  17.06  63.57  99.70  13853  330.446    66   83.733  414.179
        20249.8  35.29   0.00  98.97  65.80  99.70  13861  330.589    66   83.733  414.323
        20259.8   0.00 100.00  12.72  68.55  99.70  13869  330.821    66   83.733  414.554
Timestamp         S0     S1     E      O      P     YGC     YGCT    FGC    FGCT     GCT   
        20269.8  28.82   0.00  82.80  69.92  99.70  13876  330.974    66   83.733  414.708
        20279.8  63.95   0.00  64.76  72.01  99.70  13884  331.210    66   83.733  414.944
        20289.8   0.00  64.67  84.60  73.44  99.70  13891  331.408    66   83.733  415.141
        20299.8   0.00 100.00  24.46  75.03  99.70  13899  331.584    66   83.733  415.317
        20309.8   0.00  32.19  43.76  79.68  99.70  13907  331.827    66   83.733  415.560
        20319.8   0.00  38.52  47.30  81.51  99.70  13915  332.030    66   83.733  415.764
        20329.8  54.10   0.00  93.99  83.06  99.70  13922  332.202    66   83.733  415.935
        20339.8  57.39   0.00  50.95  85.06  99.70  13930  332.401    66   83.733  416.134
        20349.8  62.56   0.00  42.03  87.59  99.70  13938  332.594    66   83.733  416.327
        20359.8  53.46   0.00  12.42  89.52  99.70  13946  332.807    66   83.733  416.540
Timestamp         S0     S1     E      O      P     YGC     YGCT    FGC    FGCT     GCT   
        20369.8   0.00  77.41  98.14  91.35  99.70  13953  333.074    66   83.733  416.807
        20379.8   0.00 100.00  94.94  93.88  99.70  13961  333.294    66   83.733  417.027
        20389.8   0.00  67.71  76.20  95.56  99.70  13969  333.450    66   83.733  417.183
        20399.8  63.40   0.00  34.96  18.72  99.70  13976  333.659    67   85.178  418.837
        20409.8  61.90   0.00  25.23  20.83  99.70  13984  333.834    67   85.178  419.012
        20419.8  43.91   0.00  20.69  23.61  99.70  13992  334.028    67   85.178  419.206
        20429.8   0.00  41.51  93.14  25.11  99.70  13999  334.153    67   85.178  419.330
        20439.8   0.00  99.40  47.00  26.91  99.70  14007  334.325    67   85.178  419.503
        20449.8   0.00  99.44  15.49  28.47  99.70  14015  334.502    67   85.178  419.680
        20459.8  79.82   0.00  43.23  30.05  99.70  14022  334.677    67   85.178  419.855
Timestamp         S0     S1     E      O      P     YGC     YGCT    FGC    FGCT     GCT   
        20469.8   0.00  59.42  73.08  31.45  99.70  14029  334.835    67   85.178  420.012
        20479.8   0.00 100.00  28.83  33.68  99.70  14037  335.014    67   85.178  420.192
        20489.8   0.00  43.38  22.23  36.40  99.70  14045  335.214    67   85.178  420.392
        20499.8  37.13   0.00  80.21  38.04  99.70  14052  335.351    67   85.178  420.529
        20509.8  23.73   0.00  44.77  39.54  99.70  14060  335.502    67   85.178  420.680
        20519.8   0.00  44.31  94.63  40.81  99.70  14067  335.657    67   85.178  420.834
        20529.8   0.00  30.94  94.64  44.72  99.70  14075  335.835    67   85.178  421.013
        20539.8   0.00  36.10  54.82  46.66  99.70  14083  336.019    67   85.178  421.197
        20549.8   0.00  75.76  42.45  48.30  99.70  14091  336.227    67   85.178  421.404
        20559.8   0.00 100.00  26.53  50.50  99.70  14099  336.417    67   85.178  421.595
Timestamp         S0     S1     E      O      P     YGC     YGCT    FGC    FGCT     GCT   
        20569.8  50.44   0.00 100.00  52.96  99.70  14107  336.573    67   85.178  421.751
        20579.8  38.75   0.00  20.78  54.43  99.70  14114  336.803    67   85.178  421.981
        20589.8   0.00  66.14  84.15  55.86  99.70  14121  336.943    67   85.178  422.121
        20599.8   0.00  73.30  53.43  58.34  99.70  14129  337.150    67   85.178  422.327
        20609.8   0.00  54.25  40.75  60.38  99.70  14137  337.460    67   85.178  422.638
        20619.8   0.00  32.20   2.61  62.20  99.70  14145  337.624    67   85.178  422.802
        20629.8  42.37   0.00  53.15  63.78  99.70  14152  337.772    67   85.178  422.949
        20639.8  66.91   0.00  21.26  65.73  99.70  14160  337.948    67   85.178  423.126
        20649.8  51.32   0.00  22.95  67.94  99.70  14168  338.149    67   85.178  423.327
        20659.8   0.00  93.54  89.40  69.39  99.70  14175  338.329    67   85.178  423.506
Timestamp         S0     S1     E      O      P     YGC     YGCT    FGC    FGCT     GCT   
        20669.8   0.00  90.28  69.99  71.57  99.70  14183  338.508    67   85.178  423.686
        20679.8   0.00  69.07  42.67  74.01  99.70  14191  338.701    67   85.178  423.878
        20689.9   0.00  32.43  23.19  76.08  99.70  14199  338.920    67   85.178  424.098
        20699.9   0.00  27.99   7.35  80.00  99.70  14207  339.139    67   85.178  424.316
        20709.8   0.00  37.29   0.00  83.17  99.70  14215  339.368    67   85.178  424.545
        20719.8  38.51   0.00  62.96  84.83  99.70  14222  339.534    67   85.178  424.711
        20729.8  80.69   0.00  48.47  86.88  99.70  14230  339.769    67   85.178  424.947
        20739.8   0.00  99.46  93.74  88.41  99.70  14237  339.981    67   85.178  425.158
        20749.8   0.00  46.67  61.97  90.15  99.70  14245  340.176    67   85.178  425.354
        20759.8   0.00  60.38   7.50  91.51  99.70  14253  340.352    67   85.178  425.530
Timestamp         S0     S1     E      O      P     YGC     YGCT    FGC    FGCT     GCT   
        20769.8  93.67   0.00  56.00  93.03  99.70  14260  340.521    67   85.178  425.699
        20779.8 100.00   0.00  16.44  94.79  99.70  14268  340.733    67   85.178  425.910
        20789.8   0.00  58.26  99.99  97.07  99.70  14275  340.917    67   85.178  426.094
        20799.8   0.00  28.66   0.00  99.63  99.70  14283  341.125    68   85.178  426.303
        20809.8  53.73   0.00  75.43  16.30  99.70  14290  341.310    68   86.613  427.923
        20819.8   0.00  32.01  97.39  18.06  99.70  14298  341.468    68   86.613  428.081
        20829.8   0.00  65.26  49.21  19.68  99.70  14305  341.643    68   86.613  428.256
        20839.9   0.00  33.78  10.27  21.88  99.70  14313  341.798    68   86.613  428.412
        20849.8   0.00 100.00   0.00  24.93  99.70  14321  342.010    68   86.613  428.623
        20859.8  38.68   0.00  50.18  25.93  99.70  14328  342.175    68   86.613  428.788
Timestamp         S0     S1     E      O      P     YGC     YGCT    FGC    FGCT     GCT   
        20869.9  36.11   0.00  18.22  27.79  99.70  14336  342.375    68   86.613  428.988
        20879.9   0.00  53.28  24.92  28.94  99.70  14343  342.526    68   86.613  429.139
        20889.8  98.97   0.00  32.93  30.01  99.70  14350  342.675    68   86.613  429.288
        20899.9  69.67   0.00   7.00  31.68  99.70  14358  342.842    68   86.613  429.455
        20909.9   0.00  99.55  87.76  33.43  99.70  14365  342.989    68   86.613  429.603
        20919.9   0.00 100.00  85.30  38.20  99.70  14373  343.209    68   86.613  429.822
        20929.9   0.00  30.77  78.38  40.36  99.70  14381  343.402    68   86.613  430.015
        20939.9   0.00  64.96  64.89  42.56  99.70  14389  343.605    68   86.613  430.218
        20949.8   0.00  36.68  45.22  45.20  99.70  14397  343.797    68   86.613  430.411
        20959.9   0.00  33.99  31.51  47.64  99.70  14405  344.009    68   86.613  430.622
Timestamp         S0     S1     E      O      P     YGC     YGCT    FGC    FGCT     GCT   
        20969.8  38.72   0.00  90.07  49.33  99.70  14412  344.173    68   86.613  430.786
        20979.9   0.00  29.95  98.64  50.74  99.70  14419  344.325    68   86.613  430.938
        20989.9   0.00 100.00  51.31  52.18  99.70  14427  344.512    68   86.613  431.125
        20999.9  28.22   0.00  89.44  54.76  99.70  14434  344.721    68   86.613  431.335
        21009.9  22.11   0.00  18.78  56.06  99.70  14442  344.905    68   86.613  431.519
        21019.9   0.00 100.00  91.62  57.76  99.70  14449  345.056    68   86.613  431.670
        21029.9   0.00  35.28  36.29  60.14  99.70  14457  345.243    68   86.613  431.856
        21039.9  71.73   0.00  93.30  61.68  99.70  14464  345.450    68   86.613  432.063
        21049.9  31.44   0.00  40.14  65.57  99.70  14472  345.693    68   86.613  432.307
        21059.9  74.20   0.00  10.19  67.84  99.70  14480  345.900    68   86.613  432.514
Timestamp         S0     S1     E      O      P     YGC     YGCT    FGC    FGCT     GCT   
        21069.9   0.00  55.92  84.25  69.82  99.70  14487  346.048    68   86.613  432.661
        21079.9   0.00  26.12  90.56  74.62  99.70  14495  346.290    68   86.613  432.903
        21089.9   0.00  45.99  96.49  77.37  99.70  14503  346.489    68   86.613  433.102
        21099.9   0.00 100.00  62.42  79.40  99.70  14511  346.744    68   86.613  433.357
        21109.9   0.00  55.91  56.50  82.47  99.70  14519  346.983    68   86.613  433.596
        21119.9   0.00  41.42  31.93  84.33  99.70  14527  347.177    68   86.613  433.791
        21129.9  66.67   0.00  96.39  85.55  99.70  14534  347.364    68   86.613  433.977
        21139.9  71.05   0.00  63.58  87.67  99.70  14542  347.561    68   86.613  434.175
        21149.9  27.07   0.00  19.71  89.42  99.70  14550  347.734    68   86.613  434.347
        21159.9   0.00  48.28  66.22  90.35  99.70  14557  347.878    68   86.613  434.492
Timestamp         S0     S1     E      O      P     YGC     YGCT    FGC    FGCT     GCT   
        21169.9   0.00  90.51  35.07  92.00  99.70  14565  348.048    68   86.613  434.661
        21179.9  28.76   0.00  76.73  94.04  99.70  14572  348.295    68   86.613  434.908
        21189.9  50.65   0.00  48.33  95.26  99.70  14580  348.463    68   86.613  435.076
        21199.9  50.20   0.00   0.00  99.22  99.70  14588  348.695    69   86.613  435.309
        21209.9  40.89   0.00  71.14  20.64  99.70  14594  348.833    69   88.115  436.949
        21219.9  78.19   0.00  10.16  22.03  99.70  14602  348.975    69   88.115  437.091
        21229.9   0.00  52.08  84.15  23.66  99.70  14609  349.120    69   88.115  437.235
        21239.9   0.00  45.16  17.43  24.93  99.70  14617  349.281    69   88.115  437.396
        21249.9   0.00  54.34   7.84  26.97  99.70  14625  349.453    69   88.115  437.569
        21259.9  84.71   0.00  87.72  28.95  99.70  14632  349.646    69   88.115  437.761
Timestamp         S0     S1     E      O      P     YGC     YGCT    FGC    FGCT     GCT   
        21269.9  32.71   0.00  60.76  31.39  99.70  14640  349.844    69   88.115  437.960
        21279.9  27.17   0.00  45.18  35.77  99.70  14648  350.141    69   88.115  438.256
        21289.9  32.27   0.00   7.67  37.34  99.70  14656  350.319    69   88.115  438.434
        21299.9   0.00  76.07  58.07  38.69  99.70  14663  350.478    69   88.115  438.593
        21309.9   0.00  35.23  56.19  41.49  99.70  14671  350.673    69   88.115  438.789
        21319.9   0.00  40.89  39.65  43.02  99.70  14679  350.828    69   88.115  438.943
        21329.9  36.59   0.00  69.36  44.28  99.70  14686  350.998    69   88.115  439.114
        21339.9  33.83   0.00  24.42  45.80  99.70  14694  351.193    69   88.115  439.309
        21349.9  28.00   0.00   4.29  49.72  99.70  14702  351.421    69   88.115  439.536
        21359.9   0.00  99.24  50.88  51.94  99.70  14709  351.614    69   88.115  439.729
Timestamp         S0     S1     E      O      P     YGC     YGCT    FGC    FGCT     GCT   
        21369.9   0.00  36.63  12.90  53.92  99.70  14717  351.811    69   88.115  439.927
        21379.9  39.27   0.00  62.45  55.21  99.70  14724  351.955    69   88.115  440.070
        21389.9  43.79   0.00   8.97  56.49  99.70  14732  352.190    69   88.115  440.306
        21399.9   0.00  87.10  58.10  57.77  99.70  14739  352.335    69   88.115  440.450
        21409.9   0.00  43.28  34.69  60.02  99.70  14747  352.524    69   88.115  440.639
        21419.9   0.00  99.67   2.88  62.08  99.70  14755  352.712    69   88.115  440.827
        21429.9  53.24   0.00  64.10  63.51  99.70  14762  352.855    69   88.115  440.970
        21439.9  42.94   0.00  15.29  64.92  99.70  14770  353.010    69   88.115  441.125
        21449.9   0.00  99.63  60.77  65.99  99.70  14777  353.163    69   88.115  441.278
        21460.0  45.91   0.00  88.26  67.66  99.70  14784  353.344    69   88.115  441.459
Timestamp         S0     S1     E      O      P     YGC     YGCT    FGC    FGCT     GCT   
        21470.0  59.89   0.00  70.16  69.57  99.70  14792  353.525    69   88.115  441.641
        21479.9  55.38   0.00   0.00  71.47  99.70  14800  353.680    69   88.115  441.795
        21490.0   0.00  42.77  54.99  72.80  99.70  14807  353.827    69   88.115  441.942
        21499.9   0.00  79.31   2.78  74.15  99.70  14815  354.033    69   88.115  442.148
        21509.9  69.55   0.00  61.02  75.93  99.70  14822  354.207    69   88.115  442.322
        21519.9   0.00  99.70  97.37  77.74  99.70  14829  354.436    69   88.115  442.551
        21529.9   0.00  51.14  51.17  79.93  99.70  14837  354.653    69   88.115  442.768
        21540.0   0.00  44.07  36.58  85.40  99.70  14845  354.910    69   88.115  443.026
        21549.9   0.00  22.51  32.92  87.77  99.70  14853  355.085    69   88.115  443.200
        21559.9   0.00  39.44  15.95  89.50  99.70  14861  355.313    69   88.115  443.428
Timestamp         S0     S1     E      O      P     YGC     YGCT    FGC    FGCT     GCT   
        21569.9   0.00  32.28   0.00  91.48  99.70  14869  355.488    69   88.115  443.604
        21579.9  30.83   0.00  79.23  92.87  99.70  14876  355.627    69   88.115  443.742
        21589.9  44.74   0.00  66.24  94.71  99.70  14884  355.800    69   88.115  443.916
        21600.0  67.86   0.00  26.44  96.32  99.70  14892  356.064    69   88.115  444.179
        21609.9   0.00  53.68  91.21  97.93  99.70  14899  356.234    69   88.115  444.349
        21620.0   0.00  49.12   3.23  22.31  99.70  14906  356.758    70   89.897  446.654
        21629.9   0.00  99.47   1.18  25.09  99.70  14914  356.935    70   89.897  446.831
        21640.0  36.10   0.00  72.89  26.57  99.70  14921  357.083    70   89.897  446.980
        21649.9  46.36   0.00  36.64  28.65  99.70  14929  357.262    70   89.897  447.159
        21660.0   0.00  46.95  49.43  30.52  99.70  14936  357.407    70   89.897  447.303
Timestamp         S0     S1     E      O      P     YGC     YGCT    FGC    FGCT     GCT   
        21669.9   0.00  74.07   3.57  32.74  99.70  14944  357.655    70   89.897  447.552
        21680.0  43.19   0.00  86.11  34.65  99.70  14951  357.809    70   89.897  447.705
        21690.0  38.66   0.00   7.51  35.73  99.70  14959  357.944    70   89.897  447.840
        21699.9   0.00  40.98  56.84  37.36  99.70  14966  358.102    70   89.897  447.999
        21710.0   0.00  34.62   2.72  39.31  99.70  14974  358.280    70   89.897  448.177
        21720.0  43.54   0.00  21.57  40.83  99.70  14981  358.433    70   89.897  448.330
        21730.0  21.01  99.68 100.00  42.59  99.70  14989  358.608    70   89.897  448.504
        21739.9   0.00  45.06  48.26  44.08  99.70  14996  358.775    70   89.897  448.672
        21749.9  86.93   0.00  97.95  44.96  99.70  15004  358.911    70   89.897  448.807
        21759.9  26.65   0.00  15.61  48.20  99.70  15011  359.112    70   89.897  449.009
Timestamp         S0     S1     E      O      P     YGC     YGCT    FGC    FGCT     GCT   
        21770.0   0.00 100.00  58.31  49.81  99.70  15018  359.331    70   89.897  449.228
        21779.9  74.22   0.00  72.79  51.11  99.70  15025  359.473    70   89.897  449.369
        21789.9   0.00  32.82  89.99  52.56  99.70  15032  359.614    70   89.897  449.510
        21799.9   0.00  45.26  43.86  54.04  99.70  15040  359.782    70   89.897  449.679
        21810.0  74.22   0.00  75.31  55.26  99.70  15047  359.905    70   89.897  449.802
        21820.0  51.92   0.00   2.64  57.04  99.70  15055  360.139    70   89.897  450.036
        21830.0   0.00  69.44  50.79  58.14  99.70  15062  360.288    70   89.897  450.185
        21839.9   0.00  29.33  27.91  63.71  99.70  15070  360.570    70   89.897  450.466
        21849.9   0.00  40.38  20.79  65.47  99.70  15078  360.746    70   89.897  450.643
        21859.9   0.00  64.29   1.19  67.66  99.70  15086  361.006    70   89.897  450.903
Timestamp         S0     S1     E      O      P     YGC     YGCT    FGC    FGCT     GCT   
        21870.0  54.32   0.00  69.80  69.19  99.70  15093  361.163    70   89.897  451.059
        21879.9   0.00  27.33  56.14  70.12  99.70  15100  361.274    70   89.897  451.170
        21890.0   0.00 100.00  52.74  72.33  99.70  15108  361.473    70   89.897  451.369
        21900.0   0.00  32.24   5.35  74.69  99.70  15116  361.650    70   89.897  451.546
        21909.9  66.34   0.00  95.86  76.06  99.70  15123  361.790    70   89.897  451.686
        21919.9  39.60   0.00  62.03  79.01  99.70  15131  361.996    70   89.897  451.893
        21929.9  58.42   0.00  23.04  80.74  99.70  15139  362.188    70   89.897  452.084
        21940.0   0.00  60.27  43.29  81.91  99.70  15146  362.370    70   89.897  452.267
        21949.9  54.87   0.00  69.89  83.20  99.70  15153  362.521    70   89.897  452.418
        21959.9   0.00 100.00  87.14  84.60  99.70  15160  362.686    70   89.897  452.582
Timestamp         S0     S1     E      O      P     YGC     YGCT    FGC    FGCT     GCT   
        21970.0   0.00  28.33  57.32  86.57  99.70  15168  362.932    70   89.897  452.829
        21980.0  27.85   0.00  95.99  89.49  99.70  15175  363.119    70   89.897  453.015
        21990.0  41.56   0.00  73.58  91.21  99.70  15183  363.304    70   89.897  453.200
        21999.9  70.81   0.00  47.80  93.23  99.70  15191  363.517    70   89.897  453.414
        22010.0   0.00  99.73  99.47  94.73  99.70  15198  363.665    70   89.897  453.561
        22019.9   0.00  26.15  84.98  98.04  99.70  15206  363.886    70   89.897  453.783
        22029.9   0.00   0.00  58.33  18.77  99.70  15213  364.088    71   91.312  455.400
        22040.0  73.61   0.00  23.62  20.87  99.70  15221  364.304    71   91.312  455.616
        22049.9  36.78   0.00  20.43  23.58  99.70  15229  364.537    71   91.312  455.849
        22059.9   0.00  55.34  87.41  24.95  99.70  15236  364.665    71   91.312  455.977
Timestamp         S0     S1     E      O      P     YGC     YGCT    FGC    FGCT     GCT   
        22070.0   0.00  53.72  16.77  26.69  99.70  15244  364.835    71   91.312  456.146
        22080.0  59.38   0.00  51.59  28.60  99.70  15251  364.991    71   91.312  456.303
        22090.0  51.28   0.00  20.33  30.80  99.70  15259  365.170    71   91.312  456.482
        22100.0  42.63   0.00   0.00  33.00  99.70  15267  365.359    71   91.312  456.671
        22110.0   0.00  61.16  60.00  34.75  99.70  15274  365.570    71   91.312  456.882
        22120.0   0.00 100.00  53.84  37.89  99.70  15282  365.802    71   91.312  457.114
        22130.0   0.00  46.88  38.05  40.14  99.70  15290  365.958    71   91.312  457.270
        22140.0   0.00  42.86   7.08  41.80  99.70  15298  366.127    71   91.312  457.439
        22150.0  56.17   0.00  81.09  43.41  99.70  15305  366.284    71   91.312  457.596
        22160.0   0.00 100.00  92.08  44.80  99.70  15312  366.433    71   91.312  457.745
Timestamp         S0     S1     E      O      P     YGC     YGCT    FGC    FGCT     GCT   
        22170.0   0.00  42.07  65.80  46.75  99.70  15320  366.629    71   91.312  457.941
        22180.0   0.00 100.00  30.84  49.93  99.70  15328  366.812    71   91.312  458.124
        22190.0   0.00  56.95  17.98  51.51  99.70  15336  366.966    71   91.312  458.278
        22200.0  24.64   0.00  60.14  53.11  99.70  15343  367.136    71   91.312  458.448
        22210.0  47.09   0.00  12.46  54.32  99.70  15351  367.307    71   91.312  458.619
        22220.0  41.27 100.00 100.00  56.02  99.70  15359  367.464    71   91.312  458.776
        22230.0   0.00  57.71  60.80  57.56  99.70  15366  367.660    71   91.312  458.972
        22240.0   0.00  59.14  28.06  59.49  99.70  15374  367.837    71   91.312  459.149
        22250.0  41.39   0.00  94.24  61.15  99.70  15381  368.038    71   91.312  459.350
        22260.0  60.12   0.00  46.14  63.57  99.70  15389  368.231    71   91.312  459.543
Timestamp         S0     S1     E      O      P     YGC     YGCT    FGC    FGCT     GCT   
        22270.0  59.05   0.00   1.83  64.98  99.70  15397  368.442    71   91.312  459.753
        22280.0   0.00  99.74  90.15  67.26  99.70  15404  368.616    71   91.312  459.928
        22290.0   0.00 100.00  96.03  73.22  99.70  15412  368.893    71   91.312  460.205
        22300.0  34.50   0.00   6.73  77.11  99.70  15421  369.171    71   91.312  460.483
        22310.1   0.00  40.94  81.40  78.91  99.70  15428  369.323    71   91.312  460.635
        22320.0   0.00  33.40  52.19  80.94  99.70  15436  369.524    71   91.312  460.835
        22330.0  32.28   0.00  97.47  82.45  99.70  15444  369.674    71   91.312  460.986
        22340.0  66.42   0.00  58.45  84.14  99.70  15451  369.859    71   91.312  461.171
        22350.1  48.54   0.00  38.66  86.65  99.70  15459  370.121    71   91.312  461.433
        22360.1  56.73   0.00   4.31  88.13  99.70  15467  370.300    71   91.312  461.612
Timestamp         S0     S1     E      O      P     YGC     YGCT    FGC    FGCT     GCT   
        22370.0   0.00 100.00  63.37  89.46  99.70  15474  370.448    71   91.312  461.760
        22380.1   0.00  32.92  12.06  93.22  99.70  15482  370.688    71   91.312  462.000
        22390.0  38.91   0.00  93.44  95.16  99.70  15489  370.880    71   91.312  462.192
        22400.0  38.94   0.00  62.25  97.27  99.70  15497  371.095    71   91.312  462.407
        22410.0  57.57   0.00   1.28  99.15  99.70  15505  371.285    71   91.312  462.597
        22420.0  67.38   0.00  62.78  14.71  99.70  15511  371.405    72   92.751  464.157
        22430.0  55.76   0.00  26.01  16.46  99.70  15519  371.558    72   92.751  464.309
        22440.0   0.00  33.95  48.27  19.66  99.70  15526  371.743    72   92.751  464.495
        22450.1   0.00  25.65   2.89  21.52  99.70  15534  371.902    72   92.751  464.654
        22460.1  57.85   0.00  56.10  22.70  99.70  15541  372.044    72   92.751  464.795
Timestamp         S0     S1     E      O      P     YGC     YGCT    FGC    FGCT     GCT   
        22470.1   0.00  57.42  69.25  23.88  99.70  15548  372.160    72   92.751  464.911
        22480.0   0.00  49.41  42.99  25.71  99.70  15556  372.330    72   92.751  465.081
        22490.1   0.00  65.61  31.49  27.58  99.70  15564  372.513    72   92.751  465.265
        22500.1   0.00  99.76  13.71  30.57  99.70  15572  372.706    72   92.751  465.458
        22510.1  57.64   0.00  81.79  33.34  99.70  15579  372.871    72   92.751  465.623
        22520.1  69.43   0.00  33.60  35.31  99.70  15587  373.048    72   92.751  465.799
        22530.1  44.75   0.00  23.86  38.02  99.70  15595  373.249    72   92.751  466.000
        22540.1   0.00  45.56  84.81  39.59  99.70  15602  373.393    72   92.751  466.144
        22550.1   0.00  39.17  46.42  41.12  99.70  15610  373.556    72   92.751  466.308
        22560.1   0.00  82.47   0.00  42.98  99.70  15618  373.774    72   92.751  466.526
Timestamp         S0     S1     E      O      P     YGC     YGCT    FGC    FGCT     GCT   
        22570.1  27.58   0.00  59.25  46.48  99.70  15625  373.942    72   92.751  466.693
        22580.1  27.65   0.00   5.14  47.69  99.70  15633  374.157    72   92.751  466.909
        22590.2   0.00  38.03  39.71  48.71  99.70  15640  374.322    72   92.751  467.074
        22600.1  57.42   0.00  60.38  50.12  99.70  15647  374.540    72   92.751  467.291
        22610.2  92.45   0.00  64.60  52.47  99.70  15655  374.732    72   92.751  467.483
        22620.1  58.89   0.00  17.99  54.38  99.70  15663  374.913    72   92.751  467.665
        22630.1  53.63   0.00  35.10  58.89  99.70  15671  375.166    72   92.751  467.917
        22640.1  59.96   0.00  40.28  62.02  99.70  15679  375.412    72   92.751  468.163
        22650.1  37.01   0.00  32.89  64.91  99.70  15687  375.640    72   92.751  468.391
        22660.1  41.15   0.00  32.56  67.59  99.70  15695  375.833    72   92.751  468.585
Timestamp         S0     S1     E      O      P     YGC     YGCT    FGC    FGCT     GCT   
        22670.1   0.00  53.08  49.87  68.72  99.70  15702  375.970    72   92.751  468.721
        22680.1  86.52   0.00  97.22  69.92  99.70  15709  376.170    72   92.751  468.921
        22690.1 100.00   0.00  29.99  74.05  99.70  15717  376.380    72   92.751  469.131
        22700.1  39.31   0.00  51.45  77.36  99.70  15725  376.615    72   92.751  469.366
        22710.1  52.81   0.00  40.23  79.19  99.70  15733  376.806    72   92.751  469.557
        22720.1  33.41   0.00  23.61  81.29  99.70  15741  377.014    72   92.751  469.765
        22730.1   0.00  33.96  70.14  82.15  99.70  15748  377.136    72   92.751  469.888
        22740.2   0.00  23.83   4.71  85.40  99.70  15756  377.336    72   92.751  470.087
        22750.2  67.18   0.00  13.66  86.54  99.70  15763  377.499    72   92.751  470.251
        22760.1   0.00 100.00  73.28  88.87  99.70  15770  377.726    72   92.751  470.477
Timestamp         S0     S1     E      O      P     YGC     YGCT    FGC    FGCT     GCT   
        22770.2   0.00  38.97  12.69  90.16  99.70  15778  377.877    72   92.751  470.628
        22780.1  48.44   0.00  81.58  91.70  99.70  15785  378.039    72   92.751  470.790
        22790.2  36.24   0.00  44.42  93.48  99.70  15793  378.228    72   92.751  470.979
        22800.1   0.00  57.52  97.16  97.58  99.70  15800  378.424    72   92.751  471.176
        22810.2  14.56   0.00  71.96  21.06  99.70  15807  378.693    73   94.307  473.001
        22820.2  26.17   0.00  52.72  22.96  99.70  15815  378.889    73   94.307  473.196
        22830.1  28.96   0.00  43.43  24.81  99.70  15823  379.070    73   94.307  473.377
        22840.1  29.79   0.00   0.00  26.11  99.70  15831  379.252    73   94.307  473.559
        22850.1   0.00  86.79  59.20  27.18  99.70  15838  379.402    73   94.307  473.709
        22860.1   0.00  34.00   9.62  29.02  99.70  15846  379.574    73   94.307  473.881
Timestamp         S0     S1     E      O      P     YGC     YGCT    FGC    FGCT     GCT   
        22870.2  41.57   0.00  75.42  30.53  99.70  15853  379.707    73   94.307  474.014
        22880.2  61.22   0.00  29.35  32.00  99.70  15861  379.905    73   94.307  474.213
        22890.1   0.00  68.90  76.85  33.59  99.70  15868  380.046    73   94.307  474.353
        22900.2   0.00 100.00  60.92  35.61  99.70  15876  380.204    73   94.307  474.511
        22910.1  81.76   0.00  70.03  37.08  99.70  15883  380.375    73   94.307  474.683
        22920.1  18.97   0.00  12.07  40.69  99.70  15891  380.587    73   94.307  474.895
        22930.2   0.00  33.01  72.29  42.09  99.70  15898  380.738    73   94.307  475.046
        22940.1   0.00 100.00  47.44  44.42  99.70  15906  380.997    73   94.307  475.304
        22950.1   0.00  99.58  25.86  46.35  99.70  15914  381.170    73   94.307  475.478
        22960.1  77.89   0.00  94.51  48.20  99.70  15921  381.325    73   94.307  475.632
Timestamp         S0     S1     E      O      P     YGC     YGCT    FGC    FGCT     GCT   
        22970.2  57.88   0.00  70.70  50.06  99.70  15929  381.485    73   94.307  475.792
        22980.2  55.00   0.00  39.07  53.85  99.70  15937  381.684    73   94.307  475.991
        22990.2   0.00  44.44  80.62  55.31  99.70  15944  381.833    73   94.307  476.141
        23000.2   0.00  26.73  33.08  57.10  99.70  15952  382.024    73   94.307  476.332
        23010.2  69.60   0.00  71.87  58.32  99.70  15959  382.212    73   94.307  476.519
        23020.2  34.26   0.00  54.19  62.66  99.70  15967  382.492    73   94.307  476.799
        23030.2  71.93   0.00  54.00  64.60  99.70  15975  382.703    73   94.307  477.011
        23040.2   0.00  35.51  78.63  66.39  99.70  15982  382.867    73   94.307  477.175
        23050.1   0.00  34.87  43.66  67.99  99.70  15990  383.062    73   94.307  477.369
        23060.2   0.00  31.71  32.84  72.16  99.70  15998  383.292    73   94.307  477.600
Timestamp         S0     S1     E      O      P     YGC     YGCT    FGC    FGCT     GCT   
        23070.2   0.00  56.35  37.46  74.08  99.70  16006  383.471    73   94.307  477.779
        23080.1   0.00  99.73  45.59  76.18  99.70  16014  383.648    73   94.307  477.956
        23090.1   0.00  41.96  19.79  78.30  99.70  16022  383.838    73   94.307  478.145
        23100.2   0.00  23.87  23.68  82.06  99.70  16030  384.050    73   94.307  478.357
        23110.2   0.00  78.14  23.55  84.57  99.70  16038  384.298    73   94.307  478.605
        23120.2   0.00  32.95   6.07  87.37  99.70  16046  384.494    73   94.307  478.802
        23130.2  60.56   0.00  82.04  88.66  99.70  16053  384.656    73   94.307  478.963
        23140.2  66.06   0.00  41.14  90.70  99.70  16061  384.859    73   94.307  479.167
        23150.2   0.00  60.82  91.61  92.21  99.70  16068  385.006    73   94.307  479.313
        23160.2   0.00  65.09  27.04  93.97  99.70  16076  385.204    73   94.307  479.511
Timestamp         S0     S1     E      O      P     YGC     YGCT    FGC    FGCT     GCT   
        23170.2   0.00  72.69  25.06  97.94  99.70  16084  385.421    73   94.307  479.728
        23180.2  38.27   0.00   2.84  21.39  99.70  16091  385.616    74   95.881  481.498
        23190.1  41.12   0.00   1.56  23.90  99.70  16099  385.855    74   95.881  481.736
        23200.2   0.00  32.08  82.61  25.36  99.70  16106  385.996    74   95.881  481.877
        23210.2   0.00  58.53  52.98  27.14  99.70  16114  386.194    74   95.881  482.076
        23220.2  51.68   0.00  88.14  29.16  99.70  16121  386.361    74   95.881  482.242
        23230.2  32.38   0.00  39.05  31.09  99.70  16129  386.536    74   95.881  482.417
        23240.2   0.00  58.71  97.22  32.57  99.70  16136  386.678    74   95.881  482.559
        23250.2   0.00  40.91   8.92  34.06  99.70  16144  386.892    74   95.881  482.774
        23260.2  38.56   0.00  54.53  35.35  99.70  16151  387.031    74   95.881  482.912
Timestamp         S0     S1     E      O      P     YGC     YGCT    FGC    FGCT     GCT   
        23270.2   0.00  64.08  75.48  36.62  99.70  16158  387.150    74   95.881  483.032
        23280.2   0.00  17.25  19.85  40.46  99.70  16166  387.369    74   95.881  483.251
        23290.2  37.79   0.00  99.65  41.67  99.70  16174  387.553    74   95.881  483.434
        23300.2  55.44   0.00  75.41  43.15  99.70  16181  387.754    74   95.881  483.635
        23310.2  54.34   0.00  41.53  44.81  99.70  16189  387.911    74   95.881  483.792
        23320.2   0.00  51.62  96.80  46.26  99.70  16196  388.059    74   95.881  483.940
        23330.2  22.50   0.00   0.00  52.69  99.70  16205  388.325    74   95.881  484.206
        23340.2   0.00  24.05  71.87  54.54  99.70  16212  388.554    74   95.881  484.435
        23350.2   0.00  56.03  55.80  55.92  99.70  16220  388.765    74   95.881  484.646
        23360.2   0.00  47.23  22.21  57.99  99.70  16228  388.946    74   95.881  484.827
Timestamp         S0     S1     E      O      P     YGC     YGCT    FGC    FGCT     GCT   
        23370.2  52.97   0.00  82.83  59.63  99.70  16235  389.101    74   95.881  484.982
        23380.2  63.26   0.00  27.44  61.11  99.70  16243  389.276    74   95.881  485.157
        23390.2  44.63   0.00  19.13  64.85  99.70  16251  389.518    74   95.881  485.399
        23400.2   0.00  34.96  96.21  66.90  99.70  16258  389.680    74   95.881  485.562
        23410.2   0.00  80.22  57.19  68.86  99.70  16266  389.858    74   95.881  485.739
        23420.2   0.00  62.38  35.66  70.99  99.70  16274  390.048    74   95.881  485.930
        23430.2   0.00  99.70  25.67  73.46  99.70  16282  390.301    74   95.881  486.182
        23440.2   0.00  45.07   8.01  75.98  99.70  16290  390.513    74   95.881  486.394
        23450.2  54.17   0.00  54.13  77.37  99.70  16297  390.705    74   95.881  486.586
        23460.2   0.00  34.12  77.22  80.99  99.70  16304  390.892    74   95.881  486.773
Timestamp         S0     S1     E      O      P     YGC     YGCT    FGC    FGCT     GCT   
        23470.2   0.00  46.77  80.49  84.02  99.70  16312  391.130    74   95.881  487.012
        23480.2   0.00  30.79  32.47  85.97  99.70  16320  391.325    74   95.881  487.206
        23490.2   0.00  49.01  27.75  87.52  99.70  16328  391.491    74   95.881  487.373
        23500.2  79.94   0.00  94.44  88.92  99.70  16335  391.663    74   95.881  487.544
        23510.2  60.34   0.00  60.12  92.22  99.70  16343  391.863    74   95.881  487.745
        23520.2  42.49   0.00  13.08  94.03  99.70  16351  392.075    74   95.881  487.956
        23530.2  37.12   0.00  33.30  97.32  99.70  16359  392.314    74   95.881  488.195
        23540.2   0.00   0.00   0.00  18.79  99.70  16366  392.492    75   97.325  489.817
        23550.2  58.26   0.00  84.50  20.57  99.70  16373  392.645    75   97.325  489.970
        23560.2  63.30   0.00  64.71  22.50  99.70  16381  392.837    75   97.325  490.162
Timestamp         S0     S1     E      O      P     YGC     YGCT    FGC    FGCT     GCT   
        23570.2 100.00   0.00  28.32  25.72  99.70  16389  393.078    75   97.325  490.403
        23580.2   0.00  26.07  98.43  28.43  99.70  16396  393.261    75   97.325  490.586
        23590.2   0.00  22.88  72.91  29.41  99.70  16404  393.402    75   97.325  490.727
        23600.2  56.45   0.00  92.67  30.37  99.70  16411  393.558    75   97.325  490.883
        23610.3  58.52   0.00  50.12  32.34  99.70  16419  393.746    75   97.325  491.071
        23620.2  49.72   0.00   0.00  33.61  99.70  16427  393.899    75   97.325  491.224
        23630.2   0.00 100.00  58.60  36.19  99.70  16434  394.052    75   97.325  491.376
        23640.2   0.00  27.20   0.00  37.66  99.70  16442  394.215    75   97.325  491.540
        23650.3  39.39   0.00  71.24  39.29  99.70  16449  394.379    75   97.325  491.704
        23660.3  32.27   0.00  32.38  40.96  99.70  16457  394.552    75   97.325  491.877
Timestamp         S0     S1     E      O      P     YGC     YGCT    FGC    FGCT     GCT   
        23670.3   0.00 100.00  79.34  42.18  99.70  16464  394.684    75   97.325  492.009
        23680.2   0.00  56.95  36.77  44.26  99.70  16472  394.859    75   97.325  492.184
        23690.2   0.00  48.95   7.29  46.41  99.70  16480  395.049    75   97.325  492.374
        23700.2  54.49   0.00  73.36  48.18  99.70  16487  395.201    75   97.325  492.526
        23710.3  71.75   0.00  61.67  50.43  99.70  16495  395.409    75   97.325  492.734
        23720.2  84.10   0.00  29.62  54.72  99.70  16503  395.635    75   97.325  492.960
        23730.2  21.94   0.00   8.37  56.57  99.70  16511  395.800    75   97.325  493.125
        23740.2   0.00  54.66  73.60  57.74  99.70  16518  395.952    75   97.325  493.277
        23750.2   0.00  41.79  56.02  60.03  99.70  16526  396.120    75   97.325  493.445
        23760.3   0.00  55.05   7.54  62.01  99.70  16534  396.319    75   97.325  493.644
Timestamp         S0     S1     E      O      P     YGC     YGCT    FGC    FGCT     GCT   
        23770.3  36.46   0.00  70.88  63.68  99.70  16541  396.475    75   97.325  493.800
        23780.2   0.00 100.00  92.81  64.98  99.70  16548  396.617    75   97.325  493.942
        23790.2   0.00 100.00  39.49  66.49  99.70  16556  396.804    75   97.325  494.129
        23800.2   0.00  57.23  28.17  70.96  99.70  16564  397.027    75   97.325  494.352
        23810.2   0.00  26.96  30.77  73.99  99.70  16572  397.223    75   97.325  494.548
        23820.3  31.60   0.00  75.35  75.65  99.70  16579  397.484    75   97.325  494.809
        23830.3  29.17   0.00  43.26  77.61  99.70  16587  397.661    75   97.325  494.985
        23840.2  26.94   0.00  21.91  79.15  99.70  16595  397.836    75   97.325  495.161
        23850.3   0.00  29.38  74.64  80.40  99.70  16602  397.998    75   97.325  495.323
        23860.2   0.00  74.42  46.81  81.90  99.70  16610  398.236    75   97.325  495.561
Timestamp         S0     S1     E      O      P     YGC     YGCT    FGC    FGCT     GCT   
        23870.2   0.00  36.75  41.62  84.67  99.70  16618  398.418    75   97.325  495.743
        23880.2  36.34   0.00  64.62  86.29  99.70  16625  398.580    75   97.325  495.905
        23890.2   0.00  29.85  88.71  87.93  99.70  16632  398.743    75   97.325  496.068
        23900.2   0.00  99.15  30.63  89.80  99.70  16640  398.938    75   97.325  496.263
        23910.3   0.00  43.43  15.28  93.51  99.70  16648  399.170    75   97.325  496.494
        23920.2   0.00  56.32   2.89  95.44  99.70  16656  399.360    75   97.325  496.685
        23930.2  31.97   0.00  74.06  97.07  99.70  16663  399.525    75   97.325  496.850
        23940.3  45.38   0.00  10.22  98.87  99.70  16671  399.715    75   97.325  497.040
        23950.2  67.57   0.00  49.56  15.14  99.70  16677  399.855    76   98.841  498.696
        23960.3  58.70   0.00  19.90  17.38  99.70  16685  400.071    76   98.841  498.912
Timestamp         S0     S1     E      O      P     YGC     YGCT    FGC    FGCT     GCT   
        23970.2   0.00 100.00  79.86  19.16  99.70  16692  400.215    76   98.841  499.056
        23980.2   0.00  38.38  58.81  20.60  99.70  16700  400.377    76   98.841  499.218
        23990.2   0.00  60.91  25.56  22.38  99.70  16708  400.566    76   98.841  499.407
        24000.3  88.92   0.00  87.47  23.71  99.70  16715  400.790    76   98.841  499.631
        24010.3  89.03   0.00  48.98  25.86  99.70  16723  400.999    76   98.841  499.840
        24020.2  51.96   0.00  36.72  29.43  99.70  16731  401.271    76   98.841  500.112
        24030.2  83.62   0.00  29.40  31.33  99.70  16739  401.471    76   98.841  500.311
        24040.3  65.88   0.00   9.16  33.39  99.70  16747  401.646    76   98.841  500.487
        24050.3   2.11  62.63 100.00  35.01  99.70  16755  401.789    76   98.841  500.630
        24060.3   0.00 100.00  99.46  40.13  99.70  16763  402.039    76   98.841  500.880
Timestamp         S0     S1     E      O      P     YGC     YGCT    FGC    FGCT     GCT   
        24070.3   0.00  27.03  98.91  42.41  99.70  16771  402.304    76   98.841  501.145
        24080.3   0.00  99.75  98.88  45.08  99.70  16779  402.611    76   98.841  501.452
        24090.3   0.00  31.55  44.10  46.90  99.70  16786  402.834    76   98.841  501.675
        24100.3   0.00  36.82  15.01  48.82  99.70  16794  403.010    76   98.841  501.851
        24110.3  53.92   0.00  61.30  50.05  99.70  16801  403.145    76   98.841  501.986
        24120.3  33.44   0.00  14.35  54.13  99.70  16809  403.359    76   98.841  502.200
        24130.3   0.00  48.18  95.44  55.79  99.70  16816  403.509    76   98.841  502.349
        24140.3   0.00  30.60  55.79  57.38  99.70  16824  403.672    76   98.841  502.512
        24150.3   0.00  45.67  19.11  59.40  99.70  16832  403.837    76   98.841  502.678
        24160.3  32.68   0.00  60.00  61.22  99.70  16839  404.011    76   98.841  502.851
Timestamp         S0     S1     E      O      P     YGC     YGCT    FGC    FGCT     GCT   
        24170.3  75.00   0.00  32.55  63.34  99.70  16847  404.281    76   98.841  503.122
        24180.3   0.00  57.29  75.37  65.15  99.70  16854  404.449    76   98.841  503.290
        24190.3   0.00  73.35  44.61  67.08  99.70  16862  404.620    76   98.841  503.461
        24200.3   0.00 100.00  15.81  69.36  99.70  16870  404.811    76   98.841  503.652
        24210.3  68.99   0.00  96.59  70.73  99.70  16877  404.974    76   98.841  503.815
        24220.3  33.42   0.00  75.16  73.06  99.70  16885  405.175    76   98.841  504.016
        24230.3  88.18   0.00  48.19  74.30  99.70  16893  405.353    76   98.841  504.194
        24240.3  78.95   0.00   9.37  76.68  99.70  16901  405.574    76   98.841  504.415
        24250.3  56.75   0.00   0.00  79.21  99.70  16909  405.765    76   98.841  504.606
        24260.3   0.00 100.00  71.07  81.61  99.70  16916  405.966    76   98.841  504.807
Timestamp         S0     S1     E      O      P     YGC     YGCT    FGC    FGCT     GCT   
        24270.3   0.00  47.65  69.16  84.36  99.70  16924  406.227    76   98.841  505.067
        24280.3   0.00  57.30  45.99  86.21  99.70  16932  406.500    76   98.841  505.341
        24290.3   0.00 100.00  39.76  88.88  99.70  16940  406.746    76   98.841  505.587
        24300.3  18.50   0.00  91.86  90.33  99.70  16947  406.908    76   98.841  505.749
        24310.3  57.73   0.00  71.29  91.86  99.70  16955  407.136    76   98.841  505.977
        24320.3  28.42   0.00  56.11  96.54  99.70  16963  407.391    76   98.841  506.232
        24330.3  36.61   0.00  58.31  99.04  99.70  16971  407.602    76   98.841  506.443
        24340.3   0.00  23.13  22.34  21.13  99.70  16978  407.783    77  100.304  508.087
        24350.3   0.00 100.00   6.84  22.62  99.70  16986  407.958    77  100.304  508.261
        24360.3  50.26   0.00  72.19  24.50  99.70  16993  408.142    77  100.304  508.445
Timestamp         S0     S1     E      O      P     YGC     YGCT    FGC    FGCT     GCT   
        24370.3  62.64   0.00  44.49  26.55  99.70  17001  408.302    77  100.304  508.605
        24380.3   0.00  25.84  71.64  28.36  99.70  17008  408.453    77  100.304  508.757
        24390.3   0.00  52.15  43.34  29.90  99.70  17016  408.651    77  100.304  508.954
        24400.4   0.00  44.44  15.96  32.04  99.70  17024  408.837    77  100.304  509.141
        24410.3   0.00  62.68   0.00  34.21  99.70  17032  409.013    77  100.304  509.317
        24420.3  69.85   0.00  89.83  36.37  99.70  17039  409.189    77  100.304  509.493
        24430.3  47.77   0.00  39.72  38.06  99.70  17047  409.398    77  100.304  509.702
        24440.3   0.00  77.04  85.71  39.45  99.70  17054  409.549    77  100.304  509.852
        24450.3   0.00  17.80  42.94  43.33  99.70  17062  409.749    77  100.304  510.053
        24460.4   0.00  32.01  24.05  45.40  99.70  17070  409.947    77  100.304  510.250
Timestamp         S0     S1     E      O      P     YGC     YGCT    FGC    FGCT     GCT   
        24470.3  55.37   0.00  74.50  47.08  99.70  17077  410.123    77  100.304  510.427
        24480.3  55.26   0.00   5.54  48.75  99.70  17085  410.289    77  100.304  510.593
        24490.3   0.00  81.10  41.49  50.31  99.70  17092  410.486    77  100.304  510.789
        24500.3  41.09   0.00  72.40  52.07  99.70  17099  410.648    77  100.304  510.951
        24510.3  35.38   0.00  17.28  53.90  99.70  17107  410.854    77  100.304  511.158
        24520.3   0.00  31.18  69.59  55.47  99.70  17114  411.025    77  100.304  511.328
        24530.4   0.00 100.00  56.69  57.41  99.70  17122  411.223    77  100.304  511.526
        24540.3   0.00  32.86  44.06  61.13  99.70  17130  411.438    77  100.304  511.741
        24550.3   0.00  59.57  42.40  63.56  99.70  17138  411.630    77  100.304  511.934
        24560.3   0.00 100.00   4.50  65.50  99.70  17146  411.803    77  100.304  512.107
Timestamp         S0     S1     E      O      P     YGC     YGCT    FGC    FGCT     GCT   
        24570.3  55.48   0.00  86.94  67.40  99.70  17153  411.993    77  100.304  512.296
        24580.3  42.47   0.00  45.13  69.27  99.70  17161  412.150    77  100.304  512.453
        24590.3   0.00  65.38  88.75  70.43  99.70  17168  412.290    77  100.304  512.594
        24600.3   0.00  99.37  48.91  72.95  99.70  17176  412.474    77  100.304  512.777
        24610.3   0.00  86.23   8.94  74.56  99.70  17184  412.673    77  100.304  512.977
        24620.3  51.86   0.00  59.91  76.31  99.70  17191  412.823    77  100.304  513.127
        24630.3  89.02   0.00   6.47  78.02  99.70  17199  413.003    77  100.304  513.306
        24640.3   0.00  68.15  26.78  79.40  99.70  17206  413.153    77  100.304  513.457
        24650.4  20.91  99.64 100.00  81.71  99.70  17215  413.332    77  100.304  513.636
        24660.3   0.00 100.00  19.27  83.90  99.70  17222  413.549    77  100.304  513.852
Timestamp         S0     S1     E      O      P     YGC     YGCT    FGC    FGCT     GCT   
        24670.4  45.58   0.00  92.13  85.86  99.70  17229  413.755    77  100.304  514.059
        24680.3  74.19   0.00  91.66  89.04  99.70  17237  414.034    77  100.304  514.337
        24690.4  37.96   0.00  91.94  91.83  99.70  17245  414.235    77  100.304  514.539
        24700.3  40.05   0.00  50.86  93.53  99.70  17253  414.417    77  100.304  514.721
        24710.4  62.23   0.00   5.95  95.08  99.70  17261  414.604    77  100.304  514.908
        24720.3   0.00  55.33  64.23  98.98  99.70  17268  414.826    77  100.304  515.129
        24730.4  43.24   0.00  65.57  21.12  99.70  17275  415.017    78  101.741  516.758
        24740.3  55.34   0.00  53.52  22.90  99.70  17283  415.185    78  101.741  516.926
        24750.3  64.52   0.00  53.77  24.69  99.70  17291  415.378    78  101.741  517.119
        24760.3  50.82   0.00   2.56  26.17  99.71  17299  415.522    78  101.741  517.263
Timestamp         S0     S1     E      O      P     YGC     YGCT    FGC    FGCT     GCT   
        24770.4  69.35   0.00  18.37  30.42  99.71  17307  415.775    78  101.741  517.516
        24780.3  65.12   0.00   0.00  35.23  99.71  17315  416.016    78  101.741  517.757
        24790.4   0.00  48.46  70.77  39.08  99.71  17322  416.289    78  101.741  518.030
        24800.4   0.00  46.75  63.84  42.05  99.71  17330  416.497    78  101.741  518.238
        24810.4   0.00  51.00  67.01  45.13  99.71  17338  416.696    78  101.741  518.437
        24820.3   0.00  28.78  31.22  46.85  99.71  17346  416.877    78  101.741  518.618
        24830.4   0.00  29.85   8.15  48.61  99.71  17354  417.043    78  101.741  518.784
        24840.3  43.31   0.00  34.38  49.92  99.71  17361  417.188    78  101.741  518.929
        24850.4   0.00  83.00  78.98  50.96  99.71  17368  417.328    78  101.741  519.069
        24860.3   0.00  99.32  18.62  52.46  99.71  17376  417.487    78  101.741  519.228
Timestamp         S0     S1     E      O      P     YGC     YGCT    FGC    FGCT     GCT   
        24870.4  90.53   0.00  61.00  53.68  99.71  17383  417.616    78  101.741  519.357
        24880.4   0.00 100.00  89.77  54.94  99.71  17390  417.783    78  101.741  519.524
        24890.4  59.52   0.00  97.37  56.05  99.71  17397  417.917    78  101.741  519.658
        24900.4  33.95   0.00  25.30  57.37  99.71  17405  418.073    78  101.741  519.814
        24910.3   0.00  47.35  80.37  59.07  99.71  17412  418.259    78  101.741  520.000
        24920.4   0.00  69.09  76.19  61.32  99.71  17420  418.458    78  101.741  520.199
        24930.4   0.00  36.32  62.21  63.29  99.71  17428  418.630    78  101.741  520.371
        24940.4   0.00 100.00   3.08  64.67  99.71  17436  418.828    78  101.741  520.569
        24950.3  39.57   0.00  73.70  66.93  99.71  17443  419.017    78  101.741  520.758
        24960.4  62.08   0.00  68.85  70.00  99.71  17451  419.248    78  101.741  520.989
Timestamp         S0     S1     E      O      P     YGC     YGCT    FGC    FGCT     GCT   
        24970.4  31.72   0.00  56.99  72.70  99.71  17459  419.430    78  101.741  521.171
        24980.4   0.00 100.00  85.16  74.12  99.71  17466  419.588    78  101.741  521.329
        24990.4   0.00 100.00  52.42  75.88  99.71  17474  419.750    78  101.741  521.491
        25000.4   0.00  53.63  11.15  77.75  99.71  17482  419.939    78  101.741  521.680
        25010.4  80.29   0.00  52.44  79.07  99.71  17489  420.108    78  101.741  521.849
        25020.3  45.77   0.00  11.48  81.52  99.71  17497  420.298    78  101.741  522.039
        25030.3   0.00  63.16  84.03  83.08  99.71  17504  420.461    78  101.741  522.202
        25040.4   0.00  47.06  24.75  84.57  99.71  17512  420.647    78  101.741  522.388
        25050.4  86.09   0.00  75.36  86.00  99.71  17519  420.820    78  101.741  522.561
        25060.4  57.69   0.00  28.32  87.86  99.71  17527  420.982    78  101.741  522.723
Timestamp         S0     S1     E      O      P     YGC     YGCT    FGC    FGCT     GCT   
        25070.4   0.00 100.00  62.92  89.22  99.71  17534  421.162    78  101.741  522.903
        25080.3  70.13   0.00  93.44  90.40  99.71  17541  421.321    78  101.741  523.062
        25090.4  43.46   0.00   5.78  92.06  99.71  17549  421.574    78  101.741  523.315
        25100.4   0.00  63.92  52.51  93.63  99.71  17556  421.733    78  101.741  523.474
        25110.3  40.56   0.00  97.69  95.43  99.71  17564  421.916    78  101.741  523.657
        25120.3  50.89   0.00  63.86  97.10  99.71  17571  422.112    78  101.741  523.853
        25130.4  61.86   0.00  21.55  98.66  99.71  17579  422.309    78  101.741  524.049
        25140.3   0.00   0.00  23.06  18.79  99.71  17585  422.471    79  103.192  525.663
        25150.4   0.00 100.00  82.32  21.70  99.71  17592  422.645    79  103.192  525.837
        25160.4   0.00  40.27  49.80  23.73  99.71  17600  422.824    79  103.192  526.016
Timestamp         S0     S1     E      O      P     YGC     YGCT    FGC    FGCT     GCT   
        25170.4   0.00  47.18   0.00  25.11  99.71  17608  422.973    79  103.192  526.165
        25180.4  52.22   0.00  87.51  27.08  99.71  17615  423.172    79  103.192  526.363
        25190.4  54.55   0.00  63.96  29.31  99.71  17623  423.467    79  103.192  526.659
        25200.4  65.73   0.00   8.36  31.90  99.71  17631  423.660    79  103.192  526.851
        25210.3   0.00  73.40  84.41  33.89  99.71  17638  423.826    79  103.192  527.018
        25220.4   0.00 100.00  63.82  36.23  99.71  17646  424.015    79  103.192  527.206
        25230.4   0.00  99.51  12.67  38.28  99.71  17654  424.214    79  103.192  527.406
        25240.4  74.36   0.00  92.50  39.97  99.71  17661  424.367    79  103.192  527.559
        25250.4  69.41   0.00  46.61  41.42  99.71  17669  424.537    79  103.192  527.728
        25260.4   0.00  40.76  38.34  42.91  99.71  17676  424.670    79  103.192  527.862
Timestamp         S0     S1     E      O      P     YGC     YGCT    FGC    FGCT     GCT   
        25270.4   0.00  43.11  23.71  47.11  99.71  17684  424.896    79  103.192  528.088
        25280.4  44.81   0.00 100.00  49.29  99.71  17692  425.069    79  103.192  528.261
        25290.4  28.66   0.00  62.03  51.13  99.71  17699  425.227    79  103.192  528.419
        25300.4  38.44   0.00  39.61  52.69  99.71  17707  425.383    79  103.192  528.575
        25310.4  72.77   0.00  24.39  54.45  99.71  17715  425.563    79  103.192  528.755
        25320.4   0.00 100.00  62.33  56.01  99.71  17722  425.738    79  103.192  528.929
        25330.4  79.19   0.00  16.00  57.57  99.71  17729  425.888    79  103.192  529.080
        25340.4   0.00  47.12  74.14  59.41  99.71  17736  426.061    79  103.192  529.252
        25350.4   0.00  99.65  59.70  61.62  99.71  17744  426.278    79  103.192  529.470
        25360.4   0.00  99.59   0.00  63.66  99.71  17752  426.465    79  103.192  529.657
Timestamp         S0     S1     E      O      P     YGC     YGCT    FGC    FGCT     GCT   
        25370.4  44.89   0.00  47.08  65.05  99.71  17759  426.630    79  103.192  529.822
        25380.4  98.43   0.00   0.00  67.25  99.71  17767  426.820    79  103.192  530.012
        25390.4   0.00  99.59  93.95  70.26  99.71  17774  427.003    79  103.192  530.195
        25400.4   0.00  54.42  44.10  72.70  99.71  17782  427.279    79  103.192  530.471
        25410.4   0.00  48.64  39.03  75.04  99.71  17790  427.479    79  103.192  530.670
        25420.4   0.00  22.39  37.44  79.14  99.71  17798  427.737    79  103.192  530.929
        25430.4   0.00 100.00  59.90  81.21  99.71  17806  427.926    79  103.192  531.118
        25440.4   0.00  73.33  35.45  83.53  99.71  17814  428.163    79  103.192  531.355
        25450.4  44.76   0.00  98.81  85.50  99.71  17821  428.341    79  103.192  531.533
        25460.4  64.33   0.00  63.42  87.34  99.71  17829  428.596    79  103.192  531.787
Timestamp         S0     S1     E      O      P     YGC     YGCT    FGC    FGCT     GCT   
        25470.4  94.81   0.00   8.49  89.47  99.71  17837  428.795    79  103.192  531.986
        25480.4  63.70   0.00  16.60  92.35  99.71  17845  428.980    79  103.192  532.172
        25490.4   0.00  43.10  84.19  94.41  99.71  17852  429.147    79  103.192  532.339
        25500.4   0.00 100.00  41.03  96.21  99.71  17860  429.359    79  103.192  532.550
        25510.4   0.00  37.06  16.63  97.77  99.71  17868  429.552    79  103.192  532.744
        25520.4  74.72   0.00  90.46  98.87  99.71  17875  429.699    79  103.192  532.891
        25530.4   0.00 100.00  59.90  16.39  99.71  17882  429.907    80  104.721  534.628
        25540.4   0.00  29.45  42.96  18.86  99.71  17890  430.103    80  104.721  534.824
        25550.4   0.00  99.48   1.09  20.10  99.71  17898  430.253    80  104.721  534.974
        25560.4  67.56   0.00  62.81  22.74  99.71  17905  430.446    80  104.721  535.167
Timestamp         S0     S1     E      O      P     YGC     YGCT    FGC    FGCT     GCT   
        25570.4  50.87   0.00  51.62  25.66  99.71  17913  430.709    80  104.721  535.429
        25580.4  44.85   0.00  38.63  27.22  99.71  17921  430.841    80  104.721  535.561
        25590.4   0.00  44.13  76.71  29.10  99.71  17928  431.075    80  104.721  535.796
        25600.4   0.00  41.70  31.24  31.28  99.71  17936  431.247    80  104.721  535.968
        25610.4   0.00  37.03  16.15  32.91  99.71  17944  431.428    80  104.721  536.149
        25620.4  43.21   0.00  47.90  36.13  99.71  17951  431.618    80  104.721  536.338
        25630.4  55.53   0.00  17.59  37.87  99.71  17959  431.796    80  104.721  536.517
        25640.4  30.81   0.00  35.55  41.70  99.71  17967  432.022    80  104.721  536.742
        25650.4  72.51   0.00   8.90  43.63  99.71  17975  432.209    80  104.721  536.930
        25660.4   0.00  33.40  93.55  46.58  99.71  17982  432.377    80  104.721  537.098
Timestamp         S0     S1     E      O      P     YGC     YGCT    FGC    FGCT     GCT   
        25670.4   0.00 100.00  76.44  48.74  99.71  17990  432.557    80  104.721  537.277
        25680.4   0.00  53.12  26.39  50.39  99.71  17998  432.714    80  104.721  537.435
        25690.4   0.00 100.00   8.40  52.69  99.71  18006  432.916    80  104.721  537.637
        25700.4  87.76   0.00  83.27  54.60  99.71  18013  433.074    80  104.721  537.794
        25710.4  28.97   0.00  67.48  57.82  99.71  18021  433.325    80  104.721  538.046
        25720.4  80.55   0.00  55.21  60.55  99.71  18029  433.523    80  104.721  538.244
        25730.4  21.31   0.00  52.48  63.96  99.71  18037  433.740    80  104.721  538.461
        25740.4   0.00  26.77  73.86  65.01  99.71  18044  433.883    80  104.721  538.603
        25750.4   0.00  54.15  43.27  66.78  99.71  18052  434.138    80  104.721  538.859
        25760.4   0.00  50.26   7.50  68.70  99.71  18060  434.321    80  104.721  539.042
Timestamp         S0     S1     E      O      P     YGC     YGCT    FGC    FGCT     GCT   
        25770.4  56.73   0.00  90.51  70.26  99.71  18067  434.486    80  104.721  539.207
        25780.4  59.39   0.00  97.68  74.88  99.71  18076  434.746    80  104.721  539.467
        25790.4   0.00 100.00  16.51  78.72  99.71  18084  434.999    80  104.721  539.720
        25800.4   0.00  44.74   1.48  81.50  99.71  18092  435.230    80  104.721  539.950
        25810.4  22.96   0.00  93.32  83.21  99.71  18099  435.391    80  104.721  540.112
        25820.4  67.68   0.00  69.38  84.92  99.71  18107  435.583    80  104.721  540.304
        25830.4  74.75   0.00  64.61  86.80  99.71  18115  435.757    80  104.721  540.477
        25840.4  76.07   0.00   0.00  88.96  99.71  18123  435.958    80  104.721  540.679
        25850.4   0.00 100.00  54.28  90.47  99.71  18130  436.199    80  104.721  540.920
        25860.4   0.00  76.37   6.99  92.78  99.71  18138  436.407    80  104.721  541.127
Timestamp         S0     S1     E      O      P     YGC     YGCT    FGC    FGCT     GCT   
        25870.4  22.78   0.00  72.96  94.41  99.71  18145  436.564    80  104.721  541.285
        25880.4  56.33   0.00  37.76  95.84  99.71  18153  436.764    80  104.721  541.484
        25890.4  38.16 100.00 100.00  98.93  99.71  18161  436.932    80  104.721  541.652
        25900.4  65.51   0.00  55.19  20.54  99.71  18167  437.100    81  106.181  543.281
        25910.4  66.72   0.00  53.23  24.33  99.71  18175  437.318    81  106.181  543.499
        25920.4   0.00  20.56  83.87  26.36  99.71  18182  437.472    81  106.181  543.653
        25930.4   0.00  49.78  46.39  28.17  99.71  18190  437.653    81  106.181  543.834
        25940.4   0.00  61.67  12.67  29.93  99.71  18198  437.821    81  106.181  544.002
        25950.4  53.24   0.00  77.35  31.72  99.71  18205  437.964    81  106.181  544.145
        25960.4  52.90   0.00  53.73  33.42  99.71  18213  438.131    81  106.181  544.312
Timestamp         S0     S1     E      O      P     YGC     YGCT    FGC    FGCT     GCT   
        25970.4  59.44   0.00   0.89  34.63  99.71  18221  438.305    81  106.181  544.487
        25980.4   0.00  14.52  78.05  40.52  99.71  18228  438.549    81  106.181  544.730
        25990.4   0.00  49.41  63.35  42.16  99.71  18236  438.732    81  106.181  544.913
        26000.4   0.00  60.79  80.91  45.76  99.71  18244  439.002    81  106.181  545.183
        26010.4   0.00  54.97  58.19  48.79  99.71  18252  439.264    81  106.181  545.445
        26020.4   0.00  24.00  55.02  51.22  99.71  18260  439.435    81  106.181  545.616
        26030.4   0.00  66.82  36.80  53.55  99.71  18268  439.629    81  106.181  545.810
        26040.4  74.14   0.00  75.98  55.31  99.71  18275  439.792    81  106.181  545.973
        26050.4  81.13   0.00  53.57  57.42  99.71  18283  439.982    81  106.181  546.163
        26060.4  37.63   0.00   7.70  59.22  99.71  18291  440.212    81  106.181  546.393
Timestamp         S0     S1     E      O      P     YGC     YGCT    FGC    FGCT     GCT   
        26070.4   0.00  56.99  84.85  61.07  99.71  18298  440.369    81  106.181  546.550
        26080.4   0.00  50.00  24.64  62.26  99.71  18306  440.521    81  106.181  546.702
        26090.5  81.82   0.00  69.54  63.63  99.71  18313  440.657    81  106.181  546.838
        26100.4   0.00  48.15  79.65  65.10  99.71  18320  440.800    81  106.181  546.981
        26110.4   0.00 100.00  34.65  66.93  99.71  18328  441.004    81  106.181  547.185
        26120.5   0.00 100.00  31.95  69.11  99.71  18336  441.241    81  106.181  547.422
        26130.5  69.23   0.00  96.22  70.55  99.71  18343  441.381    81  106.181  547.562
        26140.4  83.10   0.00  67.95  73.44  99.71  18351  441.627    81  106.181  547.808
        26150.4  39.51   0.00  41.49  75.61  99.71  18359  441.810    81  106.181  547.991
        26160.4  63.86   0.00  18.39  77.75  99.71  18367  441.991    81  106.181  548.172
Timestamp         S0     S1     E      O      P     YGC     YGCT    FGC    FGCT     GCT   
        26170.4   0.00  72.19  84.65  79.36  99.71  18374  442.145    81  106.181  548.326
        26180.5   0.00  48.42  53.09  80.84  99.71  18382  442.330    81  106.181  548.511
        26190.4   0.00  48.76  23.32  83.17  99.71  18390  442.536    81  106.181  548.717
        26200.5   0.00  99.64  10.59  84.95  99.71  18398  442.726    81  106.181  548.907
        26210.5  47.11   0.00  78.90  87.33  99.71  18405  442.912    81  106.181  549.093
        26220.5  50.74   0.00  10.44  89.37  99.71  18413  443.105    81  106.181  549.286
        26230.5   0.00  56.63  63.53  90.53  99.71  18420  443.266    81  106.181  549.447
        26240.4  35.13   0.00  61.10  91.35  99.71  18427  443.400    81  106.181  549.581
        26250.5   0.00  35.31  85.31  92.66  99.71  18434  443.574    81  106.181  549.755
        26260.5   0.00  53.93  50.44  94.45  99.71  18442  443.749    81  106.181  549.931
Timestamp         S0     S1     E      O      P     YGC     YGCT    FGC    FGCT     GCT   
        26270.5  31.01   0.00  77.47  95.95  99.71  18449  443.912    81  106.181  550.093
        26280.5  70.44   0.00  16.18  97.33  99.71  18457  444.095    81  106.181  550.277
        26290.4   0.00  99.65  84.36  99.26  99.71  18464  444.284    81  106.181  550.465
        26300.5  43.55   0.00  26.03  20.49  99.71  18471  444.444    82  107.684  552.129
        26310.5  40.24   0.00  11.66  22.99  99.71  18479  444.635    82  107.684  552.319
        26320.4   0.00  51.79  79.39  24.38  99.71  18486  444.871    82  107.684  552.555
        26330.5   0.00  42.42  79.81  28.28  99.71  18494  445.104    82  107.684  552.788
        26340.5   0.00 100.00  61.99  30.91  99.71  18502  445.374    82  107.684  553.058
        26350.5   0.00  35.74  62.56  33.37  99.71  18510  445.557    82  107.684  553.241
        26360.4   0.00  43.10  10.76  34.86  99.71  18518  445.715    82  107.684  553.399
Timestamp         S0     S1     E      O      P     YGC     YGCT    FGC    FGCT     GCT   
        26370.5  51.40   0.00  76.31  36.05  99.71  18525  445.852    82  107.684  553.537
        26380.5  36.93   0.00  26.67  37.73  99.71  18533  446.070    82  107.684  553.754
        26390.5   0.00  77.67  61.15  38.61  99.71  18540  446.249    82  107.684  553.933
        26400.4   0.00  55.88  19.85  40.82  99.71  18548  446.531    82  107.684  554.215
        26410.4  47.99   0.00  97.31  42.79  99.71  18556  446.692    82  107.684  554.376
        26420.5  65.11   0.00  86.95  45.43  99.71  18563  446.906    82  107.684  554.590
        26430.5  33.41   0.00  70.96  47.87  99.71  18571  447.117    82  107.684  554.801
        26440.5  43.91   0.00  59.46  49.97  99.71  18579  447.298    82  107.684  554.982
        26450.5  29.03   0.00  32.95  52.14  99.71  18587  447.468    82  107.684  555.153
        26460.5   0.00  41.75  60.55  53.58  99.71  18594  447.636    82  107.684  555.320
Timestamp         S0     S1     E      O      P     YGC     YGCT    FGC    FGCT     GCT   
        26470.5  56.61   0.00  98.89  54.84  99.71  18601  447.769    82  107.684  555.454
        26480.5  16.17   0.00  37.33  58.11  99.71  18609  448.038    82  107.684  555.723
        26490.5   0.00  26.68  89.85  59.54  99.71  18616  448.196    82  107.684  555.880
        26500.5   0.00  23.61  47.31  61.25  99.71  18624  448.363    82  107.684  556.047
        26510.4  55.59   0.00  79.06  62.15  99.71  18631  448.490    82  107.684  556.174
        26520.5  41.29   0.00  13.60  63.48  99.71  18639  448.641    82  107.684  556.326
        26530.5   0.00 100.00  33.06  64.84  99.71  18646  448.793    82  107.684  556.477
        26540.5  64.64   0.00  87.22  66.40  99.71  18653  448.969    82  107.684  556.654
        26550.5  68.47   0.00  34.70  67.83  99.71  18661  449.188    82  107.684  556.872
        26560.5  49.22   0.00  26.18  70.42  99.71  18669  449.397    82  107.684  557.081
Timestamp         S0     S1     E      O      P     YGC     YGCT    FGC    FGCT     GCT   
        26570.5  52.05   0.00   0.66  72.09  99.71  18677  449.628    82  107.684  557.312
        26580.5   0.00  78.74   5.21  73.32  99.71  18684  449.829    82  107.684  557.514
        26590.5  83.76   0.00  98.58  74.80  99.71  18691  449.980    82  107.684  557.665
        26600.5   0.00  41.12  89.75  75.96  99.71  18698  450.107    82  107.684  557.792
        26610.5   0.00  60.36  36.73  77.57  99.71  18706  450.314    82  107.684  557.999
        26620.5  69.16   0.00  85.11  79.02  99.71  18713  450.473    82  107.684  558.158
        26630.5  37.73   0.00  76.32  85.36  99.71  18721  450.709    82  107.684  558.393
        26640.5  38.28   0.00  85.02  87.55  99.71  18729  450.896    82  107.684  558.580
        26650.5  26.83   0.00  57.81  89.84  99.71  18737  451.146    82  107.684  558.830
        26660.5  37.02   0.00  14.89  91.93  99.71  18745  451.334    82  107.684  559.019
Timestamp         S0     S1     E      O      P     YGC     YGCT    FGC    FGCT     GCT   
        26670.5  36.04   0.00   0.00  94.19  99.71  18753  451.614    82  107.684  559.299
        26680.5   0.00  45.16  77.99  96.75  99.71  18760  451.807    82  107.684  559.491
        26690.5   0.00  71.76  27.62  99.03  99.71  18768  452.020    82  107.684  559.704
        26700.5   0.00  25.48  82.99  20.01  99.71  18774  452.149    83  109.110  561.259
        26710.5   0.00  39.46  71.86  21.73  99.71  18782  452.302    83  109.110  561.412
        26720.5   0.00 100.00  29.22  23.38  99.71  18790  452.486    83  109.110  561.596
        26730.5  69.30   0.00  91.80  25.08  99.71  18797  452.614    83  109.110  561.724
        26740.5  21.99   0.00  86.24  29.57  99.71  18805  452.840    83  109.110  561.950
        26750.5  50.60   0.00  93.27  31.56  99.71  18813  453.008    83  109.110  562.119
        26760.5  55.94   0.00  91.96  34.69  99.71  18821  453.226    83  109.110  562.336
Timestamp         S0     S1     E      O      P     YGC     YGCT    FGC    FGCT     GCT   
        26770.5  39.61   0.00  90.92  37.56  99.71  18829  453.445    83  109.110  562.555
        26780.5  63.11   0.00  73.90  39.53  99.71  18837  453.636    83  109.110  562.746
        26790.5  34.39   0.00  26.35  41.24  99.71  18845  453.783    83  109.110  562.893
        26800.5   0.00  71.86  55.66  42.38  99.71  18852  453.938    83  109.110  563.049
        26810.5   0.00  47.13  24.09  43.96  99.71  18860  454.107    83  109.110  563.217
        26820.5  49.45   0.00  69.22  47.35  99.71  18867  454.292    83  109.110  563.402
        26830.5  31.60   0.00  51.75  49.24  99.71  18875  454.511    83  109.110  563.621
        26840.5  28.37   0.00  26.49  50.58  99.71  18883  454.669    83  109.110  563.779
        26850.5   0.00  69.40  72.29  51.80  99.71  18890  454.809    83  109.110  563.919
        26860.5   0.00  54.93  12.97  53.81  99.71  18898  455.008    83  109.110  564.118
Timestamp         S0     S1     E      O      P     YGC     YGCT    FGC    FGCT     GCT   
        26870.5   0.00  16.35   5.27  57.67  99.71  18906  455.201    83  109.110  564.311
        26880.5  59.22   0.00  72.94  59.07  99.71  18913  455.362    83  109.110  564.472
        26890.5  59.05   0.00  34.18  61.08  99.71  18921  455.616    83  109.110  564.726
        26900.5  58.03   0.00   7.80  62.87  99.71  18929  455.797    83  109.110  564.907
        26910.5   0.00  73.99  93.81  64.47  99.71  18936  455.958    83  109.110  565.068
        26920.5   0.00  49.26  73.29  66.83  99.71  18944  456.150    83  109.110  565.260
        26930.5   0.00  44.62  34.62  68.02  99.71  18952  456.321    83  109.110  565.431
        26940.5  40.10   0.00  87.13  69.72  99.71  18959  456.488    83  109.110  565.598
        26950.5  45.00   0.00  33.22  71.12  99.71  18967  456.706    83  109.110  565.816
        26960.5   0.00  39.40  68.65  72.67  99.71  18974  456.851    83  109.110  565.961
Timestamp         S0     S1     E      O      P     YGC     YGCT    FGC    FGCT     GCT   
        26970.5   0.00  66.47  17.90  74.34  99.71  18982  457.033    83  109.110  566.143
        26980.5  63.12   0.00  58.04  76.08  99.71  18989  457.189    83  109.110  566.300
        26990.5  61.42   0.00   0.00  78.04  99.71  18997  457.390    83  109.110  566.500
        27000.5   0.00 100.00  24.49  79.05  99.71  19004  457.547    83  109.110  566.657
        27010.5  41.42   0.00  93.05  82.63  99.71  19011  457.734    83  109.110  566.845
        27020.5  58.60   0.00  93.61  84.88  99.71  19019  457.942    83  109.110  567.053
        27030.5  62.69   0.00  80.54  86.77  99.71  19027  458.106    83  109.110  567.216
        27040.5  96.17   0.00  67.72  89.04  99.71  19035  458.316    83  109.110  567.426
        27050.5  39.24   0.00  67.79  91.87  99.71  19043  458.531    83  109.110  567.641
        27060.5  43.85   0.00  13.71  93.29  99.71  19051  458.719    83  109.110  567.830
Timestamp         S0     S1     E      O      P     YGC     YGCT    FGC    FGCT     GCT   
        27070.5   0.00  56.32  34.75  94.31  99.71  19058  458.866    83  109.110  567.976
        27080.5   0.00  57.91  24.93  97.19  99.71  19066  459.086    83  109.110  568.196
        27090.5   0.00 100.00   0.00  99.68  99.71  19074  459.294    84  109.110  568.404
        27100.5   0.00  53.07  92.85  17.11  99.71  19080  459.467    84  110.694  570.161
        27110.4  70.38   0.00   1.00  20.98  99.71  19089  459.788    84  110.694  570.482
        27120.5  69.00   0.00   0.00  23.97  99.71  19097  460.118    84  110.694  570.812
        27130.5  79.74   0.00   4.65  26.51  99.71  19105  460.290    84  110.694  570.984
        27140.5   0.00  63.06  75.70  28.63  99.71  19112  460.438    84  110.694  571.132
        27150.5   0.00  47.46  53.83  31.24  99.71  19120  460.631    84  110.694  571.325
        27160.5   0.00  99.02  24.49  33.54  99.71  19128  460.828    84  110.694  571.522
Timestamp         S0     S1     E      O      P     YGC     YGCT    FGC    FGCT     GCT   
        27170.5  32.72   0.00  74.52  35.31  99.71  19135  460.991    84  110.694  571.685
        27180.5  47.58   0.00   4.47  37.36  99.71  19143  461.168    84  110.694  571.862
        27190.5   0.00  59.95  76.87  39.16  99.71  19150  461.317    84  110.694  572.011
        27200.5   0.00  53.54  40.22  41.52  99.71  19158  461.622    84  110.694  572.316
        27210.5   0.00 100.00   0.00  43.47  99.71  19166  461.794    84  110.694  572.488
        27220.5  48.11   0.00  40.75  45.36  99.71  19173  461.948    84  110.694  572.642
        27230.5  86.39   0.00   2.35  46.77  99.71  19181  462.115    84  110.694  572.809
        27240.5  49.70 100.00 100.00  51.54  99.71  19189  462.345    84  110.694  573.039
        27250.5   0.00  35.55  93.56  54.53  99.71  19196  462.599    84  110.694  573.293
        27260.5   0.00  21.99  60.22  56.60  99.71  19204  462.774    84  110.694  573.468
Timestamp         S0     S1     E      O      P     YGC     YGCT    FGC    FGCT     GCT   
        27270.5  52.11   0.00  84.56  58.24  99.71  19211  462.933    84  110.694  573.628
        27280.5  42.70   0.00  49.57  60.10  99.71  19219  463.172    84  110.694  573.866
        27290.5  19.61   0.00  50.89  66.41  99.71  19227  463.407    84  110.694  574.101
        27300.5  51.18   0.00  47.92  68.48  99.71  19235  463.607    84  110.694  574.301
        27310.5  38.47   0.00   7.14  70.74  99.71  19243  463.779    84  110.694  574.473
        27320.5   0.00  28.15  75.26  72.46  99.71  19250  463.932    84  110.694  574.626
        27330.5   0.00  58.77  59.76  74.74  99.71  19258  464.123    84  110.694  574.817
        27340.5   0.00 100.00  49.23  77.68  99.71  19266  464.347    84  110.694  575.042
        27350.5   0.00  99.34   6.15  79.66  99.71  19274  464.579    84  110.694  575.273
        27360.5  76.23   0.00  63.03  81.48  99.71  19281  464.758    84  110.694  575.452
Timestamp         S0     S1     E      O      P     YGC     YGCT    FGC    FGCT     GCT   
        27370.5  21.92   0.00  52.90  84.77  99.71  19289  464.998    84  110.694  575.692
        27380.5  61.92   0.00  53.49  87.24  99.71  19297  465.245    84  110.694  575.939
        27390.6  31.01   0.00  25.95  89.51  99.71  19305  465.471    84  110.694  576.165
        27400.6  87.20   0.00  22.49  91.51  99.71  19313  465.674    84  110.694  576.368
        27410.5  43.97   0.00  32.39  95.24  99.71  19321  465.887    84  110.694  576.581
        27420.5   0.00  37.03  77.32  96.94  99.71  19328  466.052    84  110.694  576.746
        27430.6   0.00  99.75   0.00  99.44  99.71  19336  466.261    85  110.694  576.955
        27440.5  67.78   0.00   9.99  21.51  99.71  19343  466.491    85  112.226  578.717
        27450.6  33.83  36.05 100.00  24.21  99.71  19351  466.665    85  112.226  578.891
        27460.6   0.00  43.35  88.22  26.06  99.71  19358  466.838    85  112.226  579.064
Timestamp         S0     S1     E      O      P     YGC     YGCT    FGC    FGCT     GCT   
        27470.6   0.00  48.48  81.97  28.59  99.71  19366  467.010    85  112.226  579.236
        27480.6   0.00  99.65  50.39  31.40  99.71  19374  467.210    85  112.226  579.436
        27490.5   0.00  65.16   8.56  33.08  99.71  19382  467.388    85  112.226  579.615
        27500.5  65.00   0.00  91.46  34.49  99.71  19389  467.528    85  112.226  579.754
        27510.5  61.78   0.00  96.12  38.79  99.71  19397  467.784    85  112.226  580.010
        27520.6   0.00  99.72   7.53  42.74  99.71  19406  468.034    85  112.226  580.260
        27530.6  29.56   0.00  98.99  45.56  99.71  19413  468.223    85  112.226  580.449
        27540.6  29.18   0.00  29.85  46.91  99.71  19421  468.389    85  112.226  580.616
        27550.5   0.00  60.05  85.74  48.11  99.71  19428  468.520    85  112.226  580.746
        27560.6   0.00  68.03  45.99  49.87  99.71  19436  468.675    85  112.226  580.901
Timestamp         S0     S1     E      O      P     YGC     YGCT    FGC    FGCT     GCT   
        27570.6  27.06   0.00  97.84  53.70  99.71  19443  468.850    85  112.226  581.076
        27580.6  52.77   0.00  93.39  55.33  99.71  19451  469.039    85  112.226  581.265
        27590.6  30.84   0.00  52.71  57.32  99.71  19459  469.211    85  112.226  581.438
        27600.6   0.00  99.52  85.69  58.60  99.71  19466  469.369    85  112.226  581.595
        27610.5   0.00  71.80  51.44  59.67  99.71  19474  469.545    85  112.226  581.771
        27620.5   0.00  99.06  10.71  61.90  99.71  19482  469.743    85  112.226  581.969
        27630.6  70.18   0.00  64.86  63.14  99.71  19489  469.889    85  112.226  582.115
        27640.6  36.72   0.00  71.66  66.43  99.71  19497  470.094    85  112.226  582.321
        27650.6  39.05   0.00  74.22  68.32  99.71  19505  470.282    85  112.226  582.509
        27660.5  78.97   0.00  35.79  70.30  99.71  19513  470.487    85  112.226  582.713
Timestamp         S0     S1     E      O      P     YGC     YGCT    FGC    FGCT     GCT   
        27670.6  83.41   0.00  17.85  72.82  99.71  19521  470.697    85  112.226  582.923
        27680.6  63.86   0.00   4.14  74.83  99.71  19529  470.887    85  112.226  583.114
        27690.6   0.00 100.00  93.96  77.06  99.71  19536  471.064    85  112.226  583.290
        27700.5   0.00  58.88  87.78  79.41  99.71  19544  471.254    85  112.226  583.480
        27710.6   0.00  55.08  72.42  81.19  99.71  19552  471.444    85  112.226  583.671
        27720.5   0.00  36.39  29.77  83.76  99.71  19560  471.649    85  112.226  583.875
        27730.5   0.00  50.22  30.72  86.63  99.71  19568  471.895    85  112.226  584.121
        27740.5 100.00   0.00  97.93  88.92  99.71  19575  472.100    85  112.226  584.327
        27750.5  31.82   0.00  73.90  91.45  99.71  19583  472.283    85  112.226  584.509
        27760.5  59.11   0.00   0.84  93.08  99.71  19591  472.498    85  112.226  584.724
Timestamp         S0     S1     E      O      P     YGC     YGCT    FGC    FGCT     GCT   
        27770.6   0.00  40.36  56.44  94.46  99.71  19598  472.652    85  112.226  584.879
        27780.6  92.15   0.00  13.20  95.29  99.71  19605  472.826    85  112.226  585.052
        27790.6   0.00 100.00  79.14  97.79  99.71  19612  472.993    85  112.226  585.219
        27800.6  28.42   0.00  50.26  19.50  99.71  19619  473.164    86  113.647  586.811
        27810.6  61.93   0.00  56.90  21.71  99.71  19627  473.345    86  113.647  586.992
        27820.5  68.16   0.00  24.49  23.70  99.71  19635  473.520    86  113.647  587.167
        27830.6  75.68   0.00  16.32  26.27  99.71  19643  473.724    86  113.647  587.371
        27840.6  60.41   0.00  16.18  34.31  99.71  19651  474.085    86  113.647  587.732
        27850.6  25.81   0.00  31.62  37.17  99.71  19659  474.326    86  113.647  587.973
        27860.6  44.30   0.00  36.10  39.15  99.71  19667  474.541    86  113.647  588.188
Timestamp         S0     S1     E      O      P     YGC     YGCT    FGC    FGCT     GCT   
        27870.6  38.20   0.00  12.96  40.66  99.71  19675  474.762    86  113.647  588.410
        27880.6  81.99   0.00  18.69  43.22  99.71  19683  474.971    86  113.647  588.618
        27890.6  19.53   0.00   0.91  45.74  99.71  19691  475.136    86  113.647  588.783
        27900.6   0.00  55.29  58.36  47.45  99.71  19698  475.321    86  113.647  588.969
        27910.5  57.40   0.00  97.96  49.18  99.71  19706  475.469    86  113.647  589.116
        27920.5  72.04   0.00  56.46  51.12  99.71  19713  475.649    86  113.647  589.296
        27930.6  84.71   0.00  11.18  52.64  99.71  19721  475.823    86  113.647  589.470
        27940.6   0.00  84.88  89.62  54.30  99.71  19728  475.976    86  113.647  589.623
        27950.6  58.90   0.00   8.25  58.85  99.71  19737  476.223    86  113.647  589.870
        27960.6   0.00  43.70  75.61  61.18  99.71  19744  476.476    86  113.647  590.124
Timestamp         S0     S1     E      O      P     YGC     YGCT    FGC    FGCT     GCT   
        27970.6   0.00  36.95  43.26  63.14  99.71  19752  476.687    86  113.647  590.335
        27980.6   0.00  41.67   2.78  65.23  99.71  19760  476.873    86  113.647  590.520
        27990.6  85.60   0.00  72.07  66.59  99.71  19767  477.013    86  113.647  590.660
        28000.6  65.59   0.00  55.15  69.00  99.71  19775  477.247    86  113.647  590.894
        28010.6  73.30   0.00  33.18  70.93  99.71  19783  477.421    86  113.647  591.068
        28020.6   0.00 100.00  87.37  72.83  99.71  19790  477.600    86  113.647  591.247
        28030.5   0.00  14.73  82.83  78.37  99.71  19798  477.858    86  113.647  591.505
        28040.6   0.00  36.70  84.44  80.00  99.71  19806  478.078    86  113.647  591.725
        28050.6   0.00  48.01   9.79  81.53  99.71  19814  478.234    86  113.647  591.881
        28060.6  47.31   0.00  52.07  82.53  99.71  19821  478.390    86  113.647  592.038
Timestamp         S0     S1     E      O      P     YGC     YGCT    FGC    FGCT     GCT   
        28070.5  53.18   0.00   5.68  84.05  99.71  19829  478.564    86  113.647  592.211
        28080.6   0.00  44.94   3.96  85.35  99.71  19836  478.738    86  113.647  592.385
        28090.6  53.42   0.00  32.81  86.84  99.71  19843  478.904    86  113.647  592.551
        28100.6   0.00  90.37  93.58  88.45  99.71  19850  479.136    86  113.647  592.783
        28110.6   0.00  99.49  35.36  90.17  99.71  19858  479.328    86  113.647  592.975
        28120.5   0.00 100.00   3.03  92.41  99.71  19866  479.546    86  113.647  593.193
        28130.6  66.32   0.00  96.38  95.26  99.71  19873  479.747    86  113.647  593.394
        28140.6  68.08   0.00  66.11  97.41  99.71  19881  479.933    86  113.647  593.581
        28150.6  80.26   0.00   0.00  99.54  99.71  19889  480.148    87  113.647  593.795
        28160.6   0.00  99.43  19.72  21.42  99.71  19896  480.360    87  115.122  595.482
Timestamp         S0     S1     E      O      P     YGC     YGCT    FGC    FGCT     GCT   
        28170.6  66.22   0.00  69.78  22.80  99.71  19903  480.486    87  115.122  595.608
        28180.6  58.64   0.00  25.09  24.46  99.71  19911  480.625    87  115.122  595.747
        28190.6   0.00  86.34  75.38  25.41  99.71  19918  480.753    87  115.122  595.875
        28200.6   0.00  99.66  24.75  27.27  99.71  19926  480.991    87  115.122  596.113
        28210.6  77.20   0.00  89.14  28.80  99.71  19933  481.151    87  115.122  596.273
        28220.6  29.67   0.00  24.54  30.87  99.71  19941  481.327    87  115.122  596.449
        28230.6   0.00  57.34  83.84  32.37  99.71  19948  481.484    87  115.122  596.606
        28240.6   0.00  28.17  87.86  36.25  99.71  19956  481.693    87  115.122  596.816
        28250.6   0.00  62.92  82.92  38.38  99.71  19964  481.863    87  115.122  596.985
        28260.6   0.00  24.15  10.95  40.48  99.71  19972  482.014    87  115.122  597.137
Timestamp         S0     S1     E      O      P     YGC     YGCT    FGC    FGCT     GCT   
        28270.6  36.74   0.00  50.55  41.52  99.71  19979  482.152    87  115.122  597.275
        28280.6   0.00 100.00  70.78  42.78  99.71  19986  482.297    87  115.122  597.419
        28290.6   0.00 100.00  17.79  46.18  99.71  19994  482.474    87  115.122  597.596
        28300.6   0.00  48.11   8.31  48.50  99.71  20002  482.704    87  115.122  597.827
        28310.6  45.58   0.00  98.95  50.22  99.71  20009  482.841    87  115.122  597.964
        28320.6  40.29   0.00  74.13  53.31  99.71  20017  483.051    87  115.122  598.173
        28330.6  50.00   0.00  49.81  54.89  99.71  20025  483.232    87  115.122  598.354
        28340.6  64.84   0.00  10.79  56.39  99.71  20033  483.394    87  115.122  598.517
        28350.6   0.00  47.43  82.76  57.94  99.71  20040  483.540    87  115.122  598.662
        28360.6   0.00  85.15  30.98  59.53  99.71  20048  483.733    87  115.122  598.855
Timestamp         S0     S1     E      O      P     YGC     YGCT    FGC    FGCT     GCT   
        28370.6   0.00  72.15  35.97  63.61  99.71  20056  483.958    87  115.122  599.080
        28380.6   0.00  26.75   5.94  66.36  99.71  20064  484.171    87  115.122  599.294
        28390.6  60.37   0.00  86.99  67.98  99.71  20071  484.374    87  115.122  599.497
        28400.6  42.50   0.00  22.39  69.91  99.71  20079  484.559    87  115.122  599.681
        28410.6   0.00  33.96  39.97  71.18  99.71  20086  484.762    87  115.122  599.884
        28420.6  54.00   0.00  84.63  72.75  99.71  20093  485.000    87  115.122  600.123
        28430.6  76.10   0.00  52.48  74.10  99.71  20101  485.172    87  115.122  600.294
        28440.6   0.00  58.09  97.17  75.75  99.71  20108  485.308    87  115.122  600.430
        28450.6   0.00  21.95  76.69  79.87  99.71  20116  485.528    87  115.122  600.650
        28460.6   0.00  48.23  15.81  81.20  99.71  20124  485.714    87  115.122  600.836
Timestamp         S0     S1     E      O      P     YGC     YGCT    FGC    FGCT     GCT   
        28470.7  24.71  35.49 100.00  84.01  99.71  20132  485.896    87  115.122  601.019
        28480.6  46.80   0.00  78.32  85.69  99.71  20139  486.157    87  115.122  601.280
        28490.7  34.29   0.00  48.13  87.15  99.71  20147  486.333    87  115.122  601.455
        28500.6   0.00  59.81  83.41  89.47  99.71  20154  486.680    87  115.122  601.803
        28510.7   0.00  46.15  60.54  91.21  99.71  20162  486.859    87  115.122  601.981
        28520.6   0.00  49.72  22.18  92.95  99.71  20170  487.086    87  115.122  602.208
        28530.7   0.00  63.86   9.33  95.40  99.71  20178  487.283    87  115.122  602.405
        28540.7  42.57   0.00  85.63  97.16  99.71  20185  487.443    87  115.122  602.565
        28550.7  52.30   0.00  36.12  98.54  99.71  20193  487.625    87  115.122  602.747
        28560.6   0.00  37.18  44.32  17.98  99.71  20199  488.127    88  116.992  605.119
Timestamp         S0     S1     E      O      P     YGC     YGCT    FGC    FGCT     GCT   
        28570.7   0.00  33.33  71.12  20.11  99.71  20207  488.292    88  116.992  605.284
        28580.6   0.00  99.78  67.75  22.68  99.71  20215  488.501    88  116.992  605.493
        28590.6   0.00  61.71  65.74  26.20  99.71  20223  488.733    88  116.992  605.725
        28600.6   0.00  26.92  52.75  30.00  99.71  20231  488.941    88  116.992  605.933
        28610.7   0.00  35.79  49.57  31.51  99.71  20239  489.111    88  116.992  606.103
        28620.7   0.00  49.79  14.15  33.64  99.71  20247  489.293    88  116.992  606.285
        28630.7  29.27   0.00  82.36  35.79  99.71  20254  489.454    88  116.992  606.446
        28640.7  38.70   0.00  58.89  37.75  99.71  20262  489.618    88  116.992  606.610
        28650.7  69.84   0.00  35.19  40.93  99.71  20270  489.825    88  116.992  606.817
        28660.6  27.03   0.00  22.64  43.34  99.71  20278  490.049    88  116.992  607.041
Timestamp         S0     S1     E      O      P     YGC     YGCT    FGC    FGCT     GCT   
        28670.6   0.00  55.29  87.57  44.47  99.71  20285  490.178    88  116.992  607.170
        28680.7   0.00  30.34  81.69  48.60  99.71  20293  490.385    88  116.992  607.377
        28690.7   0.00  33.77  80.99  50.28  99.71  20301  490.560    88  116.992  607.552
        28700.7   0.00  32.75  74.87  53.57  99.71  20309  490.803    88  116.992  607.796
        28710.6   0.00  59.31  72.65  55.87  99.71  20317  491.004    88  116.992  607.997
        28720.7   0.00  35.82  47.59  57.60  99.71  20325  491.206    88  116.992  608.198
        28730.7  63.93   0.00  82.82  58.81  99.71  20332  491.345    88  116.992  608.337
        28740.7  28.84   0.00  58.20  63.64  99.71  20340  491.676    88  116.992  608.668
        28750.6  47.58   0.00  58.11  65.90  99.71  20348  491.919    88  116.992  608.911
        28760.7  39.81   0.00  36.09  67.89  99.71  20356  492.076    88  116.992  609.069
Timestamp         S0     S1     E      O      P     YGC     YGCT    FGC    FGCT     GCT   
        28770.7  33.42   0.00  12.67  69.73  99.71  20364  492.239    88  116.992  609.231
        28780.7   0.00 100.00  70.49  71.04  99.71  20371  492.387    88  116.992  609.379
        28790.7   0.00 100.00  40.07  73.20  99.71  20379  492.571    88  116.992  609.563
        28800.7  48.95   0.00  75.69  75.00  99.71  20386  492.748    88  116.992  609.740
        28810.7  67.90   0.00  48.94  76.76  99.71  20394  492.930    88  116.992  609.922
        28820.7  35.05   0.00  24.13  79.04  99.71  20402  493.124    88  116.992  610.116
        28830.7   0.00  46.73  87.23  80.16  99.71  20409  493.274    88  116.992  610.266
        28840.7   0.00  77.65  81.00  82.21  99.71  20417  493.479    88  116.992  610.471
        28850.7   0.00  50.54  35.12  84.02  99.71  20425  493.667    88  116.992  610.659
        28860.7  46.89   0.00  74.77  85.71  99.71  20432  493.832    88  116.992  610.824
Timestamp         S0     S1     E      O      P     YGC     YGCT    FGC    FGCT     GCT   
        28870.7  51.06   0.00  62.69  87.67  99.71  20440  494.023    88  116.992  611.015
        28880.7  70.33   0.00  43.02  90.01  99.71  20448  494.202    88  116.992  611.195
        28890.7  43.50   0.00   8.58  92.12  99.71  20456  494.409    88  116.992  611.402
        28900.7   0.00  63.19  87.08  93.80  99.71  20463  494.557    88  116.992  611.549
        28910.7   0.00  87.50  64.93  96.07  99.71  20471  494.803    88  116.992  611.796
        28920.7   0.00   0.00  26.44  19.31  99.71  20478  495.018    89  118.520  613.538
        28930.7   0.00  20.70  69.16  20.73  99.71  20485  495.169    89  118.520  613.689
        28940.8   0.00  42.92  74.63  22.89  99.71  20493  495.364    89  118.520  613.884
        28950.7   0.00  26.85  27.97  24.72  99.71  20501  495.518    89  118.520  614.038
        28960.7  44.19   0.00  61.49  25.79  99.71  20508  495.670    89  118.520  614.190
Timestamp         S0     S1     E      O      P     YGC     YGCT    FGC    FGCT     GCT   
        28970.7   0.00  45.13  73.70  26.81  99.71  20515  495.792    89  118.520  614.312
        28980.7  61.46   0.00  84.01  27.91  99.71  20522  495.927    89  118.520  614.447
        28990.7  49.06   0.00  53.31  31.66  99.71  20530  496.209    89  118.520  614.729
        29000.7  54.24   0.00  57.75  33.81  99.71  20538  496.388    89  118.520  614.909
        29010.7  44.25   0.00  24.57  35.15  99.71  20546  496.525    89  118.520  615.045
        29020.8   0.00  99.74  78.47  37.22  99.71  20553  496.719    89  118.520  615.239
        29030.7   0.00  79.76  76.14  39.95  99.71  20561  496.914    89  118.520  615.434
        29040.7   0.00  31.31  17.64  41.49  99.71  20569  497.066    89  118.520  615.586
        29050.7  69.88   0.00  30.60  42.31  99.71  20576  497.212    89  118.520  615.732
        29060.7  40.37   0.00   6.85  46.00  99.71  20584  497.429    89  118.520  615.949
Timestamp         S0     S1     E      O      P     YGC     YGCT    FGC    FGCT     GCT   
        29070.7   0.00  46.04  52.65  47.25  99.71  20591  497.593    89  118.520  616.113
        29080.8   0.00  99.40  45.07  49.49  99.71  20599  497.796    89  118.520  616.316
        29090.8   0.00  59.79  21.42  51.19  99.71  20607  498.007    89  118.520  616.527
        29100.7   0.00  99.79   6.91  56.44  99.71  20615  498.251    89  118.520  616.771
        29110.7   0.00  50.00  12.04  59.51  99.71  20623  498.458    89  118.520  616.978
        29120.8   0.00 100.00   8.50  62.17  99.71  20631  498.661    89  118.520  617.181
        29130.8  26.10   0.00  81.07  63.65  99.71  20638  498.800    89  118.520  617.320
        29140.8  60.85   0.00  67.42  66.63  99.71  20646  499.006    89  118.520  617.526
        29150.7  33.56   0.00  29.88  68.24  99.71  20654  499.171    89  118.520  617.691
        29160.8   0.00  60.33  89.01  70.01  99.71  20661  499.321    89  118.520  617.841
Timestamp         S0     S1     E      O      P     YGC     YGCT    FGC    FGCT     GCT   
        29170.8   0.00  52.48  26.41  72.27  99.71  20669  499.524    89  118.520  618.044
        29180.8  75.40   0.00  89.45  73.83  99.71  20676  499.666    89  118.520  618.186
        29190.8  55.36   0.00  68.51  76.46  99.71  20684  499.868    89  118.520  618.388
        29200.8  43.05   0.00  45.68  78.02  99.71  20692  500.040    89  118.520  618.560
        29210.8  60.96   0.00   0.93  79.94  99.71  20700  500.238    89  118.520  618.758
        29220.8   0.00  45.41  57.80  81.88  99.71  20707  500.412    89  118.520  618.932
        29230.8   0.00  77.16   7.51  83.38  99.71  20715  500.590    89  118.520  619.110
        29240.8   0.00  65.80   4.15  85.79  99.71  20723  500.805    89  118.520  619.325
        29250.7  75.41   0.00  68.29  87.34  99.71  20730  500.968    89  118.520  619.488
        29260.7  86.31   0.00  25.14  89.22  99.71  20738  501.165    89  118.520  619.685
Timestamp         S0     S1     E      O      P     YGC     YGCT    FGC    FGCT     GCT   
        29270.8   0.00  69.77  91.33  91.05  99.71  20745  501.325    89  118.520  619.845
        29280.8   0.00 100.00   5.64  92.46  99.71  20753  501.521    89  118.520  620.041
        29290.8  69.72   0.00  98.18  94.36  99.71  20760  501.695    89  118.520  620.215
        29300.8  79.85   0.00  83.44  97.24  99.71  20768  501.930    89  118.520  620.450
        29310.8   0.00  24.47  69.22  21.38  99.71  20775  502.133    90  120.100  622.233
        29320.8   0.00  34.28  77.11  24.33  99.71  20783  502.325    90  120.100  622.424
        29330.8   0.00 100.00  62.47  26.84  99.71  20791  502.542    90  120.100  622.642
        29340.8   0.00  38.59  21.64  29.15  99.71  20799  502.717    90  120.100  622.816
        29350.8  64.64   0.00  96.47  30.34  99.71  20806  502.876    90  120.100  622.976
        29360.8  76.26   0.00  33.24  32.36  99.71  20814  503.038    90  120.100  623.138
Timestamp         S0     S1     E      O      P     YGC     YGCT    FGC    FGCT     GCT   
        29370.8   0.00  38.17  89.88  33.99  99.71  20821  503.280    90  120.100  623.380
        29380.8   0.00  99.42  40.39  36.27  99.71  20829  503.454    90  120.100  623.554
        29390.8   0.00  24.52  17.47  38.11  99.71  20837  503.666    90  120.100  623.765
        29400.8  62.18   0.00  51.48  39.43  99.71  20844  503.846    90  120.100  623.945
        29410.8  93.60   0.00  22.59  41.45  99.71  20852  504.013    90  120.100  624.113
        29420.8   0.00  40.59  71.42  43.08  99.71  20859  504.182    90  120.100  624.282
        29430.8   0.00 100.00  26.64  44.61  99.71  20867  504.385    90  120.100  624.484
        29440.8  66.67   0.00  86.54  46.16  99.71  20874  504.521    90  120.100  624.620
        29450.8  38.65   0.00  27.40  47.81  99.71  20882  504.668    90  120.100  624.768
        29460.8   0.00  46.52  53.66  49.43  99.71  20889  504.856    90  120.100  624.955
Timestamp         S0     S1     E      O      P     YGC     YGCT    FGC    FGCT     GCT   
        29470.8   0.00  29.94  28.38  53.18  99.71  20897  505.095    90  120.100  625.195
        29480.8   0.00  37.11  29.00  54.87  99.71  20905  505.288    90  120.100  625.388
        29490.8  55.32   0.00  92.02  55.99  99.71  20912  505.426    90  120.100  625.526
        29500.8  89.50   0.00  71.14  58.05  99.71  20920  505.630    90  120.100  625.729
        29510.8  98.91   0.00  62.58  60.25  99.71  20928  505.796    90  120.100  625.896
        29520.8  31.15   0.00  22.40  64.10  99.71  20936  506.083    90  120.100  626.183
        29530.8  60.62   0.00  22.10  66.11  99.71  20944  506.330    90  120.100  626.429
        29540.8  46.98   0.00   9.52  68.71  99.71  20952  506.535    90  120.100  626.635
        29550.8   0.00  39.20  93.02  70.05  99.71  20959  506.685    90  120.100  626.785
        29560.8   0.00  54.01  63.79  72.07  99.71  20967  506.872    90  120.100  626.971
Timestamp         S0     S1     E      O      P     YGC     YGCT    FGC    FGCT     GCT   
        29570.8   0.00  99.69  19.65  73.82  99.71  20975  507.042    90  120.100  627.142
        29580.8  43.17   0.00  85.46  75.67  99.71  20982  507.202    90  120.100  627.301
        29590.8  37.18   0.00  42.78  78.12  99.71  20990  507.451    90  120.100  627.551
        29600.8  36.83   0.00  20.81  79.96  99.71  20998  507.664    90  120.100  627.764
        29610.8   0.00  47.49  92.86  81.67  99.71  21005  507.846    90  120.100  627.945
        29620.8   0.00  70.00  74.96  83.22  99.71  21013  508.028    90  120.100  628.127
        29630.8   0.00  99.72  67.58  85.34  99.71  21021  508.239    90  120.100  628.338
        29640.8   0.00 100.00  33.02  88.45  99.71  21029  508.448    90  120.100  628.547
        29650.8   0.00  34.98  24.64  90.67  99.71  21037  508.626    90  120.100  628.726
        29660.8  52.13   0.00  83.85  92.19  99.71  21044  508.779    90  120.100  628.879
Timestamp         S0     S1     E      O      P     YGC     YGCT    FGC    FGCT     GCT   
        29670.8  83.14   0.00  51.74  93.77  99.71  21052  508.945    90  120.100  629.044
        29680.8   0.00  67.81  89.35  94.99  99.71  21059  509.087    90  120.100  629.186
        29690.8   0.00  54.09  40.92  97.45  99.71  21067  509.300    90  120.100  629.400
        29700.8  83.74   0.00   0.00  99.57  99.71  21074  509.516    91  120.100  629.616
        29710.8   0.00  46.27  75.84  21.94  99.71  21081  509.686    91  121.592  631.278
        29720.9   0.00 100.00  68.89  23.81  99.71  21089  509.847    91  121.592  631.439
        29730.9   0.00  41.34  39.05  25.62  99.71  21097  510.010    91  121.592  631.602
        29740.9   0.00  82.48  12.70  26.89  99.71  21105  510.166    91  121.592  631.758
        29750.8   0.00  16.97   1.43  30.48  99.71  21113  510.376    91  121.592  631.968
        29760.9  32.26   0.00  78.53  32.13  99.71  21120  510.541    91  121.592  632.133
Timestamp         S0     S1     E      O      P     YGC     YGCT    FGC    FGCT     GCT   
        29770.9  46.46   0.00  32.09  34.01  99.71  21128  510.716    91  121.592  632.308
        29780.9   0.00  48.87  65.01  35.21  99.71  21135  510.863    91  121.592  632.455
        29790.9   0.00 100.00  18.51  36.86  99.71  21143  511.040    91  121.592  632.632
        29800.9   0.00  40.00   5.92  38.89  99.71  21151  511.235    91  121.592  632.827
        29810.9  65.57   0.00  74.86  40.20  99.71  21158  511.375    91  121.592  632.967
        29820.9  68.75   0.00  11.40  42.36  99.71  21166  511.576    91  121.592  633.168
        29830.9   0.00  41.42  68.46  43.95  99.71  21173  511.756    91  121.592  633.348
        29840.8   0.00  46.65  18.94  45.29  99.71  21181  511.890    91  121.592  633.482
        29850.9  91.58   0.00  94.62  47.45  99.71  21188  512.113    91  121.592  633.705
        29860.9  34.84   0.00  56.60  49.57  99.71  21196  512.291    91  121.592  633.883
Timestamp         S0     S1     E      O      P     YGC     YGCT    FGC    FGCT     GCT   
        29870.9  55.52   0.00   8.38  51.37  99.71  21204  512.447    91  121.592  634.039
        29880.9   0.00 100.00  69.40  53.09  99.71  21211  512.592    91  121.592  634.184
        29890.8   0.00 100.00  57.90  55.37  99.71  21219  512.767    91  121.592  634.359
        29900.8  59.21   0.00  63.44  56.65  99.71  21226  512.903    91  121.592  634.495
        29910.9  57.44   0.00  34.24  58.17  99.71  21234  513.080    91  121.592  634.672
        29920.8   0.00  57.10  98.88  59.56  99.71  21242  513.260    91  121.592  634.852
        29930.9   0.00  19.83  82.66  63.81  99.71  21249  513.520    91  121.592  635.112
        29940.9   0.00  34.88  12.03  65.53  99.71  21257  513.705    91  121.592  635.297
        29950.9  56.54   0.00  74.22  67.89  99.71  21264  513.958    91  121.592  635.550
        29960.9  29.76   0.00  38.87  69.58  99.71  21272  514.144    91  121.592  635.736
Timestamp         S0     S1     E      O      P     YGC     YGCT    FGC    FGCT     GCT   
        29970.9   0.00  54.92  97.60  70.34  99.71  21279  514.274    91  121.592  635.866
        29980.8   0.00  70.39  32.44  71.97  99.71  21287  514.484    91  121.592  636.076
        29990.9  38.22   0.00  84.89  73.54  99.71  21294  514.633    91  121.592  636.225
        30000.9  77.95   0.00  11.49  74.91  99.71  21302  514.805    91  121.592  636.397
        30010.9  30.44   0.00   0.00  79.26  99.71  21310  515.056    91  121.592  636.648
        30020.8  40.23   0.00  16.17  82.01  99.71  21318  515.271    91  121.592  636.863
        30030.9   0.00  27.04  69.63  83.38  99.71  21325  515.426    91  121.592  637.018
        30040.9   0.00  50.23  48.44  85.69  99.71  21333  515.706    91  121.592  637.298
        30050.9   0.00  65.94  27.55  87.84  99.71  21341  515.920    91  121.592  637.512
        30060.9  67.09   0.00  78.65  90.36  99.71  21348  516.109    91  121.592  637.701
Timestamp         S0     S1     E      O      P     YGC     YGCT    FGC    FGCT     GCT   
        30070.9  31.58   0.00  21.32  92.34  99.71  21356  516.279    91  121.592  637.871
        30080.9   0.00  66.44  89.08  94.05  99.71  21363  516.461    91  121.592  638.053
        30090.9   0.00 100.00  91.75  96.58  99.71  21371  516.681    91  121.592  638.273
        30100.9   0.00 100.00  59.90  98.59  99.71  21379  516.866    91  121.592  638.458
        30110.9  68.89   0.00  45.36  15.04  99.71  21386  517.045    92  123.043  640.088
        30120.9   0.00  44.95  83.36  16.55  99.71  21393  517.168    92  123.043  640.211
        30130.9   0.00  96.18  61.93  18.31  99.71  21401  517.346    92  123.043  640.389
        30140.9  48.92   0.00  90.35  20.35  99.71  21408  517.507    92  123.043  640.550
        30150.9  37.44   0.00  62.14  22.34  99.71  21416  517.666    92  123.043  640.709
        30160.9  24.15   0.00  51.63  24.57  99.71  21424  517.851    92  123.043  640.894
Timestamp         S0     S1     E      O      P     YGC     YGCT    FGC    FGCT     GCT   
        30170.9  88.25   0.00  36.70  26.34  99.71  21432  518.012    92  123.043  641.055
        30180.9   0.00  67.58  62.44  28.82  99.71  21439  518.241    92  123.043  641.284
        30190.9   0.00 100.00  66.71  32.45  99.71  21447  518.491    92  123.043  641.535
        30200.9   0.00  48.97  52.43  34.12  99.71  21455  518.664    92  123.043  641.707
        30210.9   0.00  50.00  32.96  35.95  99.71  21463  518.844    92  123.043  641.887
        30220.9  25.10   0.00  95.60  37.90  99.71  21470  519.008    92  123.043  642.051
        30230.9  34.95   0.00  53.65  39.42  99.71  21478  519.175    92  123.043  642.218
        30240.9   0.00  54.14  99.14  40.59  99.71  21486  519.319    92  123.043  642.362
        30250.9   0.00 100.00  58.81  42.74  99.71  21493  519.539    92  123.043  642.582
        30260.9   0.00  49.86  45.06  47.01  99.71  21501  519.771    92  123.043  642.814
Timestamp         S0     S1     E      O      P     YGC     YGCT    FGC    FGCT     GCT   
        30270.9   0.00  21.15  16.43  49.62  99.71  21509  519.948    92  123.043  642.991
        30280.9  40.17   0.00  92.12  51.47  99.71  21516  520.120    92  123.043  643.163
        30290.9  40.37   0.00  46.95  53.07  99.71  21524  520.308    92  123.043  643.351
        30300.9   0.00 100.00  65.01  54.40  99.71  21531  520.451    92  123.043  643.494
        30310.9   0.00  62.02  17.78  56.47  99.71  21539  520.629    92  123.043  643.672
        30320.9   0.00  55.51  22.46  60.93  99.71  21547  520.860    92  123.043  643.903
        30330.9   0.00  20.25  36.59  63.39  99.71  21555  521.045    92  123.043  644.088
        30340.9   0.00  49.32  26.17  65.45  99.71  21563  521.253    92  123.043  644.296
        30350.9   0.00  32.83   0.00  67.00  99.71  21571  521.435    92  123.043  644.478
        30360.9  78.57   0.00  74.75  69.02  99.71  21578  521.737    92  123.043  644.780
Timestamp         S0     S1     E      O      P     YGC     YGCT    FGC    FGCT     GCT   
        30370.9  42.02   0.00  64.72  71.67  99.71  21586  521.940    92  123.043  644.983
        30380.9  37.89   0.00  13.74  74.08  99.71  21594  522.140    92  123.043  645.183
        30390.9   0.00  53.92  46.98  75.26  99.71  21601  522.276    92  123.043  645.319
        30400.9  51.54   0.00  95.04  76.99  99.71  21608  522.524    92  123.043  645.567
        30410.9  58.08   0.00  53.34  78.60  99.71  21616  522.723    92  123.043  645.766
        30420.9  21.09   0.00  28.36  82.76  99.71  21624  523.031    92  123.043  646.074
        30430.9  48.21   0.00  12.37  84.16  99.71  21632  523.247    92  123.043  646.291
        30440.9   0.00  57.18  71.87  85.90  99.71  21639  523.404    92  123.043  646.447
        30450.9   0.00  99.66  34.32  87.68  99.71  21647  523.610    92  123.043  646.653
        30460.9   0.00  57.34   4.31  89.73  99.71  21655  523.815    92  123.043  646.858
Timestamp         S0     S1     E      O      P     YGC     YGCT    FGC    FGCT     GCT   
        30470.9  65.83   0.00  84.69  91.29  99.71  21662  524.010    92  123.043  647.053
        30480.9  56.52   0.00  42.30  92.86  99.71  21670  524.183    92  123.043  647.226
        30490.9  37.69   0.00  25.90  96.63  99.71  21678  524.395    92  123.043  647.438
        30500.9   0.00  66.81  93.63  98.21  99.71  21685  524.605    92  123.043  647.648
        30510.9  92.64   0.00  48.51  18.81  99.71  21692  524.801    93  124.501  649.302
        30520.9   0.00 100.00  95.39  20.73  99.71  21699  524.976    93  124.501  649.477
        30530.9   0.00  38.17  88.84  24.16  99.71  21707  525.192    93  124.501  649.693
        30540.9   0.00  39.35  66.54  27.16  99.71  21715  525.387    93  124.501  649.888
        30550.9   0.00  45.24  16.28  28.89  99.71  21723  525.566    93  124.501  650.067
        30560.9  56.99   0.00  83.93  30.21  99.71  21730  525.716    93  124.501  650.217
Timestamp         S0     S1     E      O      P     YGC     YGCT    FGC    FGCT     GCT   
        30570.9  41.71   0.00  79.69  32.05  99.71  21738  525.898    93  124.501  650.399
        30580.9  88.86   0.00  66.18  33.90  99.71  21746  526.064    93  124.501  650.565
        30590.9  72.40   0.00  39.52  36.09  99.71  21754  526.258    93  124.501  650.759
        30600.9   0.00  31.82  69.68  37.45  99.71  21761  526.505    93  124.501  651.006
        30610.9   0.00  46.46  17.19  39.75  99.71  21769  526.693    93  124.501  651.194
        30620.9  26.36   0.00  55.02  41.17  99.71  21776  526.847    93  124.501  651.349
        30630.9   0.00  45.37  88.58  42.25  99.71  21783  527.010    93  124.501  651.511
        30640.9   0.00  99.61  29.43  44.01  99.71  21791  527.200    93  124.501  651.701
        30650.9  88.48   0.00  97.61  45.98  99.71  21798  527.394    93  124.501  651.895
        30660.9  48.41   0.00  51.44  48.31  99.71  21806  527.586    93  124.501  652.087
Timestamp         S0     S1     E      O      P     YGC     YGCT    FGC    FGCT     GCT   
        30670.9   0.00  99.43  68.40  49.85  99.71  21813  527.730    93  124.501  652.231
        30680.9  70.00   0.00  82.35  50.95  99.71  21820  527.884    93  124.501  652.385
        30690.9  38.74   0.00  46.69  54.76  99.71  21828  528.096    93  124.501  652.597
        30700.9  56.42   0.00  21.22  56.32  99.71  21836  528.268    93  124.501  652.769
        30710.9  40.86   0.00  10.63  59.37  99.71  21844  528.484    93  124.501  652.985
        30720.9   0.00  55.34  87.23  60.95  99.71  21851  528.627    93  124.501  653.129
        30730.9   0.00  29.19  46.92  62.86  99.71  21859  528.845    93  124.501  653.346
        30740.9   0.00  50.82  20.58  64.47  99.71  21867  529.029    93  124.501  653.530
        30750.9  38.07   0.00  71.09  66.16  99.71  21874  529.177    93  124.501  653.679
        30760.9  42.17   0.00  17.77  67.57  99.71  21882  529.338    93  124.501  653.839
Timestamp         S0     S1     E      O      P     YGC     YGCT    FGC    FGCT     GCT   
        30770.9   0.00  50.93  90.51  68.98  99.71  21889  529.477    93  124.501  653.978
        30780.9   0.00 100.00  33.35  70.85  99.71  21897  529.739    93  124.501  654.240
        30790.9  85.84   0.00  82.59  72.71  99.71  21904  529.890    93  124.501  654.391
        30800.9  25.82   0.00  67.76  76.38  99.71  21912  530.090    93  124.501  654.592
        30810.9  49.25   0.00  25.34  77.98  99.71  21920  530.271    93  124.501  654.772
        30820.9   0.00  61.54  74.72  79.21  99.71  21927  530.428    93  124.501  654.929
        30830.9   0.00  26.63  60.55  81.47  99.71  21935  530.622    93  124.501  655.123
        30840.9  30.95   0.00  97.04  82.97  99.71  21943  530.802    93  124.501  655.303
        30850.9  30.12   0.00   2.21  83.86  99.71  21950  530.935    93  124.501  655.437
        30860.9   0.00  42.52  44.36  84.61  99.71  21957  531.067    93  124.501  655.568
Timestamp         S0     S1     E      O      P     YGC     YGCT    FGC    FGCT     GCT   
        30870.9   0.00  99.56  26.68  88.44  99.71  21965  531.263    93  124.501  655.764
        30880.9  40.41   0.00  83.52  89.90  99.71  21972  531.435    93  124.501  655.936
        30890.9  34.50   0.00  27.58  91.38  99.71  21980  531.639    93  124.501  656.140
        30900.9   0.00  47.37  27.00  92.55  99.71  21987  531.787    93  124.501  656.288
        30910.9  88.82   0.00  74.09  93.87  99.71  21994  531.961    93  124.501  656.462
        30920.9  62.72   0.00   7.93  95.45  99.71  22002  532.116    93  124.501  656.617
        30930.9   0.00  99.70  73.90  97.12  99.71  22009  532.299    93  124.501  656.800
        30940.9   0.00  63.80   0.00  99.57  99.71  22017  532.513    94  124.501  657.014
        30951.0  34.15   0.00  18.65  20.72  99.71  22024  532.678    94  126.002  658.680
        30961.0   0.00 100.00  30.06  22.46  99.71  22031  532.920    94  126.002  658.922
Timestamp         S0     S1     E      O      P     YGC     YGCT    FGC    FGCT     GCT   
        30970.9  62.95   0.00  50.08  23.52  99.71  22038  533.078    94  126.002  659.080
        30980.9   0.00  63.39  99.22  25.18  99.71  22045  533.227    94  126.002  659.229
        30990.9   0.00 100.00  28.81  26.93  99.71  22053  533.383    94  126.002  659.385
        31000.9 100.00   0.00  89.24  28.53  99.71  22060  533.559    94  126.002  659.561
        31010.9  61.78   0.00  14.04  30.42  99.71  22068  533.808    94  126.002  659.810
        31021.0   0.00 100.00  47.14  32.25  99.71  22075  533.984    94  126.002  659.986
        31031.0   0.00  64.10  30.28  34.54  99.71  22083  534.226    94  126.002  660.228
        31040.9  70.79   0.00  73.89  36.21  99.71  22090  534.364    94  126.002  660.367
        31050.9  27.00   0.00  74.75  40.22  99.71  22098  534.590    94  126.002  660.592
        31060.9  60.79   0.00  71.99  42.42  99.71  22106  534.792    94  126.002  660.794
Timestamp         S0     S1     E      O      P     YGC     YGCT    FGC    FGCT     GCT   
        31070.9  66.67   0.00  56.04  45.12  99.71  22114  535.001    94  126.002  661.003
        31080.9  52.83   0.00  27.44  47.63  99.71  22122  535.195    94  126.002  661.197
        31090.9  38.14   0.00  26.85  50.77  99.71  22130  535.428    94  126.002  661.430
        31100.9  55.43   0.00   8.68  52.82  99.71  22138  535.638    94  126.002  661.640
        31110.9   0.00  46.39  43.29  54.45  99.71  22145  535.886    94  126.002  661.889
        31120.9  39.14   0.00  89.80  56.20  99.71  22152  536.057    94  126.002  662.059
        31130.9  58.14   0.00  75.52  58.13  99.71  22160  536.278    94  126.002  662.280
        31140.9  55.09   0.00  44.13  62.44  99.71  22168  536.621    94  126.002  662.623
        31151.0  65.92   0.00  57.71  65.00  99.71  22176  536.840    94  126.002  662.842
        31160.9  49.51   0.00  31.07  66.93  99.71  22184  537.025    94  126.002  663.027
Timestamp         S0     S1     E      O      P     YGC     YGCT    FGC    FGCT     GCT   
        31170.9   0.00  46.17  99.59  68.79  99.71  22192  537.186    94  126.002  663.188
        31180.9   0.00  45.16  39.37  70.03  99.71  22199  537.367    94  126.002  663.369
        31191.0   0.00  99.31  35.19  74.52  99.71  22207  537.572    94  126.002  663.574
        31200.9   0.00  18.14   0.00  76.74  99.71  22215  537.808    94  126.002  663.810
        31210.9  30.51   0.00  63.19  78.66  99.71  22222  538.041    94  126.002  664.043
        31221.0  72.30   0.00  26.34  80.37  99.71  22230  538.230    94  126.002  664.232
        31231.0   0.00  41.99  81.03  82.45  99.71  22237  538.430    94  126.002  664.432
        31241.0   0.00  77.75  17.69  83.93  99.71  22245  538.599    94  126.002  664.601
        31250.9  37.14   0.00  89.82  85.53  99.71  22252  538.738    94  126.002  664.740
        31261.0  62.50   0.00  32.40  87.25  99.71  22260  538.903    94  126.002  664.905
Timestamp         S0     S1     E      O      P     YGC     YGCT    FGC    FGCT     GCT   
        31271.0  59.11   0.00  23.92  90.28  99.71  22268  539.126    94  126.002  665.128
        31280.9   0.00 100.00  90.70  91.96  99.71  22275  539.298    94  126.002  665.300
        31291.0   0.00  36.85  71.49  93.97  99.71  22283  539.476    94  126.002  665.478
        31300.9   0.00  58.51  48.34  95.59  99.71  22291  539.633    94  126.002  665.635
        31311.0   0.00  48.12  20.41  97.76  99.71  22299  539.818    94  126.002  665.820
        31321.0   0.00 100.00  76.91  19.24  99.71  22305  539.998    95  127.537  667.535
        31331.0   0.00  41.88  75.61  22.44  99.71  22313  540.262    95  127.537  667.799
        31340.9   0.00  70.88  59.96  24.80  99.71  22321  540.466    95  127.537  668.003
        31351.0   0.00  56.48  66.20  27.69  99.71  22329  540.666    95  127.537  668.203
        31361.0   0.00  55.63  48.71  29.62  99.71  22337  540.826    95  127.537  668.363
Timestamp         S0     S1     E      O      P     YGC     YGCT    FGC    FGCT     GCT   
        31371.0   0.00  66.67  20.84  32.12  99.71  22345  541.029    95  127.537  668.566
        31381.0  26.05   0.00  94.24  33.83  99.71  22352  541.179    95  127.537  668.716
        31391.0  32.55   0.00  75.39  35.38  99.71  22360  541.313    95  127.537  668.850
        31401.0  52.72   0.00  21.57  37.25  99.71  22368  541.561    95  127.537  669.098
        31411.0  63.33   0.00   0.00  39.69  99.71  22376  541.750    95  127.537  669.287
        31421.0   0.00 100.00  51.75  41.18  99.71  22383  541.907    95  127.537  669.444
        31430.9  77.84   0.00  73.56  42.33  99.71  22390  542.037    95  127.537  669.574
        31441.0  34.79   0.00  55.63  45.66  99.71  22398  542.291    95  127.537  669.828
        31451.0  57.39   0.00  46.56  48.00  99.71  22406  542.487    95  127.537  670.024
        31461.0  40.70   0.00   7.71  49.58  99.71  22414  542.662    95  127.537  670.200
Timestamp         S0     S1     E      O      P     YGC     YGCT    FGC    FGCT     GCT   
        31471.0  73.73   0.00   3.50  51.83  99.71  22422  542.835    95  127.537  670.372
        31481.0   0.00  63.78  96.35  53.62  99.71  22429  543.023    95  127.537  670.560
        31491.0   0.00  76.18  57.65  55.15  99.71  22437  543.185    95  127.537  670.722
        31501.0  38.92   0.00  87.69  57.14  99.71  22444  543.342    95  127.537  670.879
        31511.0  38.92   0.00  23.62  58.44  99.71  22452  543.547    95  127.537  671.084
        31521.0   0.00 100.00  50.03  59.71  99.71  22459  543.702    95  127.537  671.239
        31531.0  51.87   0.00 100.00  61.62  99.71  22467  543.863    95  127.537  671.401
        31541.0  48.91   0.00  35.61  63.48  99.71  22474  544.168    95  127.537  671.705
        31551.0   0.00  99.44  85.00  64.92  99.71  22481  544.335    95  127.537  671.872
        31561.0   0.00  51.01  14.23  66.26  99.71  22489  544.492    95  127.537  672.029
Timestamp         S0     S1     E      O      P     YGC     YGCT    FGC    FGCT     GCT   
        31571.0  72.73   0.00  61.62  67.72  99.71  22496  544.648    95  127.537  672.185
        31581.0  23.52   0.00  28.69  71.04  99.71  22504  544.815    95  127.537  672.352
        31591.0   0.00  36.92  89.49  72.44  99.71  22511  545.063    95  127.537  672.600
        31601.0   0.00  48.13  74.76  73.84  99.71  22519  545.236    95  127.537  672.773
        31611.0   0.00  99.47  38.78  75.64  99.71  22527  545.501    95  127.537  673.038
        31621.0  38.07   0.00  79.65  77.82  99.71  22534  545.696    95  127.537  673.233
        31631.0  32.87   0.00  37.65  79.68  99.71  22542  545.876    95  127.537  673.413
        31641.0   0.00  48.08  78.13  81.01  99.71  22549  546.097    95  127.537  673.634
        31651.0   0.00  99.47  12.73  82.45  99.71  22557  546.288    95  127.537  673.825
        31661.0  49.05   0.00  70.42  83.88  99.71  22564  546.461    95  127.537  673.998
Timestamp         S0     S1     E      O      P     YGC     YGCT    FGC    FGCT     GCT   
        31671.0  44.14   0.00  45.61  85.52  99.71  22572  546.674    95  127.537  674.211
        31681.0   0.00  33.63  56.08  86.79  99.71  22579  546.826    95  127.537  674.363
        31691.0   0.00  83.42   2.32  88.67  99.71  22587  547.025    95  127.537  674.562
        31701.0  40.94   0.00  36.26  90.02  99.71  22594  547.193    95  127.537  674.730
        31711.0   0.00  51.05  66.75  90.92  99.71  22601  547.398    95  127.537  674.935
        31721.0   0.00  59.00  14.10  92.15  99.71  22609  547.547    95  127.537  675.084
        31731.0  84.94   0.00  81.00  94.18  99.71  22616  547.726    95  127.537  675.263
        31741.0  39.23   0.00  12.52  96.27  99.71  22624  547.934    95  127.537  675.471
        31751.0   0.00  99.69  56.83  97.71  99.71  22631  548.091    95  127.537  675.628
        31761.0   0.00  37.57  18.11  99.54  99.71  22639  548.284    95  127.537  675.821
Timestamp         S0     S1     E      O      P     YGC     YGCT    FGC    FGCT     GCT   
        31771.0   0.00  40.44  87.54  15.47  99.71  22645  548.416    96  128.966  677.382
        31781.0   0.00  43.72  70.61  18.33  99.71  22653  548.686    96  128.966  677.652
        31791.0   0.00  99.24  63.22  21.19  99.71  22661  548.888    96  128.966  677.854
        31801.0   0.00  52.36  16.73  23.34  99.71  22669  549.182    96  128.966  678.148
        31811.0  41.45   0.00  82.50  25.56  99.71  22676  549.383    96  128.966  678.349
        31821.0  53.57   0.00  31.71  27.22  99.71  22684  549.570    96  128.966  678.536
        31831.0  85.29   0.00   7.50  31.64  99.71  22692  549.781    96  128.966  678.747
        31841.0  20.58   0.00  17.59  33.98  99.71  22700  549.969    96  128.966  678.935
        31851.0   0.00  31.97  71.36  35.07  99.71  22707  550.112    96  128.966  679.077
        31861.0   0.00  29.37  17.58  36.80  99.71  22715  550.295    96  128.966  679.261
Timestamp         S0     S1     E      O      P     YGC     YGCT    FGC    FGCT     GCT   
        31871.0   0.00  36.89   1.95  39.75  99.71  22723  550.503    96  128.966  679.469
        31881.0  65.97   0.00  68.09  42.93  99.71  22730  550.689    96  128.966  679.655
        31891.0  43.68   0.00  48.79  45.20  99.71  22738  550.934    96  128.966  679.900
        31901.0  59.27   0.00   1.56  47.21  99.71  22746  551.128    96  128.966  680.093
        31911.1   0.00  33.17  68.35  49.32  99.71  22753  551.285    96  128.966  680.250
        31921.0   0.00  99.72  64.75  52.50  99.71  22761  551.502    96  128.966  680.468
        31931.0   0.00  28.54  34.30  54.36  99.71  22769  551.664    96  128.966  680.630
        31941.0   0.00  99.04   0.18  56.37  99.71  22777  551.831    96  128.966  680.797
        31951.0  67.37   0.00  69.87  57.41  99.71  22784  551.968    96  128.966  680.934
        31961.0  64.58   0.00  28.44  58.86  99.71  22792  552.105    96  128.966  681.071
Timestamp         S0     S1     E      O      P     YGC     YGCT    FGC    FGCT     GCT   
        31971.0  46.50   0.00   7.74  61.10  99.71  22800  552.272    96  128.966  681.238
        31981.1   0.00  47.29  39.01  62.47  99.71  22807  552.438    96  128.966  681.403
        31991.0  39.67   0.00  68.32  64.24  99.71  22814  552.610    96  128.966  681.576
        32001.0   0.00  29.01  75.51  65.43  99.71  22821  552.753    96  128.966  681.719
        32011.1  38.42   0.00  92.56  66.78  99.71  22828  552.923    96  128.966  681.889
        32021.1  82.87   0.00  43.46  68.48  99.71  22836  553.104    96  128.966  682.070
        32031.1  45.17   0.00  21.68  70.34  99.71  22844  553.270    96  128.966  682.235
        32041.1   0.00  64.53  57.22  72.05  99.71  22851  553.413    96  128.966  682.378
        32051.1  29.88   0.00  97.40  73.66  99.71  22858  553.563    96  128.966  682.529
        32061.0 100.00   0.00  89.05  77.49  99.71  22866  553.791    96  128.966  682.757
Timestamp         S0     S1     E      O      P     YGC     YGCT    FGC    FGCT     GCT   
        32071.1  31.34   0.00  61.04  80.04  99.71  22874  554.021    96  128.966  682.987
        32081.1  35.40   0.00  15.54  81.75  99.71  22882  554.210    96  128.966  683.175
        32091.1   0.00  56.31  88.43  82.91  99.71  22889  554.362    96  128.966  683.328
        32101.1   0.00 100.00  60.51  86.05  99.71  22897  554.598    96  128.966  683.564
        32111.1   0.00 100.00  45.58  88.87  99.71  22905  554.793    96  128.966  683.758
        32121.1  27.78   0.00  88.07  90.86  99.71  22912  554.987    96  128.966  683.953
        32131.1  54.29   0.00  47.48  92.50  99.71  22920  555.155    96  128.966  684.121
        32141.1  67.98   0.00   5.88  94.45  99.71  22928  555.354    96  128.966  684.320
        32151.0   0.00  44.18  69.66  96.42  99.71  22935  555.570    96  128.966  684.536
        32161.1  48.52  74.72 100.00  97.70  99.71  22943  555.739    96  128.966  684.705
Timestamp         S0     S1     E      O      P     YGC     YGCT    FGC    FGCT     GCT   
        32171.0  38.61   0.00   0.00  99.67  99.71  22950  555.931    97  128.966  684.897
        32181.1   0.00  35.00  12.60  19.79  99.71  22957  556.045    97  130.422  686.468
        32191.1  74.46   0.00  89.71  21.64  99.71  22964  556.207    97  130.422  686.630
        32201.1  44.41   0.00  59.71  23.36  99.71  22972  556.383    97  130.422  686.805
        32211.1  44.54   0.00  26.23  25.18  99.71  22980  556.556    97  130.422  686.979
        32221.0   0.00 100.00  50.48  28.02  99.71  22987  556.730    97  130.422  687.152
        32231.0   0.00  44.91  44.15  30.67  99.71  22995  556.923    97  130.422  687.346
        32241.1   0.00  99.80  40.31  33.34  99.71  23003  557.138    97  130.422  687.560
        32251.1   0.00  39.53  15.42  36.14  99.71  23011  557.315    97  130.422  687.738
        32261.1  40.38   0.00  70.88  37.64  99.71  23018  557.461    97  130.422  687.884
Timestamp         S0     S1     E      O      P     YGC     YGCT    FGC    FGCT     GCT   
        32271.1  26.72   0.00  43.71  39.86  99.71  23026  557.633    97  130.422  688.056
        32281.0   0.00  55.06  82.47  41.54  99.71  23033  557.882    97  130.422  688.304
        32291.0   0.00  27.06  29.20  43.01  99.71  23041  558.034    97  130.422  688.456
        32301.1  52.71   0.00  91.81  44.35  99.71  23048  558.178    97  130.422  688.601
        32311.1  44.14   0.00  53.38  46.19  99.71  23056  558.389    97  130.422  688.811
        32321.0   0.00  99.64  99.75  47.62  99.71  23064  558.574    97  130.422  688.996
        32331.1   0.00  26.74  76.94  51.74  99.71  23071  558.760    97  130.422  689.182
        32341.1   0.00  56.90  29.82  53.28  99.71  23079  558.929    97  130.422  689.352
        32351.1   0.00 100.00  25.47  56.21  99.71  23087  559.210    97  130.422  689.633
        32361.0   0.00  35.53   3.52  58.58  99.71  23095  559.397    97  130.422  689.820
Timestamp         S0     S1     E      O      P     YGC     YGCT    FGC    FGCT     GCT   
        32371.1  36.30   0.00  92.08  60.18  99.71  23102  559.589    97  130.422  690.011
        32381.0  74.44   0.00  60.72  61.89  99.71  23110  559.776    97  130.422  690.198
        32391.1 100.00   0.00  38.07  63.80  99.71  23118  559.981    97  130.422  690.403
        32401.0   0.00 100.00  96.43  65.74  99.71  23125  560.141    97  130.422  690.563
        32411.1   0.00  54.71  53.98  67.83  99.71  23133  560.327    97  130.422  690.750
        32421.1   0.00 100.00  19.72  69.58  99.71  23141  560.507    97  130.422  690.929
        32431.1   0.00  57.68  13.58  72.19  99.71  23149  560.756    97  130.422  691.178
        32441.1   0.00  51.40   0.31  74.71  99.71  23157  561.055    97  130.422  691.477
        32451.1  70.05   0.00  73.52  76.22  99.71  23164  561.217    97  130.422  691.640
        32461.1  27.35   0.00  23.14  78.09  99.71  23172  561.461    97  130.422  691.884
Timestamp         S0     S1     E      O      P     YGC     YGCT    FGC    FGCT     GCT   
        32471.1   0.00  52.84  92.18  80.21  99.71  23179  561.622    97  130.422  692.044
        32481.1   0.00 100.00  55.47  81.89  99.71  23187  561.832    97  130.422  692.255
        32491.1   0.00  48.07  32.07  84.53  99.71  23195  562.025    97  130.422  692.448
        32501.1   0.00 100.00   0.00  87.80  99.71  23203  562.227    97  130.422  692.650
        32511.1   0.00  41.61  11.58  90.78  99.71  23211  562.508    97  130.422  692.930
        32521.1   0.00  58.06   2.25  93.04  99.71  23219  562.754    97  130.422  693.177
        32531.1  26.50   0.00  24.15  94.67  99.71  23226  562.896    97  130.422  693.318
        32541.1   0.00  73.51  55.05  95.53  99.71  23233  563.068    97  130.422  693.491
        32551.1   0.00  39.21  28.06  97.43  99.71  23241  563.259    97  130.422  693.681
        32561.1  42.03   0.00  79.95  99.16  99.71  23248  563.447    97  130.422  693.869
Timestamp         S0     S1     E      O      P     YGC     YGCT    FGC    FGCT     GCT   
        32571.1   0.00  70.38  33.80  19.92  99.71  23255  563.609    98  131.866  695.475
        32581.1   0.00  99.43  21.20  22.56  99.71  23263  563.788    98  131.866  695.654
        32591.1  60.00   0.00  91.87  24.17  99.71  23270  563.934    98  131.866  695.799
        32601.1  60.73   0.00  65.39  26.01  99.71  23278  564.124    98  131.866  695.990
        32611.1  29.54   0.00  47.92  29.95  99.71  23286  564.339    98  131.866  696.205
        32621.1  49.83   0.00  46.56  32.50  99.71  23294  564.524    98  131.866  696.389
        32631.1  68.35   0.00  45.52  34.38  99.71  23302  564.725    98  131.866  696.591
        32641.1  38.74   0.00  19.50  37.46  99.71  23310  564.955    98  131.866  696.821
        32651.1   0.00  35.36  92.09  39.56  99.71  23317  565.180    98  131.866  697.046
        32661.1   0.00 100.00  61.20  41.39  99.71  23325  565.361    98  131.866  697.226
Timestamp         S0     S1     E      O      P     YGC     YGCT    FGC    FGCT     GCT   
        32671.1   0.00  24.24   5.78  43.88  99.71  23333  565.527    98  131.866  697.393
        32681.1  55.73   0.00  64.18  44.76  99.71  23340  565.681    98  131.866  697.547
        32691.1  26.91   0.00  61.54  47.48  99.71  23348  565.887    98  131.866  697.753
        32701.1  35.85   0.00  21.75  49.45  99.71  23356  566.046    98  131.866  697.912
        32711.1   0.00  48.39  68.34  50.88  99.71  23363  566.198    98  131.866  698.064
        32721.1   0.00 100.00  26.72  53.88  99.71  23371  566.474    98  131.866  698.340
        32731.1   0.00 100.00  27.62  56.38  99.71  23379  566.677    98  131.866  698.543
        32741.1   0.00  45.51   5.27  59.49  99.71  23387  566.902    98  131.866  698.768
        32751.1   0.00  24.73  19.46  62.46  99.71  23395  567.136    98  131.866  699.002
        32761.1  30.20   0.00  33.56  63.56  99.71  23402  567.263    98  131.866  699.128
Timestamp         S0     S1     E      O      P     YGC     YGCT    FGC    FGCT     GCT   
        32771.1  78.23   0.00   6.36  65.31  99.71  23410  567.539    98  131.866  699.404
        32781.1   0.00  99.33  89.46  67.27  99.71  23417  567.714    98  131.866  699.580
        32791.1   0.00  43.78  54.68  69.33  99.71  23425  567.918    98  131.866  699.784
        32801.1   0.00  60.05   2.79  71.21  99.71  23433  568.209    98  131.866  700.075
        32811.1  79.56   0.00  67.93  73.00  99.71  23440  568.419    98  131.866  700.285
        32821.1   0.00  56.36  76.95  76.71  99.71  23447  568.620    98  131.866  700.486
        32831.1  74.86   0.00  82.89  80.92  99.71  23454  568.962    98  131.866  700.828
        32841.1  28.67   0.00  63.61  84.31  99.71  23462  569.194    98  131.866  701.059
        32851.1  58.82   0.00  50.89  86.27  99.71  23470  569.426    98  131.866  701.291
        32861.1  43.89   0.00  44.61  88.34  99.71  23478  569.609    98  131.866  701.475
Timestamp         S0     S1     E      O      P     YGC     YGCT    FGC    FGCT     GCT   
        32871.1  67.32   0.00  30.57  90.75  99.71  23486  569.812    98  131.866  701.678
        32881.1   0.00 100.00  88.87  92.76  99.71  23493  570.059    98  131.866  701.925
        32891.1   0.00  66.49  45.88  94.57  99.71  23501  570.255    98  131.866  702.120
        32901.1   0.00  62.84   3.33  96.52  99.71  23509  570.502    98  131.866  702.368
        32911.1  45.30   0.00  59.45  98.11  99.71  23516  570.671    98  131.866  702.536
        32921.1   0.00 100.00  25.53  19.09  99.71  23523  570.911    99  133.332  704.243
        32931.1   0.00  77.27   3.32  21.41  99.71  23531  571.106    99  133.332  704.437
        32941.1  73.89   0.00  70.82  22.83  99.71  23538  571.253    99  133.332  704.585
        32951.1   0.00  44.92  45.57  24.63  99.71  23545  571.391    99  133.332  704.723
        32961.1   0.00  90.88   6.10  26.21  99.71  23553  571.612    99  133.332  704.943
Timestamp         S0     S1     E      O      P     YGC     YGCT    FGC    FGCT     GCT   
        32971.1 100.00   0.00  94.67  29.76  99.71  23560  571.785    99  133.332  705.117
        32981.1  50.80   0.00  85.93  32.06  99.71  23568  571.966    99  133.332  705.297
        32991.1  32.91   0.00  30.23  34.10  99.71  23576  572.134    99  133.332  705.465
        33001.1   0.00  99.51  75.23  35.81  99.71  23583  572.274    99  133.332  705.606
        33011.1   0.00  43.20  17.31  37.42  99.72  23591  572.475    99  133.332  705.807
        33021.1  78.21   0.00  79.81  38.77  99.72  23598  572.636    99  133.332  705.968
        33031.1  86.19   0.00  56.27  40.78  99.72  23606  572.821    99  133.332  706.152
        33041.1   0.00  29.19  96.06  42.66  99.72  23613  573.006    99  133.332  706.338
        33051.1   0.00 100.00  52.76  44.29  99.72  23621  573.189    99  133.332  706.521
        33061.1   0.00  11.24  28.53  49.98  99.72  23629  573.434    99  133.332  706.766
Timestamp         S0     S1     E      O      P     YGC     YGCT    FGC    FGCT     GCT   
        33071.1  46.63   0.00  91.62  50.96  99.72  23636  573.586    99  133.332  706.918
        33081.1  29.62   0.00  95.41  53.62  99.72  23644  573.776    99  133.332  707.108
        33091.1   0.00  42.17   0.00  55.11  99.72  23653  573.965    99  133.332  707.297
        33101.1  31.55   0.00  66.27  56.70  99.72  23660  574.153    99  133.332  707.484
        33111.1  54.63   0.00  32.29  58.06  99.72  23668  574.333    99  133.332  707.665
        33121.1   0.00  66.77  70.51  59.46  99.72  23675  574.542    99  133.332  707.873
        33131.1  92.09  32.63 100.00  61.09  99.72  23683  574.737    99  133.332  708.068
        33141.1  61.45   0.00  97.47  62.94  99.72  23690  574.904    99  133.332  708.236
        33151.1  44.64   0.00  64.52  64.68  99.72  23698  575.119    99  133.332  708.451
        33161.1   0.00 100.00  62.64  65.60  99.72  23705  575.257    99  133.332  708.588
Timestamp         S0     S1     E      O      P     YGC     YGCT    FGC    FGCT     GCT   
        33171.1   0.00  99.35   9.75  67.99  99.72  23713  575.450    99  133.332  708.782
        33181.1  29.05   0.00  13.55  69.17  99.72  23720  575.625    99  133.332  708.957
        33191.1   0.00  46.69  74.43  70.49  99.72  23727  575.796    99  133.332  709.127
        33201.1   0.00  59.39  25.38  72.00  99.72  23735  575.980    99  133.332  709.312
        33211.1  80.20   0.00  72.16  73.32  99.72  23742  576.147    99  133.332  709.479
        33221.1   0.00  99.39  79.53  74.66  99.72  23749  576.326    99  133.332  709.658
        33231.1   0.00  99.74  60.44  76.72  99.72  23757  576.506    99  133.332  709.838
        33241.1   0.00  99.64  15.87  79.28  99.72  23765  576.706    99  133.332  710.038
        33251.1  32.56   0.00  39.21  80.87  99.72  23772  576.882    99  133.332  710.213
        33261.1   0.00  71.51  89.67  81.97  99.72  23779  577.020    99  133.332  710.352
Timestamp         S0     S1     E      O      P     YGC     YGCT    FGC    FGCT     GCT   
        33271.1   0.00  80.59  62.70  83.88  99.72  23787  577.203    99  133.332  710.534
        33281.1   0.00  18.44  64.32  90.31  99.72  23795  577.453    99  133.332  710.784
        33291.1   0.00  27.61  54.91  92.09  99.72  23803  577.654    99  133.332  710.986
        33301.1   0.00  65.29  49.77  94.55  99.72  23811  577.875    99  133.332  711.206
        33311.1   0.00  38.74  17.59  96.82  99.72  23819  578.086    99  133.332  711.417
        33321.1  45.25   0.00  77.32  98.44  99.72  23826  578.258    99  133.332  711.589
        33331.1   0.00 100.00  54.08  16.47  99.72  23833  578.455   100  134.797  713.253
        33341.1   0.00  27.74  54.44  19.26  99.72  23841  578.639   100  134.797  713.436
        33351.1   0.00  46.54  58.72  21.76  99.72  23849  578.817   100  134.797  713.614
        33361.1   0.00  33.87  12.64  23.74  99.72  23857  578.995   100  134.797  713.792
Timestamp         S0     S1     E      O      P     YGC     YGCT    FGC    FGCT     GCT   
        33371.1  60.00   0.00  87.07  25.07  99.72  23864  579.169   100  134.797  713.966
        33381.1  30.71   0.00  74.92  29.36  99.72  23872  579.425   100  134.797  714.223
        33391.1  57.56   0.00  67.30  31.08  99.72  23880  579.629   100  134.797  714.426
        33401.1  58.37   0.00  37.81  33.35  99.72  23888  579.819   100  134.797  714.616
        33411.1  69.74   0.00  12.92  35.53  99.72  23896  579.982   100  134.797  714.779
        33421.1   0.00  57.78  66.48  37.45  99.72  23903  580.112   100  134.797  714.909
        33431.1   0.00  56.69  57.17  39.90  99.72  23911  580.302   100  134.797  715.099
        33441.1   0.00  39.08  41.17  42.23  99.72  23919  580.486   100  134.797  715.284
        33451.1   0.00  31.28  14.66  44.74  99.72  23927  580.685   100  134.797  715.483
        33461.1  36.38   0.00  48.11  46.68  99.72  23934  580.852   100  134.797  715.650
Timestamp         S0     S1     E      O      P     YGC     YGCT    FGC    FGCT     GCT   
        33471.1  42.55   0.00  31.36  48.71  99.72  23942  581.057   100  134.797  715.854
        33481.1   0.00 100.00  45.29  50.07  99.72  23949  581.227   100  134.797  716.024
        33491.1  46.19   0.00  72.17  52.32  99.72  23956  581.418   100  134.797  716.215
        33501.1  39.84   0.00  43.99  53.84  99.72  23964  581.573   100  134.797  716.370
        33511.1  31.93   0.00   3.49  55.41  99.72  23972  581.755   100  134.797  716.552
        33521.2   0.00  48.76  42.28  56.32  99.72  23979  581.947   100  134.797  716.744
        33531.1   0.00  52.53  27.52  60.33  99.72  23987  582.226   100  134.797  717.023
        33541.1  32.40   0.00  92.87  62.56  99.72  23994  582.386   100  134.797  717.184
        33551.1  31.22   0.00  22.64  64.05  99.72  24002  582.571   100  134.797  717.368
        33561.2   0.00  36.86  59.61  65.19  99.72  24009  582.724   100  134.797  717.521
Timestamp         S0     S1     E      O      P     YGC     YGCT    FGC    FGCT     GCT   
        33571.1   0.00  45.89  19.59  66.17  99.72  24017  582.859   100  134.797  717.656
        33581.1  85.28   0.00  85.90  67.67  99.72  24024  583.010   100  134.797  717.808
        33591.1  34.40   0.00  72.07  71.61  99.72  24032  583.210   100  134.797  718.007
        33601.1  67.11   0.00  36.53  73.83  99.72  24040  583.401   100  134.797  718.199
        33611.2  49.08   0.00  25.99  76.88  99.72  24048  583.608   100  134.797  718.405
        33621.1  40.83   0.00  13.09  79.29  99.72  24056  583.809   100  134.797  718.606
        33631.2  36.02  60.49 100.00  81.76  99.72  24064  583.985   100  134.797  718.782
        33641.2   0.00  65.65  77.08  84.04  99.72  24071  584.212   100  134.797  719.009
        33651.2   0.00  37.62  42.66  85.96  99.72  24079  584.426   100  134.797  719.223
        33661.1   0.00  99.47   9.55  88.95  99.72  24087  584.694   100  134.797  719.492
Timestamp         S0     S1     E      O      P     YGC     YGCT    FGC    FGCT     GCT   
        33671.2  26.87   0.00  79.46  90.14  99.72  24094  584.878   100  134.797  719.676
        33681.1  79.67   0.00  49.63  92.41  99.72  24102  585.094   100  134.797  719.892
        33691.2  45.99   0.00  24.12  94.51  99.72  24110  585.271   100  134.797  720.069
        33701.1   0.00  33.18  92.98  96.63  99.72  24117  585.457   100  134.797  720.254
        33711.1   0.00  58.29  32.29  97.95  99.72  24125  585.647   100  134.797  720.444
        33721.2   0.00   0.00  80.85  18.94  99.72  24131  585.791   101  136.268  722.060
        33731.2   0.00  68.23  20.07  20.83  99.72  24139  585.981   101  136.268  722.250
        33741.1  68.53   0.00  67.03  22.62  99.72  24146  586.161   101  136.268  722.430
        33751.2   0.00  27.90  77.46  23.69  99.72  24153  586.308   101  136.268  722.577
        33761.2   0.00  33.24  35.99  25.05  99.72  24161  586.437   101  136.268  722.705
Timestamp         S0     S1     E      O      P     YGC     YGCT    FGC    FGCT     GCT   
        33771.2  65.03   0.00  93.52  26.44  99.72  24168  586.598   101  136.268  722.867
        33781.1  75.31   0.00  34.38  28.14  99.72  24176  586.752   101  136.268  723.021
        33791.2   0.00 100.00  92.49  30.16  99.72  24183  586.925   101  136.268  723.194
        33801.1   0.00 100.00  56.54  32.36  99.72  24191  587.120   101  136.268  723.389
        33811.2   0.00 100.00   4.49  34.08  99.72  24199  587.306   101  136.268  723.575
        33821.1  31.96   0.00  34.59  35.72  99.72  24206  587.482   101  136.268  723.750
        33831.2   0.00  36.73  83.83  37.43  99.72  24213  587.611   101  136.268  723.879
        33841.2   0.00  17.78  19.46  40.97  99.72  24221  587.797   101  136.268  724.066
        33851.1  58.44   0.00  41.92  42.40  99.72  24228  587.948   101  136.268  724.217
        33861.2  56.48   0.00  49.32  44.59  99.72  24236  588.123   101  136.268  724.391
Timestamp         S0     S1     E      O      P     YGC     YGCT    FGC    FGCT     GCT   
        33871.1  78.57   0.00  14.76  46.97  99.72  24244  588.334   101  136.268  724.603
        33881.1  60.42   0.00   3.69  50.45  99.72  24252  588.531   101  136.268  724.799
        33891.1  58.15   0.00  17.82  52.47  99.72  24260  588.714   101  136.268  724.982
        33901.2   0.00 100.00  90.76  54.73  99.72  24267  588.979   101  136.268  725.248
        33911.2   0.00  44.66  70.66  58.64  99.72  24275  589.235   101  136.268  725.503
        33921.2   0.00  43.10  73.50  61.19  99.72  24283  589.444   101  136.268  725.713
        33931.2   0.00  99.67  86.44  63.96  99.72  24291  589.669   101  136.268  725.937
        33941.2   0.00  99.38  21.06  65.49  99.72  24299  589.863   101  136.268  726.132
        33951.2   0.00  99.47  12.34  67.69  99.72  24307  590.044   101  136.268  726.312
        33961.1  59.00   0.00  41.04  69.76  99.72  24314  590.198   101  136.268  726.467
Timestamp         S0     S1     E      O      P     YGC     YGCT    FGC    FGCT     GCT   
        33971.2  74.23   0.00  23.32  72.18  99.72  24322  590.392   101  136.268  726.661
        33981.2   0.00  31.65  92.00  74.31  99.72  24329  590.559   101  136.268  726.828
        33991.2   0.00  41.79  37.39  75.67  99.72  24337  590.739   101  136.268  727.008
        34001.2  37.06   0.00  84.23  76.69  99.72  24344  590.882   101  136.268  727.151
        34011.2  35.81   0.00  28.46  78.01  99.72  24352  591.057   101  136.268  727.325
        34021.2   0.00 100.00  55.65  79.51  99.72  24359  591.235   101  136.268  727.503
        34031.2   0.00  32.58  31.39  83.06  99.72  24367  591.447   101  136.268  727.715
        34041.2   0.00  58.29   8.32  84.59  99.72  24375  591.661   101  136.268  727.930
        34051.2  48.94   0.00  88.58  88.25  99.72  24382  591.926   101  136.268  728.194
        34061.2  25.83   0.00  66.90  90.48  99.72  24390  592.123   101  136.268  728.392
Timestamp         S0     S1     E      O      P     YGC     YGCT    FGC    FGCT     GCT   
        34071.2  49.40   0.00  49.08  92.67  99.72  24398  592.328   101  136.268  728.596
        34081.2  49.51   0.00   0.00  95.21  99.72  24406  592.523   101  136.268  728.792
        34091.2   0.00  99.35  58.83  96.62  99.72  24413  592.683   101  136.268  728.951
        34101.2  34.70   0.00  79.77  97.74  99.72  24420  592.838   101  136.268  729.106
        34111.2   0.00  50.00  93.12  98.94  99.72  24427  592.999   101  136.268  729.267
        34121.2 100.00  62.41 100.00 100.00  99.72  24434  593.434   102  136.268  729.703
        34131.2  36.29   0.00  83.71  22.68  99.72  24441  593.652   102  138.041  731.693
        34141.2  49.73   0.00   0.00  24.64  99.72  24449  593.815   102  138.041  731.855
        34151.2   0.00  51.99  50.66  25.91  99.72  24456  593.969   102  138.041  732.009
        34161.2   0.00  30.21  20.24  30.89  99.72  24464  594.206   102  138.041  732.246
Timestamp         S0     S1     E      O      P     YGC     YGCT    FGC    FGCT     GCT   
        34171.2   0.00  58.73  13.35  33.23  99.72  24472  594.395   102  138.041  732.436
        34181.2   0.00  19.78   8.82  35.80  99.72  24480  594.596   102  138.041  732.637
        34191.2  45.00   0.00  94.37  37.20  99.72  24487  594.753   102  138.041  732.793
        34201.2  96.12   0.00  54.22  39.62  99.72  24495  595.030   102  138.041  733.070
        34211.2  65.80   0.00  15.89  41.32  99.72  24503  595.197   102  138.041  733.238
        34221.2  70.26   0.00   8.20  43.31  99.72  24511  595.373   102  138.041  733.414
        34231.2   0.00  41.29  60.21  44.60  99.72  24518  595.573   102  138.041  733.614
        34241.2   0.00  41.07  37.90  47.36  99.72  24526  595.779   102  138.041  733.819
        34251.2   0.00  50.26   1.57  49.55  99.72  24534  595.995   102  138.041  734.035
        34261.2  68.21   0.00  51.75  50.97  99.72  24541  596.157   102  138.041  734.198
Timestamp         S0     S1     E      O      P     YGC     YGCT    FGC    FGCT     GCT   
        34271.2  26.92   0.00  16.11  54.92  99.72  24549  596.372   102  138.041  734.412
        34281.2   0.00  41.19  65.37  56.44  99.72  24556  596.519   102  138.041  734.560
        34291.2   0.00  47.66  29.31  58.94  99.72  24564  596.731   102  138.041  734.771
        34301.2  59.44   0.00  92.89  60.39  99.72  24571  596.916   102  138.041  734.957
        34311.2  78.49   0.00  53.27  62.20  99.72  24579  597.120   102  138.041  735.160
        34321.2  51.93   0.00  15.26  64.46  99.72  24587  597.314   102  138.041  735.354
        34331.2   0.00  24.14  89.60  68.82  99.72  24594  597.590   102  138.041  735.630
        34341.2   0.00  54.47  77.57  70.36  99.72  24602  597.784   102  138.041  735.825
        34351.2   0.00  57.40  45.31  72.38  99.72  24610  597.990   102  138.041  736.031
        34361.2   0.00  40.76   9.76  74.58  99.72  24618  598.182   102  138.041  736.222
Timestamp         S0     S1     E      O      P     YGC     YGCT    FGC    FGCT     GCT   
        34371.3  74.72   0.00  89.94  75.88  99.72  24625  598.331   102  138.041  736.372
        34381.3 100.00   0.00  68.72  79.46  99.72  24633  598.554   102  138.041  736.594
        34391.3  50.34   0.00  82.25  82.95  99.72  24641  598.793   102  138.041  736.834
        34401.3  75.20   0.00  60.54  85.31  99.72  24649  598.983   102  138.041  737.024
        34411.3  61.86   0.00  49.74  88.31  99.72  24657  599.190   102  138.041  737.230
        34421.3  30.22   0.00  19.14  90.28  99.72  24665  599.371   102  138.041  737.412
        34431.3   0.00 100.00  94.17  92.12  99.72  24672  599.568   102  138.041  737.609
        34441.3   0.00  50.89  68.29  95.46  99.72  24680  599.825   102  138.041  737.865
        34451.3   0.00  57.02  30.27  97.53  99.72  24688  600.022   102  138.041  738.063
        34461.3   0.00   0.00  85.38  19.29  99.72  24694  600.195   103  139.587  739.782
Timestamp         S0     S1     E      O      P     YGC     YGCT    FGC    FGCT     GCT   
        34471.3   0.00  41.54  67.81  21.30  99.72  24702  600.412   103  139.587  739.999
        34481.3   0.00  66.82  56.19  23.02  99.72  24710  600.577   103  139.587  740.164
        34491.3   0.00 100.00  49.45  24.93  99.72  24718  600.777   103  139.587  740.364
        34501.3   0.00  24.32  53.94  30.45  99.72  24726  601.020   103  139.587  740.607
        34511.3   0.00  46.43  24.17  31.93  99.72  24734  601.178   103  139.587  740.765
        34521.3  41.39   0.00  96.04  33.48  99.72  24741  601.310   103  139.587  740.897
        34531.3  49.13   0.00  19.82  34.83  99.72  24749  601.520   103  139.587  741.107
        34541.3   0.00 100.00  32.00  36.02  99.72  24756  601.655   103  139.587  741.242
        34551.3  84.51   0.00  64.27  37.21  99.72  24763  601.819   103  139.587  741.406
        34561.3  20.94   0.00  37.82  43.36  99.72  24771  602.051   103  139.587  741.638
Timestamp         S0     S1     E      O      P     YGC     YGCT    FGC    FGCT     GCT   
        34571.3  21.47   0.00  13.69  45.07  99.72  24779  602.230   103  139.587  741.817
        34581.3   0.00  54.04  56.69  46.23  99.72  24786  602.445   103  139.587  742.032
        34591.3   0.00  36.87  45.41  48.24  99.72  24794  602.631   103  139.587  742.218
        34601.3   0.00  42.41  17.96  49.99  99.72  24802  602.802   103  139.587  742.389
        34611.3  48.72   0.00  49.89  50.97  99.72  24809  602.932   103  139.587  742.519
        34621.3  54.50   0.00  17.00  53.31  99.72  24817  603.119   103  139.587  742.706
        34631.3  62.43   0.00  16.71  55.64  99.72  24825  603.315   103  139.587  742.902
        34641.3   0.00  99.33  73.31  57.53  99.72  24832  603.469   103  139.587  743.056
        34651.3   0.00  49.71  56.18  59.24  99.72  24840  603.640   103  139.587  743.227
        34661.3   0.00  69.51   6.82  61.14  99.72  24848  603.832   103  139.587  743.419
Timestamp         S0     S1     E      O      P     YGC     YGCT    FGC    FGCT     GCT   
        34671.3   0.00  59.79  19.91  65.76  99.72  24856  604.073   103  139.587  743.660
        34681.3  28.55   0.00  85.51  67.89  99.72  24863  604.292   103  139.587  743.879
        34691.3  72.91   0.00  43.15  69.20  99.72  24871  604.484   103  139.587  744.071
        34701.3  46.26   0.00  43.71  71.86  99.72  24879  604.780   103  139.587  744.367
        34711.3  38.86   0.00  18.91  73.83  99.72  24887  605.027   103  139.587  744.614
        34721.3   0.00  61.89  65.61  74.87  99.72  24894  605.193   103  139.587  744.780
        34731.3   0.00  99.48  27.06  76.56  99.72  24902  605.399   103  139.587  744.986
        34741.3  61.00   0.00  87.71  80.60  99.72  24909  605.657   103  139.587  745.244
        34751.4  64.40   0.00  56.17  82.77  99.72  24917  605.839   103  139.587  745.426
        34761.3  34.70   0.00  33.02  85.15  99.72  24925  606.019   103  139.587  745.606
Timestamp         S0     S1     E      O      P     YGC     YGCT    FGC    FGCT     GCT   
        34771.3  69.55   0.00   4.81  86.81  99.72  24933  606.217   103  139.587  745.804
        34781.3  83.74   0.00   1.67  89.18  99.72  24941  606.415   103  139.587  746.002
        34791.3   0.00  34.13  79.27  91.24  99.72  24948  606.561   103  139.587  746.148
        34801.3   0.00 100.00  32.86  93.01  99.72  24956  606.778   103  139.587  746.365
        34811.3  63.48   0.00  97.51  95.01  99.72  24964  606.952   103  139.587  746.539
        34821.3  97.38   0.00  60.91  97.06  99.72  24971  607.130   103  139.587  746.717
        34831.3  63.24   0.00  35.39  99.38  99.72  24979  607.323   103  139.587  746.910
        34841.3  43.86   0.00  77.62  15.79  99.72  24985  607.459   104  141.087  748.546
        34851.3  80.22   0.00  52.09  17.93  99.72  24993  607.652   104  141.087  748.739
        34861.3  19.23   0.00  22.04  20.86  99.72  25001  607.842   104  141.087  748.929
Timestamp         S0     S1     E      O      P     YGC     YGCT    FGC    FGCT     GCT   
        34871.4   0.00  33.91  79.44  22.38  99.72  25008  607.981   104  141.087  749.067
        34881.3   0.00  46.80  31.21  24.39  99.72  25016  608.137   104  141.087  749.224
        34891.3   0.00  44.83  19.39  25.85  99.72  25024  608.277   104  141.087  749.364
        34901.4  38.95   0.00  81.14  29.32  99.72  25031  608.498   104  141.087  749.585
        34911.4  39.21   0.00  63.21  31.29  99.72  25039  608.672   104  141.087  749.758
        34921.4  39.27   0.00  36.31  33.64  99.72  25047  608.866   104  141.087  749.953
        34931.4   0.00  33.98  69.47  34.84  99.72  25054  608.989   104  141.087  750.076
        34941.4   0.00  46.89  13.42  36.20  99.72  25062  609.170   104  141.087  750.257
        34951.4  55.17   0.00  56.33  37.64  99.72  25069  609.340   104  141.087  750.427
        34961.4 100.00   0.00  12.65  39.49  99.72  25077  609.500   104  141.087  750.587
Timestamp         S0     S1     E      O      P     YGC     YGCT    FGC    FGCT     GCT   
        34971.4   0.00  52.56  99.19  41.88  99.72  25085  609.665   104  141.087  750.752
        34981.4   0.00 100.00  53.71  45.76  99.72  25092  609.933   104  141.087  751.020
        34991.4   0.00  17.87  42.27  48.62  99.72  25100  610.112   104  141.087  751.199
        35001.4   0.00  33.33  21.13  50.49  99.72  25108  610.292   104  141.087  751.379
        35011.4  38.66   0.00  93.67  52.09  99.72  25115  610.474   104  141.087  751.561
        35021.4  44.59   0.00  59.92  53.61  99.72  25123  610.657   104  141.087  751.744
        35031.4  35.52   0.00  46.10  57.55  99.72  25131  610.842   104  141.087  751.929
        35041.3  27.20   0.00   0.00  59.40  99.72  25139  611.045   104  141.087  752.132
        35051.4   0.00  44.33  74.44  60.85  99.72  25146  611.209   104  141.087  752.296
        35061.4  55.26   0.00  97.70  62.56  99.72  25153  611.358   104  141.087  752.445
Timestamp         S0     S1     E      O      P     YGC     YGCT    FGC    FGCT     GCT   
        35071.4  60.13   0.00  58.07  63.82  99.72  25161  611.534   104  141.087  752.621
        35081.4  29.43   0.00  10.63  67.33  99.72  25169  611.728   104  141.087  752.815
        35091.4   0.00  44.34  63.88  68.46  99.72  25176  611.906   104  141.087  752.993
        35101.4  61.11   0.00  91.11  70.18  99.72  25183  612.086   104  141.087  753.173
        35111.4  55.12   0.00  54.51  71.82  99.72  25191  612.370   104  141.087  753.457
        35121.4  43.81   0.00  40.71  74.17  99.72  25199  612.570   104  141.087  753.657
        35131.4  52.54   0.00   3.25  76.05  99.72  25207  612.778   104  141.087  753.865
        35141.4   0.00  43.64  75.37  77.77  99.72  25214  612.943   104  141.087  754.030
        35151.4   0.00  56.67   9.69  78.91  99.72  25222  613.146   104  141.087  754.233
        35161.4  69.43   0.00  78.96  80.95  99.72  25229  613.373   104  141.087  754.460
Timestamp         S0     S1     E      O      P     YGC     YGCT    FGC    FGCT     GCT   
        35171.4  96.92   0.00  44.45  83.06  99.72  25237  613.561   104  141.087  754.648
        35181.4   0.00  66.35  96.16  85.02  99.72  25245  613.766   104  141.087  754.853
        35191.4   0.00  39.95  78.75  87.28  99.72  25252  613.955   104  141.087  755.042
        35201.4   0.00  37.63  36.36  89.46  99.72  25260  614.141   104  141.087  755.228
        35211.4   0.00  70.60   5.38  91.64  99.72  25268  614.373   104  141.087  755.460
        35221.4  70.00   0.00  64.50  94.32  99.72  25275  614.557   104  141.087  755.644
        35231.4  72.28   0.00  58.63  96.62  99.72  25283  614.834   104  141.087  755.921
        35241.4   0.00   0.00   4.51  19.30  99.72  25290  615.015   105  142.620  757.636
        35251.4   0.00  49.00   0.00  22.15  99.72  25298  615.278   105  142.620  757.898
        35261.4  30.83   0.00  79.72  23.89  99.72  25305  615.444   105  142.620  758.064
Timestamp         S0     S1     E      O      P     YGC     YGCT    FGC    FGCT     GCT   
        35271.4  41.39   0.00  57.43  26.30  99.72  25313  615.635   105  142.620  758.256
        35281.4  60.00   0.00  36.65  28.67  99.72  25321  615.831   105  142.620  758.451
        35291.4  43.75   0.00  14.28  31.72  99.72  25329  616.041   105  142.620  758.662
        35301.4   0.00  22.39  30.05  32.75  99.72  25336  616.170   105  142.620  758.790
        35311.4  53.64   0.00  36.98  33.64  99.72  25343  616.292   105  142.620  758.913
        35321.4   0.00  41.94  71.94  34.91  99.72  25350  616.427   105  142.620  759.047
        35331.4   0.00  17.40  26.40  40.35  99.72  25358  616.654   105  142.620  759.274
        35341.4  22.64   0.00  74.24  41.85  99.72  25365  616.807   105  142.620  759.427
        35351.4  58.45   0.00  59.79  43.74  99.72  25373  616.995   105  142.620  759.615
        35361.4  84.38   0.00  28.00  45.30  99.72  25381  617.170   105  142.620  759.791
Timestamp         S0     S1     E      O      P     YGC     YGCT    FGC    FGCT     GCT   
        35371.4  62.06   0.00  33.71  49.07  99.72  25389  617.397   105  142.620  760.017
        35381.4  62.50   0.00   3.96  51.03  99.72  25397  617.571   105  142.620  760.192
        35391.4   0.00  54.61  43.05  52.41  99.72  25404  617.694   105  142.620  760.314
        35401.4  26.94   0.00  81.78  56.27  99.72  25411  617.937   105  142.620  760.557
        35411.4  47.20   0.00  77.26  58.15  99.72  25419  618.140   105  142.620  760.760
        35421.4  94.93   0.00  46.68  60.11  99.72  25427  618.366   105  142.620  760.986
        35431.4  72.16   0.00   0.00  62.02  99.72  25435  618.583   105  142.620  761.204
        35441.4  78.73   0.00   3.42  64.92  99.72  25443  618.782   105  142.620  761.403
        35451.4   0.00 100.00  93.06  67.39  99.72  25450  618.969   105  142.620  761.589
        35461.4   0.00  44.61  40.19  69.66  99.72  25458  619.151   105  142.620  761.772
Timestamp         S0     S1     E      O      P     YGC     YGCT    FGC    FGCT     GCT   
        35471.4  60.98  48.01 100.00  71.19  99.72  25466  619.311   105  142.620  761.932
        35481.4  53.55   0.00  51.25  72.98  99.72  25473  619.521   105  142.620  762.141
        35491.4   0.00  30.69  95.73  74.30  99.72  25480  619.654   105  142.620  762.274
        35501.4   0.00  47.85  50.82  75.80  99.72  25488  619.840   105  142.620  762.460
        35511.4   0.00  50.32  43.19  79.27  99.72  25496  620.047   105  142.620  762.667
        35521.4   0.00  80.86   5.02  80.83  99.72  25504  620.235   105  142.620  762.856
        35531.4   0.00  53.67   0.00  83.75  99.72  25512  620.480   105  142.620  763.100
        35541.4  44.21   0.00  76.29  85.86  99.72  25519  620.689   105  142.620  763.310
        35551.4  36.63   0.00  55.32  87.64  99.72  25527  620.878   105  142.620  763.498
        35561.4  36.60   0.00  71.03  91.82  99.72  25535  621.129   105  142.620  763.749
Timestamp         S0     S1     E      O      P     YGC     YGCT    FGC    FGCT     GCT   
        35571.4  53.61   0.00  60.38  94.38  99.72  25543  621.349   105  142.620  763.969
        35581.4  51.48   0.00  29.51  96.76  99.72  25551  621.556   105  142.620  764.177
        35591.4   0.00  45.85  93.87  98.05  99.72  25558  621.723   105  142.620  764.343
        35601.4 100.00   0.00  14.71  18.85  99.72  25565  621.903   106  144.055  765.958
        35611.4  55.10   0.00   2.62  21.28  99.72  25573  622.075   106  144.055  766.130
        35621.5   0.00 100.00  81.56  23.43  99.72  25580  622.250   106  144.055  766.305
        35631.4   0.00  40.24  42.81  25.16  99.72  25588  622.408   106  144.055  766.464
        35641.4  20.66   0.00  86.50  28.10  99.72  25595  622.572   106  144.055  766.627
        35651.4  35.51   0.00  20.59  29.23  99.72  25603  622.739   106  144.055  766.794
        35661.5   0.00  38.18  95.57  30.99  99.72  25610  622.920   106  144.055  766.976
Timestamp         S0     S1     E      O      P     YGC     YGCT    FGC    FGCT     GCT   
        35671.5   0.00  35.71  56.69  32.89  99.72  25618  623.092   106  144.055  767.148
        35681.5   0.00  89.10  46.46  35.15  99.72  25626  623.273   106  144.055  767.329
        35691.5   0.00  50.57  17.94  37.06  99.72  25634  623.442   106  144.055  767.498
        35701.5  30.49   0.00  92.87  40.48  99.72  25641  623.601   106  144.055  767.656
        35711.5   0.00   0.00   0.00  16.30  99.72  25646  623.704   107  145.142  768.846
        35721.5   0.00  99.75  98.87  20.64  99.72  25652  623.919   107  145.142  769.061
        35731.5  33.75   0.00  28.23  26.45  99.72  25661  624.211   107  145.142  769.353
        35741.5  35.05   0.00  20.66  28.83  99.72  25669  624.393   107  145.142  769.534
        35751.5   0.00  53.11  93.53  31.30  99.72  25676  624.579   107  145.142  769.721
        35761.5   0.00  62.40  22.79  33.27  99.72  25684  624.751   107  145.142  769.893
Timestamp         S0     S1     E      O      P     YGC     YGCT    FGC    FGCT     GCT   
        35771.5  49.40   0.00 100.00  37.68  99.72  25692  625.028   107  145.142  770.170
        35781.5  42.65   0.00  69.11  40.03  99.72  25699  625.202   107  145.142  770.344
        35791.5  54.24   0.00  74.97  41.95  99.72  25707  625.360   107  145.142  770.501
        35801.5  64.36   0.00  53.14  43.91  99.72  25715  625.540   107  145.142  770.682
        35811.5  38.48   0.00   9.84  45.62  99.72  25723  625.744   107  145.142  770.886
        35821.5   0.00 100.00  73.39  47.06  99.72  25730  625.886   107  145.142  771.028
        35831.5   0.00  30.18  49.13  50.27  99.72  25738  626.081   107  145.142  771.223
        35841.5  58.64   0.00  98.92  51.69  99.72  25745  626.270   107  145.142  771.412
        35851.5  82.00   0.00  51.15  54.33  99.72  25753  626.482   107  145.142  771.624
        35861.5  54.60   0.00  52.98  58.47  99.72  25761  626.762   107  145.142  771.904
Timestamp         S0     S1     E      O      P     YGC     YGCT    FGC    FGCT     GCT   
        35871.5  43.65   0.00  35.81  60.55  99.72  25769  626.945   107  145.142  772.087
        35881.5  78.87   0.00  24.00  64.17  99.72  25777  627.186   107  145.142  772.328
        35891.5  50.00   0.00  24.98  68.18  99.72  25785  627.411   107  145.142  772.553
        35901.5   0.00  23.27  93.66  69.86  99.72  25792  627.581   107  145.142  772.723
        35911.5   0.00  26.24  31.71  71.33  99.72  25800  627.759   107  145.142  772.901
        35921.5  33.97   0.00  88.51  72.83  99.72  25807  628.020   107  145.142  773.162
        35931.5  71.27   0.00  38.40  74.48  99.72  25815  628.199   107  145.142  773.340
        35941.5   0.00  57.38  55.25  76.47  99.72  25822  628.438   107  145.142  773.580
        35951.5   0.00  82.07   0.93  78.34  99.72  25830  628.621   107  145.142  773.763
        35961.5  61.36   0.00  39.06  80.05  99.72  25837  628.799   107  145.142  773.941
Timestamp         S0     S1     E      O      P     YGC     YGCT    FGC    FGCT     GCT   
        35971.5  61.48   0.00  10.37  81.86  99.72  25845  628.995   107  145.142  774.137
        35981.5   0.00  61.18  71.15  83.58  99.72  25852  629.140   107  145.142  774.282
        35991.5   0.00  82.34  10.13  85.40  99.72  25860  629.324   107  145.142  774.466
        36001.5  39.40   0.00  79.01  87.31  99.72  25867  629.482   107  145.142  774.624
        36011.5  28.78   0.00  19.39  88.54  99.72  25875  629.673   107  145.142  774.814
        36021.5   0.00  76.74  69.93  89.68  99.72  25882  629.869   107  145.142  775.010
        36031.5   0.00  99.09  17.26  91.17  99.72  25890  630.057   107  145.142  775.199
        36041.5  79.94   0.00  64.12  92.47  99.72  25897  630.216   107  145.142  775.358
        36051.5 100.00   0.00  38.64  96.39  99.72  25905  630.422   107  145.142  775.564
        36061.5   0.00  17.75  98.41  98.31  99.72  25913  630.629   107  145.142  775.771
Timestamp         S0     S1     E      O      P     YGC     YGCT    FGC    FGCT     GCT   
        36071.5  30.03   0.00  87.99  15.14  99.72  25919  630.802   108  146.639  777.441
        36081.5  41.67   0.00  70.08  16.84  99.72  25927  630.963   108  146.639  777.602
        36091.5  37.91   0.00  29.90  18.43  99.72  25935  631.141   108  146.639  777.781
        36101.5  69.69   0.00   3.87  20.62  99.72  25943  631.342   108  146.639  777.981
        36111.5   0.00  40.22  47.91  22.25  99.72  25950  631.526   108  146.639  778.165
        36121.5  29.27   0.00  70.06  23.86  99.72  25957  631.684   108  146.639  778.323
        36131.6  36.72   0.00  56.97  27.66  99.72  25965  631.908   108  146.639  778.547
        36141.5   0.00  49.64  62.25  28.69  99.72  25972  632.047   108  146.639  778.686
        36151.5   0.00  33.50  11.09  30.39  99.72  25980  632.231   108  146.639  778.870
        36161.5  89.33   0.00  73.29  31.64  99.72  25987  632.385   108  146.639  779.024
Timestamp         S0     S1     E      O      P     YGC     YGCT    FGC    FGCT     GCT   
        36171.5  56.64   0.00  64.47  34.67  99.72  25995  632.592   108  146.639  779.231
        36181.5  66.92   0.00  27.39  36.35  99.72  26003  632.750   108  146.639  779.389
        36191.6   0.00  99.43  68.20  37.56  99.72  26010  632.878   108  146.639  779.517
        36201.5   0.00 100.00  46.09  41.41  99.72  26018  633.097   108  146.639  779.736
        36211.5   0.00  34.22  43.25  44.42  99.72  26026  633.284   108  146.639  779.923
        36221.6   0.00  24.49  12.87  46.26  99.72  26034  633.471   108  146.639  780.110
        36231.5  59.16   0.00  44.78  47.44  99.72  26041  633.607   108  146.639  780.246
        36241.6   0.00  48.39  50.83  48.81  99.72  26048  633.758   108  146.639  780.397
        36251.6  51.85   0.00  85.94  50.08  99.72  26055  633.935   108  146.639  780.574
        36261.6  40.75   0.00   2.52  51.24  99.72  26063  634.075   108  146.639  780.714
Timestamp         S0     S1     E      O      P     YGC     YGCT    FGC    FGCT     GCT   
        36271.6   0.00  44.38  63.17  52.70  99.72  26070  634.216   108  146.639  780.855
        36281.6   0.00  79.22  49.55  54.72  99.72  26078  634.403   108  146.639  781.042
        36291.5   0.00  37.57  24.90  58.94  99.72  26086  634.699   108  146.639  781.338
        36301.5  36.72   0.00  91.70  61.01  99.72  26093  634.882   108  146.639  781.521
        36311.5  54.15   0.00  56.18  62.39  99.72  26101  635.059   108  146.639  781.698
        36321.6  34.05   0.00  12.98  63.84  99.72  26109  635.219   108  146.639  781.858
        36331.5   0.00  47.99  71.91  65.23  99.72  26116  635.361   108  146.639  782.000
        36341.6   0.00  43.44  10.56  67.33  99.72  26124  635.565   108  146.639  782.205
        36351.6  80.77   0.00  60.84  68.79  99.72  26131  635.720   108  146.639  782.359
        36361.6   0.00  65.57  94.26  70.31  99.72  26138  635.886   108  146.639  782.525
Timestamp         S0     S1     E      O      P     YGC     YGCT    FGC    FGCT     GCT   
        36371.6   0.00 100.00  66.08  72.68  99.72  26146  636.084   108  146.639  782.723
        36381.6  44.06   0.00  99.92  73.93  99.72  26153  636.252   108  146.639  782.891
        36391.6  38.61   0.00  64.80  76.14  99.72  26161  636.432   108  146.639  783.071
        36401.6  72.09   0.00  25.97  77.47  99.72  26169  636.611   108  146.639  783.250
        36411.6  58.33   0.00  14.01  79.05  99.72  26177  636.819   108  146.639  783.458
        36421.6   0.00  38.18  45.70  80.70  99.72  26184  636.988   108  146.639  783.628
        36431.6   0.00  25.00  32.87  84.46  99.72  26192  637.198   108  146.639  783.837
        36441.6  75.40   0.00 100.00  86.42  99.72  26200  637.381   108  146.639  784.020
        36451.6  58.02   0.00  46.77  88.68  99.72  26207  637.558   108  146.639  784.197
        36461.6   0.00  28.44  93.08  90.55  99.72  26214  637.743   108  146.639  784.382
Timestamp         S0     S1     E      O      P     YGC     YGCT    FGC    FGCT     GCT   
        36471.6   0.00  56.28  32.68  91.66  99.72  26222  637.903   108  146.639  784.542
        36481.6  55.20   0.00  81.17  93.31  99.72  26229  638.074   108  146.639  784.713
        36491.6  61.76   0.00  34.72  95.00  99.72  26237  638.276   108  146.639  784.916
        36501.6   0.00  99.62  87.35  96.60  99.72  26244  638.489   108  146.639  785.128
        36511.6   0.00  62.28  58.62  98.55  99.72  26252  638.687   108  146.639  785.326
        36521.6  63.30   0.00   0.00  19.98  99.72  26259  638.871   109  148.099  786.971
        36531.6   0.00  99.64  82.64  22.68  99.72  26266  639.044   109  148.099  787.143
        36541.6   0.00  67.97  41.30  24.58  99.72  26274  639.294   109  148.099  787.393
        36551.6   0.00  73.56   9.84  26.82  99.72  26282  639.481   109  148.099  787.580
        36561.6  70.12   0.00  71.82  28.62  99.72  26289  639.626   109  148.099  787.725
Timestamp         S0     S1     E      O      P     YGC     YGCT    FGC    FGCT     GCT   
        36571.6  57.27   0.00  15.69  30.30  99.72  26297  639.784   109  148.099  787.884
        36581.6   0.00  99.65  79.44  32.18  99.72  26304  639.943   109  148.099  788.042
        36591.6   0.00  36.32  51.08  34.42  99.72  26312  640.122   109  148.099  788.221
        36601.6   0.00  57.26  16.61  36.16  99.72  26320  640.273   109  148.099  788.372
        36611.6  55.56   0.00  65.66  37.82  99.72  26327  640.442   109  148.099  788.541
        36621.6  89.36   0.00  34.44  40.01  99.72  26335  640.631   109  148.099  788.730
        36631.6  33.73   0.00  16.37  43.24  99.72  26343  640.885   109  148.099  788.984
        36641.6   0.00  32.72  97.45  45.13  99.72  26350  641.042   109  148.099  789.141
        36651.6   0.00  40.61  66.62  46.41  99.72  26358  641.213   109  148.099  789.312
        36661.6 100.00   0.00  99.27  49.63  99.72  26365  641.391   109  148.099  789.490
Timestamp         S0     S1     E      O      P     YGC     YGCT    FGC    FGCT     GCT   
        36671.6   0.00  34.82  14.01  53.21  99.72  26374  641.641   109  148.099  789.740
        36681.6  31.08   0.00  93.75  54.62  99.72  26381  641.818   109  148.099  789.917
        36691.6  35.71   0.00  64.68  56.07  99.72  26389  642.004   109  148.099  790.103
        36701.6  88.06   0.00  59.00  58.47  99.72  26397  642.308   109  148.099  790.407
        36711.6  43.80   0.00  70.52  61.64  99.72  26405  642.559   109  148.099  790.658
        36721.6  51.54   0.00  51.38  64.36  99.72  26413  642.826   109  148.099  790.925
        36731.6  64.31   0.00  37.81  66.77  99.72  26421  643.036   109  148.099  791.135
        36741.6  61.78   0.00  20.17  68.71  99.72  26429  643.201   109  148.099  791.300
        36751.6   0.00  33.15  14.84  69.75  99.72  26436  643.346   109  148.099  791.445
        36761.6  31.21   0.00  67.79  70.81  99.72  26443  643.503   109  148.099  791.602
Timestamp         S0     S1     E      O      P     YGC     YGCT    FGC    FGCT     GCT   
        36771.6  98.82   0.00  20.11  72.34  99.72  26451  643.690   109  148.099  791.789
        36781.6   0.00  99.32  55.75  74.94  99.72  26458  643.882   109  148.099  791.982
        36791.6   0.00  67.80  24.51  77.03  99.72  26466  644.087   109  148.099  792.186
        36801.6   0.00  19.33  30.84  81.00  99.72  26474  644.294   109  148.099  792.393
        36811.6   0.00  62.03  21.01  83.20  99.72  26482  644.486   109  148.099  792.585
        36821.6  48.31   0.00  81.56  85.14  99.72  26489  644.674   109  148.099  792.773
        36831.6  57.25   0.00  48.10  87.55  99.72  26497  644.952   109  148.099  793.051
        36841.6  59.24   0.00   6.17  89.84  99.72  26505  645.155   109  148.099  793.254
        36851.6   0.00  39.19  38.14  91.44  99.72  26512  645.321   109  148.099  793.421
        36861.6   0.00 100.00  18.85  93.61  99.72  26520  645.542   109  148.099  793.641
Timestamp         S0     S1     E      O      P     YGC     YGCT    FGC    FGCT     GCT   
        36871.6  57.80   0.00  94.98  95.96  99.72  26527  645.736   109  148.099  793.835
        36881.6  76.55   0.00  72.89  97.97  99.72  26535  645.944   109  148.099  794.043
        36891.6  53.01   0.00   0.00  99.70  99.72  26543  646.147   110  148.099  794.246
        36901.6   0.00  32.99  18.52  22.42  99.72  26550  646.339   110  149.549  795.888
        36911.6   0.00  31.07   7.14  24.33  99.72  26558  646.530   110  149.549  796.079
        36921.6  40.91   0.00  67.30  25.65  99.72  26565  646.673   110  149.549  796.223
        36931.6  71.95   0.00  54.45  27.52  99.72  26573  646.902   110  149.549  796.452
        36941.6   0.00  99.68  84.86  29.14  99.72  26580  647.043   110  149.549  796.593
        36951.6   0.00  30.16  64.43  30.49  99.72  26588  647.191   110  149.549  796.741
        36961.6   0.00  64.40  16.95  33.19  99.72  26596  647.389   110  149.549  796.938
Timestamp         S0     S1     E      O      P     YGC     YGCT    FGC    FGCT     GCT   
        36971.6   0.00  55.91  95.55  35.25  99.72  26604  647.599   110  149.549  797.149
        36981.6   0.00  54.68  50.68  37.15  99.72  26612  647.770   110  149.549  797.319
        36991.6   0.00  37.56  42.05  39.20  99.72  26620  647.949   110  149.549  797.498
        37001.6  74.37   0.00  92.12  40.60  99.72  26627  648.092   110  149.549  797.642
        37011.6  39.40   0.00  50.63  42.30  99.72  26635  648.270   110  149.549  797.819
        37021.6  58.20   0.00  15.07  43.93  99.72  26643  648.453   110  149.549  798.002
        37031.6   0.00  60.11  94.15  45.84  99.72  26650  648.643   110  149.549  798.192
        37041.6   0.00  22.40  86.95  50.03  99.72  26658  648.865   110  149.549  798.414
        37051.6   0.00 100.00  51.84  52.48  99.72  26666  649.066   110  149.549  798.615
        37061.6   0.00  76.76  39.52  54.25  99.72  26674  649.372   110  149.549  798.921
Timestamp         S0     S1     E      O      P     YGC     YGCT    FGC    FGCT     GCT   
        37071.6  41.50   0.00  93.88  56.35  99.72  26681  649.654   110  149.549  799.203
        37081.6  49.17   0.00   0.00  57.89  99.72  26689  649.819   110  149.549  799.368
        37091.6   0.00  27.87  90.59  61.52  99.72  26696  650.021   110  149.549  799.570
        37101.6   0.00  30.48  54.84  63.25  99.72  26704  650.171   110  149.549  799.720
        37111.6   0.00  61.54  34.91  64.66  99.72  26712  650.361   110  149.549  799.911
        37121.6  41.43   0.00  89.89  66.70  99.72  26719  650.552   110  149.549  800.101
        37131.6  71.15   0.00  69.70  68.67  99.72  26727  650.754   110  149.549  800.303
        37141.6  62.18   0.00  30.88  72.26  99.72  26735  650.977   110  149.549  800.526
        37151.6  36.67   0.00  27.45  74.41  99.72  26743  651.172   110  149.549  800.721
        37161.6   0.00  40.67  78.66  75.62  99.72  26750  651.310   110  149.549  800.859
Timestamp         S0     S1     E      O      P     YGC     YGCT    FGC    FGCT     GCT   
        37171.6   0.00  47.09  25.43  77.04  99.72  26758  651.521   110  149.549  801.070
        37181.6  31.38   0.00  59.68  78.52  99.72  26765  651.678   110  149.549  801.227
        37191.6  66.85   0.00  34.67  80.43  99.72  26773  651.889   110  149.549  801.438
        37201.6   0.00  33.53  39.08  81.98  99.72  26780  652.142   110  149.549  801.691
        37211.7  45.24   0.00  82.93  82.96  99.72  26787  652.284   110  149.549  801.833
        37221.7  36.23   0.00  77.27  86.26  99.72  26795  652.475   110  149.549  802.024
        37231.6  48.04   0.00  37.25  88.29  99.72  26803  652.664   110  149.549  802.213
        37241.7   0.00  99.68  88.84  89.71  99.72  26810  652.824   110  149.549  802.373
        37251.6   0.00  43.77  85.09  93.35  99.72  26818  653.052   110  149.549  802.601
        37261.6   0.00  38.91  46.27  96.78  99.72  26826  653.380   110  149.549  802.929
Timestamp         S0     S1     E      O      P     YGC     YGCT    FGC    FGCT     GCT   
        37271.7  73.44 100.00 100.00 100.00  99.72  26834  653.932   111  149.549  803.481
        37281.7  63.39   0.00  75.37  21.27  99.72  26840  654.083   111  151.354  805.437
        37291.7  35.96   0.00  46.93  23.29  99.72  26848  654.304   111  151.354  805.658
        37301.7  66.15   0.00  32.25  25.07  99.72  26856  654.501   111  151.354  805.855
        37311.7  48.61   0.00  36.96  27.15  99.72  26864  654.659   111  151.354  806.012
        37321.7   0.00  49.71  54.38  28.82  99.72  26871  654.808   111  151.354  806.162
        37331.7   0.00 100.00  24.89  33.19  99.72  26879  655.022   111  151.354  806.376
        37341.7   0.00  23.13   0.00  34.97  99.72  26887  655.179   111  151.354  806.533
        37351.7  38.69   0.00  41.42  36.24  99.72  26894  655.329   111  151.354  806.683
        37361.7   0.00  43.26  98.94  38.01  99.72  26901  655.502   111  151.354  806.856
Timestamp         S0     S1     E      O      P     YGC     YGCT    FGC    FGCT     GCT   
        37371.7   0.00  37.50  51.63  39.84  99.72  26909  655.688   111  151.354  807.042
        37381.7   0.00  59.80  12.01  41.83  99.72  26917  656.001   111  151.354  807.355
        37391.7  63.86   0.00  69.53  43.48  99.72  26924  656.155   111  151.354  807.509
        37401.7  48.52   0.00  22.75  45.39  99.72  26932  656.352   111  151.354  807.706
        37411.7  40.26   0.00   0.00  47.24  99.72  26940  656.524   111  151.354  807.878
        37421.7   0.00  63.23  52.68  48.02  99.72  26947  656.666   111  151.354  808.019
        37431.7   0.00  99.44   0.00  50.14  99.72  26955  656.840   111  151.354  808.194
        37441.7  62.68   0.00  81.98  52.44  99.72  26962  657.026   111  151.354  808.379
        37451.7  88.16   0.00  29.54  54.02  99.72  26970  657.179   111  151.354  808.533
        37461.7   0.00  40.77  74.19  55.85  99.72  26977  657.308   111  151.354  808.661
Timestamp         S0     S1     E      O      P     YGC     YGCT    FGC    FGCT     GCT   
        37471.7  45.83   0.00  90.01  57.02  99.72  26984  657.451   111  151.354  808.805
        37481.7  54.17   0.00   1.12  58.29  99.72  26992  657.615   111  151.354  808.969
        37491.7   0.00  99.60   7.01  59.26  99.72  26999  657.792   111  151.354  809.145
        37501.7  50.00   0.00  31.03  62.41  99.72  27006  657.959   111  151.354  809.313
        37511.7  40.13   0.00  25.57  64.52  99.72  27014  658.138   111  151.354  809.492
        37521.7  36.57   0.00  14.69  66.53  99.72  27022  658.306   111  151.354  809.659
        37531.7   0.00 100.00  81.40  67.96  99.72  27029  658.482   111  151.354  809.836
        37541.7   0.00 100.00  60.51  70.10  99.72  27037  658.679   111  151.354  810.033
        37551.7   0.00  58.26  69.60  74.69  99.72  27045  658.925   111  151.354  810.278
        37561.7   0.00  27.87  55.29  77.53  99.72  27053  659.138   111  151.354  810.492
Timestamp         S0     S1     E      O      P     YGC     YGCT    FGC    FGCT     GCT   
        37571.8   0.00  71.15  57.91  79.83  99.72  27061  659.412   111  151.354  810.766
        37581.7   0.00  99.60  27.78  82.71  99.72  27069  659.626   111  151.354  810.980
        37591.8   0.00  43.40  19.18  85.06  99.72  27077  659.831   111  151.354  811.185
        37601.7  32.05   0.00  75.38  86.10  99.72  27084  659.990   111  151.354  811.344
        37611.7  55.13   0.00  23.09  87.29  99.72  27092  660.163   111  151.354  811.516
        37621.7   0.00 100.00  42.22  88.70  99.72  27099  660.327   111  151.354  811.680
        37631.7  48.26   0.00  92.07  90.33  99.72  27106  660.493   111  151.354  811.846
        37641.7  50.73   0.00  86.77  94.10  99.72  27114  660.756   111  151.354  812.110
        37651.7  55.14   0.00  38.96  95.41  99.72  27122  660.939   111  151.354  812.292
        37661.8  41.71   0.00  18.53  97.35  99.72  27130  661.132   111  151.354  812.485
Timestamp         S0     S1     E      O      P     YGC     YGCT    FGC    FGCT     GCT   
        37671.7   0.00  34.31  27.03  98.82  99.72  27137  661.299   111  151.354  812.653
        37681.7   0.00 100.00  64.43  15.73  99.72  27143  661.470   112  152.811  814.281
        37691.7   0.00  78.08  75.82  19.10  99.72  27151  661.739   112  152.811  814.550
        37701.7   0.00 100.00  70.35  22.12  99.72  27159  661.991   112  152.811  814.802
        37711.7   0.00  66.74  43.19  24.14  99.72  27167  662.181   112  152.811  814.992
        37721.7  50.00   0.00  89.54  25.64  99.72  27174  662.329   112  152.811  815.140
        37731.8  34.94   0.00  63.43  27.68  99.72  27182  662.509   112  152.811  815.321
        37741.7   0.00 100.00  97.29  29.44  99.72  27190  662.676   112  152.811  815.488
        37751.7   0.00 100.00  73.19  31.49  99.72  27197  662.858   112  152.811  815.670
        37761.7   0.00  55.39  14.99  33.21  99.72  27205  663.050   112  152.811  815.861
Timestamp         S0     S1     E      O      P     YGC     YGCT    FGC    FGCT     GCT   
        37771.8   0.00 100.00   0.84  35.07  99.72  27213  663.252   112  152.811  816.064
        37781.8  65.37   0.00 100.00  37.39  99.72  27221  663.434   112  152.811  816.245
        37791.7  68.30   0.00  75.87  39.62  99.72  27228  663.618   112  152.811  816.429
        37801.7  90.83   0.00  38.31  41.47  99.72  27236  663.825   112  152.811  816.636
        37811.7  33.39   0.00  16.41  45.56  99.72  27244  664.027   112  152.811  816.838
        37821.7  59.38   0.00   1.57  47.30  99.72  27252  664.212   112  152.811  817.023
        37831.8  85.57   0.00   0.00  49.72  99.72  27260  664.481   112  152.811  817.292
        37841.8   0.00  65.74  84.55  51.44  99.72  27267  664.656   112  152.811  817.468
        37851.7   0.00  82.57  86.77  53.77  99.72  27275  664.852   112  152.811  817.663
        37861.8   0.00 100.00  21.51  55.90  99.72  27283  665.090   112  152.811  817.901
Timestamp         S0     S1     E      O      P     YGC     YGCT    FGC    FGCT     GCT   
        37871.7   0.00  46.37  10.67  58.08  99.72  27291  665.274   112  152.811  818.085
        37881.8  48.84   0.00  53.79  59.75  99.72  27298  665.432   112  152.811  818.243
        37891.8  57.02   0.00  15.69  61.59  99.72  27306  665.608   112  152.811  818.420
        37901.7   0.00  29.29  68.51  63.63  99.72  27313  665.772   112  152.811  818.583
        37911.7  60.76   0.00  90.37  64.68  99.72  27320  665.904   112  152.811  818.715
        37921.8  83.87   0.00  48.05  67.02  99.72  27328  666.093   112  152.811  818.904
        37931.8  39.86   0.00  36.36  69.58  99.72  27336  666.295   112  152.811  819.106
        37941.8  95.97   0.00  18.39  72.77  99.72  27344  666.520   112  152.811  819.331
        37951.8  35.25   0.00  20.18  74.81  99.72  27352  666.691   112  152.811  819.502
        37961.8  38.63   0.00   0.00  76.57  99.72  27360  666.915   112  152.811  819.726
Timestamp         S0     S1     E      O      P     YGC     YGCT    FGC    FGCT     GCT   
        37971.8   0.00  99.55  80.94  78.33  99.72  27367  667.075   112  152.811  819.886
        37981.8   0.00  67.47  19.89  80.08  99.72  27375  667.280   112  152.811  820.091
        37991.8  53.47   0.00  95.91  82.47  99.72  27382  667.521   112  152.811  820.332
        38001.8  52.09   0.00  63.41  84.83  99.72  27390  667.719   112  152.811  820.530
        38011.8  67.82   0.00  23.67  86.69  99.72  27398  667.903   112  152.811  820.715
        38021.9  59.78   0.00   3.40  88.75  99.72  27406  668.070   112  152.811  820.881
        38031.8   0.00 100.00  91.61  91.11  99.72  27413  668.223   112  152.811  821.035
        38041.8   0.00  31.34  48.67  93.39  99.72  27421  668.452   112  152.811  821.263
        38051.8   0.00  71.64   3.21  95.42  99.72  27429  668.745   112  152.811  821.557
        38061.8  31.64   0.00  90.07  97.68  99.72  27436  668.923   112  152.811  821.734
Timestamp         S0     S1     E      O      P     YGC     YGCT    FGC    FGCT     GCT   
        38071.8   0.00   0.00  38.79  18.80  99.72  27443  669.096   113  154.276  823.372
        38081.8   0.00  39.42  12.15  21.27  99.72  27451  669.259   113  154.276  823.535
        38091.8  56.11   0.00  84.22  22.84  99.72  27458  669.406   113  154.276  823.682
        38101.9  75.78   0.00  13.85  24.74  99.72  27466  669.594   113  154.276  823.871
        38111.8   0.00  64.44  81.11  26.52  99.72  27473  669.758   113  154.276  824.034
        38121.8   0.00  74.53  22.08  27.98  99.72  27481  669.900   113  154.276  824.177
        38131.8  82.93   0.00  89.79  31.65  99.72  27488  670.094   113  154.276  824.370
        38141.8  24.40   0.00  50.27  33.48  99.72  27496  670.285   113  154.276  824.562
        38151.8   0.00  46.71  84.25  34.42  99.72  27503  670.431   113  154.276  824.707
        38161.9   0.00  42.31  42.37  36.48  99.72  27511  670.620   113  154.276  824.897
Timestamp         S0     S1     E      O      P     YGC     YGCT    FGC    FGCT     GCT   
        38171.8  97.97   0.00  92.60  37.66  99.72  27518  670.751   113  154.276  825.027
        38181.8  46.07   0.00  88.64  40.07  99.72  27526  670.949   113  154.276  825.225
        38191.8  93.54   0.00  54.19  42.38  99.72  27534  671.213   113  154.276  825.489
        38201.8  19.29   0.00  73.10  46.82  99.72  27542  671.451   113  154.276  825.727
        38211.8  50.77   0.00  93.01  48.95  99.72  27550  671.646   113  154.276  825.922
        38221.8  17.68   0.00  20.47  50.57  99.72  27558  671.857   113  154.276  826.134
        38231.8   0.00  48.04  70.40  51.55  99.72  27565  672.016   113  154.276  826.293
        38241.9   0.00  99.63  32.05  53.18  99.72  27573  672.174   113  154.276  826.450
        38251.9  53.95   0.00  66.72  54.67  99.72  27580  672.335   113  154.276  826.611
        38261.8  68.02   0.00  36.32  56.74  99.72  27588  672.550   113  154.276  826.826
Timestamp         S0     S1     E      O      P     YGC     YGCT    FGC    FGCT     GCT   
        38271.9  30.76   0.00  45.49  61.81  99.72  27596  672.781   113  154.276  827.058
        38281.8  38.58   0.00   0.00  64.32  99.72  27604  672.980   113  154.276  827.256
        38291.8   0.00  28.06  62.87  66.15  99.72  27611  673.136   113  154.276  827.412
        38301.8  34.76   0.00  65.99  67.09  99.72  27618  673.287   113  154.276  827.563
        38311.9   0.00  42.94 100.00  68.28  99.72  27626  673.478   113  154.276  827.754
        38321.9   0.00  99.39  46.27  69.61  99.72  27633  673.682   113  154.276  827.958
        38331.8  59.40   0.00  96.69  71.07  99.72  27641  673.953   113  154.276  828.229
        38341.8  62.78   0.00  45.77  72.44  99.72  27648  674.151   113  154.276  828.427
        38351.9  46.85   0.00  27.87  76.32  99.72  27656  674.346   113  154.276  828.623
        38361.8   0.00  46.80  91.38  78.19  99.72  27663  674.608   113  154.276  828.884
Timestamp         S0     S1     E      O      P     YGC     YGCT    FGC    FGCT     GCT   
        38371.9   0.00  66.09  73.55  79.97  99.72  27671  674.776   113  154.276  829.052
        38381.9   0.00  54.05  33.14  81.96  99.72  27679  675.020   113  154.276  829.296
        38391.9  88.27   0.00  81.68  83.35  99.72  27686  675.169   113  154.276  829.445
        38401.9  32.97   0.00  46.62  88.19  99.72  27694  675.414   113  154.276  829.690
        38411.9   0.00  50.39  82.97  89.36  99.72  27701  675.577   113  154.276  829.854
        38421.9   0.00  36.52  37.15  90.54  99.72  27709  675.788   113  154.276  830.065
        38431.9  77.91   0.00  75.32  91.46  99.72  27716  675.950   113  154.276  830.227
        38441.9  81.45   0.00  24.62  93.20  99.72  27724  676.231   113  154.276  830.507
        38451.9  34.54   0.00  25.61  97.47  99.72  27732  676.469   113  154.276  830.745
        38461.9   0.00   0.00  76.96  19.30  99.72  27738  676.759   114  155.845  832.604
Timestamp         S0     S1     E      O      P     YGC     YGCT    FGC    FGCT     GCT   
        38471.9  49.61   0.00  80.35  21.66  99.72  27746  676.948   114  155.845  832.793
        38481.9  45.78   0.00  45.51  23.58  99.72  27754  677.116   114  155.845  832.961
        38491.9  52.94   0.00  36.88  25.35  99.72  27762  677.288   114  155.845  833.133
        38501.9  59.94   0.00   3.16  26.97  99.72  27770  677.475   114  155.845  833.321
        38511.9  62.67   0.00  94.62  28.07  99.72  27776  677.602   114  155.845  833.447
        38521.9  31.64   0.00  48.90  31.80  99.72  27784  677.817   114  155.845  833.663
        38531.9  59.18   0.00  47.33  33.94  99.72  27792  678.032   114  155.845  833.877
        38541.9  65.36   0.00   5.05  35.51  99.72  27800  678.195   114  155.845  834.041
        38551.9   0.00  71.39  75.18  36.72  99.72  27807  678.321   114  155.845  834.166
        38561.9   0.00  26.54  10.70  40.55  99.72  27815  678.529   114  155.845  834.375
Timestamp         S0     S1     E      O      P     YGC     YGCT    FGC    FGCT     GCT   
        38571.9   0.00  22.45   9.03  42.65  99.72  27823  678.747   114  155.845  834.593
        38581.9  32.98   0.00  70.80  44.45  99.72  27830  678.918   114  155.845  834.763
        38592.0  77.73   0.00  49.31  46.93  99.72  27838  679.105   114  155.845  834.951
        38601.9  63.90   0.00   8.91  49.19  99.72  27846  679.286   114  155.845  835.131
        38612.0   0.00  31.94  87.34  50.50  99.72  27853  679.420   114  155.845  835.266
        38621.9   0.00  50.46  77.32  52.82  99.72  27861  679.617   114  155.845  835.463
        38632.0   0.00  84.54  52.04  54.97  99.72  27869  679.806   114  155.845  835.652
        38642.0   0.00  46.65   3.17  57.04  99.72  27877  680.000   114  155.845  835.845
        38651.9  33.99   0.00  84.04  58.59  99.72  27884  680.144   114  155.845  835.989
        38661.9  86.99   0.00  40.74  60.66  99.72  27892  680.346   114  155.845  836.192
Timestamp         S0     S1     E      O      P     YGC     YGCT    FGC    FGCT     GCT   
        38671.9  51.28   0.00   8.10  63.36  99.72  27900  680.566   114  155.845  836.412
        38682.0   0.00 100.00  85.60  64.91  99.72  27907  680.698   114  155.845  836.544
        38692.0   0.00  29.94  26.18  66.13  99.72  27915  680.845   114  155.845  836.690
        38702.0  96.54   0.00  60.09  67.25  99.72  27922  681.018   114  155.845  836.864
        38712.0  99.41   0.00  51.57  70.57  99.72  27930  681.254   114  155.845  837.100
        38722.0  44.30   0.00  17.85  72.81  99.72  27938  681.450   114  155.845  837.296
        38732.0   0.00  46.31  84.65  73.87  99.72  27945  681.626   114  155.845  837.472
        38742.0   0.00  58.24  46.48  75.64  99.72  27953  681.814   114  155.845  837.659
        38752.0   0.00  31.03   8.47  77.39  99.72  27961  681.982   114  155.845  837.827
        38762.0  29.82   0.00  74.76  79.23  99.72  27968  682.146   114  155.845  837.992
Timestamp         S0     S1     E      O      P     YGC     YGCT    FGC    FGCT     GCT   
        38772.0  56.40   0.00  46.40  81.21  99.72  27976  682.360   114  155.845  838.206
        38782.0   0.00  90.50  93.21  82.72  99.72  27983  682.530   114  155.845  838.375
        38792.0   0.00  49.73  73.26  84.83  99.72  27991  682.708   114  155.845  838.554
        38802.0   0.00  71.84  49.58  86.34  99.72  27999  682.912   114  155.845  838.757
        38812.0   0.00 100.00  40.95  88.96  99.72  28007  683.137   114  155.845  838.982
        38822.0  39.04   0.00  91.68  90.53  99.72  28014  683.343   114  155.845  839.189
        38832.0  75.27   0.00  63.22  91.83  99.72  28022  683.517   114  155.845  839.362
        38842.0  38.50   0.00  10.61  95.73  99.72  28030  683.800   114  155.845  839.645
        38852.0  61.78   0.00  14.76  98.12  99.72  28038  684.034   114  155.845  839.880
        38862.0  51.43   0.00  97.07  19.88  99.72  28044  684.230   115  157.341  841.571
Timestamp         S0     S1     E      O      P     YGC     YGCT    FGC    FGCT     GCT   
        38872.0  40.23   0.00  91.28  22.69  99.72  28052  684.469   115  157.341  841.810
        38882.0  68.05   0.00  85.24  25.37  99.72  28060  684.659   115  157.341  842.000
        38892.0  68.59   0.00  49.52  27.51  99.72  28068  684.920   115  157.341  842.261
        38902.0  51.79   0.00  10.43  29.15  99.72  28076  685.072   115  157.341  842.413
        38912.0   0.00  47.78  95.77  31.97  99.72  28083  685.259   115  157.341  842.600
        38922.0   0.00 100.00  45.26  33.50  99.72  28091  685.404   115  157.341  842.745
        38932.0   0.00  36.16  18.74  37.45  99.72  28099  685.629   115  157.341  842.970
        38942.0  58.20   0.00  99.92  39.26  99.72  28107  685.805   115  157.341  843.146
        38952.0  50.43   0.00  65.53  41.27  99.72  28114  685.972   115  157.341  843.313
        38962.0  60.68   0.00  47.70  42.98  99.72  28122  686.148   115  157.341  843.490
Timestamp         S0     S1     E      O      P     YGC     YGCT    FGC    FGCT     GCT   
        38972.0  68.52   0.00  25.11  44.82  99.72  28130  686.352   115  157.341  843.693
        38982.0  98.91   0.00  12.00  48.99  99.72  28138  686.595   115  157.341  843.936
        38992.0  51.80   0.00   0.00  50.86  99.72  28146  686.756   115  157.341  844.097
        39002.0   0.00  77.45  96.08  53.11  99.72  28153  686.959   115  157.341  844.300
        39012.0   0.00  40.31  77.43  55.66  99.72  28161  687.156   115  157.341  844.498
        39022.0   0.00  64.49  47.06  57.58  99.72  28169  687.348   115  157.341  844.690
        39032.0   0.00  99.19  15.43  59.78  99.72  28177  687.514   115  157.341  844.855
        39042.0  70.42   0.00  82.85  61.42  99.72  28184  687.740   115  157.341  845.081
        39052.0  32.71   0.00  58.56  64.42  99.72  28192  687.961   115  157.341  845.302
        39062.0  61.76   0.00  40.29  66.72  99.72  28200  688.178   115  157.341  845.519
Timestamp         S0     S1     E      O      P     YGC     YGCT    FGC    FGCT     GCT   
        39072.0   0.00  38.14  81.51  68.53  99.72  28207  688.354   115  157.341  845.695
        39082.0   0.00  42.20  40.92  70.57  99.72  28215  688.556   115  157.341  845.897
        39092.0   0.00  40.98  17.01  72.40  99.72  28223  688.733   115  157.341  846.074
        39102.0  56.63   0.00  84.62  73.71  99.72  28230  688.906   115  157.341  846.247
        39112.0  34.11   0.00  41.20  75.82  99.72  28238  689.099   115  157.341  846.440
        39122.0   0.00  32.52  86.68  79.43  99.72  28245  689.323   115  157.341  846.664
        39132.0   0.00  45.31  49.17  81.25  99.72  28253  689.522   115  157.341  846.863
        39142.0   0.00 100.00  32.00  83.68  99.72  28261  689.724   115  157.341  847.065
        39152.0   0.00  51.89   0.00  85.89  99.72  28269  689.913   115  157.341  847.254
        39162.0  52.78   0.00  65.63  87.40  99.72  28276  690.089   115  157.341  847.430
Timestamp         S0     S1     E      O      P     YGC     YGCT    FGC    FGCT     GCT   
        39172.0  57.58   0.00  29.70  88.87  99.72  28284  690.277   115  157.341  847.618
        39182.0  23.45   0.00   0.00  95.06  99.72  28292  690.536   115  157.341  847.877
        39192.0  34.14   0.00  41.79  97.75  99.72  28300  690.758   115  157.341  848.099
        39202.0   0.00  47.41  43.57  14.97  99.72  28307  690.944   116  158.834  849.778
        39212.0   0.00  47.36  37.62  18.09  99.72  28315  691.141   116  158.834  849.975
        39222.0  54.07   0.00  86.59  19.63  99.72  28322  691.298   116  158.834  850.131
        39232.0  42.63   0.00  65.85  21.25  99.72  28330  691.465   116  158.834  850.298
        39242.0  60.39   0.00  40.60  23.38  99.72  28338  691.641   116  158.834  850.474
        39252.0  44.58   0.00  18.09  25.84  99.72  28346  691.882   116  158.834  850.716
        39262.0   0.00  43.04  41.80  26.92  99.72  28353  692.029   116  158.834  850.863
Timestamp         S0     S1     E      O      P     YGC     YGCT    FGC    FGCT     GCT   
        39272.0   0.00  41.19   0.00  28.73  99.72  28361  692.198   116  158.834  851.032
        39282.0  75.32   0.00  94.44  30.28  99.72  28368  692.339   116  158.834  851.173
        39292.0  47.22   0.00  40.60  32.24  99.72  28376  692.527   116  158.834  851.361
        39302.0   0.00  55.52  66.53  33.90  99.72  28383  692.681   116  158.834  851.515
        39312.0   0.00  59.67  49.65  36.02  99.72  28391  692.873   116  158.834  851.707
        39322.0  54.72   0.00  76.34  37.51  99.72  28398  693.060   116  158.834  851.894
        39332.0  30.39   0.00  46.68  40.71  99.72  28406  693.317   116  158.834  852.151
        39342.0   0.00  25.93  90.05  42.14  99.72  28413  693.470   116  158.834  852.303
        39352.0   0.00  51.69  29.99  43.33  99.72  28421  693.645   116  158.834  852.478
        39362.0   0.00  38.75  15.97  47.75  99.72  28429  693.891   116  158.834  852.724
Timestamp         S0     S1     E      O      P     YGC     YGCT    FGC    FGCT     GCT   
        39372.0   0.00  49.61   9.29  50.17  99.72  28437  694.155   116  158.834  852.989
        39382.0  65.76   0.00  95.96  52.14  99.72  28444  694.335   116  158.834  853.168
        39392.0  56.78   0.00  76.64  54.54  99.72  28452  694.518   116  158.834  853.352
        39402.0  27.63   0.00   6.39  55.66  99.72  28460  694.694   116  158.834  853.527
        39412.0   0.00  50.84  68.14  56.90  99.72  28467  694.827   116  158.834  853.661
        39422.0   0.00 100.00  17.21  60.33  99.72  28475  695.066   116  158.834  853.900
        39432.0   0.00  39.16  18.61  62.71  99.72  28483  695.250   116  158.834  854.084
        39442.0   0.00  58.58   1.81  64.26  99.72  28491  695.463   116  158.834  854.297
        39452.0  41.19   0.00  71.93  66.25  99.72  28498  695.613   116  158.834  854.446
        39462.0  67.28   0.00  60.13  68.24  99.72  28506  695.822   116  158.834  854.655
Timestamp         S0     S1     E      O      P     YGC     YGCT    FGC    FGCT     GCT   
        39472.0  54.17   0.00  37.42  70.76  99.72  28514  696.008   116  158.834  854.842
        39482.0   0.00  39.70  72.82  71.93  99.72  28521  696.152   116  158.834  854.986
        39492.0   0.00  41.26  48.53  75.88  99.72  28529  696.424   116  158.834  855.258
        39502.0   0.00  76.89  44.38  78.17  99.72  28537  696.692   116  158.834  855.526
        39512.0   0.00  40.61  26.18  81.37  99.72  28545  696.916   116  158.834  855.750
        39522.0   0.00  52.55  29.55  83.56  99.72  28553  697.108   116  158.834  855.942
        39532.1   0.00  38.63  26.02  86.14  99.72  28561  697.296   116  158.834  856.129
        39542.0   0.00  88.51  17.08  89.08  99.72  28569  697.505   116  158.834  856.339
        39552.0  58.56   0.00  74.38  91.88  99.72  28576  697.685   116  158.834  856.519
        39562.0  27.38   0.00  25.85  93.72  99.72  28584  697.900   116  158.834  856.734
Timestamp         S0     S1     E      O      P     YGC     YGCT    FGC    FGCT     GCT   
        39572.0  30.94   0.00  11.25  95.94  99.72  28592  698.131   116  158.834  856.965
        39582.1   0.00  31.48  68.03  97.42  99.72  28599  698.298   116  158.834  857.132
        39592.0   0.00  73.17  26.02  98.92  99.72  28607  698.506   116  158.834  857.340
        39602.0   0.00 100.00  70.97  20.16  99.72  28613  698.680   117  160.373  859.053
        39612.0   0.00  99.41  73.41  23.46  99.72  28621  698.885   117  160.373  859.258
        39622.0   0.00  57.79  56.28  25.98  99.72  28629  699.080   117  160.373  859.452
        39632.1   0.00 100.00  39.05  27.83  99.72  28637  699.266   117  160.373  859.639
        39642.0  43.14   0.00  77.52  29.59  99.72  28644  699.435   117  160.373  859.807
        39652.0  58.11   0.00  59.15  32.24  99.72  28652  699.613   117  160.373  859.986
        39662.0   0.00  58.06  91.97  34.10  99.72  28659  699.785   117  160.373  860.157
Timestamp         S0     S1     E      O      P     YGC     YGCT    FGC    FGCT     GCT   
        39672.1   0.00  61.60  89.18  39.06  99.72  28667  700.027   117  160.373  860.399
        39682.0   0.00  99.32  59.06  41.66  99.72  28675  700.207   117  160.373  860.580
        39692.0   0.00  29.53  67.33  43.81  99.72  28683  700.408   117  160.373  860.780
        39702.1   0.00  64.32  59.77  45.41  99.72  28691  700.638   117  160.373  861.011
        39712.0   0.00  99.71  26.64  47.27  99.72  28699  700.799   117  160.373  861.172
        39722.1  40.64   0.00  97.01  49.79  99.72  28706  700.969   117  160.373  861.342
        39732.1  87.50   0.00  23.87  50.86  99.72  28714  701.111   117  160.373  861.484
        39742.0   0.00  51.72  84.40  52.31  99.72  28721  701.245   117  160.373  861.617
        39752.0   0.00  40.99  47.39  56.27  99.72  28729  701.465   117  160.373  861.838
        39762.0   0.00 100.00  47.42  59.40  99.72  28737  701.672   117  160.373  862.045
Timestamp         S0     S1     E      O      P     YGC     YGCT    FGC    FGCT     GCT   
        39772.0   0.00  23.75  33.78  62.05  99.72  28745  701.859   117  160.373  862.232
        39782.0  68.59   0.00  91.88  63.81  99.72  28752  702.051   117  160.373  862.424
        39792.1  49.09   0.00  55.35  66.74  99.72  28760  702.287   117  160.373  862.660
        39802.1  72.88   0.00  34.84  68.86  99.72  28768  702.459   117  160.373  862.831
        39812.0  33.33   0.00  12.72  71.18  99.72  28776  702.683   117  160.373  863.056
        39822.0   0.00  50.82  53.99  72.59  99.72  28783  702.848   117  160.373  863.220
        39832.0  83.43   0.00  96.51  74.06  99.72  28790  703.021   117  160.373  863.394
        39842.1  49.64   0.00  58.07  77.92  99.72  28798  703.401   117  160.373  863.774
        39852.1  40.12   0.00  55.48  80.64  99.72  28806  703.632   117  160.373  864.005
        39862.0  47.89   0.00  18.89  82.73  99.72  28814  703.891   117  160.373  864.264
Timestamp         S0     S1     E      O      P     YGC     YGCT    FGC    FGCT     GCT   
        39872.1   0.00  55.88  71.12  84.22  99.72  28821  704.064   117  160.373  864.437
        39882.0   0.00  62.57  26.70  86.29  99.72  28829  704.244   117  160.373  864.616
        39892.0  66.57   0.00  99.89  88.16  99.72  28837  704.419   117  160.373  864.792
        39902.0  50.87   0.00  69.47  91.90  99.72  28844  704.654   117  160.373  865.027
        39912.0  41.70   0.00  61.26  93.93  99.72  28852  704.873   117  160.373  865.246
        39922.0  66.27   0.00  19.80  95.33  99.72  28860  705.049   117  160.373  865.422
        39932.0  50.00   0.00   1.71  97.37  99.72  28868  705.250   117  160.373  865.623
        39942.0 100.00   0.00  63.15  19.30  99.72  28874  705.405   118  161.908  867.313
        39952.0  27.69   0.00  57.43  21.83  99.72  28882  705.571   118  161.908  867.479
        39962.0  26.88   0.00   3.03  24.51  99.72  28890  705.773   118  161.908  867.681
Timestamp         S0     S1     E      O      P     YGC     YGCT    FGC    FGCT     GCT   
        39972.1   0.00  36.35  95.84  26.49  99.72  28897  705.941   118  161.908  867.849
        39982.1   0.00  99.52  99.15  29.55  99.72  28906  706.156   118  161.908  868.064
        39992.1  62.95   0.00  11.91  32.37  99.72  28914  706.399   118  161.908  868.307
        40002.1   0.00  69.72  81.91  33.69  99.72  28921  706.603   118  161.908  868.511
        40012.1   0.00  69.49  25.70  35.60  99.72  28929  706.824   118  161.908  868.732
        40022.0  59.62   0.00  64.91  37.02  99.72  28936  707.041   118  161.908  868.949
        40032.1  28.32   0.00   0.68  40.42  99.72  28944  707.233   118  161.908  869.141
        40042.0   0.00  34.17  57.06  41.86  99.72  28951  707.397   118  161.908  869.305
        40052.0   0.00  31.71   0.79  43.88  99.72  28959  707.581   118  161.908  869.489
        40062.1  79.84   0.00  38.42  45.00  99.72  28966  707.732   118  161.908  869.640
Timestamp         S0     S1     E      O      P     YGC     YGCT    FGC    FGCT     GCT   
        40072.1  50.90   0.00  17.59  49.73  99.72  28974  708.023   118  161.908  869.931
        40082.0   0.00  18.98  68.00  51.47  99.72  28981  708.160   118  161.908  870.068
        40092.1   0.00  46.69  63.89  53.82  99.72  28989  708.354   118  161.908  870.262
        40102.1   0.00 100.00  39.79  56.14  99.72  28997  708.519   118  161.908  870.427
        40112.0   0.00  31.63  27.62  59.00  99.72  29005  708.775   118  161.908  870.683
        40122.1   0.00  26.18  22.91  60.81  99.72  29013  708.924   118  161.908  870.832
        40132.0   0.00  99.46  20.01  63.39  99.72  29021  709.134   118  161.908  871.042
        40142.1  62.08   0.00  50.03  65.69  99.72  29028  709.340   118  161.908  871.248
        40152.1  55.07   0.00  16.03  67.36  99.72  29036  709.526   118  161.908  871.434
        40162.1   0.00 100.00  93.09  69.14  99.72  29043  709.691   118  161.908  871.599
Timestamp         S0     S1     E      O      P     YGC     YGCT    FGC    FGCT     GCT   
        40172.1   0.00  90.78  69.05  71.03  99.72  29051  709.851   118  161.908  871.759
        40182.1   0.00  35.94  61.23  74.18  99.72  29059  710.095   118  161.908  872.003
        40192.1   0.00 100.00  29.54  76.28  99.72  29067  710.273   118  161.908  872.181
        40202.1  79.17   0.00  93.94  79.22  99.72  29074  710.572   118  161.908  872.480
        40212.1  51.56   0.00  51.65  82.00  99.72  29082  710.871   118  161.908  872.779
        40222.1  38.28   0.00  20.15  83.74  99.72  29090  711.050   118  161.908  872.958
        40232.1   0.00  99.73  81.19  85.64  99.72  29097  711.222   118  161.908  873.130
        40242.0   0.00  40.79   7.55  87.52  99.72  29105  711.424   118  161.908  873.332
        40252.1  95.10   0.00  93.72  89.41  99.72  29112  711.648   118  161.908  873.556
        40262.1  90.20   0.00  28.13  91.66  99.72  29120  711.867   118  161.908  873.775
Timestamp         S0     S1     E      O      P     YGC     YGCT    FGC    FGCT     GCT   
        40272.1   0.00  99.62  96.96  94.12  99.72  29127  712.082   118  161.908  873.990
        40282.1   0.00 100.00  45.64  95.97  99.72  29133  712.221   118  161.908  874.129
        40292.1   0.00 100.00  36.68  97.75  99.72  29141  712.428   118  161.908  874.336
        40302.1  53.68   0.00   5.42  19.56  99.72  29148  712.690   119  163.359  876.050
        40312.1   0.00  31.88  69.62  21.28  99.72  29155  712.855   119  163.359  876.214
        40322.1   0.00  33.04  26.06  23.28  99.72  29163  713.036   119  163.359  876.395
        40332.1  34.41   0.00  84.38  24.21  99.72  29170  713.157   119  163.359  876.516
        40342.1  41.72   0.00   8.75  25.59  99.72  29178  713.316   119  163.359  876.675
        40352.1   0.00  32.27  75.56  29.22  99.72  29185  713.495   119  163.359  876.854
        40362.1   0.00  36.61  19.89  31.10  99.72  29193  713.673   119  163.359  877.032
Timestamp         S0     S1     E      O      P     YGC     YGCT    FGC    FGCT     GCT   
        40372.1  58.25   0.00  63.15  32.57  99.72  29200  713.824   119  163.359  877.183
        40382.1  18.57   0.00  30.60  35.18  99.72  29208  714.023   119  163.359  877.382
        40392.1   0.00  40.91  96.57  36.44  99.72  29215  714.157   119  163.359  877.516
        40402.1   0.00  44.86  38.93  38.12  99.72  29223  714.328   119  163.359  877.687
        40412.1  50.33   0.00  70.66  39.31  99.72  29230  714.462   119  163.359  877.821
        40422.1  50.72   0.00   0.00  40.78  99.72  29238  714.635   119  163.359  877.994
        40432.1   0.00  99.39  33.14  42.13  99.72  29245  714.773   119  163.359  878.132
        40442.1   0.00  28.64  11.76  46.09  99.72  29253  714.969   119  163.359  878.328
        40452.1  54.49   0.00  97.45  47.54  99.72  29261  715.207   119  163.359  878.567
        40462.1  38.21   0.00  84.66  49.74  99.72  29268  715.394   119  163.359  878.753
Timestamp         S0     S1     E      O      P     YGC     YGCT    FGC    FGCT     GCT   
        40472.1  51.71   0.00  36.19  51.16  99.72  29276  715.542   119  163.359  878.901
        40482.1  96.51   0.00   0.00  52.80  99.72  29284  715.725   119  163.359  879.085
        40492.1   0.00  57.49  70.89  54.71  99.72  29291  715.890   119  163.359  879.250
        40502.1   0.00  71.16  44.86  57.01  99.72  29299  716.082   119  163.359  879.442
        40512.1  49.14   0.00  82.19  58.76  99.72  29306  716.230   119  163.359  879.589
        40522.1  63.72   0.00  59.37  60.64  99.72  29314  716.408   119  163.359  879.767
        40532.1  62.58   0.00   5.49  62.38  99.72  29322  716.597   119  163.359  879.956
        40542.1  45.81   0.00  91.04  63.47  99.72  29328  716.707   119  163.359  880.066
        40552.1  70.53   0.00  38.41  65.10  99.72  29336  716.960   119  163.359  880.319
        40562.1   0.00  29.90  98.17  68.27  99.72  29344  717.217   119  163.359  880.577
Timestamp         S0     S1     E      O      P     YGC     YGCT    FGC    FGCT     GCT   
        40572.1   0.00  38.45  75.82  71.01  99.72  29351  717.420   119  163.359  880.779
        40582.1   0.00  25.56  35.01  72.55  99.72  29359  717.586   119  163.359  880.945
        40592.1  69.00   0.00  93.81  74.17  99.72  29366  717.750   119  163.359  881.110
        40602.1  66.06   0.00  72.42  76.33  99.72  29374  717.961   119  163.359  881.320
        40612.1  73.24   0.00  51.64  78.43  99.72  29382  718.158   119  163.359  881.518
        40622.1   0.00 100.00  76.72  79.93  99.72  29389  718.322   119  163.359  881.682
        40632.1   0.00 100.00  16.25  81.83  99.72  29397  718.509   119  163.359  881.869
        40642.1  80.35   0.00  97.54  83.77  99.72  29404  718.685   119  163.359  882.045
        40652.1  30.33   0.00  77.37  86.41  99.72  29412  718.890   119  163.359  882.249
        40662.1  94.14   0.00  46.91  88.81  99.72  29420  719.160   119  163.359  882.520
Timestamp         S0     S1     E      O      P     YGC     YGCT    FGC    FGCT     GCT   
        40672.1  56.39   0.00  41.18  91.71  99.72  29428  719.371   119  163.359  882.731
        40682.1  67.25   0.00   4.69  93.58  99.72  29436  719.548   119  163.359  882.907
        40692.1   0.00 100.00  74.87  95.87  99.72  29443  719.723   119  163.359  883.083
        40702.1   0.00  52.19  63.27  98.80  99.72  29451  719.952   119  163.359  883.312
        40712.1  45.76   0.00  42.61  15.31  99.72  29458  720.145   120  164.860  885.005
        40722.1  28.78   0.00   0.00  16.78  99.72  29466  720.316   120  164.860  885.176
        40732.1   0.00  51.39  39.92  17.80  99.72  29473  720.457   120  164.860  885.317
        40742.1  41.55   0.00  64.18  19.79  99.72  29480  720.618   120  164.860  885.478
        40752.1  77.95   0.00   8.44  21.84  99.72  29488  720.792   120  164.860  885.652
        40762.1   0.00  38.29  94.54  24.13  99.72  29495  720.958   120  164.860  885.818
Timestamp         S0     S1     E      O      P     YGC     YGCT    FGC    FGCT     GCT   
        40772.1   0.00  35.14  38.37  25.40  99.72  29503  721.097   120  164.860  885.957
        40782.1   0.00  79.43   9.02  27.15  99.72  29511  721.275   120  164.860  886.135
        40792.1   0.00  25.15  22.02  34.47  99.72  29519  721.553   120  164.860  886.413
        40802.1  17.94   0.00  81.13  35.86  99.72  29526  721.700   120  164.860  886.561
        40812.1  40.71   0.00  88.29  38.35  99.72  29534  721.889   120  164.860  886.749
        40822.1  37.05   0.00  80.52  41.47  99.72  29542  722.083   120  164.860  886.943
        40832.1  58.88   0.00  57.08  43.10  99.72  29550  722.250   120  164.860  887.110
        40842.1  42.56   0.00  46.54  45.76  99.72  29558  722.447   120  164.860  887.307
        40852.1  64.97   0.00   8.48  47.31  99.72  29566  722.647   120  164.860  887.507
        40862.1   0.00 100.00  35.25  48.62  99.72  29573  722.794   120  164.860  887.655
Timestamp         S0     S1     E      O      P     YGC     YGCT    FGC    FGCT     GCT   
        40872.1  57.59   0.00  81.31  49.74  99.72  29580  722.931   120  164.860  887.792
        40882.1  93.53   0.00  27.82  51.15  99.72  29588  723.086   120  164.860  887.946
        40892.1   0.00 100.00  53.64  54.43  99.72  29595  723.274   120  164.860  888.134
        40902.1   0.00  31.28  42.78  58.26  99.72  29603  723.471   120  164.860  888.332
        40912.1   0.00  28.49   5.89  59.85  99.72  29611  723.651   120  164.860  888.511
        40922.1  61.52   0.00  47.64  61.53  99.72  29618  723.831   120  164.860  888.691
        40932.1   0.00  57.49  72.37  63.05  99.72  29625  724.001   120  164.860  888.861
        40942.1   0.00 100.00  27.73  64.81  99.72  29633  724.190   120  164.860  889.050
        40952.1   0.00  99.67   9.75  67.00  99.72  29641  724.363   120  164.860  889.223
        40962.1  44.47   0.00  96.99  68.88  99.72  29648  724.532   120  164.860  889.393
Timestamp         S0     S1     E      O      P     YGC     YGCT    FGC    FGCT     GCT   
        40972.1  94.08   0.00  57.89  70.16  99.72  29656  724.724   120  164.860  889.584
        40982.1   0.00  23.95  77.79  73.55  99.72  29663  724.911   120  164.860  889.771
        40992.1   0.00  32.72  62.99  75.67  99.72  29671  725.093   120  164.860  889.954
        41002.1   0.00  42.72  43.99  77.71  99.72  29679  725.294   120  164.860  890.154
        41012.1  96.29   0.00  91.39  79.06  99.72  29686  725.465   120  164.860  890.325
        41022.1  42.49   0.00  24.23  80.88  99.72  29694  725.682   120  164.860  890.542
        41032.1   0.00  64.12  83.05  82.31  99.72  29701  725.830   120  164.860  890.690
        41042.1   0.00  51.69  21.24  84.14  99.72  29709  726.025   120  164.860  890.885
        41052.1  78.57   0.00  91.38  85.64  99.72  29716  726.190   120  164.860  891.051
        41062.1 100.00   0.00  79.40  89.50  99.72  29724  726.421   120  164.860  891.282
Timestamp         S0     S1     E      O      P     YGC     YGCT    FGC    FGCT     GCT   
        41072.1  25.09   0.00  59.12  91.85  99.72  29732  726.640   120  164.860  891.501
        41082.1  26.34   0.00  25.71  92.96  99.72  29740  726.789   120  164.860  891.649
        41092.1   0.00  71.67  69.36  93.99  99.72  29747  726.935   120  164.860  891.796
        41102.1  56.33   0.00  96.32  95.35  99.72  29754  727.103   120  164.860  891.963
        41112.1  31.13   0.00   0.00  99.22  99.72  29762  727.331   121  164.860  892.192
        41122.1   0.00  35.55  17.54  20.52  99.72  29769  727.478   121  166.346  893.824
        41132.2  51.40   0.00  73.67  22.07  99.72  29776  727.649   121  166.346  893.995
        41142.1  54.89   0.00  17.90  23.74  99.72  29784  727.785   121  166.346  894.131
        41152.1   0.00  41.72  63.09  25.12  99.72  29791  727.920   121  166.346  894.266
        41162.1   0.00  31.62  27.37  29.09  99.72  29799  728.125   121  166.346  894.471
Timestamp         S0     S1     E      O      P     YGC     YGCT    FGC    FGCT     GCT   
        41172.1   0.00  56.80  12.46  30.55  99.72  29807  728.277   121  166.346  894.623
        41182.1  46.65   0.00  90.29  32.71  99.72  29814  728.432   121  166.346  894.778
        41192.1  35.22   0.00  42.45  34.50  99.72  29822  728.619   121  166.346  894.965
        41202.1   0.00  43.14  81.69  35.72  99.72  29829  728.789   121  166.346  895.135
        41212.1   0.00  25.09  25.21  39.20  99.72  29837  728.996   121  166.346  895.342
        41222.2  34.96   0.00  71.09  40.87  99.72  29844  729.203   121  166.346  895.549
        41232.1  60.33   0.00  49.17  43.22  99.72  29852  729.388   121  166.346  895.734
        41242.1  72.42   0.00  26.53  45.22  99.72  29860  729.589   121  166.346  895.935
        41252.1   0.00  48.63  72.01  46.74  99.72  29867  729.768   121  166.346  896.114
        41262.2   0.00 100.00  60.78  49.17  99.72  29875  729.973   121  166.346  896.319
Timestamp         S0     S1     E      O      P     YGC     YGCT    FGC    FGCT     GCT   
        41272.1   0.00  65.89  35.14  51.33  99.72  29883  730.240   121  166.346  896.586
        41282.2  67.44   0.00  99.05  52.96  99.72  29890  730.395   121  166.346  896.741
        41292.2  50.64   0.00  64.49  54.52  99.72  29898  730.560   121  166.346  896.906
        41302.1   0.00  43.06  74.99  55.61  99.72  29905  730.702   121  166.346  897.048
        41312.2   0.00  28.98  12.64  58.91  99.72  29913  730.890   121  166.346  897.236
        41322.2  44.77   0.00  67.94  60.03  99.72  29920  731.035   121  166.346  897.381
        41332.1   0.00  99.43  69.69  62.02  99.72  29927  731.205   121  166.346  897.551
        41342.1   0.00  99.54  46.49  66.77  99.72  29935  731.470   121  166.346  897.816
        41352.1   0.00  44.46  52.69  68.76  99.72  29943  731.671   121  166.346  898.017
        41362.2   0.00  33.05  39.49  70.60  99.72  29951  731.876   121  166.346  898.222
Timestamp         S0     S1     E      O      P     YGC     YGCT    FGC    FGCT     GCT   
        41372.2  71.39   0.00  70.26  71.92  99.72  29958  732.071   121  166.346  898.417
        41382.1  45.41   0.00  44.60  74.60  99.72  29966  732.272   121  166.346  898.618
        41392.1  66.67   0.00  30.43  77.50  99.72  29974  732.511   121  166.346  898.858
        41402.2  67.13   0.00  16.39  80.46  99.72  29982  732.731   121  166.346  899.077
        41412.2  22.90   0.00  10.19  85.82  99.72  29990  733.000   121  166.346  899.346
        41422.1   0.00  86.17 100.00  87.70  99.72  29998  733.229   121  166.346  899.575
        41432.1  47.87   0.00   0.00  91.16  99.72  30006  733.457   121  166.346  899.803
        41442.1   0.00  40.45  78.87  93.04  99.72  30013  733.627   121  166.346  899.973
        41452.2   0.00  33.33  11.04  94.35  99.72  30021  733.814   121  166.346  900.160
        41462.1  44.78   0.00  23.42  95.84  99.72  30028  733.966   121  166.346  900.312
Timestamp         S0     S1     E      O      P     YGC     YGCT    FGC    FGCT     GCT   
        41472.1   0.00 100.00  82.45  96.99  99.72  30035  734.111   121  166.346  900.457
        41482.2   0.00  67.17  29.31  98.67  99.72  30043  734.276   121  166.346  900.622
        41492.2  96.53   0.00   0.00  20.54  99.72  30050  734.452   122  167.833  902.285
        41502.2   0.00  36.23  96.33  22.85  99.72  30057  734.635   122  167.833  902.467
        41512.2   0.00  33.76  87.95  26.71  99.72  30065  734.841   122  167.833  902.673
        41522.2   0.00  57.04  72.11  28.98  99.72  30073  735.016   122  167.833  902.849
        41532.2   0.00  69.87  64.72  31.25  99.72  30081  735.244   122  167.833  903.077
        41542.1   0.00  36.12  42.78  33.84  99.72  30089  735.455   122  167.833  903.287
        41552.2   0.00  69.70   9.03  35.76  99.72  30097  735.702   122  167.833  903.535
        41562.1  68.50   0.00  77.18  37.41  99.72  30104  735.845   122  167.833  903.677
Timestamp         S0     S1     E      O      P     YGC     YGCT    FGC    FGCT     GCT   
        41572.2  76.44   0.00  18.92  39.31  99.72  30112  736.022   122  167.833  903.855
        41582.2   0.00 100.00  80.32  42.06  99.72  30119  736.240   122  167.833  904.072
        41592.1   0.00  36.63  58.03  44.47  99.72  30127  736.453   122  167.833  904.286
        41602.1   0.00  40.27  31.09  46.74  99.72  30135  736.640   122  167.833  904.473
        41612.2   0.00 100.00  15.03  49.94  99.72  30143  736.860   122  167.833  904.692
        41622.2   0.00  45.93   0.00  52.19  99.72  30151  737.026   122  167.833  904.859
        41632.2  28.21   0.00  67.99  53.70  99.72  30158  737.186   122  167.833  905.018
        41642.2   0.00  27.69  97.76  54.48  99.72  30166  737.331   122  167.833  905.164
        41652.2   0.00  42.77  43.56  55.80  99.72  30173  737.491   122  167.833  905.324
        41662.2  80.69   0.00  97.13  56.98  99.72  30180  737.634   122  167.833  905.466
Timestamp         S0     S1     E      O      P     YGC     YGCT    FGC    FGCT     GCT   
        41672.2  86.87   0.00  83.37  59.22  99.72  30188  737.819   122  167.833  905.652
        41682.1  82.09   0.00  52.93  61.58  99.72  30196  738.027   122  167.833  905.860
        41692.2  34.57   0.00  33.33  63.71  99.72  30204  738.233   122  167.833  906.066
        41702.2   0.00  39.43  52.14  65.58  99.72  30211  738.482   122  167.833  906.315
        41712.2  40.00   0.00  88.01  66.65  99.72  30218  738.635   122  167.833  906.467
        41722.2  79.14   0.00  42.02  67.70  99.72  30226  738.822   122  167.833  906.654
        41732.2   0.00  23.67  75.20  71.00  99.72  30233  738.988   122  167.833  906.821
        41742.2   0.00 100.00  37.09  72.50  99.72  30241  739.152   122  167.833  906.985
        41752.2  45.05   0.00  91.69  73.84  99.72  30248  739.325   122  167.833  907.158
        41762.2  49.41   0.00   0.00  75.61  99.72  30256  739.592   122  167.833  907.425
Timestamp         S0     S1     E      O      P     YGC     YGCT    FGC    FGCT     GCT   
        41772.2   0.00  83.54  43.13  76.93  99.72  30263  739.774   122  167.833  907.606
        41782.2 100.00   0.00  84.75  78.07  99.72  30270  739.950   122  167.833  907.783
        41792.2  60.54   0.00  13.78  79.97  99.72  30278  740.171   122  167.833  908.004
        41802.2   0.00  30.06  75.42  81.12  99.72  30285  740.318   122  167.833  908.150
        41812.2   0.00  44.24  45.93  84.27  99.72  30293  740.511   122  167.833  908.344
        41822.2   0.00 100.00  18.99  86.72  99.72  30301  740.728   122  167.833  908.560
        41832.2   0.00  99.43   0.86  89.20  99.72  30309  740.899   122  167.833  908.732
        41842.2  27.46   0.00  73.67  90.41  99.72  30316  741.121   122  167.833  908.953
        41852.2  95.69   0.00  41.80  92.36  99.72  30324  741.363   122  167.833  909.196
        41862.2  29.17   0.00  26.68  97.04  99.72  30332  741.600   122  167.833  909.432
Timestamp         S0     S1     E      O      P     YGC     YGCT    FGC    FGCT     GCT   
        41872.2   0.00  32.01  89.43  98.34  99.72  30339  741.756   122  167.833  909.588
        41882.2 100.00   0.00  33.53  19.09  99.72  30346  741.942   123  169.303  911.246
        41892.2  64.43   0.00  41.44  22.30  99.72  30354  742.150   123  169.303  911.453
        41902.2  28.67   0.00  30.91  24.33  99.72  30362  742.291   123  169.303  911.595
        41912.2  30.39   0.00   8.23  26.29  99.72  30370  742.453   123  169.303  911.756
        41922.2   0.00  55.78  30.48  27.62  99.72  30377  742.584   123  169.303  911.887
        41932.2  47.53   0.00  53.05  28.97  99.72  30384  742.779   123  169.303  912.083
        41942.2  40.38   0.00  14.57  30.85  99.72  30392  742.953   123  169.303  912.256
        41952.2   0.00  64.33  51.30  32.22  99.72  30399  743.138   123  169.303  912.442
        41962.2   0.00  47.35   1.20  33.70  99.72  30407  743.312   123  169.303  912.615
Timestamp         S0     S1     E      O      P     YGC     YGCT    FGC    FGCT     GCT   
        41972.2  50.64   0.00  32.17  35.02  99.72  30414  743.515   123  169.303  912.818
        41982.2  41.43  71.28 100.00  36.25  99.72  30422  743.642   123  169.303  912.946
        41992.2   0.00  43.75  75.92  39.47  99.72  30429  743.821   123  169.303  913.124
        42002.2   0.00  66.22  33.87  41.33  99.72  30437  744.016   123  169.303  913.320
        42012.2   0.00  36.75   0.39  43.20  99.72  30445  744.253   123  169.303  913.557
        42022.2  62.64   0.00  62.85  44.58  99.72  30452  744.401   123  169.303  913.704
        42032.2  71.78   0.00  37.44  48.23  99.72  30460  744.611   123  169.303  913.915
        42042.2  18.07   0.00  33.71  51.36  99.72  30468  744.844   123  169.303  914.148
        42052.2  64.01   0.00   0.00  52.51  99.72  30476  745.013   123  169.303  914.317
        42062.2   0.00  99.43  77.41  55.06  99.72  30483  745.192   123  169.303  914.495
Timestamp         S0     S1     E      O      P     YGC     YGCT    FGC    FGCT     GCT   
        42072.2   0.00  67.13  77.73  57.12  99.72  30491  745.367   123  169.303  914.671
        42082.2   0.00  64.44  57.45  58.59  99.72  30499  745.561   123  169.303  914.865
        42092.2   0.00  48.39  60.55  60.67  99.72  30507  745.766   123  169.303  915.069
        42102.2   0.00 100.00  61.62  62.44  99.72  30515  745.948   123  169.303  915.251
        42112.2   0.00  39.32  53.18  65.95  99.72  30523  746.136   123  169.303  915.439
        42122.2  37.99   0.00 100.00  67.31  99.72  30531  746.282   123  169.303  915.586
        42132.2  36.86   0.00  69.12  69.52  99.72  30538  746.528   123  169.303  915.831
        42142.2  39.54   0.00  38.20  71.37  99.72  30546  746.726   123  169.303  916.029
        42152.2  70.06   0.00   5.33  72.77  99.72  30554  746.941   123  169.303  916.244
        42162.2   0.00  99.65  93.00  74.86  99.72  30561  747.115   123  169.303  916.419
Timestamp         S0     S1     E      O      P     YGC     YGCT    FGC    FGCT     GCT   
        42172.2   0.00  77.35  48.59  76.67  99.72  30569  747.290   123  169.303  916.593
        42182.2   0.00 100.00   2.28  78.51  99.72  30577  747.469   123  169.303  916.772
        42192.2  30.00   0.00  13.96  79.63  99.72  30584  747.629   123  169.303  916.933
        42202.2   0.00 100.00  69.71  81.22  99.72  30591  747.791   123  169.303  917.094
        42212.2   0.00 100.00  57.59  82.84  99.72  30599  747.996   123  169.303  917.299
        42222.2   0.00  50.00   0.00  84.87  99.72  30607  748.175   123  169.303  917.478
        42232.2  95.10   0.00  67.48  86.23  99.72  30614  748.368   123  169.303  917.671
        42242.2  70.75   0.00  23.98  88.15  99.72  30622  748.538   123  169.303  917.841
        42252.2   0.00  72.92  77.64  89.81  99.72  30629  748.677   123  169.303  917.981
        42262.2  76.62   0.00 100.00  91.23  99.72  30637  748.841   123  169.303  918.145
Timestamp         S0     S1     E      O      P     YGC     YGCT    FGC    FGCT     GCT   
        42272.2  74.52   0.00  82.59  92.99  99.72  30644  748.997   123  169.303  918.300
        42282.2  59.15   0.00  69.62  94.76  99.72  30652  749.172   123  169.303  918.476
        42292.2 100.00   0.00  54.95  96.50  99.72  30660  749.379   123  169.303  918.682
        42302.2  76.88   0.00  20.85  98.28  99.72  30668  749.614   123  169.303  918.917
        42312.2 100.00   0.00  90.76  14.08  99.72  30674  749.763   124  170.764  920.526
        42322.2  52.35   0.00  80.91  17.00  99.72  30682  749.938   124  170.764  920.701
        42332.2 100.00   0.00  89.82  19.05  99.72  30690  750.120   124  170.764  920.883
        42342.2  33.42   0.00  77.66  21.31  99.72  30698  750.287   124  170.764  921.051
        42352.2  48.38   0.00  47.61  22.93  99.72  30706  750.453   124  170.764  921.216
        42362.2   0.00 100.00  97.06  24.16  99.72  30713  750.602   124  170.764  921.365
Timestamp         S0     S1     E      O      P     YGC     YGCT    FGC    FGCT     GCT   
        42372.2   0.00  27.99  86.87  28.17  99.72  30721  750.799   124  170.764  921.563
        42382.2   0.00  59.18  74.00  29.71  99.72  30729  750.975   124  170.764  921.739
        42392.2   0.00  44.58  59.95  31.89  99.72  30737  751.157   124  170.764  921.920
        42402.2   0.00  64.58  43.12  33.47  99.72  30745  751.333   124  170.764  922.096
        42412.3   0.00  38.50  23.51  35.99  99.72  30753  751.523   124  170.764  922.286
        42422.2  28.69   0.00  87.26  38.08  99.72  30760  751.686   124  170.764  922.450
        42432.2  61.08   0.00  15.14  39.70  99.72  30768  751.879   124  170.764  922.642
        42442.2   0.00  99.55  84.86  41.40  99.72  30775  752.027   124  170.764  922.791
        42452.2   0.00  46.78  83.53  45.38  99.72  30783  752.235   124  170.764  922.999
        42462.2   0.00  24.52  48.92  47.32  99.72  30791  752.386   124  170.764  923.150
Timestamp         S0     S1     E      O      P     YGC     YGCT    FGC    FGCT     GCT   
        42472.2   0.00  35.81  31.73  48.86  99.72  30799  752.597   124  170.764  923.361
        42482.2  60.34   0.00  70.24  50.70  99.72  30806  752.805   124  170.764  923.568
        42492.2  12.01   0.00  55.77  56.89  99.72  30814  753.068   124  170.764  923.832
        42502.2  34.76   0.00  54.07  59.09  99.72  30822  753.257   124  170.764  924.021
        42512.2  50.00   0.00  16.82  61.09  99.72  30830  753.447   124  170.764  924.211
        42522.2   0.00  56.85  60.65  62.79  99.72  30837  753.668   124  170.764  924.431
        42532.2  44.92   0.00  92.77  64.14  99.72  30844  753.818   124  170.764  924.581
        42542.2  66.48   0.00  46.28  66.28  99.72  30852  754.052   124  170.764  924.816
        42552.2  87.50   0.00  12.98  70.56  99.72  30860  754.284   124  170.764  925.048
        42562.2  39.27   0.00  37.78  73.56  99.72  30868  754.508   124  170.764  925.272
Timestamp         S0     S1     E      O      P     YGC     YGCT    FGC    FGCT     GCT   
        42572.2  24.12   0.00  30.88  75.73  99.72  30876  754.709   124  170.764  925.473
        42582.2   0.00  29.36  38.35  76.78  99.72  30883  754.842   124  170.764  925.605
        42592.3   0.00  61.95  11.46  78.58  99.72  30891  755.069   124  170.764  925.833
        42602.2   0.00  58.82   1.92  81.13  99.72  30899  755.287   124  170.764  926.051
        42612.3  45.79   0.00  84.82  82.71  99.72  30906  755.437   124  170.764  926.201
        42622.2  84.08   0.00  56.55  84.67  99.72  30914  755.654   124  170.764  926.418
        42632.2  61.11   0.00  12.98  86.76  99.72  30922  755.818   124  170.764  926.582
        42642.2   0.00 100.00  89.31  88.31  99.72  30929  755.989   124  170.764  926.753
        42652.3   0.00  36.39   8.14  89.81  99.72  30937  756.163   124  170.764  926.927
        42662.3  46.35   0.00  14.12  92.89  99.72  30944  756.345   124  170.764  927.108
Timestamp         S0     S1     E      O      P     YGC     YGCT    FGC    FGCT     GCT   
        42672.3   0.00  48.37  64.39  94.40  99.72  30951  756.493   124  170.764  927.257
        42682.3   0.00  59.11  35.18  96.10  99.72  30959  756.687   124  170.764  927.451
        42692.2   0.00  76.63  15.12  98.39  99.72  30967  756.891   124  170.764  927.655
        42702.2  48.64   0.00   0.00  20.00  99.72  30974  757.065   125  172.267  929.332
        42712.2   0.00  59.35  53.99  21.70  99.72  30981  757.222   125  172.267  929.489
        42722.2   0.00  36.44   9.44  23.38  99.72  30989  757.417   125  172.267  929.684
        42732.3  76.40   0.00  99.23  24.82  99.72  30996  757.550   125  172.267  929.817
        42742.3  36.15   0.00  50.50  27.34  99.72  31004  757.743   125  172.267  930.010
        42752.3  68.29   0.00  19.53  29.11  99.72  31012  758.014   125  172.267  930.281
        42762.2   0.00  84.24  77.84  30.66  99.72  31019  758.175   125  172.267  930.442
Timestamp         S0     S1     E      O      P     YGC     YGCT    FGC    FGCT     GCT   
        42772.2   0.00  49.11  32.91  32.54  99.72  31027  758.346   125  172.267  930.613
        42782.3   0.00  28.71  22.40  39.29  99.72  31035  758.684   125  172.267  930.951
        42792.3   0.00  32.34  49.19  41.26  99.72  31043  758.855   125  172.267  931.122
        42802.2   0.00  27.32  27.22  43.50  99.72  31051  759.091   125  172.267  931.358
        42812.3   0.00  38.13   0.00  45.22  99.72  31059  759.262   125  172.267  931.529
        42822.3  85.10   0.00  60.25  46.80  99.72  31066  759.419   125  172.267  931.686
        42832.3  80.39   0.00  35.65  48.43  99.72  31074  759.569   125  172.267  931.836
        42842.3  66.06   0.00  15.34  50.76  99.72  31082  759.756   125  172.267  932.023
        42852.3  41.50   0.00   2.40  53.24  99.72  31090  759.955   125  172.267  932.222
        42862.2   0.00  39.95  31.11  54.46  99.72  31097  760.084   125  172.267  932.351
Timestamp         S0     S1     E      O      P     YGC     YGCT    FGC    FGCT     GCT   
        42872.2  54.32   0.00  61.43  55.77  99.72  31104  760.237   125  172.267  932.504
        42882.3  18.99   0.00  52.98  62.03  99.72  31112  760.495   125  172.267  932.762
        42892.3  31.33   0.00  65.06  64.03  99.72  31120  760.704   125  172.267  932.971
        42902.3  61.16   0.00  15.99  66.25  99.72  31128  760.935   125  172.267  933.202
        42912.2   0.00  99.34  56.40  67.98  99.72  31135  761.095   125  172.267  933.362
        42922.3   0.00  60.98  45.80  70.48  99.72  31143  761.281   125  172.267  933.548
        42932.2   0.00  57.11   0.00  71.87  99.72  31151  761.446   125  172.267  933.713
        42942.2  78.34   0.00  58.88  73.38  99.72  31158  761.623   125  172.267  933.890
        42952.3  31.92   0.00  38.15  75.48  99.72  31166  761.796   125  172.267  934.063
        42962.3   0.00  49.00  70.70  77.29  99.72  31173  761.954   125  172.267  934.221
Timestamp         S0     S1     E      O      P     YGC     YGCT    FGC    FGCT     GCT   
        42972.3   0.00  39.49  48.68  79.12  99.72  31181  762.147   125  172.267  934.414
        42982.3   0.00  99.48  18.49  80.81  99.72  31189  762.346   125  172.267  934.613
        42992.3  35.27   0.00  88.75  82.37  99.72  31196  762.511   125  172.267  934.778
        43002.2  89.34   0.00  64.89  84.47  99.72  31204  762.730   125  172.267  934.997
        43012.3   0.00  44.05   2.28  91.79  99.72  31213  763.098   125  172.267  935.365
        43022.2   0.00  27.37   3.06  94.33  99.72  31221  763.309   125  172.267  935.576
        43032.3  24.35   0.00  73.32  96.22  99.72  31228  763.543   125  172.267  935.810
        43042.3  43.60   0.00  49.32  97.61  99.72  31236  763.727   125  172.267  935.994
        43052.3  83.42   0.00   8.61  99.27  99.72  31244  763.964   125  172.267  936.231
        43062.3  34.48   0.00  98.45  20.55  99.72  31251  764.105   126  173.741  937.846
Timestamp         S0     S1     E      O      P     YGC     YGCT    FGC    FGCT     GCT   
        43072.2  50.74   0.00  61.74  22.33  99.72  31258  764.279   126  173.741  938.020
        43082.3   0.00  48.70  94.33  23.98  99.72  31265  764.406   126  173.741  938.147
        43092.3   0.00 100.00  68.54  25.67  99.72  31273  764.583   126  173.741  938.323
        43102.2   0.00  60.27  51.35  28.57  99.72  31281  764.817   126  173.741  938.557
        43112.3   0.00  24.32  34.20  31.43  99.72  31289  765.004   126  173.741  938.745
        43122.3  46.63   0.00  86.38  32.38  99.72  31296  765.146   126  173.741  938.886
        43132.3  69.79   0.00  43.61  34.05  99.72  31304  765.329   126  173.741  939.069
        43142.3   0.00  19.87  91.52  36.30  99.72  31311  765.499   126  173.741  939.240
        43152.3   0.00  39.42  10.47  37.65  99.72  31319  765.657   126  173.741  939.397
        43162.3  55.56   0.00  70.71  38.92  99.72  31326  765.786   126  173.741  939.527
Timestamp         S0     S1     E      O      P     YGC     YGCT    FGC    FGCT     GCT   
        43172.3  35.80   0.00  37.08  40.77  99.72  31334  765.952   126  173.741  939.693
        43182.3  84.04   0.00   1.11  42.93  99.72  31342  766.227   126  173.741  939.968
        43192.3   0.00  49.75  83.50  45.11  99.72  31349  766.398   126  173.741  940.138
        43202.3   0.00  75.42  12.30  46.89  99.72  31357  766.571   126  173.741  940.311
        43212.3  40.51   0.00  27.53  48.43  99.72  31364  766.735   126  173.741  940.475
        43222.3   0.00  43.21  63.41  49.75  99.72  31371  766.867   126  173.741  940.607
        43232.3   0.00  52.80   6.72  50.85  99.72  31379  767.025   126  173.741  940.766
        43242.3  53.92   0.00  95.26  54.62  99.72  31386  767.237   126  173.741  940.978
        43252.3   0.00  27.54  16.79  59.32  99.72  31395  767.499   126  173.741  941.240
        43262.3  30.19   0.00  68.03  60.70  99.72  31402  767.733   126  173.741  941.474
Timestamp         S0     S1     E      O      P     YGC     YGCT    FGC    FGCT     GCT   
        43272.3  47.01   0.00  55.81  63.21  99.72  31410  767.931   126  173.741  941.672
        43282.3  29.49   0.00  19.81  66.04  99.72  31418  768.150   126  173.741  941.891
        43292.3  53.95  58.33 100.00  67.60  99.72  31426  768.425   126  173.741  942.166
        43302.3   0.00  34.82  36.14  69.18  99.72  31433  768.624   126  173.741  942.364
        43312.3  78.76   0.00  64.20  70.37  99.72  31440  768.790   126  173.741  942.531
        43322.3   0.00  31.03  88.95  72.26  99.72  31447  769.056   126  173.741  942.797
        43332.3   0.00 100.00  86.06  75.05  99.72  31455  769.273   126  173.741  943.013
        43342.3   0.00  29.15  11.72  76.92  99.72  31463  769.469   126  173.741  943.209
        43352.3  25.99   0.00  60.79  78.47  99.72  31470  769.617   126  173.741  943.358
        43362.3   0.00  43.06  85.98  79.25  99.72  31477  769.759   126  173.741  943.499
Timestamp         S0     S1     E      O      P     YGC     YGCT    FGC    FGCT     GCT   
        43372.3  73.49   0.00  99.90  80.39  99.72  31484  769.960   126  173.741  943.701
        43382.3  64.50   0.00  16.91  81.73  99.72  31492  770.121   126  173.741  943.862
        43392.3   0.00  62.59  58.61  82.97  99.72  31499  770.294   126  173.741  944.035
        43402.3   0.00  23.30  10.56  86.92  99.72  31507  770.511   126  173.741  944.252
        43412.3  39.19   0.00  75.91  88.06  99.72  31514  770.665   126  173.741  944.406
        43422.3  50.82   0.00  52.28  89.77  99.72  31522  770.836   126  173.741  944.577
        43432.3  93.29   0.00   4.77  91.06  99.72  31530  771.010   126  173.741  944.750
        43442.3   0.00  65.80  71.53  93.94  99.72  31537  771.201   126  173.741  944.942
        43452.3   0.00  48.65  40.19  96.07  99.72  31545  771.413   126  173.741  945.153
        43462.3   0.00  47.41  12.58  98.02  99.72  31553  771.606   126  173.741  945.346
Timestamp         S0     S1     E      O      P     YGC     YGCT    FGC    FGCT     GCT   
        43472.3  49.41   0.00  63.34  99.38  99.72  31560  771.763   126  173.741  945.504
        43482.3  44.51   0.00  86.12  19.85  99.72  31566  771.965   127  175.183  947.148
        43492.3  45.02   0.00  75.53  22.31  99.72  31574  772.144   127  175.183  947.327
        43502.3  64.89   0.00  42.37  24.29  99.72  31582  772.348   127  175.183  947.531
        43512.3  49.73   0.00  20.13  26.06  99.72  31590  772.539   127  175.183  947.722
        43522.3   0.00  68.95  68.89  27.43  99.72  31597  772.680   127  175.183  947.863
        43532.3   0.00  36.73  64.35  29.82  99.72  31605  772.856   127  175.183  948.039
        43542.3   0.00  76.33  42.13  31.57  99.72  31613  773.047   127  175.183  948.230
        43552.3  62.94   0.00  99.39  33.16  99.72  31620  773.197   127  175.183  948.380
        43562.3  45.64   0.00  45.19  35.41  99.72  31628  773.393   127  175.183  948.576
Timestamp         S0     S1     E      O      P     YGC     YGCT    FGC    FGCT     GCT   
        43572.3  44.54   0.00   9.64  37.37  99.72  31636  773.581   127  175.183  948.764
        43582.3   0.00  58.12  63.32  39.33  99.72  31643  773.796   127  175.183  948.980
        43592.3   0.00  59.58  45.12  41.02  99.72  31651  773.978   127  175.183  949.161
        43602.3  85.10   0.00  69.95  43.31  99.72  31658  774.141   127  175.183  949.324
        43612.3  42.37   0.00  52.79  46.51  99.72  31666  774.400   127  175.183  949.583
        43622.3   0.00  55.28  91.99  47.95  99.72  31673  774.548   127  175.183  949.731
        43632.3   0.00  46.22  54.90  50.08  99.72  31681  774.794   127  175.183  949.978
        43642.3   0.00  30.63  39.92  54.03  99.72  31689  774.999   127  175.183  950.182
        43652.3  33.40   0.00  81.93  55.67  99.72  31696  775.201   127  175.183  950.385
        43662.3  48.46   0.00  45.87  56.94  99.72  31704  775.439   127  175.183  950.622
Timestamp         S0     S1     E      O      P     YGC     YGCT    FGC    FGCT     GCT   
        43672.3  58.63   0.00   3.98  58.84  99.72  31712  775.609   127  175.183  950.793
        43682.3   0.00  25.78  33.22  61.12  99.72  31719  775.767   127  175.183  950.951
        43692.3   0.00  54.42   0.96  62.96  99.72  31727  775.976   127  175.183  951.159
        43702.3  61.63   0.00  65.42  64.10  99.72  31734  776.103   127  175.183  951.287
        43712.3  45.56   0.00  41.06  65.90  99.72  31742  776.326   127  175.183  951.509
        43722.3  46.43   0.00  12.42  67.79  99.72  31750  776.506   127  175.183  951.689
        43732.3   0.00  99.50  74.51  69.08  99.72  31757  776.797   127  175.183  951.980
        43742.3   0.00  22.34  57.25  76.16  99.72  31765  777.072   127  175.183  952.255
        43752.3   0.00  31.34  71.37  78.09  99.72  31773  777.244   127  175.183  952.427
        43762.3   0.00  37.26  29.73  80.07  99.72  31781  777.459   127  175.183  952.642
Timestamp         S0     S1     E      O      P     YGC     YGCT    FGC    FGCT     GCT   
        43772.3   0.00  65.71   8.32  82.07  99.72  31789  777.642   127  175.183  952.825
        43782.3  46.15   0.00  73.73  83.83  99.72  31796  777.805   127  175.183  952.988
        43792.3  29.57   0.00  29.14  85.69  99.72  31804  777.978   127  175.183  953.161
        43802.3   0.00  19.16  94.14  89.22  99.72  31811  778.174   127  175.183  953.357
        43812.3   0.00  25.18   7.29  90.44  99.72  31819  778.389   127  175.183  953.572
        43822.3  60.04   0.00  27.35  91.48  99.72  31826  778.579   127  175.183  953.762
        43832.2   0.00  37.87  62.29  93.00  99.72  31833  778.736   127  175.183  953.919
        43842.3   0.00  99.51  40.90  95.33  99.72  31841  778.941   127  175.183  954.124
        43852.3   0.00  64.07   0.00  96.76  99.72  31849  779.166   127  175.183  954.349
        43862.3   0.00  56.90  30.65  14.13  99.72  31855  779.330   128  176.798  956.128
Timestamp         S0     S1     E      O      P     YGC     YGCT    FGC    FGCT     GCT   
        43872.3   0.00 100.00  22.14  17.25  99.72  31863  779.587   128  176.798  956.384
        43882.3   0.00  43.00   7.44  19.74  99.72  31871  779.823   128  176.798  956.620
        43892.3  50.72   0.00  90.11  21.31  99.72  31878  779.968   128  176.798  956.765
        43902.3  68.01   0.00  64.72  23.32  99.72  31886  780.191   128  176.798  956.989
        43912.3  91.95   0.00   4.24  24.89  99.72  31894  780.335   128  176.798  957.132
        43922.3   0.00  42.94  45.54  26.65  99.72  31901  780.529   128  176.798  957.327
        43932.3   0.00  99.68  39.59  29.01  99.72  31909  780.724   128  176.798  957.521
        43942.3   0.00  37.96  29.57  31.52  99.72  31917  780.899   128  176.798  957.697
        43952.3   0.00  99.53  23.23  33.62  99.72  31925  781.073   128  176.798  957.870
        43962.3  36.26   0.00  88.28  35.06  99.72  31932  781.249   128  176.798  958.047
Timestamp         S0     S1     E      O      P     YGC     YGCT    FGC    FGCT     GCT   
        43972.3  64.33   0.00  60.17  36.68  99.72  31940  781.426   128  176.798  958.223
        43982.3   0.00  54.05  93.19  38.20  99.72  31947  781.559   128  176.798  958.357
        43992.3   0.00  72.22  40.95  40.00  99.72  31955  781.800   128  176.798  958.597
        44002.3   0.00  46.46  32.93  45.81  99.72  31963  782.260   128  176.798  959.058
        44012.3   0.00  26.76  13.32  47.93  99.72  31971  782.429   128  176.798  959.227
        44022.3  63.54   0.00  90.43  49.42  99.72  31978  782.586   128  176.798  959.384
        44032.3  64.25   0.00  79.09  51.37  99.72  31986  782.772   128  176.798  959.569
        44042.3  63.66   0.00  33.88  53.52  99.72  31994  782.982   128  176.798  959.780
        44052.3   0.00  44.41  83.50  55.11  99.72  32001  783.140   128  176.798  959.938
        44062.3   0.00  18.90  69.94  60.61  99.72  32009  783.488   128  176.798  960.285
Timestamp         S0     S1     E      O      P     YGC     YGCT    FGC    FGCT     GCT   
        44072.3   0.00  14.94  76.73  62.76  99.72  32017  783.682   128  176.798  960.480
        44082.3   0.00  25.09  67.34  64.20  99.72  32025  783.838   128  176.798  960.635
        44092.3   0.00  55.28   2.24  65.69  99.72  32033  784.005   128  176.798  960.803
        44102.3  72.85   0.00  21.42  67.13  99.72  32040  784.169   128  176.798  960.967
        44112.4   0.00  74.12  79.94  69.41  99.72  32047  784.364   128  176.798  961.162
        44122.3   0.00  35.31  64.15  72.35  99.72  32055  784.573   128  176.798  961.371
        44132.3   0.00  58.29  35.25  74.14  99.72  32063  784.806   128  176.798  961.604
        44142.3  31.48   0.00  90.47  75.59  99.72  32070  784.968   128  176.798  961.765
        44152.3  47.29   0.00  47.07  77.22  99.72  32078  785.145   128  176.798  961.942
        44162.3  60.12   0.00  11.92  81.84  99.72  32086  785.385   128  176.798  962.183
Timestamp         S0     S1     E      O      P     YGC     YGCT    FGC    FGCT     GCT   
        44172.3  23.83   0.00  23.91  84.42  99.72  32094  785.596   128  176.798  962.393
        44182.3   0.00  40.15  75.21  85.49  99.72  32101  785.773   128  176.798  962.571
        44192.3   0.00  56.93  27.19  86.79  99.72  32109  785.957   128  176.798  962.755
        44202.4   0.00  29.30  43.43  92.34  99.72  32117  786.211   128  176.798  963.008
        44212.3   0.00  26.49  33.44  94.17  99.72  32125  786.394   128  176.798  963.191
        44222.3   0.00  56.99  13.88  97.13  99.72  32133  786.616   128  176.798  963.414
        44232.3   0.00  43.09  82.11  20.17  99.72  32139  786.806   129  178.328  965.134
        44242.3   0.00  99.64  68.40  23.18  99.72  32147  787.014   129  178.328  965.341
        44252.3   0.00  83.79  82.96  25.23  99.72  32155  787.220   129  178.328  965.548
        44262.3   0.00  42.48  61.79  27.71  99.72  32163  787.408   129  178.328  965.735
Timestamp         S0     S1     E      O      P     YGC     YGCT    FGC    FGCT     GCT   
        44272.3   0.00  44.55  17.71  29.00  99.72  32171  787.629   129  178.328  965.957
        44282.3  80.00   0.00  68.54  30.64  99.72  32178  787.778   129  178.328  966.106
        44292.4  39.83   0.00  42.41  33.61  99.72  32186  787.968   129  178.328  966.295
        44302.4  52.59   0.00   7.76  35.60  99.72  32194  788.169   129  178.328  966.496
        44312.3   0.00  29.53  74.79  37.03  99.72  32201  788.299   129  178.328  966.626
        44322.3   0.00  77.85  28.23  38.03  99.72  32209  788.454   129  178.328  966.781
        44332.3   0.00  99.60  25.27  43.61  99.72  32217  788.811   129  178.328  967.138
        44342.3  40.74   0.00  81.80  45.27  99.72  32224  788.957   129  178.328  967.285
        44352.3  56.19   0.00  80.07  48.01  99.72  32232  789.150   129  178.328  967.478
        44362.4  50.91   0.00  21.40  50.14  99.72  32240  789.392   129  178.328  967.719
Timestamp         S0     S1     E      O      P     YGC     YGCT    FGC    FGCT     GCT   
        44372.4   0.00  45.24  86.52  51.69  99.72  32247  789.533   129  178.328  967.860
        44382.4   0.00  68.59  59.20  53.83  99.72  32255  789.713   129  178.328  968.041
        44392.4   0.00 100.00  41.06  56.94  99.72  32263  789.919   129  178.328  968.246
        44402.4   0.00  59.02   4.12  59.90  99.72  32271  790.187   129  178.328  968.515
        44412.4  46.41   0.00  74.97  62.95  99.72  32278  790.399   129  178.328  968.727
        44422.4  61.38   0.00  61.13  65.34  99.72  32286  790.586   129  178.328  968.914
        44432.4  38.14   0.00  36.26  67.27  99.72  32294  790.774   129  178.328  969.102
        44442.4  59.11   0.00  20.71  69.20  99.72  32302  791.026   129  178.328  969.353
        44452.4  90.87   0.00   0.00  72.12  99.72  32310  791.270   129  178.328  969.598
        44462.4   0.00  44.02  82.77  74.94  99.72  32317  791.460   129  178.328  969.788
Timestamp         S0     S1     E      O      P     YGC     YGCT    FGC    FGCT     GCT   
        44472.4   0.00  37.74  73.10  76.66  99.72  32325  791.681   129  178.328  970.009
        44482.4   0.00  58.42  53.64  78.38  99.72  32333  791.907   129  178.328  970.235
        44492.4   0.00  52.64  33.86  81.24  99.72  32341  792.129   129  178.328  970.457
        44502.4   0.00  35.78  22.67  83.70  99.72  32349  792.335   129  178.328  970.663
        44512.4  27.21   0.00  57.56  85.05  99.72  32356  792.526   129  178.328  970.853
        44522.4   0.00  78.73  45.81  85.96  99.72  32363  792.692   129  178.328  971.020
        44532.4   0.00  64.39   4.09  88.10  99.72  32371  792.876   129  178.328  971.204
        44542.4  43.72   0.00  37.86  89.76  99.72  32378  793.038   129  178.328  971.366
        44552.4   0.00  53.64  62.74  90.91  99.72  32385  793.238   129  178.328  971.565
        44562.4  37.42   0.00  99.49  92.38  99.72  32392  793.405   129  178.328  971.732
Timestamp         S0     S1     E      O      P     YGC     YGCT    FGC    FGCT     GCT   
        44572.4  34.81   0.00  48.16  93.99  99.72  32400  793.582   129  178.328  971.910
        44582.4   0.00  86.18  61.38  95.42  99.72  32407  793.749   129  178.328  972.076
        44592.4   0.00  99.46  37.98  97.56  99.72  32415  793.940   129  178.328  972.268
        44602.4   0.00  57.44  27.44  99.22  99.72  32423  794.114   129  178.328  972.442
        44612.4   0.00  68.81  89.21  20.16  99.72  32429  794.269   130  179.819  974.088
        44622.4   0.00  73.68  71.52  22.29  99.72  32437  794.461   130  179.819  974.279
        44632.4   0.00 100.00  57.60  24.34  99.72  32445  794.640   130  179.819  974.459
        44642.4   0.00  35.51  53.29  30.03  99.72  32453  794.884   130  179.819  974.703
        44652.4   0.00  53.31  65.57  31.96  99.72  32461  795.053   130  179.819  974.872
        44662.4   0.00  28.16  55.42  34.32  99.72  32469  795.228   130  179.819  975.047
Timestamp         S0     S1     E      O      P     YGC     YGCT    FGC    FGCT     GCT   
        44672.4   0.00  33.74   8.53  35.90  99.72  32477  795.379   130  179.819  975.198
        44682.4  69.74   0.00  93.37  37.38  99.72  32484  795.569   130  179.819  975.388
        44692.4  48.82   0.00  58.46  39.03  99.72  32492  795.727   130  179.819  975.546
        44702.4  49.08  61.61 100.00  40.75  99.72  32500  795.870   130  179.819  975.689
        44712.4   0.00  40.84  52.56  44.07  99.72  32507  796.154   130  179.819  975.973
        44722.4   0.00  99.62  33.44  46.05  99.72  32515  796.401   130  179.819  976.220
        44732.4   0.00  43.41  10.91  48.21  99.72  32523  796.623   130  179.819  976.442
        44742.4  61.90   0.00  98.48  50.09  99.72  32530  796.809   130  179.819  976.628
        44752.4  84.16   0.00  92.82  52.69  99.72  32538  797.023   130  179.819  976.842
        44762.4  14.08   0.00  50.97  56.47  99.72  32546  797.276   130  179.819  977.095
Timestamp         S0     S1     E      O      P     YGC     YGCT    FGC    FGCT     GCT   
        44772.4  44.04   0.00  30.70  58.27  99.72  32554  797.480   130  179.819  977.299
        44782.4  27.73   0.00   0.00  59.84  99.72  32562  797.658   130  179.819  977.477
        44792.4   0.00  52.23  31.52  60.77  99.72  32569  797.819   130  179.819  977.638
        44802.4  48.17   0.00  68.53  62.66  99.72  32576  798.003   130  179.819  977.822
        44812.4  42.44   0.00  42.29  66.16  99.72  32584  798.244   130  179.819  978.063
        44822.4  61.70   0.00  24.78  68.23  99.72  32592  798.426   130  179.819  978.245
        44832.4   0.00  37.69  92.04  71.04  99.72  32599  798.619   130  179.819  978.438
        44842.4   0.00  40.45  46.42  72.90  99.72  32607  798.785   130  179.819  978.604
        44852.4   0.00  61.11   0.00  74.36  99.72  32615  798.990   130  179.819  978.809
        44862.4  81.71   0.00  67.39  75.59  99.72  32622  799.172   130  179.819  978.991
Timestamp         S0     S1     E      O      P     YGC     YGCT    FGC    FGCT     GCT   
        44872.5  44.10   0.00  25.70  78.77  99.72  32630  799.388   130  179.819  979.206
        44882.5   0.00  25.69  51.63  80.72  99.72  32637  799.551   130  179.819  979.370
        44892.4  36.36   0.00  97.46  81.69  99.72  32644  799.681   130  179.819  979.500
        44902.4  57.57   0.00  44.21  83.13  99.72  32652  799.880   130  179.819  979.699
        44912.4   0.00  24.87  93.04  84.58  99.72  32659  800.030   130  179.819  979.849
        44922.5   0.00  64.90  59.48  86.57  99.72  32667  800.246   130  179.819  980.065
        44932.4   0.00  58.17  55.24  89.18  99.72  32675  800.437   130  179.819  980.256
        44942.4   0.00  26.11   8.07  91.09  99.72  32683  800.616   130  179.819  980.434
        44952.4  78.80   0.00  93.23  92.69  99.72  32690  800.808   130  179.819  980.627
        44962.4   0.00  29.71  89.43  93.84  99.72  32697  801.016   130  179.819  980.834
Timestamp         S0     S1     E      O      P     YGC     YGCT    FGC    FGCT     GCT   
        44972.4   0.00  75.28  58.51  95.64  99.72  32705  801.220   130  179.819  981.038
        44982.4   0.00  63.06   9.12  97.53  99.72  32713  801.418   130  179.819  981.236
        44992.5   0.00  20.24  60.96  20.35  99.72  32719  801.594   131  181.380  982.974
        45002.4   0.00  55.06  20.46  22.18  99.72  32727  801.788   131  181.380  983.168
        45012.5   0.00  41.39  10.11  23.88  99.72  32735  801.955   131  181.380  983.335
        45022.5  86.99   0.00  76.45  25.08  99.72  32742  802.111   131  181.380  983.490
        45032.4  34.75   0.00  62.85  27.96  99.72  32750  802.307   131  181.380  983.687
        45042.4  64.18   0.00  76.22  31.22  99.72  32758  802.537   131  181.380  983.917
        45052.4  58.81   0.00  42.17  33.23  99.72  32766  802.740   131  181.380  984.120
        45062.5  36.96   0.00   1.66  35.05  99.72  32774  802.883   131  181.380  984.263
Timestamp         S0     S1     E      O      P     YGC     YGCT    FGC    FGCT     GCT   
        45072.5   0.00  52.46  30.46  36.37  99.72  32781  803.021   131  181.380  984.401
        45082.5  60.13   0.00  82.50  37.79  99.72  32788  803.163   131  181.380  984.543
        45092.5  46.55   0.00  41.70  39.39  99.72  32796  803.315   131  181.380  984.695
        45102.4  46.25   0.00  10.01  41.99  99.72  32804  803.527   131  181.380  984.907
        45112.4   0.00  69.35  93.23  43.22  99.72  32811  803.697   131  181.380  985.077
        45122.5   0.00  67.88  68.15  45.43  99.72  32819  803.880   131  181.380  985.260
        45132.5   0.00  38.89  15.30  47.69  99.72  32827  804.051   131  181.380  985.430
        45142.5  54.04   0.00  78.97  49.28  99.72  32834  804.213   131  181.380  985.593
        45152.4  47.32   0.00  12.63  50.68  99.72  32842  804.380   131  181.380  985.760
        45162.5   0.00 100.00  46.36  53.32  99.72  32849  804.608   131  181.380  985.988
Timestamp         S0     S1     E      O      P     YGC     YGCT    FGC    FGCT     GCT   
        45172.5   0.00  57.14  49.65  55.66  99.72  32857  804.807   131  181.380  986.187
        45182.4   0.00  47.48  23.17  59.67  99.72  32865  805.032   131  181.380  986.412
        45192.5   0.00  38.58   8.33  61.69  99.72  32873  805.246   131  181.380  986.626
        45202.5  61.04   0.00  75.42  63.59  99.72  32880  805.428   131  181.380  986.808
        45212.5  68.84   0.00  66.19  66.66  99.72  32888  805.654   131  181.380  987.034
        45222.4  67.51   0.00  24.93  68.58  99.72  32896  805.838   131  181.380  987.218
        45232.5   0.00  27.02  65.04  70.30  99.72  32903  805.978   131  181.380  987.358
        45242.5  55.41   0.00  87.39  71.61  99.72  32910  806.115   131  181.380  987.495
        45252.5  33.38   0.00  81.66  76.78  99.72  32918  806.372   131  181.380  987.752
        45262.5  36.41   0.00  61.61  78.68  99.72  32926  806.666   131  181.380  988.046
Timestamp         S0     S1     E      O      P     YGC     YGCT    FGC    FGCT     GCT   
        45272.4  61.32   0.00  73.46  81.88  99.72  32934  806.892   131  181.380  988.272
        45282.4  28.90   0.00  70.46  84.71  99.72  32942  807.112   131  181.380  988.492
        45292.5  76.29   0.00  46.73  86.65  99.72  32950  807.349   131  181.380  988.729
        45302.5  81.61   0.00  21.14  89.15  99.72  32958  807.582   131  181.380  988.962
        45312.5  44.07   0.00   5.96  93.02  99.72  32966  807.839   131  181.380  989.219
        45322.5   0.00  53.88  81.11  94.40  99.72  32973  808.006   131  181.380  989.386
        45332.5   0.00  40.00  34.00  96.33  99.72  32981  808.190   131  181.380  989.570
        45342.5   0.00  66.95   3.45  97.91  99.72  32989  808.357   131  181.380  989.737
        45352.5   0.00   0.00  58.05  14.02  99.72  32995  808.545   132  182.853  991.398
        45362.5   0.00 100.00   6.37  16.44  99.72  33003  808.780   132  182.853  991.633
Timestamp         S0     S1     E      O      P     YGC     YGCT    FGC    FGCT     GCT   
        45372.5  69.64   0.00  91.56  18.43  99.72  33010  808.941   132  182.853  991.794
        45382.5 100.00   0.00  75.38  20.77  99.72  33018  809.161   132  182.853  992.014
        45392.5  39.12   0.00  45.62  23.27  99.72  33026  809.328   132  182.853  992.181
        45402.5   0.00  99.45  90.09  25.24  99.72  33033  809.520   132  182.853  992.373
        45412.5   0.00  56.63  66.28  26.95  99.72  33041  809.692   132  182.853  992.546
        45422.5   0.00  52.47   3.39  29.05  99.72  33049  809.878   132  182.853  992.731
        45432.5  61.46   0.00  75.71  31.18  99.72  33056  810.040   132  182.853  992.893
        45442.5  98.12   0.00  45.87  33.35  99.72  33064  810.241   132  182.853  993.094
        45452.5  48.99   0.00  11.26  37.38  99.72  33072  810.467   132  182.853  993.320
        45462.5   0.00  39.54  73.79  39.14  99.72  33079  810.602   132  182.853  993.455
Timestamp         S0     S1     E      O      P     YGC     YGCT    FGC    FGCT     GCT   
        45472.5   0.00  55.68  17.88  40.57  99.72  33087  810.772   132  182.853  993.625
        45482.5  30.09   0.00  65.15  43.02  99.72  33094  810.943   132  182.853  993.796
        45492.5   3.05  42.82 100.00  44.56  99.72  33102  811.119   132  182.853  993.972
        45502.5   0.00 100.00  70.50  46.09  99.72  33109  811.267   132  182.853  994.120
        45512.5   0.00  77.60  46.33  47.60  99.72  33117  811.470   132  182.853  994.323
        45522.5   0.00  39.50  16.37  49.51  99.72  33125  811.656   132  182.853  994.509
        45532.5  42.37   0.00  60.21  50.54  99.72  33132  811.801   132  182.853  994.654
        45542.5  84.94   0.00  16.67  52.19  99.72  33140  812.043   132  182.853  994.897
        45552.5  37.14   0.00   7.47  54.59  99.72  33148  812.208   132  182.853  995.061
        45562.5   0.00  79.32  27.12  55.74  99.72  33155  812.346   132  182.853  995.199
Timestamp         S0     S1     E      O      P     YGC     YGCT    FGC    FGCT     GCT   
        45572.5  65.71   0.00  81.04  57.58  99.72  33162  812.515   132  182.853  995.368
        45582.5  47.45   0.00  42.58  59.47  99.72  33170  812.694   132  182.853  995.548
        45592.5   0.00  50.00  85.66  60.91  99.72  33177  812.837   132  182.853  995.691
        45602.5   0.00  70.86  20.74  62.41  99.72  33185  813.042   132  182.853  995.895
        45612.5  47.26   0.00  87.77  64.07  99.72  33192  813.212   132  182.853  996.065
        45622.5  38.40   0.00  50.74  66.24  99.72  33200  813.420   132  182.853  996.273
        45632.5  82.29   0.00  28.61  68.13  99.72  33208  813.600   132  182.853  996.453
        45642.5   0.00  40.98  89.73  69.64  99.72  33215  813.782   132  182.853  996.635
        45652.5   0.00  38.32  11.22  71.17  99.72  33223  813.948   132  182.853  996.802
        45662.5  20.54   0.00  86.25  78.19  99.72  33230  814.205   132  182.853  997.058
Timestamp         S0     S1     E      O      P     YGC     YGCT    FGC    FGCT     GCT   
        45672.5  20.03   0.00  61.74  79.58  99.72  33238  814.425   132  182.853  997.278
        45682.5  37.08   0.00  56.68  81.94  99.72  33246  814.618   132  182.853  997.471
        45692.5  50.96   0.00  41.38  84.25  99.72  33254  814.840   132  182.853  997.693
        45702.5  58.93   0.00  31.36  87.24  99.72  33262  815.041   132  182.853  997.894
        45712.5  47.65   0.00  10.23  89.72  99.72  33270  815.236   132  182.853  998.089
        45722.5   0.00  99.70  94.11  92.24  99.72  33277  815.422   132  182.853  998.275
        45732.5   0.00  40.91  86.51  97.04  99.72  33285  815.694   132  182.853  998.547
        45742.5  56.06   0.00  63.70  18.99  99.72  33292  815.893   133  184.357 1000.250
        45752.5  57.09   0.00  72.22  21.53  99.72  33300  816.084   133  184.357 1000.441
        45762.5  55.60   0.00  56.59  23.79  99.72  33308  816.288   133  184.357 1000.645
Timestamp         S0     S1     E      O      P     YGC     YGCT    FGC    FGCT     GCT   
        45772.5  52.24   0.00  61.51  26.02  99.72  33316  816.454   133  184.357 1000.812
        45782.5   0.00 100.00  99.51  27.68  99.72  33323  816.618   133  184.357 1000.975
        45792.5   0.00  28.33  81.48  31.15  99.72  33331  816.807   133  184.357 1001.165
        45802.5   0.00  31.45  67.11  33.38  99.72  33339  817.007   133  184.357 1001.364
        45812.5   0.00  43.10  60.15  35.54  99.72  33347  817.179   133  184.357 1001.536
        45822.5   0.00  99.65  62.01  37.96  99.72  33355  817.388   133  184.357 1001.746
        45832.5   0.00  52.55  46.12  40.63  99.72  33363  817.568   133  184.357 1001.926
        45842.5   0.00  99.52   0.00  42.97  99.72  33371  817.756   133  184.357 1002.113
        45852.5  62.36   0.00  58.43  44.45  99.72  33378  817.920   133  184.357 1002.277
        45862.5  48.58   0.00  53.23  48.11  99.72  33386  818.189   133  184.357 1002.547
Timestamp         S0     S1     E      O      P     YGC     YGCT    FGC    FGCT     GCT   
        45872.6  15.37   0.00  47.69  52.64  99.72  33394  818.384   133  184.357 1002.742
        45882.6  26.11   0.00  42.94  54.65  99.72  33402  818.604   133  184.357 1002.961
        45892.5  51.97   0.00  28.22  55.79  99.72  33410  818.794   133  184.357 1003.152
        45902.5  91.88   0.00  16.31  57.68  99.72  33418  818.989   133  184.357 1003.346
        45912.5   0.00  29.17  80.53  59.58  99.72  33425  819.146   133  184.357 1003.504
        45922.6   0.00  65.31  56.17  61.41  99.72  33433  819.331   133  184.357 1003.689
        45932.5   0.00 100.00  21.06  63.27  99.72  33441  819.496   133  184.357 1003.853
        45942.5  81.69   0.00  89.34  64.84  99.72  33448  819.656   133  184.357 1004.013
        45952.6  59.48   0.00   5.47  66.11  99.72  33456  819.825   133  184.357 1004.182
        45962.5   0.00  34.18  44.37  69.34  99.72  33463  820.036   133  184.357 1004.393
Timestamp         S0     S1     E      O      P     YGC     YGCT    FGC    FGCT     GCT   
        45972.5   0.00  56.74  34.56  71.39  99.72  33471  820.261   133  184.357 1004.619
        45982.5  34.29   0.00  82.21  74.03  99.72  33478  820.456   133  184.357 1004.813
        45992.5  29.25   0.00  35.73  75.58  99.72  33486  820.647   133  184.357 1005.004
        46002.5   0.00  60.34  88.50  77.02  99.72  33493  820.841   133  184.357 1005.198
        46012.5   0.00 100.00  69.69  79.19  99.72  33501  821.025   133  184.357 1005.382
        46022.5   0.00  30.36  27.89  84.05  99.72  33509  821.257   133  184.357 1005.614
        46032.6  27.27   0.00  95.51  85.55  99.72  33516  821.422   133  184.357 1005.779
        46042.5  50.00   0.00  73.97  87.33  99.72  33524  821.626   133  184.357 1005.983
        46052.6  51.42   0.00  35.02  89.75  99.72  33532  821.813   133  184.357 1006.170
        46062.6  72.89   0.00   9.11  91.59  99.72  33540  822.013   133  184.357 1006.371
Timestamp         S0     S1     E      O      P     YGC     YGCT    FGC    FGCT     GCT   
        46072.6   0.00  99.66  82.61  93.23  99.72  33547  822.193   133  184.357 1006.550
        46082.5   0.00  80.16  42.75  95.46  99.72  33555  822.375   133  184.357 1006.732
        46092.5   0.00  65.50   8.34  97.99  99.72  33563  822.576   133  184.357 1006.934
        46102.5  64.17   0.00   0.00  99.59  99.72  33570  822.741   134  184.357 1007.098
        46112.5   0.00  72.14  30.00  20.87  99.72  33577  822.937   134  185.838 1008.774
        46122.6  44.27   0.00  93.77  22.88  99.72  33584  823.076   134  185.838 1008.914
        46132.5  32.70   0.00  80.77  24.52  99.72  33592  823.247   134  185.838 1009.084
        46142.6  59.78   0.00  63.13  26.81  99.72  33600  823.429   134  185.838 1009.267
        46152.5   0.00  40.83  78.28  27.97  99.72  33607  823.583   134  185.838 1009.421
        46162.5   0.00  57.63  51.37  29.69  99.72  33615  823.766   134  185.838 1009.603
Timestamp         S0     S1     E      O      P     YGC     YGCT    FGC    FGCT     GCT   
        46172.6  53.07  35.13 100.00  30.95  99.72  33623  823.960   134  185.838 1009.798
        46182.5  54.91   0.00  54.07  32.83  99.72  33630  824.138   134  185.838 1009.975
        46192.6   0.00  37.29  39.89  34.10  99.72  33637  824.272   134  185.838 1010.110
        46202.5  65.86   0.00  49.12  35.35  99.72  33644  824.425   134  185.838 1010.262
        46212.5   0.00  41.12  72.55  36.53  99.72  33651  824.566   134  185.838 1010.404
        46222.5   0.00  77.82  15.00  37.83  99.72  33659  824.749   134  185.838 1010.587
        46232.5  57.09   0.00  61.85  39.42  99.72  33666  824.909   134  185.838 1010.747
        46242.6   0.00  82.93  86.74  40.91  99.72  33673  825.073   134  185.838 1010.911
        46252.5   0.00  37.05  62.25  43.08  99.72  33681  825.232   134  185.838 1011.070
        46262.6   0.00  99.38  24.36  45.14  99.72  33689  825.511   134  185.838 1011.349
Timestamp         S0     S1     E      O      P     YGC     YGCT    FGC    FGCT     GCT   
        46272.6   0.00  22.74  18.07  50.50  99.72  33697  825.804   134  185.838 1011.642
        46282.6   0.00  26.14   0.00  51.47  99.72  33705  825.961   134  185.838 1011.798
        46292.6  28.66   0.00  53.21  53.28  99.72  33712  826.122   134  185.838 1011.960
        46302.6   0.00  24.04  80.07  54.69  99.72  33719  826.335   134  185.838 1012.173
        46312.6   0.00 100.00  65.30  56.91  99.72  33727  826.528   134  185.838 1012.366
        46322.6   0.00  99.65  30.72  61.05  99.72  33735  826.745   134  185.838 1012.583
        46332.6  50.19   0.00  91.40  62.77  99.72  33742  826.890   134  185.838 1012.727
        46342.6  37.38   0.00  36.54  64.04  99.72  33750  827.052   134  185.838 1012.890
        46352.6   0.00 100.00  85.65  66.33  99.72  33757  827.249   134  185.838 1013.087
        46362.6   0.00  37.88  85.89  69.27  99.72  33765  827.522   134  185.838 1013.360
Timestamp         S0     S1     E      O      P     YGC     YGCT    FGC    FGCT     GCT   
        46372.6   0.00  57.14  84.00  71.32  99.72  33773  827.714   134  185.838 1013.551
        46382.6   0.00  56.89  51.47  73.86  99.72  33781  827.915   134  185.838 1013.753
        46392.6   0.00  39.34   9.62  75.90  99.72  33789  828.106   134  185.838 1013.943
        46402.6  56.79   0.00  53.18  77.21  99.72  33796  828.315   134  185.838 1014.153
        46412.6  57.62   0.00   9.84  78.88  99.72  33804  828.523   134  185.838 1014.360
        46422.6   0.00  59.91  84.78  80.77  99.72  33811  828.703   134  185.838 1014.541
        46432.6   0.00  55.56  85.04  83.23  99.72  33819  828.928   134  185.838 1014.766
        46442.6   0.00  38.21  33.80  85.03  99.72  33827  829.152   134  185.838 1014.990
        46452.6  62.80   0.00  83.33  86.00  99.72  33834  829.327   134  185.838 1015.164
        46462.6  81.54   0.00  24.12  87.63  99.72  33842  829.510   134  185.838 1015.348
Timestamp         S0     S1     E      O      P     YGC     YGCT    FGC    FGCT     GCT   
        46472.6   0.00  68.12  89.54  89.16  99.72  33849  829.665   134  185.838 1015.502
        46482.6   0.00  44.77  40.76  91.02  99.72  33857  829.858   134  185.838 1015.696
        46492.6   0.00  49.40  22.93  93.05  99.72  33865  830.089   134  185.838 1015.927
        46502.6  92.12   0.00  75.44  94.25  99.72  33872  830.250   134  185.838 1016.088
        46512.6  54.44   0.00  58.27  97.89  99.72  33880  830.469   134  185.838 1016.307
        46522.6   0.00  46.73  39.43  19.63  99.72  33887  830.636   135  187.309 1017.945
        46532.6   0.00  80.37   2.10  20.94  99.72  33895  830.817   135  187.309 1018.126
        46542.6  54.33   0.00  67.29  22.96  99.72  33902  830.969   135  187.309 1018.278
        46552.6  45.64   0.00  54.44  25.11  99.72  33910  831.175   135  187.309 1018.484
        46562.6  16.71   0.00  17.92  30.06  99.72  33918  831.388   135  187.309 1018.697
Timestamp         S0     S1     E      O      P     YGC     YGCT    FGC    FGCT     GCT   
        46572.6  55.41   0.00  46.35  32.58  99.72  33926  831.600   135  187.309 1018.909
        46582.6  43.47   0.00  32.50  35.48  99.72  33934  831.793   135  187.309 1019.102
        46592.6  34.62   0.00  35.25  37.55  99.72  33942  831.962   135  187.309 1019.271
        46602.6   0.00  50.48  95.12  38.67  99.72  33949  832.125   135  187.309 1019.434
        46612.6   0.00  61.36  27.54  40.08  99.72  33957  832.286   135  187.309 1019.595
        46622.6  57.23   0.00  79.73  41.89  99.72  33964  832.436   135  187.309 1019.745
        46632.6  70.73   0.00   9.33  43.67  99.72  33972  832.626   135  187.309 1019.935
        46642.6   0.00 100.00  46.81  46.45  99.72  33979  832.798   135  187.309 1020.106
        46652.6  50.00   0.00  98.67  48.08  99.72  33987  832.950   135  187.309 1020.259
        46662.6  47.19   0.00  62.11  49.70  99.72  33994  833.119   135  187.309 1020.428
Timestamp         S0     S1     E      O      P     YGC     YGCT    FGC    FGCT     GCT   
        46672.6  38.72   0.00  26.24  51.10  99.72  34002  833.338   135  187.309 1020.646
        46682.6   0.00  67.29  80.88  53.23  99.72  34009  833.574   135  187.309 1020.883
        46692.6   0.00  35.89  63.83  55.80  99.72  34017  833.771   135  187.309 1021.080
        46702.6  36.44   0.00  85.56  57.03  99.72  34024  833.934   135  187.309 1021.243
        46712.6  62.13   0.00  72.42  59.17  99.72  34032  834.125   135  187.309 1021.434
        46722.6  23.94   0.00  57.60  62.49  99.72  34040  834.360   135  187.309 1021.669
        46732.6  57.86   0.00  35.41  64.00  99.72  34048  834.543   135  187.309 1021.852
        46742.6   0.00  74.37  90.42  65.67  99.72  34055  834.699   135  187.309 1022.007
        46752.6  74.24  71.05 100.00  68.51  99.72  34064  834.910   135  187.309 1022.219
        46762.6   0.00  47.65  51.93  70.33  99.72  34071  835.151   135  187.309 1022.459
Timestamp         S0     S1     E      O      P     YGC     YGCT    FGC    FGCT     GCT   
        46772.6   0.00  83.24   6.23  71.62  99.72  34079  835.333   135  187.309 1022.642
        46782.6  67.12   0.00  68.14  73.30  99.72  34086  835.522   135  187.309 1022.830
        46792.6  63.73   0.00  18.00  74.99  99.72  34094  835.728   135  187.309 1023.037
        46802.6   0.00 100.00  49.55  76.53  99.72  34101  835.897   135  187.309 1023.205
        46812.7   0.00  50.00  31.22  77.80  99.72  34109  836.068   135  187.309 1023.376
        46822.7  44.49   0.00  92.86  81.21  99.72  34116  836.257   135  187.309 1023.565
        46832.7  70.22   0.00  73.02  83.42  99.72  34124  836.454   135  187.309 1023.763
        46842.6  29.87   0.00  84.47  88.31  99.72  34132  836.765   135  187.309 1024.073
        46852.6  19.97   0.00  79.96  90.03  99.72  34140  836.928   135  187.309 1024.237
        46862.6  30.87   0.00  58.14  92.27  99.72  34148  837.127   135  187.309 1024.436
Timestamp         S0     S1     E      O      P     YGC     YGCT    FGC    FGCT     GCT   
        46872.6  42.79   0.00  42.19  94.25  99.72  34156  837.325   135  187.309 1024.634
        46882.7   0.00  61.82  98.93  95.78  99.72  34163  837.553   135  187.309 1024.862
        46892.7   0.00  65.86  39.65  97.16  99.72  34171  837.717   135  187.309 1025.026
        46902.7   0.00 100.00   3.16  99.18  99.72  34179  837.928   135  187.309 1025.237
        46912.7   0.00 100.00  74.55  15.10  99.72  34185  838.081   136  188.784 1026.865
        46922.6   0.00 100.00  24.51  17.45  99.72  34193  838.245   136  188.784 1027.030
        46932.6   0.00 100.00  31.27  20.01  99.72  34201  838.429   136  188.784 1027.213
        46942.7   0.00  24.77  51.91  23.25  99.72  34209  838.648   136  188.784 1027.432
        46952.6   0.00  19.05  16.53  24.73  99.72  34217  838.828   136  188.784 1027.612
        46962.7   0.00  60.08   0.00  26.73  99.72  34225  839.025   136  188.784 1027.809
Timestamp         S0     S1     E      O      P     YGC     YGCT    FGC    FGCT     GCT   
        46972.6  29.62   0.00  94.03  29.18  99.72  34232  839.230   136  188.784 1028.014
        46982.7  41.41   0.00  82.35  31.96  99.72  34240  839.443   136  188.784 1028.228
        46992.6  20.27   0.00  22.42  33.50  99.72  34248  839.621   136  188.784 1028.405
        47002.7   0.00  62.87  91.52  34.93  99.72  34255  839.772   136  188.784 1028.557
        47012.7   0.00  51.37  42.36  36.89  99.72  34263  840.002   136  188.784 1028.786
        47022.7   0.00  42.51   3.58  38.71  99.72  34271  840.199   136  188.784 1028.983
        47032.7  68.02   0.00  74.02  40.22  99.72  34278  840.340   136  188.784 1029.125
        47042.6  51.60   0.00   9.49  41.89  99.72  34286  840.496   136  188.784 1029.280
        47052.7   0.00  43.71  87.65  44.68  99.72  34293  840.651   136  188.784 1029.435
        47062.7   0.00  29.79  40.74  46.64  99.72  34301  840.849   136  188.784 1029.633
Timestamp         S0     S1     E      O      P     YGC     YGCT    FGC    FGCT     GCT   
        47072.7   0.00  33.92  19.25  48.07  99.72  34309  841.011   136  188.784 1029.795
        47082.7  48.79   0.00  88.17  49.35  99.72  34316  841.173   136  188.784 1029.957
        47092.7  28.69   0.00  58.89  51.58  99.72  34324  841.349   136  188.784 1030.133
        47102.7  42.42   0.00  26.61  53.55  99.72  34332  841.560   136  188.784 1030.344
        47112.7   0.00  51.63  99.57  56.24  99.72  34340  841.774   136  188.784 1030.559
        47122.7   0.00  57.07  98.99  57.86  99.72  34348  841.938   136  188.784 1030.722
        47132.7   0.00  65.08  69.57  59.42  99.72  34355  842.143   136  188.784 1030.927
        47142.7   0.00 100.00  48.52  61.14  99.72  34363  842.320   136  188.784 1031.104
        47152.7   0.00  31.51  39.86  63.69  99.72  34371  842.483   136  188.784 1031.267
        47162.7   0.00  34.63   0.00  65.75  99.72  34379  842.677   136  188.784 1031.461
Timestamp         S0     S1     E      O      P     YGC     YGCT    FGC    FGCT     GCT   
        47172.6  38.33   0.00  67.82  66.99  99.72  34386  842.842   136  188.784 1031.626
        47182.7   0.00  28.86  89.79  68.38  99.72  34393  842.984   136  188.784 1031.768
        47192.7   0.00  99.54  36.56  69.99  99.72  34401  843.193   136  188.784 1031.977
        47202.7   0.00  72.73  13.02  71.81  99.72  34409  843.418   136  188.784 1032.203
        47212.7  65.28   0.00  46.77  73.08  99.72  34416  843.544   136  188.784 1032.329
        47222.7   0.00  99.66  56.38  76.71  99.72  34423  843.754   136  188.784 1032.538
        47232.7  59.67   0.00  64.82  80.65  99.72  34430  844.010   136  188.784 1032.794
        47242.7  66.84   0.00  33.15  84.67  99.72  34438  844.268   136  188.784 1033.052
        47252.7  37.96   0.00  38.66  86.87  99.72  34446  844.447   136  188.784 1033.232
        47262.7  22.01   0.00   2.39  88.73  99.72  34454  844.631   136  188.784 1033.415
Timestamp         S0     S1     E      O      P     YGC     YGCT    FGC    FGCT     GCT   
        47272.7   0.00 100.00  93.55  90.72  99.72  34461  844.804   136  188.784 1033.589
        47282.7   0.00  68.56  43.99  92.45  99.72  34469  844.996   136  188.784 1033.781
        47292.7   0.00  99.64  42.83  96.85  99.72  34477  845.268   136  188.784 1034.052
        47302.7   0.00  61.83  51.37  99.10  99.72  34485  845.460   136  188.784 1034.244
        47312.7  33.33   0.00  48.69  21.01  99.72  34492  845.636   137  190.243 1035.879
        47322.7  60.66   0.00  32.52  22.44  99.72  34500  845.808   137  190.243 1036.051
        47332.7  38.78   0.00  16.34  24.33  99.72  34508  845.981   137  190.243 1036.224
        47342.7   0.00  46.14  55.30  25.77  99.72  34515  846.117   137  190.243 1036.360
        47352.7   0.00  49.73  13.08  27.51  99.72  34523  846.311   137  190.243 1036.554
        47362.7   0.00  38.26  23.13  30.17  99.72  34531  846.509   137  190.243 1036.752
Timestamp         S0     S1     E      O      P     YGC     YGCT    FGC    FGCT     GCT   
        47372.7   0.00  38.69  33.90  32.31  99.72  34539  846.685   137  190.243 1036.928
        47382.7  56.70   0.00  96.93  33.45  99.72  34546  846.819   137  190.243 1037.061
        47392.7  50.93   0.00  29.66  35.02  99.72  34554  846.982   137  190.243 1037.225
        47402.7   0.00  99.60  78.78  36.59  99.72  34561  847.129   137  190.243 1037.371
        47412.7  63.69   0.00  91.12  38.24  99.72  34568  847.287   137  190.243 1037.530
        47422.7  43.79   0.00  12.14  39.88  99.72  34576  847.466   137  190.243 1037.709
        47432.7   0.00  86.90  59.86  41.04  99.72  34583  847.590   137  190.243 1037.832
        47442.7   0.00  24.61  39.96  44.26  99.72  34591  847.784   137  190.243 1038.027
        47452.7  36.03   0.00  65.75  45.10  99.72  34598  847.932   137  190.243 1038.174
        47462.7  62.97   0.00  28.45  46.77  99.72  34606  848.127   137  190.243 1038.370
Timestamp         S0     S1     E      O      P     YGC     YGCT    FGC    FGCT     GCT   
        47472.7  75.00   0.00  23.68  48.28  99.72  34614  848.301   137  190.243 1038.544
        47482.7   0.00  39.33  82.55  50.02  99.72  34621  848.478   137  190.243 1038.720
        47492.7   0.00  83.12  51.68  51.71  99.72  34629  848.670   137  190.243 1038.912
        47502.7   0.00  55.36  20.89  53.52  99.72  34637  848.837   137  190.243 1039.080
        47512.7   0.00 100.00   0.00  55.31  99.72  34645  849.016   137  190.243 1039.259
        47522.7 100.00   0.00  77.70  57.44  99.72  34652  849.166   137  190.243 1039.409
        47532.7  35.92   0.00  79.87  59.99  99.72  34660  849.354   137  190.243 1039.597
        47542.7  43.22   0.00  57.48  61.85  99.72  34668  849.537   137  190.243 1039.780
        47552.7  63.68   0.00  34.17  63.76  99.72  34676  849.709   137  190.243 1039.952
        47562.7   0.00 100.00  93.28  65.10  99.72  34683  849.863   137  190.243 1040.106
Timestamp         S0     S1     E      O      P     YGC     YGCT    FGC    FGCT     GCT   
        47572.7   0.00  35.29  44.72  66.69  99.72  34691  850.031   137  190.243 1040.274
        47582.7   0.00  27.63  19.36  70.19  99.72  34699  850.265   137  190.243 1040.508
        47592.8  59.70   0.00  67.23  71.62  99.72  34706  850.474   137  190.243 1040.717
        47602.7  50.00   0.00  61.92  73.51  99.72  34714  850.658   137  190.243 1040.900
        47612.7  57.62   0.00   2.09  74.98  99.72  34722  850.853   137  190.243 1041.096
        47622.7   0.00  54.12  74.34  76.65  99.72  34729  851.027   137  190.243 1041.270
        47632.7   0.00  48.74  55.78  78.31  99.72  34737  851.217   137  190.243 1041.459
        47642.7  50.84   0.00  90.03  80.03  99.72  34744  851.395   137  190.243 1041.638
        47652.7  93.93   0.00  11.36  81.72  99.72  34752  851.633   137  190.243 1041.876
        47662.7  75.82   0.00   5.64  83.73  99.72  34760  851.826   137  190.243 1042.069
Timestamp         S0     S1     E      O      P     YGC     YGCT    FGC    FGCT     GCT   
        47672.7   0.00  80.59  90.66  85.42  99.72  34767  852.033   137  190.243 1042.276
        47682.7   0.00 100.00  79.13  88.49  99.72  34775  852.306   137  190.243 1042.549
        47692.7   0.00  51.13  14.95  89.87  99.72  34783  852.494   137  190.243 1042.737
        47702.7  38.48   0.00  92.20  92.14  99.72  34790  852.662   137  190.243 1042.905
        47712.7  64.93   0.00  64.77  94.01  99.72  34798  852.855   137  190.243 1043.098
        47722.7  34.86   0.00  25.25  96.30  99.72  34806  853.057   137  190.243 1043.300
        47732.8   0.00  45.03  73.81  97.61  99.72  34813  853.200   137  190.243 1043.443
        47742.7   0.00  33.33  37.91  99.14  99.72  34821  853.403   137  190.243 1043.646
        47752.7   0.00  63.76  86.40  19.49  99.72  34827  853.547   138  191.718 1045.265
        47762.7   0.00  73.58  35.24  21.56  99.72  34835  853.805   138  191.718 1045.523
Timestamp         S0     S1     E      O      P     YGC     YGCT    FGC    FGCT     GCT   
        47772.7   0.00 100.00  49.26  24.63  99.72  34843  854.007   138  191.718 1045.725
        47782.7   0.00  21.86  32.13  27.31  99.72  34851  854.206   138  191.718 1045.924
        47792.7   0.00  62.50  39.22  29.30  99.72  34859  854.405   138  191.718 1046.124
        47802.7   0.00  47.67  26.03  31.46  99.72  34867  854.570   138  191.718 1046.288
        47812.8  46.69   0.00  95.76  32.91  99.72  34874  854.753   138  191.718 1046.471
        47822.7  62.05   0.00  16.26  34.75  99.72  34882  854.923   138  191.718 1046.641
        47832.8   0.00  85.06  75.54  35.97  99.72  34889  855.048   138  191.718 1046.767
        47842.7   0.00  99.71  78.50  38.59  99.72  34897  855.270   138  191.718 1046.988
        47852.7   0.00  36.23  83.73  41.82  99.72  34905  855.501   138  191.718 1047.219
        47862.8   0.00  38.29  74.74  43.69  99.72  34913  855.693   138  191.718 1047.411
Timestamp         S0     S1     E      O      P     YGC     YGCT    FGC    FGCT     GCT   
        47872.7   0.00  34.41  24.61  45.35  99.72  34921  855.869   138  191.718 1047.587
        47882.7  64.41   0.00  61.97  46.40  99.72  34928  856.029   138  191.718 1047.747
        47892.8  88.67   0.00  34.84  48.31  99.72  34936  856.254   138  191.718 1047.972
        47902.8   0.00  92.42  90.60  50.26  99.72  34943  856.438   138  191.718 1048.157
        47912.8   0.00  44.49  80.37  53.01  99.72  34951  856.654   138  191.718 1048.373
        47922.8   0.00  82.25  64.99  54.58  99.72  34959  856.824   138  191.718 1048.542
        47932.8  49.72   0.00  83.95  55.88  99.72  34966  857.001   138  191.718 1048.719
        47942.8  45.89   0.00   0.00  57.26  99.72  34974  857.204   138  191.718 1048.922
        47952.7   0.00  49.09  52.92  58.46  99.72  34981  857.369   138  191.718 1049.087
        47962.8   0.00  65.36  36.70  60.40  99.72  34989  857.556   138  191.718 1049.274
Timestamp         S0     S1     E      O      P     YGC     YGCT    FGC    FGCT     GCT   
        47972.7   0.00  18.93  25.12  64.98  99.72  34997  857.805   138  191.718 1049.523
        47982.7   0.00  63.09  34.07  66.96  99.72  35005  857.976   138  191.718 1049.694
        47992.8   0.00  68.49  53.02  69.35  99.72  35013  858.187   138  191.718 1049.905
        48002.7   0.00  49.00  26.36  71.20  99.72  35021  858.370   138  191.718 1050.088
        48012.8   0.00  39.23   7.10  73.06  99.72  35029  858.600   138  191.718 1050.318
        48022.8  52.08   0.00  79.88  74.56  99.72  35036  858.782   138  191.718 1050.500
        48032.7  25.40   0.00  36.76  76.40  99.72  35044  858.996   138  191.718 1050.714
        48042.8   0.00  58.43  70.58  77.65  99.72  35051  859.153   138  191.718 1050.871
        48052.8   0.00  56.25  38.67  79.51  99.72  35059  859.323   138  191.718 1051.041
        48062.7  36.24   0.00  98.41  81.83  99.72  35067  859.510   138  191.718 1051.228
Timestamp         S0     S1     E      O      P     YGC     YGCT    FGC    FGCT     GCT   
        48072.7  64.89   0.00  72.25  83.34  99.72  35074  859.689   138  191.718 1051.407
        48082.7  36.88   0.00  53.32  85.53  99.72  35082  859.890   138  191.718 1051.608
        48092.7  59.39   0.00  27.66  86.75  99.72  35090  860.055   138  191.718 1051.773
        48102.8  61.22   0.00  10.42  88.55  99.72  35098  860.260   138  191.718 1051.978
        48112.8   0.00 100.00  46.85  89.99  99.72  35105  860.407   138  191.718 1052.125
        48122.8   0.00  20.14  34.37  93.59  99.72  35113  860.645   138  191.718 1052.363
        48132.8   0.00  52.98  17.98  95.55  99.72  35121  860.902   138  191.718 1052.620
        48142.7  58.15   0.00  84.53  97.42  99.72  35128  861.076   138  191.718 1052.794
        48152.7  56.91   0.00  49.90  99.45  99.72  35136  861.301   138  191.718 1053.019
        48162.8  32.08   0.00  70.53  19.74  99.72  35142  861.419   139  193.126 1054.545
Timestamp         S0     S1     E      O      P     YGC     YGCT    FGC    FGCT     GCT   
        48172.8  67.55   0.00  56.72  21.82  99.72  35150  861.581   139  193.126 1054.707
        48182.7  75.25   0.00  37.19  25.67  99.72  35158  861.876   139  193.126 1055.001
        48192.7  37.78   0.00  36.99  29.35  99.72  35166  862.134   139  193.126 1055.260
        48202.8  48.11   0.00  37.14  31.16  99.72  35174  862.327   139  193.126 1055.453
        48212.8  35.36   0.00  23.35  33.24  99.72  35182  862.532   139  193.126 1055.658
        48222.7   0.00  61.08  89.62  34.49  99.72  35189  862.698   139  193.126 1055.824
        48232.8   0.00  58.10  61.19  36.63  99.72  35197  862.871   139  193.126 1055.997
        48242.8   0.00  66.25  17.23  38.39  99.72  35205  863.069   139  193.126 1056.195
        48252.8 100.00   0.00  71.05  41.55  99.72  35212  863.243   139  193.126 1056.369
        48262.8  81.33   0.00  67.86  44.17  99.72  35220  863.451   139  193.126 1056.576
Timestamp         S0     S1     E      O      P     YGC     YGCT    FGC    FGCT     GCT   
        48272.8  25.74   0.00  46.64  46.54  99.72  35228  863.649   139  193.126 1056.775
        48282.8  40.74  51.27 100.00  47.73  99.72  35236  863.802   139  193.126 1056.928
        48292.7   0.00  32.08  50.02  48.83  99.72  35243  863.961   139  193.126 1057.087
        48302.8  49.35   0.00  62.00  50.12  99.72  35250  864.097   139  193.126 1057.222
        48312.8   0.00  46.64  78.99  51.49  99.72  35257  864.258   139  193.126 1057.384
        48322.7   0.00  31.27  31.19  54.94  99.72  35265  864.442   139  193.126 1057.568
        48332.8  27.83   0.00  97.78  56.46  99.72  35272  864.605   139  193.126 1057.731
        48342.8  71.26   0.00  59.56  57.98  99.72  35280  864.794   139  193.126 1057.920
        48352.8  76.61   0.00   3.74  59.57  99.72  35288  864.993   139  193.126 1058.119
        48362.8   0.00  70.17  68.58  62.10  99.72  35295  865.188   139  193.126 1058.314
Timestamp         S0     S1     E      O      P     YGC     YGCT    FGC    FGCT     GCT   
        48372.8   0.00  62.40  42.27  64.81  99.72  35303  865.399   139  193.126 1058.525
        48382.8   0.00  38.63  12.47  67.52  99.72  35311  865.645   139  193.126 1058.771
        48392.8  40.47   0.00  93.21  69.56  99.72  35318  865.832   139  193.126 1058.958
        48402.8  81.55   0.00  70.75  71.07  99.72  35326  866.017   139  193.126 1059.143
        48412.8  45.59   0.00  43.96  73.01  99.72  35334  866.224   139  193.126 1059.350
        48422.8  18.52   0.00  36.22  77.24  99.72  35342  866.463   139  193.126 1059.589
        48432.8  59.19   0.00  17.51  79.61  99.72  35350  866.659   139  193.126 1059.785
        48442.8   0.00  44.17  81.37  81.47  99.72  35357  866.846   139  193.126 1059.972
        48452.8   0.00  53.12  24.63  82.86  99.72  35365  867.017   139  193.126 1060.142
        48462.8  66.43   0.00  79.81  84.98  99.72  35372  867.177   139  193.126 1060.303
Timestamp         S0     S1     E      O      P     YGC     YGCT    FGC    FGCT     GCT   
        48472.8   0.00  99.51  98.20  86.58  99.72  35379  867.355   139  193.126 1060.481
        48482.8   0.00  38.34  56.93  88.69  99.72  35387  867.574   139  193.126 1060.700
        48492.8  71.10   0.00  89.35  90.02  99.72  35394  867.764   139  193.126 1060.890
        48502.8  41.62   0.00  44.03  91.91  99.72  35402  867.954   139  193.126 1061.080
        48512.8   0.00  28.27  89.25  93.30  99.72  35409  868.132   139  193.126 1061.258
        48522.8   0.00  34.10  78.14  96.91  99.72  35417  868.361   139  193.126 1061.487
        48532.8   0.00  28.42  35.20  98.53  99.72  35425  868.558   139  193.126 1061.684
        48542.8   0.00  49.52  83.61  16.05  99.72  35431  868.832   140  194.692 1063.524
        48552.8   0.00  56.43  85.10  18.67  99.72  35439  869.027   140  194.692 1063.719
        48562.8   0.00  52.57  64.75  20.96  99.72  35447  869.226   140  194.692 1063.918
Timestamp         S0     S1     E      O      P     YGC     YGCT    FGC    FGCT     GCT   
        48572.8   0.00  35.47  17.38  22.68  99.72  35455  869.414   140  194.692 1064.106
        48582.8  56.03   0.00  72.73  23.88  99.72  35462  869.577   140  194.692 1064.269
        48592.8  49.72   0.00  87.48  28.93  99.72  35470  869.809   140  194.692 1064.501
        48602.8  33.09   0.00  55.17  31.80  99.72  35478  870.004   140  194.692 1064.697
        48612.8  71.89   0.00  23.24  33.50  99.72  35486  870.171   140  194.692 1064.863
        48622.8   0.00  45.61  43.97  35.41  99.72  35493  870.321   140  194.692 1065.014
        48632.8  66.51   0.00  81.18  37.24  99.72  35500  870.484   140  194.692 1065.177
        48642.8  31.04   0.00  41.99  39.27  99.72  35508  870.652   140  194.692 1065.345
        48652.8   0.00  45.45  75.05  40.41  99.72  35515  870.809   140  194.692 1065.501
        48662.8   0.00  64.67  25.24  41.98  99.72  35523  870.999   140  194.692 1065.691
Timestamp         S0     S1     E      O      P     YGC     YGCT    FGC    FGCT     GCT   
        48672.8  65.62   0.00  60.90  43.37  99.72  35530  871.132   140  194.692 1065.824
        48682.8  92.20   0.00  10.33  44.94  99.72  35538  871.304   140  194.692 1065.996
        48692.8   0.00  73.90  55.52  46.27  99.72  35545  871.457   140  194.692 1066.149
        48702.8   0.00  51.24  14.51  47.91  99.72  35553  871.613   140  194.692 1066.306
        48712.8  36.51   0.00  54.82  49.87  99.72  35560  871.810   140  194.692 1066.502
        48722.8  38.81   0.00  15.58  51.78  99.72  35568  871.987   140  194.692 1066.680
        48732.8   0.00  47.53  76.06  53.27  99.72  35575  872.214   140  194.692 1066.907
        48742.8   0.00  49.73   1.25  54.75  99.72  35583  872.393   140  194.692 1067.085
        48752.8  44.35   0.00  52.26  56.26  99.72  35590  872.536   140  194.692 1067.229
        48762.8  73.67   0.00   8.42  57.52  99.72  35598  872.683   140  194.692 1067.375
Timestamp         S0     S1     E      O      P     YGC     YGCT    FGC    FGCT     GCT   
        48772.8   0.00  57.63  17.35  59.32  99.72  35605  872.853   140  194.692 1067.546
        48782.8  64.29   0.00  56.96  60.98  99.72  35612  873.018   140  194.692 1067.710
        48792.8   0.00 100.00  96.70  62.32  99.72  35619  873.167   140  194.692 1067.859
        48802.8   0.00  40.67  70.02  64.69  99.72  35627  873.435   140  194.692 1068.127
        48812.8   0.00  55.03  33.80  66.61  99.72  35635  873.615   140  194.692 1068.307
        48822.8  66.87   0.00  94.96  68.25  99.72  35642  873.763   140  194.692 1068.455
        48832.8  65.33   0.00  50.64  69.97  99.72  35650  874.004   140  194.692 1068.697
        48842.8   0.00  99.66  76.14  71.36  99.72  35657  874.164   140  194.692 1068.857
        48852.8   0.00  99.69  32.68  74.02  99.72  35665  874.395   140  194.692 1069.087
        48862.8   0.00  61.96  38.88  82.00  99.72  35673  874.712   140  194.692 1069.404
Timestamp         S0     S1     E      O      P     YGC     YGCT    FGC    FGCT     GCT   
        48872.8   0.00  66.67  65.05  87.00  99.72  35681  874.975   140  194.692 1069.667
        48882.8   0.00 100.00  91.38  92.33  99.72  35689  875.243   140  194.692 1069.936
        48892.8  24.12   0.00   7.64  95.11  99.72  35698  875.468   140  194.692 1070.160
        48902.8   0.00  51.65  69.87  96.52  99.72  35705  875.681   140  194.692 1070.373
        48912.8   0.00  48.16  64.12  98.84  99.72  35713  875.909   140  194.692 1070.601
        48922.8  42.29   0.00  35.25  20.16  99.72  35720  876.078   141  196.220 1072.298
        48932.8  25.51   0.00   2.99  21.98  99.72  35728  876.278   141  196.220 1072.498
        48942.8   0.00  81.92  55.60  22.96  99.72  35735  876.440   141  196.220 1072.660
        48952.8   0.00  38.75  15.75  24.55  99.72  35743  876.606   141  196.220 1072.826
        48962.8  69.72   0.00  85.53  26.07  99.72  35750  876.853   141  196.220 1073.073
Timestamp         S0     S1     E      O      P     YGC     YGCT    FGC    FGCT     GCT   
        48972.8  43.33   0.00  76.87  30.18  99.72  35758  877.072   141  196.220 1073.292
        48982.8  42.24   0.00  64.62  32.09  99.72  35766  877.232   141  196.220 1073.452
        48992.8  58.21   0.00  54.92  34.04  99.72  35774  877.409   141  196.220 1073.629
        49002.8  52.71   0.00  14.85  35.48  99.72  35782  877.615   141  196.220 1073.835
        49012.8   0.00  55.90  70.81  36.61  99.72  35789  877.748   141  196.220 1073.968
        49022.8   0.00  57.06  40.41  39.56  99.72  35797  877.953   141  196.220 1074.172
        49032.8   0.00  43.61  48.93  42.13  99.72  35805  878.138   141  196.220 1074.358
        49042.8   0.00  49.74   9.67  43.90  99.72  35813  878.326   141  196.220 1074.546
        49052.8  37.57   0.00  80.03  45.26  99.72  35820  878.459   141  196.220 1074.679
        49062.8  62.04   0.00  40.21  46.99  99.72  35828  878.703   141  196.220 1074.923
Timestamp         S0     S1     E      O      P     YGC     YGCT    FGC    FGCT     GCT   
        49072.8  42.27   0.00   0.54  48.90  99.72  35836  878.873   141  196.220 1075.093
        49082.8   0.00  55.90  70.89  52.23  99.72  35843  879.048   141  196.220 1075.268
        49092.8   0.00  39.63  46.07  54.78  99.72  35851  879.252   141  196.220 1075.472
        49102.8   0.00 100.00  34.78  56.99  99.72  35859  879.504   141  196.220 1075.724
        49112.8   0.00  37.34  26.23  59.04  99.72  35867  879.692   141  196.220 1075.912
        49122.8  51.37   0.00  92.17  60.07  99.72  35874  879.837   141  196.220 1076.057
        49132.8  61.82   0.00  29.94  61.19  99.72  35882  880.045   141  196.220 1076.265
        49142.8   0.00 100.00  75.09  62.90  99.72  35889  880.207   141  196.220 1076.427
        49152.8   0.00  28.25  31.48  64.61  99.72  35897  880.432   141  196.220 1076.651
        49162.8  75.76   0.00  99.15  65.76  99.72  35904  880.618   141  196.220 1076.837
Timestamp         S0     S1     E      O      P     YGC     YGCT    FGC    FGCT     GCT   
        49172.8 100.00   0.00  68.11  68.79  99.72  35912  880.819   141  196.220 1077.039
        49182.8  79.20   0.00  51.20  71.54  99.72  35920  881.030   141  196.220 1077.250
        49192.8  60.20   0.00  54.45  73.98  99.72  35928  881.239   141  196.220 1077.459
        49202.8  67.06   0.00   6.15  75.91  99.72  35936  881.436   141  196.220 1077.656
        49212.8   0.00  61.78  60.76  77.43  99.72  35943  881.584   141  196.220 1077.804
        49222.8   0.00  51.41   5.84  78.97  99.72  35951  881.782   141  196.220 1078.002
        49232.8  40.59   0.00  93.14  82.44  99.72  35958  881.994   141  196.220 1078.214
        49242.8  49.77   0.00  38.39  83.76  99.72  35966  882.182   141  196.220 1078.402
        49252.8  70.42   0.00   0.00  85.68  99.72  35974  882.374   141  196.220 1078.594
        49262.9   0.00 100.00  32.84  87.15  99.72  35981  882.556   141  196.220 1078.776
Timestamp         S0     S1     E      O      P     YGC     YGCT    FGC    FGCT     GCT   
        49272.8  73.81   0.00  76.90  88.95  99.72  35988  882.783   141  196.220 1079.003
        49282.8  43.95   0.00  69.14  91.60  99.72  35996  882.987   141  196.220 1079.207
        49292.9  81.82   0.00  42.18  92.99  99.72  36004  883.163   141  196.220 1079.383
        49302.8  33.86   0.00  39.73  95.77  99.72  36012  883.366   141  196.220 1079.585
        49312.8   0.00  56.96  79.47  96.92  99.72  36019  883.539   141  196.220 1079.759
        49322.8   0.00 100.00  28.51  98.77  99.72  36027  883.700   141  196.220 1079.920
        49332.8   0.00  36.87  97.50  19.74  99.72  36033  883.855   142  197.670 1081.525
        49342.8   0.00 100.00  49.60  21.34  99.72  36041  884.030   142  197.670 1081.700
        49352.8  34.18   0.00  86.34  22.75  99.72  36048  884.165   142  197.670 1081.835
        49362.9  37.35   0.00  41.83  24.28  99.72  36056  884.354   142  197.670 1082.024
Timestamp         S0     S1     E      O      P     YGC     YGCT    FGC    FGCT     GCT   
        49372.8  40.03   0.00   0.73  28.00  99.72  36064  884.537   142  197.670 1082.207
        49382.9   0.00  28.33  88.07  30.64  99.72  36071  884.719   142  197.670 1082.389
        49392.8   0.00 100.00  77.99  33.61  99.72  36079  884.911   142  197.670 1082.581
        49402.8   0.00  56.96  66.54  35.81  99.72  36087  885.095   142  197.670 1082.764
        49412.8   0.00  99.49  50.98  38.09  99.72  36095  885.268   142  197.670 1082.938
        49422.8  63.74   0.00  93.90  39.29  99.72  36102  885.428   142  197.670 1083.098
        49432.8  86.41   0.00  85.59  42.99  99.72  36110  885.671   142  197.670 1083.341
        49442.9  41.46   0.00  33.50  44.80  99.72  36118  885.837   142  197.670 1083.506
        49452.8  44.63   0.00   1.23  46.56  99.72  36126  885.986   142  197.670 1083.656
        49462.8   0.00 100.00  55.64  47.95  99.72  36133  886.152   142  197.670 1083.822
Timestamp         S0     S1     E      O      P     YGC     YGCT    FGC    FGCT     GCT   
        49472.8  78.42   0.00  94.77  49.21  99.72  36140  886.320   142  197.670 1083.990
        49482.8  62.63   0.00  72.10  51.42  99.72  36148  886.542   142  197.670 1084.211
        49492.8  45.15   0.00   4.75  52.76  99.72  36156  886.688   142  197.670 1084.358
        49502.8   0.00  82.81  13.22  54.22  99.72  36163  886.820   142  197.670 1084.490
        49512.8 100.00   0.00  54.36  55.59  99.72  36170  886.974   142  197.670 1084.644
        49522.8  20.08   0.00  42.84  61.03  99.72  36178  887.219   142  197.670 1084.889
        49532.8   0.00  30.49  80.96  62.27  99.72  36185  887.353   142  197.670 1085.023
        49542.8   0.00  35.31  55.29  63.64  99.72  36193  887.531   142  197.670 1085.201
        49552.9   0.00  57.22  43.38  65.32  99.72  36201  887.735   142  197.670 1085.405
        49562.9  76.72   0.00  94.32  66.76  99.72  36208  887.888   142  197.670 1085.558
Timestamp         S0     S1     E      O      P     YGC     YGCT    FGC    FGCT     GCT   
        49572.9  76.28   0.00  76.61  68.56  99.72  36216  888.063   142  197.670 1085.733
        49582.9  78.85   0.00  86.97  72.70  99.72  36224  888.296   142  197.670 1085.966
        49592.9  43.54   0.00  81.82  75.73  99.72  36232  888.491   142  197.670 1086.161
        49602.9  35.60   0.00  51.58  77.53  99.72  36240  888.668   142  197.670 1086.338
        49612.9  45.17   0.00   7.59  79.55  99.72  36248  888.886   142  197.670 1086.556
        49622.9   0.00 100.00  72.13  81.85  99.72  36255  889.075   142  197.670 1086.745
        49632.9   0.00  15.72  60.64  86.21  99.72  36263  889.307   142  197.670 1086.977
        49642.9   0.00  27.27  41.19  87.23  99.72  36271  889.491   142  197.670 1087.161
        49652.9   0.00  36.43  49.13  90.62  99.72  36279  889.732   142  197.670 1087.402
        49662.9   0.00  22.35  44.26  92.85  99.72  36287  889.941   142  197.670 1087.611
Timestamp         S0     S1     E      O      P     YGC     YGCT    FGC    FGCT     GCT   
        49672.9   0.00  45.83  31.00  94.40  99.72  36295  890.133   142  197.670 1087.802
        49682.9  45.76   0.00  59.29  95.59  99.72  36302  890.280   142  197.670 1087.950
        49692.9   0.00  54.37  77.52  96.83  99.72  36309  890.442   142  197.670 1088.112
        49702.9  50.79   0.00  44.11  19.13  99.72  36316  890.628   143  199.111 1089.740
        49712.9  31.70   0.00   0.00  20.48  99.72  36324  890.782   143  199.111 1089.893
        49722.9  75.00   0.00  92.81  21.12  99.72  36330  890.909   143  199.111 1090.020
        49732.9  76.16   0.00   1.40  22.74  99.72  36338  891.076   143  199.111 1090.187
        49742.9   0.00  39.46  33.21  24.34  99.72  36345  891.205   143  199.111 1090.316
        49752.9   0.00  23.90   6.52  28.75  99.72  36353  891.423   143  199.111 1090.534
        49762.9   0.00  42.18  11.37  30.54  99.72  36361  891.576   143  199.111 1090.687
Timestamp         S0     S1     E      O      P     YGC     YGCT    FGC    FGCT     GCT   
        49772.9   0.00  69.63  10.22  32.30  99.72  36369  891.778   143  199.111 1090.889
        49782.9   0.00  99.75  11.04  34.92  99.72  36377  891.994   143  199.111 1091.105
        49792.9  41.50   0.00  91.53  37.13  99.72  36384  892.167   143  199.111 1091.278
        49802.9  32.08   0.00  55.53  39.63  99.72  36392  892.358   143  199.111 1091.469
        49812.9  35.07   0.00  11.41  41.33  99.72  36400  892.547   143  199.111 1091.659
        49822.9   0.00  65.13  94.81  42.82  99.72  36407  892.697   143  199.111 1091.808
        49832.9   0.00  68.68  66.69  44.96  99.72  36415  892.921   143  199.111 1092.032
        49842.9   0.00  52.10  10.43  46.74  99.72  36423  893.107   143  199.111 1092.218
        49852.9  47.08   0.00  46.65  47.86  99.72  36430  893.265   143  199.111 1092.376
        49862.9   0.00 100.00  81.68  49.71  99.72  36437  893.430   143  199.111 1092.541
Timestamp         S0     S1     E      O      P     YGC     YGCT    FGC    FGCT     GCT   
        49872.9   0.00 100.00  49.99  52.21  99.72  36445  893.637   143  199.111 1092.748
        49882.9   0.00  37.67  16.08  54.78  99.72  36453  893.845   143  199.111 1092.957
        49892.9  49.47   0.00  93.78  56.02  99.72  36460  893.998   143  199.111 1093.109
        49902.9  70.54   0.00  71.52  57.96  99.72  36468  894.181   143  199.111 1093.292
        49912.9  60.69   0.00  40.47  59.74  99.72  36476  894.399   143  199.111 1093.510
        49922.9   0.00  44.26  75.54  61.07  99.72  36483  894.537   143  199.111 1093.649
        49932.9   0.00  99.66  39.38  62.84  99.72  36491  894.728   143  199.111 1093.839
        49942.9   0.00  47.53   3.80  64.73  99.72  36499  894.951   143  199.111 1094.062
        49952.9  50.78   0.00  93.12  67.79  99.72  36506  895.144   143  199.111 1094.255
        49962.9  65.14   0.00  66.10  69.82  99.72  36514  895.425   143  199.111 1094.537
Timestamp         S0     S1     E      O      P     YGC     YGCT    FGC    FGCT     GCT   
        49972.9  57.38   0.00  39.84  71.83  99.72  36522  895.621   143  199.111 1094.732
        49982.9   0.00  44.64  91.13  74.04  99.72  36529  895.779   143  199.111 1094.890
        49992.9   0.00  51.87  88.00  76.62  99.72  36537  896.048   143  199.111 1095.159
        50002.9   0.00  31.98  46.60  79.35  99.72  36545  896.240   143  199.111 1095.351
        50012.9  58.76   0.00  94.39  80.75  99.72  36552  896.440   143  199.111 1095.551
        50022.9  40.05   0.00  59.32  82.63  99.72  36560  896.654   143  199.111 1095.765
        50032.9  80.49   0.00  40.84  86.38  99.72  36568  896.874   143  199.111 1095.985
        50042.9  35.26   0.00  37.54  89.64  99.72  36576  897.125   143  199.111 1096.236
        50052.9   0.00  72.53  86.19  91.50  99.72  36583  897.335   143  199.111 1096.447
        50062.9   0.00  35.59  42.18  93.48  99.72  36591  897.528   143  199.111 1096.639
Timestamp         S0     S1     E      O      P     YGC     YGCT    FGC    FGCT     GCT   
        50072.9   0.00  73.53  39.90  95.43  99.72  36599  897.763   143  199.111 1096.874
        50082.9   0.00  99.66  21.15  97.58  99.72  36607  898.043   143  199.111 1097.154
        50092.9  38.04   0.00  87.38  99.22  99.72  36614  898.213   143  199.111 1097.324
        50102.9   0.00  37.22  27.77  15.84  99.72  36621  898.398   144  200.709 1099.107
        50112.9   0.00 100.00  22.23  18.11  99.72  36629  898.600   144  200.709 1099.309
        50122.9  52.25   0.00  88.92  19.97  99.72  36636  898.747   144  200.709 1099.456
        50132.9  46.79   0.00  70.91  21.94  99.72  36644  898.934   144  200.709 1099.643
        50142.9  77.91   0.00  35.33  23.97  99.72  36652  899.102   144  200.709 1099.811
        50152.9   0.00  81.52  88.16  25.27  99.72  36659  899.250   144  200.709 1099.959
        50162.9   0.00  45.51  28.07  27.35  99.72  36667  899.415   144  200.709 1100.124
Timestamp         S0     S1     E      O      P     YGC     YGCT    FGC    FGCT     GCT   
        50172.9   0.00  29.93   9.25  30.95  99.72  36675  899.611   144  200.709 1100.320
        50182.9   0.00  40.93  12.19  33.35  99.72  36683  899.823   144  200.709 1100.532
        50192.9  85.71   0.00  48.78  35.17  99.72  36690  900.007   144  200.709 1100.716
        50202.9  67.76   0.00  36.57  37.75  99.72  36698  900.211   144  200.709 1100.920
        50212.9  53.06   0.00   6.69  39.77  99.72  36706  900.396   144  200.709 1101.105
        50222.9   0.00  36.20  11.62  41.30  99.72  36713  900.556   144  200.709 1101.265
        50232.9  65.75   0.00  69.93  42.72  99.72  36720  900.702   144  200.709 1101.411
        50242.9  63.98   0.00  51.99  44.85  99.72  36728  900.912   144  200.709 1101.621
        50252.9  74.88   0.00  39.91  47.17  99.72  36736  901.120   144  200.709 1101.829
        50262.9  63.92   0.00   5.01  49.49  99.72  36744  901.324   144  200.709 1102.033
Timestamp         S0     S1     E      O      P     YGC     YGCT    FGC    FGCT     GCT   
        50272.9   0.00  39.13  28.70  50.86  99.72  36751  901.447   144  200.709 1102.156
        50283.0  21.43   0.00  60.79  53.94  99.72  36758  901.639   144  200.709 1102.347
        50292.9  51.79   0.00  26.44  55.22  99.72  36766  901.788   144  200.709 1102.497
        50302.9   0.00  76.70  86.25  56.57  99.72  36773  901.939   144  200.709 1102.648
        50312.9   0.00  99.73  58.61  59.33  99.72  36781  902.201   144  200.709 1102.910
        50323.0   0.00  99.28  57.45  62.28  99.72  36789  902.402   144  200.709 1103.111
        50332.9  43.66   0.00  97.52  63.50  99.72  36797  902.548   144  200.709 1103.257
        50343.0  51.89   0.00  57.85  65.48  99.72  36804  902.745   144  200.709 1103.454
        50352.9  60.96   0.00  15.64  67.81  99.72  36812  902.928   144  200.709 1103.637
        50362.9   0.00  50.89  76.92  69.41  99.72  36819  903.177   144  200.709 1103.886
Timestamp         S0     S1     E      O      P     YGC     YGCT    FGC    FGCT     GCT   
        50373.0   0.00  83.42  69.82  70.87  99.72  36827  903.366   144  200.709 1104.075
        50382.9   0.00  99.51  51.27  73.16  99.72  36835  903.563   144  200.709 1104.272
        50392.9  45.36   0.00  94.35  74.62  99.72  36842  903.732   144  200.709 1104.441
        50403.0  47.21   0.00  56.93  76.58  99.72  36850  903.946   144  200.709 1104.655
        50412.9  64.66   0.00  35.74  78.87  99.72  36858  904.134   144  200.709 1104.843
        50422.9  50.72   0.00  16.53  81.60  99.72  36866  904.401   144  200.709 1105.110
        50432.9   0.00 100.00  57.13  83.22  99.72  36873  904.883   144  200.709 1105.592
        50442.9   0.00 100.00   9.02  84.71  99.72  36881  905.054   144  200.709 1105.763
        50452.9  57.07   0.00  57.96  86.74  99.72  36888  905.223   144  200.709 1105.932
        50463.0  24.53   0.00  17.51  90.44  99.72  36896  905.443   144  200.709 1106.152
Timestamp         S0     S1     E      O      P     YGC     YGCT    FGC    FGCT     GCT   
        50472.9   0.00  32.04  83.87  91.82  99.72  36903  905.665   144  200.709 1106.374
        50483.0   0.00  99.41  26.62  93.47  99.72  36911  905.869   144  200.709 1106.577
        50493.0  58.05   0.00  87.44  94.93  99.72  36918  906.015   144  200.709 1106.724
        50503.0  46.12   0.00  68.76  96.91  99.72  36926  906.190   144  200.709 1106.899
        50513.0  46.39   0.00  31.19  98.38  99.72  36934  906.353   144  200.709 1107.062
        50522.9  57.25   0.00  39.69  19.40  99.72  36940  906.523   145  202.199 1108.722
        50533.0   0.00  39.06  79.98  21.13  99.72  36947  906.673   145  202.199 1108.872
        50542.9   0.00 100.00  49.82  23.39  99.72  36955  906.881   145  202.199 1109.080
        50553.0   0.00  70.80  38.72  26.40  99.72  36963  907.085   145  202.199 1109.284
        50562.9   0.00  35.92  22.55  28.20  99.72  36971  907.244   145  202.199 1109.443
Timestamp         S0     S1     E      O      P     YGC     YGCT    FGC    FGCT     GCT   
        50572.9   0.00  52.12  20.01  32.55  99.72  36979  907.508   145  202.199 1109.707
        50583.0   0.00  29.27  26.92  35.83  99.72  36987  907.719   145  202.199 1109.917
        50593.0  43.41   0.00  96.89  37.43  99.72  36994  907.882   145  202.199 1110.081
        50602.9  32.19   0.00  85.86  39.29  99.72  37002  908.054   145  202.199 1110.253
        50612.9  51.97   0.00  72.88  41.15  99.72  37010  908.237   145  202.199 1110.436
        50622.9  50.59   0.00  48.45  43.04  99.72  37018  908.408   145  202.199 1110.606
        50633.0  93.82   0.00  34.09  45.41  99.72  37026  908.626   145  202.199 1110.824
        50643.0   0.00  77.66  91.47  47.20  99.72  37033  908.806   145  202.199 1111.005
        50653.0   0.00 100.00  64.58  49.08  99.72  37041  908.960   145  202.199 1111.158
        50663.0  46.33   0.00  94.93  50.54  99.72  37048  909.136   145  202.199 1111.335
Timestamp         S0     S1     E      O      P     YGC     YGCT    FGC    FGCT     GCT   
        50673.0  91.44   0.00  68.32  52.42  99.72  37056  909.340   145  202.199 1111.538
        50682.9  37.28   0.00  69.42  57.19  99.72  37064  909.582   145  202.199 1111.780
        50693.0  70.43   0.00  82.92  59.42  99.72  37072  909.784   145  202.199 1111.982
        50703.0  37.78   0.00  42.89  61.42  99.72  37080  909.976   145  202.199 1112.174
        50712.9  77.33   0.00   1.91  63.76  99.72  37088  910.176   145  202.199 1112.375
        50723.0   0.00  48.44  40.21  65.27  99.72  37095  910.379   145  202.199 1112.578
        50732.9   0.00  61.08   9.36  67.10  99.72  37103  910.550   145  202.199 1112.749
        50742.9  80.05   0.00  83.90  68.79  99.72  37110  910.715   145  202.199 1112.913
        50753.0  67.45   0.00  36.66  70.50  99.72  37118  910.893   145  202.199 1113.092
        50763.0   0.00  45.98  88.95  73.00  99.72  37125  911.083   145  202.199 1113.281
Timestamp         S0     S1     E      O      P     YGC     YGCT    FGC    FGCT     GCT   
        50773.0   0.00  37.70  58.00  75.18  99.72  37133  911.265   145  202.199 1113.463
        50783.0   0.00  35.85  25.20  76.69  99.72  37141  911.431   145  202.199 1113.630
        50793.0  35.71   0.00  60.08  78.00  99.72  37148  911.631   145  202.199 1113.830
        50803.0  68.72   0.00   7.69  79.60  99.72  37156  911.804   145  202.199 1114.003
        50812.9  15.39   0.00  10.51  85.07  99.72  37164  912.038   145  202.199 1114.237
        50823.0  73.62   0.00   9.59  88.56  99.72  37172  912.301   145  202.199 1114.500
        50833.0  30.03   0.00  38.99  91.47  99.72  37180  912.509   145  202.199 1114.707
        50843.0  41.20   0.00   9.81  93.63  99.72  37188  912.703   145  202.199 1114.902
        50853.0  47.90   0.00   0.00  95.94  99.72  37196  912.903   145  202.199 1115.101
        50862.9   0.00  99.69  61.10  97.59  99.72  37203  913.062   145  202.199 1115.260
Timestamp         S0     S1     E      O      P     YGC     YGCT    FGC    FGCT     GCT   
        50873.0   0.00   0.00  25.51  18.84  99.72  37210  913.245   146  203.664 1116.909
        50883.0   0.00  63.37  82.21  21.33  99.72  37217  913.471   146  203.664 1117.134
        50893.0   0.00  26.32  30.08  23.14  99.72  37225  913.697   146  203.664 1117.360
        50902.9  41.19   0.00  87.50  24.57  99.72  37232  913.846   146  203.664 1117.509
        50913.0  39.38   0.00  75.10  26.07  99.72  37240  914.008   146  203.664 1117.672
        50923.0  95.00   0.00  67.50  28.46  99.72  37248  914.216   146  203.664 1117.880
        50933.0  25.00   0.00  44.11  31.73  99.72  37256  914.499   146  203.664 1118.162
        50943.0  43.75   0.00  31.40  33.55  99.72  37264  914.685   146  203.664 1118.349
        50953.0  79.23   0.00   4.86  35.55  99.72  37272  914.888   146  203.664 1118.552
        50963.0   0.00  34.90  44.91  37.54  99.72  37279  915.072   146  203.664 1118.735
Timestamp         S0     S1     E      O      P     YGC     YGCT    FGC    FGCT     GCT   
        50973.0  35.14   0.00  86.32  38.46  99.72  37286  915.204   146  203.664 1118.867
        50983.0  80.63   0.00  42.97  40.12  99.72  37294  915.384   146  203.664 1119.048
        50993.0  35.75   0.00  22.23  42.47  99.72  37302  915.643   146  203.664 1119.307
        51003.0   0.00  38.00  88.04  48.11  99.72  37309  915.863   146  203.664 1119.527
        51013.0  49.30  18.25 100.00  50.65  99.72  37317  916.024   146  203.664 1119.687
        51023.0  25.96   0.00  83.54  51.84  99.72  37324  916.238   146  203.664 1119.902
        51033.0  33.69   0.00  95.48  54.56  99.72  37332  916.433   146  203.664 1120.097
        51043.0  45.16   0.00  72.29  56.62  99.72  37340  916.620   146  203.664 1120.283
        51053.0  31.34   0.00  36.80  58.38  99.72  37348  916.792   146  203.664 1120.456
        51063.0   0.00  28.09  92.44  60.94  99.72  37355  916.998   146  203.664 1120.661
Timestamp         S0     S1     E      O      P     YGC     YGCT    FGC    FGCT     GCT   
        51073.0   0.00  34.22  56.04  62.62  99.72  37363  917.182   146  203.664 1120.846
        51083.0   0.00 100.00  15.81  66.10  99.72  37371  917.396   146  203.664 1121.060
        51093.0   0.00  40.71   9.98  68.58  99.72  37379  917.623   146  203.664 1121.286
        51103.0  38.99   0.00  37.73  69.84  99.72  37386  917.791   146  203.664 1121.455
        51113.0  39.18   0.00  28.71  72.14  99.72  37394  918.034   146  203.664 1121.697
        51123.0   0.00  82.11  85.34  73.49  99.72  37401  918.230   146  203.664 1121.894
        51133.0   0.00  74.32  31.02  75.22  99.72  37409  918.408   146  203.664 1122.072
        51143.0  50.61   0.00  72.11  76.61  99.72  37416  918.581   146  203.664 1122.244
        51153.0  34.32   0.00  50.64  79.82  99.72  37424  918.763   146  203.664 1122.426
        51163.0  35.23   0.00  16.20  81.58  99.72  37432  918.953   146  203.664 1122.616
Timestamp         S0     S1     E      O      P     YGC     YGCT    FGC    FGCT     GCT   
        51173.0  77.62   0.00   0.00  83.19  99.72  37440  919.130   146  203.664 1122.794
        51183.0   0.00  18.28  75.31  87.88  99.72  37447  919.364   146  203.664 1123.028
        51193.0   0.00  50.00  31.01  89.57  99.72  37455  919.531   146  203.664 1123.194
        51203.0   0.00  56.72  20.12  92.15  99.72  37463  919.734   146  203.664 1123.397
        51213.0  62.32   0.00  85.97  93.77  99.72  37470  919.889   146  203.664 1123.553
        51223.0  43.92   0.00  35.74  95.50  99.72  37478  920.051   146  203.664 1123.715
        51233.0   0.00  50.80  75.28  97.03  99.72  37485  920.205   146  203.664 1123.868
        51243.0  69.67   0.00  96.23  98.37  99.72  37492  920.414   146  203.664 1124.077
        51253.0   0.00   0.00  22.09  18.91  99.72  37499  920.572   147  205.124 1125.696
        51263.0  81.99   0.00  56.82  20.54  99.72  37506  920.758   147  205.124 1125.882
Timestamp         S0     S1     E      O      P     YGC     YGCT    FGC    FGCT     GCT   
        51273.0  43.24   0.00   0.00  21.66  99.72  37514  920.898   147  205.124 1126.021
        51283.0   0.00  43.65  73.76  23.55  99.72  37521  921.038   147  205.124 1126.162
        51293.0   0.00  42.52  42.32  26.82  99.72  37529  921.257   147  205.124 1126.381
        51303.0  34.52   0.00  94.17  28.56  99.72  37536  921.414   147  205.124 1126.538
        51313.0  70.26   0.00  78.32  30.87  99.72  37544  921.595   147  205.124 1126.719
        51323.0  63.30   0.00  60.19  34.19  99.72  37552  921.808   147  205.124 1126.932
        51333.0  28.12   0.00  31.67  36.94  99.72  37560  921.995   147  205.124 1127.119
        51343.0  69.50   0.00  23.74  38.74  99.72  37568  922.204   147  205.124 1127.328
        51353.0 100.00   0.00  16.54  41.12  99.72  37576  922.398   147  205.124 1127.522
        51363.0   0.00  41.30  75.89  43.68  99.72  37583  922.602   147  205.124 1127.726
Timestamp         S0     S1     E      O      P     YGC     YGCT    FGC    FGCT     GCT   
        51373.0   0.00  34.78  41.79  45.61  99.72  37591  922.772   147  205.124 1127.896
        51383.0   0.00  80.83  17.01  47.34  99.72  37599  922.956   147  205.124 1128.080
        51393.0  49.72   0.00  63.45  49.28  99.72  37606  923.135   147  205.124 1128.258
        51403.0  40.30   0.00   1.32  50.82  99.72  37614  923.330   147  205.124 1128.453
        51413.0   0.00  52.90  57.75  52.59  99.72  37621  923.507   147  205.124 1128.631
        51423.0   0.00  67.15  21.57  54.63  99.72  37629  923.686   147  205.124 1128.810
        51433.0  80.50   0.00  86.50  56.21  99.72  37636  923.827   147  205.124 1128.951
        51443.0  81.58   0.00  59.42  58.25  99.72  37644  924.005   147  205.124 1129.129
        51453.0  97.79   0.00  41.18  60.72  99.72  37652  924.203   147  205.124 1129.327
        51463.0 100.00   0.00  18.38  62.76  99.72  37660  924.391   147  205.124 1129.515
Timestamp         S0     S1     E      O      P     YGC     YGCT    FGC    FGCT     GCT   
        51473.0   0.00  28.26  87.74  64.30  99.72  37667  924.558   147  205.124 1129.682
        51483.0  37.57   0.00  74.41  65.41  99.72  37674  924.747   147  205.124 1129.871
        51493.0   0.00  43.99  73.97  66.48  99.72  37681  924.894   147  205.124 1130.017
        51503.0   0.00 100.00  24.38  68.39  99.72  37689  925.086   147  205.124 1130.210
        51513.0  61.52   0.00  80.00  70.07  99.72  37696  925.276   147  205.124 1130.400
        51523.0  62.35   0.00  21.37  71.58  99.72  37704  925.444   147  205.124 1130.568
        51533.0   0.00  65.12  93.08  73.03  99.72  37711  925.589   147  205.124 1130.713
        51543.0   0.00  99.60  22.33  74.65  99.72  37719  925.782   147  205.124 1130.906
        51553.0  68.24   0.00  72.65  76.68  99.72  37726  925.977   147  205.124 1131.100
        51563.0  61.04   0.00  33.86  78.08  99.72  37734  926.152   147  205.124 1131.275
Timestamp         S0     S1     E      O      P     YGC     YGCT    FGC    FGCT     GCT   
        51573.0   0.00 100.00  99.12  79.68  99.72  37741  926.320   147  205.124 1131.444
        51583.0   0.00  60.92  61.76  81.47  99.72  37749  926.526   147  205.124 1131.650
        51593.0   0.00 100.00  22.95  83.43  99.72  37757  926.706   147  205.124 1131.830
        51603.0  98.45   0.00  95.92  87.14  99.72  37764  926.937   147  205.124 1132.060
        51613.0  34.63   0.00  77.22  89.08  99.72  37772  927.132   147  205.124 1132.256
        51623.0  34.93   0.00  75.41  92.27  99.72  37780  927.347   147  205.124 1132.471
        51633.0  30.70   0.00  61.16  94.01  99.72  37788  927.523   147  205.124 1132.647
        51643.0  61.08   0.00  20.03  95.57  99.72  37796  927.716   147  205.124 1132.840
        51653.0  57.18   0.00   8.64  97.35  99.72  37804  927.906   147  205.124 1133.030
        51663.0   0.00  52.97  51.24  99.24  99.72  37811  928.108   147  205.124 1133.232
Timestamp         S0     S1     E      O      P     YGC     YGCT    FGC    FGCT     GCT   
        51673.0  57.63   0.00  12.05  15.66  99.72  37818  928.278   148  206.583 1134.861
        51683.0   0.00 100.00  84.27  17.24  99.72  37825  928.415   148  206.583 1134.998
        51693.0   0.00  62.01  52.44  19.20  99.72  37833  928.597   148  206.583 1135.180
        51703.0   0.00  43.57  40.04  23.21  99.72  37841  928.809   148  206.583 1135.392
        51713.0  59.68   0.00  96.74  24.90  99.72  37848  929.009   148  206.583 1135.592
        51723.0  41.94   0.00  46.34  26.58  99.72  37856  929.163   148  206.583 1135.747
        51733.0   0.00 100.00  95.32  28.06  99.72  37863  929.345   148  206.583 1135.928
        51743.0   0.00  60.20  55.32  30.38  99.72  37871  929.552   148  206.583 1136.135
        51753.0   0.00  52.35  28.78  33.02  99.72  37879  929.761   148  206.583 1136.345
        51763.0  40.00   0.00  84.73  34.65  99.72  37886  929.912   148  206.583 1136.495
Timestamp         S0     S1     E      O      P     YGC     YGCT    FGC    FGCT     GCT   
        51773.0  32.98   0.00  25.90  36.31  99.72  37894  930.094   148  206.583 1136.677
        51783.0   0.00  47.26  36.30  37.58  99.72  37901  930.258   148  206.583 1136.842
        51793.1  58.12   0.00  82.44  38.91  99.72  37908  930.414   148  206.583 1136.998
        51803.0  59.94   0.00  42.33  40.90  99.72  37916  930.582   148  206.583 1137.165
        51813.0  80.19   0.00  30.07  42.73  99.72  37924  930.754   148  206.583 1137.337
        51823.0 100.00   0.00  25.62  46.49  99.72  37932  931.004   148  206.583 1137.588
        51833.0  70.07   0.00  29.33  49.30  99.72  37940  931.228   148  206.583 1137.812
        51843.0   0.00  27.84  81.87  52.47  99.72  37947  931.437   148  206.583 1138.021
        51853.0   0.00  44.16  57.99  53.98  99.72  37955  931.668   148  206.583 1138.251
        51863.0   0.00  60.42  20.93  56.26  99.72  37963  931.849   148  206.583 1138.433
Timestamp         S0     S1     E      O      P     YGC     YGCT    FGC    FGCT     GCT   
        51873.1  51.31   0.00  81.50  58.00  99.72  37970  932.014   148  206.583 1138.598
        51883.1 100.00   0.00  67.07  61.51  99.72  37978  932.289   148  206.583 1138.873
        51893.0  28.48   0.00  29.64  64.16  99.72  37986  932.550   148  206.583 1139.133
        51903.0   0.00  52.13  58.61  65.95  99.72  37993  932.725   148  206.583 1139.308
        51913.0   0.00  43.03  12.26  67.96  99.72  38001  932.933   148  206.583 1139.516
        51923.1  66.00   0.00  81.28  69.71  99.72  38008  933.090   148  206.583 1139.673
        51933.0  62.88   0.00  35.62  71.43  99.72  38016  933.251   148  206.583 1139.834
        51943.1  72.26   0.00   8.21  73.56  99.72  38024  933.434   148  206.583 1140.017
        51953.0   0.00 100.00  96.76  75.83  99.72  38031  933.596   148  206.583 1140.179
        51963.0   0.00  50.52  44.00  77.97  99.72  38039  933.797   148  206.583 1140.381
Timestamp         S0     S1     E      O      P     YGC     YGCT    FGC    FGCT     GCT   
        51973.0  64.67   0.00  93.50  79.41  99.72  38046  933.962   148  206.583 1140.545
        51983.0  69.37   0.00  63.57  81.36  99.72  38054  934.163   148  206.583 1140.747
        51993.0  50.82   0.00  31.01  83.30  99.72  38062  934.351   148  206.583 1140.934
        52003.0   0.00  38.92  62.89  84.88  99.72  38069  934.531   148  206.583 1141.115
        52013.1   0.00  85.03  29.93  86.35  99.72  38077  934.730   148  206.583 1141.314
        52023.0  44.30   0.00  63.75  87.84  99.72  38084  934.884   148  206.583 1141.467
        52033.1  68.04   0.00  42.54  89.83  99.72  38092  935.077   148  206.583 1141.660
        52043.1  27.02   0.00  24.93  94.90  99.72  38100  935.313   148  206.583 1141.897
        52053.1  25.54   0.00  16.30  97.15  99.72  38108  935.530   148  206.583 1142.113
        52063.0   0.00  46.85   0.00  99.44  99.72  38115  935.756   149  206.583 1142.339
Timestamp         S0     S1     E      O      P     YGC     YGCT    FGC    FGCT     GCT   
        52073.1  52.98   0.00  43.98  20.14  99.72  38122  935.917   149  208.078 1143.996
        52083.0  54.26   0.00   5.96  22.60  99.72  38130  936.153   149  208.078 1144.232
        52093.0   0.00  33.11  53.63  24.80  99.72  38137  936.375   149  208.078 1144.453
        52103.0  16.88   0.00  96.21  28.05  99.72  38144  936.564   149  208.078 1144.643
        52113.0  47.30   0.00  65.48  29.78  99.72  38152  936.746   149  208.078 1144.825
        52123.0  53.61   0.00  44.06  31.55  99.72  38160  936.902   149  208.078 1144.980
        52133.0  71.43   0.00   0.00  33.28  99.72  38168  937.059   149  208.078 1145.137
        52143.0   0.00  80.59  52.23  35.04  99.72  38175  937.233   149  208.078 1145.312
        52153.1   0.00  62.80  19.33  36.99  99.72  38183  937.418   149  208.078 1145.496
        52163.1  67.00   0.00  32.83  37.91  99.72  38190  937.568   149  208.078 1145.646
Timestamp         S0     S1     E      O      P     YGC     YGCT    FGC    FGCT     GCT   
        52173.0  71.76   0.00  18.57  39.99  99.72  38198  937.747   149  208.078 1145.826
        52183.0  62.91   0.00  10.59  41.85  99.72  38206  937.903   149  208.078 1145.981
        52193.0  19.33   0.00   5.97  46.74  99.72  38214  938.136   149  208.078 1146.214
        52203.1   0.00  47.72  72.33  48.28  99.72  38221  938.312   149  208.078 1146.390
        52213.0   0.00  51.92  44.60  50.73  99.72  38229  938.510   149  208.078 1146.588
        52223.1   0.00  99.50   5.86  52.49  99.72  38237  938.668   149  208.078 1146.746
        52233.1  62.06   0.00  33.28  53.55  99.72  38244  938.818   149  208.078 1146.896
        52243.1   0.00  51.45  93.55  55.20  99.72  38251  939.002   149  208.078 1147.081
        52253.0   0.00  74.07  68.19  56.70  99.72  38259  939.196   149  208.078 1147.275
        52263.1   0.00  17.73  27.11  61.71  99.72  38267  939.431   149  208.078 1147.509
Timestamp         S0     S1     E      O      P     YGC     YGCT    FGC    FGCT     GCT   
        52273.1   0.00  21.55  18.66  63.51  99.72  38275  939.609   149  208.078 1147.687
        52283.0  17.04   0.00  66.56  65.05  99.72  38282  939.752   149  208.078 1147.831
        52293.0  46.73   0.00  35.25  66.29  99.72  38290  939.919   149  208.078 1147.997
        52303.1  43.06   0.00   2.17  67.80  99.72  38298  940.104   149  208.078 1148.182
        52313.0   0.00 100.00  41.86  68.96  99.72  38305  940.285   149  208.078 1148.363
        52323.0   0.00 100.00  18.30  71.46  99.72  38313  940.468   149  208.078 1148.547
        52333.1   0.00  58.56   0.00  73.27  99.72  38321  940.641   149  208.078 1148.719
        52343.1  29.76   0.00  78.09  76.56  99.72  38328  940.853   149  208.078 1148.932
        52353.0  40.04   0.00  26.87  78.10  99.72  38336  941.010   149  208.078 1149.088
        52363.1   0.00 100.00  89.70  79.51  99.72  38343  941.149   149  208.078 1149.227
Timestamp         S0     S1     E      O      P     YGC     YGCT    FGC    FGCT     GCT   
        52373.1   0.00  65.08  26.04  81.26  99.72  38351  941.339   149  208.078 1149.418
        52383.1   0.00  48.48   8.50  83.83  99.72  38359  941.589   149  208.078 1149.667
        52393.0  40.26   0.00  49.91  85.64  99.72  38366  941.767   149  208.078 1149.845
        52403.1  89.77   0.00  13.67  86.80  99.72  38374  941.928   149  208.078 1150.007
        52413.1   0.00  90.48  92.82  89.13  99.72  38381  942.111   149  208.078 1150.189
        52423.1   0.00  52.76  82.58  91.47  99.72  38389  942.297   149  208.078 1150.375
        52433.0   0.00  52.94  47.59  93.26  99.72  38397  942.484   149  208.078 1150.562
        52443.1  66.88   0.00  90.31  94.61  99.72  38404  942.627   149  208.078 1150.705
        52453.1  47.25   0.00  49.88  96.76  99.72  38412  942.833   149  208.078 1150.911
        52463.1  93.59   0.00  14.26  98.39  99.72  38420  943.030   149  208.078 1151.109
Timestamp         S0     S1     E      O      P     YGC     YGCT    FGC    FGCT     GCT   
        52473.1   0.00   0.00  36.69  19.25  99.72  38426  943.459   150  209.881 1153.340
        52483.1   0.00  41.94  52.19  23.51  99.72  38434  943.697   150  209.881 1153.578
        52493.1   0.00  51.97  47.49  25.74  99.72  38442  943.883   150  209.881 1153.764
        52503.1   0.00  63.98   3.21  28.32  99.72  38450  944.095   150  209.881 1153.976
        52513.1  85.10   0.00  60.57  29.71  99.72  38457  944.238   150  209.881 1154.119
        52523.1  49.16   0.00  36.21  31.44  99.72  38465  944.417   150  209.881 1154.298
        52533.1  78.61   0.00   4.29  33.10  99.72  38473  944.602   150  209.881 1154.484
        52543.1   0.00  44.41  69.65  34.95  99.72  38480  944.776   150  209.881 1154.657
        52553.1   0.00  52.42  15.53  36.25  99.72  38488  944.967   150  209.881 1154.848
        52563.1  30.38   0.00  45.22  37.66  99.72  38495  945.130   150  209.881 1155.011
Timestamp         S0     S1     E      O      P     YGC     YGCT    FGC    FGCT     GCT   
        52573.1  39.04   0.00  16.62  40.51  99.72  38503  945.313   150  209.881 1155.194
        52583.1   0.00  68.58  77.73  42.28  99.72  38510  945.487   150  209.881 1155.368
        52593.1   0.00  21.51  56.98  46.41  99.72  38518  945.729   150  209.881 1155.610
        52603.1   0.00  26.24  44.07  48.31  99.72  38526  945.908   150  209.881 1155.789
        52613.1   0.00  48.48  28.97  50.31  99.72  38534  946.086   150  209.881 1155.967
        52623.1  59.68   0.00  64.98  51.74  99.72  38541  946.268   150  209.881 1156.149
        52633.1  71.51   0.00  14.39  53.63  99.72  38549  946.479   150  209.881 1156.360
        52643.1  66.76   0.00   1.54  55.43  99.72  38557  946.683   150  209.881 1156.564
        52653.1   0.00  62.65  44.51  56.53  99.72  38564  946.827   150  209.881 1156.709
        52663.1   0.00  38.41   2.73  60.27  99.72  38572  947.078   150  209.881 1156.959
Timestamp         S0     S1     E      O      P     YGC     YGCT    FGC    FGCT     GCT   
        52673.1  25.59   0.00  73.24  61.92  99.72  38579  947.236   150  209.881 1157.117
        52683.1  31.33   0.00  33.95  64.00  99.72  38587  947.445   150  209.881 1157.326
        52693.1   0.00  47.10  42.73  65.40  99.72  38594  947.576   150  209.881 1157.457
        52703.1  66.10   0.00  99.29  66.97  99.72  38601  947.760   150  209.881 1157.641
        52713.1  20.00   0.00  98.99  70.48  99.72  38610  947.960   150  209.881 1157.841
        52723.1  53.92   0.00  72.74  71.92  99.72  38617  948.118   150  209.881 1157.999
        52733.1  78.77   0.00  44.83  73.35  99.72  38625  948.288   150  209.881 1158.170
        52743.1  70.00   0.00  12.12  75.80  99.72  38633  948.503   150  209.881 1158.384
        52753.1   0.00  53.12  93.50  79.42  99.72  38640  948.701   150  209.881 1158.582
        52763.1   0.00  36.47  56.11  82.52  99.72  38648  948.903   150  209.881 1158.784
Timestamp         S0     S1     E      O      P     YGC     YGCT    FGC    FGCT     GCT   
        52773.1   0.00  28.03  53.29  84.05  99.72  38656  949.083   150  209.881 1158.964
        52783.1   0.00  45.59  63.31  86.22  99.72  38664  949.285   150  209.881 1159.166
        52793.1  30.77   0.00  91.77  87.54  99.72  38671  949.439   150  209.881 1159.320
        52803.1  45.41   0.00  74.20  90.25  99.72  38679  949.634   150  209.881 1159.516
        52813.1  33.92   0.00  42.84  92.76  99.72  38687  949.890   150  209.881 1159.771
        52823.1   0.00  30.72  92.58  93.70  99.72  38694  950.031   150  209.881 1159.912
        52833.1   0.00  36.44  32.63  95.25  99.72  38702  950.201   150  209.881 1160.082
        52843.1  67.92   0.00  80.04  96.84  99.72  38709  950.356   150  209.881 1160.237
        52853.1  49.33   0.00  29.57  98.47  99.72  38717  950.560   150  209.881 1160.441
        52863.1   0.00  50.00   0.00  99.67  99.72  38724  950.817   151  209.881 1160.698
Timestamp         S0     S1     E      O      P     YGC     YGCT    FGC    FGCT     GCT   
        52873.1  81.10   0.00  20.85  21.26  99.72  38731  951.005   151  211.329 1162.333
        52883.1   0.00  23.75  92.03  22.73  99.72  38738  951.132   151  211.329 1162.461
        52893.1   0.00  36.30  78.68  24.63  99.72  38746  951.303   151  211.329 1162.632
        52903.1   0.00  46.95  46.29  25.82  99.72  38754  951.470   151  211.329 1162.799
        52913.1  36.04   0.00  76.88  27.15  99.72  38761  951.638   151  211.329 1162.966
        52923.1  19.78   0.00  34.72  30.93  99.72  38769  951.880   151  211.329 1163.209
        52933.1  47.23   0.00   5.69  32.61  99.72  38777  952.046   151  211.329 1163.375
        52943.1   0.00  45.37  79.80  34.56  99.72  38784  952.184   151  211.329 1163.513
        52953.1   0.00  50.54  25.66  36.08  99.72  38792  952.346   151  211.329 1163.675
        52963.1  45.40   0.00  46.73  37.21  99.72  38799  952.496   151  211.329 1163.825
Timestamp         S0     S1     E      O      P     YGC     YGCT    FGC    FGCT     GCT   
        52973.1  38.41   0.00   3.34  38.73  99.72  38807  952.687   151  211.329 1164.016
        52983.1   0.00  99.39  24.36  40.17  99.72  38814  952.829   151  211.329 1164.158
        52993.1  68.63   0.00  65.67  41.53  99.72  38821  952.967   151  211.329 1164.296
        53003.1  35.53   0.00  61.28  45.77  99.72  38829  953.193   151  211.329 1164.522
        53013.1  42.46   0.00  43.68  47.69  99.72  38837  953.386   151  211.329 1164.715
        53023.1  65.87   0.00  35.28  49.31  99.72  38845  953.561   151  211.329 1164.890
        53033.1  49.24   0.00  18.18  51.55  99.72  38853  953.757   151  211.329 1165.085
        53043.1   0.00 100.00  81.78  53.19  99.72  38860  954.036   151  211.329 1165.365
        53053.1   0.00  40.81  80.62  55.92  99.72  38868  954.253   151  211.329 1165.581
        53063.1   0.00  80.30  47.95  57.52  99.72  38876  954.435   151  211.329 1165.764
Timestamp         S0     S1     E      O      P     YGC     YGCT    FGC    FGCT     GCT   
        53073.1   0.00  55.81  30.68  60.03  99.72  38884  954.677   151  211.329 1166.005
        53083.1  48.17   0.00  64.63  61.74  99.72  38891  954.832   151  211.329 1166.161
        53093.1   0.00  29.66  92.62  63.15  99.72  38898  954.963   151  211.329 1166.291
        53103.1   0.00  45.05  35.21  66.01  99.72  38906  955.173   151  211.329 1166.502
        53113.1  38.74   0.00  90.29  67.86  99.72  38913  955.378   151  211.329 1166.707
        53123.1  52.13   0.00  58.66  69.26  99.72  38921  955.590   151  211.329 1166.919
        53133.1  48.09   0.00  29.18  71.34  99.72  38929  955.775   151  211.329 1167.104
        53143.1  69.82   0.00  22.79  72.90  99.72  38937  955.986   151  211.329 1167.314
        53153.1   0.00  36.84  53.03  73.92  99.72  38944  956.130   151  211.329 1167.459
        53163.1  40.06   0.00  99.87  77.99  99.72  38952  956.329   151  211.329 1167.658
Timestamp         S0     S1     E      O      P     YGC     YGCT    FGC    FGCT     GCT   
        53173.1  44.42   0.00  69.09  80.24  99.72  38959  956.516   151  211.329 1167.844
        53183.1  71.97   0.00  41.47  82.36  99.72  38967  956.709   151  211.329 1168.038
        53193.1  33.41   0.00  36.53  84.49  99.72  38975  956.896   151  211.329 1168.224
        53203.1   0.00  59.79  97.98  85.97  99.72  38982  957.072   151  211.329 1168.401
        53213.1   0.00 100.00  62.54  87.51  99.72  38990  957.309   151  211.329 1168.637
        53223.2   0.00  86.68  24.37  89.22  99.72  38998  957.509   151  211.329 1168.838
        53233.2  89.85  72.02 100.00  91.43  99.72  39006  957.715   151  211.329 1169.044
        53243.2  41.13   0.00  77.69  96.09  99.72  39013  957.965   151  211.329 1169.294
        53253.2  49.82   0.00  74.80  97.63  99.72  39021  958.151   151  211.329 1169.480
        53263.2   0.00  89.18  48.42  14.13  99.72  39028  958.361   152  212.779 1171.139
Timestamp         S0     S1     E      O      P     YGC     YGCT    FGC    FGCT     GCT   
        53273.2   0.00  47.52  42.18  16.85  99.72  39036  958.544   152  212.779 1171.322
        53283.2  52.88   0.00  78.99  18.61  99.72  39043  958.721   152  212.779 1171.500
        53293.2  46.41   0.00  37.50  20.36  99.72  39051  958.917   152  212.779 1171.695
        53303.2   0.00  53.61  84.60  21.86  99.72  39058  959.125   152  212.779 1171.903
        53313.2   0.00  22.05  59.48  25.61  99.72  39066  959.316   152  212.779 1172.094
        53323.2   0.00  31.62  35.26  28.28  99.72  39074  959.512   152  212.779 1172.291
        53333.2  41.94   0.00  84.79  29.88  99.72  39081  959.676   152  212.779 1172.455
        53343.2  40.00   0.00  36.47  31.91  99.72  39089  959.864   152  212.779 1172.642
        53353.2  63.40   0.00   2.78  34.39  99.72  39097  960.048   152  212.779 1172.827
        53363.2   0.00  66.52  85.37  36.70  99.72  39104  960.250   152  212.779 1173.029
Timestamp         S0     S1     E      O      P     YGC     YGCT    FGC    FGCT     GCT   
        53373.2   0.00  82.37  80.78  39.18  99.72  39112  960.434   152  212.779 1173.213
        53383.2   0.00  67.07  72.87  41.41  99.72  39120  960.641   152  212.779 1173.419
        53393.2   0.00  54.57  23.78  42.85  99.72  39128  960.860   152  212.779 1173.639
        53403.2  38.56   0.00  70.54  44.20  99.72  39135  961.005   152  212.779 1173.784
        53413.2  54.15   0.00  65.44  47.96  99.72  39143  961.281   152  212.779 1174.060
        53423.2  40.81   0.00  26.89  49.99  99.72  39151  961.460   152  212.779 1174.238
        53433.2   0.00  83.17  91.81  51.67  99.72  39158  961.647   152  212.779 1174.425
        53443.2   0.00  68.44  53.83  53.50  99.72  39166  961.841   152  212.779 1174.620
        53453.2  45.91   0.00  71.27  54.66  99.72  39173  962.006   152  212.779 1174.785
        53463.2  29.36   0.00  37.05  59.15  99.72  39181  962.220   152  212.779 1174.999
Timestamp         S0     S1     E      O      P     YGC     YGCT    FGC    FGCT     GCT   
        53473.2   0.00  35.83  91.72  60.67  99.72  39188  962.381   152  212.779 1175.160
        53483.2   0.00  43.75  66.67  62.80  99.72  39196  962.546   152  212.779 1175.325
        53493.2  56.00   0.00  96.50  64.02  99.72  39203  962.702   152  212.779 1175.480
        53503.2  73.04   0.00  96.04  66.50  99.72  39211  962.918   152  212.779 1175.696
        53513.2  44.54   0.00  59.72  68.01  99.72  39219  963.124   152  212.779 1175.902
        53523.2  24.64   0.00  28.37  70.83  99.72  39227  963.403   152  212.779 1176.181
        53533.2  46.52   0.00  11.37  72.64  99.72  39235  963.570   152  212.779 1176.348
        53543.2   0.00  57.77  47.97  73.89  99.72  39242  963.717   152  212.779 1176.496
        53553.2  40.99   0.00  86.63  75.14  99.72  39249  963.868   152  212.779 1176.646
        53563.2  53.46   0.00  45.43  76.77  99.72  39257  964.118   152  212.779 1176.897
Timestamp         S0     S1     E      O      P     YGC     YGCT    FGC    FGCT     GCT   
        53573.2  52.88   0.00  27.08  78.39  99.72  39265  964.296   152  212.779 1177.074
        53583.2  38.49   0.00   3.01  84.22  99.72  39273  964.522   152  212.779 1177.300
        53593.2   0.00  34.41  95.87  85.83  99.72  39280  964.678   152  212.779 1177.456
        53603.2   0.00  43.00  57.58  88.16  99.72  39288  964.899   152  212.779 1177.678
        53613.2  27.94   0.00  97.71  89.61  99.72  39295  965.080   152  212.779 1177.859
        53623.2  52.22   0.00  62.15  91.56  99.72  39303  965.291   152  212.779 1178.070
        53633.2  78.22   0.00   9.06  93.30  99.72  39311  965.498   152  212.779 1178.277
        53643.2   0.00  54.86  50.07  95.60  99.72  39318  965.676   152  212.779 1178.455
        53653.2   0.00  54.67   9.60  97.16  99.72  39326  965.923   152  212.779 1178.702
        53663.2  71.30   0.00  48.80  98.53  99.72  39333  966.109   152  212.779 1178.888
Timestamp         S0     S1     E      O      P     YGC     YGCT    FGC    FGCT     GCT   
        53673.2  40.53   0.00   0.00  99.79  99.72  39341  966.244   153  212.779 1179.023
        53683.2  59.64   0.00  81.82  22.06  99.72  39347  966.403   153  214.243 1180.646
        53693.2  53.71   0.00  75.93  23.86  99.72  39355  966.562   153  214.243 1180.805
        53703.2  39.64   0.00  29.28  25.98  99.72  39363  966.726   153  214.243 1180.969
        53713.2   0.00  99.71  61.70  27.12  99.72  39370  966.856   153  214.243 1181.099
        53723.2   0.00  67.45  23.70  29.29  99.72  39378  967.050   153  214.243 1181.293
        53733.2   0.00  56.75  17.04  31.56  99.72  39386  967.238   153  214.243 1181.481
        53743.2  36.48   0.00  78.49  32.91  99.72  39393  967.391   153  214.243 1181.634
        53753.2  65.05   0.00  51.88  34.73  99.72  39401  967.580   153  214.243 1181.823
        53763.2   0.00  48.87  77.95  36.31  99.72  39408  967.744   153  214.243 1181.987
Timestamp         S0     S1     E      O      P     YGC     YGCT    FGC    FGCT     GCT   
        53773.2   0.00  69.38   1.61  37.96  99.72  39416  967.963   153  214.243 1182.206
        53783.2  67.86   0.00  62.26  39.36  99.72  39423  968.110   153  214.243 1182.353
        53793.2   0.00  53.69  60.25  40.57  99.72  39430  968.257   153  214.243 1182.500
        53803.2   0.00 100.00   5.69  42.10  99.72  39438  968.417   153  214.243 1182.660
        53813.2  52.86   0.00  86.39  44.25  99.72  39445  968.594   153  214.243 1182.837
        53823.2  81.79   0.00  40.31  46.21  99.72  39453  968.795   153  214.243 1183.038
        53833.2  51.64   0.00  26.87  49.25  99.72  39461  968.977   153  214.243 1183.220
        53843.2   0.00  35.08 100.00  51.89  99.72  39469  969.145   153  214.243 1183.388
        53853.2   0.00  73.18  74.73  53.37  99.72  39476  969.329   153  214.243 1183.572
        53863.2   0.00  65.42  44.52  55.82  99.72  39484  969.604   153  214.243 1183.847
Timestamp         S0     S1     E      O      P     YGC     YGCT    FGC    FGCT     GCT   
        53873.3  57.34   0.00  90.97  57.33  99.72  39491  969.745   153  214.243 1183.989
        53883.2  36.94   0.00  60.69  60.71  99.72  39499  969.931   153  214.243 1184.174
        53893.2  29.39   0.00  28.86  62.66  99.72  39507  970.105   153  214.243 1184.348
        53903.2  41.61   0.00  18.75  65.74  99.72  39515  970.337   153  214.243 1184.580
        53913.3   0.00  33.91  72.22  67.32  99.72  39522  970.495   153  214.243 1184.738
        53923.2   0.00  99.52  52.41  69.63  99.72  39530  970.728   153  214.243 1184.972
        53933.3   0.00  79.07  39.16  72.28  99.72  39538  970.949   153  214.243 1185.192
        53943.2  75.69   0.00  35.63  73.50  99.72  39545  971.123   153  214.243 1185.367
        53953.2   0.00  45.86  95.32  76.83  99.72  39552  971.327   153  214.243 1185.570
        53963.3   0.00  40.35  51.97  78.21  99.72  39560  971.495   153  214.243 1185.738
Timestamp         S0     S1     E      O      P     YGC     YGCT    FGC    FGCT     GCT   
        53973.2  59.82   0.00  73.10  79.68  99.72  39567  971.651   153  214.243 1185.894
        53983.2  65.25   0.00  43.28  81.55  99.72  39575  971.819   153  214.243 1186.062
        53993.3  83.07   0.00  30.75  83.91  99.72  39583  972.065   153  214.243 1186.308
        54003.2  21.81   0.00  14.76  90.00  99.72  39591  972.412   153  214.243 1186.655
        54013.2   0.00  27.22  95.97  91.35  99.72  39598  972.561   153  214.243 1186.804
        54023.2   0.00  33.72  76.60  93.58  99.72  39606  972.777   153  214.243 1187.020
        54033.2   0.00  54.63  60.31  95.98  99.72  39614  973.029   153  214.243 1187.272
        54043.2   0.00  47.07   1.30  97.85  99.72  39622  973.235   153  214.243 1187.478
        54053.2  41.86   0.00  61.78  99.44  99.72  39629  973.433   153  214.243 1187.676
        54063.2   0.00  35.05   0.00  20.74  99.72  39636  973.614   154  215.702 1189.315
Timestamp         S0     S1     E      O      P     YGC     YGCT    FGC    FGCT     GCT   
        54073.3  30.87   0.00  41.38  21.96  99.72  39643  973.754   154  215.702 1189.456
        54083.2   0.00  43.12  85.83  23.05  99.72  39650  973.901   154  215.702 1189.603
        54093.3   0.00  57.12  61.93  26.39  99.72  39658  974.127   154  215.702 1189.829
        54103.2   0.00  38.19  66.77  29.95  99.72  39666  974.337   154  215.702 1190.039
        54113.3   0.00  41.63  47.25  31.94  99.72  39674  974.520   154  215.702 1190.222
        54123.3  87.67   0.00  99.09  33.55  99.72  39682  974.680   154  215.702 1190.382
        54133.3  44.69   0.00  85.18  36.53  99.72  39689  974.926   154  215.702 1190.628
        54143.3  56.35   0.00  30.70  38.45  99.72  39697  975.134   154  215.702 1190.836
        54153.3  48.81   0.00  22.53  42.33  99.72  39705  975.342   154  215.702 1191.043
        54163.3  46.30   0.00  10.56  44.36  99.72  39713  975.524   154  215.702 1191.225
Timestamp         S0     S1     E      O      P     YGC     YGCT    FGC    FGCT     GCT   
        54173.3   0.00  52.86  78.97  45.73  99.72  39720  975.663   154  215.702 1191.364
        54183.3   0.00  52.11   1.95  47.25  99.72  39728  975.848   154  215.702 1191.549
        54193.3  72.88   0.00  72.39  49.05  99.72  39735  976.009   154  215.702 1191.711
        54203.3  46.13   0.00  39.82  51.54  99.72  39743  976.224   154  215.702 1191.925
        54213.3   0.00  45.29  59.61  52.92  99.72  39750  976.360   154  215.702 1192.061
        54223.3   0.00  35.79  13.70  54.90  99.72  39758  976.561   154  215.702 1192.263
        54233.3   0.00  99.67   0.00  56.71  99.72  39766  976.752   154  215.702 1192.454
        54243.3  44.78   0.00  70.81  58.64  99.72  39773  976.916   154  215.702 1192.618
        54253.3   0.00  55.28  94.67  59.78  99.72  39780  977.077   154  215.702 1192.778
        54263.3   0.00  73.36  33.71  61.37  99.72  39788  977.259   154  215.702 1192.960
Timestamp         S0     S1     E      O      P     YGC     YGCT    FGC    FGCT     GCT   
        54273.3   0.00  52.96   8.48  62.99  99.72  39796  977.446   154  215.702 1193.148
        54283.3  65.61   0.00  95.75  64.42  99.72  39803  977.605   154  215.702 1193.307
        54293.3  60.12   0.00  61.47  65.86  99.72  39811  977.775   154  215.702 1193.477
        54303.3  65.62   0.00  12.74  67.29  99.72  39819  977.953   154  215.702 1193.655
        54313.3   0.00  99.55  81.28  68.40  99.72  39826  978.093   154  215.702 1193.795
        54323.3   0.00 100.00  55.01  70.57  99.72  39834  978.286   154  215.702 1193.988
        54333.3   0.00  99.79  34.47  73.29  99.72  39842  978.536   154  215.702 1194.237
        54343.3   0.00  41.16  21.04  76.29  99.72  39850  978.763   154  215.702 1194.465
        54353.3   0.00  99.75   0.00  78.92  99.72  39858  978.985   154  215.702 1194.687
        54363.3  81.59   0.00  67.69  80.83  99.72  39865  979.152   154  215.702 1194.853
Timestamp         S0     S1     E      O      P     YGC     YGCT    FGC    FGCT     GCT   
        54373.3   0.00  83.17  89.82  82.39  99.72  39872  979.319   154  215.702 1195.021
        54383.3   0.00  51.37  20.07  84.27  99.72  39880  979.496   154  215.702 1195.198
        54393.3  35.47   0.00  85.56  86.40  99.72  39887  979.680   154  215.702 1195.381
        54403.3  57.43   0.00  52.93  87.81  99.72  39895  979.882   154  215.702 1195.584
        54413.3   0.00  75.00  93.38  89.07  99.72  39902  980.030   154  215.702 1195.732
        54423.3   0.00  46.51  71.35  91.36  99.72  39910  980.240   154  215.702 1195.941
        54433.3   0.00  99.68  44.01  93.11  99.72  39918  980.506   154  215.702 1196.207
        54443.3   0.00  45.75  27.44  95.77  99.72  39926  980.784   154  215.702 1196.485
        54453.3   0.00  83.77   0.04  97.63  99.72  39934  981.005   154  215.702 1196.707
        54463.3  39.01   0.00  55.63  99.21  99.72  39941  981.233   154  215.702 1196.935
Timestamp         S0     S1     E      O      P     YGC     YGCT    FGC    FGCT     GCT   
        54473.3   0.00  24.25  44.75  22.24  99.72  39948  981.436   155  217.165 1198.602
        54483.3   0.00  26.10  12.27  25.32  99.72  39956  981.652   155  217.165 1198.817
        54493.3  69.29   0.00  72.84  26.42  99.72  39963  981.834   155  217.165 1198.999
        54503.3  61.43   0.00  48.39  28.34  99.72  39971  981.994   155  217.165 1199.159
        54513.3  62.88   0.00  31.25  30.46  99.72  39979  982.172   155  217.165 1199.338
        54523.3   0.00  42.35  92.07  31.98  99.72  39986  982.333   155  217.165 1199.499
        54533.3   0.00  68.97  61.01  33.72  99.72  39994  982.530   155  217.165 1199.695
        54543.3  88.08   0.00 100.00  34.98  99.72  40002  982.684   155  217.165 1199.849
        54553.3  56.84   0.00  79.42  39.09  99.72  40009  982.940   155  217.165 1200.105
        54563.3  32.57   0.00  55.31  41.39  99.72  40017  983.257   155  217.165 1200.423
Timestamp         S0     S1     E      O      P     YGC     YGCT    FGC    FGCT     GCT   
        54573.3  30.49   0.00  26.56  42.95  99.72  40025  983.464   155  217.165 1200.629
        54583.3   0.00  28.92  84.67  44.27  99.72  40032  983.619   155  217.165 1200.784
        54593.3   0.00  99.65  55.12  46.11  99.72  40040  983.773   155  217.165 1200.938
        54603.3   0.00  29.52  47.91  51.07  99.72  40048  984.024   155  217.165 1201.190
        54613.3   0.00  99.74  72.82  54.18  99.72  40056  984.248   155  217.165 1201.413
        54623.3   0.00  38.77  47.31  56.13  99.72  40064  984.451   155  217.165 1201.616
        54633.3   0.00  39.45   3.26  57.62  99.72  40072  984.619   155  217.165 1201.784
        54643.3  84.01   0.00  77.13  59.09  99.72  40079  984.833   155  217.165 1201.999
        54653.3  68.38   0.00  54.76  60.92  99.72  40087  985.049   155  217.165 1202.215
        54663.3  44.51   0.00  38.12  65.34  99.72  40095  985.285   155  217.165 1202.450
Timestamp         S0     S1     E      O      P     YGC     YGCT    FGC    FGCT     GCT   
        54673.3   0.00  99.53  93.08  67.24  99.72  40102  985.456   155  217.165 1202.621
        54683.3   0.00  37.33  36.15  68.77  99.72  40110  985.650   155  217.165 1202.816
        54693.3  77.09   0.00  80.89  69.73  99.72  40117  985.799   155  217.165 1202.965
        54703.3  43.45   0.00  28.25  71.34  99.72  40125  986.006   155  217.165 1203.171
        54713.3   0.00  51.69  92.36  72.72  99.72  40132  986.154   155  217.165 1203.319
        54723.3   0.00  99.66  19.41  73.95  99.72  40140  986.334   155  217.165 1203.500
        54733.3 100.00   0.00 100.00  75.90  99.72  40148  986.517   155  217.165 1203.682
        54743.3  94.26   0.00  79.17  78.14  99.72  40155  986.740   155  217.165 1203.905
        54753.3  45.71   0.00  69.41  80.47  99.72  40163  986.942   155  217.165 1204.107
        54763.3  26.26   0.00  24.52  82.93  99.72  40171  987.145   155  217.165 1204.310
Timestamp         S0     S1     E      O      P     YGC     YGCT    FGC    FGCT     GCT   
        54773.3  56.56   0.00   1.00  84.05  99.72  40179  987.361   155  217.165 1204.526
        54783.3   0.00  99.47  68.13  85.95  99.72  40186  987.526   155  217.165 1204.691
        54793.3   0.00  28.09  54.71  89.68  99.72  40194  987.826   155  217.165 1204.991
        54803.3   0.00  52.35  42.28  91.75  99.72  40202  988.029   155  217.165 1205.195
        54813.3   0.00  33.19  46.61  94.31  99.72  40210  988.292   155  217.165 1205.457
        54823.3   0.00  55.80  37.59  96.48  99.72  40218  988.501   155  217.165 1205.666
        54833.3   0.00  55.76  38.01  98.64  99.72  40226  988.698   155  217.165 1205.863
        54843.3  13.30   0.00  28.00  18.39  99.72  40232  989.200   156  218.973 1208.173
        54853.4  44.44   0.00  37.06  20.66  99.72  40240  989.376   156  218.973 1208.349
        54863.3  42.77   0.00  15.91  22.37  99.72  40248  989.588   156  218.973 1208.562
Timestamp         S0     S1     E      O      P     YGC     YGCT    FGC    FGCT     GCT   
        54873.4   0.00  29.53  96.59  23.98  99.72  40255  989.741   156  218.973 1208.714
        54883.4   0.00  57.38  64.31  25.61  99.72  40263  989.901   156  218.973 1208.874
        54893.4   0.00  18.46  66.17  29.52  99.72  40271  990.084   156  218.973 1209.057
        54903.4   0.00  99.79  43.50  31.78  99.72  40279  990.282   156  218.973 1209.256
        54913.3   0.00  67.80  17.47  34.77  99.72  40287  990.472   156  218.973 1209.445
        54923.3   0.00 100.00   4.72  36.96  99.72  40295  990.652   156  218.973 1209.626
        54933.3  54.96   0.00  89.88  39.58  99.72  40302  990.809   156  218.973 1209.783
        54943.3  48.42   0.00  34.12  41.07  99.72  40310  990.962   156  218.973 1209.936
        54953.3  55.00   0.00   2.55  42.79  99.72  40318  991.107   156  218.973 1210.081
        54963.3   0.00  99.81  90.51  47.41  99.72  40325  991.361   156  218.973 1210.334
Timestamp         S0     S1     E      O      P     YGC     YGCT    FGC    FGCT     GCT   
        54973.4  17.93  26.85 100.00  50.26  99.72  40334  991.617   156  218.973 1210.591
        54983.3   0.00  19.04  37.64  51.76  99.72  40341  991.811   156  218.973 1210.785
        54993.3   0.00  53.03  21.94  52.98  99.72  40349  991.976   156  218.973 1210.950
        55003.3  43.67   0.00  78.21  54.19  99.72  40356  992.136   156  218.973 1211.110
        55013.4 100.00   0.00  46.16  56.43  99.72  40364  992.320   156  218.973 1211.293
        55023.3  81.52   0.00  32.16  59.67  99.72  40372  992.598   156  218.973 1211.571
        55033.3  36.22   0.00  45.96  63.71  99.72  40380  992.838   156  218.973 1211.812
        55043.4  49.82   0.00  60.75  66.35  99.72  40388  993.045   156  218.973 1212.019
        55053.4  49.33   0.00  55.95  68.21  99.72  40396  993.213   156  218.973 1212.186
        55063.3  72.71   0.00  29.59  70.23  99.72  40404  993.429   156  218.973 1212.402
Timestamp         S0     S1     E      O      P     YGC     YGCT    FGC    FGCT     GCT   
        55073.3  35.00   0.00  11.32  72.94  99.72  40412  993.648   156  218.973 1212.621
        55083.4   0.00 100.00  88.46  75.32  99.72  40419  993.885   156  218.973 1212.858
        55093.3  43.66   0.00   0.00  80.75  99.72  40428  994.174   156  218.973 1213.148
        55103.4   0.00  26.40  91.30  82.98  99.72  40435  994.490   156  218.973 1213.463
        55113.4   0.00  62.50  73.03  84.64  99.72  40443  994.709   156  218.973 1213.683
        55123.4   0.00 100.00  79.66  88.73  99.72  40451  994.951   156  218.973 1213.925
        55133.3   0.00  20.86  49.14  91.86  99.72  40459  995.224   156  218.973 1214.197
        55143.4   0.00  32.72   3.30  93.78  99.72  40467  995.444   156  218.973 1214.418
        55153.3  62.83   0.00  66.19  95.10  99.72  40474  995.616   156  218.973 1214.590
        55163.4   0.00  35.43  97.49  96.84  99.72  40481  995.778   156  218.973 1214.751
Timestamp         S0     S1     E      O      P     YGC     YGCT    FGC    FGCT     GCT   
        55173.4   0.00  75.84  64.89  98.43  99.72  40489  995.982   156  218.973 1214.955
        55183.4 100.00   0.00  12.92  18.78  99.72  40496  996.141   157  220.449 1216.590
        55193.4   0.00  29.88  28.48  19.99  99.72  40503  996.273   157  220.449 1216.722
        55203.3  64.45   0.00  87.25  21.68  99.72  40510  996.430   157  220.449 1216.879
        55213.4  25.66   0.00  42.40  23.82  99.72  40518  996.599   157  220.449 1217.049
        55223.4   0.00  72.89  64.95  24.69  99.72  40525  996.746   157  220.449 1217.196
        55233.3   0.00  27.66  46.75  29.05  99.72  40533  996.976   157  220.449 1217.425
        55243.3   0.00  25.81  35.05  31.29  99.72  40541  997.151   157  220.449 1217.601
        55253.4   0.00  44.44  17.44  33.19  99.72  40549  997.358   157  220.449 1217.807
        55263.4  47.21   0.00  90.57  35.27  99.72  40556  997.557   157  220.449 1218.006
Timestamp         S0     S1     E      O      P     YGC     YGCT    FGC    FGCT     GCT   
        55273.4  60.93   0.00  53.22  37.48  99.72  40564  997.725   157  220.449 1218.174
        55283.4  37.59   0.00  62.12  43.38  99.72  40572  997.978   157  220.449 1218.427
        55293.4  34.04   0.00  68.19  45.70  99.72  40580  998.219   157  220.449 1218.669
        55303.3  28.38   0.00  23.55  47.09  99.72  40588  998.396   157  220.449 1218.845
        55313.4  65.73   0.00  19.57  48.50  99.72  40596  998.588   157  220.449 1219.037
        55323.4   0.00  33.41  75.86  50.70  99.72  40603  998.771   157  220.449 1219.220
        55333.4   0.00  52.13   8.64  52.02  99.72  40611  998.938   157  220.449 1219.387
        55343.4   0.00 100.00  89.19  53.57  99.72  40617  999.090   157  220.449 1219.539
        55353.4   0.00  48.77  49.22  55.78  99.72  40625  999.308   157  220.449 1219.757
        55363.4   0.00  46.96  32.84  57.75  99.72  40633  999.479   157  220.449 1219.928
Timestamp         S0     S1     E      O      P     YGC     YGCT    FGC    FGCT     GCT   
        55373.4  94.35   0.00  89.75  58.87  99.72  40640  999.638   157  220.449 1220.088
        55383.4  63.37   0.00   5.52  60.42  99.72  40648  999.809   157  220.449 1220.258
        55393.4   0.00  55.15  81.86  61.81  99.72  40655  999.955   157  220.449 1220.404
        55403.4   0.00  46.79  32.10  63.26  99.72  40663 1000.131   157  220.449 1220.580
        55413.4   0.00 100.00   6.64  66.45  99.72  40671 1000.346   157  220.449 1220.796
        55423.4   0.00  20.79  11.90  69.64  99.72  40679 1000.547   157  220.449 1220.996
        55433.4   0.00  19.57   9.84  71.96  99.72  40687 1000.759   157  220.449 1221.208
        55443.4  56.19   0.00  80.66  73.28  99.72  40694 1000.941   157  220.449 1221.390
        55453.4  51.06   0.00  43.42  75.02  99.72  40702 1001.141   157  220.449 1221.591
        55463.4  71.43   0.00  20.53  76.90  99.72  40710 1001.322   157  220.449 1221.771
Timestamp         S0     S1     E      O      P     YGC     YGCT    FGC    FGCT     GCT   
        55473.4   0.00  66.03  64.86  78.29  99.72  40717 1001.478   157  220.449 1221.927
        55483.4   0.00 100.00  38.30  79.97  99.72  40725 1001.660   157  220.449 1222.109
        55493.4   0.00  48.28  33.40  83.96  99.72  40733 1001.897   157  220.449 1222.346
        55503.4   0.00  62.64  31.58  86.41  99.72  40741 1002.169   157  220.449 1222.618
        55513.4  24.68   0.00  81.90  87.96  99.72  40748 1002.317   157  220.449 1222.766
        55523.4  60.65   0.00  46.43  89.69  99.72  40756 1002.505   157  220.449 1222.954
        55533.4  33.71   0.00  14.01  91.79  99.72  40764 1002.693   157  220.449 1223.143
        55543.4  62.37   0.00   8.94  93.46  99.72  40772 1002.877   157  220.449 1223.326
        55553.4   0.00  52.10  53.64  94.72  99.72  40779 1003.026   157  220.449 1223.476
        55563.4   0.00  45.74   4.50  98.30  99.72  40787 1003.253   157  220.449 1223.702
Timestamp         S0     S1     E      O      P     YGC     YGCT    FGC    FGCT     GCT   
        55573.4   0.00  99.42  61.79  20.05  99.72  40793 1003.435   158  222.019 1225.454
        55583.4   0.00  29.92  47.57  22.09  99.72  40801 1003.637   158  222.019 1225.655
        55593.4   0.00  99.73  42.52  23.85  99.72  40809 1003.817   158  222.019 1225.836
        55603.4   0.00  52.94  48.60  27.08  99.72  40817 1004.012   158  222.019 1226.031
        55613.4   0.00  99.51  23.60  29.15  99.72  40825 1004.195   158  222.019 1226.214
        55623.4  57.18   0.00  49.43  30.44  99.72  40832 1004.336   158  222.019 1226.354
        55633.4  71.91   0.00  45.57  32.44  99.72  40840 1004.505   158  222.019 1226.524
        55643.4  31.76   0.00  36.58  35.12  99.72  40848 1004.684   158  222.019 1226.703
        55653.4  75.25   0.00  22.26  36.97  99.72  40856 1004.907   158  222.019 1226.925
        55663.4   0.00 100.00  89.11  38.80  99.72  40863 1005.086   158  222.019 1227.105
Timestamp         S0     S1     E      O      P     YGC     YGCT    FGC    FGCT     GCT   
        55673.4   0.00  99.68  69.54  41.22  99.72  40871 1005.272   158  222.019 1227.290
        55683.4   0.00  23.44  50.29  46.74  99.72  40879 1005.529   158  222.019 1227.548
        55693.4   0.00  46.06  56.04  48.33  99.72  40887 1005.727   158  222.019 1227.746
        55703.4   0.00  58.40  54.53  51.36  99.72  40895 1005.959   158  222.019 1227.978
        55713.4   0.00 100.00  23.21  54.17  99.72  40903 1006.163   158  222.019 1228.182
        55723.4  37.95   0.00  96.88  55.71  99.72  40910 1006.368   158  222.019 1228.387
        55733.4  64.25   0.00  58.49  57.58  99.72  40918 1006.565   158  222.019 1228.584
        55743.4   0.00  34.10  92.92  59.21  99.72  40925 1006.717   158  222.019 1228.736
        55753.4   0.00  73.29  48.77  60.75  99.72  40933 1006.896   158  222.019 1228.915
        55763.4   0.00  21.75  38.39  64.84  99.72  40941 1007.107   158  222.019 1229.125
Timestamp         S0     S1     E      O      P     YGC     YGCT    FGC    FGCT     GCT   
        55773.4   0.00  50.19  51.53  66.41  99.72  40949 1007.279   158  222.019 1229.297
        55783.4   0.00 100.00  41.17  69.60  99.72  40957 1007.512   158  222.019 1229.531
        55793.4   0.00  45.23  40.16  72.90  99.72  40965 1007.770   158  222.019 1229.789
        55803.4  33.73   0.00  97.32  74.82  99.72  40972 1007.923   158  222.019 1229.942
        55813.4  80.57   0.00  61.96  76.33  99.72  40980 1008.136   158  222.019 1230.154
        55823.4  34.73   0.00  20.32  78.93  99.72  40988 1008.364   158  222.019 1230.383
        55833.4   0.00 100.00  84.96  80.17  99.72  40995 1008.536   158  222.019 1230.555
        55843.4   0.00  99.82  73.63  84.18  99.72  41003 1008.797   158  222.019 1230.815
        55853.4   0.00  30.40  34.17  87.67  99.72  41011 1009.015   158  222.019 1231.034
        55863.4  27.78   0.00  92.31  89.60  99.72  41018 1009.262   158  222.019 1231.280
Timestamp         S0     S1     E      O      P     YGC     YGCT    FGC    FGCT     GCT   
        55873.4  47.91   0.00  51.34  91.27  99.72  41026 1009.438   158  222.019 1231.457
        55883.4  60.48   0.00  39.39  93.78  99.72  41034 1009.706   158  222.019 1231.725
        55893.4  63.92   0.00  18.49  95.69  99.72  41042 1009.895   158  222.019 1231.914
        55903.4   0.00  48.60  98.72  97.47  99.72  41049 1010.061   158  222.019 1232.080
        55913.4   0.00  60.78  44.17  98.92  99.72  41057 1010.244   158  222.019 1232.263
        55923.4   0.00 100.00  67.40  19.42  99.72  41063 1010.377   159  223.485 1233.862
        55933.4   0.00 100.00  23.54  12.84  99.72  41067 1010.492   160  224.443 1234.935
        55943.4   0.00  99.85  38.37  15.91  99.72  41075 1010.792   160  224.443 1235.235
        55953.4   0.00  36.32  75.40  16.38  99.72  41083 1011.097   160  224.443 1235.540
        55963.4   0.00  23.66  89.11  16.50  99.72  41091 1011.295   160  224.443 1235.738
Timestamp         S0     S1     E      O      P     YGC     YGCT    FGC    FGCT     GCT   
        55973.4   0.00  21.48  96.15  16.57  99.72  41099 1011.434   160  224.443 1235.877
        55983.4   0.00  37.17  67.93  16.63  99.72  41107 1011.585   160  224.443 1236.028
        55993.4   0.00  68.91  48.11  16.64  99.72  41115 1011.768   160  224.443 1236.211
        56003.4  48.99   0.00  96.93  16.65  99.72  41122 1011.897   160  224.443 1236.340
        56013.4  69.90   0.00  80.88  16.67  99.72  41130 1012.065   160  224.443 1236.508
        56023.4  38.68   0.00  54.65  16.69  99.72  41138 1012.214   160  224.443 1236.657
        56033.4  66.19   0.00  26.64  16.75  99.72  41146 1012.372   160  224.443 1236.815
        56043.4   0.00  99.73  79.20  16.76  99.72  41153 1012.508   160  224.443 1236.951
        56053.4   0.00 100.00  35.45  16.85  99.72  41161 1012.649   160  224.443 1237.092
        56063.4  66.57   0.00  98.37  16.87  99.72  41168 1012.801   160  224.443 1237.244
Timestamp         S0     S1     E      O      P     YGC     YGCT    FGC    FGCT     GCT   
        56073.4  33.97   0.00  81.12  16.90  99.72  41176 1012.962   160  224.443 1237.405
        56083.4   0.00  65.76  99.83  16.91  99.72  41184 1013.087   160  224.443 1237.530
        56093.4   0.00  43.68  78.88  16.93  99.72  41191 1013.253   160  224.443 1237.696
        56103.4   0.00  65.43  11.71  16.95  99.72  41199 1013.405   160  224.443 1237.848
        56113.4  80.72   0.00  46.35  17.01  99.72  41206 1013.523   160  224.443 1237.966
        56123.4  63.99   0.00   9.05  17.80  99.72  41214 1013.741   160  224.443 1238.184
        56133.4  47.51   0.00   2.69  18.09  99.72  41222 1014.003   160  224.443 1238.446
        56143.4  35.77   0.00  13.76  18.39  99.72  41230 1014.230   160  224.443 1238.673
        56153.4   0.00  53.88  89.72  18.41  99.72  41237 1014.414   160  224.443 1238.857
        56163.4   0.00  30.10  29.91  18.43  99.72  41245 1014.577   160  224.443 1239.020
Timestamp         S0     S1     E      O      P     YGC     YGCT    FGC    FGCT     GCT   
        56173.4  27.13   0.00  88.07  18.46  99.72  41252 1014.719   160  224.443 1239.162
        56183.4  61.94   0.00  29.59  18.47  99.72  41260 1014.934   160  224.443 1239.377
        56193.4  54.09   0.00  27.22  18.48  99.72  41268 1015.061   160  224.443 1239.504
        56203.4   0.00  40.12  84.44  18.51  99.72  41275 1015.208   160  224.443 1239.651
        56213.4   0.00 100.00  86.68  20.73  99.72  41283 1015.415   160  224.443 1239.858
        56223.4   0.00  64.41  74.06  20.74  99.72  41291 1015.654   160  224.443 1240.096
        56233.4   0.00 100.00  60.95  21.77  99.72  41299 1015.859   160  224.443 1240.302
        56243.4   0.00  30.51  57.00  21.80  99.72  41307 1016.005   160  224.443 1240.448
        56253.4   0.00  31.23  41.98  21.82  99.72  41315 1016.165   160  224.443 1240.608
        56263.4   0.00  38.08  35.03  21.84  99.72  41323 1016.317   160  224.443 1240.760
Timestamp         S0     S1     E      O      P     YGC     YGCT    FGC    FGCT     GCT   
        56273.4   0.00  53.72   4.00  21.87  99.72  41331 1016.493   160  224.443 1240.936
        56283.4  51.75   0.00  27.25  21.92  99.72  41338 1016.628   160  224.443 1241.071
        56293.4   0.00  42.99  68.45  21.97  99.72  41345 1016.769   160  224.443 1241.212
        56303.4  51.80   0.00  98.56  21.99  99.72  41352 1016.896   160  224.443 1241.339
        56313.4  70.98   0.00  73.32  22.03  99.72  41360 1017.052   160  224.443 1241.495
        56323.4  80.36   0.00  45.08  22.07  99.72  41368 1017.198   160  224.443 1241.641
        56333.4  84.29   0.00  21.66  22.10  99.72  41376 1017.357   160  224.443 1241.800
        56343.4   0.00  78.09  82.40  22.20  99.72  41383 1017.510   160  224.443 1241.953
        56353.4   0.00  69.38  18.30  22.39  99.72  41391 1017.669   160  224.443 1242.112
        56363.4  74.65   0.00  88.50  22.61  99.72  41398 1017.849   160  224.443 1242.292
Timestamp         S0     S1     E      O      P     YGC     YGCT    FGC    FGCT     GCT   
        56373.4  35.39   0.00  49.59  22.95  99.72  41406 1018.027   160  224.443 1242.470
        56383.4  57.14   0.00  43.53  22.98  99.72  41414 1018.203   160  224.443 1242.646
        56393.4  74.22   0.00  34.31  23.03  99.72  41422 1018.371   160  224.443 1242.814
        56403.4  72.78   0.00   0.00  23.08  99.72  41430 1018.601   160  224.443 1243.044
        56413.4  77.78   0.00  10.57  23.16  99.72  41438 1018.772   160  224.443 1243.215
        56423.4   0.00  28.31  70.92  23.21  99.72  41445 1018.908   160  224.443 1243.351
        56433.4   0.00  34.06  34.77  23.23  99.72  41453 1019.035   160  224.443 1243.478
        56443.4  50.31   0.00  91.58  23.29  99.72  41460 1019.170   160  224.443 1243.613
        56453.4  54.69   0.00  56.26  23.30  99.72  41468 1019.326   160  224.443 1243.769
        56463.4  60.65   0.00   9.62  23.40  99.72  41476 1019.514   160  224.443 1243.957
Timestamp         S0     S1     E      O      P     YGC     YGCT    FGC    FGCT     GCT   
        56473.4   0.00  99.58  66.03  23.42  99.72  41483 1019.641   160  224.443 1244.084
        56483.4  44.82   0.00  78.10  23.46  99.72  41490 1019.767   160  224.443 1244.210
        56493.4  68.71   0.00  24.40  23.51  99.72  41498 1019.931   160  224.443 1244.374
        56503.5   0.00 100.00  82.67  27.04  99.72  41505 1020.135   160  224.443 1244.578
        56513.4  56.55   0.00  20.44  27.06  99.72  41514 1020.431   160  224.443 1244.874
        56523.4  24.88   0.00  33.25  27.87  99.72  41522 1020.625   160  224.443 1245.068
        56533.5  24.03   0.00  35.28  27.89  99.72  41530 1020.764   160  224.443 1245.207
        56543.4  26.49   0.00  40.06  27.90  99.72  41538 1020.940   160  224.443 1245.383
        56553.5  56.19   0.00  50.96  27.92  99.72  41546 1021.084   160  224.443 1245.527
        56563.4  56.52   0.00  12.39  27.94  99.72  41554 1021.266   160  224.443 1245.709
Timestamp         S0     S1     E      O      P     YGC     YGCT    FGC    FGCT     GCT   
        56573.4   0.00  76.94  98.41  27.95  99.72  41561 1021.417   160  224.443 1245.860
        56583.4   0.00  99.83  74.81  28.66  99.72  41569 1021.636   160  224.443 1246.079
        56593.5   0.00  64.32  86.02  28.69  99.72  41577 1021.861   160  224.443 1246.304
        56603.5  19.41   0.00  18.69  29.55  99.72  41586 1022.056   160  224.443 1246.499
        56613.5  33.49   0.00  47.15  29.57  99.72  41594 1022.238   160  224.443 1246.681
        56623.4  34.77   0.00  37.86  29.60  99.72  41602 1022.424   160  224.443 1246.867
        56633.4  42.36   0.00  23.59  29.67  99.72  41610 1022.596   160  224.443 1247.039
        56643.5   0.00  57.94  64.76  29.69  99.72  41617 1022.839   160  224.443 1247.282
        56653.5   0.00  76.44  48.14  29.70  99.72  41625 1023.018   160  224.443 1247.461
        56663.4  96.82   0.00  98.74  29.71  99.72  41633 1023.167   160  224.443 1247.610
Timestamp         S0     S1     E      O      P     YGC     YGCT    FGC    FGCT     GCT   
        56673.4  59.09   0.00  32.17  29.75  99.72  41640 1023.327   160  224.443 1247.770
        56683.4   0.00  77.85  89.40  29.76  99.72  41647 1023.477   160  224.443 1247.920
        56693.4   0.00  53.61  11.67  29.93  99.72  41655 1024.385   160  224.443 1248.828
        56703.4  63.76   0.00  57.20  30.12  99.72  41662 1024.555   160  224.443 1248.998
        56713.4  42.05   0.00  10.47  30.12  99.72  41670 1024.703   160  224.443 1249.146
        56723.5  71.03   0.00   0.00  30.17  99.72  41678 1024.850   160  224.443 1249.293
        56733.4   0.00  80.23  62.78  30.18  99.72  41685 1024.981   160  224.443 1249.424
        56743.5   0.00  54.69   2.00  30.27  99.72  41693 1025.165   160  224.443 1249.608
        56753.5 100.00   0.00  94.16  31.56  99.72  41700 1025.338   160  224.443 1249.781
        56763.5  60.22   0.00  43.49  31.57  99.72  41708 1025.537   160  224.443 1249.980
Timestamp         S0     S1     E      O      P     YGC     YGCT    FGC    FGCT     GCT   
        56773.5  26.79   0.00  20.49  32.00  99.72  41716 1025.731   160  224.443 1250.174
        56783.5  43.53   0.00   8.46  32.04  99.72  41724 1025.886   160  224.443 1250.329
        56793.5   0.00  40.98  56.72  32.05  99.72  41731 1025.999   160  224.443 1250.442
        56803.4   0.00  99.58  31.91  32.12  99.72  41739 1026.147   160  224.443 1250.590
        56813.4   0.00  48.57   0.00  32.14  99.72  41747 1026.316   160  224.443 1250.759
        56823.4  65.25   0.00  68.60  32.21  99.72  41754 1026.475   160  224.443 1250.918
        56833.5  62.95   0.00  69.91  32.24  99.72  41762 1026.633   160  224.443 1251.075
        56843.5  57.37   0.00  28.98  32.30  99.72  41770 1026.782   160  224.443 1251.225
        56853.5   0.00  41.00  59.57  32.31  99.72  41777 1026.923   160  224.443 1251.366
        56863.5   0.00  62.17  15.61  32.33  99.72  41785 1027.095   160  224.443 1251.538
Timestamp         S0     S1     E      O      P     YGC     YGCT    FGC    FGCT     GCT   
        56873.4   0.00  60.52   0.62  34.03  99.72  41793 1027.326   160  224.443 1251.769
        56883.5  65.73   0.00  56.62  34.05  99.72  41800 1027.547   160  224.443 1251.990
        56893.5  32.02   0.00  22.62  34.88  99.72  41808 1027.692   160  224.443 1252.135
        56903.5   0.00  37.72  97.03  34.89  99.72  41815 1027.822   160  224.443 1252.265
        56913.5   0.00  61.99  88.46  34.95  99.72  41823 1027.961   160  224.443 1252.404
        56923.5   0.00  55.56  37.57  34.97  99.72  41831 1028.106   160  224.443 1252.549
        56933.5  37.18   0.00  58.62  35.00  99.72  41838 1028.231   160  224.443 1252.674
        56943.5  81.61   0.00   2.96  35.02  99.72  41846 1028.467   160  224.443 1252.910
        56953.5   0.00  29.56  65.60  35.03  99.72  41853 1028.619   160  224.443 1253.062
        56963.5   0.00 100.00  15.11  37.12  99.72  41861 1028.807   160  224.443 1253.250
Timestamp         S0     S1     E      O      P     YGC     YGCT    FGC    FGCT     GCT   
        56973.5   0.00  99.81   8.81  38.44  99.72  41869 1029.039   160  224.443 1253.482
        56983.5   0.00  47.04  33.06  39.11  99.72  41877 1029.252   160  224.443 1253.695
        56993.5   0.00  22.14  14.22  39.45  99.72  41885 1029.381   160  224.443 1253.824
        57003.5  29.44   0.00  70.95  39.46  99.72  41892 1029.510   160  224.443 1253.953
        57013.5  34.55   0.00  75.69  39.48  99.72  41900 1029.671   160  224.443 1254.114
        57023.5  57.40   0.00  47.78  39.49  99.72  41908 1029.820   160  224.443 1254.263
        57033.5  43.49   0.00  14.98  39.57  99.72  41916 1029.970   160  224.443 1254.413
        57043.5   0.00  66.36  75.53  39.59  99.72  41923 1030.099   160  224.443 1254.542
        57053.5   0.00  99.58  67.33  39.60  99.72  41931 1030.282   160  224.443 1254.725
        57063.5   0.00  99.75  30.63  40.84  99.72  41939 1030.487   160  224.443 1254.930
Timestamp         S0     S1     E      O      P     YGC     YGCT    FGC    FGCT     GCT   
        57073.5   0.00  56.93   0.00  40.85  99.72  41947 1030.711   160  224.443 1255.154
        57083.5  41.59   0.00  92.92  41.49  99.72  41954 1030.917   160  224.443 1255.360
        57093.5  56.53   0.00  94.54  41.51  99.72  41962 1031.057   160  224.443 1255.500
        57103.5   0.00  56.00   4.10  41.54  99.72  41971 1031.237   160  224.443 1255.680
        57113.5   0.00  99.70  16.98  41.60  99.72  41979 1031.414   160  224.443 1255.857
        57123.5  62.43   0.00  99.99  41.62  99.72  41987 1031.557   160  224.443 1256.000
        57133.5  37.90   0.00  80.02  41.68  99.72  41994 1031.734   160  224.443 1256.177
        57143.5  55.95   0.00  42.56  41.69  99.72  42002 1031.876   160  224.443 1256.319
        57153.5   0.00  50.85  67.59  41.79  99.72  42009 1032.034   160  224.443 1256.477
        57163.5   0.00  50.00  39.80  41.80  99.72  42017 1032.204   160  224.443 1256.647
Timestamp         S0     S1     E      O      P     YGC     YGCT    FGC    FGCT     GCT   
        57173.5  70.18   0.00  89.55  41.82  99.72  42024 1032.348   160  224.443 1256.791
        57183.5  78.02   0.00  18.32  41.91  99.72  42032 1032.589   160  224.443 1257.032
        57193.5   0.00  56.43  71.56  41.96  99.72  42039 1032.736   160  224.443 1257.179
        57203.5   0.00  48.08   0.00  41.99  99.72  42047 1032.874   160  224.443 1257.317
        57213.5  36.49   0.00  94.00  42.08  99.72  42054 1033.026   160  224.443 1257.469
        57223.5  73.91   0.00  65.58  42.10  99.72  42062 1033.181   160  224.443 1257.624
        57233.5  36.29   0.00  47.24  42.16  99.72  42070 1033.345   160  224.443 1257.788
        57243.5  52.38   0.00   2.75  42.17  99.72  42078 1033.635   160  224.443 1258.078
        57253.5   0.00  64.61  43.02  42.19  99.72  42085 1033.761   160  224.443 1258.204
        57263.5  58.97   0.00  92.88  42.20  99.72  42092 1033.886   160  224.443 1258.329
Timestamp         S0     S1     E      O      P     YGC     YGCT    FGC    FGCT     GCT   
        57273.5  98.77   0.00  97.10  42.24  99.72  42100 1034.099   160  224.443 1258.542
        57283.5   0.00  79.03   0.00  42.26  99.72  42109 1034.308   160  224.443 1258.751
        57293.5  37.50   0.00  69.29  42.42  99.72  42116 1034.483   160  224.443 1258.926
        57303.5  55.51   0.00  44.94  42.44  99.72  42124 1034.641   160  224.443 1259.084
        57313.5  64.66   0.00  34.23  42.45  99.72  42132 1034.822   160  224.443 1259.265
        57323.5   0.00  33.76  90.25  42.49  99.72  42139 1035.049   160  224.443 1259.492
        57333.5   0.00  69.46  58.82  42.51  99.72  42147 1035.219   160  224.443 1259.662
        57343.5   0.00  46.01  10.01  42.53  99.72  42155 1035.426   160  224.443 1259.868
        57353.5  66.05   0.00  48.99  42.54  99.72  42162 1035.548   160  224.443 1259.991
        57363.5   0.00  51.83  80.99  42.56  99.72  42169 1035.691   160  224.443 1260.134
Timestamp         S0     S1     E      O      P     YGC     YGCT    FGC    FGCT     GCT   
        57373.5   0.00  45.00  37.70  42.57  99.72  42177 1035.852   160  224.443 1260.295
        57383.5   0.00  99.58  41.01  42.58  99.72  42185 1036.012   160  224.443 1260.455
        57393.5   0.00  40.50   0.38  42.65  99.72  42193 1036.165   160  224.443 1260.608
        57403.5  55.03   0.00  51.76  42.72  99.72  42200 1036.314   160  224.443 1260.757
        57413.5  61.71   0.00  26.17  42.82  99.72  42208 1036.471   160  224.443 1260.914
        57423.5  65.85   0.00   0.00  44.88  99.72  42216 1036.731   160  224.443 1261.174
        57433.5  67.64   0.00   0.00  44.94  99.72  42224 1036.941   160  224.443 1261.384
        57443.5   0.00  20.40  75.35  45.63  99.72  42231 1037.102   160  224.443 1261.545
        57453.5   0.00  42.66  52.79  45.65  99.72  42239 1037.252   160  224.443 1261.695
        57463.5  53.78   0.00  98.96  45.66  99.72  42246 1037.373   160  224.443 1261.816
Timestamp         S0     S1     E      O      P     YGC     YGCT    FGC    FGCT     GCT   
        57473.5  74.72   0.00  53.16  45.71  99.72  42254 1037.508   160  224.443 1261.951
        57483.5   0.00  36.46  76.84  45.72  99.72  42261 1037.658   160  224.443 1262.101
        57493.5   0.00  75.45  57.98  45.74  99.72  42269 1037.812   160  224.443 1262.255
        57503.5   0.00  86.46  13.62  45.80  99.72  42277 1037.951   160  224.443 1262.394
        57513.5  56.29   0.00  50.91  45.82  99.72  42284 1038.089   160  224.443 1262.532
        57523.6  74.63   0.00  23.06  48.43  99.72  42292 1038.311   160  224.443 1262.754
        57533.5  66.03   0.00  60.85  48.44  99.72  42300 1038.582   160  224.443 1263.025
        57543.5  16.39   0.00   3.52  49.45  99.72  42306 1038.763   160  224.443 1263.206
        57553.5  23.95   0.00  34.12  49.47  99.72  42314 1038.901   160  224.443 1263.344
        57563.5  37.19   0.00  46.87  49.55  99.72  42322 1039.100   160  224.443 1263.542
Timestamp         S0     S1     E      O      P     YGC     YGCT    FGC    FGCT     GCT   
        57573.5  34.94   0.00  36.56  49.57  99.72  42330 1039.252   160  224.443 1263.695
        57583.5  54.74   0.00  15.85  49.63  99.72  42338 1039.396   160  224.443 1263.839
        57593.5  60.20   0.00  23.19  49.65  99.72  42346 1039.577   160  224.443 1264.020
        57603.5  39.96   0.00   0.00  49.71  99.72  42354 1039.800   160  224.443 1264.243
        57613.5   0.00  65.53  87.27  49.79  99.72  42361 1039.933   160  224.443 1264.376
        57623.5   0.00  39.15  39.96  49.81  99.72  42369 1040.085   160  224.443 1264.528
        57633.5   0.00  50.85   5.75  49.83  99.72  42377 1040.261   160  224.443 1264.704
        57643.5  60.37   0.00  33.65  49.84  99.72  42384 1040.395   160  224.443 1264.838
        57653.5   0.00  44.48  54.26  49.89  99.72  42391 1040.572   160  224.443 1265.015
        57663.5  46.35   0.00  37.56  49.91  99.72  42398 1040.730   160  224.443 1265.173
Timestamp         S0     S1     E      O      P     YGC     YGCT    FGC    FGCT     GCT   
        57673.6  30.85   0.00   5.90  49.99  99.72  42406 1040.911   160  224.443 1265.354
        57683.6   0.00  99.70  64.17  50.00  99.72  42413 1041.091   160  224.443 1265.534
        57693.6   0.00  72.79  55.38  50.09  99.72  42421 1041.290   160  224.443 1265.732
        57703.6   0.00  43.08  14.33  50.17  99.72  42429 1041.459   160  224.443 1265.902
        57713.6 100.00   0.00  95.80  54.23  99.72  42436 1041.691   160  224.443 1266.134
        57723.5   0.00  57.40   0.00  54.24  99.72  42445 1041.980   160  224.443 1266.423
        57733.6   0.00  36.27  15.76  55.24  99.72  42453 1042.188   160  224.443 1266.631
        57743.6   0.00  20.13   5.73  55.35  99.72  42461 1042.341   160  224.443 1266.784
        57753.5  24.52   0.00  87.98  55.36  99.72  42468 1042.467   160  224.443 1266.910
        57763.6  32.79   0.00  72.24  55.37  99.72  42476 1042.664   160  224.443 1267.107
Timestamp         S0     S1     E      O      P     YGC     YGCT    FGC    FGCT     GCT   
        57773.5  38.66   0.00  58.20  55.39  99.72  42484 1042.847   160  224.443 1267.290
        57783.5 100.00   0.00  12.22  55.50  99.72  42492 1043.093   160  224.443 1267.536
        57793.6   0.00  32.59  94.97  55.60  99.72  42499 1043.225   160  224.443 1267.668
        57803.5   0.00  75.25  63.82  55.62  99.72  42507 1043.427   160  224.443 1267.870
        57813.6   0.00  39.07  34.98  55.66  99.72  42515 1043.651   160  224.443 1268.094
        57823.5  50.00   0.00  68.57  55.67  99.72  42522 1043.772   160  224.443 1268.215
        57833.6  79.89   0.00   6.82  55.69  99.72  42530 1043.962   160  224.443 1268.405
        57843.6   0.00  71.35  73.43  55.71  99.72  42537 1044.125   160  224.443 1268.568
        57853.6   0.00 100.00  33.85  55.82  99.72  42545 1044.294   160  224.443 1268.737
        57863.6  81.10   0.00  76.57  55.85  99.72  42552 1044.460   160  224.443 1268.903
Timestamp         S0     S1     E      O      P     YGC     YGCT    FGC    FGCT     GCT   
        57873.5  78.78   0.00  90.90  58.19  99.72  42560 1044.727   160  224.443 1269.170
        57883.6   0.00 100.00  45.72  58.70  99.72  42569 1045.045   160  224.443 1269.488
        57893.6   0.00  18.82  63.85  59.70  99.72  42577 1045.238   160  224.443 1269.681
        57903.5   0.00  19.12  79.49  59.72  99.72  42585 1045.401   160  224.443 1269.844
        57913.6  62.50   0.00  11.37  59.74  99.72  42594 1045.612   160  224.443 1270.055
        57923.5  70.68   0.00   8.48  59.79  99.72  42602 1045.841   160  224.443 1270.284
        57933.6  78.10   0.00  15.24  59.81  99.72  42610 1046.007   160  224.443 1270.450
        57943.6  75.27   0.00  22.64  59.87  99.72  42618 1046.221   160  224.443 1270.664
        57953.6   0.00  42.63  86.22  59.92  99.72  42625 1046.371   160  224.443 1270.814
        57963.6   0.00  47.69  24.29  60.00  99.72  42633 1046.533   160  224.443 1270.976
Timestamp         S0     S1     E      O      P     YGC     YGCT    FGC    FGCT     GCT   
        57973.6  56.79   0.00  80.76  60.02  99.72  42640 1046.658   160  224.443 1271.101
        57983.6  44.51   0.00  23.66  60.03  99.72  42648 1046.876   160  224.443 1271.319
        57993.6   0.00  47.56  61.21  60.07  99.72  42655 1047.002   160  224.443 1271.445
        58003.6   0.00  99.80  34.35  61.57  99.72  42663 1047.320   160  224.443 1271.763
        58013.6   0.00  58.56  22.76  61.58  99.72  42671 1047.530   160  224.443 1271.973
        58023.6   0.00 100.00   8.88  62.38  99.72  42679 1047.714   160  224.443 1272.156
        58033.5   0.00  37.04  19.04  62.40  99.72  42687 1047.952   160  224.443 1272.395
        58043.6  60.43   0.00  95.63  62.42  99.72  42694 1048.160   160  224.443 1272.603
        58053.6  67.96   6.65 100.00  62.54  99.72  42703 1048.438   160  224.443 1272.881
        58063.6  55.33   0.00  85.70  62.57  99.72  42710 1048.631   160  224.443 1273.073
Timestamp         S0     S1     E      O      P     YGC     YGCT    FGC    FGCT     GCT   
        58073.6  35.99   0.00  52.08  62.66  99.72  42718 1048.792   160  224.443 1273.235
        58083.5   0.00  36.54  78.02  62.69  99.72  42725 1048.926   160  224.443 1273.369
        58093.6   0.00  99.75  50.47  62.96  99.72  42733 1049.098   160  224.443 1273.541
        58103.6   0.00  63.24  22.36  62.98  99.72  42741 1049.286   160  224.443 1273.729
        58113.6   0.00  48.32  25.17  63.40  99.72  42749 1049.499   160  224.443 1273.942
        58123.6  34.75   0.00  72.03  63.41  99.72  42756 1049.713   160  224.443 1274.156
        58133.6  35.71   0.00  56.03  63.45  99.72  42764 1049.886   160  224.443 1274.329
        58143.6   0.00  43.97  86.69  63.47  99.72  42771 1050.029   160  224.443 1274.471
        58153.6   0.00  38.86  36.19  63.50  99.72  42779 1050.197   160  224.443 1274.639
        58163.6   0.00 100.00  13.41  63.52  99.72  42787 1050.372   160  224.443 1274.815
Timestamp         S0     S1     E      O      P     YGC     YGCT    FGC    FGCT     GCT   
        58173.6   0.00  76.62  13.35  63.54  99.72  42795 1050.586   160  224.443 1275.029
        58183.6  42.26   0.00  92.57  63.62  99.72  42802 1050.779   160  224.443 1275.221
        58193.6  41.29   0.00  60.20  63.68  99.72  42810 1050.940   160  224.443 1275.383
        58203.6   0.00  70.94  73.26  63.74  99.72  42817 1051.088   160  224.443 1275.531
        58213.6   0.00  99.57  55.38  63.75  99.72  42825 1051.265   160  224.443 1275.708
        58223.6   0.00  25.62  16.85  63.78  99.72  42833 1051.439   160  224.443 1275.882
        58233.6  30.27   0.00  68.39  63.79  99.72  42840 1051.594   160  224.443 1276.037
        58243.6  38.55   0.00   6.70  63.80  99.72  42848 1051.783   160  224.443 1276.226
        58253.6   0.00  53.57  48.69  63.82  99.72  42855 1051.931   160  224.443 1276.374
        58263.6   0.00  39.25  13.89  63.88  99.72  42863 1052.121   160  224.443 1276.564
Timestamp         S0     S1     E      O      P     YGC     YGCT    FGC    FGCT     GCT   
        58273.6  69.46   0.00  74.75  63.90  99.72  42870 1052.248   160  224.443 1276.691
        58283.6  44.55   0.00  37.03  63.99  99.72  42878 1052.402   160  224.443 1276.845
        58293.6   0.00  43.82  73.30  64.00  99.72  42885 1052.505   160  224.443 1276.948
        58303.6   0.00  56.85   9.60  64.02  99.72  42893 1052.708   160  224.443 1277.151
        58313.6  51.92   0.00  36.10  64.03  99.72  42900 1052.840   160  224.443 1277.283
        58323.6   0.00  67.53  65.45  64.07  99.72  42907 1053.047   160  224.443 1277.490
        58333.6   0.00  65.49   0.00  64.09  99.72  42915 1053.206   160  224.443 1277.649
        58343.6  71.22   0.00  50.90  64.10  99.72  42922 1053.371   160  224.443 1277.814
        58353.6   0.00  41.55  46.09  64.15  99.72  42929 1053.504   160  224.443 1277.947
        58363.6  57.82   0.00  45.94  64.16  99.72  42936 1053.639   160  224.443 1278.082
Timestamp         S0     S1     E      O      P     YGC     YGCT    FGC    FGCT     GCT   
        58373.6   0.00 100.00   7.51  64.21  99.72  42945 1053.812   160  224.443 1278.255
        58383.6 100.00   0.00  48.70  64.36  99.72  42952 1053.965   160  224.443 1278.408
        58393.6  67.35   0.00  15.53  64.37  99.72  42960 1054.133   160  224.443 1278.576
        58403.6   0.00  58.08  64.60  64.49  99.72  42967 1054.292   160  224.443 1278.735
        58413.6   0.00  99.44  22.09  64.54  99.72  42975 1054.435   160  224.443 1278.878
        58423.6  47.90   0.00  75.25  64.56  99.72  42982 1054.650   160  224.443 1279.092
        58433.6  41.61   0.00   7.06  64.58  99.72  42990 1054.816   160  224.443 1279.259
        58443.6  50.71   0.00  96.56  64.61  99.72  42996 1054.935   160  224.443 1279.377
        58453.6  70.99   0.00  29.44  64.62  99.72  43004 1055.097   160  224.443 1279.540
        58463.6   0.00  54.80  37.71  64.68  99.72  43011 1055.221   160  224.443 1279.664
Timestamp         S0     S1     E      O      P     YGC     YGCT    FGC    FGCT     GCT   
        58473.6 100.00   0.00  32.34  64.74  99.72  43018 1055.378   160  224.443 1279.821
        58483.6   0.00  99.72  36.77  66.60  99.72  43025 1055.557   160  224.443 1280.000
        58493.6   0.00  99.80  18.53  66.61  99.72  43033 1055.828   160  224.443 1280.271
        58503.6   0.00  23.43   0.00  67.25  99.72  43041 1056.101   160  224.443 1280.544
        58513.6  20.95   0.00  98.67  67.27  99.72  43048 1056.243   160  224.443 1280.686
        58523.6  20.58   0.00  51.13  67.35  99.72  43056 1056.419   160  224.443 1280.862
        58533.6  62.02   0.00  19.87  67.38  99.72  43064 1056.590   160  224.443 1281.033
        58543.6   0.00  56.65  69.56  67.39  99.72  43071 1056.736   160  224.443 1281.179
        58553.6   0.00  33.07  19.54  67.46  99.72  43079 1056.872   160  224.443 1281.315
        58563.6  56.78   0.00  86.49  67.50  99.72  43086 1057.011   160  224.443 1281.454
Timestamp         S0     S1     E      O      P     YGC     YGCT    FGC    FGCT     GCT   
        58573.6  32.71   0.00  11.32  67.51  99.72  43094 1057.171   160  224.443 1281.614
        58583.6   0.00  40.94  26.79  67.55  99.72  43101 1057.304   160  224.443 1281.747
        58593.6  59.06   0.00  71.31  67.56  99.72  43108 1057.438   160  224.443 1281.881
        58603.6 100.00   0.00  18.55  67.61  99.72  43116 1057.664   160  224.443 1282.107
        58613.6   0.00 100.00  67.74  67.63  99.72  43123 1057.813   160  224.443 1282.256
        58623.6   0.00 100.00  15.35  67.65  99.72  43131 1057.997   160  224.443 1282.440
        58633.6  50.59   0.00  96.84  67.68  99.72  43138 1058.121   160  224.443 1282.564
        58643.6 100.00   0.00  54.13  67.74  99.72  43146 1058.295   160  224.443 1282.738
        58653.6  69.72   0.00  18.79  67.78  99.72  43154 1058.487   160  224.443 1282.930
        58663.6   0.00 100.00  62.41  67.82  99.72  43161 1058.648   160  224.443 1283.091
Timestamp         S0     S1     E      O      P     YGC     YGCT    FGC    FGCT     GCT   
        58673.6   0.00  99.49  10.32  67.85  99.72  43169 1058.801   160  224.443 1283.244
        58683.6  69.62   0.00  63.04  68.01  99.72  43176 1058.974   160  224.443 1283.417
        58693.6  57.17   0.00  54.09  68.04  99.72  43184 1059.234   160  224.443 1283.677
        58703.6  62.35   0.00  46.10  68.49  99.72  43192 1059.468   160  224.443 1283.911
        58713.6  53.91   0.00   0.00  68.51  99.72  43200 1059.681   160  224.443 1284.124
        58723.6   0.00  60.36  67.10  68.54  99.72  43207 1059.831   160  224.443 1284.274
        58733.6   0.00  67.44  28.71  68.56  99.72  43215 1059.982   160  224.443 1284.425
        58743.6  73.28   0.00  92.15  68.58  99.72  43222 1060.134   160  224.443 1284.577
        58753.6   0.00  54.65   0.00  70.74  99.72  43231 1060.550   160  224.443 1284.993
        58763.6   0.00  14.42   7.58  71.68  99.72  43239 1060.789   160  224.443 1285.232
Timestamp         S0     S1     E      O      P     YGC     YGCT    FGC    FGCT     GCT   
        58773.6  21.39   0.00  87.61  71.72  99.72  43246 1060.931   160  224.443 1285.374
        58783.6  48.41   0.00  73.79  71.74  99.72  43254 1061.097   160  224.443 1285.540
        58793.6  35.18   0.00  65.88  71.76  99.72  43262 1061.281   160  224.443 1285.724
        58803.6  52.45   0.00  13.59  71.81  99.72  43270 1061.471   160  224.443 1285.914
        58813.6   0.00  99.60  90.11  71.83  99.72  43277 1061.634   160  224.443 1286.077
        58823.6   0.00 100.00  46.93  71.86  99.72  43285 1061.889   160  224.443 1286.332
        58833.6  47.53   0.00  98.11  71.88  99.72  43293 1062.031   160  224.443 1286.474
        58843.6  69.30   0.00  54.55  71.90  99.72  43300 1062.265   160  224.443 1286.708
        58853.6  76.79   0.00  30.01  71.92  99.72  43308 1062.450   160  224.443 1286.893
        58863.6   0.00  72.50  74.91  72.58  99.72  43315 1062.663   160  224.443 1287.106
Timestamp         S0     S1     E      O      P     YGC     YGCT    FGC    FGCT     GCT   
        58873.6   0.00  86.61  22.54  72.59  99.72  43323 1062.837   160  224.443 1287.280
        58883.6   0.00  41.20  22.05  73.01  99.72  43331 1063.019   160  224.443 1287.462
        58893.6  50.47   0.00  90.44  73.02  99.72  43338 1063.193   160  224.443 1287.636
        58903.6  44.61   0.00  45.45  73.15  99.72  43346 1063.348   160  224.443 1287.791
        58913.6  60.80   0.00   8.97  73.17  99.72  43354 1063.506   160  224.443 1287.949
        58923.6   0.00  99.11  48.39  73.24  99.72  43361 1063.706   160  224.443 1288.149
        58933.6   0.00  73.31  14.47  73.25  99.72  43369 1063.888   160  224.443 1288.331
        58943.6  36.81   0.00  61.41  73.30  99.72  43376 1064.037   160  224.443 1288.480
        58953.6 100.00   0.00  33.59  73.44  99.72  43384 1064.205   160  224.443 1288.648
        58963.6   0.00  66.35  82.44  73.45  99.72  43391 1064.378   160  224.443 1288.821
Timestamp         S0     S1     E      O      P     YGC     YGCT    FGC    FGCT     GCT   
        58973.6   0.00 100.00  78.40  75.30  99.72  43399 1064.634   160  224.443 1289.077
        58983.6   0.00  62.80  12.90  75.33  99.72  43407 1064.850   160  224.443 1289.293
        58993.6   0.00  40.66  17.44  76.06  99.72  43415 1065.056   160  224.443 1289.499
        59003.6   0.00  68.47  27.37  76.08  99.72  43423 1065.250   160  224.443 1289.693
        59013.6   0.00  56.78  52.18  76.15  99.72  43431 1065.463   160  224.443 1289.906
        59023.6   0.00  53.85  53.93  76.26  99.72  43439 1065.646   160  224.443 1290.089
        59033.6  38.96   0.00  99.79  76.27  99.72  43447 1065.818   160  224.443 1290.261
        59043.6  32.41   0.00  26.75  76.31  99.72  43454 1065.985   160  224.443 1290.428
        59053.6   0.00  41.67  76.19  76.32  99.72  43461 1066.156   160  224.443 1290.599
        59063.6   0.00 100.00  46.86  76.39  99.72  43469 1066.338   160  224.443 1290.781
Timestamp         S0     S1     E      O      P     YGC     YGCT    FGC    FGCT     GCT   
        59073.6   0.00  43.08  18.01  76.93  99.72  43477 1066.536   160  224.443 1290.979
        59083.6   0.00  64.52  15.35  77.02  99.72  43485 1066.746   160  224.443 1291.189
        59093.6   0.00  40.26   0.00  77.29  99.72  43493 1066.920   160  224.443 1291.363
        59103.6  57.88   0.00  40.46  77.30  99.72  43500 1067.085   160  224.443 1291.528
        59113.6 100.00   0.00  24.45  77.33  99.72  43508 1067.334   160  224.443 1291.777
        59123.6  58.29   0.00  14.82  77.34  99.72  43516 1067.533   160  224.443 1291.976
        59133.6   0.00  40.51  93.45  77.39  99.72  43523 1067.667   160  224.443 1292.110
        59143.6   0.00  71.43  48.23  77.45  99.72  43531 1067.840   160  224.443 1292.283
        59153.7   0.00  44.50  16.80  77.46  99.72  43539 1068.040   160  224.443 1292.483
        59163.6  71.54   0.00  46.53  77.48  99.72  43546 1068.256   160  224.443 1292.699
Timestamp         S0     S1     E      O      P     YGC     YGCT    FGC    FGCT     GCT   
        59173.7  51.15   0.00  25.09  77.70  99.72  43554 1068.434   160  224.443 1292.877
        59183.7   0.00  66.98  95.75  77.71  99.72  43561 1068.586   160  224.443 1293.029
        59193.6   0.00  99.60  82.66  77.93  99.72  43569 1068.764   160  224.443 1293.207
        59203.6   0.00  53.74  38.12  77.95  99.72  43577 1068.951   160  224.443 1293.394
        59213.6  91.62   0.00  64.78  77.96  99.72  43584 1069.088   160  224.443 1293.531
        59223.6  66.93   0.00  13.04  78.01  99.72  43592 1069.284   160  224.443 1293.727
        59233.6   0.00  70.16  80.13  78.03  99.72  43599 1069.478   160  224.443 1293.921
        59243.7   0.00  48.56  20.00  78.07  99.72  43607 1069.689   160  224.443 1294.132
        59253.6  37.12   0.00  67.12  78.14  99.72  43614 1069.844   160  224.443 1294.286
        59263.7  61.96   0.00  34.31  78.16  99.72  43622 1070.039   160  224.443 1294.482
Timestamp         S0     S1     E      O      P     YGC     YGCT    FGC    FGCT     GCT   
        59273.7   0.00  49.69  73.44  78.18  99.72  43629 1070.183   160  224.443 1294.626
        59283.7   0.00 100.00  18.75  78.19  99.72  43637 1070.366   160  224.443 1294.809
        59293.6  66.17   0.00  65.39  78.20  99.72  43644 1070.528   160  224.443 1294.971
        59303.7  52.10   0.00   8.77  78.30  99.72  43652 1070.701   160  224.443 1295.144
        59313.7  42.86   0.00  88.05  78.36  99.72  43658 1070.835   160  224.443 1295.278
        59323.7  54.25   0.00   7.29  78.47  99.72  43666 1071.003   160  224.443 1295.446
        59333.6   0.00  66.32  30.57  78.49  99.72  43673 1071.147   160  224.443 1295.590
        59343.7  80.94   0.00  76.02  78.62  99.72  43680 1071.270   160  224.443 1295.713
        59353.7  66.41   0.00  46.73  78.63  99.72  43688 1071.457   160  224.443 1295.900
        59363.7  86.22   0.00  22.13  78.75  99.72  43696 1071.631   160  224.443 1296.074
Timestamp         S0     S1     E      O      P     YGC     YGCT    FGC    FGCT     GCT   
        59373.7  81.08   0.00  20.98  79.87  99.72  43704 1071.864   160  224.443 1296.307
        59383.7  60.85   0.00  25.92  80.62  99.72  43712 1072.175   160  224.443 1296.618
        59393.7  68.48   0.00  34.22  80.66  99.72  43720 1072.381   160  224.443 1296.824
        59403.7  15.43   0.00   0.00  81.42  99.72  43728 1072.631   160  224.443 1297.074
        59413.7   0.00  21.79  85.25  81.44  99.72  43735 1072.771   160  224.443 1297.214
        59423.7   0.00  42.59  65.40  81.46  99.72  43743 1072.994   160  224.443 1297.437
        59433.7   0.00  50.46  51.13  81.48  99.72  43751 1073.160   160  224.443 1297.603
        59443.7   0.00 100.00  20.07  81.90  99.72  43759 1073.420   160  224.443 1297.863
        59453.7   0.00  84.91   3.53  81.91  99.72  43767 1073.647   160  224.443 1298.090
        59463.7  27.10   0.00  55.10  82.44  99.72  43774 1073.818   160  224.443 1298.261
Timestamp         S0     S1     E      O      P     YGC     YGCT    FGC    FGCT     GCT   
        59473.7  54.82   0.00  50.05  82.46  99.72  43782 1073.995   160  224.443 1298.438
        59483.7   0.00  39.55  88.38  82.47  99.72  43789 1074.142   160  224.443 1298.585
        59493.7   0.00  63.35  58.55  82.56  99.72  43797 1074.319   160  224.443 1298.762
        59503.7   0.00  99.73  42.74  82.68  99.72  43805 1074.479   160  224.443 1298.922
        59513.7  54.98   0.00  92.71  82.68  99.72  43812 1074.641   160  224.443 1299.084
        59523.7  37.99   0.00  40.95  82.92  99.72  43820 1074.886   160  224.443 1299.328
        59533.7   0.00  99.79  68.91  18.04  99.72  43827 1075.108   161  225.810 1300.919
        59543.7   0.00 100.00  56.33  18.04  99.72  43835 1075.342   161  225.810 1301.152
        59553.7   0.00  99.57  42.52  18.48  99.72  43843 1075.501   161  225.810 1301.311
        59563.7   0.00  51.83   0.00  18.59  99.72  43851 1075.676   161  225.810 1301.487
Timestamp         S0     S1     E      O      P     YGC     YGCT    FGC    FGCT     GCT   
        59573.7  38.97   0.00  64.50  18.61  99.72  43858 1075.826   161  225.810 1301.636
        59583.7  42.53   0.00   1.35  18.63  99.72  43866 1075.981   161  225.810 1301.792
        59593.7   0.00  46.63  20.00  18.66  99.72  43873 1076.103   161  225.810 1301.913
        59603.7  39.05   0.00  73.52  18.73  99.72  43880 1076.242   161  225.810 1302.053
        59613.7  78.34   0.00  43.35  18.75  99.72  43888 1076.383   161  225.810 1302.194
        59623.7  75.25   0.00  24.85  21.06  99.72  43896 1076.603   161  225.810 1302.413
        59633.7  68.93   0.00   3.94  21.07  99.72  43904 1076.827   161  225.810 1302.638
        59643.7   0.00 100.00  87.14  21.99  99.72  43911 1076.987   161  225.810 1302.797
        59653.7   0.00  49.85  95.55  22.01  99.72  43919 1077.156   161  225.810 1302.966
        59663.7   0.00  27.95  54.08  22.03  99.72  43927 1077.306   161  225.810 1303.116
Timestamp         S0     S1     E      O      P     YGC     YGCT    FGC    FGCT     GCT   
        59673.7   0.00  46.81  21.02  22.11  99.72  43935 1077.460   161  225.810 1303.271
        59683.7   0.00 100.00  17.35  22.29  99.72  43943 1077.669   161  225.810 1303.479
        59693.7   0.00  75.31   7.45  22.30  99.72  43951 1077.858   161  225.810 1303.668
        59703.7   0.00 100.00   0.00  22.92  99.72  43959 1078.053   161  225.810 1303.863
        59713.7  34.17   0.00  91.44  22.94  99.72  43966 1078.283   161  225.810 1304.093
        59723.7  27.78   0.00  82.13  22.97  99.72  43974 1078.421   161  225.810 1304.231
        59733.7  26.64   0.00  45.62  22.99  99.72  43982 1078.549   161  225.810 1304.359
        59743.7  68.68   0.00   3.85  23.01  99.72  43990 1078.793   161  225.810 1304.604
        59753.7   0.00  50.58  48.59  23.03  99.72  43997 1078.904   161  225.810 1304.714
        59763.7  57.42   0.00  69.07  23.19  99.72  44004 1079.042   161  225.810 1304.852
Timestamp         S0     S1     E      O      P     YGC     YGCT    FGC    FGCT     GCT   
        59773.7   0.00 100.00  77.60  23.20  99.72  44011 1079.174   161  225.810 1304.984
        59783.7   0.00  57.39  49.01  23.44  99.72  44019 1079.320   161  225.810 1305.130
        59793.8   0.00 100.00   4.31  23.45  99.72  44027 1079.493   161  225.810 1305.303
        59803.8  84.97   0.00  97.60  23.51  99.72  44034 1079.629   161  225.810 1305.439
        59813.7  65.94   0.00  78.39  25.58  99.72  44042 1079.883   161  225.810 1305.694
        59823.8  28.44   0.00  46.39  26.05  99.72  44050 1080.089   161  225.810 1305.899
        59833.7  35.69   0.00  32.77  26.19  99.72  44058 1080.247   161  225.810 1306.057
        59843.7  39.96   0.00  28.15  26.20  99.72  44066 1080.392   161  225.810 1306.203
        59853.7  64.75   0.00  46.74  26.25  99.72  44074 1080.574   161  225.810 1306.384
        59863.7  61.11   0.00  35.24  26.29  99.72  44082 1080.759   161  225.810 1306.570
Timestamp         S0     S1     E      O      P     YGC     YGCT    FGC    FGCT     GCT   
        59873.7  82.68   0.00  34.35  26.34  99.72  44090 1080.960   161  225.810 1306.770
        59883.8   0.00  83.95  98.27  26.38  99.72  44097 1081.125   161  225.810 1306.936
        59893.7   0.00  48.12  54.79  26.48  99.72  44105 1081.301   161  225.810 1307.111
        59903.7   0.00  52.20  39.04  26.53  99.72  44113 1081.467   161  225.810 1307.277
        59913.8   0.00 100.00  38.07  26.54  99.72  44121 1081.640   161  225.810 1307.450
        59923.7  53.68   0.00  93.55  26.55  99.72  44128 1081.773   161  225.810 1307.583
        59933.7  65.68   0.00  17.21  26.62  99.72  44136 1081.943   161  225.810 1307.754
        59943.7  76.87   0.00   0.00  26.70  99.72  44144 1082.110   161  225.810 1307.921
        59953.8   0.00  42.06  83.57  26.80  99.72  44151 1082.281   161  225.810 1308.091
        59963.7   0.00  70.00  31.67  26.87  99.72  44159 1082.476   161  225.810 1308.286
Timestamp         S0     S1     E      O      P     YGC     YGCT    FGC    FGCT     GCT   
        59973.8  54.86   0.00  47.47  26.90  99.72  44166 1082.622   161  225.810 1308.432
        59983.8  65.92   0.00   7.25  26.91  99.72  44174 1082.775   161  225.810 1308.585
        59993.7   0.00 100.00  83.77  26.96  99.72  44181 1082.950   161  225.810 1308.760
        60003.8   0.00  64.48   7.86  27.03  99.72  44189 1083.107   161  225.810 1308.917
        60013.8  58.61   0.00  45.06  27.04  99.72  44196 1083.238   161  225.810 1309.048
        60023.8   0.00  49.28  74.54  27.06  99.72  44203 1083.387   161  225.810 1309.197
        60033.7   0.00  56.29  32.11  27.09  99.72  44211 1083.526   161  225.810 1309.336
        60043.8   0.00  68.26   7.62  27.14  99.72  44219 1083.681   161  225.810 1309.491
        60053.8  67.15   0.00  72.31  27.22  99.72  44226 1083.821   161  225.810 1309.631
        60063.8  45.10   0.00  30.09  27.27  99.72  44234 1083.979   161  225.810 1309.789
Timestamp         S0     S1     E      O      P     YGC     YGCT    FGC    FGCT     GCT   
        60073.8  57.44   0.00   7.47  27.29  99.72  44242 1084.184   161  225.810 1309.995
        60083.8   0.00  72.15  39.76  27.33  99.72  44249 1084.328   161  225.810 1310.139
        60093.8   0.00  99.64  22.42  27.35  99.72  44257 1084.513   161  225.810 1310.323
        60103.8   0.00  99.86  20.97  29.65  99.72  44265 1084.715   161  225.810 1310.525
        60113.8   0.00  65.19  22.24  29.66  99.72  44273 1084.936   161  225.810 1310.747
        60123.8   0.00 100.00  19.08  30.65  99.72  44281 1085.181   161  225.810 1310.991
        60133.8   0.00  18.57  17.38  30.69  99.72  44289 1085.319   161  225.810 1311.129
        60143.8   0.00  31.08  34.10  30.71  99.72  44297 1085.556   161  225.810 1311.366
        60153.8   0.00  46.46  41.69  30.73  99.72  44305 1085.718   161  225.810 1311.528
        60163.8   0.00  51.90  24.24  30.81  99.72  44313 1085.873   161  225.810 1311.683
Timestamp         S0     S1     E      O      P     YGC     YGCT    FGC    FGCT     GCT   
        60173.8   0.00  69.01  20.92  30.93  99.72  44321 1086.141   161  225.810 1311.951
        60183.8   0.00  48.09   2.39  30.95  99.72  44329 1086.290   161  225.810 1312.100
        60193.8  33.62   0.00  54.21  31.04  99.72  44336 1086.438   161  225.810 1312.249
        60203.8  87.44   0.00  20.76  31.08  99.72  44344 1086.612   161  225.810 1312.423
        60213.8   0.00  51.21  98.36  31.10  99.72  44351 1086.736   161  225.810 1312.546
        60223.8   0.00  43.79  54.05  31.14  99.72  44359 1086.891   161  225.810 1312.701
        60233.8   0.00  51.41  11.45  31.15  99.72  44367 1087.048   161  225.810 1312.858
        60243.8  54.44   0.00  55.77  31.16  99.72  44374 1087.188   161  225.810 1312.999
        60253.8  51.75   0.00  27.88  31.25  99.72  44382 1087.346   161  225.810 1313.156
        60263.8  71.55   0.00  10.55  31.26  99.72  44390 1087.513   161  225.810 1313.323
Timestamp         S0     S1     E      O      P     YGC     YGCT    FGC    FGCT     GCT   
        60273.8   0.00  43.26  93.24  31.28  99.72  44397 1087.653   161  225.810 1313.464
        60283.8   0.00 100.00  74.37  31.34  99.72  44405 1087.820   161  225.810 1313.631
        60293.8   0.00  54.75  32.25  31.35  99.72  44413 1087.956   161  225.810 1313.766
        60303.8  37.37   0.00  57.24  31.36  99.72  44420 1088.090   161  225.810 1313.900
        60313.8  62.90   0.00   3.31  31.42  99.72  44428 1088.258   161  225.810 1314.068
        60323.8   0.00  70.11  35.04  31.43  99.72  44435 1088.394   161  225.810 1314.204
        60333.8  59.95   0.00  83.38  31.50  99.72  44442 1088.538   161  225.810 1314.348
        60343.8  62.18   0.00  77.19  34.09  99.72  44450 1088.792   161  225.810 1314.602
        60353.8  73.57   0.00  72.78  34.14  99.72  44458 1089.042   161  225.810 1314.852
        60363.8  19.73   0.00  56.36  35.14  99.72  44466 1089.310   161  225.810 1315.120
Timestamp         S0     S1     E      O      P     YGC     YGCT    FGC    FGCT     GCT   
        60373.8  22.22   0.00  49.36  35.19  99.72  44474 1089.474   161  225.810 1315.284
        60383.8  26.49   0.00  84.33  35.22  99.72  44480 1089.609   161  225.810 1315.419
        60393.8  53.63   0.00  72.65  35.23  99.72  44488 1089.857   161  225.810 1315.668
        60403.8   0.00  40.13  93.25  35.32  99.72  44495 1090.038   161  225.810 1315.848
        60413.8   0.00  26.62  40.21  35.44  99.72  44503 1090.210   161  225.810 1316.021
        60423.8  56.42   0.00  78.30  35.45  99.72  44510 1090.349   161  225.810 1316.159
        60433.8  69.06   0.00  43.34  35.49  99.72  44518 1090.507   161  225.810 1316.317
        60443.8  54.11   0.00   6.37  35.51  99.72  44526 1090.665   161  225.810 1316.475
        60453.8   0.00  87.92  80.03  35.56  99.72  44533 1090.813   161  225.810 1316.624
        60463.8   0.00  48.20  40.04  35.58  99.72  44541 1090.950   161  225.810 1316.760
Timestamp         S0     S1     E      O      P     YGC     YGCT    FGC    FGCT     GCT   
        60473.8  54.01   0.00  62.35  35.62  99.72  44548 1091.076   161  225.810 1316.886
        60483.8  77.34   0.00  31.29  35.63  99.72  44556 1091.304   161  225.810 1317.114
        60493.8   0.00  49.74  85.74  35.67  99.72  44563 1091.491   161  225.810 1317.302
        60503.8   0.00  99.57  37.56  35.79  99.72  44571 1091.665   161  225.810 1317.475
        60513.8   0.00  78.40  16.71  35.81  99.72  44579 1091.852   161  225.810 1317.663
        60523.8  37.97   0.00  62.56  35.86  99.72  44586 1092.068   161  225.810 1317.879
        60533.8   0.00  34.27  82.79  35.89  99.72  44593 1092.198   161  225.810 1318.008
        60543.8  33.63   0.00  95.00  35.92  99.72  44600 1092.347   161  225.810 1318.157
        60553.8  50.00   0.00  31.59  35.93  99.72  44608 1092.510   161  225.810 1318.320
        60563.8  69.94   0.00   0.00  38.39  99.72  44616 1092.728   161  225.810 1318.538
Timestamp         S0     S1     E      O      P     YGC     YGCT    FGC    FGCT     GCT   
        60573.8   0.00  99.70  95.71  38.39  99.72  44623 1092.902   161  225.810 1318.713
        60583.8   0.00  30.94  72.77  38.85  99.72  44631 1093.083   161  225.810 1318.893
        60593.8   0.00  36.01  50.70  38.88  99.72  44639 1093.309   161  225.810 1319.120
        60603.8  48.50   0.00  31.46  38.91  99.72  44646 1093.449   161  225.810 1319.260
        60613.8   0.00  67.53  60.16  38.92  99.72  44653 1093.594   161  225.810 1319.404
        60623.8   0.00  40.14  28.80  38.94  99.72  44661 1093.737   161  225.810 1319.547
        60633.8  52.16   0.00  63.09  38.95  99.72  44668 1093.892   161  225.810 1319.703
        60643.8  82.57   0.00   3.79  38.96  99.72  44676 1094.063   161  225.810 1319.873
        60653.8   0.00  72.75  82.68  39.01  99.72  44683 1094.206   161  225.810 1320.016
        60663.8  64.10   0.00  90.29  39.02  99.72  44690 1094.348   161  225.810 1320.159
Timestamp         S0     S1     E      O      P     YGC     YGCT    FGC    FGCT     GCT   
        60673.8  65.69   0.00  41.58  39.06  99.72  44698 1094.522   161  225.810 1320.332
        60683.8   0.00  45.10  73.83  39.09  99.72  44705 1094.656   161  225.810 1320.466
        60693.8   0.00  43.14  49.27  39.12  99.72  44713 1094.810   161  225.810 1320.620
        60703.8   0.00  99.86  37.79  41.70  99.72  44721 1095.066   161  225.810 1320.876
        60713.8   0.00  65.06  49.86  41.71  99.72  44729 1095.348   161  225.810 1321.159
        60723.8   0.00 100.00  47.97  42.85  99.72  44737 1095.599   161  225.810 1321.409
        60733.8   0.00  22.21  76.24  42.88  99.72  44745 1095.845   161  225.810 1321.655
        60743.8   0.00  35.63  99.04  42.90  99.72  44754 1096.039   161  225.810 1321.849
        60753.9   0.00  34.03  80.21  42.96  99.72  44761 1096.251   161  225.810 1322.061
        60763.8   0.00  50.00  49.85  42.97  99.72  44769 1096.388   161  225.810 1322.198
Timestamp         S0     S1     E      O      P     YGC     YGCT    FGC    FGCT     GCT   
        60773.8   0.00  62.98   4.76  42.99  99.72  44777 1096.565   161  225.810 1322.375
        60783.8  72.92   0.00  52.52  43.01  99.72  44784 1096.689   161  225.810 1322.499
        60793.8   0.00  55.49  82.62  43.05  99.72  44791 1096.839   161  225.810 1322.649
        60803.8   0.00 100.00  50.44  45.52  99.72  44799 1097.070   161  225.810 1322.881
        60813.8   0.00  65.61  23.04  45.53  99.72  44807 1097.356   161  225.810 1323.166
        60823.8   0.00 100.00  28.23  46.86  99.72  44815 1097.561   161  225.810 1323.371
        60833.8   0.00  15.13  30.74  46.87  99.72  44823 1097.710   161  225.810 1323.520
        60843.8   0.00  35.00  10.65  46.88  99.72  44831 1097.856   161  225.810 1323.666
        60853.8   0.00  64.51   3.56  46.94  99.72  44839 1098.021   161  225.810 1323.831
        60863.8  42.40   0.00  71.49  46.98  99.72  44846 1098.190   161  225.810 1324.000
Timestamp         S0     S1     E      O      P     YGC     YGCT    FGC    FGCT     GCT   
        60873.8   0.00  99.57  95.84  47.02  99.72  44853 1098.335   161  225.810 1324.145
        60883.8   0.00  56.99  76.85  47.12  99.72  44861 1098.486   161  225.810 1324.296
        60893.9   0.00  77.16  67.79  47.13  99.72  44869 1098.712   161  225.810 1324.522
        60903.8   0.00  52.16  24.41  50.83  99.72  44877 1099.049   161  225.810 1324.859
        60913.9   0.00  63.17  47.85  50.87  99.72  44885 1099.307   161  225.810 1325.117
        60923.8   0.00 100.00  45.11  52.18  99.72  44893 1099.553   161  225.810 1325.363
        60933.8   0.00  42.97  71.73  52.20  99.72  44901 1099.745   161  225.810 1325.555
        60943.9   0.00  49.21  86.66  52.21  99.72  44909 1099.924   161  225.810 1325.734
        60953.8   0.00  21.34  52.09  52.38  99.72  44917 1100.064   161  225.810 1325.875
        60963.8  51.62   0.00  76.91  52.40  99.72  44924 1100.199   161  225.810 1326.009
Timestamp         S0     S1     E      O      P     YGC     YGCT    FGC    FGCT     GCT   
        60973.9  50.29   0.00   4.52  52.42  99.72  44932 1100.387   161  225.810 1326.197
        60983.8   0.00 100.00  65.97  52.82  99.72  44939 1100.549   161  225.810 1326.359
        60993.8   0.00  99.78  62.28  53.02  99.72  44947 1100.751   161  225.810 1326.561
        61003.8   0.00 100.00   4.85  53.61  99.72  44955 1100.957   161  225.810 1326.767
        61013.9  52.84   0.00  60.43  53.67  99.72  44962 1101.080   161  225.810 1326.890
        61023.9  48.56   0.00  33.20  53.68  99.72  44970 1101.269   161  225.810 1327.079
        61033.8   0.00  52.79  75.88  53.72  99.72  44977 1101.426   161  225.810 1327.236
        61043.9   0.00  29.62  52.18  53.95  99.72  44985 1101.610   161  225.810 1327.420
        61053.9   0.00  54.38   2.09  53.97  99.72  44993 1101.763   161  225.810 1327.573
        61063.9  43.04   0.00  58.82  53.98  99.72  45000 1101.907   161  225.810 1327.718
Timestamp         S0     S1     E      O      P     YGC     YGCT    FGC    FGCT     GCT   
        61073.9  80.72   0.00   3.09  54.00  99.72  45008 1102.079   161  225.810 1327.889
        61083.9   0.00 100.00  53.77  54.02  99.72  45015 1102.223   161  225.810 1328.033
        61093.9   0.00  99.57  25.35  54.09  99.72  45023 1102.419   161  225.810 1328.229
        61103.9  37.62   0.00  98.96  54.16  99.72  45030 1102.567   161  225.810 1328.377
        61113.9  76.20   0.00  56.59  54.25  99.72  45038 1102.723   161  225.810 1328.533
        61123.9  51.14   0.00   5.74  54.26  99.72  45046 1102.905   161  225.810 1328.715
        61133.9   0.00 100.00  46.35  54.27  99.72  45053 1103.044   161  225.810 1328.855
        61143.9  57.65   0.00  84.91  54.35  99.72  45060 1103.198   161  225.810 1329.008
        61153.9  68.70   0.00  64.39  54.45  99.72  45068 1103.415   161  225.810 1329.225
        61163.9  87.39   0.00   4.70  54.58  99.72  45076 1103.597   161  225.810 1329.408
Timestamp         S0     S1     E      O      P     YGC     YGCT    FGC    FGCT     GCT   
        61173.9  24.33   0.00   0.82  54.89  99.72  45084 1103.789   161  225.810 1329.600
        61183.9   0.00  27.03  67.94  54.91  99.72  45091 1103.907   161  225.810 1329.717
        61193.9   0.00  38.10  44.17  54.93  99.72  45099 1104.053   161  225.810 1329.863
        61203.9  45.32   0.00  67.59  54.94  99.72  45106 1104.181   161  225.810 1329.992
        61213.9  73.16   0.00  60.47  55.04  99.72  45114 1104.386   161  225.810 1330.196
        61223.9  39.56   0.00  34.56  55.07  99.72  45122 1104.573   161  225.810 1330.383
        61233.9   0.00  35.09  98.84  55.14  99.72  45129 1104.769   161  225.810 1330.580
        61243.9   0.00  75.32  67.42  55.17  99.72  45137 1104.929   161  225.810 1330.740
        61253.9   0.00  55.90  21.93  55.18  99.72  45145 1105.100   161  225.810 1330.910
        61263.9   0.00 100.00   5.04  58.89  99.72  45153 1105.408   161  225.810 1331.219
Timestamp         S0     S1     E      O      P     YGC     YGCT    FGC    FGCT     GCT   
        61273.9   0.00  25.91  96.27  60.55  99.72  45161 1105.687   161  225.810 1331.497
        61283.9  17.81   0.00  56.31  60.70  99.72  45170 1105.879   161  225.810 1331.689
        61293.9  26.60   0.00  62.91  60.72  99.72  45178 1106.053   161  225.810 1331.863
        61303.9  45.10   0.00  48.18  60.73  99.72  45186 1106.238   161  225.810 1332.049
        61313.9  84.47   0.00  47.71  60.80  99.72  45194 1106.416   161  225.810 1332.226
        61324.0  66.87   0.00  41.78  60.87  99.72  45202 1106.616   161  225.810 1332.426
        61334.0  36.82   0.00  21.60  60.92  99.72  45210 1106.821   161  225.810 1332.631
        61344.0   0.00  60.24  84.59  60.99  99.72  45217 1106.955   161  225.810 1332.765
        61354.0   0.00  33.61  55.93  61.01  99.72  45225 1107.166   161  225.810 1332.976
        61363.9   0.00 100.00  32.35  61.04  99.72  45233 1107.338   161  225.810 1333.148
Timestamp         S0     S1     E      O      P     YGC     YGCT    FGC    FGCT     GCT   
        61374.0   0.00  63.28  13.52  61.06  99.72  45241 1107.521   161  225.810 1333.332
        61383.9  43.35   0.00  63.55  61.08  99.72  45248 1107.668   161  225.810 1333.478
        61393.9  60.28   0.00   8.14  61.16  99.72  45256 1107.841   161  225.810 1333.652
        61404.0   0.00  99.64  44.72  61.19  99.72  45263 1108.009   161  225.810 1333.820
        61413.9   0.00  99.84  64.02  64.65  99.72  45271 1108.346   161  225.810 1334.156
        61423.9   0.00  52.56  89.44  64.90  99.72  45279 1108.624   161  225.810 1334.434
        61434.0  28.69   0.00  32.04  65.91  99.72  45288 1108.840   161  225.810 1334.650
        61443.9  48.96   0.00  28.39  65.96  99.72  45296 1109.031   161  225.810 1334.842
        61453.9  41.29   0.00  35.43  66.03  99.72  45304 1109.226   161  225.810 1335.037
        61463.9  60.62   0.00  32.45  66.10  99.72  45312 1109.413   161  225.810 1335.223
Timestamp         S0     S1     E      O      P     YGC     YGCT    FGC    FGCT     GCT   
        61474.0  37.00   0.00  35.54  66.19  99.72  45320 1109.630   161  225.810 1335.440
        61483.9  31.46   0.00   1.61  66.21  99.72  45328 1109.808   161  225.810 1335.619
        61494.0   0.00  46.17  80.53  66.23  99.72  45335 1109.963   161  225.810 1335.773
        61503.9   0.00  99.66  30.99  66.26  99.72  45343 1110.156   161  225.810 1335.966
        61513.9  88.80   0.00  72.35  66.28  99.72  45350 1110.310   161  225.810 1336.121
        61523.9  58.33   0.00  48.85  66.43  99.72  45358 1110.503   161  225.810 1336.313
        61533.9  74.29   0.00   1.83  66.45  99.72  45366 1110.674   161  225.810 1336.484
        61543.9   0.00 100.00  68.24  66.60  99.72  45373 1110.860   161  225.810 1336.670
        61553.9   0.00  71.09  48.73  66.61  99.72  45381 1111.051   161  225.810 1336.861
        61563.9   0.00 100.00  11.38  66.78  99.72  45389 1111.252   161  225.810 1337.062
Timestamp         S0     S1     E      O      P     YGC     YGCT    FGC    FGCT     GCT   
        61573.9   0.00  40.47  17.88  66.79  99.72  45397 1111.459   161  225.810 1337.270
        61583.9  50.49   0.00  64.01  66.83  99.72  45404 1111.653   161  225.810 1337.463
        61593.9  58.24   0.00  12.37  66.88  99.72  45412 1111.842   161  225.810 1337.653
        61603.9  62.50   0.00   7.71  66.89  99.72  45420 1112.022   161  225.810 1337.832
        61613.9   0.00  99.70  96.21  66.91  99.72  45428 1112.195   161  225.810 1338.005
        61624.0  82.47   0.00  86.85  70.43  99.72  45432 1115.224   161  225.810 1341.035
        61633.9  27.79   0.00  41.26  71.85  99.72  45440 1115.579   161  225.810 1341.390
        61643.9  22.41   0.00  60.44  71.89  99.72  45448 1115.757   161  225.810 1341.567
        61653.9  28.28   0.00  56.55  71.89  99.72  45456 1115.901   161  225.810 1341.712
        61664.0  48.31   0.00  77.19  71.93  99.72  45464 1116.106   161  225.810 1341.916
Timestamp         S0     S1     E      O      P     YGC     YGCT    FGC    FGCT     GCT   
        61674.0  60.05   0.00  86.50  71.96  99.72  45472 1116.283   161  225.810 1342.093
        61683.9  62.04   0.00  48.36  72.05  99.72  45480 1116.466   161  225.810 1342.276
        61694.0   0.00  28.06  98.13  72.06  99.72  45487 1116.660   161  225.810 1342.470
        61704.0   0.00  48.74  34.51  72.15  99.72  45495 1116.821   161  225.810 1342.631
        61713.9  50.60   0.00  78.03  72.16  99.72  45502 1116.994   161  225.810 1342.804
        61723.9  59.15   0.00  78.06  74.75  99.72  45510 1117.204   161  225.810 1343.015
        61733.9  60.58   0.00  44.86  74.76  99.72  45518 1117.437   161  225.810 1343.247
        61743.9   0.00  20.40  75.06  75.52  99.72  45525 1117.700   161  225.810 1343.510
        61754.0   0.00  49.54  47.75  75.54  99.72  45533 1117.890   161  225.810 1343.701
        61764.0   0.00  40.24  42.85  75.56  99.72  45541 1118.036   161  225.810 1343.846
Timestamp         S0     S1     E      O      P     YGC     YGCT    FGC    FGCT     GCT   
        61773.9  54.59   0.00  53.68  75.57  99.72  45548 1118.222   161  225.810 1344.032
        61783.9  65.68   0.00  30.16  75.61  99.72  45556 1118.385   161  225.810 1344.196
        61794.0  94.62   0.00  11.86  75.63  99.72  45564 1118.656   161  225.810 1344.466
        61804.0   0.00 100.00  93.16  75.78  99.72  45571 1118.824   161  225.810 1344.634
        61813.9  58.76   0.00   1.72  76.40  99.72  45580 1119.141   161  225.810 1344.951
        61824.0   0.00  31.50  76.78  76.77  99.72  45587 1119.353   161  225.810 1345.164
        61834.0   0.00  99.43  35.62  77.00  99.72  45595 1119.527   161  225.810 1345.338
        61844.0  48.76   0.00  77.89  77.02  99.72  45602 1119.665   161  225.810 1345.475
        61854.0  70.50   0.00  32.87  77.03  99.72  45610 1119.883   161  225.810 1345.694
        61864.0   0.00  39.34  60.38  77.05  99.72  45617 1120.029   161  225.810 1345.839
Timestamp         S0     S1     E      O      P     YGC     YGCT    FGC    FGCT     GCT   
        61874.0   0.00 100.00   7.07  77.10  99.72  45625 1120.223   161  225.810 1346.034
        61884.0  31.21   0.00  58.64  77.12  99.72  45632 1120.369   161  225.810 1346.179
        61894.0  67.12   0.00   5.94  77.14  99.72  45640 1120.551   161  225.810 1346.361
        61904.0   0.00 100.00  71.84  77.25  99.72  45647 1120.714   161  225.810 1346.524
        61914.0   0.00  60.12   2.26  77.27  99.72  45655 1120.901   161  225.810 1346.711
        61924.0  58.23   0.00  61.14  77.45  99.72  45662 1121.039   161  225.810 1346.850
        61934.0  72.72   0.00  54.49  79.49  99.72  45670 1121.293   161  225.810 1347.103
        61944.0  67.19   0.00  69.19  79.49  99.72  45678 1121.514   161  225.810 1347.325
        61954.0  15.35   0.00  50.42  80.45  99.72  45686 1121.683   161  225.810 1347.494
        61964.0  29.51   0.00  12.79  80.50  99.72  45694 1121.858   161  225.810 1347.668
Timestamp         S0     S1     E      O      P     YGC     YGCT    FGC    FGCT     GCT   
        61974.0   0.00  25.36  77.08  80.51  99.72  45701 1121.994   161  225.810 1347.804
        61984.0   0.00  58.25  13.11  80.57  99.72  45709 1122.177   161  225.810 1347.987
        61994.0  67.04   0.00  65.18  80.58  99.72  45716 1122.342   161  225.810 1348.152
        62004.0  64.71   0.00  30.76  80.59  99.72  45724 1122.570   161  225.810 1348.380
        62014.0  79.24   0.00  33.66  80.61  99.72  45732 1122.804   161  225.810 1348.614
        62024.0  48.07   0.00  20.09  80.70  99.72  45740 1123.001   161  225.810 1348.811
        62034.0   0.00  84.39  86.71  80.72  99.72  45747 1123.145   161  225.810 1348.956
        62044.0   0.00 100.00  27.29  80.75  99.72  45755 1123.319   161  225.810 1349.129
        62054.0   0.00 100.00   5.17  80.76  99.72  45763 1123.524   161  225.810 1349.335
        62064.0  45.72   0.00  75.39  80.80  99.72  45770 1123.705   161  225.810 1349.515
Timestamp         S0     S1     E      O      P     YGC     YGCT    FGC    FGCT     GCT   
        62074.0  54.14   0.00  71.30  80.85  99.72  45778 1123.888   161  225.810 1349.698
        62084.0  43.87   0.00  41.09  80.87  99.72  45786 1124.025   161  225.810 1349.835
        62094.0  26.36   0.00   0.00  80.89  99.72  45794 1124.201   161  225.810 1350.012
        62104.0   0.00  42.44  42.16  80.91  99.72  45801 1124.349   161  225.810 1350.160
        62114.0  67.37   0.00  71.55  80.93  99.72  45808 1124.489   161  225.810 1350.299
        62124.0  85.99   0.00  34.14  80.96  99.72  45816 1124.673   161  225.810 1350.483
        62134.0  45.43   0.00   0.00  80.98  99.72  45824 1124.855   161  225.810 1350.665
        62144.0   0.00  62.50  48.20  81.04  99.72  45831 1125.007   161  225.810 1350.817
        62154.0   0.00  92.63  30.68  81.05  99.72  45839 1125.239   161  225.810 1351.049
        62164.0  41.46   0.00  91.23  81.13  99.72  45846 1125.426   161  225.810 1351.237
Timestamp         S0     S1     E      O      P     YGC     YGCT    FGC    FGCT     GCT   
        62174.1  72.32   0.00  54.76  81.15  99.72  45854 1125.604   161  225.810 1351.414
        62184.0  53.44   0.00  16.83  81.26  99.72  45862 1125.770   161  225.810 1351.580
        62194.0   0.00  52.78  52.82  81.27  99.72  45869 1125.904   161  225.810 1351.714
        62204.0   0.00  45.73  45.02  81.50  99.72  45877 1126.108   161  225.810 1351.918
        62214.0   0.00  57.94  12.50  81.65  99.72  45885 1126.324   161  225.810 1352.135
        62224.0  56.79   0.00  56.86  81.91  99.72  45892 1126.490   161  225.810 1352.300
        62234.0  43.19   0.00  33.66  81.94  99.72  45900 1126.638   161  225.810 1352.448
        62244.0   0.00  49.47  81.40  81.95  99.72  45907 1126.777   161  225.810 1352.587
        62254.0   0.00 100.00  75.34  82.09  99.72  45915 1126.970   161  225.810 1352.780
        62264.0   0.00 100.00  72.73  82.82  99.72  45923 1127.233   161  225.810 1353.044
Timestamp         S0     S1     E      O      P     YGC     YGCT    FGC    FGCT     GCT   
        62274.0   0.00  32.32  81.83  83.26  99.72  45931 1127.456   161  225.810 1353.266
        62284.1   0.00  28.01  29.98  83.51  99.72  45939 1127.650   161  225.810 1353.461
        62294.0   0.00  42.42  35.97  83.52  99.72  45947 1127.826   161  225.810 1353.636
        62304.0   0.00  34.26   4.23  83.55  99.72  45955 1127.977   161  225.810 1353.787
        62314.0  78.22   0.00  88.55  83.58  99.72  45962 1128.131   161  225.810 1353.942
        62324.1  86.92   0.00  55.40  83.59  99.72  45970 1128.339   161  225.810 1354.150
        62334.1  60.45   0.00  14.21  83.68  99.72  45978 1128.516   161  225.810 1354.326
        62344.0   0.00  80.62  50.36  83.69  99.72  45985 1128.724   161  225.810 1354.534
        62354.0  49.43   0.00  76.88  83.70  99.72  45992 1128.871   161  225.810 1354.681
        62364.0  38.69   0.00  41.12  83.75  99.72  46000 1129.032   161  225.810 1354.843
Timestamp         S0     S1     E      O      P     YGC     YGCT    FGC    FGCT     GCT   
        62374.1   0.00 100.00  84.25  83.76  99.72  46007 1129.233   161  225.810 1355.044
        62384.0   0.00  77.45  20.42  83.77  99.72  46015 1129.385   161  225.810 1355.195
        62394.0   0.00  39.95   8.67  83.83  99.72  46023 1129.562   161  225.810 1355.372
        62404.0  42.93   0.00  54.50  83.84  99.72  46030 1129.726   161  225.810 1355.537
        62414.0  68.36   0.00  23.98  83.90  99.72  46038 1129.930   161  225.810 1355.740
        62424.0  46.31   0.00  16.98  83.92  99.72  46046 1130.134   161  225.810 1355.944
        62434.0   0.00  36.89  90.12  84.03  99.72  46053 1130.291   161  225.810 1356.101
        62444.1   0.00  41.71  28.02  84.08  99.72  46061 1130.581   161  225.810 1356.392
        62454.1  51.10   0.00  86.97  84.09  99.72  46068 1130.738   161  225.810 1356.549
        62464.1  51.70   0.00   2.57  84.11  99.72  46076 1130.934   161  225.810 1356.745
Timestamp         S0     S1     E      O      P     YGC     YGCT    FGC    FGCT     GCT   
        62474.1   0.00  40.06  65.85  84.16  99.72  46083 1131.073   161  225.810 1356.884
        62484.1   0.00  59.09  41.32  84.18  99.72  46091 1131.282   161  225.810 1357.092
        62494.1   0.00  72.61  36.13  84.21  99.72  46099 1131.503   161  225.810 1357.313
        62504.1   0.00  99.34  21.81  84.30  99.72  46107 1131.706   161  225.810 1357.517
        62514.1  44.00   0.00  89.71  84.32  99.72  46114 1131.972   161  225.810 1357.782
        62524.1  50.00   0.00  67.92  84.34  99.72  46122 1132.171   161  225.810 1357.981
        62534.1  69.69   0.00  19.68  84.36  99.72  46130 1132.355   161  225.810 1358.166
        62544.1   0.00  38.16  50.50  84.39  99.72  46137 1132.503   161  225.810 1358.313
        62554.1   0.00 100.00  24.03  84.49  99.72  46145 1132.676   161  225.810 1358.486
        62564.1  63.61   0.00  65.79  84.50  99.72  46152 1132.829   161  225.810 1358.640
Timestamp         S0     S1     E      O      P     YGC     YGCT    FGC    FGCT     GCT   
        62574.1   0.00  99.46  90.79  84.54  99.72  46159 1133.010   161  225.810 1358.820
        62584.1   0.00  99.56  22.25  84.65  99.72  46167 1133.262   161  225.810 1359.072
        62594.1  70.55   0.00  99.45  84.68  99.72  46175 1133.435   161  225.810 1359.245
        62604.1 100.00   0.00  63.47  84.83  99.72  46182 1133.660   161  225.810 1359.470
        62614.1  67.07   0.00  54.95  84.85  99.72  46190 1133.859   161  225.810 1359.670
        62624.1  39.01   0.00   4.21  84.99  99.72  46198 1134.030   161  225.810 1359.841
        62634.1   0.00  62.57  85.15  85.05  99.72  46205 1134.197   161  225.810 1360.008
        62644.2   0.00  86.00  45.59  85.08  99.72  46213 1134.381   161  225.810 1360.191
        62654.1   0.00  43.01  34.12  85.16  99.72  46221 1134.545   161  225.810 1360.355
        62664.2  42.86   0.00  90.75  85.23  99.72  46228 1134.703   161  225.810 1360.513
Timestamp         S0     S1     E      O      P     YGC     YGCT    FGC    FGCT     GCT   
        62674.1  92.99   0.00  69.25  87.26  99.72  46236 1134.988   161  225.810 1360.798
        62684.1  51.76   0.00  80.98  87.28  99.72  46244 1135.270   161  225.810 1361.080
        62694.1   0.00   9.87   9.10  88.13  99.72  46253 1135.517   161  225.810 1361.328
        62704.2   0.00  33.81  26.02  88.15  99.72  46261 1135.746   161  225.810 1361.556
        62714.1   0.00  37.67   1.65  88.17  99.72  46269 1135.926   161  225.810 1361.736
        62724.2  37.90   0.00  96.23  88.18  99.72  46276 1136.135   161  225.810 1361.945
        62734.1  34.93   0.00  56.42  88.22  99.72  46284 1136.321   161  225.810 1362.132
        62744.2  53.08   0.00  37.98  88.29  99.72  46292 1136.506   161  225.810 1362.317
        62754.2   0.00  65.19  91.53  88.31  99.72  46299 1136.660   161  225.810 1362.471
        62764.2   0.00  56.83   1.46  88.35  99.72  46307 1136.813   161  225.810 1362.623
Timestamp         S0     S1     E      O      P     YGC     YGCT    FGC    FGCT     GCT   
        62774.2  70.90   0.00  48.17  88.48  99.72  46314 1136.952   161  225.810 1362.763
        62784.2  71.24   0.00   9.87  88.88  99.72  46322 1137.152   161  225.810 1362.963
        62794.2  57.50   0.00  24.94  89.18  99.72  46330 1137.423   161  225.810 1363.234
        62804.1  22.62   0.00  21.60  89.55  99.72  46338 1137.618   161  225.810 1363.428
        62814.2  39.92   0.00  18.37  89.56  99.72  46346 1137.796   161  225.810 1363.606
        62824.2   0.00  41.86  80.43  89.58  99.72  46353 1137.949   161  225.810 1363.759
        62834.1   0.00  46.35  36.83  89.60  99.72  46361 1138.194   161  225.810 1364.004
        62844.2  61.11  38.22 100.00  89.69  99.72  46369 1138.343   161  225.810 1364.153
        62854.1   0.00  99.86  11.20  91.96  99.72  46377 1138.658   161  225.810 1364.468
        62864.2   0.00  60.30  17.90  91.97  99.72  46385 1138.907   161  225.810 1364.717
Timestamp         S0     S1     E      O      P     YGC     YGCT    FGC    FGCT     GCT   
        62874.3   0.00  19.88  15.04  93.09  99.72  46393 1139.114   161  225.810 1364.924
        62884.3  26.53   0.00  93.44  93.11  99.72  46400 1139.280   161  225.810 1365.091
        62894.3  43.72   0.00  76.51  93.13  99.72  46408 1139.461   161  225.810 1365.271
        62904.3  39.93   0.00  60.73  93.15  99.72  46416 1139.677   161  225.810 1365.487
        62914.4  59.68   0.00   7.80  93.17  99.72  46424 1139.846   161  225.810 1365.656
        62924.3   0.00  85.23  46.63  93.32  99.72  46431 1139.979   161  225.810 1365.789
        62934.4   0.00  60.75  36.85  93.34  99.72  46439 1140.280   161  225.810 1366.090
        62944.3   0.00 100.00  22.18  93.53  99.72  46447 1140.506   161  225.810 1366.316
        62954.4  65.18   0.00 100.00  93.58  99.72  46454 1140.727   161  225.810 1366.537
        62964.3  46.90   0.00  88.72  93.82  99.72  46462 1140.929   161  225.810 1366.739
Timestamp         S0     S1     E      O      P     YGC     YGCT    FGC    FGCT     GCT   
        62974.3  81.07   0.00  87.36  93.87  99.72  46470 1141.185   161  225.810 1366.996
        62984.3  34.98   0.00  87.06  93.89  99.72  46478 1141.352   161  225.810 1367.163
        62994.3  55.02   0.00  21.58  94.01  99.72  46486 1141.548   161  225.810 1367.359
        63004.3   0.00  99.77  60.51  94.03  99.72  46493 1141.817   161  225.810 1367.628
        63014.3   0.00 100.00  61.23  94.05  99.72  46501 1142.056   161  225.810 1367.866
        63024.3   0.00  57.03  59.62  94.21  99.72  46509 1142.299   161  225.810 1368.109
        63034.3   0.00  26.69  46.70  94.23  99.72  46517 1142.449   161  225.810 1368.260
        63044.4   0.00  40.83  18.05  94.26  99.72  46525 1142.612   161  225.810 1368.423
        63054.4  53.86   0.00  74.35  94.31  99.72  46532 1142.769   161  225.810 1368.580
        63064.3  72.00   0.00  19.30  94.31  99.72  46540 1142.988   161  225.810 1368.798
Timestamp         S0     S1     E      O      P     YGC     YGCT    FGC    FGCT     GCT   
        63074.4   0.00  59.76  89.26  94.33  99.72  46547 1143.146   161  225.810 1368.956
        63084.4   0.00 100.00  79.73  94.36  99.72  46555 1143.313   161  225.810 1369.123
        63094.3   0.00  55.79  50.54  94.71  99.72  46563 1143.552   161  225.810 1369.362
        63104.4   0.00  64.37  44.62  94.73  99.72  46571 1143.728   161  225.810 1369.538
        63114.4   0.00 100.00  16.22  95.16  99.72  46579 1143.923   161  225.810 1369.733
        63124.4  34.36   0.00  39.13  95.18  99.72  46586 1144.205   161  225.810 1370.015
        63134.4   0.00 100.00  95.95  18.05  99.72  46593 1144.364   162  227.214 1371.578
        63144.4   0.00 100.00  80.22  18.05  99.72  46601 1144.553   162  227.214 1371.767
        63154.4   0.00  99.39  49.07  18.54  99.72  46609 1144.721   162  227.214 1371.936
        63164.4   0.00  79.96  45.27  18.58  99.72  46617 1144.878   162  227.214 1372.092
Timestamp         S0     S1     E      O      P     YGC     YGCT    FGC    FGCT     GCT   
        63174.4   0.00  34.78  37.35  18.61  99.72  46625 1145.085   162  227.214 1372.299
        63184.4   0.00  87.85  10.53  18.71  99.72  46633 1145.252   162  227.214 1372.467
        63194.4  53.76   0.00  53.33  18.77  99.72  46640 1145.408   162  227.214 1372.622
        63204.4  66.50   0.00  18.45  18.82  99.72  46648 1145.588   162  227.214 1372.803
        63214.4   0.00  31.25  69.50  18.85  99.72  46655 1145.755   162  227.214 1372.970
        63224.4   0.00  71.14  52.27  18.86  99.72  46663 1145.915   162  227.214 1373.129
        63234.4  63.37   0.00  77.85  18.90  99.72  46670 1146.064   162  227.214 1373.278
        63244.4  55.09   0.00  39.08  18.94  99.72  46678 1146.246   162  227.214 1373.460
        63254.4  84.90   0.00  14.09  20.67  99.72  46686 1146.458   162  227.214 1373.672
        63264.5  68.12   0.00  19.38  20.72  99.72  46694 1146.660   162  227.214 1373.875
Timestamp         S0     S1     E      O      P     YGC     YGCT    FGC    FGCT     GCT   
        63274.4  41.03   0.00  43.14  21.39  99.72  46702 1146.862   162  227.214 1374.076
        63284.4  25.99   0.00  49.11  21.41  99.72  46710 1147.006   162  227.214 1374.220
        63294.5  58.43   0.00  42.84  21.46  99.72  46718 1147.150   162  227.214 1374.364
        63304.5   0.00  36.34  61.95  21.46  99.72  46725 1147.273   162  227.214 1374.487
        63314.4   0.00  99.46  39.03  21.48  99.72  46733 1147.476   162  227.214 1374.690
        63324.5   0.00  99.70  12.09  21.50  99.72  46741 1147.652   162  227.214 1374.867
        63334.5   0.00 100.00  20.86  21.56  99.72  46749 1147.804   162  227.214 1375.018
        63344.5  30.10   0.00  60.17  21.60  99.72  46756 1147.937   162  227.214 1375.151
        63354.5  40.40   0.00  29.82  21.63  99.72  46764 1148.103   162  227.214 1375.317
        63364.5   0.00  99.61  57.33  21.65  99.72  46771 1148.252   162  227.214 1375.466
Timestamp         S0     S1     E      O      P     YGC     YGCT    FGC    FGCT     GCT   
        63374.5   0.00  42.24  36.09  21.66  99.72  46779 1148.436   162  227.214 1375.650
        63384.5  68.50   0.00  80.87  21.70  99.72  46786 1148.628   162  227.214 1375.843
        63394.5  50.97   0.00  34.18  21.78  99.72  46794 1148.825   162  227.214 1376.039
        63404.5   0.00  50.31  99.09  21.80  99.72  46801 1148.980   162  227.214 1376.195
        63414.5   0.00  56.89  72.53  21.83  99.72  46809 1149.142   162  227.214 1376.356
        63424.5   0.00  81.07   9.33  21.86  99.72  46817 1149.300   162  227.214 1376.514
        63434.5  53.77   0.00  14.28  21.88  99.72  46824 1149.445   162  227.214 1376.659
        63444.5   0.00  47.88  59.71  21.97  99.72  46831 1149.566   162  227.214 1376.781
        63454.5   0.00  52.82  31.85  22.04  99.72  46839 1149.753   162  227.214 1376.967
        63464.5   0.00  99.70  15.91  22.07  99.72  46847 1149.958   162  227.214 1377.172
Timestamp         S0     S1     E      O      P     YGC     YGCT    FGC    FGCT     GCT   
        63474.5  45.96   0.00  92.31  22.23  99.72  46854 1150.157   162  227.214 1377.372
        63484.5  61.63   0.00  12.96  22.25  99.72  46862 1150.315   162  227.214 1377.530
        63494.5   0.00  77.44  75.26  22.30  99.72  46869 1150.448   162  227.214 1377.662
        63504.5   0.00  71.52  35.79  22.32  99.72  46877 1150.593   162  227.214 1377.807
        63514.5   0.00  38.76   7.06  22.34  99.72  46885 1150.738   162  227.214 1377.952
        63524.5  59.21   0.00  41.43  22.35  99.72  46892 1150.897   162  227.214 1378.111
        63534.5   0.00  55.00  86.83  22.40  99.72  46899 1151.057   162  227.214 1378.271
        63544.5   0.00  61.89  63.01  22.44  99.72  46907 1151.239   162  227.214 1378.454
        63554.5   0.00  76.39  39.53  22.46  99.72  46915 1151.412   162  227.214 1378.626
        63564.5   0.00  47.43  21.60  22.54  99.72  46923 1151.575   162  227.214 1378.790
Timestamp         S0     S1     E      O      P     YGC     YGCT    FGC    FGCT     GCT   
        63574.5   0.00  57.58   2.90  22.55  99.72  46931 1151.735   162  227.214 1378.950
        63584.5  70.39   0.00  64.79  22.57  99.72  46938 1151.883   162  227.214 1379.097
        63594.5  43.71   0.00   0.00  22.59  99.72  46946 1152.047   162  227.214 1379.261
        63604.5   0.00  53.45  65.07  22.61  99.72  46953 1152.176   162  227.214 1379.391
        63614.5   0.00  88.22  13.98  22.63  99.72  46961 1152.356   162  227.214 1379.571
        63624.5  65.00   0.00  56.59  24.65  99.72  46968 1152.555   162  227.214 1379.769
        63634.5  80.70   0.00  10.12  24.67  99.72  46976 1152.759   162  227.214 1379.973
        63644.5  24.92   0.00  10.94  25.35  99.72  46984 1152.933   162  227.214 1380.147
        63654.5  30.36   0.00  11.90  25.36  99.72  46992 1153.104   162  227.214 1380.318
        63664.5   0.00 100.00  77.43  25.42  99.72  46999 1153.264   162  227.214 1380.478
Timestamp         S0     S1     E      O      P     YGC     YGCT    FGC    FGCT     GCT   
        63674.5   0.00  66.93  48.90  25.44  99.72  47007 1153.412   162  227.214 1380.627
        63684.5   0.00 100.00  34.98  25.49  99.72  47015 1153.580   162  227.214 1380.795
        63694.5   0.00  39.69  14.41  25.50  99.72  47023 1153.759   162  227.214 1380.973
        63704.5  82.68   0.00  79.30  25.55  99.72  47030 1153.967   162  227.214 1381.181
        63714.5 100.00   0.00  70.99  28.55  99.72  47038 1154.168   162  227.214 1381.382
        63724.5  60.07   0.00  73.64  28.56  99.72  47046 1154.462   162  227.214 1381.677
        63734.6  22.59   0.00  95.77  29.69  99.72  47054 1154.699   162  227.214 1381.913
        63744.6   0.00  32.01  13.65  29.75  99.72  47063 1154.876   162  227.214 1382.090
        63754.5   0.00  24.85  13.50  29.76  99.72  47071 1155.035   162  227.214 1382.249
        63764.5  30.75   0.00  87.47  29.79  99.72  47078 1155.163   162  227.214 1382.377
Timestamp         S0     S1     E      O      P     YGC     YGCT    FGC    FGCT     GCT   
        63774.6  54.15   0.00  32.92  29.81  99.72  47086 1155.319   162  227.214 1382.533
        63784.6   0.00  70.22  53.55  29.82  99.72  47093 1155.471   162  227.214 1382.685
        63794.5  94.74   0.00  96.44  29.84  99.72  47100 1155.602   162  227.214 1382.817
        63804.6 100.00   0.00  43.97  31.70  99.72  47108 1155.806   162  227.214 1383.020
        63814.5  61.93   0.00  57.00  31.77  99.72  47116 1156.020   162  227.214 1383.235
        63824.5  26.83   0.00  46.34  32.48  99.72  47124 1156.222   162  227.214 1383.436
        63834.5  23.78   0.00  22.42  32.51  99.72  47132 1156.401   162  227.214 1383.615
        63844.5   0.00  36.59  83.87  32.52  99.72  47139 1156.589   162  227.214 1383.803
        63854.5   0.00  40.13  61.06  32.54  99.72  47147 1156.784   162  227.214 1383.998
        63864.6   0.00  46.88  20.75  32.58  99.72  47155 1156.947   162  227.214 1384.161
Timestamp         S0     S1     E      O      P     YGC     YGCT    FGC    FGCT     GCT   
        63874.6  77.33   0.00  82.25  32.59  99.72  47162 1157.114   162  227.214 1384.328
        63884.6  57.14   0.00  22.21  32.64  99.72  47170 1157.273   162  227.214 1384.487
        63894.5   0.00 100.00  97.56  32.66  99.72  47177 1157.445   162  227.214 1384.659
        63904.6   0.00 100.00  49.59  32.68  99.72  47185 1157.614   162  227.214 1384.828
        63914.6   0.00 100.00  22.04  32.82  99.72  47193 1157.771   162  227.214 1384.985
        63924.6  25.66   0.00  86.35  32.83  99.72  47200 1157.943   162  227.214 1385.157
        63934.5  49.71   0.00  65.29  32.85  99.72  47208 1158.096   162  227.214 1385.310
        63944.6  37.42   0.00   0.87  32.87  99.72  47216 1158.261   162  227.214 1385.476
        63954.6   0.00 100.00  44.93  32.88  99.72  47223 1158.391   162  227.214 1385.605
        63964.5 100.00   0.00  87.93  32.93  99.72  47230 1158.546   162  227.214 1385.761
Timestamp         S0     S1     E      O      P     YGC     YGCT    FGC    FGCT     GCT   
        63974.5  71.76   0.00  63.97  32.97  99.72  47238 1158.797   162  227.214 1386.012
        63984.6  21.86   0.00  62.71  33.09  99.72  47246 1158.974   162  227.214 1386.189
        63994.6  79.42   0.00  40.27  33.15  99.72  47254 1159.174   162  227.214 1386.388
        64004.5  62.86   0.00  14.71  33.17  99.72  47262 1159.358   162  227.214 1386.572
        64014.6   0.00  60.77  78.12  33.18  99.72  47269 1159.504   162  227.214 1386.719
        64024.6   0.00  82.12  28.64  33.20  99.72  47277 1159.674   162  227.214 1386.888
        64034.6  68.15   0.00  80.81  33.25  99.72  47284 1159.845   162  227.214 1387.059
        64044.6  73.30   0.00  51.54  33.26  99.72  47292 1160.006   162  227.214 1387.221
        64054.6  84.95   0.00  34.38  33.32  99.72  47300 1160.315   162  227.214 1387.529
        64064.6  53.74   0.00  64.75  35.58  99.72  47308 1160.594   162  227.214 1387.808
Timestamp         S0     S1     E      O      P     YGC     YGCT    FGC    FGCT     GCT   
        64074.6   0.00 100.00  21.48  36.69  99.72  47317 1160.956   162  227.214 1388.170
        64084.6   0.00  28.77  60.54  36.74  99.72  47325 1161.169   162  227.214 1388.383
        64094.6   0.00  17.40  56.20  36.76  99.72  47333 1161.326   162  227.214 1388.540
        64104.6   0.00  26.56  70.29  36.78  99.72  47341 1161.481   162  227.214 1388.695
        64114.6   0.00  57.64  68.55  36.81  99.72  47349 1161.689   162  227.214 1388.903
        64124.6   0.00  71.46  18.28  36.82  99.72  47357 1161.916   162  227.214 1389.130
        64134.6  42.78   0.00  69.64  36.89  99.72  47364 1162.031   162  227.214 1389.245
        64144.6  99.76   0.00   5.48  36.90  99.72  47372 1162.210   162  227.214 1389.424
        64154.6   0.00  52.53  57.07  36.91  99.72  47379 1162.368   162  227.214 1389.583
        64164.6   0.00  34.36  36.11  37.02  99.72  47387 1162.527   162  227.214 1389.741
Timestamp         S0     S1     E      O      P     YGC     YGCT    FGC    FGCT     GCT   
        64174.6  39.85   0.00  70.55  37.05  99.72  47394 1162.649   162  227.214 1389.863
        64184.6 100.00   0.00  55.73  37.41  99.72  47402 1162.894   162  227.214 1390.108
        64194.6  64.57   0.00  35.71  37.42  99.72  47410 1163.078   162  227.214 1390.292
        64204.6  21.91   0.00  32.76  38.06  99.72  47418 1163.362   162  227.214 1390.576
        64214.6  34.45   0.00  22.46  38.08  99.72  47426 1163.541   162  227.214 1390.755
        64224.6   0.00  25.85  90.84  38.16  99.72  47433 1163.739   162  227.214 1390.954
        64234.6   0.00  39.74  82.52  38.17  99.72  47441 1163.898   162  227.214 1391.112
        64244.6   0.00  62.02  50.70  38.19  99.72  47449 1164.042   162  227.214 1391.257
        64254.6   0.00  72.35  10.23  38.22  99.72  47457 1164.242   162  227.214 1391.456
        64264.6  69.13   0.00  59.12  38.24  99.72  47464 1164.386   162  227.214 1391.600
Timestamp         S0     S1     E      O      P     YGC     YGCT    FGC    FGCT     GCT   
        64274.6  35.39   0.00  14.69  38.27  99.72  47472 1164.572   162  227.214 1391.787
        64284.6   0.00  86.23  73.50  38.30  99.72  47479 1164.704   162  227.214 1391.919
        64294.6   0.00 100.00  89.32  38.32  99.72  47487 1164.930   162  227.214 1392.144
        64304.6   0.00  35.51  84.54  38.35  99.72  47495 1165.108   162  227.214 1392.322
        64314.6   0.00  79.69  81.40  38.54  99.72  47503 1165.277   162  227.214 1392.491
        64324.6   0.00  63.93  28.93  38.55  99.72  47511 1165.462   162  227.214 1392.676
        64334.6   0.00  99.43  14.20  38.57  99.72  47519 1165.633   162  227.214 1392.847
        64344.6   0.00  72.75   1.47  38.70  99.72  47527 1165.797   162  227.214 1393.011
        64354.6  40.31   0.00  50.89  38.71  99.72  47534 1165.935   162  227.214 1393.149
        64364.6  42.60   0.00   6.59  38.73  99.72  47542 1166.066   162  227.214 1393.280
Timestamp         S0     S1     E      O      P     YGC     YGCT    FGC    FGCT     GCT   
        64374.6   0.00 100.00  59.61  38.74  99.72  47549 1166.227   162  227.214 1393.442
        64384.6   0.00  99.70  19.31  38.77  99.72  47557 1166.409   162  227.214 1393.623
        64394.6  66.00   0.00  95.55  38.87  99.72  47564 1166.551   162  227.214 1393.766
        64404.6  37.07   0.00  75.07  38.90  99.72  47572 1166.690   162  227.214 1393.904
        64414.6  66.11   0.00  56.59  38.92  99.72  47580 1166.859   162  227.214 1394.073
        64424.6   0.00  65.03  75.06  38.94  99.72  47587 1167.002   162  227.214 1394.216
        64434.6   0.00 100.00  45.03  39.97  99.72  47595 1167.222   162  227.214 1394.436
        64444.6   0.00 100.00  22.27  39.98  99.72  47603 1167.455   162  227.214 1394.669
        64454.6   0.00 100.00  46.42  40.71  99.72  47611 1167.667   162  227.214 1394.882
        64464.6   0.00  23.37  35.34  40.74  99.72  47619 1167.838   162  227.214 1395.052
Timestamp         S0     S1     E      O      P     YGC     YGCT    FGC    FGCT     GCT   
        64474.6   0.00  34.25   0.00  40.75  99.72  47627 1167.971   162  227.214 1395.185
        64484.6  49.74   0.00  98.05  40.77  99.72  47635 1168.181   162  227.214 1395.395
        64494.6  73.48   0.00  71.83  40.78  99.72  47642 1168.358   162  227.214 1395.572
        64504.6 100.00   0.00  32.01  40.88  99.72  47650 1168.522   162  227.214 1395.736
        64514.6  53.57   0.00  30.61  40.89  99.72  47658 1168.720   162  227.214 1395.934
        64524.6   0.00  31.41  78.27  41.06  99.72  47665 1168.865   162  227.214 1396.079
        64534.6   0.00  39.36  71.71  41.15  99.72  47673 1169.045   162  227.214 1396.259
        64544.6   0.00  65.36  50.98  41.17  99.72  47681 1169.195   162  227.214 1396.409
        64554.6   0.00  36.77  28.05  41.18  99.72  47689 1169.337   162  227.214 1396.552
        64564.6  47.76   0.00  88.63  41.19  99.72  47696 1169.467   162  227.214 1396.682
Timestamp         S0     S1     E      O      P     YGC     YGCT    FGC    FGCT     GCT   
        64574.6  75.89   0.00  64.49  41.23  99.72  47704 1169.657   162  227.214 1396.872
        64584.6  89.10   0.00  68.21  41.25  99.72  47712 1169.850   162  227.214 1397.064
        64594.6  51.34   0.00  21.94  41.29  99.72  47720 1170.010   162  227.214 1397.225
        64604.6   0.00  76.92  84.76  41.35  99.72  47727 1170.146   162  227.214 1397.360
        64614.6   0.00  46.18  52.67  41.37  99.72  47735 1170.281   162  227.214 1397.495
        64624.6  58.16   0.00  96.47  41.39  99.72  47742 1170.417   162  227.214 1397.632
        64634.6  72.57   0.00  95.81  43.54  99.72  47750 1170.652   162  227.214 1397.866
        64644.6  59.56   0.00  99.33  43.64  99.72  47759 1171.028   162  227.214 1398.242
        64654.6   0.00  35.01  46.41  44.52  99.72  47767 1171.242   162  227.214 1398.456
        64664.6   0.00  34.84  72.26  44.61  99.72  47775 1171.418   162  227.214 1398.632
Timestamp         S0     S1     E      O      P     YGC     YGCT    FGC    FGCT     GCT   
        64674.6   0.00  26.60  69.43  44.62  99.72  47783 1171.581   162  227.214 1398.795
        64684.6   0.00  45.08  18.11  44.63  99.72  47791 1171.789   162  227.214 1399.004
        64694.6   0.00 100.00  14.55  44.68  99.72  47799 1171.991   162  227.214 1399.206
        64704.6  46.52   0.00  95.89  44.70  99.72  47806 1172.132   162  227.214 1399.346
        64714.6  65.28   0.00  69.53  44.74  99.72  47814 1172.349   162  227.214 1399.563
        64724.6  33.44   0.00  38.71  44.80  99.72  47822 1172.563   162  227.214 1399.777
        64734.6   0.00  60.67  86.62  44.81  99.72  47829 1172.708   162  227.214 1399.922
        64744.6   0.00  57.59  96.64  49.21  99.72  47837 1173.053   162  227.214 1400.268
        64754.6   0.00  74.36  74.42  49.22  99.72  47845 1173.281   162  227.214 1400.495
        64764.6   0.00  15.00  75.88  50.22  99.72  47853 1173.454   162  227.214 1400.668
Timestamp         S0     S1     E      O      P     YGC     YGCT    FGC    FGCT     GCT   
        64774.6   0.00  30.11  67.96  50.24  99.72  47861 1173.607   162  227.214 1400.821
        64784.6   0.00  25.97  31.36  50.25  99.72  47869 1173.745   162  227.214 1400.959
        64794.6  33.42   0.00  74.52  50.28  99.72  47876 1173.955   162  227.214 1401.169
        64804.6  43.16   0.00  41.19  50.30  99.72  47884 1174.153   162  227.214 1401.367
        64814.6   0.00  44.81  47.42  50.33  99.72  47891 1174.332   162  227.214 1401.546
        64824.6   0.00  81.61  17.28  50.43  99.72  47899 1174.510   162  227.214 1401.724
        64834.6   0.00  63.06  10.39  50.45  99.72  47907 1174.675   162  227.214 1401.889
        64844.7   0.00 100.00  27.89  52.90  99.72  47915 1174.953   162  227.214 1402.167
        64854.6   0.00  56.48  63.86  52.95  99.72  47923 1175.196   162  227.214 1402.410
        64864.6   0.00  24.35  78.45  54.01  99.72  47931 1175.425   162  227.214 1402.639
Timestamp         S0     S1     E      O      P     YGC     YGCT    FGC    FGCT     GCT   
        64874.6  27.02   0.00   2.50  54.03  99.72  47940 1175.614   162  227.214 1402.828
        64884.6   0.00  18.35  53.59  54.04  99.72  47947 1175.751   162  227.214 1402.965
        64894.6   0.00  49.50  33.37  54.06  99.72  47955 1175.919   162  227.214 1403.134
        64904.6  78.88   0.00  76.03  54.08  99.72  47962 1176.089   162  227.214 1403.303
        64914.6   0.00 100.00  87.04  54.10  99.72  47969 1176.238   162  227.214 1403.452
        64924.7   0.00  40.49  21.20  54.12  99.72  47977 1176.428   162  227.214 1403.642
        64934.6  65.68   0.00  38.96  54.23  99.72  47984 1176.586   162  227.214 1403.800
        64944.6   0.00  55.97  76.25  54.24  99.72  47991 1176.719   162  227.214 1403.933
        64954.7   0.00  51.09  42.81  54.27  99.72  47999 1176.884   162  227.214 1404.098
        64964.6  73.88   0.00  94.03  54.31  99.72  48006 1177.049   162  227.214 1404.263
Timestamp         S0     S1     E      O      P     YGC     YGCT    FGC    FGCT     GCT   
        64974.6  82.95   0.00  19.27  54.33  99.72  48014 1177.231   162  227.214 1404.446
        64984.7   0.00 100.00  60.36  54.34  99.72  48021 1177.358   162  227.214 1404.572
        64994.6   0.00  99.81  65.83  56.46  99.72  48029 1177.555   162  227.214 1404.770
        65004.7   0.00  62.54  45.63  56.49  99.72  48037 1177.752   162  227.214 1404.966
        65014.6  32.65   0.00  94.21  57.17  99.72  48044 1177.893   162  227.214 1405.107
        65024.7  44.68   0.00  76.04  57.19  99.72  48052 1178.098   162  227.214 1405.312
        65034.7  53.47   0.00  55.62  57.20  99.72  48060 1178.243   162  227.214 1405.458
        65044.7   0.00  29.37  59.99  57.26  99.72  48067 1178.359   162  227.214 1405.573
        65054.6   0.00  73.10  14.55  57.30  99.72  48075 1178.512   162  227.214 1405.726
        65064.7   0.00  46.23   6.47  57.32  99.72  48083 1178.697   162  227.214 1405.911
Timestamp         S0     S1     E      O      P     YGC     YGCT    FGC    FGCT     GCT   
        65074.6  53.42   0.00  39.73  57.33  99.72  48090 1178.854   162  227.214 1406.068
        65084.6   0.00  59.03  88.79  57.39  99.72  48097 1179.010   162  227.214 1406.224
        65094.6   0.00  77.54  69.60  57.41  99.72  48105 1179.158   162  227.214 1406.372
        65104.7   0.00 100.00  10.32  60.46  99.72  48113 1179.422   162  227.214 1406.636
        65114.7   0.00 100.00   0.00  60.46  99.72  48121 1179.684   162  227.214 1406.898
        65124.6   0.00  11.39   6.66  61.86  99.72  48129 1179.909   162  227.214 1407.123
        65134.7   0.00  30.95  51.96  61.88  99.72  48137 1180.068   162  227.214 1407.282
        65144.7   0.00  36.46  67.65  61.90  99.72  48145 1180.227   162  227.214 1407.442
        65154.7   0.00  33.88  63.20  62.05  99.72  48153 1180.397   162  227.214 1407.611
        65164.7   0.00  34.82  36.38  62.10  99.72  48161 1180.609   162  227.214 1407.823
Timestamp         S0     S1     E      O      P     YGC     YGCT    FGC    FGCT     GCT   
        65174.7  37.40   0.00  95.17  62.12  99.72  48168 1180.762   162  227.214 1407.976
        65184.6  44.25   0.00  41.15  62.22  99.72  48176 1180.922   162  227.214 1408.136
        65194.6   0.00  99.41  65.86  62.24  99.72  48183 1181.074   162  227.214 1408.288
        65204.7   0.00  99.55  41.18  62.25  99.72  48191 1181.246   162  227.214 1408.461
        65214.7   0.00  49.37   1.35  62.29  99.72  48199 1181.388   162  227.214 1408.602
        65224.7  71.15   0.00  64.21  62.30  99.72  48206 1181.534   162  227.214 1408.749
        65234.7  84.48   0.00  52.57  62.32  99.72  48214 1181.730   162  227.214 1408.944
        65244.7  51.96   0.00  11.11  62.35  99.72  48222 1181.902   162  227.214 1409.116
        65254.7 100.00   0.00   7.05  62.63  99.72  48230 1182.185   162  227.214 1409.399
        65264.7  63.26   0.00  13.13  62.66  99.72  48238 1182.396   162  227.214 1409.611
Timestamp         S0     S1     E      O      P     YGC     YGCT    FGC    FGCT     GCT   
        65274.6   0.00  27.53  28.60  63.18  99.72  48245 1182.558   162  227.214 1409.772
        65284.7  24.26   0.00  54.92  63.29  99.72  48252 1182.709   162  227.214 1409.923
        65294.7   0.00  33.94  98.84  63.30  99.72  48259 1182.840   162  227.214 1410.054
        65304.7   0.00  33.59  62.88  63.38  99.72  48267 1183.026   162  227.214 1410.240
        65314.6  28.74   0.00  60.60  63.44  99.72  48274 1183.150   162  227.214 1410.364
        65324.7   0.00  50.66  76.62  63.45  99.72  48281 1183.295   162  227.214 1410.510
        65334.7   0.00  62.59  48.18  63.47  99.72  48289 1183.458   162  227.214 1410.672
        65344.7   0.00  62.91  19.14  65.95  99.72  48297 1183.702   162  227.214 1410.916
        65354.7  61.97   0.00  92.10  65.99  99.72  48304 1183.895   162  227.214 1411.110
        65364.7  42.32   0.00  57.50  66.53  99.72  48312 1184.141   162  227.214 1411.355
Timestamp         S0     S1     E      O      P     YGC     YGCT    FGC    FGCT     GCT   
        65374.7  45.89   0.00  24.59  66.56  99.72  48320 1184.316   162  227.214 1411.530
        65384.7   0.00  33.99  52.17  66.68  99.72  48327 1184.455   162  227.214 1411.669
        65394.7   0.00 100.00  51.98  66.69  99.72  48335 1184.641   162  227.214 1411.855
        65404.7  34.78   0.00  71.48  66.70  99.72  48342 1184.845   162  227.214 1412.059
        65414.7  53.57   0.00  28.53  66.80  99.72  48350 1184.989   162  227.214 1412.203
        65424.7   0.00  99.50  98.08  66.82  99.72  48357 1185.158   162  227.214 1412.372
        65434.7   0.00  35.95  51.71  66.83  99.72  48365 1185.372   162  227.214 1412.586
        65444.7   0.00  55.33  28.96  66.91  99.72  48373 1185.534   162  227.214 1412.749
        65454.7  77.14   0.00  69.15  66.92  99.72  48380 1185.684   162  227.214 1412.898
        65464.7  30.25   0.00  41.24  66.94  99.72  48388 1185.849   162  227.214 1413.063
Timestamp         S0     S1     E      O      P     YGC     YGCT    FGC    FGCT     GCT   
        65474.7   0.00  71.63  61.40  66.95  99.72  48395 1185.995   162  227.214 1413.209
        65484.7   0.00  69.57  50.02  66.98  99.72  48403 1186.178   162  227.214 1413.392
        65494.7  60.34   0.00  79.26  67.01  99.72  48410 1186.323   162  227.214 1413.537
        65504.8  49.69   0.00  66.25  67.09  99.72  48418 1186.480   162  227.214 1413.694
        65514.7  50.69   0.00   5.94  67.11  99.72  48426 1186.748   162  227.214 1413.962
        65524.7   0.00  99.85  74.75  69.70  99.72  48433 1186.958   162  227.214 1414.172
        65534.8  61.18   0.00  22.06  69.86  99.72  48442 1187.222   162  227.214 1414.436
        65544.8  45.74   0.00  30.58  70.64  99.72  48450 1187.420   162  227.214 1414.634
        65554.8  18.77   0.00  33.53  70.65  99.72  48458 1187.604   162  227.214 1414.818
        65564.8  19.36   0.00   6.65  70.73  99.72  48466 1187.755   162  227.214 1414.969
Timestamp         S0     S1     E      O      P     YGC     YGCT    FGC    FGCT     GCT   
        65574.8   0.00  48.06  81.64  70.76  99.72  48473 1187.889   162  227.214 1415.103
        65584.8   0.00  99.75  11.18  70.77  99.72  48481 1188.080   162  227.214 1415.294
        65594.8   0.00  62.38   4.18  70.80  99.72  48489 1188.278   162  227.214 1415.493
        65604.8   0.00  47.48   7.55  70.92  99.72  48497 1188.451   162  227.214 1415.665
        65614.8  36.36   0.00  80.87  71.06  99.72  48504 1188.593   162  227.214 1415.808
        65624.8  52.52   0.00  54.13  71.08  99.72  48512 1188.780   162  227.214 1415.994
        65634.8  80.05   0.00   9.73  71.09  99.72  48520 1188.999   162  227.214 1416.213
        65644.8  32.74   0.00  37.52  71.24  99.72  48528 1189.175   162  227.214 1416.389
        65654.8  38.95   0.00   0.00  71.27  99.72  48536 1189.333   162  227.214 1416.547
        65664.8   0.00  53.21  56.55  71.29  99.72  48543 1189.466   162  227.214 1416.680
Timestamp         S0     S1     E      O      P     YGC     YGCT    FGC    FGCT     GCT   
        65674.8   0.00  99.76   8.63  71.76  99.72  48551 1189.651   162  227.214 1416.865
        65684.8  62.50   0.00  81.62  71.80  99.72  48558 1189.840   162  227.214 1417.055
        65694.7  31.29   0.00  55.22  72.40  99.72  48566 1190.036   162  227.214 1417.250
        65704.8  36.68   0.00  30.75  72.42  99.72  48574 1190.197   162  227.214 1417.412
        65714.8   0.00  57.77  98.85  72.48  99.72  48581 1190.355   162  227.214 1417.569
        65724.8   0.00  76.50  55.37  72.52  99.72  48589 1190.520   162  227.214 1417.734
        65734.8   0.00  74.62  29.98  72.53  99.72  48597 1190.698   162  227.214 1417.913
        65744.8   0.00  99.71  15.73  72.58  99.72  48605 1190.864   162  227.214 1418.079
        65754.8   0.00  59.75   2.71  72.68  99.72  48613 1191.107   162  227.214 1418.322
        65764.8  91.99   0.00  51.10  72.70  99.72  48620 1191.271   162  227.214 1418.485
Timestamp         S0     S1     E      O      P     YGC     YGCT    FGC    FGCT     GCT   
        65774.8  28.68   0.00  37.56  73.01  99.72  48628 1191.444   162  227.214 1418.658
        65784.8  60.96   0.00  31.04  73.02  99.72  48636 1191.644   162  227.214 1418.858
        65794.8   0.00  41.18  96.40  73.03  99.72  48643 1191.802   162  227.214 1419.016
        65804.8   0.00  31.32  36.51  73.06  99.72  48651 1191.964   162  227.214 1419.179
        65814.8  46.43   0.00  70.34  73.10  99.72  48658 1192.132   162  227.214 1419.346
        65824.8  57.47   0.00  17.65  73.11  99.72  48666 1192.334   162  227.214 1419.548
        65834.8   0.00  66.67  55.29  73.18  99.72  48673 1192.469   162  227.214 1419.684
        65844.8   0.00  99.71  29.75  73.26  99.72  48681 1192.664   162  227.214 1419.878
        65854.8  79.12   0.00  85.76  73.31  99.72  48688 1192.813   162  227.214 1420.027
        65864.8  94.81   0.00  41.88  73.43  99.72  48696 1193.003   162  227.214 1420.217
Timestamp         S0     S1     E      O      P     YGC     YGCT    FGC    FGCT     GCT   
        65874.8   0.00  34.29  73.12  73.44  99.72  48703 1193.137   162  227.214 1420.352
        65884.8   0.00 100.00  60.53  74.11  99.72  48711 1193.369   162  227.214 1420.583
        65894.8   0.00  69.56  60.97  74.14  99.72  48719 1193.634   162  227.214 1420.848
        65904.8   0.00  23.91  26.69  74.99  99.72  48727 1193.858   162  227.214 1421.072
        65914.8   0.00  33.05  25.46  75.04  99.72  48735 1194.057   162  227.214 1421.271
        65924.8  41.17   0.00  91.68  75.06  99.72  48742 1194.222   162  227.214 1421.437
        65934.8  46.40   0.00  32.96  75.17  99.72  48750 1194.389   162  227.214 1421.603
        65944.8   0.00  42.96  90.35  75.19  99.72  48757 1194.530   162  227.214 1421.744
        65954.8   0.00  70.18  89.92  75.21  99.72  48765 1194.765   162  227.214 1421.979
        65964.8   0.00  73.09  78.65  75.36  99.72  48773 1194.989   162  227.214 1422.203
Timestamp         S0     S1     E      O      P     YGC     YGCT    FGC    FGCT     GCT   
        65974.8   0.00  42.56  58.60  75.39  99.72  48781 1195.176   162  227.214 1422.390
        65984.8   0.00  34.91  76.60  75.61  99.72  48789 1195.354   162  227.214 1422.568
        65994.8   0.00  63.76  31.07  75.63  99.72  48797 1195.559   162  227.214 1422.773
        66004.8  45.79   0.00  89.08  75.64  99.72  48804 1195.724   162  227.214 1422.938
        66014.8  69.94   0.00  17.06  75.66  99.72  48812 1195.886   162  227.214 1423.100
        66024.8   0.00  99.76  87.27  76.64  99.72  48819 1196.094   162  227.214 1423.308
        66034.8   0.00  69.50  89.76  76.68  99.72  48827 1196.297   162  227.214 1423.512
        66044.8   0.00  25.00  76.19  77.11  99.72  48835 1196.539   162  227.214 1423.753
        66054.8   0.00  38.25  33.38  77.13  99.72  48843 1196.703   162  227.214 1423.917
        66064.8  59.90   0.00  56.81  77.15  99.72  48850 1196.828   162  227.214 1424.042
Timestamp         S0     S1     E      O      P     YGC     YGCT    FGC    FGCT     GCT   
        66074.8  40.43   0.00  22.99  77.16  99.72  48858 1196.965   162  227.214 1424.179
        66084.8  68.93   0.00  26.03  77.19  99.72  48866 1197.163   162  227.214 1424.377
        66094.8 100.00   0.00   3.93  80.30  99.72  48874 1197.395   162  227.214 1424.609
        66104.8  59.23   0.00  46.92  80.31  99.72  48882 1197.647   162  227.214 1424.861
        66114.8  22.58   0.00  53.73  81.28  99.72  48890 1197.880   162  227.214 1425.094
        66124.8  21.82   0.00  31.15  81.37  99.72  48898 1198.117   162  227.214 1425.331
        66134.8  44.28   0.00  41.01  81.39  99.72  48906 1198.280   162  227.214 1425.494
        66144.8  62.67   0.00   1.19  81.43  99.72  48914 1198.474   162  227.214 1425.689
        66154.8   0.00  57.54  85.62  81.44  99.72  48921 1198.639   162  227.214 1425.854
        66164.8   0.00  62.05  40.64  81.46  99.72  48929 1198.818   162  227.214 1426.032
Timestamp         S0     S1     E      O      P     YGC     YGCT    FGC    FGCT     GCT   
        66174.8  70.57   0.00  75.52  81.47  99.72  48936 1199.007   162  227.214 1426.221
        66184.8  74.53   0.00  36.44  81.56  99.72  48944 1199.196   162  227.214 1426.411
        66194.8   0.00  72.84  75.23  81.57  99.72  48951 1199.388   162  227.214 1426.602
        66204.8   0.00 100.00  62.05  81.71  99.72  48959 1199.587   162  227.214 1426.801
        66214.8   0.00  74.37  48.83  81.76  99.72  48967 1199.764   162  227.214 1426.978
        66224.8   0.00  44.02   6.24  82.07  99.72  48975 1199.948   162  227.214 1427.162
        66234.8  30.67   0.00  63.82  82.09  99.72  48982 1200.086   162  227.214 1427.301
        66244.8 100.00   0.00   8.44  82.24  99.72  48990 1200.292   162  227.214 1427.507
        66254.8   0.00  44.10  68.35  82.25  99.72  48997 1200.441   162  227.214 1427.656
        66264.8   0.00  68.04  43.28  82.36  99.72  49005 1200.623   162  227.214 1427.837
Timestamp         S0     S1     E      O      P     YGC     YGCT    FGC    FGCT     GCT   
        66274.8   0.00 100.00  26.72  82.40  99.72  49013 1200.802   162  227.214 1428.016
        66284.8  88.98   0.00  61.30  82.42  99.72  49020 1200.938   162  227.214 1428.152
        66294.8  68.93   0.00  19.40  82.52  99.72  49028 1201.131   162  227.214 1428.345
        66304.9   0.00  45.56  94.27  82.55  99.72  49035 1201.305   162  227.214 1428.520
        66314.8   0.00  72.83  55.49  82.59  99.72  49043 1201.497   162  227.214 1428.711
        66324.8   0.00  99.82  47.68  84.67  99.72  49051 1201.741   162  227.214 1428.955
        66334.9   0.00  64.25  40.85  84.68  99.72  49059 1201.934   162  227.214 1429.148
        66344.8   0.00  37.73  29.59  85.34  99.72  49067 1202.157   162  227.214 1429.371
        66354.8   0.00  39.90  31.04  85.36  99.72  49075 1202.336   162  227.214 1429.550
        66364.9   0.00  68.95  23.63  85.37  99.72  49083 1202.509   162  227.214 1429.723
Timestamp         S0     S1     E      O      P     YGC     YGCT    FGC    FGCT     GCT   
        66374.8  43.10   0.00  74.43  85.54  99.72  49090 1202.722   162  227.214 1429.937
        66384.8  32.11   0.00  21.78  85.58  99.72  49098 1202.888   162  227.214 1430.102
        66394.9   0.00  41.88  81.95  85.64  99.72  49105 1203.024   162  227.214 1430.238
        66404.8  40.00   0.00  93.41  85.66  99.72  49112 1203.156   162  227.214 1430.371
        66414.8  71.43   0.00  31.79  85.69  99.72  49120 1203.311   162  227.214 1430.526
        66424.8  72.03   0.00   0.00  85.70  99.72  49128 1203.582   162  227.214 1430.796
        66434.8   0.00  39.13  85.72  85.76  99.72  49135 1203.807   162  227.214 1431.021
        66444.8   0.00  99.50  18.24  85.82  99.72  49143 1203.974   162  227.214 1431.188
        66454.8  73.20   0.00  84.01  85.88  99.72  49150 1204.115   162  227.214 1431.330
        66464.9  64.02   0.00  54.29  85.90  99.72  49158 1204.268   162  227.214 1431.482
Timestamp         S0     S1     E      O      P     YGC     YGCT    FGC    FGCT     GCT   
        66474.9  59.41   0.00  43.87  85.93  99.72  49166 1204.432   162  227.214 1431.646
        66484.8   0.00  32.62  53.70  85.95  99.72  49173 1204.573   162  227.214 1431.787
        66494.9   0.00  99.87  49.62  90.04  99.72  49181 1204.905   162  227.214 1432.119
        66504.8   0.00  56.69  97.03  90.05  99.72  49189 1205.174   162  227.214 1432.388
        66514.9   0.00  15.46  86.06  91.18  99.72  49197 1205.384   162  227.214 1432.598
        66524.8  27.04   0.00   7.07  91.21  99.72  49206 1205.582   162  227.214 1432.796
        66534.8  60.59   0.00  14.83  91.23  99.72  49214 1205.775   162  227.214 1432.989
        66544.9  52.24   0.00   2.94  91.25  99.72  49222 1205.970   162  227.214 1433.184
        66554.9   0.00  52.04  15.05  91.31  99.72  49229 1206.113   162  227.214 1433.327
        66564.9  35.05   0.00  39.43  91.40  99.72  49236 1206.291   162  227.214 1433.505
Timestamp         S0     S1     E      O      P     YGC     YGCT    FGC    FGCT     GCT   
        66574.8   0.00  70.48  60.57  91.42  99.72  49243 1206.453   162  227.214 1433.667
        66584.8   0.00 100.00  27.59  91.46  99.72  49251 1206.707   162  227.214 1433.921
        66594.9   0.00  99.78  35.92  91.54  99.72  49259 1206.940   162  227.214 1434.154
        66604.8   0.00  40.60  32.52  91.70  99.72  49267 1207.167   162  227.214 1434.381
        66614.9   0.00 100.00  20.73  91.80  99.72  49275 1207.402   162  227.214 1434.616
        66624.8  19.78   0.00  77.92  91.90  99.72  49282 1207.547   162  227.214 1434.762
        66634.9  54.81   0.00  82.28  91.92  99.72  49290 1207.748   162  227.214 1434.962
        66644.8  41.33   0.00  65.71  91.94  99.72  49298 1207.944   162  227.214 1435.158
        66654.9  65.58   0.00  38.98  91.96  99.72  49306 1208.120   162  227.214 1435.334
        66664.9   0.00  54.76  82.34  92.04  99.72  49313 1208.284   162  227.214 1435.498
Timestamp         S0     S1     E      O      P     YGC     YGCT    FGC    FGCT     GCT   
        66674.8   0.00 100.00  41.26  92.06  99.72  49321 1208.464   162  227.214 1435.678
        66684.9   0.00  55.93  10.93  92.08  99.72  49329 1208.646   162  227.214 1435.860
        66694.8 100.00   0.00  90.41  96.36  99.72  49336 1208.861   162  227.214 1436.075
        66704.9   0.00  61.18   2.97  96.36  99.72  49345 1209.130   162  227.214 1436.345
        66714.8   0.00 100.00  13.30  97.47  99.72  49353 1209.336   162  227.214 1436.550
        66724.9   0.00  28.04   2.57  97.49  99.72  49361 1209.546   162  227.214 1436.761
        66734.9  50.75   0.00  31.42  17.95  99.72  49368 1209.708   163  228.578 1438.286
        66744.9   0.00  57.39  93.35  17.95  99.72  49375 1209.907   163  228.578 1438.484
        66754.9   0.00 100.00  82.06  18.36  99.72  49383 1210.083   163  228.578 1438.660
        66764.8   0.00  58.71  78.95  18.38  99.72  49391 1210.257   163  228.578 1438.835
Timestamp         S0     S1     E      O      P     YGC     YGCT    FGC    FGCT     GCT   
        66774.8   0.00 100.00  70.87  18.40  99.72  49399 1210.511   163  228.578 1439.089
        66784.9   0.00  41.60  52.37  18.52  99.72  49407 1210.726   163  228.578 1439.303
        66794.9   0.00  57.09  49.76  18.55  99.72  49415 1210.939   163  228.578 1439.517
        66804.9   0.00  61.43  26.83  18.59  99.72  49423 1211.102   163  228.578 1439.679
        66814.9  57.33   0.00  85.90  18.72  99.72  49430 1211.248   163  228.578 1439.826
        66824.9   0.00  32.20  94.76  18.74  99.72  49437 1211.358   163  228.578 1439.935
        66834.9   0.00  70.10  44.01  18.75  99.72  49445 1211.529   163  228.578 1440.106
        66844.9   0.00  42.01  10.63  18.77  99.72  49453 1211.698   163  228.578 1440.275
        66854.9  57.95   0.00  56.42  18.84  99.72  49460 1211.842   163  228.578 1440.419
        66864.9  75.31   0.00  51.20  18.86  99.72  49468 1212.011   163  228.578 1440.589
Timestamp         S0     S1     E      O      P     YGC     YGCT    FGC    FGCT     GCT   
        66874.9  72.85   0.00   4.28  18.87  99.72  49476 1212.210   163  228.578 1440.788
        66884.9   0.00 100.00  69.73  19.93  99.72  49483 1212.425   163  228.578 1441.002
        66894.9   0.00  67.81  54.04  20.14  99.72  49491 1212.656   163  228.578 1441.234
        66904.9   0.00  24.06  23.39  20.92  99.72  49499 1212.885   163  228.578 1441.462
        66914.9   0.00  45.11   9.99  20.97  99.72  49507 1213.089   163  228.578 1441.666
        66924.9  37.65   0.00  99.16  20.98  99.72  49514 1213.312   163  228.578 1441.889
        66934.9   0.00  99.63   8.29  21.02  99.72  49523 1213.502   163  228.578 1442.080
        66944.9   0.00  48.65   2.66  21.04  99.72  49531 1213.671   163  228.578 1442.248
        66954.8  69.52   0.00  62.56  21.05  99.72  49538 1213.820   163  228.578 1442.397
        66964.9 100.00   0.00  11.41  21.08  99.72  49546 1213.996   163  228.578 1442.574
Timestamp         S0     S1     E      O      P     YGC     YGCT    FGC    FGCT     GCT   
        66974.9   0.00  54.86  80.28  21.09  99.72  49553 1214.149   163  228.578 1442.727
        66984.9   0.00  55.47  35.62  21.28  99.72  49561 1214.327   163  228.578 1442.904
        66994.9   0.00 100.00  15.32  21.29  99.72  49569 1214.493   163  228.578 1443.071
        67004.9   0.00  99.64  12.20  21.43  99.72  49577 1214.671   163  228.578 1443.249
        67014.9   0.00  73.35  20.73  21.48  99.72  49585 1214.901   163  228.578 1443.479
        67024.9  98.03   0.00  91.77  21.49  99.72  49592 1215.079   163  228.578 1443.657
        67034.9 100.00   0.00  89.67  21.60  99.72  49600 1215.248   163  228.578 1443.826
        67044.9  32.50   0.00  55.21  21.66  99.72  49608 1215.444   163  228.578 1444.021
        67054.9  51.85   0.00  30.48  21.69  99.72  49616 1215.624   163  228.578 1444.201
        67064.9  92.31   0.00   6.31  21.74  99.72  49624 1215.803   163  228.578 1444.381
Timestamp         S0     S1     E      O      P     YGC     YGCT    FGC    FGCT     GCT   
        67074.9   0.00  66.67  60.13  21.75  99.72  49631 1215.973   163  228.578 1444.550
        67084.9  51.01   0.00  85.01  21.79  99.72  49638 1216.123   163  228.578 1444.701
        67094.9  54.55   0.00  50.46  21.93  99.72  49646 1216.263   163  228.578 1444.841
        67104.9   0.00  46.22 100.00  21.94  99.72  49653 1216.401   163  228.578 1444.979
        67114.9   0.00 100.00  38.02  21.96  99.72  49661 1216.592   163  228.578 1445.170
        67124.9  54.12   0.00  61.71  22.05  99.72  49668 1216.723   163  228.578 1445.301
        67134.9   0.00  26.24  82.54  22.06  99.72  49675 1216.878   163  228.578 1445.456
        67144.9   0.00 100.00  69.64  24.08  99.72  49683 1217.067   163  228.578 1445.645
        67154.9   0.00  99.83  60.45  24.09  99.72  49691 1217.309   163  228.578 1445.887
        67164.9   0.00  46.90  77.09  24.82  99.72  49699 1217.525   163  228.578 1446.102
Timestamp         S0     S1     E      O      P     YGC     YGCT    FGC    FGCT     GCT   
        67174.9  44.56   0.00   6.37  24.96  99.72  49708 1217.740   163  228.578 1446.318
        67184.9  47.74   0.00  32.59  24.98  99.72  49716 1217.972   163  228.578 1446.549
        67194.9  57.03   0.00   6.62  25.00  99.72  49724 1218.135   163  228.578 1446.712
        67204.9   0.00  37.45  76.28  25.09  99.72  49731 1218.279   163  228.578 1446.857
        67214.9   0.00  68.32  38.54  25.11  99.72  49739 1218.479   163  228.578 1447.057
        67224.9  63.17   0.00  73.73  25.12  99.72  49746 1218.614   163  228.578 1447.192
        67234.9  41.36   0.00  20.20  25.13  99.72  49754 1218.788   163  228.578 1447.365
        67244.9   0.00  44.41  67.23  25.19  99.72  49761 1218.959   163  228.578 1447.537
        67255.0  80.84   0.00  96.47  25.20  99.72  49768 1219.106   163  228.578 1447.683
        67264.9  77.67   0.00  56.79  25.27  99.72  49776 1219.263   163  228.578 1447.840
Timestamp         S0     S1     E      O      P     YGC     YGCT    FGC    FGCT     GCT   
        67274.9  51.55   0.00  15.19  25.29  99.72  49784 1219.421   163  228.578 1447.999
        67284.9   0.00 100.00  61.12  25.30  99.72  49791 1219.554   163  228.578 1448.132
        67294.9   0.00 100.00  39.93  25.37  99.72  49799 1219.712   163  228.578 1448.289
        67304.9   0.00  63.97  28.86  25.49  99.72  49807 1219.875   163  228.578 1448.452
        67314.9   0.00  46.10   8.18  25.57  99.72  49815 1220.053   163  228.578 1448.631
        67325.0  69.90   0.00  51.35  25.76  99.72  49822 1220.198   163  228.578 1448.775
        67334.9  56.76   0.00   8.83  25.81  99.72  49830 1220.354   163  228.578 1448.932
        67345.0   0.00  84.15  75.14  25.83  99.72  49837 1220.508   163  228.578 1449.085
        67354.9   0.00  45.96  72.71  25.84  99.72  49845 1220.688   163  228.578 1449.265
        67364.9   0.00  69.21  50.01  25.87  99.72  49853 1220.857   163  228.578 1449.435
Timestamp         S0     S1     E      O      P     YGC     YGCT    FGC    FGCT     GCT   
        67375.0  29.95   0.00  71.37  25.98  99.72  49860 1221.017   163  228.578 1449.595
        67385.0  58.05   0.00  13.64  25.99  99.72  49868 1221.215   163  228.578 1449.793
        67395.0   0.00  73.74  32.26  26.00  99.72  49875 1221.348   163  228.578 1449.925
        67405.0  71.01   0.00  90.07  26.07  99.72  49882 1221.483   163  228.578 1450.061
        67415.0  56.21   0.00  35.95  26.09  99.72  49890 1221.635   163  228.578 1450.212
        67425.0   0.00  51.27  77.77  26.22  99.72  49897 1221.754   163  228.578 1450.331
        67435.0   0.00 100.00  65.60  29.00  99.72  49905 1221.981   163  228.578 1450.559
        67445.0   0.00 100.00  43.90  29.01  99.72  49913 1222.220   163  228.578 1450.797
        67455.0   0.00  20.93  41.84  29.83  99.72  49921 1222.431   163  228.578 1451.009
        67465.0   0.00  28.86  48.69  29.87  99.72  49929 1222.594   163  228.578 1451.172
Timestamp         S0     S1     E      O      P     YGC     YGCT    FGC    FGCT     GCT   
        67475.0   0.00  29.09  24.56  29.89  99.72  49937 1222.767   163  228.578 1451.345
        67485.0  55.75   0.00  68.01  29.90  99.72  49944 1222.905   163  228.578 1451.483
        67495.0   0.00  99.33  88.12  29.97  99.72  49951 1223.037   163  228.578 1451.614
        67505.0   0.00  51.75  70.30  29.98  99.72  49959 1223.251   163  228.578 1451.828
        67515.0   0.00  66.67  37.85  30.00  99.72  49967 1223.458   163  228.578 1452.035
        67525.0   0.00  48.24   8.36  30.18  99.72  49975 1223.646   163  228.578 1452.223
        67535.0  60.04   0.00  48.84  30.22  99.72  49982 1223.776   163  228.578 1452.354
        67545.0  64.60   0.00  29.36  30.46  99.72  49990 1223.925   163  228.578 1452.502
        67555.1   0.00  53.85  87.65  30.47  99.72  49997 1224.058   163  228.578 1452.636
        67565.0   0.00  59.06   0.00  30.50  99.72  50005 1224.218   163  228.578 1452.795
Timestamp         S0     S1     E      O      P     YGC     YGCT    FGC    FGCT     GCT   
        67575.0  48.66   0.00  35.33  30.55  99.72  50012 1224.335   163  228.578 1452.913
        67585.1   0.00  77.74  76.18  30.56  99.72  50019 1224.472   163  228.578 1453.050
        67595.0   0.00  70.19  30.73  30.59  99.72  50027 1224.654   163  228.578 1453.232
        67605.0  57.39   0.00  82.49  30.61  99.72  50034 1224.793   163  228.578 1453.370
        67615.1  39.09   0.00  43.88  30.63  99.72  50042 1224.960   163  228.578 1453.538
        67625.1  77.68   0.00   0.00  30.65  99.72  50050 1225.121   163  228.578 1453.698
        67635.1   0.00 100.00  75.24  30.91  99.72  50057 1225.290   163  228.578 1453.868
        67645.1   0.00  62.94  65.31  30.93  99.72  50065 1225.534   163  228.578 1454.112
        67655.1   0.00  30.00  48.46  31.31  99.72  50073 1225.734   163  228.578 1454.312
        67665.1  35.61   0.00  98.26  31.37  99.72  50080 1225.874   163  228.578 1454.452
Timestamp         S0     S1     E      O      P     YGC     YGCT    FGC    FGCT     GCT   
        67675.1  43.81   0.00  61.97  31.43  99.72  50088 1226.032   163  228.578 1454.610
        67685.1  44.03   0.00  53.21  31.45  99.72  50096 1226.220   163  228.578 1454.798
        67695.1   0.00  41.10  61.68  31.48  99.72  50103 1226.354   163  228.578 1454.932
        67705.1   0.00  99.47  33.68  31.58  99.72  50111 1226.528   163  228.578 1455.106
        67715.1   0.00  42.29  18.85  31.60  99.72  50119 1226.717   163  228.578 1455.294
        67725.1  50.90   0.00  56.33  31.69  99.72  50126 1226.856   163  228.578 1455.433
        67735.1 100.00   0.00  13.27  33.88  99.72  50134 1227.039   163  228.578 1455.617
        67745.1  68.39   0.00  40.08  34.00  99.72  50142 1227.275   163  228.578 1455.853
        67755.1  31.90   0.00  62.44  34.89  99.72  50150 1227.529   163  228.578 1456.107
        67765.1  19.63   0.00  55.00  34.97  99.72  50158 1227.711   163  228.578 1456.288
Timestamp         S0     S1     E      O      P     YGC     YGCT    FGC    FGCT     GCT   
        67775.1  27.50   0.00   9.90  34.99  99.72  50166 1227.898   163  228.578 1456.476
        67785.1   0.00  26.75  98.83  35.01  99.72  50173 1228.030   163  228.578 1456.608
        67795.1   0.00  30.98  32.74  35.03  99.72  50181 1228.209   163  228.578 1456.786
        67805.1  64.04   0.00  89.65  35.05  99.72  50188 1228.332   163  228.578 1456.909
        67815.1  60.42   0.00  47.43  35.07  99.72  50196 1228.511   163  228.578 1457.089
        67825.1  67.58   0.00   6.97  35.10  99.72  50204 1228.658   163  228.578 1457.236
        67835.1   0.00  99.55  92.09  35.14  99.72  50211 1228.841   163  228.578 1457.418
        67845.1   0.00  99.77  83.63  37.65  99.72  50219 1229.117   163  228.578 1457.694
        67855.1   0.00  99.85  99.95  37.66  99.72  50228 1229.330   163  228.578 1457.908
        67865.1  36.99   0.00   2.87  38.47  99.72  50236 1229.629   163  228.578 1458.206
Timestamp         S0     S1     E      O      P     YGC     YGCT    FGC    FGCT     GCT   
        67875.1  35.73   0.00  13.01  38.63  99.72  50244 1229.802   163  228.578 1458.380
        67885.1   0.00  32.55  94.55  38.68  99.72  50251 1229.960   163  228.578 1458.538
        67895.1   0.00  29.68  91.20  38.69  99.72  50259 1230.182   163  228.578 1458.760
        67905.1   0.00  39.10  49.67  38.71  99.72  50267 1230.376   163  228.578 1458.953
        67915.1   0.00  40.48  11.14  38.73  99.72  50275 1230.525   163  228.578 1459.103
        67925.1  88.62   0.00  27.25  38.75  99.72  50282 1230.749   163  228.578 1459.326
        67935.1   0.00  78.96  86.45  38.76  99.72  50289 1230.903   163  228.578 1459.480
        67945.1   0.00  45.48   7.02  38.80  99.72  50297 1231.077   163  228.578 1459.655
        67955.1  61.30   0.00  60.85  38.81  99.72  50304 1231.226   163  228.578 1459.803
        67965.1   0.00  77.57  84.05  38.82  99.72  50311 1231.372   163  228.578 1459.949
Timestamp         S0     S1     E      O      P     YGC     YGCT    FGC    FGCT     GCT   
        67975.1   0.00  66.67  19.77  38.84  99.72  50319 1231.647   163  228.578 1460.225
        67985.1   0.00 100.00   0.00  40.86  99.72  50327 1231.917   163  228.578 1460.494
        67995.2   0.00 100.00  21.43  40.91  99.72  50335 1232.120   163  228.578 1460.698
        68005.1   0.00  49.74  43.53  41.59  99.72  50343 1232.336   163  228.578 1460.914
        68015.1   0.00  45.40  35.04  41.63  99.72  50351 1232.496   163  228.578 1461.074
        68025.1   0.00  76.13  21.29  41.64  99.72  50359 1232.693   163  228.578 1461.271
        68035.1  85.04   0.00  98.64  41.65  99.72  50367 1232.836   163  228.578 1461.414
        68045.1  47.36   0.00  43.46  41.75  99.72  50374 1233.110   163  228.578 1461.688
        68055.1  48.60   0.00  12.93  41.78  99.72  50382 1233.278   163  228.578 1461.855
        68065.1  77.37   0.00   4.90  41.79  99.72  50390 1233.452   163  228.578 1462.029
Timestamp         S0     S1     E      O      P     YGC     YGCT    FGC    FGCT     GCT   
        68075.1   0.00  39.33  69.65  41.82  99.72  50397 1233.570   163  228.578 1462.147
        68085.1   0.00  46.18  32.33  41.83  99.72  50405 1233.748   163  228.578 1462.326
        68095.1  61.84   0.00  40.40  41.85  99.72  50412 1233.887   163  228.578 1462.464
        68105.1  54.50   0.00   9.58  41.91  99.72  50420 1234.064   163  228.578 1462.641
        68115.1   0.00  99.48  45.59  42.00  99.72  50427 1234.199   163  228.578 1462.776
        68125.1  87.34  58.79 100.00  42.04  99.72  50435 1234.328   163  228.578 1462.906
        68135.1   0.00  49.28  29.74  46.01  99.72  50443 1234.620   163  228.578 1463.198
        68145.1   0.00  38.89  39.43  46.71  99.72  50451 1234.825   163  228.578 1463.402
        68155.2   0.00  38.59  35.20  46.90  99.72  50459 1234.982   163  228.578 1463.559
        68165.2   0.00  34.71  32.59  46.92  99.72  50467 1235.203   163  228.578 1463.781
Timestamp         S0     S1     E      O      P     YGC     YGCT    FGC    FGCT     GCT   
        68175.1   0.00  57.61  29.96  47.08  99.72  50475 1235.385   163  228.578 1463.963
        68185.1   0.00  42.05   8.87  47.17  99.72  50483 1235.545   163  228.578 1464.123
        68195.1  51.61   0.00  78.01  47.19  99.72  50490 1235.681   163  228.578 1464.259
        68205.1  87.86   0.00  26.19  47.23  99.72  50498 1235.849   163  228.578 1464.426
        68215.1   0.00  27.58  86.23  47.25  99.72  50505 1235.991   163  228.578 1464.569
        68225.1   0.00  99.42  58.86  47.30  99.72  50513 1236.163   163  228.578 1464.741
        68235.1   0.00  99.67  22.01  47.32  99.72  50521 1236.339   163  228.578 1464.916
        68245.1 100.00   0.00  84.95  47.39  99.72  50528 1236.490   163  228.578 1465.068
        68255.2  58.72   0.00  50.26  47.40  99.72  50536 1236.659   163  228.578 1465.236
        68265.2   0.00 100.00  96.57  47.47  99.72  50543 1236.824   163  228.578 1465.402
Timestamp         S0     S1     E      O      P     YGC     YGCT    FGC    FGCT     GCT   
        68275.1   0.00  41.80  55.35  47.53  99.72  50551 1236.990   163  228.578 1465.568
        68285.1   0.00  76.28   0.00  47.57  99.72  50559 1237.166   163  228.578 1465.744
        68295.1  77.24   0.00  43.81  47.59  99.72  50566 1237.323   163  228.578 1465.901
        68305.1   0.00  45.81  65.56  47.63  99.72  50573 1237.460   163  228.578 1466.038
        68315.2 100.00   0.00  89.26  47.67  99.72  50580 1237.620   163  228.578 1466.197
        68325.1  70.51   0.00  51.95  47.74  99.72  50588 1237.781   163  228.578 1466.358
        68335.2  72.91   0.00  37.21  49.85  99.72  50596 1238.042   163  228.578 1466.619
        68345.1  62.40   0.00  52.66  49.86  99.72  50604 1238.313   163  228.578 1466.890
        68355.2  19.33   0.00  98.92  50.74  99.72  50612 1238.517   163  228.578 1467.095
        68365.2  27.03   0.00  61.02  50.83  99.72  50620 1238.698   163  228.578 1467.275
Timestamp         S0     S1     E      O      P     YGC     YGCT    FGC    FGCT     GCT   
        68375.2  38.20   0.00  26.67  50.88  99.72  50628 1238.850   163  228.578 1467.427
        68385.1  41.45   0.00  21.48  50.89  99.72  50636 1239.003   163  228.578 1467.581
        68395.1   0.00  36.11  69.74  50.99  99.72  50643 1239.185   163  228.578 1467.763
        68405.1   0.00  44.22  52.35  51.01  99.72  50651 1239.377   163  228.578 1467.954
        68415.1   0.00  27.08  59.76  51.24  99.72  50659 1239.603   163  228.578 1468.180
        68425.2   0.00  53.74  24.03  51.25  99.72  50667 1239.790   163  228.578 1468.368
        68435.2  67.44   0.00  67.75  51.26  99.72  50674 1239.951   163  228.578 1468.529
        68445.1 100.00   0.00  58.36  51.33  99.72  50682 1240.174   163  228.578 1468.751
        68455.2  63.79   0.00  85.58  54.72  99.72  50690 1240.412   163  228.578 1468.989
        68465.2  64.29   0.00  98.10  54.81  99.72  50698 1240.677   163  228.578 1469.255
Timestamp         S0     S1     E      O      P     YGC     YGCT    FGC    FGCT     GCT   
        68475.2  17.96   0.00  83.08  55.70  99.72  50706 1240.836   163  228.578 1469.414
        68485.2  32.57   0.00  52.64  55.73  99.72  50714 1241.011   163  228.578 1469.589
        68495.1   0.00  31.95  73.12  55.75  99.72  50721 1241.153   163  228.578 1469.731
        68505.1   0.00  62.22  47.32  55.77  99.72  50729 1241.324   163  228.578 1469.902
        68515.2  42.57   0.00  87.27  55.78  99.72  50736 1241.580   163  228.578 1470.158
        68525.1  65.66   0.00  38.13  55.84  99.72  50744 1241.770   163  228.578 1470.348
        68535.2  68.97   0.00  13.82  55.95  99.72  50752 1241.943   163  228.578 1470.520
        68545.2   0.00 100.00  90.18  55.97  99.72  50759 1242.097   163  228.578 1470.675
        68555.1   0.00  73.16  91.23  56.09  99.72  50767 1242.286   163  228.578 1470.864
        68565.2   0.00  30.50  66.85  56.19  99.72  50775 1242.434   163  228.578 1471.012
Timestamp         S0     S1     E      O      P     YGC     YGCT    FGC    FGCT     GCT   
        68575.2   0.00  35.71  47.93  56.22  99.72  50783 1242.598   163  228.578 1471.176
        68585.2  64.85   0.00  65.84  56.24  99.72  50790 1242.817   163  228.578 1471.394
        68595.1 100.00   0.00  34.60  56.30  99.72  50798 1242.990   163  228.578 1471.567
        68605.2 100.00   0.00  31.18  56.35  99.72  50806 1243.169   163  228.578 1471.746
        68615.2   0.00  47.59  89.55  56.38  99.72  50813 1243.308   163  228.578 1471.885
        68625.1   0.00  57.78  55.97  56.50  99.72  50821 1243.490   163  228.578 1472.068
        68635.2   0.00 100.00   7.70  56.58  99.72  50829 1243.670   163  228.578 1472.247
        68645.1  58.26   0.00  61.33  56.71  99.72  50836 1243.827   163  228.578 1472.404
        68655.2  57.11   0.00  37.68  56.87  99.72  50844 1244.009   163  228.578 1472.587
        68665.2  43.75   0.00   4.36  57.07  99.72  50852 1244.258   163  228.578 1472.836
Timestamp         S0     S1     E      O      P     YGC     YGCT    FGC    FGCT     GCT   
        68675.2  64.22   0.00   6.91  59.58  99.72  50860 1244.554   163  228.578 1473.132
        68685.2  66.33   0.00  17.02  59.60  99.72  50868 1244.789   163  228.578 1473.366
        68695.2  26.46   0.00  40.00  60.77  99.72  50876 1245.084   163  228.578 1473.662
        68705.2  34.06   0.00  56.49  60.79  99.72  50884 1245.275   163  228.578 1473.853
        68715.2  75.00   0.00  54.64  60.81  99.72  50892 1245.445   163  228.578 1474.023
        68725.2  67.15   0.00  54.40  60.83  99.72  50900 1245.698   163  228.578 1474.275
        68735.1  42.38   0.00  10.93  60.91  99.72  50908 1245.854   163  228.578 1474.432
        68745.2   0.00  74.46  81.81  60.92  99.72  50915 1246.002   163  228.578 1474.579
        68755.3   0.00  65.12  48.14  60.96  99.72  50923 1246.195   163  228.578 1474.773
        68765.2  76.25   0.00 100.00  60.98  99.72  50931 1246.337   163  228.578 1474.914
Timestamp         S0     S1     E      O      P     YGC     YGCT    FGC    FGCT     GCT   
        68775.2  78.44   0.00  86.26  61.09  99.72  50938 1246.532   163  228.578 1475.110
        68785.2  88.65   0.00  66.12  61.21  99.72  50946 1246.728   163  228.578 1475.306
        68795.3  51.61   0.00  30.36  61.30  99.72  50954 1246.920   163  228.578 1475.498
        68805.3   0.00  63.07  92.12  61.31  99.72  50961 1247.061   163  228.578 1475.639
        68815.3   0.00 100.00  83.90  61.33  99.72  50969 1247.229   163  228.578 1475.807
        68825.3   0.00  73.59  52.50  61.38  99.72  50977 1247.449   163  228.578 1476.026
        68835.3   0.00 100.00  17.62  61.40  99.72  50985 1247.608   163  228.578 1476.185
        68845.3  63.28   0.00  28.94  61.40  99.72  50992 1247.751   163  228.578 1476.329
        68855.3   0.00  44.48  65.82  61.45  99.72  50999 1247.878   163  228.578 1476.456
        68865.3   0.00 100.00  15.01  61.51  99.72  51007 1248.048   163  228.578 1476.625
Timestamp         S0     S1     E      O      P     YGC     YGCT    FGC    FGCT     GCT   
        68875.3  42.50   0.00  87.49  61.52  99.72  51014 1248.189   163  228.578 1476.766
        68885.4  33.24   0.00  17.14  61.59  99.72  51022 1248.472   163  228.578 1477.049
        68895.3   0.00  87.79  38.13  61.67  99.72  51029 1248.592   163  228.578 1477.169
        68905.4   0.00  61.78   8.30  61.68  99.72  51037 1248.735   163  228.578 1477.313
        68915.4  73.10   0.00  69.44  61.71  99.72  51044 1248.913   163  228.578 1477.491
        68925.3  56.25   0.00  17.76  61.78  99.72  51052 1249.131   163  228.578 1477.709
        68935.4   0.00  65.41  55.55  61.79  99.72  51059 1249.291   163  228.578 1477.869
        68945.3  70.46   0.00  98.61  62.20  99.72  51067 1249.472   163  228.578 1478.049
        68955.3  92.40   0.00  70.03  62.24  99.72  51074 1249.646   163  228.578 1478.223
        68965.4  57.09   0.00  53.36  62.68  99.72  51082 1249.851   163  228.578 1478.429
Timestamp         S0     S1     E      O      P     YGC     YGCT    FGC    FGCT     GCT   
        68975.4   0.00  25.93  97.63  62.69  99.72  51089 1249.979   163  228.578 1478.556
        68985.4   0.00  99.54  69.15  62.73  99.72  51097 1250.150   163  228.578 1478.728
        68995.4   0.00  70.09  40.49  62.75  99.72  51105 1250.345   163  228.578 1478.922
        69005.4   0.00  51.71  14.46  62.87  99.72  51113 1250.497   163  228.578 1479.075
        69015.4  72.19   0.00  67.09  62.91  99.72  51120 1250.630   163  228.578 1479.207
        69025.4  59.64   0.00  17.60  62.96  99.72  51128 1250.829   163  228.578 1479.406
        69035.4  90.30   0.00  10.38  62.98  99.72  51136 1251.040   163  228.578 1479.617
        69045.4  72.59   0.00   3.43  63.05  99.72  51144 1251.253   163  228.578 1479.831
        69055.4   0.00  49.46  84.92  63.11  99.72  51151 1251.424   163  228.578 1480.001
        69065.4   0.00  99.40  31.95  63.13  99.72  51159 1251.590   163  228.578 1480.167
Timestamp         S0     S1     E      O      P     YGC     YGCT    FGC    FGCT     GCT   
        69075.4   0.00 100.00   0.00  63.16  99.72  51167 1251.762   163  228.578 1480.340
        69085.4  48.09   0.00  65.12  63.18  99.72  51174 1251.937   163  228.578 1480.514
        69095.4 100.00   0.00  57.74  64.79  99.72  51182 1252.168   163  228.578 1480.745
        69105.4   0.00  68.22   5.15  64.94  99.72  51191 1252.483   163  228.578 1481.060
        69115.4   0.00  34.62  21.77  66.30  99.72  51199 1252.701   163  228.578 1481.279
        69125.4   0.00  29.41  55.98  66.34  99.72  51207 1252.898   163  228.578 1481.475
        69135.4   0.00  49.12  44.88  66.36  99.72  51215 1253.068   163  228.578 1481.645
        69145.5   0.00  18.49  40.94  66.43  99.72  51223 1253.242   163  228.578 1481.820
        69155.4   0.00  35.32  30.38  66.45  99.72  51231 1253.403   163  228.578 1481.981
        69165.4   0.00  36.61   1.63  66.47  99.72  51239 1253.619   163  228.578 1482.197
Timestamp         S0     S1     E      O      P     YGC     YGCT    FGC    FGCT     GCT   
        69175.5  69.48   0.00  36.33  66.48  99.72  51246 1253.841   163  228.578 1482.418
        69185.4   0.00  99.60  78.59  66.51  99.72  51253 1253.986   163  228.578 1482.563
        69195.4   0.00  99.87  80.23  69.63  99.72  51261 1254.259   163  228.578 1482.836
        69205.4  62.71   0.00  12.26  69.64  99.72  51270 1254.531   163  228.578 1483.108
        69215.5   8.16   0.00  40.25  70.74  99.72  51278 1254.712   163  228.578 1483.290
        69225.5  28.81   0.00  49.22  70.76  99.72  51286 1254.914   163  228.578 1483.492
        69235.5  25.77   0.00  44.56  70.78  99.72  51294 1255.074   163  228.578 1483.651
        69245.5  80.62   0.00  14.68  70.80  99.72  51302 1255.244   163  228.578 1483.821
        69255.4   0.00  37.39  96.31  70.82  99.72  51309 1255.398   163  228.578 1483.976
        69265.4   0.00  52.46  65.62  70.88  99.72  51317 1255.646   163  228.578 1484.224
Timestamp         S0     S1     E      O      P     YGC     YGCT    FGC    FGCT     GCT   
        69275.4   0.00  45.90  40.91  70.95  99.72  51325 1255.807   163  228.578 1484.384
        69285.4  56.77   0.00  74.43  70.97  99.72  51332 1255.961   163  228.578 1484.538
        69295.4   0.00 100.00  87.54  70.99  99.72  51339 1256.103   163  228.578 1484.681
        69305.4   0.00  99.82  85.82  73.16  99.72  51347 1256.365   163  228.578 1484.942
        69315.5   0.00  51.83  98.17  73.77  99.72  51355 1256.590   163  228.578 1485.167
        69325.4   0.00  18.06  98.85  74.14  99.72  51363 1256.760   163  228.578 1485.338
        69335.4   0.00  22.03  53.20  74.15  99.72  51371 1256.932   163  228.578 1485.510
        69345.5   0.00  70.26   7.97  74.16  99.72  51379 1257.101   163  228.578 1485.678
        69355.4  71.53   0.00  77.22  74.17  99.72  51386 1257.264   163  228.578 1485.842
        69365.4  92.08   0.00  53.21  74.28  99.72  51394 1257.512   163  228.578 1486.090
Timestamp         S0     S1     E      O      P     YGC     YGCT    FGC    FGCT     GCT   
        69375.4  51.25   0.00  73.61  74.51  99.72  51402 1257.717   163  228.578 1486.295
        69385.5  50.00   0.00  62.48  74.62  99.72  51410 1257.902   163  228.578 1486.480
        69395.4  58.06   0.00  13.53  74.63  99.72  51418 1258.086   163  228.578 1486.663
        69405.5  30.77   0.00   0.55  74.74  99.72  51426 1258.265   163  228.578 1486.842
        69415.4   0.00  50.50  29.22  74.75  99.72  51433 1258.431   163  228.578 1487.009
        69425.4   0.00  46.89  10.32  74.81  99.72  51441 1258.619   163  228.578 1487.197
        69435.4  49.40   0.00  73.37  74.83  99.72  51448 1258.807   163  228.578 1487.385
        69445.4  66.67   0.00  43.71  74.84  99.72  51456 1258.956   163  228.578 1487.533
        69455.5  43.28   0.00   4.34  74.97  99.72  51464 1259.172   163  228.578 1487.750
        69465.5   0.00  99.71  55.81  74.99  99.72  51471 1259.329   163  228.578 1487.906
Timestamp         S0     S1     E      O      P     YGC     YGCT    FGC    FGCT     GCT   
        69475.4  29.50   0.00  95.47  75.11  99.72  51478 1259.470   163  228.578 1488.048
        69485.5  66.58   0.00  13.58  75.14  99.72  51486 1259.655   163  228.578 1488.232
        69495.5   0.00  67.80  48.49  75.17  99.72  51493 1259.802   163  228.578 1488.380
        69505.4  52.83   0.00  89.76  75.19  99.72  51500 1259.940   163  228.578 1488.518
        69515.4 100.00   0.00  36.57  77.48  99.72  51508 1260.126   163  228.578 1488.704
        69525.5  69.94   0.00  39.67  77.48  99.72  51516 1260.343   163  228.578 1488.920
        69535.3  50.47   0.00   5.87  77.94  99.72  51524 1260.564   163  228.578 1489.142
        69545.6   0.00  31.34  55.51  78.02  99.72  51531 1260.745   163  228.578 1489.322
        69555.6   0.00  52.37  29.56  78.11  99.72  51539 1260.920   163  228.578 1489.497
        69565.6   0.00  43.81   0.00  78.12  99.72  51547 1261.093   163  228.578 1489.670
Timestamp         S0     S1     E      O      P     YGC     YGCT    FGC    FGCT     GCT   
        69575.6  70.21   0.00  24.99  78.14  99.72  51554 1261.238   163  228.578 1489.816
        69585.6   0.00  50.30  62.31  78.16  99.72  51561 1261.377   163  228.578 1489.954
        69595.6   0.00  53.72  25.37  78.23  99.72  51569 1261.549   163  228.578 1490.127
        69605.6  64.23   0.00  75.02  78.25  99.72  51576 1261.686   163  228.578 1490.264
        69615.6  79.79   0.00  29.06  78.27  99.72  51584 1261.871   163  228.578 1490.448
        69625.6   0.00 100.00  69.88  80.27  99.72  51591 1262.046   163  228.578 1490.623
        69635.6   0.00  99.78  47.50  80.53  99.72  51599 1262.258   163  228.578 1490.835
        69645.6   0.00 100.00  66.15  81.00  99.72  51607 1262.499   163  228.578 1491.076
        69655.6   0.00  58.68  51.32  81.16  99.72  51615 1262.709   163  228.578 1491.287
        69665.6   0.00  44.73  22.25  81.22  99.72  51623 1262.979   163  228.578 1491.557
Timestamp         S0     S1     E      O      P     YGC     YGCT    FGC    FGCT     GCT   
        69675.6  56.92   0.00  62.85  81.26  99.72  51630 1263.175   163  228.578 1491.753
        69685.6  70.66   0.00  49.22  81.27  99.72  51638 1263.367   163  228.578 1491.944
        69695.6 100.00   0.00  32.82  81.41  99.72  51646 1263.541   163  228.578 1492.118
        69705.6  69.87   0.00  14.06  81.42  99.72  51654 1263.773   163  228.578 1492.351
        69715.6   0.00  99.32  69.99  81.59  99.72  51661 1263.956   163  228.578 1492.534
        69725.6   0.00  99.68  37.55  81.68  99.72  51669 1264.135   163  228.578 1492.713
        69735.6   0.00  99.57  11.49  81.70  99.72  51677 1264.323   163  228.578 1492.901
        69745.6  93.49   0.00  61.47  81.71  99.72  51684 1264.472   163  228.578 1493.050
        69755.6  74.05   0.00  27.13  81.77  99.72  51692 1264.641   163  228.578 1493.219
        69765.6   0.00  99.25  86.61  81.78  99.72  51699 1264.807   163  228.578 1493.385
Timestamp         S0     S1     E      O      P     YGC     YGCT    FGC    FGCT     GCT   
        69775.6   0.00  69.89  29.57  81.83  99.72  51707 1264.978   163  228.578 1493.555
        69785.6   0.00  99.70  12.96  81.84  99.72  51715 1265.172   163  228.578 1493.749
        69795.6   0.00  71.68   7.22  81.87  99.72  51723 1265.338   163  228.578 1493.915
        69805.6  74.38   0.00  18.64  81.90  99.72  51730 1265.471   163  228.578 1494.048
        69815.6  44.92   0.00   0.00  82.01  99.72  51738 1265.643   163  228.578 1494.220
        69825.6   0.00  76.56  23.00  82.02  99.72  51745 1265.827   163  228.578 1494.405
        69835.6  71.74   0.00  44.95  82.20  99.72  51752 1266.037   163  228.578 1494.614
        69845.6   0.00  88.99  68.23  82.22  99.72  51759 1266.189   163  228.578 1494.767
        69855.6   0.00  99.78  26.39  82.76  99.72  51767 1266.408   163  228.578 1494.986
        69865.6   0.00  47.82  12.72  83.12  99.72  51775 1266.637   163  228.578 1495.214
Timestamp         S0     S1     E      O      P     YGC     YGCT    FGC    FGCT     GCT   
        69875.6  37.00   0.00  20.01  83.36  99.72  51782 1266.783   163  228.578 1495.360
        69885.6   0.00  28.38 100.00  83.39  99.72  51790 1266.952   163  228.578 1495.529
        69895.6   0.00  72.09  48.37  83.40  99.72  51797 1267.110   163  228.578 1495.687
        69905.6  34.03   0.00  89.28  83.49  99.72  51804 1267.245   163  228.578 1495.822
        69915.6  32.95   0.00   8.77  83.51  99.72  51812 1267.412   163  228.578 1495.990
        69925.6   0.00  44.30  65.64  83.53  99.72  51819 1267.568   163  228.578 1496.146
        69935.6  48.37   0.00  76.05  83.55  99.72  51826 1267.707   163  228.578 1496.285
        69945.6  57.88   0.00  21.69  83.59  99.72  51834 1267.936   163  228.578 1496.514
        69955.6   0.00  85.96  52.77  83.60  99.72  51841 1268.109   163  228.578 1496.686
        69965.6  65.69   0.00  76.55  83.61  99.72  51848 1268.287   163  228.578 1496.864
Timestamp         S0     S1     E      O      P     YGC     YGCT    FGC    FGCT     GCT   
        69975.6  94.43   0.00  75.56  86.05  99.72  51856 1268.527   163  228.578 1497.104
        69985.6  55.75   0.00  49.58  86.05  99.72  51864 1268.754   163  228.578 1497.331
        69995.6  17.14   0.00  74.33  86.90  99.72  51872 1268.963   163  228.578 1497.540
        70005.6  37.43   0.00  79.97  86.91  99.72  51880 1269.144   163  228.578 1497.722
        70015.6  29.39   0.00  83.97  86.93  99.72  51888 1269.347   163  228.578 1497.924
        70025.6  58.21   0.00  53.94  86.96  99.72  51896 1269.537   163  228.578 1498.115
        70035.6   0.00  35.97   3.95  87.01  99.72  51905 1269.738   163  228.578 1498.315
        70045.6  45.05   0.00  72.98  87.03  99.72  51912 1269.874   163  228.578 1498.452
        70055.6  70.34   0.00  34.07  87.04  99.72  51920 1270.046   163  228.578 1498.624
        70065.6  44.39   0.00   0.00  87.11  99.72  51928 1270.191   163  228.578 1498.768
Timestamp         S0     S1     E      O      P     YGC     YGCT    FGC    FGCT     GCT   
        70075.6   0.00  56.04  54.57  87.13  99.72  51935 1270.373   163  228.578 1498.950
        70085.6   0.00 100.00  47.74  87.16  99.72  51943 1270.571   163  228.578 1499.149
        70095.6   0.00  71.11  10.48  87.20  99.72  51951 1270.802   163  228.578 1499.379
        70105.6  65.75   0.00  86.63  87.26  99.72  51958 1270.962   163  228.578 1499.539
        70115.7  75.99   0.00  46.76  87.28  99.72  51966 1271.156   163  228.578 1499.734
        70125.6  98.60   0.00  31.51  87.30  99.72  51974 1271.345   163  228.578 1499.923
        70135.6  85.60   0.00   3.77  87.32  99.72  51982 1271.524   163  228.578 1500.102
        70145.7   0.00  38.25  58.38  87.38  99.72  51989 1271.674   163  228.578 1500.252
        70155.6  67.58   0.00  92.15  87.40  99.72  51996 1271.800   163  228.578 1500.377
        70165.6  83.63   0.00  72.98  87.42  99.72  52004 1271.986   163  228.578 1500.564
Timestamp         S0     S1     E      O      P     YGC     YGCT    FGC    FGCT     GCT   
        70175.6  47.70   0.00  32.09  87.43  99.72  52012 1272.179   163  228.578 1500.757
        70185.7   0.00 100.00 100.00  87.50  99.72  52019 1272.356   163  228.578 1500.934
        70195.6   0.00 100.00  40.95  87.67  99.72  52027 1272.541   163  228.578 1501.118
        70205.6 100.00   0.00  61.86  87.69  99.72  52034 1272.689   163  228.578 1501.267
        70215.6  49.59   0.00  20.13  87.89  99.72  52042 1272.884   163  228.578 1501.461
        70225.7   0.00  26.13  68.19  88.02  99.72  52049 1273.032   163  228.578 1501.610
        70235.6   0.00  67.02  21.23  88.04  99.72  52057 1273.187   163  228.578 1501.765
        70245.6  62.50   0.00  82.09  88.05  99.72  52064 1273.337   163  228.578 1501.914
        70255.6  74.70   0.00  48.03  88.07  99.72  52072 1273.503   163  228.578 1502.080
        70265.7  71.84   0.00  36.92  91.77  99.72  52080 1273.782   163  228.578 1502.360
Timestamp         S0     S1     E      O      P     YGC     YGCT    FGC    FGCT     GCT   
        70275.7  64.63   0.00  65.21  91.84  99.72  52088 1274.032   163  228.578 1502.609
        70285.7  27.11   0.00  71.10  92.73  99.72  52096 1274.337   163  228.578 1502.915
        70295.7  28.49   0.00  46.28  92.75  99.72  52104 1274.524   163  228.578 1503.101
        70305.7  35.17   0.00  39.79  92.77  99.72  52112 1274.695   163  228.578 1503.273
        70315.7  66.19   0.00   0.00  92.80  99.72  52120 1274.873   163  228.578 1503.450
        70325.7   0.00  76.26  96.91  92.85  99.72  52127 1275.043   163  228.578 1503.620
        70335.7  66.83   0.00  80.21  13.31  99.72  52134 1275.200   164  229.994 1505.194
        70345.7  78.36   0.00  27.17  13.32  99.72  52142 1275.470   164  229.994 1505.464
        70355.7  35.15   0.00   0.00  13.64  99.72  52150 1275.642   164  229.994 1505.635
        70365.7   0.00  28.24  52.48  13.66  99.72  52157 1275.770   164  229.994 1505.764
Timestamp         S0     S1     E      O      P     YGC     YGCT    FGC    FGCT     GCT   
        70375.7  63.45   0.00  82.66  13.75  99.72  52164 1275.893   164  229.994 1505.887
        70385.7  75.25   0.00  19.36  13.79  99.72  52172 1276.039   164  229.994 1506.033
        70395.7   0.00  68.72  97.29  13.84  99.72  52180 1276.232   164  229.994 1506.226
        70405.7  68.35   0.00   5.82  13.90  99.72  52188 1276.425   164  229.994 1506.419
        70415.7   0.00  99.74  96.97  13.96  99.72  52195 1276.582   164  229.994 1506.576
        70425.7   0.00  69.47  83.32  14.03  99.72  52203 1276.732   164  229.994 1506.726
        70435.7   0.00  50.91  48.49  14.09  99.72  52211 1276.923   164  229.994 1506.917
        70445.7   0.00  48.95   5.96  14.16  99.72  52219 1277.087   164  229.994 1507.080
        70455.7  54.02   0.00  77.00  14.21  99.72  52226 1277.280   164  229.994 1507.274
        70465.7  55.17   0.00  45.69  14.24  99.72  52234 1277.463   164  229.994 1507.457
Timestamp         S0     S1     E      O      P     YGC     YGCT    FGC    FGCT     GCT   
        70475.7  67.20   0.00  19.26  18.43  99.72  52242 1277.773   164  229.994 1507.766
        70485.7  69.81   0.00  75.76  18.44  99.72  52250 1277.997   164  229.994 1507.991
        70495.7  16.95   0.00  84.53  19.40  99.72  52258 1278.238   164  229.994 1508.231
        70505.7   0.00  29.62   5.60  19.42  99.72  52267 1278.436   164  229.994 1508.430
        70515.7  28.38   0.00  75.38  19.47  99.72  52274 1278.558   164  229.994 1508.552
        70525.7  67.81   0.00  41.43  19.48  99.72  52282 1278.785   164  229.994 1508.779
        70535.7  63.46   0.00  20.33  19.49  99.72  52290 1278.925   164  229.994 1508.919
        70545.7   0.00  56.63  74.36  19.51  99.72  52297 1279.058   164  229.994 1509.052
        70555.7 100.00   0.00  96.41  19.55  99.72  52304 1279.223   164  229.994 1509.216
        70565.7   0.00  62.66  19.56  22.58  99.72  52313 1279.489   164  229.994 1509.482
Timestamp         S0     S1     E      O      P     YGC     YGCT    FGC    FGCT     GCT   
        70575.7   0.00  38.27  52.19  23.26  99.72  52321 1279.726   164  229.994 1509.719
        70585.7   0.00  24.14  49.07  23.47  99.72  52329 1279.893   164  229.994 1509.887
        70595.7   0.00  44.92  80.43  23.49  99.72  52337 1280.092   164  229.994 1510.085
        70605.7   0.00  44.73  80.26  23.50  99.72  52345 1280.238   164  229.994 1510.232
        70615.7   0.00  75.24  44.52  23.58  99.72  52353 1280.404   164  229.994 1510.397
        70625.7   0.00  79.76  25.45  23.60  99.72  52361 1280.615   164  229.994 1510.609
        70635.7  46.04   0.00  86.10  23.65  99.72  52368 1280.759   164  229.994 1510.752
        70645.7  48.60   0.00  75.97  23.71  99.72  52376 1280.911   164  229.994 1510.905
        70655.7  40.79   0.00  45.89  23.75  99.72  52384 1281.121   164  229.994 1511.115
        70665.7   0.00  72.10  89.43  23.77  99.72  52391 1281.246   164  229.994 1511.240
Timestamp         S0     S1     E      O      P     YGC     YGCT    FGC    FGCT     GCT   
        70675.7   0.00 100.00  50.15  23.79  99.72  52399 1281.401   164  229.994 1511.395
        70685.7   0.00  45.08  22.28  23.90  99.72  52407 1281.572   164  229.994 1511.566
        70695.7  50.27   0.00  95.36  23.93  99.72  52414 1281.741   164  229.994 1511.734
        70705.7  76.00   0.00  77.93  24.05  99.72  52422 1281.933   164  229.994 1511.927
        70715.7  66.67   0.00  18.24  24.08  99.72  52430 1282.101   164  229.994 1512.094
        70725.7   0.00  99.61  86.93  24.14  99.72  52437 1282.246   164  229.994 1512.239
        70735.7   0.00 100.00  54.79  24.28  99.72  52445 1282.484   164  229.994 1512.478
        70745.7   0.00  59.14  37.10  26.45  99.72  52453 1282.716   164  229.994 1512.710
        70755.7   0.00  99.71  51.47  27.06  99.72  52461 1282.938   164  229.994 1512.931
        70765.7   0.00  40.24  94.96  27.28  99.72  52467 1283.105   164  229.994 1513.098
Timestamp         S0     S1     E      O      P     YGC     YGCT    FGC    FGCT     GCT   
        70775.7  47.21   0.00   0.00  27.32  99.72  52476 1283.302   164  229.994 1513.296
        70785.7   0.00  22.20  59.76  27.51  99.72  52483 1283.447   164  229.994 1513.441
        70795.8   0.00  45.58  24.76  27.54  99.72  52491 1283.606   164  229.994 1513.599
        70805.7   0.00  50.24   1.56  27.56  99.72  52499 1283.842   164  229.994 1513.835
        70815.7  50.26   0.00   5.39  27.57  99.72  52506 1283.977   164  229.994 1513.970
        70825.7   0.00  45.64  88.05  27.70  99.72  52513 1284.122   164  229.994 1514.116
        70835.8   0.00  53.64  63.81  27.71  99.72  52521 1284.283   164  229.994 1514.276
        70845.7   0.00 100.00  40.44  27.74  99.72  52529 1284.450   164  229.994 1514.444
        70855.8   0.00  99.59  21.80  27.76  99.72  52537 1284.608   164  229.994 1514.601
        70865.7  54.08   0.00  83.11  27.85  99.72  52544 1284.773   164  229.994 1514.766
Timestamp         S0     S1     E      O      P     YGC     YGCT    FGC    FGCT     GCT   
        70875.7  52.16   0.00  24.81  27.87  99.72  52552 1284.944   164  229.994 1514.937
        70885.8  78.82   0.00   6.85  27.93  99.72  52560 1285.116   164  229.994 1515.110
        70895.7   0.00  44.47  54.82  27.96  99.72  52567 1285.241   164  229.994 1515.235
        70905.7   0.00  99.71  15.15  28.03  99.72  52575 1285.408   164  229.994 1515.402
        70915.8  40.78   0.00  34.19  28.06  99.72  52582 1285.537   164  229.994 1515.531
        70925.8  97.37   0.00   2.89  28.08  99.72  52590 1285.684   164  229.994 1515.677
        70935.8   0.00  84.93  62.48  28.14  99.72  52597 1285.875   164  229.994 1515.868
        70945.8   0.00  74.34  46.51  28.19  99.72  52605 1286.051   164  229.994 1516.045
        70955.8   0.00  64.95  17.92  28.29  99.72  52613 1286.217   164  229.994 1516.211
        70965.8   0.00  71.11  91.53  28.32  99.72  52619 1286.323   164  229.994 1516.317
Timestamp         S0     S1     E      O      P     YGC     YGCT    FGC    FGCT     GCT   
        70975.8   0.00 100.00  32.87  28.34  99.72  52627 1286.467   164  229.994 1516.460
        70985.7   0.00  58.87   0.00  28.39  99.72  52635 1286.641   164  229.994 1516.635
        70995.7  49.17   0.00  58.50  28.41  99.72  52642 1286.792   164  229.994 1516.785
        71005.7  50.00   0.00   8.40  28.46  99.72  52650 1286.962   164  229.994 1516.955
        71015.8   0.00  95.81  51.85  28.49  99.72  52657 1287.162   164  229.994 1517.155
        71025.7   0.00 100.00  56.01  29.43  99.72  52665 1287.359   164  229.994 1517.353
        71035.8   0.00  69.48  43.17  29.46  99.72  52673 1287.558   164  229.994 1517.552
        71045.7   0.00  64.01  57.00  30.03  99.72  52681 1287.761   164  229.994 1517.755
        71055.8   0.00  48.89  34.69  30.05  99.72  52689 1287.928   164  229.994 1517.922
        71065.8   0.00  52.72  21.51  30.14  99.72  52697 1288.112   164  229.994 1518.105
Timestamp         S0     S1     E      O      P     YGC     YGCT    FGC    FGCT     GCT   
        71075.7  45.03   0.00  87.74  30.16  99.72  52704 1288.239   164  229.994 1518.232
        71085.7  77.09   0.00  34.00  30.18  99.72  52712 1288.383   164  229.994 1518.376
        71095.7   0.00  51.67  80.87  30.20  99.72  52719 1288.525   164  229.994 1518.519
        71105.7   0.00  99.47  36.84  30.21  99.72  52727 1288.765   164  229.994 1518.759
        71115.7   0.00 100.00  15.92  32.78  99.72  52735 1289.072   164  229.994 1519.066
        71125.8   0.00  56.53  16.21  32.80  99.72  52743 1289.291   164  229.994 1519.285
        71135.8  15.31   0.00  86.68  33.81  99.72  52750 1289.461   164  229.994 1519.455
        71145.8  45.43   0.00  86.57  33.83  99.72  52758 1289.634   164  229.994 1519.627
        71155.8  50.53   0.00  60.81  33.85  99.72  52766 1289.804   164  229.994 1519.798
        71165.8  22.71   0.00  46.84  33.89  99.72  52774 1289.960   164  229.994 1519.953
Timestamp         S0     S1     E      O      P     YGC     YGCT    FGC    FGCT     GCT   
        71175.8  97.67   0.00  24.81  33.92  99.72  52782 1290.153   164  229.994 1520.147
        71185.8   0.00  61.24  98.04  33.95  99.72  52789 1290.319   164  229.994 1520.312
        71195.7   0.00  99.55  34.90  34.02  99.72  52797 1290.490   164  229.994 1520.484
        71205.7  37.87   0.00  68.85  34.05  99.72  52804 1290.611   164  229.994 1520.605
        71215.7   0.00  47.85  95.00  34.07  99.72  52811 1290.748   164  229.994 1520.742
        71225.8   0.00  94.91  36.58  34.09  99.72  52819 1290.923   164  229.994 1520.916
        71235.8  47.78   0.00  80.82  34.14  99.72  52826 1291.054   164  229.994 1521.047
        71245.8  98.66   0.00  53.13  34.16  99.72  52834 1291.247   164  229.994 1521.241
        71255.8  51.84   0.00  47.28  34.22  99.72  52842 1291.433   164  229.994 1521.426
        71265.8  60.24   0.00  19.81  34.33  99.72  52850 1291.582   164  229.994 1521.576
Timestamp         S0     S1     E      O      P     YGC     YGCT    FGC    FGCT     GCT   
        71275.8   0.00  78.27  88.88  34.36  99.72  52857 1291.753   164  229.994 1521.746
        71285.8   0.00  66.83  23.02  34.39  99.72  52865 1292.269   164  229.994 1522.262
        71295.8  46.76   0.00  52.25  34.41  99.72  52872 1292.422   164  229.994 1522.416
        71305.8   0.00  45.94  94.69  34.43  99.72  52879 1292.529   164  229.994 1522.522
        71315.7   0.00  58.67  55.41  34.65  99.72  52887 1292.679   164  229.994 1522.673
        71325.8   0.00 100.00  29.32  34.84  99.72  52895 1292.858   164  229.994 1522.851
        71335.8  60.89   0.00  68.55  35.12  99.72  52902 1293.026   164  229.994 1523.020
        71345.8   0.00  37.00  96.65  35.38  99.72  52909 1293.177   164  229.994 1523.170
        71355.7   0.00  48.47  63.97  35.45  99.72  52917 1293.350   164  229.994 1523.344
        71365.8   0.00  41.75  30.20  35.51  99.72  52925 1293.527   164  229.994 1523.521
Timestamp         S0     S1     E      O      P     YGC     YGCT    FGC    FGCT     GCT   
        71375.8  70.40   0.00  96.25  35.67  99.72  52932 1293.691   164  229.994 1523.684
        71385.8  68.57   0.00  28.40  35.78  99.72  52940 1293.853   164  229.994 1523.847
        71395.8   0.00  64.14  80.70  35.96  99.72  52947 1294.013   164  229.994 1524.006
        71405.8   0.00  60.98  42.10  36.08  99.72  52955 1294.242   164  229.994 1524.235
        71415.8   0.00  73.31   2.05  36.17  99.72  52963 1294.453   164  229.994 1524.447
        71425.8  70.48   0.00  72.10  36.21  99.72  52970 1294.580   164  229.994 1524.573
        71435.8  65.81   0.00  39.76  36.23  99.72  52978 1294.728   164  229.994 1524.721
        71445.8   0.00  70.53  46.47  36.25  99.72  52985 1294.850   164  229.994 1524.843
        71455.8  80.56   0.00  88.71  36.28  99.72  52992 1294.981   164  229.994 1524.974
        71465.8  73.27   0.00  76.23  37.11  99.72  53000 1295.210   164  229.994 1525.204
Timestamp         S0     S1     E      O      P     YGC     YGCT    FGC    FGCT     GCT   
        71475.8  57.95   0.00  66.71  37.23  99.72  53008 1295.431   164  229.994 1525.424
        71485.8  26.49   0.00  36.00  37.91  99.72  53016 1295.592   164  229.994 1525.586
        71495.8  32.06   0.00  15.17  37.93  99.72  53024 1295.938   164  229.994 1525.932
        71505.8   0.00  71.21  89.18  37.95  99.72  53031 1296.095   164  229.994 1526.088
        71515.8   0.00  48.55  33.58  38.05  99.72  53039 1296.245   164  229.994 1526.238
        71525.8   0.00  46.00   4.33  38.06  99.72  53047 1296.433   164  229.994 1526.427
        71535.8  75.15   0.00  68.32  38.08  99.72  53054 1296.581   164  229.994 1526.574
        71545.8  46.53   0.00  29.22  38.15  99.72  53062 1296.739   164  229.994 1526.733
        71555.8   0.00  99.65  94.37  38.18  99.72  53069 1296.874   164  229.994 1526.867
        71565.8   0.00  99.60  45.20  38.20  99.72  53077 1297.034   164  229.994 1527.028
Timestamp         S0     S1     E      O      P     YGC     YGCT    FGC    FGCT     GCT   
        71575.8  43.01   0.00  96.00  38.27  99.72  53084 1297.192   164  229.994 1527.186
        71585.8  73.14   0.00  80.47  38.29  99.72  53092 1297.394   164  229.994 1527.387
        71595.8  72.46   0.00  56.38  38.31  99.72  53100 1297.600   164  229.994 1527.593
        71605.8   0.00  99.43  91.73  38.34  99.72  53107 1297.762   164  229.994 1527.756
        71615.8   0.00  99.74  70.48  38.38  99.72  53115 1297.935   164  229.994 1527.928
        71625.8   0.00  99.62  55.19  38.46  99.72  53123 1298.081   164  229.994 1528.075
        71635.8   0.00  68.41   9.00  38.57  99.72  53131 1298.275   164  229.994 1528.268
        71645.8  48.33   0.00  95.79  38.58  99.72  53138 1298.420   164  229.994 1528.414
        71655.8  65.87   0.00  34.29  38.60  99.72  53146 1298.565   164  229.994 1528.559
        71665.8   0.00  44.00  44.24  38.61  99.72  53153 1298.676   164  229.994 1528.669
Timestamp         S0     S1     E      O      P     YGC     YGCT    FGC    FGCT     GCT   
        71675.8  59.82   0.00  78.24  38.65  99.72  53160 1298.834   164  229.994 1528.828
        71685.8  90.45   0.00  10.39  38.68  99.72  53168 1299.006   164  229.994 1529.000
        71695.8   0.00 100.00  64.96  38.84  99.72  53175 1299.252   164  229.994 1529.246
        71705.8   0.00  89.23  17.08  38.98  99.72  53183 1299.423   164  229.994 1529.416
        71715.8  57.81   0.00  96.08  39.13  99.72  53190 1299.573   164  229.994 1529.566
        71725.8  47.51   0.00  38.02  39.21  99.72  53198 1299.709   164  229.994 1529.702
        71735.8  65.51   0.00   0.00  39.22  99.72  53206 1299.893   164  229.994 1529.886
        71745.8   0.00  77.39  88.80  39.24  99.72  53213 1300.096   164  229.994 1530.090
        71755.8   0.00  68.03   7.03  39.28  99.72  53221 1300.245   164  229.994 1530.239
        71765.8   0.00 100.00   3.07  42.34  99.72  53229 1300.542   164  229.994 1530.535
Timestamp         S0     S1     E      O      P     YGC     YGCT    FGC    FGCT     GCT   
        71775.8   0.00  14.58  52.80  44.44  99.72  53237 1300.858   164  229.994 1530.851
        71785.8  10.75   0.00   2.78  44.46  99.72  53246 1301.034   164  229.994 1531.028
        71795.8  29.24   0.00  29.04  44.49  99.72  53254 1301.187   164  229.994 1531.181
        71805.8  47.39   0.00  24.52  44.51  99.72  53262 1301.338   164  229.994 1531.332
        71815.8   0.00  49.56  81.96  44.51  99.72  53269 1301.535   164  229.994 1531.529
        71825.8   0.00  69.17  31.25  44.55  99.72  53277 1301.731   164  229.994 1531.725
        71835.8  97.64   0.00  87.65  44.57  99.72  53284 1301.911   164  229.994 1531.904
        71845.8  82.21   0.00  60.18  44.59  99.72  53292 1302.118   164  229.994 1532.112
        71855.8  60.59   0.00  25.87  44.73  99.72  53300 1302.282   164  229.994 1532.276
        71865.9  87.94   0.00  10.59  44.76  99.72  53308 1302.483   164  229.994 1532.476
Timestamp         S0     S1     E      O      P     YGC     YGCT    FGC    FGCT     GCT   
        71875.9   0.00  69.91  63.92  44.78  99.72  53315 1302.709   164  229.994 1532.703
        71885.9   0.00  99.59  31.35  44.84  99.72  53323 1302.862   164  229.994 1532.856
        71895.9   0.00  42.12   1.16  44.88  99.72  53331 1302.999   164  229.994 1532.993
        71905.9  56.97   0.00  62.76  44.89  99.72  53338 1303.151   164  229.994 1533.145
        71915.9   0.00  35.29  95.96  44.93  99.72  53345 1303.283   164  229.994 1533.277
        71925.9   0.00 100.00  69.16  45.02  99.72  53353 1303.438   164  229.994 1533.432
        71935.9   0.00 100.00  13.13  45.82  99.72  53361 1303.689   164  229.994 1533.682
        71945.9  75.82   0.00  49.86  46.19  99.72  53368 1303.856   164  229.994 1533.849
        71955.9  41.14   0.00  56.04  46.56  99.72  53376 1304.098   164  229.994 1534.092
        71965.9  43.89   0.00  30.84  46.78  99.72  53384 1304.248   164  229.994 1534.242
Timestamp         S0     S1     E      O      P     YGC     YGCT    FGC    FGCT     GCT   
        71975.9   0.00  40.04  71.30  46.79  99.72  53391 1304.391   164  229.994 1534.384
        71985.9   0.00  59.84   0.00  46.82  99.72  53399 1304.530   164  229.994 1534.523
        71995.9  95.51   0.00  49.68  46.84  99.72  53406 1304.704   164  229.994 1534.698
        72005.9  72.03   0.00   4.48  46.85  99.72  53414 1304.904   164  229.994 1534.898
        72015.9   0.00  99.62  76.36  46.96  99.72  53421 1305.058   164  229.994 1535.051
        72025.9   0.00  85.23  55.07  47.02  99.72  53429 1305.243   164  229.994 1535.236
        72035.9   0.00  96.13  38.25  47.08  99.72  53437 1305.437   164  229.994 1535.431
        72045.9   0.00  86.74  11.45  47.11  99.72  53445 1305.612   164  229.994 1535.605
        72055.9  70.81   0.00  63.93  47.15  99.72  53452 1305.800   164  229.994 1535.793
        72065.9  53.52   0.00  20.57  47.16  99.72  53460 1305.986   164  229.994 1535.979
Timestamp         S0     S1     E      O      P     YGC     YGCT    FGC    FGCT     GCT   
        72075.9   0.00  42.51  61.00  47.24  99.72  53467 1306.125   164  229.994 1536.118
        72085.9   0.00  41.26  26.70  47.26  99.72  53475 1306.301   164  229.994 1536.294
        72095.9  78.49   0.00  88.37  47.27  99.72  53482 1306.434   164  229.994 1536.427
        72105.9  43.25   0.00  32.89  47.34  99.72  53490 1306.588   164  229.994 1536.581
        72115.9   0.00  69.74  59.23  47.37  99.72  53497 1306.724   164  229.994 1536.718
        72125.9   0.00  99.83  52.90  48.44  99.72  53505 1306.949   164  229.994 1536.943
        72135.9   0.00  68.09  71.54  48.46  99.72  53513 1307.178   164  229.994 1537.172
        72145.9   0.00  34.98  38.85  49.39  99.72  53521 1307.394   164  229.994 1537.387
        72155.9   0.00  37.07  13.40  49.40  99.72  53529 1307.628   164  229.994 1537.621
        72165.9  47.97   0.00  84.60  49.44  99.72  53536 1307.776   164  229.994 1537.769
Timestamp         S0     S1     E      O      P     YGC     YGCT    FGC    FGCT     GCT   
        72175.9  73.06   0.00  78.12  49.60  99.72  53544 1308.057   164  229.994 1538.051
        72185.9  45.57   0.00  53.43  49.62  99.72  53552 1308.245   164  229.994 1538.239
        72195.9  26.15   0.00  20.49  49.72  99.72  53560 1308.419   164  229.994 1538.413
        72205.9   0.00  48.98  93.11  49.76  99.72  53567 1308.552   164  229.994 1538.546
        72215.9   0.00  63.13  92.91  49.79  99.72  53575 1308.719   164  229.994 1538.713
        72225.9  85.42   0.00   5.77  53.20  99.72  53584 1309.080   164  229.994 1539.073
        72235.9  18.03   0.00  12.34  54.88  99.72  53592 1309.365   164  229.994 1539.359
        72245.9  18.46   0.00  61.52  55.12  99.72  53600 1309.604   164  229.994 1539.598
        72256.0  60.58   0.00  74.53  55.15  99.72  53608 1309.798   164  229.994 1539.791
        72265.9  38.98   0.00  55.31  55.18  99.72  53616 1309.980   164  229.994 1539.973
Timestamp         S0     S1     E      O      P     YGC     YGCT    FGC    FGCT     GCT   
        72275.9  35.95   0.00  12.67  55.31  99.72  53624 1310.152   164  229.994 1540.146
        72285.9   0.00  50.67  77.57  55.32  99.72  53631 1310.321   164  229.994 1540.314
        72295.9   0.00  99.70  34.82  55.34  99.72  53639 1310.484   164  229.994 1540.478
        72305.9   0.00  99.70  95.25  55.36  99.72  53645 1310.619   164  229.994 1540.613
        72315.9   0.00  55.74  43.08  55.39  99.72  53653 1310.764   164  229.994 1540.758
        72325.9   0.00  59.15   0.00  55.44  99.72  53661 1310.931   164  229.994 1540.924
        72335.9  33.23   0.00  47.67  55.48  99.72  53668 1311.049   164  229.994 1541.042
        72345.9   0.00  44.10  66.13  55.50  99.72  53675 1311.165   164  229.994 1541.158
        72356.0 100.00   0.00  83.78  55.56  99.72  53682 1311.315   164  229.994 1541.309
        72365.9  63.91   0.00  84.01  57.90  99.72  53690 1311.576   164  229.994 1541.569
Timestamp         S0     S1     E      O      P     YGC     YGCT    FGC    FGCT     GCT   
        72375.9  68.65   0.00  63.57  57.93  99.72  53698 1311.791   164  229.994 1541.785
        72386.0  31.75   0.00  47.25  58.97  99.72  53706 1312.015   164  229.994 1542.008
        72395.9  28.37   0.00  23.33  59.01  99.72  53714 1312.192   164  229.994 1542.186
        72406.0   0.00  21.51  77.53  59.08  99.72  53721 1312.347   164  229.994 1542.340
        72415.9   0.00  61.03  15.70  59.09  99.72  53729 1312.487   164  229.994 1542.481
        72425.9  37.69   0.00  36.42  59.11  99.72  53736 1312.642   164  229.994 1542.636
        72435.9  52.43   0.00  16.51  59.17  99.72  53744 1312.819   164  229.994 1542.813
        72445.9  75.59   0.00   5.03  59.19  99.72  53752 1312.990   164  229.994 1542.984
        72456.0   0.00  45.95  73.32  59.26  99.72  53759 1313.121   164  229.994 1543.115
        72466.0   0.00  71.12  56.64  59.30  99.72  53767 1313.291   164  229.994 1543.284
Timestamp         S0     S1     E      O      P     YGC     YGCT    FGC    FGCT     GCT   
        72476.0   0.00  90.21  15.86  59.32  99.72  53775 1313.476   164  229.994 1543.470
        72486.0  70.20   0.00  94.73  59.38  99.72  53782 1313.624   164  229.994 1543.618
        72496.0  30.15   0.00  27.31  59.39  99.72  53790 1313.763   164  229.994 1543.756
        72506.0  85.07   0.00  14.16  59.40  99.72  53798 1313.962   164  229.994 1543.956
        72516.0  75.43   0.00  31.77  59.46  99.72  53806 1314.158   164  229.994 1544.152
        72526.0  57.23   0.00  22.27  59.54  99.72  53814 1314.351   164  229.994 1544.344
        72536.0   0.00  39.14  93.06  59.68  99.72  53821 1314.502   164  229.994 1544.495
        72545.9   0.00 100.00  67.55  59.71  99.72  53829 1314.691   164  229.994 1544.684
        72556.0   0.00  50.90  63.10  59.72  99.72  53837 1314.885   164  229.994 1544.878
        72565.9  34.00   0.00  99.58  59.83  99.72  53845 1315.034   164  229.994 1545.028
Timestamp         S0     S1     E      O      P     YGC     YGCT    FGC    FGCT     GCT   
        72576.0  48.45   0.00  31.91  59.89  99.72  53852 1315.192   164  229.994 1545.186
        72586.0   0.00  35.55  86.78  59.90  99.72  53859 1315.315   164  229.994 1545.308
        72595.9   0.00  79.64  29.84  59.91  99.72  53867 1315.476   164  229.994 1545.469
        72605.9   0.00  99.52  14.70  59.93  99.72  53875 1315.661   164  229.994 1545.654
        72615.9  49.73   0.00  80.11  59.96  99.72  53882 1315.811   164  229.994 1545.804
        72625.9  45.88   0.00  41.30  60.10  99.72  53890 1316.033   164  229.994 1546.027
        72635.9   0.00 100.00  86.28  60.11  99.72  53897 1316.194   164  229.994 1546.188
        72646.0   0.00  51.96  33.13  60.13  99.72  53905 1316.384   164  229.994 1546.377
        72655.9  89.56   0.00  67.46  60.14  99.72  53912 1316.524   164  229.994 1546.518
        72665.9 100.00   0.00   6.93  60.24  99.72  53920 1316.703   164  229.994 1546.696
Timestamp         S0     S1     E      O      P     YGC     YGCT    FGC    FGCT     GCT   
        72676.0   0.00  64.42  50.91  60.27  99.72  53927 1316.841   164  229.994 1546.834
        72685.9  98.22   0.00  88.11  60.29  99.72  53934 1317.039   164  229.994 1547.032
        72696.0  56.47   0.00  44.82  60.47  99.72  53942 1317.227   164  229.994 1547.220
        72706.0   0.00  70.38  95.35  60.48  99.72  53949 1317.362   164  229.994 1547.355
        72715.9   0.00  69.06  52.10  60.51  99.72  53957 1317.555   164  229.994 1547.549
        72726.0   0.00  99.71  14.07  60.59  99.72  53965 1317.708   164  229.994 1547.701
        72736.0  67.78   0.00  84.84  60.61  99.72  53972 1317.872   164  229.994 1547.865
        72745.9  57.71   0.00  72.96  60.62  99.72  53980 1318.076   164  229.994 1548.070
        72756.0  53.25   0.00  56.47  60.70  99.72  53988 1318.244   164  229.994 1548.238
        72766.0 100.00   0.00  36.74  61.22  99.72  53996 1318.468   164  229.994 1548.462
Timestamp         S0     S1     E      O      P     YGC     YGCT    FGC    FGCT     GCT   
        72775.9  56.46   0.00  42.00  61.25  99.72  54004 1318.705   164  229.994 1548.699
        72786.0  43.98   0.00  54.79  61.80  99.72  54012 1318.909   164  229.994 1548.903
        72796.0  22.54   0.00  60.64  61.83  99.72  54020 1319.123   164  229.994 1549.116
        72806.0  40.51   0.00  50.02  61.85  99.72  54028 1319.304   164  229.994 1549.298
        72816.0   0.00  29.69  93.86  61.87  99.72  54035 1319.461   164  229.994 1549.455
        72826.0   0.00  48.15  48.25  61.90  99.72  54043 1319.635   164  229.994 1549.628
        72835.9  89.09   0.00  60.55  61.92  99.72  54050 1319.809   164  229.994 1549.803
        72846.0   0.00  34.12  81.73  62.00  99.72  54057 1319.940   164  229.994 1549.933
        72856.0   0.00  73.74  37.26  62.02  99.72  54065 1320.102   164  229.994 1550.096
        72866.0  59.01   0.00  61.55  62.03  99.72  54072 1320.251   164  229.994 1550.244
Timestamp         S0     S1     E      O      P     YGC     YGCT    FGC    FGCT     GCT   
        72876.0   0.00  68.53  89.51  62.10  99.72  54079 1320.432   164  229.994 1550.426
        72886.0   0.00  60.86  16.55  62.16  99.72  54087 1320.571   164  229.994 1550.564
        72896.0 100.00   0.00  62.25  62.66  99.72  54094 1320.784   164  229.994 1550.778
        72906.0  69.08   0.00  38.39  62.71  99.72  54102 1320.970   164  229.994 1550.963
        72916.0  67.42   0.00  39.70  62.96  99.72  54110 1321.180   164  229.994 1551.173
        72926.0  48.03   0.00  10.25  63.02  99.72  54118 1321.344   164  229.994 1551.337
        72936.0   0.00  44.00  88.72  63.15  99.72  54125 1321.486   164  229.994 1551.480
        72946.0   0.00  55.19  50.97  63.17  99.72  54133 1321.688   164  229.994 1551.681
        72955.9  96.20   0.00  96.59  63.19  99.72  54140 1321.860   164  229.994 1551.853
        72966.0  73.08   0.00  44.52  63.21  99.72  54148 1322.029   164  229.994 1552.022
Timestamp         S0     S1     E      O      P     YGC     YGCT    FGC    FGCT     GCT   
        72976.0   0.00  74.07  97.87  63.36  99.72  54155 1322.254   164  229.994 1552.248
        72986.0   0.00  99.62  66.87  63.42  99.72  54163 1322.498   164  229.994 1552.491
        72996.0   0.00  99.65  56.87  63.46  99.72  54171 1322.687   164  229.994 1552.681
        73006.0   0.00  36.43  46.19  63.58  99.72  54179 1322.870   164  229.994 1552.864
        73016.0   0.00  68.68  23.06  63.61  99.72  54187 1323.040   164  229.994 1553.034
        73026.0   0.00 100.00  17.70  66.37  99.72  54195 1323.287   164  229.994 1553.281
        73036.0   0.00  24.46  80.11  68.89  99.80  54203 1323.636   164  229.994 1553.629
        73046.0  15.17   0.00  30.38  69.05  99.80  54212 1323.821   164  229.994 1553.814
        73056.0  23.30   0.00  54.01  69.08  99.80  54220 1324.010   164  229.994 1554.004
        73066.0  34.45   0.00  71.11  69.11  99.80  54228 1324.201   164  229.994 1554.195
Timestamp         S0     S1     E      O      P     YGC     YGCT    FGC    FGCT     GCT   
        73076.0  47.60   0.00  41.79  69.13  99.80  54236 1324.377   164  229.994 1554.371
        73086.0  82.18   0.00  19.28  69.16  99.80  54244 1324.577   164  229.994 1554.571
        73096.0  49.69   0.00  24.75  69.18  99.80  54252 1324.855   164  229.994 1554.848
        73106.0  28.54   0.00  11.58  69.34  99.80  54260 1325.035   164  229.994 1555.029
        73116.0   0.00  47.47  77.04  69.45  99.80  54267 1325.156   164  229.994 1555.150
        73126.0   0.00  45.16  58.37  69.47  99.80  54275 1325.386   164  229.994 1555.380
        73136.0   0.00 100.00  37.95  69.52  99.80  54283 1325.562   164  229.994 1555.556
        73146.0   0.00  42.80  29.08  69.62  99.80  54291 1325.773   164  229.994 1555.767
        73156.0   0.00  43.00  21.40  69.73  99.80  54299 1325.936   164  229.994 1555.930
        73166.0  41.89   0.00  75.61  69.86  99.80  54306 1326.098   164  229.994 1556.092
Timestamp         S0     S1     E      O      P     YGC     YGCT    FGC    FGCT     GCT   
        73176.0   0.00  74.87  99.82  69.89  99.80  54314 1326.231   164  229.994 1556.225
        73186.0   0.00 100.00  33.00  69.91  99.80  54321 1326.400   164  229.994 1556.393
        73196.0  56.46   0.00  88.71  69.92  99.80  54328 1326.569   164  229.994 1556.563
        73206.0  43.82   0.00  44.99  70.07  99.80  54336 1326.728   164  229.994 1556.722
        73216.0  81.19   0.00   2.89  70.16  99.80  54344 1326.917   164  229.994 1556.910
        73226.0   0.00  62.87  79.20  70.26  99.80  54351 1327.141   164  229.994 1557.134
        73236.0   0.00  58.18  54.15  70.44  99.80  54359 1327.348   164  229.994 1557.341
        73246.0   0.00  66.82  64.54  70.55  99.80  54367 1327.535   164  229.994 1557.529
        73256.0   0.00  36.82  17.56  70.57  99.80  54375 1327.847   164  229.994 1557.841
        73266.0  75.89   0.00  87.47  70.60  99.80  54382 1328.022   164  229.994 1558.016
Timestamp         S0     S1     E      O      P     YGC     YGCT    FGC    FGCT     GCT   
        73276.0  45.70   0.00  64.44  70.65  99.80  54390 1328.189   164  229.994 1558.182
        73286.0   0.00  62.83  88.09  70.66  99.80  54397 1328.334   164  229.994 1558.327
        73296.0   0.00 100.00  51.19  70.71  99.80  54405 1328.503   164  229.994 1558.496
        73306.0  71.53  69.33 100.00  70.74  99.80  54413 1328.648   164  229.994 1558.642
        73316.0  64.88   0.00  80.51  70.77  99.80  54420 1328.799   164  229.994 1558.793
        73326.0  54.34   0.00  78.64  72.94  99.80  54428 1329.035   164  229.994 1559.028
        73336.0  69.10   0.00  85.63  72.94  99.80  54436 1329.311   164  229.994 1559.304
        73346.0  17.61   0.00  85.60  73.85  99.80  54444 1329.518   164  229.994 1559.512
        73356.0  34.10   0.00  61.01  73.87  99.80  54452 1329.705   164  229.994 1559.699
        73366.0  43.82   0.00  61.10  73.91  99.80  54460 1329.939   164  229.994 1559.933
Timestamp         S0     S1     E      O      P     YGC     YGCT    FGC    FGCT     GCT   
        73376.0  76.23   0.00  38.04  73.93  99.80  54468 1330.147   164  229.994 1560.140
        73386.0  54.86   0.00  17.87  74.02  99.80  54476 1330.301   164  229.994 1560.295
        73396.0   0.00  56.41  55.76  74.05  99.80  54483 1330.474   164  229.994 1560.467
        73406.0   0.00  72.73  36.58  74.09  99.80  54491 1330.646   164  229.994 1560.639
        73416.0  70.59   0.00  69.89  74.11  99.80  54498 1330.801   164  229.994 1560.795
        73426.0 100.00   0.00  29.25  74.35  99.80  54506 1330.975   164  229.994 1560.968
        73436.0   0.00  86.89  63.95  74.38  99.80  54513 1331.146   164  229.994 1561.140
        73446.0   0.00  49.78  11.97  74.63  99.80  54521 1331.346   164  229.994 1561.340
        73456.0   0.00  58.30   9.56  74.65  99.80  54529 1331.569   164  229.994 1561.563
        73466.0  72.11   0.00  84.97  74.66  99.80  54536 1331.780   164  229.994 1561.774
Timestamp         S0     S1     E      O      P     YGC     YGCT    FGC    FGCT     GCT   
        73476.0  50.26   0.00  50.94  74.80  99.80  54544 1331.978   164  229.994 1561.972
        73486.0  86.97   0.00  46.63  74.82  99.80  54552 1332.164   164  229.994 1562.158
        73496.0  69.90   0.00  82.03  76.65  99.80  54560 1332.445   164  229.994 1562.439
        73506.0   0.00  32.84  44.37  78.02  99.80  54569 1332.798   164  229.994 1562.792
        73516.0  21.60   0.00   2.15  78.08  99.80  54578 1332.999   164  229.994 1562.993
        73526.0  14.58   0.00  24.65  78.14  99.80  54586 1333.166   164  229.994 1563.159
        73536.0  29.22   0.00  36.03  78.18  99.80  54594 1333.338   164  229.994 1563.332
        73546.0  79.81   0.00  35.62  78.20  99.80  54602 1333.573   164  229.994 1563.567
        73556.0   0.00  50.97  81.63  78.23  99.80  54609 1333.731   164  229.994 1563.725
        73566.0   0.00  43.57  29.49  78.35  99.80  54617 1333.923   164  229.994 1563.917
Timestamp         S0     S1     E      O      P     YGC     YGCT    FGC    FGCT     GCT   
        73576.0  47.61   0.00  99.01  78.36  99.80  54625 1334.093   164  229.994 1564.086
        73586.0  64.60   0.00  81.24  78.39  99.80  54632 1334.271   164  229.994 1564.265
        73596.0  62.00   0.00  65.03  78.40  99.80  54640 1334.427   164  229.994 1564.420
        73606.0  70.95   0.00  72.46  80.13  99.80  54648 1334.642   164  229.994 1564.636
        73616.0  71.13   0.00  61.38  80.15  99.80  54656 1334.869   164  229.994 1564.863
        73626.0  32.81   0.00  64.25  80.82  99.80  54664 1335.061   164  229.994 1565.055
        73636.0  92.27   0.00  68.93  80.84  99.80  54672 1335.263   164  229.994 1565.256
        73646.0  47.58   0.00  68.42  80.85  99.80  54680 1335.458   164  229.994 1565.452
        73656.0  29.28   0.00  67.70  81.05  99.80  54688 1335.627   164  229.994 1565.620
        73666.1  62.15   0.00  65.11  81.09  99.80  54696 1335.829   164  229.994 1565.822
Timestamp         S0     S1     E      O      P     YGC     YGCT    FGC    FGCT     GCT   
        73676.1  91.67   0.00   9.32  81.11  99.80  54704 1336.014   164  229.994 1566.008
        73686.1   0.00  53.33  76.77  81.19  99.80  54711 1336.170   164  229.994 1566.163
        73696.1   0.00  47.53  33.35  81.20  99.80  54719 1336.372   164  229.994 1566.366
        73706.1 100.00   0.00  91.51  81.23  99.80  54726 1336.526   164  229.994 1566.520
        73716.1  89.80   0.00   9.41  81.26  99.80  54734 1336.727   164  229.994 1566.720
        73726.1   0.00  62.73  43.92  81.29  99.80  54741 1336.881   164  229.994 1566.874
        73736.1   0.00  99.70  12.88  81.37  99.80  54749 1337.163   164  229.994 1567.157
        73746.1  63.77   0.00  48.45  81.40  99.80  54756 1337.330   164  229.994 1567.324
        73756.1  44.82   0.00  26.95  81.47  99.80  54764 1337.507   164  229.994 1567.500
        73766.1  69.29   0.00   1.98  81.49  99.80  54772 1337.657   164  229.994 1567.650
Timestamp         S0     S1     E      O      P     YGC     YGCT    FGC    FGCT     GCT   
        73776.1   0.00  46.47  28.79  81.51  99.80  54779 1337.834   164  229.994 1567.828
        73786.1  93.75   0.00  75.42  81.52  99.80  54786 1337.972   164  229.994 1567.966
        73796.1  99.09   0.00  17.44  81.55  99.80  54794 1338.137   164  229.994 1568.130
        73806.1  61.36   0.00   9.26  81.70  99.80  54802 1338.377   164  229.994 1568.371
        73816.1   0.00  50.93  96.73  81.78  99.80  54809 1338.518   164  229.994 1568.511
        73826.1   0.00  99.69  75.72  81.87  99.80  54817 1338.684   164  229.994 1568.678
        73836.1   0.00  63.27  51.05  81.89  99.80  54825 1338.891   164  229.994 1568.884
        73846.1   0.00  99.68  43.15  81.95  99.80  54833 1339.069   164  229.994 1569.063
        73856.1   0.00  88.31   8.85  81.98  99.80  54841 1339.292   164  229.994 1569.285
        73866.1  67.66   0.00  84.93  82.01  99.80  54848 1339.470   164  229.994 1569.464
Timestamp         S0     S1     E      O      P     YGC     YGCT    FGC    FGCT     GCT   
        73876.1  72.63   0.00  37.56  82.96  99.80  54856 1339.718   164  229.994 1569.712
        73886.1  77.00   0.00  12.31  82.98  99.80  54864 1339.947   164  229.994 1569.941
        73896.1  30.10   0.00  17.38  83.99  99.80  54872 1340.156   164  229.994 1570.150
        73906.1  53.67   0.00  40.38  84.01  99.80  54880 1340.351   164  229.994 1570.345
        73916.1  45.17   0.00   0.00  84.07  99.80  54888 1340.537   164  229.994 1570.530
        73926.1   0.00  34.93  61.97  84.14  99.80  54895 1340.712   164  229.994 1570.705
        73936.1  72.07   0.00  90.59  17.89  99.92  54902 1340.906   165  231.331 1572.237
        73946.1  80.82   0.00  54.72  17.89  99.92  54910 1341.085   165  231.331 1572.416
        73956.1  50.40   0.00  36.58  18.26  99.92  54918 1341.256   165  231.331 1572.588
        73966.1  68.72   0.00  21.83  18.28  99.92  54926 1341.423   165  231.331 1572.754
Timestamp         S0     S1     E      O      P     YGC     YGCT    FGC    FGCT     GCT   
        73976.1   0.00  68.46  58.49  18.31  99.92  54933 1341.600   165  231.331 1572.931
        73986.1   0.00  31.67  34.74  18.40  99.92  54941 1341.772   165  231.331 1573.103
        73996.1   0.00 100.00  14.07  18.45  99.92  54949 1341.944   165  231.331 1573.276
        74006.1   0.00  48.55   5.01  18.47  99.92  54957 1342.189   165  231.331 1573.520
        74016.1  57.03   0.00  59.32  18.51  99.92  54964 1342.330   165  231.331 1573.661
        74026.1  61.75   0.00  23.81  18.67  99.92  54972 1342.493   165  231.331 1573.824
        74036.1   0.00  41.21  62.09  18.69  99.92  54979 1342.682   165  231.331 1574.013
        74046.1   0.00  99.72  21.85  18.73  99.92  54987 1342.854   165  231.331 1574.185
        74056.1  47.51   0.00  54.28  18.75  99.92  54994 1343.084   165  231.331 1574.415
        74066.1  38.22   0.00  13.72  18.89  99.92  55002 1343.316   165  231.331 1574.648
Timestamp         S0     S1     E      O      P     YGC     YGCT    FGC    FGCT     GCT   
        74076.1   0.00 100.00  49.39  18.99  99.92  55009 1343.431   165  231.331 1574.762
        74086.1   0.00  99.74  39.96  19.13  99.92  55017 1343.640   165  231.331 1574.972
        74096.1   0.00  48.40  40.64  19.50  99.92  55025 1343.824   165  231.331 1575.155
        74106.1   0.00  54.40  32.84  19.57  99.92  55033 1343.987   165  231.331 1575.318
        74116.1  68.45   0.00  77.80  19.66  99.92  55040 1344.123   165  231.331 1575.454
        74126.1  48.72   0.00  34.13  19.70  99.92  55048 1344.305   165  231.331 1575.637
        74136.1  89.07   0.00  18.01  19.72  99.92  55056 1344.491   165  231.331 1575.822
        74146.1   0.00  99.59  53.39  19.73  99.92  55063 1344.650   165  231.331 1575.981
        74156.1  51.63   0.00  90.24  19.83  99.92  55070 1344.799   165  231.331 1576.131
        74166.1  50.00   0.00  70.61  19.88  99.92  55078 1344.992   165  231.331 1576.323
Timestamp         S0     S1     E      O      P     YGC     YGCT    FGC    FGCT     GCT   
        74176.1  65.15   0.00  14.40  19.89  99.92  55086 1345.196   165  231.331 1576.527
        74186.1   0.00  83.52  69.54  19.98  99.92  55093 1345.331   165  231.331 1576.663
        74196.1   0.00 100.00  33.50  19.99  99.92  55101 1345.483   165  231.331 1576.814
        74206.1   0.00  46.10  34.75  20.01  99.92  55109 1345.654   165  231.331 1576.986
        74216.1  68.82   0.00  88.93  20.08  99.92  55116 1345.791   165  231.331 1577.123
        74226.1  40.00   0.00  45.91  20.15  99.92  55124 1345.932   165  231.331 1577.263
        74236.1   0.00  59.29  86.39  20.16  99.92  55131 1346.053   165  231.331 1577.384
        74246.1   0.00  80.52  37.65  20.18  99.92  55139 1346.211   165  231.331 1577.543
        74256.1  80.38   0.00  81.65  20.19  99.92  55146 1346.332   165  231.331 1577.663
        74266.1  55.41   0.00  37.70  20.22  99.92  55154 1346.492   165  231.331 1577.823
Timestamp         S0     S1     E      O      P     YGC     YGCT    FGC    FGCT     GCT   
        74276.1   0.00  78.29  93.47  20.25  99.92  55161 1346.682   165  231.331 1578.014
        74286.1   0.00  99.86  67.31  21.81  99.92  55169 1346.927   165  231.331 1578.259
        74296.1  48.17   0.00  22.11  22.29  99.92  55178 1347.221   165  231.331 1578.552
        74306.2  20.57   0.00  46.82  23.05  99.92  55186 1347.390   165  231.331 1578.722
        74316.1  19.13   0.00  38.77  23.07  99.92  55194 1347.526   165  231.331 1578.857
        74326.1  34.72   0.00  62.11  23.10  99.92  55202 1347.703   165  231.331 1579.034
        74336.1  87.01   0.00  11.80  23.14  99.92  55210 1347.847   165  231.331 1579.178
        74346.1   0.00  28.79  55.24  23.21  99.92  55217 1347.977   165  231.331 1579.308
        74356.1  43.06   0.00  95.99  23.23  99.92  55224 1348.216   165  231.331 1579.548
        74366.1  75.58   0.00  47.72  23.29  99.92  55232 1348.372   165  231.331 1579.703
Timestamp         S0     S1     E      O      P     YGC     YGCT    FGC    FGCT     GCT   
        74376.2 100.00   0.00  33.17  23.38  99.92  55240 1348.556   165  231.331 1579.887
        74386.1  69.52   0.00  26.50  25.46  99.92  55248 1348.778   165  231.331 1580.109
        74396.2  73.59   0.00  28.79  25.56  99.92  55256 1349.003   165  231.331 1580.334
        74406.1  39.10   0.00  53.82  26.33  99.92  55264 1349.169   165  231.331 1580.501
        74416.1  67.11   0.00  65.44  26.35  99.92  55272 1349.436   165  231.331 1580.767
        74426.1  57.79   0.00  61.01  26.47  99.92  55280 1349.634   165  231.331 1580.965
        74436.1  64.80   0.00  43.23  26.52  99.92  55288 1349.804   165  231.331 1581.135
        74446.1  25.83   0.00  11.01  26.62  99.92  55296 1349.987   165  231.331 1581.318
        74456.2   0.00  92.06  73.75  26.63  99.92  55303 1350.107   165  231.331 1581.439
        74466.1   0.00  54.67   4.62  26.66  99.92  55311 1350.256   165  231.331 1581.587
Timestamp         S0     S1     E      O      P     YGC     YGCT    FGC    FGCT     GCT   
        74476.1  89.77   0.00  64.11  26.67  99.92  55318 1350.409   165  231.331 1581.740
        74486.1  65.32   0.00  41.31  26.70  99.92  55326 1350.623   165  231.331 1581.955
        74496.1   0.00  75.74  62.40  26.71  99.92  55333 1350.768   165  231.331 1582.099
        74506.1   0.00  28.33  38.55  26.78  99.92  55341 1350.951   165  231.331 1582.282
        74516.1  86.44   0.00  70.90  26.80  99.92  55348 1351.098   165  231.331 1582.429
        74526.2  72.50   0.00  41.82  26.83  99.92  55356 1351.251   165  231.331 1582.583
        74536.1  84.98   0.00  23.27  26.90  99.92  55364 1351.418   165  231.331 1582.750
        74546.1   0.00  55.56  72.86  26.97  99.92  55371 1351.579   165  231.331 1582.910
        74556.2   0.00  49.09  26.05  27.02  99.92  55379 1351.736   165  231.331 1583.067
        74566.1  68.01   0.00  95.58  27.04  99.92  55386 1351.907   165  231.331 1583.238
Timestamp         S0     S1     E      O      P     YGC     YGCT    FGC    FGCT     GCT   
        74576.1  86.47   0.00  57.41  27.05  99.92  55394 1352.081   165  231.331 1583.413
        74586.2  68.55   0.00  34.75  27.14  99.92  55402 1352.238   165  231.331 1583.569
        74596.2  70.65   0.00   2.01  30.58  99.92  55410 1352.467   165  231.331 1583.799
        74606.1   0.00  70.47  88.21  30.59  99.92  55417 1352.698   165  231.331 1584.029
        74616.1  17.12   0.00  25.32  31.75  99.92  55426 1352.945   165  231.331 1584.276
        74626.2  13.85   0.00  15.92  31.76  99.92  55434 1353.091   165  231.331 1584.422
        74636.2  41.56   0.00  11.83  31.79  99.92  55442 1353.284   165  231.331 1584.616
        74646.2   0.00  51.98  83.36  31.80  99.92  55449 1353.480   165  231.331 1584.811
        74656.2   0.00  37.37  51.97  31.86  99.92  55457 1353.619   165  231.331 1584.951
        74666.2   0.00  54.98  15.69  31.88  99.92  55465 1353.803   165  231.331 1585.134
Timestamp         S0     S1     E      O      P     YGC     YGCT    FGC    FGCT     GCT   
        74676.2  51.00   0.00  68.95  31.88  99.92  55472 1353.939   165  231.331 1585.270
        74686.2  44.48   0.00  10.59  32.01  99.92  55480 1354.090   165  231.331 1585.421
        74696.2   0.00  58.13  54.69  32.02  99.92  55487 1354.247   165  231.331 1585.578
        74706.2   0.00  99.66  17.31  32.05  99.92  55495 1354.438   165  231.331 1585.769
        74716.2   0.00  43.67   5.27  32.10  99.92  55503 1354.630   165  231.331 1585.962
        74726.2  70.92   0.00  80.43  32.17  99.92  55510 1354.783   165  231.331 1586.114
        74736.2  38.78   0.00  43.47  32.22  99.92  55518 1354.968   165  231.331 1586.300
        74746.2   0.00  61.41  70.55  32.23  99.92  55525 1355.117   165  231.331 1586.449
        74756.2  96.39   0.00  87.63  32.26  99.92  55532 1355.249   165  231.331 1586.580
        74766.2   0.00  99.43  51.49  32.27  99.92  55539 1355.387   165  231.331 1586.719
Timestamp         S0     S1     E      O      P     YGC     YGCT    FGC    FGCT     GCT   
        74776.2  65.22   0.00  85.55  32.28  99.92  55546 1355.527   165  231.331 1586.858
        74786.2  73.08   0.00  36.98  32.31  99.92  55554 1355.695   165  231.331 1587.026
        74796.2  85.43   0.00   9.34  32.38  99.92  55562 1355.847   165  231.331 1587.178
        74806.2   0.00  69.34  84.63  32.47  99.92  55569 1356.005   165  231.331 1587.336
        74816.2   0.00  94.26  13.63  32.58  99.92  55577 1356.152   165  231.331 1587.483
        74826.2  87.00   0.00  79.96  32.67  99.92  55584 1356.297   165  231.331 1587.628
        74836.2  68.90   0.00  68.95  32.70  99.92  55592 1356.491   165  231.331 1587.822
        74846.2  49.76   0.00  34.64  32.77  99.92  55600 1356.674   165  231.331 1588.005
        74856.2   0.00  31.32  83.77  32.78  99.92  55607 1356.788   165  231.331 1588.119
        74866.2   0.00  99.65  49.47  32.80  99.92  55615 1356.950   165  231.331 1588.282
Timestamp         S0     S1     E      O      P     YGC     YGCT    FGC    FGCT     GCT   
        74876.2  66.34   0.00  88.96  32.84  99.92  55622 1357.157   165  231.331 1588.489
        74886.2  71.84   0.00  60.17  32.95  99.92  55630 1357.330   165  231.331 1588.661
        74896.2  64.92   0.00   9.99  33.01  99.92  55638 1357.481   165  231.331 1588.812
        74906.2   0.00  55.17  82.64  33.07  99.92  55645 1357.640   165  231.331 1588.971
        74916.2   0.00  48.36  27.06  33.09  99.92  55653 1357.784   165  231.331 1589.115
        74926.2  66.47   0.00  86.15  33.15  99.92  55660 1357.974   165  231.331 1589.305
        74936.2 100.00   0.00  47.43  33.84  99.92  55668 1358.264   165  231.331 1589.595
        74946.2  78.33   0.00  19.20  33.85  99.92  55676 1358.479   165  231.331 1589.810
        74956.2   0.00  63.11  83.69  34.41  99.92  55683 1358.659   165  231.331 1589.991
        74966.2   0.00  50.56  88.91  34.43  99.92  55691 1358.852   165  231.331 1590.184
Timestamp         S0     S1     E      O      P     YGC     YGCT    FGC    FGCT     GCT   
        74976.2   0.00  42.68  63.52  34.56  99.92  55699 1359.016   165  231.331 1590.348
        74986.2   0.00  52.09  43.93  34.59  99.92  55707 1359.194   165  231.331 1590.526
        74996.2   0.00  89.66   0.00  34.63  99.92  55715 1359.351   165  231.331 1590.682
        75006.2  69.94   0.00  25.35  34.65  99.92  55722 1359.469   165  231.331 1590.800
        75016.2   0.00  99.82  89.52  36.92  99.92  55729 1359.672   165  231.331 1591.003
        75026.2   0.00  58.73  89.06  36.93  99.92  55737 1359.921   165  231.331 1591.252
        75036.2   0.00  99.62  77.93  37.69  99.92  55745 1360.110   165  231.331 1591.441
        75046.2   0.00  26.36  32.96  37.77  99.92  55753 1360.327   165  231.331 1591.658
        75056.2  38.78   0.00  86.74  37.78  99.92  55760 1360.454   165  231.331 1591.786
        75066.2  75.00   0.00  83.48  37.80  99.92  55768 1360.707   165  231.331 1592.038
Timestamp         S0     S1     E      O      P     YGC     YGCT    FGC    FGCT     GCT   
        75076.2  49.57   0.00  74.68  37.81  99.92  55776 1360.886   165  231.331 1592.217
        75086.2  49.74   0.00  21.18  37.88  99.92  55784 1361.074   165  231.331 1592.406
        75096.2   0.00  35.61  92.56  37.94  99.92  55791 1361.250   165  231.331 1592.582
        75106.2   0.00  38.32  27.65  37.96  99.92  55799 1361.479   165  231.331 1592.810
        75116.2 100.00   0.00  78.14  38.04  99.92  55806 1361.631   165  231.331 1592.962
        75126.2  70.57   0.00  31.76  38.06  99.92  55814 1361.822   165  231.331 1593.153
        75136.3  63.40   0.00   0.44  38.22  99.92  55822 1362.021   165  231.331 1593.352
        75146.2   0.00  99.67  66.88  38.24  99.92  55829 1362.184   165  231.331 1593.515
        75156.2   0.00  48.94  19.94  38.25  99.92  55837 1362.377   165  231.331 1593.709
        75166.2  35.83   0.00  93.89  38.30  99.92  55844 1362.525   165  231.331 1593.856
Timestamp         S0     S1     E      O      P     YGC     YGCT    FGC    FGCT     GCT   
        75176.3  78.57   0.00  38.72  38.31  99.92  55852 1362.685   165  231.331 1594.016
        75186.2   0.00  82.89  61.26  38.33  99.92  55859 1362.813   165  231.331 1594.144
        75196.2   0.00  50.98   4.60  38.34  99.92  55867 1362.947   165  231.331 1594.279
        75206.2  93.18   0.00  78.56  38.35  99.92  55874 1363.082   165  231.331 1594.414
        75216.3  80.90   0.00   3.16  38.38  99.92  55882 1363.265   165  231.331 1594.596
        75226.2   0.00 100.00  41.23  38.48  99.92  55889 1363.461   165  231.331 1594.792
        75236.3  80.40   0.00  65.38  38.49  99.92  55896 1363.625   165  231.331 1594.956
        75246.2   0.00  99.67  98.43  38.52  99.92  55904 1363.790   165  231.331 1595.122
        75256.2   0.00  41.72  45.03  38.65  99.92  55911 1363.921   165  231.331 1595.252
        75266.3  50.32   0.00  98.50  38.66  99.92  55918 1364.053   165  231.331 1595.384
Timestamp         S0     S1     E      O      P     YGC     YGCT    FGC    FGCT     GCT   
        75276.3  44.61   0.00  56.42  38.72  99.92  55926 1364.207   165  231.331 1595.539
        75286.3 100.00   0.00  23.77  38.88  99.92  55934 1364.389   165  231.331 1595.720
        75296.2   0.00 100.00  83.96  38.92  99.92  55941 1364.562   165  231.331 1595.893
        75306.3   0.00 100.00  94.39  39.15  99.92  55949 1364.923   165  231.331 1596.254
        75316.2  23.27   0.00   7.53  39.39  99.92  55958 1365.167   165  231.331 1596.498
        75326.3  35.23   0.00  13.47  39.45  99.92  55966 1365.346   165  231.331 1596.677
        75336.2  40.89   0.00   1.04  39.47  99.92  55974 1365.511   165  231.331 1596.843
        75346.2   0.00  34.90  52.83  39.49  99.92  55981 1365.696   165  231.331 1597.027
        75356.2  91.84   0.00  97.74  39.50  99.92  55989 1365.967   165  231.331 1597.298
        75366.3  60.99   0.00  78.20  39.54  99.92  55996 1366.123   165  231.331 1597.454
Timestamp         S0     S1     E      O      P     YGC     YGCT    FGC    FGCT     GCT   
        75376.2  80.87   0.00  20.08  39.63  99.92  56004 1366.316   165  231.331 1597.648
        75386.3   0.00  65.45  74.84  39.67  99.92  56011 1366.468   165  231.331 1597.799
        75396.3   0.00  77.36  69.03  39.72  99.92  56019 1366.628   165  231.331 1597.959
        75406.2   0.00  58.90   0.00  39.74  99.92  56027 1366.810   165  231.331 1598.141
        75416.3 100.00   0.00  58.63  39.79  99.92  56034 1366.969   165  231.331 1598.301
        75426.3  52.29   0.00  50.06  39.80  99.92  56042 1367.142   165  231.331 1598.473
        75436.2  54.50   0.00   0.00  39.89  99.92  56050 1367.297   165  231.331 1598.628
        75446.2   0.00  72.65  30.13  39.91  99.92  56057 1367.455   165  231.331 1598.787
        75456.3  35.24   0.00  64.71  39.95  99.92  56064 1367.608   165  231.331 1598.939
        75466.3 100.00   0.00  42.13  40.03  99.92  56072 1367.775   165  231.331 1599.106
Timestamp         S0     S1     E      O      P     YGC     YGCT    FGC    FGCT     GCT   
        75476.3   0.00 100.00  55.23  40.21  99.92  56079 1367.913   165  231.331 1599.245
        75486.3   0.00  71.53  18.22  40.28  99.92  56087 1368.120   165  231.331 1599.452
        75496.3  59.38   0.00  94.59  40.57  99.92  56094 1368.276   165  231.331 1599.607
        75506.2  41.22   0.00  68.28  40.61  99.92  56102 1368.467   165  231.331 1599.798
        75516.3  77.03   0.00  40.23  40.63  99.92  56110 1368.647   165  231.331 1599.979
        75526.3   0.00  75.15  67.04  40.66  99.92  56117 1368.834   165  231.331 1600.165
        75536.3   0.00  99.59  19.51  40.77  99.92  56125 1369.007   165  231.331 1600.338
        75546.3   0.00  60.23  52.68  40.81  99.92  56131 1370.858   165  231.331 1602.189
        75556.2   0.00  47.25   5.67  40.87  99.92  56139 1371.031   165  231.331 1602.362
        75566.3  64.90   0.00  49.99  40.87  99.92  56146 1371.211   165  231.331 1602.542
Timestamp         S0     S1     E      O      P     YGC     YGCT    FGC    FGCT     GCT   
        75576.3   0.00  70.14  90.38  40.89  99.92  56153 1371.354   165  231.331 1602.685
        75586.3   0.00  80.79  35.44  40.92  99.92  56161 1371.514   165  231.331 1602.846
        75596.3  65.76   0.00  87.38  40.95  99.92  56168 1371.672   165  231.331 1603.003
        75606.3  67.98   0.00  37.71  41.00  99.92  56176 1371.831   165  231.331 1603.162
        75616.3  52.25   0.00  30.40  41.16  99.92  56184 1372.000   165  231.331 1603.331
        75626.3  69.00   0.00   8.40  41.22  99.92  56192 1372.206   165  231.331 1603.538
        75636.3   0.00 100.00  42.93  41.25  99.92  56199 1372.332   165  231.331 1603.663
        75646.3  40.29   0.00  91.46  41.28  99.92  56206 1372.445   165  231.331 1603.776
        75656.3  91.10   0.00  49.16  41.30  99.92  56214 1372.646   165  231.331 1603.977
        75666.3   0.00 100.00  84.87  41.31  99.92  56221 1372.778   165  231.331 1604.109
Timestamp         S0     S1     E      O      P     YGC     YGCT    FGC    FGCT     GCT   
        75676.3   0.00  57.30  39.66  41.34  99.92  56229 1372.920   165  231.331 1604.251
        75686.3   0.00  61.66   1.17  41.35  99.92  56237 1373.081   165  231.331 1604.412
        75696.3  97.24   0.00  61.01  41.40  99.92  56244 1373.212   165  231.331 1604.543
        75706.3  64.38   0.00   8.01  41.48  99.92  56252 1373.376   165  231.331 1604.707
        75716.3   0.00  78.14  65.97  41.49  99.92  56259 1373.521   165  231.331 1604.852
        75726.3  58.82   0.00  79.71  41.54  99.92  56266 1373.661   165  231.331 1604.992
        75736.3 100.00   0.00  25.68  41.72  99.92  56274 1373.854   165  231.331 1605.186
        75746.3   0.00  75.78  66.87  41.73  99.92  56281 1374.025   165  231.331 1605.356
        75756.3   0.00  57.31  32.29  42.06  99.92  56289 1374.227   165  231.331 1605.558
        75766.3  38.00   0.00  95.03  42.08  99.92  56296 1374.384   165  231.331 1605.715
Timestamp         S0     S1     E      O      P     YGC     YGCT    FGC    FGCT     GCT   
        75776.3  65.17   0.00  63.51  42.10  99.92  56304 1374.564   165  231.331 1605.896
        75786.3  46.29   0.00   7.49  42.12  99.92  56312 1374.738   165  231.331 1606.069
        75796.3   0.00  56.12  39.27  42.21  99.92  56319 1374.885   165  231.331 1606.217
        75806.3  90.96   0.00  98.30  42.24  99.92  56326 1375.022   165  231.331 1606.353
        75816.3  93.48   0.00  96.26  42.38  99.92  56334 1375.184   165  231.331 1606.516
        75826.3  68.36   0.00  97.14  43.52  99.92  56343 1375.411   165  231.331 1606.742
        75836.3  74.89   0.00  51.83  43.66  99.92  56350 1375.681   165  231.331 1607.012
        75846.3  22.39   0.00  44.31  44.56  99.92  56358 1375.830   165  231.331 1607.161
        75856.3  44.21   0.00  16.67  44.58  99.92  56366 1375.965   165  231.331 1607.296
        75866.3   0.00  99.76  81.42  44.59  99.92  56373 1376.133   165  231.331 1607.465
Timestamp         S0     S1     E      O      P     YGC     YGCT    FGC    FGCT     GCT   
        75876.3   0.00  42.37  32.88  44.63  99.92  56381 1376.289   165  231.331 1607.621
        75886.3   0.00  39.52  11.72  44.75  99.92  56389 1376.462   165  231.331 1607.794
        75896.3 100.00   0.00  95.26  45.38  99.92  56396 1376.661   165  231.331 1607.992
        75906.3   0.00 100.00   7.04  45.40  99.92  56405 1376.899   165  231.331 1608.230
        75916.3   0.00  60.81  13.30  46.00  99.92  56413 1377.143   165  231.331 1608.474
        75926.3   0.00 100.00   9.22  46.03  99.92  56421 1377.323   165  231.331 1608.654
        75936.3   0.00  43.28  27.20  46.09  99.92  56429 1377.501   165  231.331 1608.833
        75946.3   0.00  31.35   7.66  46.12  99.92  56437 1377.665   165  231.331 1608.997
        75956.3  66.09   0.00  54.34  46.13  99.92  56444 1377.794   165  231.331 1609.125
        75966.3   0.00  72.99  78.23  46.15  99.92  56451 1377.916   165  231.331 1609.247
Timestamp         S0     S1     E      O      P     YGC     YGCT    FGC    FGCT     GCT   
        75976.3   0.00  55.92  22.66  46.17  99.92  56459 1378.047   165  231.331 1609.379
        75986.3  77.22   0.00  91.36  46.18  99.92  56466 1378.194   165  231.331 1609.525
        75996.3  78.16   0.00  72.10  46.19  99.92  56474 1378.379   165  231.331 1609.711
        76006.3  62.20   0.00  40.67  46.23  99.92  56482 1378.547   165  231.331 1609.878
        76016.3   0.00  99.57  85.22  46.32  99.92  56489 1378.681   165  231.331 1610.012
        76026.3 100.00   0.00  48.95  49.80  99.92  56496 1379.093   165  231.331 1610.425
        76036.3  15.50   0.00  59.27  53.69  99.92  56504 1379.496   165  231.331 1610.827
        76046.3   0.00  17.92  53.93  53.71  99.92  56513 1379.690   165  231.331 1611.021
        76056.3  35.86   0.00   2.14  53.75  99.92  56522 1379.872   165  231.331 1611.204
        76066.3  58.74   0.00  33.84  53.77  99.92  56530 1380.166   165  231.331 1611.498
Timestamp         S0     S1     E      O      P     YGC     YGCT    FGC    FGCT     GCT   
        76076.3  62.42   0.00   8.41  53.92  99.92  56538 1380.512   165  231.331 1611.844
        76086.3   0.00  22.24  61.02  54.01  99.92  56545 1380.703   165  231.331 1612.034
        76096.3  52.07   0.00  77.06  54.02  99.92  56552 1380.826   165  231.331 1612.157
        76106.3  36.17   0.00  38.06  54.06  99.92  56560 1381.003   165  231.331 1612.334
        76116.3  65.72   0.00  12.30  54.17  99.92  56568 1381.199   165  231.331 1612.531
        76126.3   0.00  70.86  56.81  54.20  99.92  56575 1381.402   165  231.331 1612.733
        76136.3  67.21   0.00  84.10  54.32  99.92  56582 1381.562   165  231.331 1612.893
        76146.3  68.26   0.00  42.11  54.37  99.92  56590 1381.742   165  231.331 1613.074
        76156.3   0.00  70.66  90.80  54.38  99.92  56597 1381.898   165  231.331 1613.229
        76166.3   0.00  99.40  51.23  54.46  99.92  56605 1382.050   165  231.331 1613.381
Timestamp         S0     S1     E      O      P     YGC     YGCT    FGC    FGCT     GCT   
        76176.3   0.00  44.82  10.91  54.49  99.92  56613 1382.243   165  231.331 1613.575
        76186.3  47.43   0.00  89.39  54.50  99.92  56620 1382.401   165  231.331 1613.733
        76196.3  68.96   0.00  66.03  54.59  99.92  56628 1382.581   165  231.331 1613.912
        76206.4  34.26   0.00   6.28  54.61  99.92  56636 1382.814   165  231.331 1614.145
        76216.4   0.00  66.67  86.89  54.71  99.92  56643 1382.969   165  231.331 1614.301
        76226.3   0.00  39.20  43.25  54.73  99.92  56651 1383.135   165  231.331 1614.466
        76236.3  50.00   0.00  90.72  54.77  99.92  56658 1383.365   165  231.331 1614.697
        76246.4  54.67   0.00  64.02  54.78  99.92  56666 1383.557   165  231.331 1614.888
        76256.4  75.40   0.00   5.45  54.79  99.92  56674 1383.729   165  231.331 1615.060
        76266.4   0.00  45.65  74.72  54.86  99.92  56681 1383.889   165  231.331 1615.220
Timestamp         S0     S1     E      O      P     YGC     YGCT    FGC    FGCT     GCT   
        76276.4   0.00  63.51  40.75  54.87  99.92  56689 1384.067   165  231.331 1615.399
        76286.4  32.34   0.00  82.58  54.89  99.92  56696 1384.246   165  231.331 1615.577
        76296.4  73.40   0.00  33.31  54.90  99.92  56704 1384.422   165  231.331 1615.754
        76306.4   0.00  73.55  89.46  54.97  99.92  56711 1384.570   165  231.331 1615.901
        76316.4   0.00 100.00  37.96  55.68  99.92  56719 1384.780   165  231.331 1616.111
        76326.4   0.00  99.83  44.66  55.90  99.92  56727 1385.006   165  231.331 1616.337
        76336.4   0.00  33.57  22.99  56.48  99.92  56735 1385.211   165  231.331 1616.542
        76346.4  50.31   0.00  91.58  56.72  99.92  56742 1385.372   165  231.331 1616.703
        76356.4  49.24   0.00  86.38  56.74  99.92  56750 1385.544   165  231.331 1616.875
        76366.4  45.15   0.00  44.15  56.78  99.92  56758 1385.735   165  231.331 1617.066
Timestamp         S0     S1     E      O      P     YGC     YGCT    FGC    FGCT     GCT   
        76376.4   0.00 100.00  66.29  56.81  99.92  56765 1385.882   165  231.331 1617.214
        76386.4   0.00  57.46  15.41  56.83  99.92  56773 1386.039   165  231.331 1617.370
        76396.4  58.91   0.00  91.02  56.85  99.92  56780 1386.244   165  231.331 1617.575
        76406.4  53.90   0.00  70.44  56.93  99.92  56788 1386.409   165  231.331 1617.741
        76416.4  64.21   0.00  52.34  56.94  99.92  56796 1386.621   165  231.331 1617.952
        76426.4   0.00  98.96  77.85  57.05  99.92  56803 1386.756   165  231.331 1618.087
        76436.4   0.00 100.00  27.90  57.07  99.92  56811 1386.922   165  231.331 1618.254
        76446.4   0.00  99.65   0.00  57.09  99.92  56819 1387.119   165  231.331 1618.451
        76456.4  54.59   0.00  59.80  57.10  99.92  56826 1387.261   165  231.331 1618.593
        76466.4  65.45   0.00  18.59  57.15  99.92  56834 1387.440   165  231.331 1618.771
Timestamp         S0     S1     E      O      P     YGC     YGCT    FGC    FGCT     GCT   
        76476.4   0.00  99.78  86.09  57.35  99.92  56841 1387.608   165  231.331 1618.939
        76486.4   0.00  78.21  34.40  57.37  99.92  56849 1387.855   165  231.331 1619.186
        76496.4   0.00  56.47   2.60  57.94  99.92  56857 1388.052   165  231.331 1619.383
        76506.4  66.73   0.00  84.97  57.96  99.92  56864 1388.223   165  231.331 1619.555
        76516.4  53.97   0.00  56.83  57.98  99.92  56872 1388.407   165  231.331 1619.738
        76526.4  69.91   0.00  48.81  58.10  99.92  56880 1388.575   165  231.331 1619.907
        76536.4  63.71   0.00  27.23  58.12  99.92  56888 1388.788   165  231.331 1620.119
        76546.4   0.00  65.27  97.40  58.14  99.92  56895 1388.970   165  231.331 1620.302
        76556.4   0.00 100.00  34.34  58.18  99.92  56903 1389.128   165  231.331 1620.459
        76566.4  32.71   0.00  65.43  58.20  99.92  56910 1389.265   165  231.331 1620.596
Timestamp         S0     S1     E      O      P     YGC     YGCT    FGC    FGCT     GCT   
        76576.4  57.92   0.00  23.04  58.22  99.92  56918 1389.435   165  231.331 1620.766
        76586.4   0.00  58.65  31.92  58.24  99.92  56925 1389.609   165  231.331 1620.941
        76596.4  80.51   0.00  26.64  58.25  99.92  56932 1389.769   165  231.331 1621.100
        76606.4   0.00  99.81  90.46  59.31  99.92  56939 1389.954   165  231.331 1621.286
        76616.4   0.00 100.00  49.33  59.31  99.92  56947 1390.184   165  231.331 1621.516
        76626.4   0.00  24.21  53.64  59.97  99.92  56955 1390.352   165  231.331 1621.683
        76636.4   0.00  50.37  55.52  59.99  99.92  56963 1390.521   165  231.331 1621.853
        76646.4  43.84   0.00  88.22  60.01  99.92  56970 1390.671   165  231.331 1622.003
        76656.4  34.78   0.00  16.57  60.04  99.92  56978 1390.843   165  231.331 1622.174
        76666.4   0.00  50.78  87.99  60.11  99.92  56985 1391.034   165  231.331 1622.365
Timestamp         S0     S1     E      O      P     YGC     YGCT    FGC    FGCT     GCT   
        76676.4   0.00  52.66  32.32  60.14  99.92  56993 1391.195   165  231.331 1622.526
        76686.4  65.45   0.00 100.00  60.15  99.92  57000 1391.361   165  231.331 1622.692
        76696.4  55.31   0.00   0.76  60.17  99.92  57008 1391.533   165  231.331 1622.864
        76706.4   0.00  73.42  68.37  60.22  99.92  57015 1391.661   165  231.331 1622.992
        76716.4   0.00  62.65   2.15  60.24  99.92  57023 1391.841   165  231.331 1623.172
        76726.4 100.00   0.00  67.78  60.31  99.92  57030 1392.077   165  231.331 1623.408
        76736.4  66.78   0.00  47.93  63.31  99.92  57038 1392.397   165  231.331 1623.728
        76746.4  67.41   0.00  46.32  63.55  99.92  57046 1392.611   165  231.331 1623.942
        76756.4  30.86   0.00  65.95  64.19  99.92  57054 1392.781   165  231.331 1624.113
        76766.4  37.21   0.00  67.16  64.22  99.92  57062 1393.007   165  231.331 1624.338
Timestamp         S0     S1     E      O      P     YGC     YGCT    FGC    FGCT     GCT   
        76776.4  45.40   0.00  53.72  64.29  99.92  57070 1393.171   165  231.331 1624.502
        76786.4  51.41   0.00  20.19  64.44  99.92  57078 1393.329   165  231.331 1624.660
        76796.4   0.00  42.13  37.25  64.45  99.92  57085 1393.471   165  231.331 1624.802
        76806.4 100.00   0.00  86.62  64.51  99.92  57092 1393.630   165  231.331 1624.961
        76816.4  74.36   0.00  50.72  64.52  99.92  57100 1393.796   165  231.331 1625.128
        76826.4  56.25   0.00  36.45  64.62  99.92  57108 1393.951   165  231.331 1625.282
        76836.4   0.00  30.99  81.79  64.64  99.92  57115 1394.071   165  231.331 1625.402
        76846.4   0.00  99.60  35.98  64.67  99.92  57123 1394.243   165  231.331 1625.574
        76856.4  91.28   0.00  27.11  64.68  99.92  57130 1394.388   165  231.331 1625.719
        76866.4   0.00 100.00  62.07  65.48  99.92  57137 1394.613   165  231.331 1625.944
Timestamp         S0     S1     E      O      P     YGC     YGCT    FGC    FGCT     GCT   
        76876.4   0.00  99.77  44.21  65.59  99.92  57145 1394.834   165  231.331 1626.165
        76886.4   0.00  52.07  18.11  66.14  99.92  57153 1395.043   165  231.331 1626.375
        76896.4  21.78   0.00  62.20  66.17  99.92  57160 1395.172   165  231.331 1626.504
        76906.4  41.30   0.00  20.08  66.25  99.92  57168 1395.328   165  231.331 1626.660
        76916.4  83.49   0.00   0.00  66.27  99.92  57176 1395.505   165  231.331 1626.837
        76926.4   0.00  39.66  68.63  66.34  99.92  57183 1395.660   165  231.331 1626.992
        76936.4   0.00  41.88  12.08  66.36  99.92  57191 1395.860   165  231.331 1627.191
        76946.4   0.00 100.00  13.05  66.94  99.92  57199 1396.083   165  231.331 1627.414
        76956.4   0.00  52.04   5.54  66.96  99.92  57207 1396.340   165  231.331 1627.671
        76966.4   0.00  41.13   9.02  67.39  99.92  57215 1396.525   165  231.331 1627.857
Timestamp         S0     S1     E      O      P     YGC     YGCT    FGC    FGCT     GCT   
        76976.4  50.00   0.00  78.86  67.41  99.92  57222 1396.670   165  231.331 1628.001
        76986.4  66.75   0.00  54.86  67.42  99.92  57230 1396.844   165  231.331 1628.176
        76996.4  67.15   0.00   6.52  67.45  99.92  57238 1397.049   165  231.331 1628.380
        77006.4   0.00  58.99  70.08  67.46  99.92  57245 1397.213   165  231.331 1628.545
        77016.4   0.00 100.00  39.92  67.50  99.92  57253 1397.381   165  231.331 1628.712
        77026.4  66.47   0.00  83.06  68.03  99.92  57260 1397.576   165  231.331 1628.907
        77036.4  85.32   0.00  11.13  68.07  99.92  57268 1397.796   165  231.331 1629.127
        77046.4   0.00  17.02  98.28  68.78  99.92  57276 1397.974   165  231.331 1629.305
        77056.4   0.00  46.35  97.22  68.80  99.92  57283 1398.129   165  231.331 1629.460
        77066.4   0.00  48.02  84.52  68.83  99.92  57291 1398.320   165  231.331 1629.651
Timestamp         S0     S1     E      O      P     YGC     YGCT    FGC    FGCT     GCT   
        77076.4   0.00  42.33  43.97  68.84  99.92  57299 1398.486   165  231.331 1629.817
        77086.4   0.00  41.49   3.76  68.92  99.92  57307 1398.665   165  231.331 1629.997
        77096.4 100.00   0.00  57.48  68.95  99.92  57314 1398.809   165  231.331 1630.141
        77106.4  60.90   0.00  47.43  69.11  99.92  57322 1399.024   165  231.331 1630.356
        77116.4  49.24   0.00  10.78  69.29  99.92  57330 1399.206   165  231.331 1630.538
        77126.4   0.00  99.11  51.48  69.51  99.92  57337 1399.323   165  231.331 1630.654
        77136.4  32.65   0.00  74.33  69.53  99.92  57344 1399.493   165  231.331 1630.824
        77146.4  31.53   0.00   6.16  69.55  99.92  57352 1399.649   165  231.331 1630.980
        77156.4   0.00  76.77  40.86  69.57  99.92  57359 1399.806   165  231.331 1631.137
        77166.4   0.00  48.84   4.76  69.60  99.92  57367 1399.966   165  231.331 1631.297
Timestamp         S0     S1     E      O      P     YGC     YGCT    FGC    FGCT     GCT   
        77176.4  60.81   0.00  50.86  69.64  99.92  57374 1400.152   165  231.331 1631.483
        77186.4   0.00  52.66  97.21  69.68  99.92  57382 1400.279   165  231.331 1631.610
        77196.4   0.00  52.99  43.24  69.73  99.92  57389 1400.437   165  231.331 1631.768
        77206.4  67.83   0.00  83.62  69.74  99.92  57396 1400.570   165  231.331 1631.901
        77216.4   0.00  99.02  87.17  69.80  99.92  57403 1400.738   165  231.331 1632.069
        77226.4  65.00   0.00  98.48  69.82  99.92  57410 1400.871   165  231.331 1632.202
        77236.4 100.00   0.00  10.65  70.98  99.92  57418 1401.038   165  231.331 1632.369
        77246.4   0.00 100.00  93.31  70.99  99.92  57425 1401.233   165  231.331 1632.564
        77256.4   0.00  99.47  53.62  71.67  99.92  57433 1401.444   165  231.331 1632.776
        77266.4   0.00  31.98  54.16  71.82  99.92  57441 1401.631   165  231.331 1632.962
Timestamp         S0     S1     E      O      P     YGC     YGCT    FGC    FGCT     GCT   
        77276.4  55.10   0.00  82.99  71.83  99.92  57448 1401.769   165  231.331 1633.100
        77286.4  29.95   0.00  29.64  71.88  99.92  57456 1401.944   165  231.331 1633.275
        77296.4   0.00  40.00  91.60  71.90  99.92  57463 1402.095   165  231.331 1633.426
        77306.4   0.00  71.79  74.37  71.94  99.92  57471 1402.275   165  231.331 1633.606
        77316.4   0.00  99.73  70.40  71.95  99.92  57479 1402.503   165  231.331 1633.834
        77326.4   0.00  73.89  53.75  72.01  99.92  57487 1402.666   165  231.331 1633.998
        77336.4  86.97   0.00  98.09  72.09  99.92  57494 1402.815   165  231.331 1634.146
        77346.4  69.03   0.00  60.98  72.13  99.92  57502 1402.978   165  231.331 1634.310
        77356.4  41.95   0.00  16.16  72.16  99.92  57510 1403.196   165  231.331 1634.528
        77366.4   0.00 100.00  61.28  72.19  99.92  57517 1403.371   165  231.331 1634.702
Timestamp         S0     S1     E      O      P     YGC     YGCT    FGC    FGCT     GCT   
        77376.4   0.00  99.70  25.40  72.21  99.92  57525 1403.549   165  231.331 1634.880
        77386.4  79.19   0.00  87.98  72.23  99.92  57532 1403.715   165  231.331 1635.046
        77396.4  91.57   0.00  40.38  72.26  99.92  57540 1403.884   165  231.331 1635.215
        77406.4   0.00  55.26  89.73  72.30  99.92  57547 1404.012   165  231.331 1635.343
        77416.5   0.00  81.45  60.44  72.45  99.92  57555 1404.187   165  231.331 1635.518
        77426.4   0.00  66.20   0.70  72.64  99.92  57563 1404.421   165  231.331 1635.753
        77436.4  41.75   0.00  55.57  72.75  99.92  57570 1404.581   165  231.331 1635.912
        77446.4  48.21   0.00  18.45  72.77  99.92  57578 1404.769   165  231.331 1636.101
        77456.4   0.00  99.77  99.93  73.31  99.92  57585 1404.956   165  231.331 1636.287
        77466.4   9.60  59.08 100.00  73.32  99.92  57594 1405.183   165  231.331 1636.514
Timestamp         S0     S1     E      O      P     YGC     YGCT    FGC    FGCT     GCT   
        77476.4   0.00 100.00  36.40  73.85  99.92  57601 1405.358   165  231.331 1636.689
        77486.5   0.00  32.39  33.80  73.86  99.92  57609 1405.601   165  231.331 1636.933
        77496.4  66.11   0.00  93.17  73.88  99.92  57616 1405.759   165  231.331 1637.091
        77506.5  90.86   0.00  46.38  73.92  99.92  57624 1405.949   165  231.331 1637.280
        77516.4   0.00 100.00  92.70  73.97  99.92  57631 1406.092   165  231.331 1637.424
        77526.4   0.00 100.00  74.70  74.04  99.92  57639 1406.301   165  231.331 1637.633
        77536.4   0.00  77.19  21.65  15.50  99.92  57647 1406.521   166  232.633 1639.154
        77546.5   0.00  59.96  33.21  15.50  99.92  57655 1406.728   166  232.633 1639.362
        77556.4   0.00  99.35  27.79  15.97  99.92  57663 1406.916   166  232.633 1639.550
        77566.5   0.00  23.03   8.98  16.00  99.92  57671 1407.088   166  232.633 1639.721
Timestamp         S0     S1     E      O      P     YGC     YGCT    FGC    FGCT     GCT   
        77576.4  77.58   0.00  70.81  16.02  99.92  57678 1407.237   166  232.633 1639.871
        77586.4  46.23   0.00  54.19  16.04  99.92  57686 1407.461   166  232.633 1640.094
        77596.4  53.43   0.00   4.84  16.12  99.92  57694 1407.632   166  232.633 1640.266
        77606.5   0.00  48.18  18.16  16.16  99.92  57701 1407.775   166  232.633 1640.409
        77616.4  73.46   0.00  64.95  16.18  99.92  57708 1407.906   166  232.633 1640.540
        77626.4  58.02   0.00  23.89  16.22  99.92  57716 1408.061   166  232.633 1640.695
        77636.5   0.00 100.00  48.52  16.34  99.92  57723 1408.202   166  232.633 1640.835
        77646.4   0.00  70.25   0.25  16.36  99.92  57731 1408.345   166  232.633 1640.979
        77656.5  56.52   0.00  51.16  16.41  99.92  57738 1408.474   166  232.633 1641.108
        77666.4 100.00   0.00   3.09  16.52  99.92  57746 1408.636   166  232.633 1641.269
Timestamp         S0     S1     E      O      P     YGC     YGCT    FGC    FGCT     GCT   
        77676.5   0.00  99.53  77.77  16.53  99.92  57753 1408.768   166  232.633 1641.402
        77686.4   0.00  50.25  61.96  16.63  99.92  57761 1408.948   166  232.633 1641.582
        77696.5   0.00  45.10   0.00  16.65  99.92  57769 1409.101   166  232.633 1641.735
        77706.5  65.18   0.00  78.06  16.70  99.92  57776 1409.264   166  232.633 1641.897
        77716.4  51.05   0.00  20.79  16.72  99.92  57784 1409.432   166  232.633 1642.065
        77726.5   0.00  60.54 100.00  16.77  99.92  57792 1409.567   166  232.633 1642.200
        77736.5   0.00  53.49  58.63  16.79  99.92  57799 1409.759   166  232.633 1642.392
        77746.5   0.00  78.53   9.95  16.81  99.92  57807 1409.922   166  232.633 1642.555
        77756.4  71.19   0.00  27.68  16.82  99.92  57814 1410.036   166  232.633 1642.670
        77766.5   0.00  47.24  68.91  16.85  99.92  57821 1410.163   166  232.633 1642.797
Timestamp         S0     S1     E      O      P     YGC     YGCT    FGC    FGCT     GCT   
        77776.5   0.00  56.46  17.64  16.88  99.92  57829 1410.312   166  232.633 1642.946
        77786.5  68.71   0.00  98.15  18.91  99.92  57836 1410.499   166  232.633 1643.133
        77796.4  69.70   0.00  80.15  18.96  99.92  57844 1410.683   166  232.633 1643.316
        77806.5  24.84   0.00  58.19  19.50  99.92  57852 1410.866   166  232.633 1643.499
        77816.5  59.61   0.00  24.14  19.53  99.92  57860 1411.038   166  232.633 1643.672
        77826.5   0.00  62.22  87.42  19.59  99.92  57867 1411.193   166  232.633 1643.826
        77836.5   0.00  49.76  80.40  19.61  99.92  57875 1411.351   166  232.633 1643.984
        77846.5   0.00  72.83  59.59  19.63  99.92  57883 1411.531   166  232.633 1644.164
        77856.5   0.00  80.77  28.33  19.71  99.92  57891 1411.662   166  232.633 1644.296
        77866.5   0.00 100.00   6.05  19.74  99.92  57899 1411.888   166  232.633 1644.521
Timestamp         S0     S1     E      O      P     YGC     YGCT    FGC    FGCT     GCT   
        77876.5   0.00 100.00  91.79  21.36  99.92  57905 1412.158   166  232.633 1644.791
        77886.5   0.00 100.00  78.21  22.68  99.92  57913 1412.497   166  232.633 1645.130
        77896.5  16.42   0.00  30.29  24.08  99.92  57922 1412.704   166  232.633 1645.337
        77906.5   0.00  21.97   0.77  24.16  99.92  57931 1412.925   166  232.633 1645.558
        77916.5   0.00  23.45  18.25  24.18  99.92  57939 1413.138   166  232.633 1645.772
        77926.5  20.94   0.00  77.63  24.26  99.92  57946 1413.282   166  232.633 1645.916
        77936.5  75.12   0.00   8.93  24.28  99.92  57954 1413.422   166  232.633 1646.055
        77946.5   0.00  71.30  67.58  24.30  99.92  57961 1413.577   166  232.633 1646.211
        77956.5   0.00  39.32  18.74  24.32  99.92  57969 1413.733   166  232.633 1646.367
        77966.5  46.74   0.00  73.61  24.39  99.92  57976 1413.861   166  232.633 1646.494
Timestamp         S0     S1     E      O      P     YGC     YGCT    FGC    FGCT     GCT   
        77976.5  77.66   0.00  71.76  24.40  99.92  57984 1414.064   166  232.633 1646.698
        77986.5  61.55   0.00  55.87  25.06  99.92  57992 1414.294   166  232.633 1646.928
        77996.5  65.29   0.00  16.74  25.12  99.92  58000 1414.472   166  232.633 1647.105
        78006.5   0.00  44.42  91.14  25.39  99.92  58007 1414.635   166  232.633 1647.268
        78016.5   0.00  41.78  53.81  25.40  99.92  58015 1414.789   166  232.633 1647.422
        78026.5   0.00  60.99  40.71  25.42  99.92  58023 1414.964   166  232.633 1647.597
        78036.5  40.45  27.03 100.00  25.43  99.92  58031 1415.199   166  232.633 1647.833
        78046.5  42.25   0.00  65.15  25.52  99.92  58038 1415.408   166  232.633 1648.042
        78056.5   0.00  57.89  92.67  25.55  99.92  58045 1415.535   166  232.633 1648.169
        78066.5   0.00  46.75  51.38  25.57  99.92  58053 1415.691   166  232.633 1648.325
Timestamp         S0     S1     E      O      P     YGC     YGCT    FGC    FGCT     GCT   
        78076.5  91.57   0.00  99.98  25.58  99.92  58060 1415.824   166  232.633 1648.457
        78086.5  46.45   0.00  65.22  25.64  99.92  58068 1415.993   166  232.633 1648.627
        78096.5  48.77   0.00   3.49  25.67  99.92  58076 1416.158   166  232.633 1648.792
        78106.5   0.00  99.58  71.53  25.72  99.92  58083 1416.292   166  232.633 1648.925
        78116.5   0.00  70.11  30.78  26.40  99.92  58091 1416.478   166  232.633 1649.112
        78126.5  72.46   0.00  94.38  26.42  99.92  58098 1416.659   166  232.633 1649.292
        78136.5  45.15   0.00  77.10  26.85  99.92  58106 1416.812   166  232.633 1649.445
        78146.5  51.00   0.00  63.17  26.86  99.92  58114 1416.967   166  232.633 1649.601
        78156.5  81.69   0.00  56.21  26.89  99.92  58122 1417.155   166  232.633 1649.789
        78166.5  51.87   0.00  51.87  27.01  99.92  58130 1417.354   166  232.633 1649.987
Timestamp         S0     S1     E      O      P     YGC     YGCT    FGC    FGCT     GCT   
        78176.5  39.13   0.00  28.98  27.17  99.92  58138 1417.584   166  232.633 1650.217
        78186.5   0.00  99.78  92.87  27.28  99.92  58145 1417.761   166  232.633 1650.395
        78196.5   0.00  50.22  59.83  27.30  99.92  58153 1417.917   166  232.633 1650.551
        78206.5   0.00 100.00  65.11  27.33  99.92  58161 1418.125   166  232.633 1650.758
        78216.5   0.00 100.00  54.02  27.34  99.92  58169 1418.323   166  232.633 1650.956
        78226.5   0.00  38.86  26.49  27.38  99.92  58177 1418.487   166  232.633 1651.121
        78236.5  86.06   0.00  87.51  27.43  99.92  58184 1418.643   166  232.633 1651.277
        78246.5  68.11   0.00  83.14  27.45  99.92  58192 1418.811   166  232.633 1651.445
        78256.5  50.53   0.00  52.42  27.55  99.92  58200 1418.958   166  232.633 1651.592
        78266.5   0.00  99.32  96.53  27.57  99.92  58207 1419.099   166  232.633 1651.733
Timestamp         S0     S1     E      O      P     YGC     YGCT    FGC    FGCT     GCT   
        78276.5   0.00  48.02  62.68  27.63  99.92  58215 1419.266   166  232.633 1651.900
        78286.5   0.00  63.87  23.80  27.65  99.92  58223 1419.446   166  232.633 1652.080
        78296.5  69.69   0.00  77.55  27.68  99.92  58230 1419.588   166  232.633 1652.222
        78306.5   0.00  59.88  98.79  27.71  99.92  58237 1419.734   166  232.633 1652.368
        78316.5   0.00  59.15  41.33  29.85  99.92  58245 1419.961   166  232.633 1652.594
        78326.5  78.79   0.00  64.81  29.86  99.92  58252 1420.147   166  232.633 1652.780
        78336.5  35.35   0.00  26.98  30.57  99.92  58260 1420.347   166  232.633 1652.981
        78346.5   0.00  42.57  83.54  30.58  99.92  58267 1420.485   166  232.633 1653.118
        78356.5   0.00  40.64  32.15  30.65  99.92  58275 1420.649   166  232.633 1653.282
        78366.5  64.63   0.00  89.57  30.66  99.92  58282 1420.795   166  232.633 1653.429
Timestamp         S0     S1     E      O      P     YGC     YGCT    FGC    FGCT     GCT   
        78376.5  89.87   0.00  72.91  30.73  99.92  58290 1420.969   166  232.633 1653.603
        78386.5  62.76   0.00  99.29  33.72  99.92  58299 1421.247   166  232.633 1653.881
        78396.5   0.00  59.63   9.83  33.90  99.92  58307 1421.507   166  232.633 1654.141
        78406.5   0.00  14.47  47.62  34.96  99.92  58315 1421.685   166  232.633 1654.318
        78416.5   0.00  44.91  39.47  34.97  99.92  58323 1421.847   166  232.633 1654.480
        78426.5   0.00  33.28   5.86  35.02  99.92  58331 1421.994   166  232.633 1654.628
        78436.5  61.30   0.00  88.45  35.03  99.92  58338 1422.159   166  232.633 1654.792
        78446.5  34.98   0.00  53.63  35.08  99.92  58346 1422.315   166  232.633 1654.948
        78456.5  47.72   0.00   7.52  35.12  99.92  58354 1422.472   166  232.633 1655.106
        78466.5   0.00  94.09  78.92  35.14  99.92  58361 1422.617   166  232.633 1655.251
Timestamp         S0     S1     E      O      P     YGC     YGCT    FGC    FGCT     GCT   
        78476.5  83.15   0.00  76.93  35.18  99.92  58368 1422.758   166  232.633 1655.392
        78486.5  39.29   0.00  63.05  35.22  99.92  58376 1422.916   166  232.633 1655.550
        78496.5  52.76   0.00  36.16  35.25  99.92  58384 1423.101   166  232.633 1655.734
        78506.5   0.00  67.05  91.23  35.37  99.92  58391 1423.349   166  232.633 1655.983
        78516.5   0.00  36.28  63.22  35.40  99.92  58399 1423.584   166  232.633 1656.218
        78526.5   0.00  35.94   6.21  35.49  99.92  58407 1423.748   166  232.633 1656.382
        78536.5  83.99   0.00   4.54  35.53  99.92  58414 1423.884   166  232.633 1656.518
        78546.5   0.00  43.93  82.95  35.57  99.92  58421 1424.027   166  232.633 1656.661
        78556.5   0.00  99.46  47.76  35.60  99.92  58429 1424.213   166  232.633 1656.847
        78566.5   0.00  37.44   8.84  35.72  99.92  58437 1424.378   166  232.633 1657.011
Timestamp         S0     S1     E      O      P     YGC     YGCT    FGC    FGCT     GCT   
        78576.5  66.41   0.00  82.26  35.74  99.92  58444 1424.542   166  232.633 1657.175
        78586.5  63.40   0.00  38.89  35.75  99.92  58452 1424.753   166  232.633 1657.387
        78596.5  72.15   0.00  11.65  35.85  99.92  58460 1425.040   166  232.633 1657.673
        78606.5   0.00  66.90  80.46  36.11  99.92  58467 1425.210   166  232.633 1657.844
        78616.5   0.00  54.44  68.47  36.19  99.92  58475 1425.392   166  232.633 1658.026
        78626.5   0.00  65.49   5.52  36.47  99.92  58483 1425.574   166  232.633 1658.207
        78636.5  48.80   0.00  45.49  36.49  99.92  58490 1425.700   166  232.633 1658.333
        78646.5  40.84   0.00   7.09  36.51  99.92  58498 1425.890   166  232.633 1658.524
        78656.5   0.00  99.72  38.31  36.53  99.92  58505 1426.043   166  232.633 1658.676
        78666.5  86.15   0.00  87.72  36.54  99.92  58512 1426.199   166  232.633 1658.833
Timestamp         S0     S1     E      O      P     YGC     YGCT    FGC    FGCT     GCT   
        78676.5  68.85   0.00  85.68  36.63  99.92  58520 1426.375   166  232.633 1659.009
        78686.5  48.13   0.00  73.73  36.65  99.92  58528 1426.630   166  232.633 1659.264
        78696.5  56.86   0.00  76.63  36.79  99.92  58536 1426.797   166  232.633 1659.431
        78706.5  59.84   0.00  58.22  36.82  99.92  58544 1426.960   166  232.633 1659.593
        78716.5  56.14   0.00   5.87  36.84  99.92  58552 1427.124   166  232.633 1659.757
        78726.5   0.00 100.00  85.83  36.90  99.92  58559 1427.263   166  232.633 1659.896
        78736.5   0.00  57.25  68.80  39.09  99.92  58567 1427.497   166  232.633 1660.131
        78746.5   0.00 100.00  97.39  39.23  99.92  58575 1427.756   166  232.633 1660.389
        78756.5  30.70   0.00  62.85  40.28  99.92  58584 1427.982   166  232.633 1660.616
        78766.5  18.31   0.00  80.73  40.38  99.92  58592 1428.163   166  232.633 1660.796
Timestamp         S0     S1     E      O      P     YGC     YGCT    FGC    FGCT     GCT   
        78776.6  20.40   0.00  50.24  40.44  99.92  58600 1428.350   166  232.633 1660.983
        78786.5  30.75   0.00   4.70  40.45  99.92  58608 1428.494   166  232.633 1661.127
        78796.6   0.00  36.05  17.74  40.47  99.92  58615 1428.642   166  232.633 1661.276
        78806.5  37.50   0.00  42.62  40.49  99.92  58622 1428.798   166  232.633 1661.431
        78816.5  40.10   0.00  17.17  40.51  99.92  58630 1428.968   166  232.633 1661.601
        78826.5   0.00 100.00  82.20  40.53  99.92  58637 1429.154   166  232.633 1661.788
        78836.5   0.00  83.94  68.06  40.58  99.92  58645 1429.484   166  232.633 1662.118
        78846.5   0.00  31.71  30.16  40.74  99.92  58653 1429.649   166  232.633 1662.283
        78856.5  53.35   0.00  83.15  40.80  99.92  58660 1429.806   166  232.633 1662.440
        78866.5  57.74   0.00  55.79  40.83  99.92  58668 1429.957   166  232.633 1662.591
Timestamp         S0     S1     E      O      P     YGC     YGCT    FGC    FGCT     GCT   
        78876.5  52.35   0.00  47.14  40.85  99.92  58676 1430.161   166  232.633 1662.795
        78886.5  63.49   0.00  34.84  40.88  99.92  58684 1430.357   166  232.633 1662.991
        78896.5   0.00  26.32  77.11  41.03  99.92  58691 1430.492   166  232.633 1663.126
        78906.6   0.00  47.64  58.21  41.08  99.92  58699 1430.692   166  232.633 1663.326
        78916.6   0.00  44.13  12.96  41.09  99.92  58707 1430.861   166  232.633 1663.494
        78926.5  81.63   0.00  75.13  41.25  99.92  58714 1431.022   166  232.633 1663.656
        78936.6  81.74   0.00   0.00  41.28  99.92  58722 1431.196   166  232.633 1663.830
        78946.6   0.00  99.38  59.26  41.71  99.92  58729 1431.348   166  232.633 1663.982
        78956.6   0.00  64.02  14.15  41.72  99.92  58737 1431.519   166  232.633 1664.153
        78966.6  46.54   0.00  59.46  41.73  99.92  58744 1431.636   166  232.633 1664.269
Timestamp         S0     S1     E      O      P     YGC     YGCT    FGC    FGCT     GCT   
        78976.6  83.43   0.00  10.21  41.76  99.92  58752 1431.796   166  232.633 1664.430
        78986.5   0.00  57.18  79.40  41.82  99.92  58759 1431.941   166  232.633 1664.575
        78996.6   0.00  99.56  70.66  41.85  99.92  58767 1432.160   166  232.633 1664.793
        79006.6   0.00 100.00  61.58  41.92  99.92  58775 1432.379   166  232.633 1665.013
        79016.5   0.00 100.00  32.57  41.98  99.92  58783 1432.547   166  232.633 1665.181
        79026.6  36.52   0.00  74.62  42.07  99.92  58790 1432.696   166  232.633 1665.330
        79036.6  78.18   0.00  65.02  42.23  99.92  58798 1432.893   166  232.633 1665.526
        79046.5  68.83   0.00  39.02  42.25  99.92  58806 1433.071   166  232.633 1665.704
        79056.5  68.22   0.00   2.15  42.57  99.92  58814 1433.251   166  232.633 1665.884
        79066.6   0.00  57.44  60.48  42.61  99.92  58821 1433.406   166  232.633 1666.039
Timestamp         S0     S1     E      O      P     YGC     YGCT    FGC    FGCT     GCT   
        79076.6   0.00  78.92  13.52  42.63  99.92  58829 1433.570   166  232.633 1666.203
        79086.6  68.32   0.00  85.02  42.67  99.92  58836 1433.733   166  232.633 1666.366
        79096.5  91.19   0.00  64.99  42.70  99.92  58844 1433.902   166  232.633 1666.535
        79106.6  50.29   0.00  27.40  42.81  99.92  58852 1434.150   166  232.633 1666.783
        79116.5   0.00  80.46  81.79  42.83  99.92  58859 1434.310   166  232.633 1666.943
        79126.6   0.00  39.39  44.30  42.85  99.92  58867 1434.464   166  232.633 1667.097
        79136.6  79.93   0.00  87.81  42.87  99.92  58874 1434.591   166  232.633 1667.225
        79146.6 100.00   0.00  56.42  43.24  99.92  58882 1434.777   166  232.633 1667.411
        79156.6  75.75   0.00  44.24  43.82  99.92  58890 1435.039   166  232.633 1667.672
        79166.6  36.07   0.00  82.01  44.36  99.92  58898 1435.259   166  232.633 1667.892
Timestamp         S0     S1     E      O      P     YGC     YGCT    FGC    FGCT     GCT   
        79176.6  14.04   0.00  92.17  44.68  99.92  58906 1435.423   166  232.633 1668.056
        79186.6  44.88   0.00  84.37  44.70  99.92  58914 1435.579   166  232.633 1668.212
        79196.6  77.64   0.00  64.43  44.72  99.92  58922 1435.827   166  232.633 1668.461
        79206.6  78.60   0.00  25.47  44.74  99.92  58930 1435.985   166  232.633 1668.618
        79216.6   0.00  43.33  83.30  44.82  99.92  58937 1436.124   166  232.633 1668.757
        79226.6   0.00  40.95  48.11  44.96  99.92  58945 1436.270   166  232.633 1668.904
        79236.6   0.00  45.79  39.93  44.98  99.92  58953 1436.435   166  232.633 1669.069
        79246.6  67.18   0.00  62.62  45.00  99.92  58960 1436.552   166  232.633 1669.186
        79256.6   0.00  64.33  91.48  45.02  99.92  58967 1436.707   166  232.633 1669.341
        79266.6   0.00  82.48  44.63  45.04  99.92  58975 1436.861   166  232.633 1669.495
Timestamp         S0     S1     E      O      P     YGC     YGCT    FGC    FGCT     GCT   
        79276.6  64.24   0.00  97.52  45.05  99.92  58982 1436.994   166  232.633 1669.627
        79286.6  91.79   0.00  80.43  45.23  99.92  58990 1437.166   166  232.633 1669.799
        79296.6  74.53   0.00  80.63  46.42  99.92  58998 1437.412   166  232.633 1670.045
        79306.6  54.77   0.00  85.64  46.79  99.92  59006 1437.623   166  232.633 1670.257
        79316.6  19.21   0.00  41.75  47.47  99.92  59014 1437.848   166  232.633 1670.481
        79326.7  33.99   0.00  47.90  47.50  99.92  59022 1438.022   166  232.633 1670.655
        79336.6  50.21   0.00   1.76  47.55  99.92  59030 1438.159   166  232.633 1670.793
        79346.6   0.00  35.86  33.67  47.58  99.92  59037 1438.339   166  232.633 1670.972
        79356.6   0.00  99.79   4.78  47.61  99.92  59045 1438.535   166  232.633 1671.169
        79366.6  70.95   0.00  71.78  47.63  99.92  59052 1438.707   166  232.633 1671.340
Timestamp         S0     S1     E      O      P     YGC     YGCT    FGC    FGCT     GCT   
        79376.6  62.08   0.00  63.43  47.83  99.92  59060 1438.955   166  232.633 1671.589
        79386.7  53.45   0.00  48.15  47.87  99.92  59068 1439.150   166  232.633 1671.784
        79396.6  43.93   0.00  26.01  47.92  99.92  59076 1439.346   166  232.633 1671.980
        79406.6   0.00  55.58  97.59  47.93  99.92  59083 1439.472   166  232.633 1672.106
        79416.6   0.00  67.71  94.47  47.97  99.92  59091 1439.614   166  232.633 1672.247
        79426.7   0.00 100.00  88.05  47.99  99.92  59099 1439.793   166  232.633 1672.427
        79436.7   0.00  79.87  56.02  48.14  99.92  59107 1440.089   166  232.633 1672.723
        79446.6   0.00  49.14  66.63  48.20  99.92  59115 1440.293   166  232.633 1672.926
        79456.6   0.00  44.76  40.98  48.38  99.92  59123 1440.468   166  232.633 1673.101
        79466.6   0.00  32.63  22.46  48.40  99.92  59131 1440.634   166  232.633 1673.267
Timestamp         S0     S1     E      O      P     YGC     YGCT    FGC    FGCT     GCT   
        79476.7   0.00  55.83  10.74  48.43  99.92  59139 1440.801   166  232.633 1673.434
        79486.7  60.12   0.00  70.94  48.45  99.92  59146 1440.939   166  232.633 1673.573
        79496.7 100.00   0.00  21.63  48.65  99.92  59154 1441.107   166  232.633 1673.740
        79506.7   0.00  74.28  78.11  48.65  99.92  59161 1441.242   166  232.633 1673.876
        79516.6   0.00 100.00  18.91  48.87  99.92  59169 1441.488   166  232.633 1674.121
        79526.7  53.43   0.00  95.33  49.02  99.92  59176 1441.627   166  232.633 1674.260
        79536.6  68.39   0.00  47.02  49.05  99.92  59184 1441.813   166  232.633 1674.447
        79546.7  72.70   0.00  27.59  49.12  99.92  59192 1441.983   166  232.633 1674.616
        79556.7   0.00  56.76  49.95  49.15  99.92  59199 1442.164   166  232.633 1674.798
        79566.6  57.78   0.00  84.72  49.19  99.92  59206 1442.305   166  232.633 1674.939
Timestamp         S0     S1     E      O      P     YGC     YGCT    FGC    FGCT     GCT   
        79576.6 100.00   0.00  29.68  50.00  99.92  59214 1442.499   166  232.633 1675.132
        79586.6  64.17   0.00   3.84  50.03  99.92  59222 1442.690   166  232.633 1675.323
        79596.6   0.00  40.52  93.70  50.40  99.92  59229 1442.864   166  232.633 1675.498
        79606.6   0.00  64.57  51.44  50.49  99.92  59237 1443.072   166  232.633 1675.705
        79616.7   0.00  67.82   9.94  50.61  99.92  59245 1443.263   166  232.633 1675.896
        79626.6  74.38   0.00  86.17  50.62  99.92  59252 1443.474   166  232.633 1676.108
        79636.6  77.39   0.00  63.24  50.64  99.92  59260 1443.633   166  232.633 1676.266
        79646.7  93.11   0.00  69.90  50.94  99.92  59268 1443.867   166  232.633 1676.500
        79656.6  62.71   0.00  82.49  50.97  99.92  59276 1444.117   166  232.633 1676.750
        79666.6  30.40   0.00  86.94  51.46  99.92  59284 1444.308   166  232.633 1676.941
Timestamp         S0     S1     E      O      P     YGC     YGCT    FGC    FGCT     GCT   
        79676.7  59.84   0.00  49.72  51.47  99.92  59292 1444.478   166  232.633 1677.112
        79686.6  50.45   0.00  54.78  51.49  99.92  59300 1444.716   166  232.633 1677.350
        79696.7   0.00  72.04  98.94  51.51  99.92  59308 1444.860   166  232.633 1677.493
        79706.6   0.00  42.27  33.50  51.56  99.92  59315 1445.009   166  232.633 1677.642
        79716.7   0.00  64.45   4.05  51.57  99.92  59323 1445.170   166  232.633 1677.804
        79726.7  54.55   0.00  59.48  51.59  99.92  59330 1445.339   166  232.633 1677.973
        79736.6  72.42   0.00  32.32  51.61  99.92  59338 1445.509   166  232.633 1678.143
        79746.7   0.00  48.11  89.44  51.64  99.92  59345 1445.671   166  232.633 1678.304
        79756.7   0.00  99.64  68.75  51.77  99.92  59353 1445.842   166  232.633 1678.476
        79766.7   0.00  51.63   9.54  51.86  99.92  59361 1445.998   166  232.633 1678.631
Timestamp         S0     S1     E      O      P     YGC     YGCT    FGC    FGCT     GCT   
        79776.6  95.82   0.00  69.13  52.75  99.92  59368 1446.167   166  232.633 1678.801
        79786.6  67.41   0.00  33.88  52.76  99.92  59376 1446.402   166  232.633 1679.035
        79796.6   0.00 100.00  81.68  53.39  99.92  59383 1446.586   166  232.633 1679.219
        79806.6   0.00  54.64  68.12  53.43  99.92  59391 1446.726   166  232.633 1679.360
        79816.7   0.00  55.25  46.71  53.48  99.92  59399 1446.878   166  232.633 1679.512
        79826.6   0.00  51.28  33.19  53.52  99.92  59407 1447.038   166  232.633 1679.671
        79836.7   0.00  43.72   6.18  53.53  99.92  59415 1447.193   166  232.633 1679.826
        79846.7  37.97   0.00  55.11  53.62  99.92  59422 1447.315   166  232.633 1679.948
        79856.7   0.00  70.44  83.05  53.63  99.92  59429 1447.469   166  232.633 1680.103
        79866.6   0.00  47.08  28.24  53.65  99.92  59437 1447.611   166  232.633 1680.244
Timestamp         S0     S1     E      O      P     YGC     YGCT    FGC    FGCT     GCT   
        79876.7 100.00   0.00  72.58  53.77  99.92  59444 1447.740   166  232.633 1680.373
        79886.7  85.99   0.00  24.05  53.79  99.92  59452 1447.904   166  232.633 1680.538
        79896.7  71.90   0.00   1.92  54.06  99.92  59460 1448.163   166  232.633 1680.797
        79906.6   0.00  99.17  65.90  54.08  99.92  59467 1448.313   166  232.633 1680.947
        79916.7  69.43   0.00  75.10  54.12  99.92  59474 1448.478   166  232.633 1681.112
        79926.7   0.00  47.83  93.96  54.16  99.92  59481 1448.600   166  232.633 1681.233
        79936.6   0.00 100.00   8.08  54.94  99.92  59489 1448.770   166  232.633 1681.404
        79946.7  72.43   0.00  86.80  55.63  99.92  59496 1448.961   166  232.633 1681.594
        79956.7  60.58   0.00  65.38  55.73  99.92  59504 1449.151   166  232.633 1681.785
        79966.7  43.00   0.00  43.42  56.33  99.92  59512 1449.344   166  232.633 1681.978
Timestamp         S0     S1     E      O      P     YGC     YGCT    FGC    FGCT     GCT   
        79976.7  29.57   0.00  14.41  56.35  99.92  59520 1449.502   166  232.633 1682.135
        79986.7   0.00  38.99  55.60  56.38  99.92  59527 1449.658   166  232.633 1682.291
        79996.7   0.00  61.54  31.48  56.46  99.92  59535 1449.839   166  232.633 1682.472
        80006.7  50.87   0.00  84.69  56.49  99.92  59542 1449.965   166  232.633 1682.598
        80016.7  81.43   0.00  46.71  56.52  99.92  59550 1450.181   166  232.633 1682.814
        80026.7  99.31   0.00  52.00  56.99  99.92  59558 1450.405   166  232.633 1683.038
        80036.7  60.55   0.00  60.35  57.24  99.92  59566 1450.714   166  232.633 1683.347
        80046.7  25.20   0.00  62.20  57.72  99.92  59574 1450.885   166  232.633 1683.518
        80056.7  45.71   0.00  68.82  57.77  99.92  59582 1451.069   166  232.633 1683.702
        80066.7  53.10   0.00  60.79  57.79  99.92  59590 1451.228   166  232.633 1683.862
Timestamp         S0     S1     E      O      P     YGC     YGCT    FGC    FGCT     GCT   
        80076.7 100.00   0.00  52.23  58.05  99.92  59598 1451.448   166  232.633 1684.081
        80086.7  77.95   0.00  41.60  58.08  99.92  59606 1451.654   166  232.633 1684.288
        80096.7  48.18   0.00  16.51  58.57  99.92  59614 1451.854   166  232.633 1684.488
        80106.7   0.00  45.44  95.45  58.60  99.92  59621 1451.999   166  232.633 1684.632
        80116.7   0.00 100.00  90.59  58.61  99.92  59629 1452.162   166  232.633 1684.796
        80126.7   0.00  38.68  35.01  58.63  99.92  59637 1452.351   166  232.633 1684.985
        80136.7  35.08   0.00  77.13  58.68  99.92  59644 1452.484   166  232.633 1685.118
        80146.7  65.09   0.00  28.73  58.71  99.92  59652 1452.660   166  232.633 1685.293
        80156.7   0.00  70.06  75.54  58.72  99.92  59659 1452.831   166  232.633 1685.465
        80166.7   0.00 100.00  71.83  58.74  99.92  59667 1453.015   166  232.633 1685.649
Timestamp         S0     S1     E      O      P     YGC     YGCT    FGC    FGCT     GCT   
        80176.7   0.00 100.00  53.28  58.83  99.92  59675 1453.220   166  232.633 1685.854
        80186.7   0.00  61.35  32.84  58.85  99.92  59683 1453.411   166  232.633 1686.045
        80196.7   0.00  41.13  19.75  58.90  99.92  59691 1453.590   166  232.633 1686.223
        80206.7  61.28   0.00  18.88  58.91  99.92  59698 1453.745   166  232.633 1686.378
        80216.7   0.00  64.77  63.53  58.94  99.92  59705 1453.904   166  232.633 1686.537
        80226.7   0.00 100.00  37.28  59.01  99.92  59713 1454.105   166  232.633 1686.738
        80236.7   0.00  78.08  13.93  59.13  99.92  59721 1454.283   166  232.633 1686.917
        80246.7  73.52   0.00  81.93  59.26  99.92  59728 1454.474   166  232.633 1687.107
        80256.7  32.52   0.00  29.83  59.44  99.92  59736 1454.668   166  232.633 1687.302
        80266.7  68.99   0.00   4.53  59.48  99.92  59744 1454.849   166  232.633 1687.483
Timestamp         S0     S1     E      O      P     YGC     YGCT    FGC    FGCT     GCT   
        80276.7   0.00 100.00  45.40  59.55  99.92  59751 1455.015   166  232.633 1687.649
        80286.7  65.15   0.00  91.48  59.59  99.92  59758 1455.169   166  232.633 1687.802
        80296.7  65.22   0.00  20.20  59.62  99.92  59766 1455.333   166  232.633 1687.967
        80306.7   0.00 100.00  93.40  59.63  99.92  59773 1455.487   166  232.633 1688.120
        80316.7   0.00 100.00  27.15  59.67  99.92  59781 1455.643   166  232.633 1688.277
        80326.7  70.21   0.00  90.56  59.68  99.92  59788 1455.775   166  232.633 1688.409
        80336.7  66.99   0.00  32.79  59.74  99.92  59796 1455.964   166  232.633 1688.597
        80346.7   0.00  68.82  72.00  59.77  99.92  59803 1456.171   166  232.633 1688.805
        80356.7   0.00  70.51  23.20  59.85  99.92  59811 1456.341   166  232.633 1688.975
        80366.7  42.04   0.00  73.54  59.87  99.92  59818 1456.472   166  232.633 1689.106
Timestamp         S0     S1     E      O      P     YGC     YGCT    FGC    FGCT     GCT   
        80376.7   0.00  68.66  85.10  59.88  99.92  59825 1456.608   166  232.633 1689.242
        80386.7   0.00 100.00  64.36  60.75  99.92  59833 1456.800   166  232.633 1689.434
        80396.7   0.00 100.00  33.66  61.06  99.92  59841 1457.064   166  232.633 1689.698
        80406.7   0.00  40.67  15.89  62.17  99.92  59849 1457.293   166  232.633 1689.927
        80416.7   0.00  13.97  28.38  62.39  99.92  59857 1457.443   166  232.633 1690.077
        80426.7   0.00  38.45  27.23  62.42  99.92  59865 1457.591   166  232.633 1690.225
        80436.7   0.00  57.24  27.01  62.45  99.92  59873 1457.788   166  232.633 1690.421
        80446.7  60.00   0.00  71.34  62.47  99.92  59880 1457.953   166  232.633 1690.587
        80456.7  77.00   0.00  22.59  62.63  99.92  59888 1458.115   166  232.633 1690.749
        80466.7   0.00  63.17  96.19  62.65  99.92  59895 1458.270   166  232.633 1690.904
Timestamp         S0     S1     E      O      P     YGC     YGCT    FGC    FGCT     GCT   
        80476.7   0.00  69.07  74.72  62.67  99.92  59903 1458.465   166  232.633 1691.098
        80486.7   0.00 100.00   4.08  62.78  99.92  59911 1458.615   166  232.633 1691.249
        80496.7  48.78   0.00  51.87  62.84  99.92  59918 1458.756   166  232.633 1691.390
        80506.7   0.00  43.12  96.53  62.85  99.92  59925 1458.885   166  232.633 1691.518
        80516.7   0.00 100.00  41.96  63.54  99.92  59933 1459.093   166  232.633 1691.727
        80526.7   0.00  71.88  24.50  63.58  99.92  59941 1459.310   166  232.633 1691.944
        80536.7  69.31   0.00  82.88  64.03  99.92  59948 1459.535   166  232.633 1692.169
        80546.7  48.32   0.00  67.59  64.11  99.92  59956 1459.673   166  232.633 1692.306
        80556.7   0.00 100.00  98.12  64.12  99.92  59963 1459.800   166  232.633 1692.433
        80566.7   0.00  61.86  71.73  64.15  99.92  59971 1459.962   166  232.633 1692.596
Timestamp         S0     S1     E      O      P     YGC     YGCT    FGC    FGCT     GCT   
        80576.7   0.00 100.00  36.21  64.17  99.92  59979 1460.133   166  232.633 1692.766
        80586.7   0.00  49.45  13.16  64.26  99.92  59987 1460.419   166  232.633 1693.052
        80596.7  30.73   0.00  99.90  64.30  99.92  59995 1460.630   166  232.633 1693.264
        80606.7  48.43   0.00  86.30  64.45  99.92  60002 1460.791   166  232.633 1693.425
        80616.7  39.46   0.00  63.58  64.48  99.92  60010 1460.969   166  232.633 1693.602
        80626.7  92.24   0.00  30.34  64.49  99.92  60018 1461.137   166  232.633 1693.770
        80636.7   0.00  41.06  98.09  64.52  99.92  60025 1461.354   166  232.633 1693.987
        80646.7   0.00  53.83  77.48  64.61  99.92  60033 1461.538   166  232.633 1694.172
        80656.7   0.00  99.19  56.48  64.63  99.92  60041 1461.773   166  232.633 1694.407
        80666.7   0.00  35.88   5.96  64.64  99.92  60049 1461.940   166  232.633 1694.574
Timestamp         S0     S1     E      O      P     YGC     YGCT    FGC    FGCT     GCT   
        80676.7  36.00   0.00  49.61  64.67  99.92  60056 1462.082   166  232.633 1694.716
        80686.7  38.24   0.00  31.02  64.70  99.92  60064 1462.242   166  232.633 1694.875
        80696.7   0.00  77.64  82.17  64.72  99.92  60071 1462.416   166  232.633 1695.049
        80706.7   0.00  59.66  44.20  64.75  99.92  60079 1462.572   166  232.633 1695.205
        80716.7   0.00  99.71   4.31  64.81  99.92  60087 1462.763   166  232.633 1695.397
        80726.7  75.69   0.00  60.90  64.85  99.92  60094 1462.940   166  232.633 1695.574
        80736.7  83.05   0.00  31.88  64.94  99.92  60102 1463.114   166  232.633 1695.747
        80746.7   0.00  49.72  80.83  64.97  99.92  60109 1463.247   166  232.633 1695.880
        80756.7  62.73   0.00  88.74  64.99  99.92  60116 1463.458   166  232.633 1696.091
        80766.7  76.58   0.00  51.05  65.04  99.92  60124 1463.669   166  232.633 1696.303
Timestamp         S0     S1     E      O      P     YGC     YGCT    FGC    FGCT     GCT   
        80776.7  96.63   0.00  44.93  65.08  99.92  60132 1463.837   166  232.633 1696.471
        80786.7  85.66   0.00  52.33  65.10  99.92  60140 1464.057   166  232.633 1696.691
        80796.7  85.95   0.00  54.59  65.17  99.92  60148 1464.286   166  232.633 1696.919
        80806.7  51.88   0.00  65.52  65.28  99.92  60156 1464.492   166  232.633 1697.125
        80816.7  56.57   0.00  12.29  65.33  99.92  60164 1464.653   166  232.633 1697.286
        80826.7  70.70   0.00   0.14  65.37  99.92  60172 1464.821   166  232.633 1697.455
        80836.7   0.00  51.46  90.63  65.38  99.92  60179 1464.986   166  232.633 1697.619
        80846.7   0.00 100.00  72.14  65.40  99.92  60187 1465.213   166  232.633 1697.847
        80856.7   0.00  33.82  52.23  65.43  99.92  60195 1465.406   166  232.633 1698.039
        80866.7   0.00  37.19  12.65  65.48  99.92  60203 1465.553   166  232.633 1698.187
Timestamp         S0     S1     E      O      P     YGC     YGCT    FGC    FGCT     GCT   
        80876.7  69.70   0.00  60.10  65.50  99.92  60210 1465.698   166  232.633 1698.332
        80886.8   0.00  56.76  85.38  65.51  99.92  60217 1465.854   166  232.633 1698.488
        80896.7   0.00  36.89  25.70  65.54  99.92  60225 1466.044   166  232.633 1698.677
        80906.7  48.92   0.00  74.70  65.56  99.92  60232 1466.195   166  232.633 1698.828
        80916.7  51.96   0.00  48.57  65.59  99.92  60240 1466.374   166  232.633 1699.007
        80926.8   0.00  72.44  99.52  65.62  99.92  60247 1466.526   166  232.633 1699.160
        80936.7   0.00  62.71  55.63  65.71  99.92  60255 1466.747   166  232.633 1699.380
        80946.7  80.57   0.00  79.45  65.73  99.92  60262 1466.869   166  232.633 1699.503
        80956.7  64.52   0.00  29.74  65.76  99.92  60270 1467.047   166  232.633 1699.680
        80966.7   0.00  77.85  70.27  65.77  99.92  60277 1467.190   166  232.633 1699.824
Timestamp         S0     S1     E      O      P     YGC     YGCT    FGC    FGCT     GCT   
        80976.7   0.00  79.08   0.00  65.85  99.92  60285 1467.374   166  232.633 1700.007
        80986.7  82.99   0.00  72.27  68.08  99.92  60292 1467.562   166  232.633 1700.196
        80996.7  82.47   0.00  73.05  68.09  99.92  60300 1467.802   166  232.633 1700.435
        81006.7  30.10   0.00  73.69  68.95  99.92  60308 1467.994   166  232.633 1700.627
        81016.8  20.40   0.00  39.40  68.98  99.92  60316 1468.170   166  232.633 1700.804
        81026.8  37.50   0.00  25.96  69.02  99.92  60324 1468.321   166  232.633 1700.954
        81036.7   0.00  57.32  47.38  69.04  99.92  60331 1468.517   166  232.633 1701.150
        81046.7   0.00  46.14   2.30  69.08  99.92  60339 1468.704   166  232.633 1701.337
        81056.7 100.00   0.00  45.43  69.11  99.92  60346 1468.864   166  232.633 1701.498
        81066.7  87.65   0.00  26.81  69.16  99.92  60354 1469.035   166  232.633 1701.669
Timestamp         S0     S1     E      O      P     YGC     YGCT    FGC    FGCT     GCT   
        81076.8   0.00  64.77  84.01  69.18  99.92  60361 1469.174   166  232.633 1701.808
        81086.7   0.00 100.00  70.36  69.28  99.92  60369 1469.357   166  232.633 1701.991
        81096.7   0.00 100.00  51.84  69.87  99.92  60377 1469.575   166  232.633 1702.208
        81106.8   0.00  63.51   0.95  70.02  99.92  60385 1469.780   166  232.633 1702.414
        81116.8  33.16   0.00  65.29  70.49  99.92  60392 1469.940   166  232.633 1702.574
        81126.7  43.77   0.00  22.69  70.63  99.92  60400 1470.131   166  232.633 1702.765
        81136.8   0.00   0.00  39.50  17.22  99.92  60407 1470.285   167  233.922 1704.207
        81146.8  68.31   0.00  98.76  17.22  99.92  60415 1470.457   167  233.922 1704.379
        81156.8  78.82   0.00  72.45  17.22  99.92  60422 1470.651   167  233.922 1704.574
        81166.7  40.80   0.00  51.67  17.66  99.92  60430 1470.860   167  233.922 1704.782
Timestamp         S0     S1     E      O      P     YGC     YGCT    FGC    FGCT     GCT   
        81176.8  52.61   0.00  30.81  17.68  99.92  60438 1471.045   167  233.922 1704.968
        81186.8  78.12   0.00  13.47  17.71  99.92  60446 1471.224   167  233.922 1705.146
        81196.7   0.00  42.01  88.33  17.78  99.92  60453 1471.371   167  233.922 1705.294
        81206.8   0.00  99.19  50.91  17.80  99.92  60461 1471.562   167  233.922 1705.485
        81216.8   0.00  43.66   9.35  17.84  99.92  60469 1471.721   167  233.922 1705.643
        81226.7  70.56   0.00  81.66  17.86  99.92  60476 1471.896   167  233.922 1705.818
        81236.8  98.73   0.00  58.16  17.88  99.92  60484 1472.148   167  233.922 1706.071
        81246.7  53.85   0.00  40.54  17.98  99.92  60492 1472.317   167  233.922 1706.239
        81256.8  38.60   0.00   9.43  18.00  99.92  60500 1472.460   167  233.922 1706.383
        81266.7   0.00 100.00  96.13  18.01  99.92  60507 1472.612   167  233.922 1706.534
Timestamp         S0     S1     E      O      P     YGC     YGCT    FGC    FGCT     GCT   
        81276.8   0.00  34.74  52.71  18.02  99.92  60515 1472.766   167  233.922 1706.688
        81286.8  64.69   0.00  85.46  18.04  99.92  60522 1472.905   167  233.922 1706.828
        81296.8  62.04   0.00   6.34  18.15  99.92  60530 1473.075   167  233.922 1706.997
        81306.7   0.00  58.03  64.84  18.18  99.92  60537 1473.203   167  233.922 1707.126
        81316.8   0.00  46.11  21.85  18.32  99.92  60545 1473.373   167  233.922 1707.295
        81326.8   0.00 100.00   9.38  18.35  99.92  60553 1473.517   167  233.922 1707.439
        81336.8  78.61   0.00  94.26  18.68  99.92  60560 1473.750   167  233.922 1707.672
        81346.8   0.00  60.10  12.85  18.74  99.92  60569 1473.979   167  233.922 1707.902
        81356.7   0.00  21.51   6.33  19.36  99.92  60577 1474.140   167  233.922 1708.062
        81366.8  32.74   0.00  56.47  19.40  99.92  60584 1474.261   167  233.922 1708.183
Timestamp         S0     S1     E      O      P     YGC     YGCT    FGC    FGCT     GCT   
        81376.8  60.08   0.00   3.14  19.42  99.92  60592 1474.408   167  233.922 1708.331
        81386.8   0.00  62.95  55.23  19.43  99.92  60599 1474.540   167  233.922 1708.462
        81396.8   0.00  40.06  39.95  19.48  99.92  60607 1474.693   167  233.922 1708.616
        81406.8   0.00  51.96   8.74  19.50  99.92  60615 1474.856   167  233.922 1708.779
        81416.8  79.36   0.00  62.97  19.52  99.92  60622 1474.988   167  233.922 1708.911
        81426.8  83.04   0.00  25.00  19.57  99.92  60630 1475.148   167  233.922 1709.071
        81436.8   0.00  99.76  81.79  20.86  99.92  60637 1475.306   167  233.922 1709.228
        81446.8   0.00  52.30  57.23  20.87  99.92  60645 1475.584   167  233.922 1709.507
        81456.8   0.00  99.64   3.46  21.40  99.92  60653 1475.807   167  233.922 1709.730
        81466.8   0.00  35.21  11.64  21.42  99.92  60661 1475.969   167  233.922 1709.891
Timestamp         S0     S1     E      O      P     YGC     YGCT    FGC    FGCT     GCT   
        81476.8  92.53   0.00  65.90  21.44  99.92  60668 1476.126   167  233.922 1710.048
        81486.8  37.98   0.00  34.63  21.55  99.92  60676 1476.324   167  233.922 1710.246
        81496.8   0.00  26.69  77.35  21.62  99.92  60683 1476.461   167  233.922 1710.383
        81506.8   0.00  38.92  50.30  21.64  99.92  60691 1476.630   167  233.922 1710.553
        81516.8   0.00  41.88   0.00  21.65  99.92  60699 1476.805   167  233.922 1710.727
        81526.8  42.26   0.00  56.30  21.66  99.92  60706 1476.934   167  233.922 1710.856
        81536.8  93.16   0.00  20.79  21.69  99.92  60714 1477.145   167  233.922 1711.068
        81546.8   0.00  65.64  59.12  21.70  99.92  60721 1477.303   167  233.922 1711.225
        81556.8   0.00 100.00  52.78  22.34  99.92  60729 1477.470   167  233.922 1711.393
        81566.8   0.00 100.00  37.44  22.34  99.92  60737 1477.683   167  233.922 1711.605
Timestamp         S0     S1     E      O      P     YGC     YGCT    FGC    FGCT     GCT   
        81576.8   0.00 100.00  26.55  23.01  99.92  60745 1477.905   167  233.922 1711.827
        81586.8   0.00 100.00  18.56  23.02  99.92  60753 1478.058   167  233.922 1711.981
        81596.8  64.20   0.00  84.74  23.04  99.92  60760 1478.200   167  233.922 1712.122
        81606.8  47.38   0.00  65.67  23.06  99.92  60768 1478.408   167  233.922 1712.330
        81616.8  88.45   0.00  64.37  23.11  99.92  60776 1478.599   167  233.922 1712.521
        81626.8  25.63   0.00   9.86  23.25  99.92  60784 1478.740   167  233.922 1712.663
        81636.8   0.00  59.31  75.94  23.27  99.92  60791 1478.889   167  233.922 1712.812
        81646.8   0.00  49.29  68.76  23.28  99.92  60799 1479.073   167  233.922 1712.996
        81656.8   0.00 100.00   8.23  23.30  99.92  60807 1479.258   167  233.922 1713.181
        81666.8  58.58   0.00  78.10  26.89  99.92  60814 1479.530   167  233.922 1713.452
Timestamp         S0     S1     E      O      P     YGC     YGCT    FGC    FGCT     GCT   
        81676.8  67.58   0.00  63.11  26.89  99.92  60822 1479.750   167  233.922 1713.672
        81686.8  28.62   0.00  69.02  28.02  99.92  60830 1479.942   167  233.922 1713.864
        81696.8  48.76   0.00  71.85  28.04  99.92  60838 1480.116   167  233.922 1714.038
        81706.8  18.71   0.00  45.56  28.10  99.92  60846 1480.314   167  233.922 1714.237
        81716.8  35.62   0.00   6.49  28.16  99.92  60854 1480.469   167  233.922 1714.391
        81726.8  59.41   0.00   0.00  28.18  99.92  60862 1480.645   167  233.922 1714.567
        81736.8   0.00 100.00  82.28  28.30  99.92  60869 1480.807   167  233.922 1714.730
        81746.8   0.00  69.22  68.65  28.34  99.92  60877 1480.987   167  233.922 1714.909
        81756.8   0.00 100.00  22.31  28.82  99.92  60885 1481.162   167  233.922 1715.085
        81766.8   0.00  65.69  42.11  28.84  99.92  60893 1481.348   167  233.922 1715.271
Timestamp         S0     S1     E      O      P     YGC     YGCT    FGC    FGCT     GCT   
        81776.8  74.31   0.00  67.11  28.87  99.92  60900 1481.508   167  233.922 1715.431
        81786.8  57.22   0.00  45.07  29.04  99.92  60908 1481.677   167  233.922 1715.600
        81796.8  55.10   0.00  18.64  29.08  99.92  60916 1481.848   167  233.922 1715.770
        81806.8   0.00 100.00  93.94  29.11  99.92  60923 1481.970   167  233.922 1715.892
        81816.8   0.00  76.88  54.98  29.13  99.92  60931 1482.128   167  233.922 1716.051
        81826.8   0.00  78.01  29.55  29.15  99.92  60939 1482.293   167  233.922 1716.216
        81836.8  55.53   0.00  87.17  31.23  99.92  60946 1482.541   167  233.922 1716.463
        81846.8  67.97   0.00  94.61  31.24  99.92  60954 1482.763   167  233.922 1716.685
        81856.8  21.82   0.00  56.49  31.94  99.92  60962 1482.951   167  233.922 1716.874
        81866.8  44.29   0.00  32.08  31.97  99.92  60970 1483.105   167  233.922 1717.027
Timestamp         S0     S1     E      O      P     YGC     YGCT    FGC    FGCT     GCT   
        81876.8   0.00  61.52  96.67  31.98  99.92  60977 1483.273   167  233.922 1717.195
        81886.8   0.00 100.00  63.19  32.05  99.92  60985 1483.448   167  233.922 1717.371
        81896.8   0.00  53.12   0.00  32.14  99.92  60993 1483.625   167  233.922 1717.548
        81906.8  57.32   0.00  76.35  32.19  99.92  61000 1483.804   167  233.922 1717.726
        81916.8  89.10   0.00  37.41  32.21  99.92  61008 1483.951   167  233.922 1717.874
        81926.8   0.00  80.22  94.88  32.23  99.92  61015 1484.103   167  233.922 1718.026
        81936.8   0.00 100.00  70.50  32.31  99.92  61023 1484.259   167  233.922 1718.181
        81946.8   0.00  47.83  25.77  32.33  99.92  61031 1484.428   167  233.922 1718.351
        81956.8  54.49   0.00  26.71  32.35  99.92  61038 1484.554   167  233.922 1718.476
        81966.8   0.00  42.59  66.18  32.37  99.92  61045 1484.670   167  233.922 1718.593
Timestamp         S0     S1     E      O      P     YGC     YGCT    FGC    FGCT     GCT   
        81976.8   0.00  99.79  38.66  34.33  99.92  61053 1484.875   167  233.922 1718.798
        81986.8   0.00  71.99  31.03  34.34  99.92  61061 1485.083   167  233.922 1719.005
        81996.8   0.00 100.00  20.87  34.92  99.92  61069 1485.238   167  233.922 1719.161
        82006.8   0.00  33.33   8.95  34.95  99.92  61077 1485.382   167  233.922 1719.304
        82016.8  67.79   0.00  32.48  34.99  99.92  61084 1485.595   167  233.922 1719.517
        82026.8 100.00   0.00   0.00  35.01  99.92  61092 1485.779   167  233.922 1719.702
        82036.8  52.09   0.00   8.27  35.04  99.92  61100 1485.998   167  233.922 1719.920
        82046.8   0.00  36.15  84.03  35.26  99.92  61107 1486.136   167  233.922 1720.058
        82056.8   0.00  48.80  42.08  35.27  99.92  61115 1486.298   167  233.922 1720.221
        82066.8  65.83   0.00  91.14  35.28  99.92  61122 1486.443   167  233.922 1720.366
Timestamp         S0     S1     E      O      P     YGC     YGCT    FGC    FGCT     GCT   
        82076.8  62.63   0.00  75.43  37.38  99.92  61130 1486.660   167  233.922 1720.582
        82086.8  62.50   0.00  56.07  37.41  99.92  61138 1486.847   167  233.922 1720.769
        82096.8  24.22   0.00  23.19  38.04  99.92  61146 1487.038   167  233.922 1720.960
        82106.8   0.00  39.15  97.17  38.05  99.92  61153 1487.176   167  233.922 1721.098
        82116.8   0.00  38.41  60.20  38.06  99.92  61161 1487.338   167  233.922 1721.260
        82126.8   0.00  60.16  16.11  38.12  99.92  61169 1487.495   167  233.922 1721.417
        82136.8  88.74   0.00  85.25  38.14  99.92  61176 1487.666   167  233.922 1721.588
        82146.8  25.86   0.00  72.34  38.19  99.92  61184 1487.870   167  233.922 1721.792
        82156.9  88.18   0.00  81.31  38.28  99.92  61192 1488.043   167  233.922 1721.965
        82166.8  59.84   0.00  68.42  38.33  99.92  61200 1488.226   167  233.922 1722.148
Timestamp         S0     S1     E      O      P     YGC     YGCT    FGC    FGCT     GCT   
        82176.9  26.61   0.00  30.25  38.35  99.92  61208 1488.405   167  233.922 1722.327
        82186.8   0.00  36.92  29.26  38.36  99.92  61215 1488.522   167  233.922 1722.444
        82196.8  84.69   0.00  59.97  38.38  99.92  61222 1488.692   167  233.922 1722.615
        82206.9  71.86   0.00   2.29  38.40  99.92  61230 1488.833   167  233.922 1722.756
        82216.9   0.00  74.26  70.57  38.41  99.92  61237 1488.992   167  233.922 1722.914
        82226.8   0.00  41.39  41.26  38.49  99.92  61245 1489.151   167  233.922 1723.073
        82236.9  49.45   0.00  83.50  38.50  99.92  61252 1489.299   167  233.922 1723.222
        82246.9  58.71   0.00  14.27  38.52  99.92  61260 1489.464   167  233.922 1723.387
        82256.9   0.00 100.00  48.53  38.61  99.92  61267 1489.617   167  233.922 1723.539
        82266.8   0.00  69.38  15.42  38.65  99.92  61275 1489.794   167  233.922 1723.717
Timestamp         S0     S1     E      O      P     YGC     YGCT    FGC    FGCT     GCT   
        82276.9  43.46   0.00  73.33  38.78  99.92  61282 1489.955   167  233.922 1723.877
        82286.8  40.36   0.00  47.57  38.87  99.92  61290 1490.129   167  233.922 1724.052
        82296.9 100.00   0.00  16.99  39.01  99.92  61298 1490.305   167  233.922 1724.228
        82306.9   0.00  49.14  93.54  39.02  99.92  61305 1490.446   167  233.922 1724.368
        82316.8   0.00  67.50  52.60  39.21  99.92  61313 1490.652   167  233.922 1724.575
        82326.8  50.51   0.00  85.89  39.23  99.92  61320 1490.819   167  233.922 1724.742
        82336.8  34.01   0.00  37.93  39.25  99.92  61328 1491.003   167  233.922 1724.925
        82346.8   0.00 100.00  85.37  39.27  99.92  61335 1491.197   167  233.922 1725.120
        82356.8   0.00  50.65  21.62  39.29  99.92  61343 1491.340   167  233.922 1725.262
        82366.8  90.62   0.00  83.92  39.38  99.92  61350 1491.492   167  233.922 1725.415
Timestamp         S0     S1     E      O      P     YGC     YGCT    FGC    FGCT     GCT   
        82376.9  76.26   0.00  42.23  39.41  99.92  61358 1491.696   167  233.922 1725.619
        82386.9  52.49   0.00  34.51  39.60  99.92  61366 1491.894   167  233.922 1725.817
        82396.9  44.08   0.00   9.51  39.65  99.92  61374 1492.075   167  233.922 1725.998
        82406.9   0.00  45.08  45.21  39.72  99.92  61381 1492.243   167  233.922 1726.166
        82416.8   0.00 100.00  13.11  39.77  99.92  61389 1492.385   167  233.922 1726.307
        82426.9  60.63   0.00  86.62  39.79  99.92  61396 1492.520   167  233.922 1726.442
        82436.9  45.36   0.00  34.95  39.94  99.92  61404 1492.736   167  233.922 1726.659
        82446.8  75.45   0.00   8.93  39.97  99.92  61412 1492.961   167  233.922 1726.884
        82456.8   0.00  43.90  23.67  39.98  99.92  61419 1493.084   167  233.922 1727.007
        82466.8  36.52   0.00  76.68  40.06  99.92  61426 1493.213   167  233.922 1727.136
Timestamp         S0     S1     E      O      P     YGC     YGCT    FGC    FGCT     GCT   
        82476.8  44.90   0.00  13.00  40.08  99.92  61434 1493.424   167  233.922 1727.347
        82486.8  61.80   0.00   2.78  40.11  99.92  61442 1493.610   167  233.922 1727.533
        82496.8   0.00 100.00  15.77  40.18  99.92  61449 1493.748   167  233.922 1727.670
        82506.9  78.95   0.00  77.51  40.24  99.92  61456 1493.870   167  233.922 1727.792
        82516.9  61.14   0.00  36.74  40.27  99.92  61464 1494.069   167  233.922 1727.991
        82526.9   0.00  99.15  83.67  40.31  99.92  61471 1494.218   167  233.922 1728.140
        82536.9   0.00  53.80  20.70  40.34  99.92  61479 1494.419   167  233.922 1728.342
        82546.8  79.25   0.00  81.91  40.36  99.92  61486 1494.583   167  233.922 1728.505
        82556.9  63.00   0.00  13.56  40.40  99.92  61494 1494.744   167  233.922 1728.667
        82566.9   0.00 100.00  62.41  40.43  99.92  61501 1494.907   167  233.922 1728.830
Timestamp         S0     S1     E      O      P     YGC     YGCT    FGC    FGCT     GCT   
        82576.9   0.00  52.05  54.92  42.73  99.92  61509 1495.146   167  233.922 1729.068
        82586.9   0.00  54.90  77.80  42.74  99.92  61517 1495.377   167  233.922 1729.299
        82596.9   0.00  99.48  83.59  43.66  99.92  61525 1495.556   167  233.922 1729.478
        82606.9   0.00  32.26  70.52  43.69  99.92  61533 1495.690   167  233.922 1729.612
        82616.9   0.00  54.28   3.85  43.70  99.92  61541 1495.848   167  233.922 1729.770
        82626.9  35.14   0.00  67.06  43.81  99.92  61548 1495.981   167  233.922 1729.903
        82636.9   0.00  75.51  88.94  43.83  99.92  61555 1496.129   167  233.922 1730.051
        82646.8   0.00  59.70  70.81  43.84  99.92  61563 1496.371   167  233.922 1730.293
        82656.8   0.00  37.69  52.19  43.90  99.92  61571 1496.541   167  233.922 1730.463
        82666.8   0.00  35.86  68.29  43.97  99.92  61577 1496.687   167  233.922 1730.609
Timestamp         S0     S1     E      O      P     YGC     YGCT    FGC    FGCT     GCT   
        82676.8   0.00  54.84  10.52  44.00  99.92  61585 1496.851   167  233.922 1730.774
        82686.8  75.45   0.00  49.60  44.02  99.92  61592 1497.000   167  233.922 1730.922
        82696.8  79.22   0.00   3.61  44.03  99.92  61600 1497.195   167  233.922 1731.118
        82706.9   0.00 100.00  66.28  44.14  99.92  61607 1497.336   167  233.922 1731.258
        82716.9   0.00  52.78  39.63  44.15  99.92  61615 1497.501   167  233.922 1731.424
        82726.9   0.00  51.70  38.60  44.37  99.92  61623 1497.679   167  233.922 1731.602
        82736.9   0.00  81.25   0.00  44.54  99.92  61631 1497.881   167  233.922 1731.804
        82746.9  67.02   0.00  19.75  44.56  99.92  61638 1498.035   167  233.922 1731.957
        82756.9   0.00  60.70  42.68  44.87  99.92  61645 1498.171   167  233.922 1732.093
        82766.9  88.51   0.00  88.83  44.88  99.92  61652 1498.326   167  233.922 1732.248
Timestamp         S0     S1     E      O      P     YGC     YGCT    FGC    FGCT     GCT   
        82776.8  55.23   0.00  60.24  44.91  99.92  61660 1498.480   167  233.922 1732.403
        82786.8  46.65   0.00  47.40  45.01  99.92  61668 1498.648   167  233.922 1732.571
        82796.9   0.00 100.00  86.83  45.02  99.92  61675 1498.796   167  233.922 1732.718
        82806.9   0.00  58.39  60.69  45.10  99.92  61683 1498.965   167  233.922 1732.887
        82816.8  38.27   0.00  99.02  45.12  99.92  61690 1499.106   167  233.922 1733.029
        82826.9  94.55   0.00  81.90  45.14  99.92  61698 1499.268   167  233.922 1733.190
        82836.9  81.00   0.00  61.89  45.17  99.92  61706 1499.444   167  233.922 1733.367
        82846.9  59.39   0.00  19.00  45.19  99.92  61714 1499.638   167  233.922 1733.561
        82856.9   0.00 100.00  42.21  45.33  99.92  61721 1499.787   167  233.922 1733.710
        82866.9   0.00 100.00  10.97  45.34  99.92  61729 1499.951   167  233.922 1733.873
Timestamp         S0     S1     E      O      P     YGC     YGCT    FGC    FGCT     GCT   
        82876.9  82.35   0.00  87.16  45.38  99.92  61736 1500.094   167  233.922 1734.017
        82886.9  77.37   0.00  75.92  45.52  99.92  61744 1500.293   167  233.922 1734.216
        82896.9  65.55   0.00  59.17  45.54  99.92  61752 1500.502   167  233.922 1734.425
        82906.9  50.00   0.00  37.37  45.67  99.92  61760 1500.649   167  233.922 1734.572
        82916.9   0.00  63.30  93.60  45.69  99.92  61767 1500.810   167  233.922 1734.732
        82926.9   0.00 100.00  47.66  45.71  99.92  61775 1501.025   167  233.922 1734.948
        82936.9   0.00  59.69  13.51  45.74  99.92  61783 1501.207   167  233.922 1735.129
        82946.9   0.00  99.70   6.15  45.81  99.92  61791 1501.384   167  233.922 1735.307
        82956.8   0.00  44.02   0.27  45.82  99.92  61799 1501.578   167  233.922 1735.501
        82966.9  32.58   0.00  78.88  45.88  99.92  61806 1501.771   167  233.922 1735.693
Timestamp         S0     S1     E      O      P     YGC     YGCT    FGC    FGCT     GCT   
        82976.9  58.94   0.00   7.04  45.92  99.92  61814 1501.929   167  233.922 1735.851
        82986.9   0.00 100.00  51.76  45.93  99.92  61821 1502.059   167  233.922 1735.981
        82996.9   0.00  99.48   5.68  45.95  99.92  61829 1502.244   167  233.922 1736.167
        83006.9  35.94   0.00  27.19  45.96  99.92  61836 1502.388   167  233.922 1736.311
        83016.9   0.00  43.15  71.52  45.98  99.92  61843 1502.516   167  233.922 1736.439
        83026.9   0.00 100.00  34.42  48.25  99.92  61851 1502.767   167  233.922 1736.689
        83036.9  65.64   0.00  70.69  48.68  99.92  61858 1502.952   167  233.922 1736.875
        83046.9  60.24   0.00  13.09  48.94  99.92  61866 1503.193   167  233.922 1737.115
        83056.9  54.79   0.00   6.86  49.43  99.92  61874 1503.393   167  233.922 1737.316
        83066.9  32.37   0.00  12.79  49.45  99.92  61882 1503.592   167  233.922 1737.515
Timestamp         S0     S1     E      O      P     YGC     YGCT    FGC    FGCT     GCT   
        83076.9   0.00  62.31  86.15  49.55  99.92  61889 1503.754   167  233.922 1737.676
        83086.9   0.00  84.23  72.23  49.67  99.92  61897 1503.936   167  233.922 1737.859
        83096.9   0.00  55.77  44.36  49.69  99.92  61905 1504.150   167  233.922 1738.072
        83106.9  49.50   0.00  97.43  49.72  99.92  61912 1504.308   167  233.922 1738.231
        83116.9  65.06   0.00  64.41  49.77  99.92  61920 1504.478   167  233.922 1738.401
        83126.9   0.00  59.89  87.45  49.78  99.92  61927 1504.632   167  233.922 1738.555
        83136.9   0.00  71.98  67.55  49.84  99.92  61935 1504.864   167  233.922 1738.787
        83146.9   0.00 100.00  29.33  50.27  99.92  61943 1505.084   167  233.922 1739.007
        83156.9  72.41   0.00  79.99  50.32  99.92  61950 1505.335   167  233.922 1739.257
        83166.9  52.95   0.00  72.69  50.83  99.92  61958 1505.515   167  233.922 1739.438
Timestamp         S0     S1     E      O      P     YGC     YGCT    FGC    FGCT     GCT   
        83176.9  48.30   0.00  59.78  50.91  99.92  61966 1505.741   167  233.922 1739.663
        83186.9  37.10   0.00  43.99  50.93  99.92  61974 1505.923   167  233.922 1739.845
        83196.9  72.03   0.00  32.49  50.94  99.92  61982 1506.096   167  233.922 1740.018
        83206.9  65.18   0.00  19.73  51.05  99.92  61990 1506.268   167  233.922 1740.191
        83216.9   0.00  62.75  63.49  51.10  99.92  61997 1506.412   167  233.922 1740.334
        83226.9   0.00 100.00  22.69  51.16  99.92  62005 1506.562   167  233.922 1740.485
        83236.9  90.10   0.00  84.08  51.17  99.92  62012 1506.704   167  233.922 1740.627
        83246.9  76.88   0.00  62.39  51.20  99.92  62020 1506.860   167  233.922 1740.782
        83256.9  94.24   0.00  20.93  51.26  99.92  62028 1507.040   167  233.922 1740.963
        83266.9   0.00  32.61  62.31  51.27  99.92  62035 1507.228   167  233.922 1741.151
Timestamp         S0     S1     E      O      P     YGC     YGCT    FGC    FGCT     GCT   
        83276.9  76.73   0.00  98.70  51.31  99.92  62042 1507.360   167  233.922 1741.283
        83286.9  77.51   0.00  54.76  52.49  99.92  62050 1507.592   167  233.922 1741.514
        83296.9  67.27   0.00  18.86  52.50  99.92  62058 1507.853   167  233.922 1741.775
        83306.9  30.72   0.00   7.93  53.34  99.92  62066 1508.037   167  233.922 1741.960
        83316.9  48.61   0.00  34.16  53.37  99.92  62074 1508.210   167  233.922 1742.133
        83326.9   0.00  35.58  98.99  53.38  99.92  62082 1508.369   167  233.922 1742.292
        83336.9   0.00 100.00  67.80  53.44  99.92  62089 1508.548   167  233.922 1742.471
        83346.9   0.00  50.38  33.43  53.46  99.92  62097 1508.743   167  233.922 1742.665
        83356.9   0.00  54.34  13.40  53.56  99.92  62105 1508.908   167  233.922 1742.831
        83366.9  67.07   0.00  67.27  53.63  99.92  62112 1509.066   167  233.922 1742.988
Timestamp         S0     S1     E      O      P     YGC     YGCT    FGC    FGCT     GCT   
        83376.9  63.64   0.00  31.19  53.65  99.92  62120 1509.248   167  233.922 1743.170
        83386.9   0.00 100.00  61.78  53.70  99.92  62127 1509.375   167  233.922 1743.298
        83396.9  38.96   0.00  93.38  53.72  99.92  62134 1509.527   167  233.922 1743.450
        83406.9  49.66   0.00  25.79  53.74  99.92  62142 1509.686   167  233.922 1743.608
        83416.9   0.00  65.67  93.99  53.85  99.92  62149 1509.863   167  233.922 1743.785
        83426.9   0.00  99.62  33.66  53.90  99.92  62157 1510.034   167  233.922 1743.956
        83436.9  68.32   0.00  80.36  54.10  99.92  62164 1510.182   167  233.922 1744.105
        83446.9  54.62   0.00  31.83  54.64  99.92  62172 1510.403   167  233.922 1744.325
        83456.9  53.61   0.00   0.00  54.67  99.92  62180 1510.607   167  233.922 1744.530
        83466.9   0.00  99.47  59.31  55.25  99.92  62187 1510.774   167  233.922 1744.697
Timestamp         S0     S1     E      O      P     YGC     YGCT    FGC    FGCT     GCT   
        83476.9   0.00  60.50  35.79  55.27  99.92  62195 1510.942   167  233.922 1744.864
        83486.9   0.00  50.42  16.91  55.29  99.92  62203 1511.154   167  233.922 1745.076
        83496.9  41.89   0.00  97.76  55.31  99.92  62210 1511.297   167  233.922 1745.220
        83506.9  76.94   0.00  52.01  55.37  99.92  62218 1511.464   167  233.922 1745.387
        83516.9   0.00  34.21  90.42  55.38  99.92  62225 1511.621   167  233.922 1745.544
        83526.9   0.00  38.95  78.24  55.46  99.92  62233 1511.791   167  233.922 1745.713
        83536.9   0.00  60.35  52.92  55.50  99.92  62241 1512.012   167  233.922 1745.934
        83546.9   0.00 100.00  25.07  55.57  99.92  62249 1512.201   167  233.922 1746.124
        83556.9  44.72   0.00  71.42  55.59  99.92  62256 1512.318   167  233.922 1746.241
        83566.9  42.68   0.00  50.43  55.68  99.92  62264 1512.526   167  233.922 1746.449
Timestamp         S0     S1     E      O      P     YGC     YGCT    FGC    FGCT     GCT   
        83576.9   0.00  36.22  69.22  55.71  99.92  62271 1512.685   167  233.922 1746.607
        83586.9   0.00  99.37  33.58  55.75  99.92  62279 1512.843   167  233.922 1746.766
        83596.9  46.95   0.00  62.62  55.78  99.92  62286 1512.963   167  233.922 1746.885
        83606.9  52.35   0.00  20.71  55.80  99.92  62294 1513.121   167  233.922 1747.043
        83616.9   0.00 100.00  82.98  55.86  99.92  62301 1513.262   167  233.922 1747.184
        83626.9   0.00  61.67   0.00  55.87  99.92  62309 1513.436   167  233.922 1747.359
        83636.9  89.86   0.00  44.08  55.93  99.92  62316 1513.603   167  233.922 1747.525
        83646.8  93.79   0.00   3.05  56.04  99.92  62324 1513.807   167  233.922 1747.729
        83656.9   0.00 100.00  84.13  56.06  99.92  62331 1513.963   167  233.922 1747.886
        83666.9   0.00  78.66  84.24  56.16  99.92  62339 1514.169   167  233.922 1748.092
Timestamp         S0     S1     E      O      P     YGC     YGCT    FGC    FGCT     GCT   
        83676.9   0.00  54.71  36.83  56.24  99.92  62347 1514.340   167  233.922 1748.262
        83686.9   0.00  38.60   0.00  56.34  99.92  62355 1514.525   167  233.922 1748.447
        83696.9  52.03   0.00  73.40  56.35  99.92  62362 1514.745   167  233.922 1748.668
        83706.9  62.01   0.00  34.28  56.37  99.92  62370 1514.931   167  233.922 1748.854
        83716.9  64.59   0.00  23.20  56.45  99.92  62378 1515.107   167  233.922 1749.030
        83726.9   0.00  70.52  70.94  56.46  99.92  62385 1515.284   167  233.922 1749.206
        83736.9  69.74   0.00  79.87  56.47  99.92  62392 1515.431   167  233.922 1749.353
        83746.9  44.68   0.00  19.45  56.49  99.92  62400 1515.587   167  233.922 1749.509
        83756.9   0.00  77.01  52.58  56.51  99.92  62407 1515.713   167  233.922 1749.635
        83766.9  65.79   0.00  94.28  56.52  99.92  62414 1515.873   167  233.922 1749.795
Timestamp         S0     S1     E      O      P     YGC     YGCT    FGC    FGCT     GCT   
        83776.9  79.62   0.00  35.03  56.54  99.92  62422 1516.087   167  233.922 1750.009
        83786.9   0.00  99.32  93.56  56.57  99.92  62429 1516.232   167  233.922 1750.154
        83796.9   0.00  76.30  57.55  56.62  99.92  62437 1516.414   167  233.922 1750.336
        83806.9   0.00  99.62  13.57  56.64  99.92  62445 1516.582   167  233.922 1750.504
        83816.9  93.04   0.00  57.70  56.68  99.92  62452 1516.746   167  233.922 1750.669
        83827.0  80.25   0.00  26.26  56.75  99.92  62460 1516.936   167  233.922 1750.858
        83836.9  47.89   0.00   0.84  56.82  99.92  62468 1517.110   167  233.922 1751.033
        83846.9   0.00 100.00  85.65  56.86  99.92  62475 1517.254   167  233.922 1751.176
        83856.9   0.00  84.33  71.77  56.92  99.92  62483 1517.434   167  233.922 1751.356
        83866.9   0.00  63.21  57.50  57.05  99.92  62491 1517.624   167  233.922 1751.547
Timestamp         S0     S1     E      O      P     YGC     YGCT    FGC    FGCT     GCT   
        83876.9   0.00  67.72  26.87  57.14  99.92  62499 1517.802   167  233.922 1751.725
        83886.9  51.90   0.00  75.60  57.20  99.92  62506 1517.958   167  233.922 1751.881
        83896.9  43.17   0.00  38.92  57.22  99.92  62514 1518.112   167  233.922 1752.034
        83906.9  56.51   0.00  17.41  57.24  99.92  62522 1518.297   167  233.922 1752.220
        83916.9   0.00 100.00  77.17  57.25  99.92  62529 1518.466   167  233.922 1752.389
        83927.0   0.00  57.06  26.65  57.28  99.92  62537 1518.617   167  233.922 1752.539
        83936.9   0.00  99.71   0.00  57.30  99.92  62545 1518.811   167  233.922 1752.734
        83946.9  38.14   0.00  34.92  57.32  99.92  62552 1518.958   167  233.922 1752.880
        83956.9 100.00   0.00  12.21  59.30  99.92  62560 1519.145   167  233.922 1753.067
        83966.9  60.66   0.00   0.71  59.32  99.92  62568 1519.364   167  233.922 1753.286
Timestamp         S0     S1     E      O      P     YGC     YGCT    FGC    FGCT     GCT   
        83977.0  25.75   0.00   1.36  60.12  99.92  62576 1519.592   167  233.922 1753.514
        83987.0  28.12   0.00  21.48  60.14  99.92  62584 1519.761   167  233.922 1753.683
        83996.9   0.00  23.98  75.21  60.15  99.92  62591 1519.929   167  233.922 1753.851
        84006.9   0.00  72.84  55.24  60.19  99.92  62599 1520.114   167  233.922 1754.036
        84016.9  44.55   0.00  88.59  60.21  99.92  62606 1520.268   167  233.922 1754.190
        84026.9  81.15   0.00  44.19  60.25  99.92  62614 1520.491   167  233.922 1754.413
        84036.9  55.03   0.00  21.52  60.37  99.92  62622 1520.673   167  233.922 1754.596
        84047.0   0.00  40.22  68.42  60.38  99.92  62629 1520.809   167  233.922 1754.732
        84056.9   0.00 100.00   8.49  60.82  99.92  62637 1521.003   167  233.922 1754.925
        84066.9  81.95   0.00  90.89  61.12  99.92  62644 1521.200   167  233.922 1755.122
Timestamp         S0     S1     E      O      P     YGC     YGCT    FGC    FGCT     GCT   
        84077.0  46.71   0.00  89.75  61.68  99.92  62652 1521.410   167  233.922 1755.333
        84087.0  32.12   0.00  86.95  61.92  99.92  62660 1521.638   167  233.922 1755.560
        84096.9  27.37   0.00  65.33  62.01  99.92  62668 1521.844   167  233.922 1755.766
        84106.9  45.31   0.00  30.59  62.22  99.92  62676 1522.003   167  233.922 1755.925
        84116.9   0.00  47.27  99.92  62.23  99.92  62684 1522.152   167  233.922 1756.075
        84126.9   0.00  35.19  68.89  62.24  99.92  62691 1522.317   167  233.922 1756.239
        84136.9   0.00  71.16  52.45  62.26  99.92  62699 1522.481   167  233.922 1756.403
        84146.9  35.33   0.00  91.30  62.28  99.92  62706 1522.616   167  233.922 1756.538
        84156.9  68.85   0.00  82.60  62.35  99.92  62714 1522.798   167  233.922 1756.721
        84167.0  60.14   0.00  96.51  62.52  99.92  62722 1522.994   167  233.922 1756.916
Timestamp         S0     S1     E      O      P     YGC     YGCT    FGC    FGCT     GCT   
        84176.9  71.97   0.00  64.81  62.60  99.92  62730 1523.202   167  233.922 1757.124
        84187.0  35.15   0.00  11.20  62.91  99.92  62738 1523.403   167  233.922 1757.326
        84197.0   0.00  28.79  74.56  62.92  99.92  62745 1523.537   167  233.922 1757.459
        84207.0  54.57   0.00  93.43  62.93  99.92  62752 1523.684   167  233.922 1757.606
        84216.9  43.15   0.00  73.09  62.95  99.92  62760 1523.925   167  233.922 1757.848
        84227.0  93.35   0.00  63.58  62.98  99.92  62768 1524.127   167  233.922 1758.050
        84236.9  49.03   0.00   9.45  63.06  99.92  62776 1524.289   167  233.922 1758.211
        84247.0   0.00  28.19  99.25  63.17  99.92  62783 1524.439   167  233.922 1758.362
        84256.9   0.00  55.42  51.89  63.22  99.92  62791 1524.597   167  233.922 1758.519
        84266.9   0.00  37.58   0.00  63.24  99.92  62799 1524.765   167  233.922 1758.687
Timestamp         S0     S1     E      O      P     YGC     YGCT    FGC    FGCT     GCT   
        84277.0  66.03   0.00  50.82  63.26  99.92  62806 1524.890   167  233.922 1758.813
        84287.0  60.19   0.00  15.55  63.32  99.92  62814 1525.042   167  233.922 1758.965
        84296.9   0.00 100.00  70.55  63.39  99.92  62821 1525.227   167  233.922 1759.149
        84307.0   0.00 100.00  41.82  63.45  99.92  62829 1525.418   167  233.922 1759.341
        84316.9   0.00  64.47   3.79  63.63  99.92  62837 1525.574   167  233.922 1759.497
        84326.9  63.98   0.00  75.71  63.66  99.92  62844 1525.751   167  233.922 1759.673
        84337.0  51.12   0.00  36.96  63.68  99.92  62852 1525.926   167  233.922 1759.848
        84347.0  59.95   0.00  27.32  63.75  99.92  62860 1526.103   167  233.922 1760.026
        84357.0   0.00  77.01  85.40  63.79  99.92  62867 1526.244   167  233.922 1760.167
        84367.0   0.00  42.86   4.31  63.86  99.92  62875 1526.439   167  233.922 1760.362
Timestamp         S0     S1     E      O      P     YGC     YGCT    FGC    FGCT     GCT   
        84377.0  67.75   0.00  80.16  63.90  99.92  62882 1526.584   167  233.922 1760.506
        84386.9  68.79   0.00  30.05  63.92  99.92  62890 1526.744   167  233.922 1760.667
        84397.0 100.00   0.00  11.00  66.54  99.92  62898 1526.971   167  233.922 1760.894
        84406.9  70.91   0.00  33.87  66.55  99.92  62906 1527.241   167  233.922 1761.163
        84417.0  42.11   0.00  59.56  67.68  99.92  62914 1527.540   167  233.922 1761.463
        84427.0  58.45   0.00  93.25  67.77  99.92  62922 1527.797   167  233.922 1761.719
        84436.9   0.00  34.90  13.59  67.90  99.92  62931 1528.066   167  233.922 1761.988
        84446.9   0.00  32.63  44.94  68.00  99.92  62939 1528.229   167  233.922 1762.151
        84456.9   0.00  17.36  22.49  68.06  99.92  62947 1528.383   167  233.922 1762.305
        84467.0   0.00  52.84  34.42  68.07  99.92  62955 1528.567   167  233.922 1762.490
Timestamp         S0     S1     E      O      P     YGC     YGCT    FGC    FGCT     GCT   
        84477.0  68.59   0.00  66.28  68.08  99.92  62962 1528.728   167  233.922 1762.651
        84487.0  63.58   0.00  42.80  68.13  99.92  62970 1528.907   167  233.922 1762.829
        84497.0 100.00   0.00  28.41  68.39  99.92  62978 1529.145   167  233.922 1763.068
        84506.9   0.00  68.65  82.72  68.41  99.92  62985 1529.300   167  233.922 1763.222
        84517.0   0.00  70.95  40.93  68.68  99.92  62993 1529.474   167  233.922 1763.396
        84527.0  38.61   0.00  81.38  68.70  99.92  63000 1529.594   167  233.922 1763.516
        84537.0   0.00  68.29  89.91  68.71  99.92  63007 1529.798   167  233.922 1763.720
        84546.9   0.00  75.15  27.10  68.72  99.92  63015 1529.964   167  233.922 1763.887
        84556.9   0.00  47.95  17.53  68.75  99.92  63023 1530.148   167  233.922 1764.071
        84567.0  84.87   0.00  90.72  68.81  99.92  63030 1530.283   167  233.922 1764.206
Timestamp         S0     S1     E      O      P     YGC     YGCT    FGC    FGCT     GCT   
        84577.0  72.80   0.00  78.46  68.89  99.92  63038 1530.517   167  233.922 1764.439
        84587.0 100.00   0.00  36.34  68.98  99.92  63046 1530.703   167  233.922 1764.626
        84597.0  70.93   0.00  27.82  71.24  99.92  63054 1530.966   167  233.922 1764.888
        84607.0  83.00   0.00  26.30  71.37  99.92  63062 1531.221   167  233.922 1765.144
        84617.0  23.42   0.00  37.26  72.26  99.92  63070 1531.414   167  233.922 1765.336
        84627.0  23.69   0.00  38.64  72.45  99.92  63078 1531.607   167  233.922 1765.530
        84637.0  21.10   0.00   0.20  72.50  99.92  63086 1531.785   167  233.922 1765.708
        84647.0   0.00  69.23  94.61  72.52  99.92  63093 1531.926   167  233.922 1765.849
        84657.0   0.00  79.17  71.37  72.53  99.92  63101 1532.098   167  233.922 1766.020
        84667.0   0.00  43.27  34.93  72.60  99.92  63109 1532.265   167  233.922 1766.187
Timestamp         S0     S1     E      O      P     YGC     YGCT    FGC    FGCT     GCT   
        84677.0  52.08   0.00  67.42  72.63  99.92  63116 1532.385   167  233.922 1766.308
        84687.0  75.44   0.00   9.86  72.68  99.92  63124 1532.549   167  233.922 1766.471
        84697.0   0.00  66.93  78.71  72.74  99.92  63131 1532.725   167  233.922 1766.647
        84707.0   0.00 100.00  47.06  72.76  99.92  63139 1532.901   167  233.922 1766.824
        84717.0   0.00  99.86  19.37  76.25  99.92  63147 1533.185   167  233.922 1767.108
        84727.0   0.00  63.94  48.49  76.26  99.92  63155 1533.423   167  233.922 1767.345
        84737.0   8.38   0.00   0.00  77.43  99.92  63164 1533.681   168  233.922 1767.604
        84747.0   0.00  59.68  67.13  12.34  99.92  63171 1533.849   168  235.219 1769.068
        84757.0   0.00  73.05  73.14  12.34  99.92  63179 1534.089   168  235.219 1769.309
        84767.0   0.00  26.61  42.13  12.82  99.92  63187 1534.251   168  235.219 1769.471
Timestamp         S0     S1     E      O      P     YGC     YGCT    FGC    FGCT     GCT   
        84777.0  57.68   0.00  98.94  12.91  99.92  63194 1534.381   168  235.219 1769.601
        84787.0  79.46   0.00  79.31  12.94  99.92  63200 1537.129   168  235.219 1772.348
        84797.0  69.36   0.00  77.97  13.10  99.92  63208 1537.319   168  235.219 1772.538
        84807.0  29.35   0.00  68.66  13.10  99.92  63216 1537.484   168  235.219 1772.704
        84817.0  43.84   0.00  58.33  13.15  99.92  63224 1537.638   168  235.219 1772.858
        84827.0  58.17   0.00  21.82  13.17  99.92  63232 1537.786   168  235.219 1773.006
        84837.0   0.00  46.56  64.43  13.19  99.92  63239 1537.941   168  235.219 1773.160
        84847.0   0.00  99.64  21.30  13.21  99.92  63247 1538.134   168  235.219 1773.353
        84857.0   0.00  99.86  35.19  16.36  99.92  63255 1538.393   168  235.219 1773.613
        84867.0   0.00  99.85  72.60  16.39  99.92  63263 1538.661   168  235.219 1773.881
Timestamp         S0     S1     E      O      P     YGC     YGCT    FGC    FGCT     GCT   
        84877.0  12.22   0.00  15.50  17.51  99.92  63272 1538.869   168  235.219 1774.089
        84887.0  30.53   0.00  52.20  17.54  99.92  63280 1539.028   168  235.219 1774.248
        84897.0  61.76   0.00  17.00  17.56  99.92  63288 1539.204   168  235.219 1774.424
        84907.0  54.86   0.00   7.80  17.57  99.92  63296 1539.404   168  235.219 1774.623
        84917.1  64.25   0.00  30.11  17.59  99.92  63304 1539.593   168  235.219 1774.812
        84927.0   0.00  53.92  98.44  17.65  99.92  63312 1539.720   168  235.219 1774.939
        84937.0   0.00  53.83  50.08  17.67  99.92  63319 1539.899   168  235.219 1775.119
        84947.1   0.00  72.44  15.31  17.69  99.92  63327 1540.045   168  235.219 1775.265
        84957.1  85.68   0.00  60.47  17.79  99.92  63334 1540.169   168  235.219 1775.389
        84967.0  85.50   0.00  63.77  18.11  99.92  63342 1540.446   168  235.219 1775.665
Timestamp         S0     S1     E      O      P     YGC     YGCT    FGC    FGCT     GCT   
        84977.0  55.61   0.00  34.96  18.16  99.92  63350 1540.645   168  235.219 1775.865
        84987.0  45.23   0.00  24.16  18.67  99.92  63358 1540.837   168  235.219 1776.057
        84997.0  46.54   0.00   0.00  18.69  99.92  63366 1541.022   168  235.219 1776.241
        85007.0   0.00  60.04  80.32  18.73  99.92  63373 1541.172   168  235.219 1776.392
        85017.0   0.00 100.00  56.99  18.86  99.92  63381 1541.363   168  235.219 1776.582
        85027.1   0.00  71.59  62.45  18.91  99.92  63389 1541.673   168  235.219 1776.893
        85037.1   0.00  75.90  64.41  19.06  99.92  63397 1541.902   168  235.219 1777.121
        85047.0   0.00  39.27  54.21  19.08  99.92  63405 1542.142   168  235.219 1777.362
        85057.1   0.00  47.29  54.03  19.19  99.92  63413 1542.329   168  235.219 1777.549
        85067.0   0.00  67.17  24.84  19.24  99.92  63421 1542.459   168  235.219 1777.678
Timestamp         S0     S1     E      O      P     YGC     YGCT    FGC    FGCT     GCT   
        85077.0  53.96   0.00  95.59  19.25  99.92  63428 1542.612   168  235.219 1777.831
        85087.1  43.41   0.00  66.59  19.27  99.92  63436 1542.778   168  235.219 1777.998
        85097.1  41.22   0.00  13.61  19.40  99.92  63444 1542.981   168  235.219 1778.200
        85107.1   0.00  99.55  77.52  19.42  99.92  63451 1543.112   168  235.219 1778.332
        85117.1   0.00 100.00  46.27  20.06  99.92  63459 1543.278   168  235.219 1778.497
        85127.1   0.00  99.80   2.23  20.25  99.92  63467 1543.458   168  235.219 1778.677
        85137.1  55.56   0.00  35.67  20.71  99.92  63474 1543.677   168  235.219 1778.896
        85147.0  34.26   0.00   3.16  20.89  99.92  63482 1543.921   168  235.219 1779.140
        85157.1   0.00  36.47  80.96  20.91  99.92  63489 1544.060   168  235.219 1779.279
        85167.1   0.00  29.60   8.34  20.93  99.92  63497 1544.204   168  235.219 1779.423
Timestamp         S0     S1     E      O      P     YGC     YGCT    FGC    FGCT     GCT   
        85177.1  67.24   0.00  56.30  20.94  99.92  63504 1544.354   168  235.219 1779.574
        85187.0  66.47   0.00  25.99  20.99  99.92  63512 1544.529   168  235.219 1779.748
        85197.1   0.00  70.29 100.00  21.12  99.92  63520 1544.668   168  235.219 1779.887
        85207.1   0.00  38.42  68.72  21.20  99.92  63527 1544.826   168  235.219 1780.045
        85217.1   0.00  38.28  19.99  21.22  99.92  63535 1545.016   168  235.219 1780.235
        85227.1  78.87   0.00  81.19  21.24  99.92  63542 1545.165   168  235.219 1780.385
        85237.0  69.76   0.00  36.80  21.26  99.92  63550 1545.330   168  235.219 1780.550
        85247.1   0.00  51.96  77.50  21.28  99.92  63557 1545.433   168  235.219 1780.653
        85257.1   0.00 100.00  39.67  21.30  99.92  63565 1545.600   168  235.219 1780.820
        85267.0  52.37   0.00  81.45  21.31  99.92  63572 1545.745   168  235.219 1780.965
Timestamp         S0     S1     E      O      P     YGC     YGCT    FGC    FGCT     GCT   
        85277.0  70.11   0.00  25.10  21.47  99.92  63580 1545.908   168  235.219 1781.127
        85287.0  75.93   0.00   1.38  21.49  99.92  63588 1546.070   168  235.219 1781.289
        85297.0   0.00 100.00  66.09  21.51  99.92  63595 1546.218   168  235.219 1781.437
        85307.0   0.00  69.49  51.31  21.65  99.92  63603 1546.386   168  235.219 1781.606
        85317.0  36.52   0.00  92.37  21.66  99.92  63610 1546.500   168  235.219 1781.719
        85327.1  46.76   0.00  34.47  21.71  99.92  63618 1546.647   168  235.219 1781.866
        85337.0   0.00  60.54  81.14  21.72  99.92  63625 1546.803   168  235.219 1782.022
        85347.1   0.00  99.52  27.83  21.73  99.92  63633 1546.996   168  235.219 1782.215
        85357.1  41.37   0.00  93.59  21.86  99.92  63640 1547.131   168  235.219 1782.350
        85367.0  59.94   0.00  55.70  21.89  99.92  63648 1547.275   168  235.219 1782.494
Timestamp         S0     S1     E      O      P     YGC     YGCT    FGC    FGCT     GCT   
        85377.1  79.23   0.00  14.61  21.97  99.92  63656 1547.458   168  235.219 1782.677
        85387.0   0.00  79.07  76.65  21.97  99.92  63663 1547.659   168  235.219 1782.878
        85397.0   0.00  63.40  26.86  22.18  99.92  63671 1547.822   168  235.219 1783.042
        85407.1  44.35   0.00  90.08  22.19  99.92  63678 1547.974   168  235.219 1783.193
        85417.1  31.58   0.00  60.64  22.27  99.92  63686 1548.137   168  235.219 1783.356
        85427.1   0.00  61.56  76.16  22.28  99.92  63693 1548.270   168  235.219 1783.490
        85437.0   0.00 100.00   5.19  22.34  99.92  63701 1548.430   168  235.219 1783.649
        85447.1  76.92   0.00  74.06  22.36  99.92  63708 1548.576   168  235.219 1783.795
        85457.0  62.07   0.00  27.83  22.39  99.92  63716 1548.741   168  235.219 1783.960
        85467.1  44.57   0.00   9.52  22.53  99.92  63724 1548.900   168  235.219 1784.119
Timestamp         S0     S1     E      O      P     YGC     YGCT    FGC    FGCT     GCT   
        85477.1   0.00 100.00  88.69  22.58  99.92  63731 1549.062   168  235.219 1784.281
        85487.1   0.00  48.44  21.10  22.66  99.92  63739 1549.207   168  235.219 1784.426
        85497.0  88.83   0.00  80.76  22.78  99.92  63746 1549.352   168  235.219 1784.571
        85507.1   0.00  66.67  97.66  22.80  99.92  63753 1549.483   168  235.219 1784.702
        85517.1   0.00  65.59  12.55  22.83  99.92  63761 1549.646   168  235.219 1784.865
        85527.0  78.53   0.00  58.92  22.89  99.92  63768 1549.776   168  235.219 1784.995
        85537.1  75.79   0.00   4.54  22.90  99.92  63776 1549.940   168  235.219 1785.159
        85547.1   0.00  46.99  72.94  22.96  99.92  63783 1550.106   168  235.219 1785.326
        85557.1  87.80   0.00  91.71  23.04  99.92  63790 1550.247   168  235.219 1785.466
        85567.1  71.52   0.00  37.23  23.09  99.92  63798 1550.426   168  235.219 1785.646
Timestamp         S0     S1     E      O      P     YGC     YGCT    FGC    FGCT     GCT   
        85577.1   0.00  40.43  96.28  23.10  99.92  63805 1550.577   168  235.219 1785.796
        85587.1   0.00 100.00  47.82  23.22  99.92  63813 1550.746   168  235.219 1785.966
        85597.1   0.00  75.25  14.23  23.23  99.92  63821 1550.918   168  235.219 1786.137
        85607.1  51.66   0.00  66.60  23.36  99.92  63828 1551.054   168  235.219 1786.273
        85617.1   0.00  77.06  92.45  23.40  99.92  63835 1551.207   168  235.219 1786.426
        85627.1   0.00  81.37  15.87  23.41  99.92  63843 1551.426   168  235.219 1786.645
        85637.1 100.00   0.00  56.51  23.46  99.92  63850 1551.569   168  235.219 1786.789
        85647.1   0.00  55.80  68.73  23.49  99.92  63857 1551.719   168  235.219 1786.939
        85657.1   0.00 100.00   0.00  23.52  99.92  63865 1551.887   168  235.219 1787.106
        85667.1  63.64   0.00  59.58  23.56  99.92  63872 1552.015   168  235.219 1787.235
Timestamp         S0     S1     E      O      P     YGC     YGCT    FGC    FGCT     GCT   
        85677.1  61.04   0.00  13.44  23.58  99.92  63880 1552.202   168  235.219 1787.421
        85687.1   0.00  86.08  64.95  23.59  99.92  63887 1552.354   168  235.219 1787.574
        85697.1   0.00  67.27  38.90  23.71  99.92  63895 1552.546   168  235.219 1787.766
        85707.1   0.00  82.16  20.31  23.72  99.92  63903 1552.694   168  235.219 1787.913
        85717.1   0.00  67.82  20.60  23.76  99.92  63911 1552.844   168  235.219 1788.063
        85727.1  73.26   0.00  73.62  23.78  99.92  63918 1552.992   168  235.219 1788.211
        85737.1  57.51   0.00  34.35  23.81  99.92  63926 1553.172   168  235.219 1788.391
        85747.1   0.00  57.11  97.47  23.82  99.92  63933 1553.311   168  235.219 1788.531
        85757.1   0.00  99.64  41.74  23.90  99.92  63941 1553.479   168  235.219 1788.698
        85767.1 100.00  46.29 100.00  24.02  99.92  63949 1553.626   168  235.219 1788.845
Timestamp         S0     S1     E      O      P     YGC     YGCT    FGC    FGCT     GCT   
        85777.1  75.94   0.00  94.97  24.06  99.92  63956 1553.824   168  235.219 1789.043
        85787.1   0.00  59.03  10.70  24.38  99.92  63965 1554.151   168  235.219 1789.371
        85797.1  61.65   0.00  92.56  24.47  99.92  63972 1554.315   168  235.219 1789.534
        85807.1  56.05   0.00  73.05  24.68  99.92  63980 1554.491   168  235.219 1789.710
        85817.1  56.07   0.00  17.09  24.72  99.92  63988 1554.665   168  235.219 1789.884
        85827.1   0.00 100.00  86.03  24.77  99.92  63995 1554.857   168  235.219 1790.076
        85837.1   0.00  54.79  32.20  24.78  99.92  64003 1554.997   168  235.219 1790.217
        85847.1  76.11   0.00  73.39  24.80  99.92  64010 1555.154   168  235.219 1790.373
        85857.1  74.53   0.00   0.00  24.81  99.92  64018 1555.327   168  235.219 1790.547
        85867.1   0.00  47.70  45.88  24.83  99.92  64025 1555.448   168  235.219 1790.667
Timestamp         S0     S1     E      O      P     YGC     YGCT    FGC    FGCT     GCT   
        85877.1   0.00 100.00   8.25  25.91  99.92  64033 1555.657   168  235.219 1790.876
        85887.1   0.00  59.19   6.73  25.94  99.92  64041 1555.892   168  235.219 1791.112
        85897.1  54.02   0.00  79.18  26.63  99.92  64048 1556.085   168  235.219 1791.304
        85907.1  49.29   0.00  75.50  26.72  99.92  64056 1556.240   168  235.219 1791.459
        85917.1  55.19   0.00  65.66  26.73  99.92  64064 1556.379   168  235.219 1791.598
        85927.1  44.31   0.00  43.35  26.76  99.92  64072 1556.566   168  235.219 1791.785
        85937.1   0.00  99.30  86.50  26.78  99.92  64079 1556.696   168  235.219 1791.915
        85947.1   0.00  70.90  29.33  26.88  99.92  64087 1556.864   168  235.219 1792.084
        85957.1   0.00  99.72   7.00  26.90  99.92  64095 1557.082   168  235.219 1792.301
        85967.1  59.95   0.00  68.14  26.95  99.92  64102 1557.231   168  235.219 1792.450
Timestamp         S0     S1     E      O      P     YGC     YGCT    FGC    FGCT     GCT   
        85977.1  85.12   0.00  27.18  27.12  99.92  64110 1557.428   168  235.219 1792.647
        85987.1  55.19   0.00   4.95  27.15  99.92  64118 1557.595   168  235.219 1792.814
        85997.1   0.00  40.73  71.11  27.27  99.92  64125 1557.775   168  235.219 1792.994
        86007.1  41.07   0.00  76.18  27.29  99.92  64132 1557.882   168  235.219 1793.102
        86017.1  66.93   0.00  20.23  27.35  99.92  64140 1558.043   168  235.219 1793.262
        86027.1   0.00  99.52  99.04  27.39  99.92  64147 1558.217   168  235.219 1793.436
        86037.1   0.00  41.03  23.84  27.40  99.92  64155 1558.391   168  235.219 1793.610
        86047.1  80.79   0.00  94.28  27.43  99.92  64162 1558.524   168  235.219 1793.743
        86057.1  91.76   0.00  72.42  27.45  99.92  64170 1558.702   168  235.219 1793.922
        86067.1  90.00   0.00   8.92  27.50  99.92  64178 1558.966   168  235.219 1794.185
Timestamp         S0     S1     E      O      P     YGC     YGCT    FGC    FGCT     GCT   
        86077.1   0.00  71.91  58.25  27.62  99.92  64185 1559.115   168  235.219 1794.335
        86087.1   0.00  52.63   7.11  27.64  99.92  64193 1559.351   168  235.219 1794.570
        86097.1  63.82   0.00  61.73  27.66  99.92  64200 1559.478   168  235.219 1794.698
        86107.1  74.16   0.00  13.72  27.67  99.92  64208 1559.652   168  235.219 1794.871
        86117.1   0.00  51.48  67.43  27.71  99.92  64215 1559.793   168  235.219 1795.013
        86127.1   0.00  39.20   0.00  27.75  99.92  64223 1559.932   168  235.219 1795.151
        86137.1  60.74   0.00  61.35  27.76  99.92  64230 1560.073   168  235.219 1795.293
        86147.1  37.89   0.00  12.94  27.78  99.92  64238 1560.242   168  235.219 1795.461
        86157.1   0.00  50.00  32.70  27.82  99.92  64245 1560.373   168  235.219 1795.593
        86167.1  38.39   0.00  92.27  27.87  99.92  64252 1560.508   168  235.219 1795.728
Timestamp         S0     S1     E      O      P     YGC     YGCT    FGC    FGCT     GCT   
        86177.1  52.36   0.00   1.26  27.90  99.92  64260 1560.664   168  235.219 1795.884
        86187.1   0.00 100.00  87.10  27.94  99.92  64267 1560.813   168  235.219 1796.033
        86197.1   0.00  99.75  71.07  27.99  99.92  64275 1561.069   168  235.219 1796.289
        86207.1   0.00  99.86  79.75  28.78  99.92  64283 1561.320   168  235.219 1796.539
        86217.1   0.00  76.54  82.47  28.84  99.92  64291 1561.576   168  235.219 1796.796
        86227.1  33.33   0.00   5.65  29.89  99.92  64300 1561.770   168  235.219 1796.989
        86237.1  50.82   0.00  22.01  29.94  99.92  64308 1561.987   168  235.219 1797.206
        86247.1  44.22   0.00  20.40  29.96  99.92  64316 1562.167   168  235.219 1797.386
        86257.1  60.00   0.00  30.14  29.99  99.92  64324 1562.351   168  235.219 1797.571
        86267.1  34.79   0.00  33.39  30.01  99.92  64332 1562.513   168  235.219 1797.732
Timestamp         S0     S1     E      O      P     YGC     YGCT    FGC    FGCT     GCT   
        86277.1   0.00  99.71  47.81  30.03  99.92  64339 1562.654   168  235.219 1797.873
        86287.1   0.00  73.70  61.42  30.05  99.92  64347 1562.871   168  235.219 1798.090
        86297.1   0.00  40.38  12.00  30.08  99.92  64355 1563.028   168  235.219 1798.247
        86307.1  67.99   0.00  61.32  30.16  99.92  64362 1563.184   168  235.219 1798.404
        86317.1  59.70   0.00  36.53  30.19  99.92  64370 1563.344   168  235.219 1798.564
        86327.1  50.56   0.00  29.63  30.23  99.92  64378 1563.519   168  235.219 1798.739
        86337.1   0.00  37.28  66.93  30.25  99.92  64385 1563.663   168  235.219 1798.882
        86347.1  92.33   0.00  89.38  30.27  99.92  64392 1563.784   168  235.219 1799.003
        86357.1  45.00   0.00  41.48  30.29  99.92  64400 1563.957   168  235.219 1799.176
        86367.1   0.00  46.69  34.38  30.35  99.92  64407 1564.136   168  235.219 1799.356
Timestamp         S0     S1     E      O      P     YGC     YGCT    FGC    FGCT     GCT   
        86377.1  61.42   0.00  78.64  30.38  99.92  64414 1564.306   168  235.219 1799.525
        86387.1  65.29   0.00  76.43  30.47  99.92  64422 1564.463   168  235.219 1799.682
        86397.1  61.39   0.00  87.44  33.00  99.92  64430 1564.751   168  235.219 1799.970
        86407.1   0.00  99.80   6.00  33.68  99.92  64439 1565.058   168  235.219 1800.278
        86417.1   0.00  24.75  36.54  34.15  99.92  64447 1565.286   168  235.219 1800.505
        86427.1   0.00  21.75  11.62  34.18  99.92  64455 1565.412   168  235.219 1800.631
        86437.1  54.23   0.00  96.62  34.19  99.92  64463 1565.556   168  235.219 1800.775
        86447.1  35.88   0.00  63.53  34.21  99.92  64470 1565.727   168  235.219 1800.946
        86457.1   0.00  54.55  84.29  34.28  99.92  64477 1565.854   168  235.219 1801.073
        86467.2   0.00  36.49  14.44  34.35  99.92  64485 1565.997   168  235.219 1801.216
Timestamp         S0     S1     E      O      P     YGC     YGCT    FGC    FGCT     GCT   
        86477.1  59.34   0.00  42.05  34.38  99.92  64492 1566.153   168  235.219 1801.373
        86487.1   0.00  45.51  63.78  34.42  99.92  64499 1566.300   168  235.219 1801.519
        86497.1   0.00 100.00  23.20  34.46  99.92  64507 1566.432   168  235.219 1801.652
        86507.1   0.00 100.00  10.99  35.25  99.92  64515 1566.636   168  235.219 1801.856
        86517.1  86.68   0.00  81.20  35.30  99.92  64522 1566.842   168  235.219 1802.062
        86527.1  56.81   0.00  89.43  35.75  99.92  64530 1567.100   168  235.219 1802.319
        86537.1   0.00  31.14   4.51  35.92  99.92  64539 1567.283   168  235.219 1802.502
        86547.1   0.00  32.12   0.00  36.06  99.92  64547 1567.428   168  235.219 1802.648
        86557.2  49.38   0.00  88.75  36.09  99.92  64554 1567.576   168  235.219 1802.795
        86567.1  53.14   0.00  49.86  36.11  99.92  64562 1567.727   168  235.219 1802.946
Timestamp         S0     S1     E      O      P     YGC     YGCT    FGC    FGCT     GCT   
        86577.2   0.00  74.86  95.48  36.13  99.92  64569 1567.866   168  235.219 1803.085
        86587.1   0.00  54.23  44.75  36.14  99.92  64577 1568.028   168  235.219 1803.248
        86597.2   0.00 100.00  11.56  36.18  99.92  64585 1568.188   168  235.219 1803.407
        86607.1  80.69   0.00  93.13  36.20  99.92  64592 1568.346   168  235.219 1803.565
        86617.2  72.75   0.00  79.77  37.53  99.92  64600 1568.591   168  235.219 1803.810
        86627.1  41.18   0.00  48.62  37.94  99.92  64608 1568.790   168  235.219 1804.009
        86637.2  71.71   0.00  38.74  38.45  99.92  64616 1568.989   168  235.219 1804.208
        86647.1  44.59   0.00  35.34  38.47  99.92  64624 1569.189   168  235.219 1804.408
        86657.1  61.69   0.00  31.61  38.69  99.92  64632 1569.390   168  235.219 1804.610
        86667.2  46.34   0.00  27.42  38.77  99.92  64640 1569.619   168  235.219 1804.839
Timestamp         S0     S1     E      O      P     YGC     YGCT    FGC    FGCT     GCT   
        86677.2   0.00  63.38  96.23  38.79  99.92  64647 1569.754   168  235.219 1804.974
        86687.2   0.00 100.00  68.37  38.85  99.92  64655 1569.925   168  235.219 1805.145
        86697.2   0.00  59.49   0.00  38.90  99.92  64663 1570.087   168  235.219 1805.307
        86707.2  34.22   0.00  51.43  39.01  99.92  64670 1570.250   168  235.219 1805.470
        86717.1  54.88   0.00  10.46  39.03  99.92  64678 1570.401   168  235.219 1805.620
        86727.1   0.00  40.42  41.20  39.05  99.92  64685 1570.527   168  235.219 1805.747
        86737.2   0.00  85.67   6.17  39.08  99.92  64693 1570.698   168  235.219 1805.918
        86747.1  43.43   0.00  82.37  39.09  99.92  64700 1570.885   168  235.219 1806.104
        86757.1 100.00   0.00  28.90  39.36  99.92  64708 1571.060   168  235.219 1806.279
        86767.1  53.39   0.00  40.27  41.64  99.92  64716 1571.314   168  235.219 1806.534
Timestamp         S0     S1     E      O      P     YGC     YGCT    FGC    FGCT     GCT   
        86777.2  59.02   0.00  76.15  41.82  99.92  64724 1571.534   168  235.219 1806.753
        86787.2  40.64   0.00  94.15  42.66  99.92  64732 1571.710   168  235.219 1806.930
        86797.1  19.45   0.00  74.93  42.70  99.92  64740 1571.863   168  235.219 1807.082
        86807.1  20.69   0.00  45.09  42.75  99.92  64748 1572.037   168  235.219 1807.256
        86817.2  27.10  71.63 100.00  42.76  99.92  64756 1572.174   168  235.219 1807.394
        86827.2   0.00  65.75  43.22  42.78  99.92  64763 1572.445   168  235.219 1807.664
        86837.2 100.00   0.00  95.71  43.51  99.92  64770 1572.622   168  235.219 1807.841
        86847.1  70.74   0.00  75.42  43.52  99.92  64778 1572.818   168  235.219 1808.037
        86857.2  24.57   0.00   3.30  44.12  99.92  64786 1573.009   168  235.219 1808.228
        86867.1   0.00  27.86  75.73  44.15  99.92  64793 1573.139   168  235.219 1808.359
Timestamp         S0     S1     E      O      P     YGC     YGCT    FGC    FGCT     GCT   
        86877.1   0.00  48.66  56.34  44.18  99.92  64801 1573.414   168  235.219 1808.633
        86887.2   0.00 100.00  46.72  44.23  99.92  64809 1573.602   168  235.219 1808.822
        86897.2   0.00 100.00  42.32  45.40  99.92  64817 1573.821   168  235.219 1809.040
        86907.1   0.00 100.00  44.67  45.40  99.92  64825 1574.047   168  235.219 1809.267
        86917.2   0.00  41.21  79.37  46.27  99.92  64833 1574.258   168  235.219 1809.477
        86927.2   0.00 100.00  81.71  46.30  99.92  64841 1574.412   168  235.219 1809.631
        86937.2   0.00  33.54  50.66  46.31  99.92  64849 1574.606   168  235.219 1809.826
        86947.2   0.00  52.09  17.90  46.33  99.92  64857 1574.743   168  235.219 1809.962
        86957.2  57.69   0.00  84.37  46.35  99.92  64864 1574.888   168  235.219 1810.108
        86967.2  42.01   0.00  48.78  46.39  99.92  64872 1575.099   168  235.219 1810.319
Timestamp         S0     S1     E      O      P     YGC     YGCT    FGC    FGCT     GCT   
        86977.2  75.51   0.00  15.17  46.41  99.92  64880 1575.290   168  235.219 1810.509
        86987.2   0.00  68.99  74.22  46.50  99.92  64887 1575.418   168  235.219 1810.638
        86997.2   0.00  89.64  38.57  46.52  99.92  64895 1575.586   168  235.219 1810.805
        87007.2  49.49   0.00  85.44  46.57  99.92  64902 1575.771   168  235.219 1810.990
        87017.2  75.26   0.00  64.72  46.70  99.92  64910 1575.968   168  235.219 1811.187
        87027.2  46.11   0.00   7.82  46.73  99.92  64918 1576.117   168  235.219 1811.337
        87037.2   0.00  77.08  61.26  46.77  99.92  64925 1576.265   168  235.219 1811.485
        87047.2   0.00  74.05  35.42  46.84  99.92  64933 1576.433   168  235.219 1811.652
        87057.2 100.00   0.00  85.65  47.41  99.92  64940 1576.590   168  235.219 1811.810
        87067.2  87.00   0.00  75.66  47.43  99.92  64948 1576.788   168  235.219 1812.008
Timestamp         S0     S1     E      O      P     YGC     YGCT    FGC    FGCT     GCT   
        87077.2  28.70   0.00  83.44  48.06  99.92  64956 1577.018   168  235.219 1812.237
        87087.2  15.76   0.00  76.57  48.08  99.92  64964 1577.149   168  235.219 1812.369
        87097.2  25.00   0.00  26.99  48.19  99.92  64972 1577.308   168  235.219 1812.527
        87107.2   0.00  57.78  97.81  48.20  99.92  64979 1577.493   168  235.219 1812.712
        87117.2   0.00 100.00  62.87  48.31  99.92  64987 1577.687   168  235.219 1812.906
        87127.2   0.00 100.00  48.90  48.35  99.92  64995 1577.898   168  235.219 1813.117
        87137.2   0.00  28.49  24.21  48.60  99.92  65003 1578.154   168  235.219 1813.373
        87147.2   0.00  55.53   2.35  48.62  99.92  65011 1578.336   168  235.219 1813.555
        87157.2  56.44   0.00  65.80  48.64  99.92  65018 1578.462   168  235.219 1813.682
        87167.2  57.83   0.00  45.55  48.66  99.92  65026 1578.637   168  235.219 1813.857
Timestamp         S0     S1     E      O      P     YGC     YGCT    FGC    FGCT     GCT   
        87177.2   0.00  99.45  77.05  48.68  99.92  65033 1578.784   168  235.219 1814.004
        87187.2   0.00 100.00   0.00  48.71  99.92  65041 1578.931   168  235.219 1814.150
        87197.2  56.21   0.00  68.95  48.72  99.92  65048 1579.052   168  235.219 1814.272
        87207.2  51.62   0.00   7.76  48.77  99.92  65056 1579.223   168  235.219 1814.443
        87217.2   0.00  46.07  45.35  48.79  99.92  65063 1579.354   168  235.219 1814.573
        87227.2  46.01   0.00  65.32  48.81  99.92  65070 1579.495   168  235.219 1814.715
        87237.2   0.00 100.00  63.15  48.86  99.92  65077 1579.650   168  235.219 1814.870
        87247.2  79.37   0.00  98.98  48.88  99.92  65084 1579.784   168  235.219 1815.003
        87257.2  81.34   0.00  75.81  50.43  99.92  65092 1580.000   168  235.219 1815.219
        87267.2  77.89   0.00  67.79  50.44  99.92  65100 1580.220   168  235.219 1815.440
Timestamp         S0     S1     E      O      P     YGC     YGCT    FGC    FGCT     GCT   
        87277.2  49.66   0.00  69.32  51.05  99.92  65108 1580.406   168  235.219 1815.626
        87287.2  31.63   0.00  56.48  51.07  99.92  65116 1580.565   168  235.219 1815.784
        87297.2  58.45   0.00  20.94  51.11  99.92  65124 1580.754   168  235.219 1815.973
        87307.2   0.00  69.37  85.68  51.12  99.92  65131 1580.883   168  235.219 1816.102
        87317.2   0.00 100.00   7.85  51.19  99.92  65139 1581.017   168  235.219 1816.236
        87327.2  69.03   0.00  80.82  51.21  99.92  65146 1581.209   168  235.219 1816.429
        87337.2  73.82   0.00  41.24  51.23  99.92  65154 1581.378   168  235.219 1816.597
        87347.2   0.00  51.22  50.01  51.24  99.92  65161 1581.526   168  235.219 1816.746
        87357.2  98.28   0.00  71.43  51.26  99.92  65168 1581.687   168  235.219 1816.906
        87367.2  70.42   0.00  12.25  51.28  99.92  65176 1581.857   168  235.219 1817.077
Timestamp         S0     S1     E      O      P     YGC     YGCT    FGC    FGCT     GCT   
        87377.2   0.00  70.39  87.15  51.31  99.92  65183 1582.036   168  235.219 1817.255
        87387.2   0.00 100.00  86.67  52.63  99.92  65191 1582.241   168  235.219 1817.461
        87397.2   0.00  64.36  82.07  52.67  99.92  65199 1582.470   168  235.219 1817.690
        87407.2   0.00  23.21  59.19  53.40  99.92  65207 1582.663   168  235.219 1817.882
        87417.2   0.00  60.65  55.31  53.42  99.92  65215 1582.888   168  235.219 1818.108
        87427.2   0.00  99.75  56.68  53.45  99.92  65223 1583.101   168  235.219 1818.320
        87437.2   0.00  37.60  38.55  53.60  99.92  65231 1583.282   168  235.219 1818.501
        87447.2  40.68  10.17 100.00  53.67  99.92  65239 1583.507   168  235.219 1818.726
        87457.2  40.33   0.00  79.65  53.68  99.92  65246 1583.681   168  235.219 1818.900
        87467.2  51.73   0.00  40.93  53.70  99.92  65254 1583.830   168  235.219 1819.050
Timestamp         S0     S1     E      O      P     YGC     YGCT    FGC    FGCT     GCT   
        87477.2  79.41   0.00   8.66  53.72  99.92  65262 1583.985   168  235.219 1819.204
        87487.2  69.76   0.00  33.09  56.19  99.92  65270 1584.253   168  235.219 1819.472
        87497.2  59.22   0.00  39.56  56.43  99.92  65278 1584.517   168  235.219 1819.736
        87507.3  48.58   0.00  66.89  57.22  99.92  65286 1584.741   168  235.219 1819.961
        87517.2  18.70   0.00  64.75  57.27  99.92  65294 1584.984   168  235.219 1820.204
        87527.2  32.56   0.00  31.09  57.29  99.92  65302 1585.141   168  235.219 1820.361
        87537.2  69.91   0.00   8.94  57.35  99.92  65310 1585.389   168  235.219 1820.608
        87547.2   0.00  54.53  88.66  57.37  99.92  65317 1585.574   168  235.219 1820.793
        87557.3   0.00  35.17  65.62  57.46  99.92  65325 1585.752   168  235.219 1820.972
        87567.2   0.00  46.00  41.10  57.49  99.92  65333 1585.907   168  235.219 1821.127
Timestamp         S0     S1     E      O      P     YGC     YGCT    FGC    FGCT     GCT   
        87577.2   0.00 100.00  23.36  57.51  99.92  65341 1586.102   168  235.219 1821.321
        87587.2  39.39   0.00  89.44  57.53  99.92  65348 1586.239   168  235.219 1821.459
        87597.2  57.97   0.00  71.80  57.57  99.92  65356 1586.416   168  235.219 1821.636
        87607.2  50.55   0.00  52.13  57.59  99.92  65364 1586.588   168  235.219 1821.807
        87617.2  52.05   0.00  33.26  57.66  99.92  65372 1586.807   168  235.219 1822.027
        87627.3   0.00  44.12  98.15  57.69  99.92  65379 1586.945   168  235.219 1822.165
        87637.2   0.00  85.86  66.57  57.81  99.92  65387 1587.110   168  235.219 1822.330
        87647.2   0.00  99.37  41.82  57.84  99.92  65395 1587.282   168  235.219 1822.502
        87657.2  73.16   0.00  47.07  57.86  99.92  65402 1587.428   168  235.219 1822.647
        87667.3  94.03   0.00  25.47  58.45  99.92  65410 1587.662   168  235.219 1822.881
Timestamp         S0     S1     E      O      P     YGC     YGCT    FGC    FGCT     GCT   
        87677.3   0.00 100.00  80.21  58.47  99.92  65417 1587.850   168  235.219 1823.069
        87687.2   0.00  32.21  63.15  58.71  99.92  65425 1588.103   168  235.219 1823.323
        87697.3   0.00  58.46  55.99  58.75  99.92  65433 1588.325   168  235.219 1823.545
        87707.3  23.15   0.00  94.78  58.81  99.92  65440 1588.484   168  235.219 1823.704
        87717.2  68.72   0.00  29.93  58.81  99.92  65448 1588.651   168  235.219 1823.871
        87727.2  50.27   0.00   1.08  58.84  99.92  65456 1588.841   168  235.219 1824.060
        87737.3   0.00  54.31  69.12  58.86  99.92  65463 1589.020   168  235.219 1824.240
        87747.3   0.00  58.58  61.39  58.93  99.92  65471 1589.232   168  235.219 1824.451
        87757.3   0.00  33.07  35.01  58.95  99.92  65479 1589.412   168  235.219 1824.632
        87767.2  30.29   0.00  96.87  58.97  99.92  65486 1589.567   168  235.219 1824.786
Timestamp         S0     S1     E      O      P     YGC     YGCT    FGC    FGCT     GCT   
        87777.2  70.00   0.00  31.22  58.99  99.92  65494 1589.735   168  235.219 1824.955
        87787.2 100.00   0.00   0.18  60.36  99.92  65502 1589.916   168  235.219 1825.135
        87797.3   0.00  61.69  75.45  60.42  99.92  65509 1590.219   168  235.219 1825.439
        87807.2   0.00 100.00  79.73  61.00  99.92  65517 1590.431   168  235.219 1825.650
        87817.2  30.12   0.00   0.00  61.22  99.92  65526 1590.646   168  235.219 1825.865
        87827.3   0.00  44.10  94.64  61.25  99.92  65533 1590.788   168  235.219 1826.008
        87837.3   0.00  83.98  80.21  61.32  99.92  65541 1590.966   168  235.219 1826.186
        87847.2   0.00  66.21  75.03  61.36  99.92  65549 1591.228   168  235.219 1826.447
        87857.3   0.00  46.05  61.49  61.37  99.92  65557 1591.388   168  235.219 1826.607
        87867.3   0.00 100.00  28.40  61.46  99.92  65565 1591.568   168  235.219 1826.787
Timestamp         S0     S1     E      O      P     YGC     YGCT    FGC    FGCT     GCT   
        87877.3   0.00 100.00  15.67  61.50  99.92  65573 1591.752   168  235.219 1826.972
        87887.2   0.00  99.55  18.23  61.55  99.92  65581 1591.925   168  235.219 1827.145
        87897.2  84.62   0.00  58.47  61.61  99.92  65588 1592.138   168  235.219 1827.357
        87907.3  45.95   0.00  21.04  61.65  99.92  65596 1592.317   168  235.219 1827.536
        87917.2   0.00  82.11  41.95  61.67  99.92  65603 1592.495   168  235.219 1827.715
        87927.3   0.00  99.90   6.11  64.60  99.92  65611 1592.773   168  235.219 1827.993
        87937.3   0.00  15.62  38.12  66.04  99.92  65619 1593.122   168  235.219 1828.342
        87947.3  16.99   0.00   0.27  66.14  99.92  65628 1593.315   168  235.219 1828.535
        87957.3   0.00  30.70  98.74  66.17  99.92  65635 1593.466   168  235.219 1828.686
        87967.3   0.00  26.96  49.33  66.19  99.92  65643 1593.618   168  235.219 1828.837
Timestamp         S0     S1     E      O      P     YGC     YGCT    FGC    FGCT     GCT   
        87977.3   0.00  27.63  16.72  66.20  99.92  65651 1593.840   168  235.219 1829.059
        87987.3  82.14   0.00  93.99  66.21  99.92  65658 1593.998   168  235.219 1829.217
        87997.3  69.18   0.00  86.71  66.23  99.92  65666 1594.185   168  235.219 1829.405
        88007.3  82.27   0.00  74.39  66.30  99.92  65674 1594.350   168  235.219 1829.569
        88017.3  57.93   0.00  29.54  66.41  99.92  65682 1594.533   168  235.219 1829.752
        88027.2   0.00  47.03  90.76  66.43  99.92  65689 1594.682   168  235.219 1829.901
        88037.3   0.00  75.93  36.28  66.46  99.92  65697 1594.848   168  235.219 1830.067
        88047.3  66.23   0.00  52.57  66.48  99.92  65704 1595.476   168  235.219 1830.696
        88057.3  54.55   0.00  25.95  66.50  99.92  65712 1595.644   168  235.219 1830.864
        88067.3   0.00  99.67  96.18  66.69  99.92  65719 1595.808   168  235.219 1831.028
Timestamp         S0     S1     E      O      P     YGC     YGCT    FGC    FGCT     GCT   
        88077.3   0.00  73.89  16.33  66.70  99.92  65727 1595.985   168  235.219 1831.204
        88087.3 100.00   0.00  66.45  66.79  99.92  65734 1596.212   168  235.219 1831.431
        88097.3 100.00   0.00  25.89  66.86  99.92  65742 1596.369   168  235.219 1831.589
        88107.3   0.00 100.00  95.14  66.98  99.92  65749 1596.539   168  235.219 1831.758
        88117.3   0.00  69.17  29.94  67.01  99.92  65757 1596.712   168  235.219 1831.931
        88127.3  45.08   0.00  74.59  67.30  99.92  65764 1596.865   168  235.219 1832.085
        88137.3  76.62   0.00  10.74  67.32  99.92  65772 1597.067   168  235.219 1832.286
        88147.3   0.00  45.31  42.18  67.36  99.92  65779 1597.208   168  235.219 1832.428
        88157.3  46.88   0.00  74.87  67.47  99.92  65786 1597.348   168  235.219 1832.567
        88167.3  76.03   0.00  48.81  67.49  99.92  65794 1597.540   168  235.219 1832.759
Timestamp         S0     S1     E      O      P     YGC     YGCT    FGC    FGCT     GCT   
        88177.3   0.00 100.00  87.22  67.60  99.92  65801 1597.752   168  235.219 1832.971
        88187.3   0.00  57.28  51.38  67.75  99.92  65809 1597.949   168  235.219 1833.168
        88197.3 100.00   0.00  97.41  67.85  99.92  65816 1598.127   168  235.219 1833.346
        88207.3  36.26   0.00  58.07  67.93  99.92  65824 1598.328   168  235.219 1833.548
        88217.3  28.68   0.00  36.71  67.95  99.92  65832 1598.524   168  235.219 1833.743
        88227.3  60.89  29.94 100.00  67.96  99.92  65840 1598.662   168  235.219 1833.882
        88237.3   0.00 100.00  83.50  67.98  99.92  65847 1598.841   168  235.219 1834.061
        88247.3   0.00  39.30  67.98  67.99  99.92  65855 1599.025   168  235.219 1834.244
        88257.3   0.00 100.00  26.26  68.11  99.92  65863 1599.223   168  235.219 1834.443
        88267.3  44.55   0.00  87.30  68.15  99.92  65870 1599.365   168  235.219 1834.584
Timestamp         S0     S1     E      O      P     YGC     YGCT    FGC    FGCT     GCT   
        88277.3  58.61   0.00  21.58  68.16  99.92  65878 1599.525   168  235.219 1834.744
        88287.3   0.00  42.90  70.87  68.24  99.92  65885 1599.667   168  235.219 1834.887
        88297.3   0.00  99.71  49.60  68.26  99.92  65893 1599.847   168  235.219 1835.066
        88307.2   0.00  60.45  37.78  68.28  99.92  65901 1600.050   168  235.219 1835.270
        88317.3  62.15   0.00  94.16  68.43  99.92  65908 1600.204   168  235.219 1835.423
        88327.3  63.10   0.00  49.38  68.46  99.92  65916 1600.415   168  235.219 1835.635
        88337.3   0.00  54.84  85.34  68.47  99.92  65923 1600.568   168  235.219 1835.787
        88347.3   0.00 100.00  48.15  17.44  99.92  65931 1600.729   169  236.499 1837.228
        88357.3   0.00 100.00   8.54  17.44  99.92  65939 1600.921   169  236.499 1837.420
        88367.3   0.00  48.95  15.90  17.78  99.92  65947 1601.126   169  236.499 1837.625
Timestamp         S0     S1     E      O      P     YGC     YGCT    FGC    FGCT     GCT   
        88377.3  59.56   0.00  80.64  17.83  99.92  65954 1601.283   169  236.499 1837.783
        88387.3  26.10   0.00  17.49  17.85  99.92  65962 1601.416   169  236.499 1837.915
        88397.3   0.00  81.85  60.82  17.86  99.92  65969 1601.557   169  236.499 1838.056
        88407.3  66.78   0.00  83.14  17.88  99.92  65976 1601.673   169  236.499 1838.173
        88417.3  37.91   0.00  29.76  17.93  99.92  65984 1601.824   169  236.499 1838.323
        88427.3   0.00  63.58  88.74  17.95  99.92  65991 1601.976   169  236.499 1838.475
        88437.3   0.00 100.00  42.80  17.96  99.92  65999 1602.144   169  236.499 1838.643
        88447.3  60.76   0.00  61.15  17.98  99.92  66006 1602.266   169  236.499 1838.766
        88457.3  47.95   0.00  14.13  18.05  99.92  66014 1602.405   169  236.499 1838.904
        88467.3   0.00  99.83  90.19  21.43  99.92  66021 1602.614   169  236.499 1839.114
Timestamp         S0     S1     E      O      P     YGC     YGCT    FGC    FGCT     GCT   
        88477.3  59.64   0.00   1.41  21.45  99.92  66030 1602.891   169  236.499 1839.390
        88487.3   0.00  99.46  87.06  22.36  99.92  66037 1603.067   169  236.499 1839.567
        88497.3  55.04   0.00   3.52  22.43  99.92  66046 1603.271   169  236.499 1839.770
        88507.3  40.10   0.00   4.35  22.44  99.92  66054 1603.503   169  236.499 1840.002
        88517.3   0.00  29.48  90.80  22.61  99.92  66061 1603.641   169  236.499 1840.141
        88527.3   0.00  39.29  81.59  22.64  99.92  66069 1603.790   169  236.499 1840.289
        88537.3   0.00  64.59  50.91  22.66  99.92  66077 1603.957   169  236.499 1840.456
        88547.3   0.00  99.69  44.82  22.94  99.92  66085 1604.207   169  236.499 1840.706
        88557.3  53.52   0.00  56.27  22.99  99.92  66092 1604.360   169  236.499 1840.859
        88567.3   0.00  99.55  96.85  23.25  99.92  66099 1604.471   169  236.499 1840.970
Timestamp         S0     S1     E      O      P     YGC     YGCT    FGC    FGCT     GCT   
        88577.3   0.00  99.52  46.63  23.27  99.92  66107 1604.650   169  236.499 1841.149
        88587.3   0.00  54.34  36.02  23.28  99.92  66115 1604.820   169  236.499 1841.319
        88597.3   0.00  70.43  33.59  23.35  99.92  66123 1604.991   169  236.499 1841.490
        88607.3   0.00  37.14   9.18  23.37  99.92  66131 1605.137   169  236.499 1841.636
        88617.3  66.85   0.00  77.39  23.41  99.92  66138 1605.298   169  236.499 1841.798
        88627.3  50.63   0.00  22.64  23.43  99.92  66146 1605.439   169  236.499 1841.938
        88637.3  61.59   0.00   0.00  23.49  99.92  66154 1605.595   169  236.499 1842.094
        88647.3   0.00  66.77  80.05  23.52  99.92  66161 1605.733   169  236.499 1842.233
        88657.3   0.00  44.94  22.08  23.54  99.92  66169 1605.874   169  236.499 1842.373
        88667.3 100.00   0.00  94.97  25.09  99.92  66176 1606.035   169  236.499 1842.535
Timestamp         S0     S1     E      O      P     YGC     YGCT    FGC    FGCT     GCT   
        88677.3  70.48   0.00  63.77  25.10  99.92  66184 1606.259   169  236.499 1842.758
        88687.3  11.60   0.00  27.53  26.04  99.92  66192 1606.475   169  236.499 1842.974
        88697.3   0.00  28.22  90.96  26.06  99.92  66199 1606.652   169  236.499 1843.151
        88707.3   0.00  42.81  75.47  26.08  99.92  66207 1606.835   169  236.499 1843.334
        88717.3   0.00  55.22  30.46  26.11  99.92  66215 1606.983   169  236.499 1843.482
        88727.3   0.00  44.71  11.42  26.14  99.92  66223 1607.186   169  236.499 1843.685
        88737.3   0.00  49.51   0.00  26.15  99.92  66231 1607.340   169  236.499 1843.839
        88747.3  81.77   0.00  57.41  26.21  99.92  66238 1607.481   169  236.499 1843.980
        88757.3  47.98   0.00  28.38  26.25  99.92  66246 1607.668   169  236.499 1844.167
        88767.3   0.00  37.69  80.83  26.28  99.92  66253 1607.816   169  236.499 1844.316
Timestamp         S0     S1     E      O      P     YGC     YGCT    FGC    FGCT     GCT   
        88777.3   0.00  50.81  37.27  26.30  99.92  66261 1607.993   169  236.499 1844.493
        88787.3   0.00  99.39  25.87  26.32  99.92  66269 1608.154   169  236.499 1844.653
        88797.3  55.11   0.00  65.55  26.35  99.92  66276 1608.289   169  236.499 1844.788
        88807.3  37.43   0.00   6.00  26.40  99.92  66284 1608.483   169  236.499 1844.983
        88817.3   0.00 100.00  54.96  26.43  99.92  66291 1608.632   169  236.499 1845.131
        88827.3   0.00  99.69  52.76  26.45  99.92  66299 1608.817   169  236.499 1845.316
        88837.3   0.00  51.65  25.92  26.51  99.92  66307 1609.010   169  236.499 1845.510
        88847.3  68.72   0.00  94.93  26.64  99.92  66314 1609.185   169  236.499 1845.685
        88857.3  60.79   0.00  46.93  26.66  99.92  66322 1609.355   169  236.499 1845.854
        88867.3  55.16   0.00  43.29  26.73  99.92  66330 1609.548   169  236.499 1846.047
Timestamp         S0     S1     E      O      P     YGC     YGCT    FGC    FGCT     GCT   
        88877.3  29.48  45.79 100.00  26.78  99.92  66338 1609.725   169  236.499 1846.225
        88887.3   0.00  99.68  58.78  26.80  99.92  66345 1609.882   169  236.499 1846.381
        88897.3   0.00  99.70  50.36  26.82  99.92  66353 1610.067   169  236.499 1846.566
        88907.3  42.02   0.00  94.18  26.84  99.92  66360 1610.183   169  236.499 1846.682
        88917.3  52.79   0.00  66.43  26.89  99.92  66368 1610.358   169  236.499 1846.857
        88927.3  81.62   0.00  18.82  26.90  99.92  66376 1610.537   169  236.499 1847.036
        88937.3   0.00  53.61  99.06  26.93  99.92  66384 1610.687   169  236.499 1847.187
        88947.3   0.00  99.86  95.36  28.83  99.92  66391 1610.933   169  236.499 1847.432
        88957.3  60.22   0.00   5.74  28.85  99.92  66400 1611.207   169  236.499 1847.707
        88967.3  18.13   0.00  13.20  29.92  99.92  66408 1611.370   169  236.499 1847.869
Timestamp         S0     S1     E      O      P     YGC     YGCT    FGC    FGCT     GCT   
        88977.3   0.00  27.79  87.68  29.94  99.92  66415 1611.492   169  236.499 1847.991
        88987.3   0.00  41.49  78.34  29.96  99.92  66423 1611.685   169  236.499 1848.184
        88997.3   0.00  99.42  56.33  29.98  99.92  66431 1611.833   169  236.499 1848.332
        89007.3   0.00  52.90  37.48  30.03  99.92  66439 1611.992   169  236.499 1848.492
        89017.3  89.04   0.00  91.72  30.05  99.92  66446 1612.145   169  236.499 1848.645
        89027.3  35.75   0.00  66.13  30.17  99.92  66454 1612.326   169  236.499 1848.825
        89037.3  41.47   0.00  43.07  30.19  99.92  66462 1612.569   169  236.499 1849.069
        89047.3  63.22   0.00  33.57  30.20  99.92  66470 1612.740   169  236.499 1849.239
        89057.3  79.43   0.00   6.84  30.34  99.92  66478 1612.898   169  236.499 1849.398
        89067.3   0.00  62.43  61.70  30.38  99.92  66485 1613.061   169  236.499 1849.560
Timestamp         S0     S1     E      O      P     YGC     YGCT    FGC    FGCT     GCT   
        89077.3   0.00  66.28   0.00  30.41  99.92  66493 1613.229   169  236.499 1849.728
        89087.3  98.02   0.00  66.86  30.44  99.92  66500 1613.368   169  236.499 1849.867
        89097.3 100.00   0.00  38.34  31.36  99.92  66508 1613.552   169  236.499 1850.052
        89107.3  71.31   0.00   8.44  31.40  99.92  66516 1613.751   169  236.499 1850.251
        89117.4  24.27   0.00   9.82  31.79  99.92  66524 1613.956   169  236.499 1850.456
        89127.3   0.00  60.78  93.88  31.81  99.92  66531 1614.094   169  236.499 1850.593
        89137.3   0.00  43.45  56.54  31.84  99.92  66539 1614.235   169  236.499 1850.735
        89147.3   0.00  99.66  21.43  31.86  99.92  66547 1614.411   169  236.499 1850.910
        89157.4  64.65   0.00  75.97  31.87  99.92  66554 1614.571   169  236.499 1851.070
        89167.4  54.78   0.00  66.91  31.98  99.92  66562 1614.742   169  236.499 1851.241
Timestamp         S0     S1     E      O      P     YGC     YGCT    FGC    FGCT     GCT   
        89177.4  41.85   0.00  17.41  32.00  99.92  66570 1614.903   169  236.499 1851.403
        89187.4   0.00  78.05  71.77  32.01  99.92  66577 1615.047   169  236.499 1851.546
        89197.4   0.00  99.55  45.56  32.05  99.92  66585 1615.223   169  236.499 1851.723
        89207.4   0.00  69.63  34.90  32.08  99.92  66593 1615.404   169  236.499 1851.903
        89217.4  66.40   0.00  57.06  32.10  99.92  66600 1615.542   169  236.499 1852.041
        89227.4  41.41   0.00  10.27  32.26  99.92  66608 1615.717   169  236.499 1852.217
        89237.4   0.00  40.62  63.44  32.27  99.92  66615 1615.861   169  236.499 1852.360
        89247.4   0.00  51.58   6.22  32.31  99.92  66623 1616.020   169  236.499 1852.519
        89257.4  62.41   0.00  28.97  32.33  99.92  66630 1616.152   169  236.499 1852.651
        89267.4   0.00  99.69  96.53  32.42  99.92  66637 1616.306   169  236.499 1852.806
Timestamp         S0     S1     E      O      P     YGC     YGCT    FGC    FGCT     GCT   
        89277.4   0.00  99.65  16.06  32.50  99.92  66645 1616.466   169  236.499 1852.965
        89287.4  59.90   0.00  55.00  32.61  99.92  66652 1616.616   169  236.499 1853.116
        89297.4  42.58   0.00  18.18  32.68  99.92  66660 1616.776   169  236.499 1853.275
        89307.4   0.00  99.53  92.27  32.76  99.92  66667 1616.926   169  236.499 1853.425
        89317.4   0.00 100.00  68.73  32.80  99.92  66675 1617.176   169  236.499 1853.675
        89327.4   0.00  75.25  55.49  32.82  99.92  66683 1617.330   169  236.499 1853.829
        89337.4  72.25   0.00  90.01  32.86  99.92  66690 1617.594   169  236.499 1854.093
        89347.4  35.61   0.00  65.78  32.88  99.92  66698 1617.760   169  236.499 1854.259
        89357.4  78.53   0.00  40.71  32.90  99.92  66706 1617.935   169  236.499 1854.434
        89367.4  63.76   0.00   4.81  32.97  99.92  66714 1618.088   169  236.499 1854.587
Timestamp         S0     S1     E      O      P     YGC     YGCT    FGC    FGCT     GCT   
        89377.4   0.00  63.73  77.50  33.55  99.92  66721 1618.237   169  236.499 1854.736
        89387.4   0.00  72.20  55.05  33.56  99.92  66729 1618.410   169  236.499 1854.910
        89397.4   0.00  42.96  11.48  33.83  99.92  66737 1618.605   169  236.499 1855.104
        89407.4  62.50   0.00  76.08  33.84  99.92  66744 1618.797   169  236.499 1855.297
        89417.4  79.36   0.00   2.34  33.85  99.92  66752 1618.960   169  236.499 1855.459
        89427.4   0.00  66.35  61.03  33.88  99.92  66759 1619.127   169  236.499 1855.627
        89437.4   0.00  82.10  53.98  33.95  99.92  66767 1619.310   169  236.499 1855.810
        89447.4   0.00 100.00  32.46  34.00  99.92  66775 1619.483   169  236.499 1855.982
        89457.4 100.00   0.00  83.94  34.95  99.92  66782 1619.702   169  236.499 1856.202
        89467.4  59.48   0.00  95.45  35.22  99.92  66790 1619.900   169  236.499 1856.399
Timestamp         S0     S1     E      O      P     YGC     YGCT    FGC    FGCT     GCT   
        89477.4  42.92   0.00  71.52  35.73  99.92  66798 1620.106   169  236.499 1856.606
        89487.4   0.00  30.58  80.62  35.82  99.92  66807 1620.274   169  236.499 1856.774
        89497.4   0.00  50.82  54.88  35.84  99.92  66815 1620.414   169  236.499 1856.913
        89507.4   0.00  99.67  54.38  35.85  99.92  66823 1620.609   169  236.499 1857.108
        89517.4   0.00  44.44  10.38  35.94  99.92  66831 1620.798   169  236.499 1857.298
        89527.4  50.44   0.00  96.97  36.03  99.92  66838 1620.981   169  236.499 1857.480
        89537.4  36.65   0.00  34.52  36.08  99.92  66846 1621.161   169  236.499 1857.660
        89547.4   0.00  30.23  90.11  36.12  99.92  66853 1621.301   169  236.499 1857.800
        89557.4   0.00  43.07   5.36  36.14  99.92  66861 1621.436   169  236.499 1857.936
        89567.4  39.27   0.00  69.00  36.16  99.92  66868 1621.640   169  236.499 1858.139
Timestamp         S0     S1     E      O      P     YGC     YGCT    FGC    FGCT     GCT   
        89577.4   0.00 100.00  84.53  36.25  99.92  66875 1621.820   169  236.499 1858.319
        89587.4   0.00  40.60  55.09  36.33  99.92  66883 1622.051   169  236.499 1858.550
        89597.4   0.00  54.55  23.01  36.51  99.92  66891 1622.242   169  236.499 1858.741
        89607.4  34.29   0.00  80.30  36.55  99.92  66898 1622.430   169  236.499 1858.929
        89617.4  72.73   0.00  54.71  36.57  99.92  66906 1622.611   169  236.499 1859.110
        89627.4  94.10   0.00  21.44  36.58  99.92  66914 1622.763   169  236.499 1859.262
        89637.4   0.00  50.54  92.77  36.59  99.92  66921 1622.991   169  236.499 1859.490
        89647.4   0.00  93.52  63.71  36.61  99.92  66929 1623.152   169  236.499 1859.651
        89657.4   0.00 100.00  18.00  36.67  99.92  66937 1623.314   169  236.499 1859.814
        89667.4  75.97   0.00  83.74  36.69  99.92  66944 1623.474   169  236.499 1859.974
Timestamp         S0     S1     E      O      P     YGC     YGCT    FGC    FGCT     GCT   
        89677.4  80.27   0.00  79.00  38.83  99.92  66952 1623.705   169  236.499 1860.204
        89687.4  72.13   0.00  99.10  38.84  99.92  66961 1623.956   169  236.499 1860.456
        89697.4   0.00  99.56   0.00  39.96  99.92  66969 1624.196   169  236.499 1860.695
        89707.4   0.00  18.40   8.90  39.98  99.92  66977 1624.367   169  236.499 1860.866
        89717.4   0.00  20.47  11.04  40.02  99.92  66985 1624.536   169  236.499 1861.036
        89727.4   0.00 100.00  22.22  40.05  99.92  66993 1624.773   169  236.499 1861.272
        89737.4   0.00  40.04  21.87  40.06  99.92  67001 1624.998   169  236.499 1861.497
        89747.4   0.00  26.30   6.42  40.20  99.92  67009 1625.164   169  236.499 1861.663
        89757.4  34.44   0.00  54.32  40.23  99.92  67016 1625.358   169  236.499 1861.857
        89767.4   0.00  51.00  74.82  40.25  99.92  67023 1625.470   169  236.499 1861.969
Timestamp         S0     S1     E      O      P     YGC     YGCT    FGC    FGCT     GCT   
        89777.4   0.00  82.61  15.72  40.28  99.92  67031 1625.694   169  236.499 1862.193
        89787.4  90.27   0.00  98.88  40.34  99.92  67038 1625.849   169  236.499 1862.348
        89797.4  69.15   0.00  64.47  40.37  99.92  67046 1626.040   169  236.499 1862.540
        89807.4  33.48   0.00  49.28  40.56  99.92  67054 1626.221   169  236.499 1862.720
        89817.4  54.95   0.00  35.47  40.61  99.92  67062 1626.385   169  236.499 1862.885
        89827.4  84.47   0.00  12.19  40.68  99.92  67070 1626.555   169  236.499 1863.054
        89837.4   0.00 100.00  90.66  40.69  99.92  67077 1626.706   169  236.499 1863.205
        89847.4   0.00  99.59  74.35  40.73  99.92  67085 1626.878   169  236.499 1863.377
        89857.4   0.00  38.54  57.62  40.79  99.92  67093 1627.079   169  236.499 1863.579
        89867.4  38.04   0.00  84.76  40.81  99.92  67100 1627.213   169  236.499 1863.712
Timestamp         S0     S1     E      O      P     YGC     YGCT    FGC    FGCT     GCT   
        89877.4  51.90   0.00  14.43  40.83  99.92  67108 1627.366   169  236.499 1863.866
        89887.4   0.00  67.28  67.25  40.85  99.92  67115 1627.512   169  236.499 1864.011
        89897.4   0.00  99.65  13.28  40.88  99.92  67123 1627.700   169  236.499 1864.199
        89907.4  75.07   0.00  82.64  42.12  99.92  67130 1627.905   169  236.499 1864.404
        89917.4  63.75   0.00  38.88  42.16  99.92  67138 1628.130   169  236.499 1864.630
        89927.4  56.48   0.00  67.18  43.03  99.92  67146 1628.354   169  236.499 1864.853
        89937.4  42.86   0.00  56.40  43.05  99.92  67154 1628.540   169  236.499 1865.039
        89947.4  54.58   0.00  59.90  43.16  99.92  67162 1628.707   169  236.499 1865.206
        89957.5  58.75   0.00  53.51  43.19  99.92  67170 1628.901   169  236.499 1865.400
        89967.4  72.80   0.00  31.84  43.21  99.92  67178 1629.150   169  236.499 1865.649
Timestamp         S0     S1     E      O      P     YGC     YGCT    FGC    FGCT     GCT   
        89977.4   0.00 100.00  58.99  43.31  99.92  67185 1629.295   169  236.499 1865.794
        89987.4  62.06   0.00  68.95  43.33  99.92  67192 1629.437   169  236.499 1865.936
        89997.4  52.58   0.00   4.28  43.34  99.92  67200 1629.658   169  236.499 1866.157
        90007.4   0.00  45.89  58.48  43.35  99.92  67207 1629.790   169  236.499 1866.290
        90017.4   0.00  26.09  24.33  43.40  99.92  67215 1629.922   169  236.499 1866.421
        90027.4  56.01   0.00  97.41  43.43  99.92  67222 1630.055   169  236.499 1866.554
        90037.4  55.20   0.00  57.10  43.48  99.92  67230 1630.196   169  236.499 1866.695
        90047.4   0.00 100.00  83.23  43.49  99.92  67237 1630.358   169  236.499 1866.857
        90057.4   0.00 100.00  16.56  43.58  99.92  67245 1630.608   169  236.499 1867.107
        90067.4  84.12   0.00  87.91  43.60  99.92  67252 1630.772   169  236.499 1867.271
Timestamp         S0     S1     E      O      P     YGC     YGCT    FGC    FGCT     GCT   
        90077.4  43.87   0.00  18.68  43.62  99.92  67260 1630.972   169  236.499 1867.471
        90087.5   0.00  46.79  42.82  43.70  99.92  67267 1631.102   169  236.499 1867.601
        90097.4   0.00  99.66  18.12  43.79  99.92  67275 1631.285   169  236.499 1867.784
        90107.4  96.63   0.00  82.70  43.80  99.92  67282 1631.434   169  236.499 1867.933
        90117.4  38.12   0.00  49.21  44.06  99.92  67290 1631.612   169  236.499 1868.111
        90127.4  50.51   0.00  10.47  44.07  99.92  67298 1631.778   169  236.499 1868.278
        90137.4   0.00  99.49  51.65  44.14  99.92  67305 1631.921   169  236.499 1868.421
        90147.4   0.00  58.41  16.17  44.16  99.92  67313 1632.119   169  236.499 1868.619
        90157.4   0.00  69.51   9.19  44.17  99.92  67321 1632.294   169  236.499 1868.793
        90167.4   0.00  40.25   1.79  44.35  99.92  67329 1632.463   169  236.499 1868.962
Timestamp         S0     S1     E      O      P     YGC     YGCT    FGC    FGCT     GCT   
        90177.5  74.46   0.00  54.81  44.37  99.92  67336 1632.611   169  236.499 1869.111
        90187.4  93.69   0.00  16.39  44.46  99.92  67344 1632.805   169  236.499 1869.304
        90197.5   0.00  68.92  89.69  44.47  99.92  67351 1632.956   169  236.499 1869.455
        90207.4   0.00  26.55  71.96  45.00  99.92  67359 1633.145   169  236.499 1869.644
        90217.4   0.00  38.43  49.82  45.02  99.92  67367 1633.324   169  236.499 1869.823
        90227.4   0.00  38.43  14.03  45.03  99.92  67375 1633.481   169  236.499 1869.980
        90237.5  88.76   0.00  73.31  45.07  99.92  67382 1633.633   169  236.499 1870.132
        90247.4  61.48   0.00  57.55  45.12  99.92  67390 1633.815   169  236.499 1870.314
        90257.4  44.87   0.00  19.58  45.15  99.92  67398 1633.986   169  236.499 1870.486
        90267.4  78.95   0.00  27.76  45.95  99.92  67406 1634.188   169  236.499 1870.687
Timestamp         S0     S1     E      O      P     YGC     YGCT    FGC    FGCT     GCT   
        90277.4  57.97   0.00   2.48  45.97  99.92  67414 1634.457   169  236.499 1870.956
        90287.5  21.63   0.00   9.89  46.86  99.92  67422 1634.686   169  236.499 1871.185
        90297.5   0.00  48.55  86.46  46.89  99.92  67429 1634.875   169  236.499 1871.375
        90307.5   0.00  55.67  87.17  46.97  99.92  67437 1635.073   169  236.499 1871.572
        90317.5   0.00  52.39  77.71  46.98  99.92  67445 1635.266   169  236.499 1871.765
        90327.4   0.00  46.18  60.53  47.17  99.92  67453 1635.444   169  236.499 1871.943
        90337.4   0.00  26.96  12.05  47.20  99.92  67461 1635.604   169  236.499 1872.103
        90347.5  53.85   0.00  79.08  47.22  99.92  67468 1635.759   169  236.499 1872.258
        90357.4  36.18   0.00  28.98  47.24  99.92  67476 1635.912   169  236.499 1872.411
        90367.5  88.34 100.00 100.00  49.45  99.92  67484 1636.142   169  236.499 1872.641
Timestamp         S0     S1     E      O      P     YGC     YGCT    FGC    FGCT     GCT   
        90377.4  56.50   0.00   4.38  50.45  99.92  67492 1636.415   169  236.499 1872.914
        90387.5  29.41   0.00   9.21  51.47  99.92  67500 1636.672   169  236.499 1873.172
        90397.4  42.41   0.00   0.00  51.50  99.92  67508 1636.876   169  236.499 1873.376
        90407.4  43.98   0.00   7.22  51.52  99.92  67516 1637.074   169  236.499 1873.573
        90417.4   0.00  60.51  68.77  51.57  99.92  67523 1637.218   169  236.499 1873.717
        90427.4  79.97   0.00  36.71  51.80  99.92  67530 1637.475   169  236.499 1873.974
        90437.5   0.00  41.82  60.16  51.81  99.92  67537 1637.679   169  236.499 1874.178
        90447.5   0.00  38.10  31.49  51.92  99.92  67545 1637.919   169  236.499 1874.418
        90457.4   0.00  36.60  19.20  52.07  99.92  67553 1638.060   169  236.499 1874.560
        90467.5  38.55   0.00  63.61  52.10  99.92  67560 1638.194   169  236.499 1874.693
Timestamp         S0     S1     E      O      P     YGC     YGCT    FGC    FGCT     GCT   
        90477.5 100.00   0.00  16.49  54.68  99.92  67568 1638.406   169  236.499 1874.905
        90487.5  61.31   0.00  16.55  54.69  99.92  67576 1638.650   169  236.499 1875.150
        90497.5  15.58   0.00   0.00  55.90  99.92  67584 1638.876   169  236.499 1875.376
        90507.5   0.00   9.90  24.36  55.92  99.92  67591 1638.982   169  236.499 1875.481
        90517.5   0.00  29.17  20.90  55.93  99.92  67599 1639.158   169  236.499 1875.657
        90527.5   0.00  65.95   5.15  55.95  99.92  67607 1639.356   169  236.499 1875.855
        90537.5  75.78   0.00  77.34  55.99  99.92  67614 1639.536   169  236.499 1876.036
        90547.5  39.74   0.00  75.96  56.13  99.92  67622 1639.721   169  236.499 1876.221
        90557.5  34.01   0.00  12.27  56.19  99.92  67630 1639.874   169  236.499 1876.374
        90567.4   0.00  35.10  62.15  56.24  99.92  67637 1640.081   169  236.499 1876.580
Timestamp         S0     S1     E      O      P     YGC     YGCT    FGC    FGCT     GCT   
        90577.5   0.00 100.00  37.21  56.26  99.92  67645 1640.252   169  236.499 1876.752
        90587.5 100.00   0.00  98.79  56.35  99.92  67653 1640.475   169  236.499 1876.975
        90597.5  96.38   0.00  76.09  56.37  99.92  67660 1640.654   169  236.499 1877.154
        90607.5  59.60   0.00  57.02  56.43  99.92  67668 1640.829   169  236.499 1877.328
        90617.5  26.35   0.00  11.03  56.58  99.92  67676 1641.025   169  236.499 1877.524
        90627.5   0.00  70.45  68.31  56.60  99.92  67683 1641.162   169  236.499 1877.661
        90637.5   0.00 100.00  43.16  56.64  99.92  67691 1641.331   169  236.499 1877.830
        90647.4   0.00  50.00  10.31  56.65  99.92  67699 1641.516   169  236.499 1878.016
        90657.5 100.00   0.00  51.57  56.80  99.92  67706 1641.666   169  236.499 1878.165
        90667.5  70.19   0.00  53.43  57.00  99.92  67714 1641.909   169  236.499 1878.408
Timestamp         S0     S1     E      O      P     YGC     YGCT    FGC    FGCT     GCT   
        90677.5  66.05   0.00  44.52  57.13  99.92  67722 1642.133   169  236.499 1878.633
        90687.5  42.15   0.00  44.02  57.65  99.92  67730 1642.333   169  236.499 1878.833
        90697.5  63.09   0.00  23.62  57.66  99.92  67738 1642.524   169  236.499 1879.023
        90707.5   0.00  51.82  94.90  57.83  99.92  67745 1642.679   169  236.499 1879.178
        90717.5   0.00  51.20  85.93  57.84  99.92  67753 1642.853   169  236.499 1879.352
        90727.5   0.00  51.37  28.69  57.87  99.92  67761 1643.018   169  236.499 1879.517
        90737.5  56.21   0.00  42.35  57.91  99.92  67768 1643.168   169  236.499 1879.667
        90747.5   0.00  75.00  91.46  57.95  99.92  67775 1643.299   169  236.499 1879.798
        90757.4   0.00 100.00  61.05  58.71  99.92  67783 1643.520   169  236.499 1880.020
        90767.5   0.00  53.36  42.35  58.74  99.92  67791 1643.724   169  236.499 1880.224
Timestamp         S0     S1     E      O      P     YGC     YGCT    FGC    FGCT     GCT   
        90777.5   0.00  41.95  13.46  59.04  99.92  67799 1643.958   169  236.499 1880.458
        90787.5  31.63   0.00  61.09  59.11  99.92  67806 1644.110   169  236.499 1880.609
        90797.5  31.85   0.00  19.16  59.26  99.92  67814 1644.259   169  236.499 1880.759
        90807.5   0.00  46.03  82.22  59.27  99.92  67821 1644.407   169  236.499 1880.907
        90817.5   0.00  45.83  25.32  59.31  99.92  67829 1644.613   169  236.499 1881.112
        90827.5  49.25   0.00  96.34  59.34  99.92  67836 1644.752   169  236.499 1881.251
        90837.5  58.02   0.00  24.01  59.39  99.92  67844 1644.932   169  236.499 1881.431
        90847.5   0.00  45.81  79.13  59.44  99.92  67851 1645.083   169  236.499 1881.582
        90857.5   0.00  64.25  42.62  59.45  99.92  67859 1645.282   169  236.499 1881.781
        90867.5  32.67   0.00  57.73  59.53  99.92  67866 1645.422   169  236.499 1881.922
Timestamp         S0     S1     E      O      P     YGC     YGCT    FGC    FGCT     GCT   
        90877.5   0.00  43.28  83.74  59.54  99.92  67873 1645.579   169  236.499 1882.078
        90887.5   0.00  57.74  16.08  59.57  99.92  67881 1645.745   169  236.499 1882.245
        90897.5  78.66   0.00  45.21  59.58  99.92  67888 1645.902   169  236.499 1882.401
        90907.5   0.00  72.55  98.54  59.66  99.92  67895 1646.067   169  236.499 1882.567
        90917.5   0.00  43.43  32.41  59.71  99.92  67903 1646.212   169  236.499 1882.712
        90927.5  57.34   0.00 100.00  59.83  99.92  67911 1646.364   169  236.499 1882.864
        90937.5  92.42   0.00  91.02  61.66  99.92  67918 1646.572   169  236.499 1883.071
        90947.5   0.00  60.74   2.29  61.71  99.92  67927 1646.831   169  236.499 1883.330
        90957.5  44.86   0.00  88.12  62.70  99.92  67934 1647.027   169  236.499 1883.526
        90967.5  36.49   0.00  93.57  62.72  99.92  67942 1647.217   169  236.499 1883.716
Timestamp         S0     S1     E      O      P     YGC     YGCT    FGC    FGCT     GCT   
        90977.5  32.60   0.00  77.07  62.86  99.92  67950 1647.405   169  236.499 1883.904
        90987.5  59.89   0.00  38.71  62.91  99.92  67958 1647.577   169  236.499 1884.077
        90997.5  50.21   0.00  21.44  62.93  99.92  67966 1647.760   169  236.499 1884.259
        91007.5   0.00  60.59  75.98  62.99  99.92  67973 1647.946   169  236.499 1884.445
        91017.5   0.00  99.72  10.66  63.07  99.92  67981 1648.158   169  236.499 1884.657
        91027.5  81.25   0.00  61.70  63.09  99.92  67988 1648.324   169  236.499 1884.824
        91037.5  67.29   0.00  21.77  63.16  99.92  67996 1648.479   169  236.499 1884.978
        91047.5   0.00  73.35  86.59  63.18  99.92  68003 1648.668   169  236.499 1885.168
        91057.5   0.00  36.99  48.78  63.20  99.92  68011 1648.822   169  236.499 1885.322
        91067.5   0.00  43.39  15.88  63.28  99.92  68019 1648.999   169  236.499 1885.498
Timestamp         S0     S1     E      O      P     YGC     YGCT    FGC    FGCT     GCT   
        91077.5  80.89   0.00  96.92  63.31  99.92  68026 1649.170   169  236.499 1885.669
        91087.5  75.38   0.00  74.16  63.32  99.92  68034 1649.343   169  236.499 1885.842
        91097.5  59.07   0.00  58.65  63.42  99.92  68042 1649.567   169  236.499 1886.066
        91107.5  34.35   0.00  42.99  63.44  99.92  68050 1649.770   169  236.499 1886.269
        91117.5  63.66   0.00  19.01  63.47  99.92  68058 1649.978   169  236.499 1886.477
        91127.5   0.00  46.99  44.51  63.48  99.92  68065 1650.125   169  236.499 1886.624
        91137.5  44.67   0.00  73.53  63.49  99.92  68072 1650.244   169  236.499 1886.743
        91147.5  68.75   0.00  33.91  63.51  99.92  68080 1650.396   169  236.499 1886.895
        91157.5   0.00 100.00  76.05  63.53  99.92  68087 1650.619   169  236.499 1887.118
        91167.5   0.00  84.87  25.09  63.54  99.92  68095 1650.761   169  236.499 1887.261
Timestamp         S0     S1     E      O      P     YGC     YGCT    FGC    FGCT     GCT   
        91177.5  97.24   0.00  73.93  63.72  99.92  68102 1650.974   169  236.499 1887.473
        91187.5  81.63   0.00  12.34  63.74  99.92  68110 1651.144   169  236.499 1887.643
        91197.5   0.00 100.00  45.99  64.00  99.92  68117 1651.299   169  236.499 1887.799
        91207.5  28.82   0.00  77.79  64.01  99.92  68124 1651.492   169  236.499 1887.991
        91217.5  65.03   0.00   4.25  64.06  99.92  68132 1651.659   169  236.499 1888.158
        91227.5   0.00  49.70  47.75  64.08  99.92  68139 1651.810   169  236.499 1888.309
        91237.5  94.41   0.00  63.10  64.09  99.92  68146 1651.965   169  236.499 1888.465
        91247.5   0.00  99.63  88.85  64.26  99.92  68153 1652.192   169  236.499 1888.691
        91257.5   0.00  99.77  54.44  64.43  99.92  68161 1652.407   169  236.499 1888.906
        91267.5   0.00  31.49  51.46  64.80  99.92  68169 1652.580   169  236.499 1889.079
Timestamp         S0     S1     E      O      P     YGC     YGCT    FGC    FGCT     GCT   
        91277.5   0.00  59.38  27.27  64.84  99.92  68177 1652.765   169  236.499 1889.264
        91287.5   0.00  57.35   0.94  64.88  99.92  68185 1652.952   169  236.499 1889.451
        91297.5  67.65   0.00  60.17  64.90  99.92  68192 1653.097   169  236.499 1889.596
        91307.5  91.90   0.00  36.86  65.67  99.92  68200 1653.285   169  236.499 1889.784
        91317.5  78.11   0.00   8.13  65.68  99.92  68208 1653.557   169  236.499 1890.056
        91327.5   0.00  35.28  67.42  66.17  99.92  68215 1653.745   169  236.499 1890.244
        91337.5   0.00  65.57  68.32  66.29  99.92  68223 1653.922   169  236.499 1890.421
        91347.5   0.00  30.81  26.46  66.30  99.92  68231 1654.093   169  236.499 1890.592
        91357.5  41.14   0.00  96.95  66.32  99.92  68238 1654.231   169  236.499 1890.731
        91367.5  90.36   0.00  77.21  66.41  99.92  68246 1654.418   169  236.499 1890.917
Timestamp         S0     S1     E      O      P     YGC     YGCT    FGC    FGCT     GCT   
        91377.5  78.14   0.00  35.70  66.44  99.92  68254 1654.607   169  236.499 1891.106
        91387.5   0.00  31.03  41.64  66.54  99.92  68261 1654.734   169  236.499 1891.233
        91397.5  87.43   0.00  87.57  66.57  99.92  68268 1654.920   169  236.499 1891.419
        91407.5   0.00  43.11  92.98  66.59  99.92  68275 1655.069   169  236.499 1891.568
        91417.5   0.00  55.63  18.79  66.60  99.92  68283 1655.236   169  236.499 1891.735
        91427.5  56.25   0.00  49.75  66.62  99.92  68290 1655.411   169  236.499 1891.911
        91437.5   0.00  63.23  56.71  66.69  99.92  68297 1655.554   169  236.499 1892.053
        91447.5  46.98   0.00  39.98  66.72  99.92  68304 1655.700   169  236.499 1892.199
        91457.5   0.00  64.43  70.83  66.77  99.92  68311 1655.858   169  236.499 1892.358
        91467.5   0.00 100.00  42.95  66.79  99.92  68319 1656.050   169  236.499 1892.550
Timestamp         S0     S1     E      O      P     YGC     YGCT    FGC    FGCT     GCT   
        91477.5  66.86   0.00  77.23  66.80  99.92  68326 1656.194   169  236.499 1892.694
        91487.5  41.12   0.00  11.63  66.87  99.92  68334 1656.367   169  236.499 1892.866
        91497.5   0.00 100.00  57.60  66.89  99.92  68341 1656.514   169  236.499 1893.013
        91507.5   0.00 100.00   1.09  67.16  99.92  68349 1656.691   169  236.499 1893.190
        91517.5   0.00 100.00   8.53  68.58  99.92  68357 1656.950   169  236.499 1893.450
        91527.5   0.00  47.27  34.87  69.08  99.92  68365 1657.246   169  236.499 1893.746
        91537.5   0.00  30.02  67.16  69.66  99.92  68373 1657.467   169  236.499 1893.966
        91547.5   0.00  19.72  31.53  69.71  99.92  68381 1657.645   169  236.499 1894.144
        91557.5  39.66   0.00  90.21  69.77  99.92  68388 1657.801   169  236.499 1894.301
        91567.5  50.22   0.00   2.27  69.79  99.92  68396 1657.967   169  236.499 1894.467
Timestamp         S0     S1     E      O      P     YGC     YGCT    FGC    FGCT     GCT   
        91577.5   0.00  71.00  35.91  69.80  99.92  68403 1658.121   169  236.499 1894.621
        91587.5  69.34   0.00  99.24  69.81  99.92  68410 1658.261   169  236.499 1894.761
        91597.5  81.64   0.00  64.21  69.84  99.92  68418 1658.449   169  236.499 1894.948
        91607.5  56.00   0.00  36.39  69.98  99.92  68426 1658.618   169  236.499 1895.117
        91617.5   0.00  64.29  52.38  70.00  99.92  68433 1658.935   169  236.499 1895.434
        91627.5  58.14   0.00  97.56  70.01  99.92  68440 1659.104   169  236.499 1895.603
        91637.5  54.19   0.00  58.05  70.02  99.92  68448 1659.305   169  236.499 1895.804
        91647.5  53.32   0.00  32.80  70.12  99.92  68456 1659.505   169  236.499 1896.005
        91657.5  54.92   0.00  10.90  70.21  99.92  68464 1659.680   169  236.499 1896.179
        91667.5   0.00  99.52  71.36  70.27  99.92  68471 1659.854   169  236.499 1896.354
Timestamp         S0     S1     E      O      P     YGC     YGCT    FGC    FGCT     GCT   
        91677.5   0.00  95.32  14.13  70.29  99.92  68479 1660.053   169  236.499 1896.552
        91687.5  86.76   0.00  81.02  70.31  99.92  68486 1660.234   169  236.499 1896.733
        91697.5  71.95   0.00  49.19  70.32  99.92  68494 1660.397   169  236.499 1896.896
        91707.5  54.52   0.00  31.03  70.41  99.92  68502 1660.579   169  236.499 1897.079
        91717.5  64.33   0.00  17.66  70.45  99.92  68510 1660.747   169  236.499 1897.247
        91727.5   0.00  99.68  84.59  70.56  99.92  68517 1660.920   169  236.499 1897.419
        91737.5   0.00 100.00  41.90  70.57  99.92  68525 1661.090   169  236.499 1897.589
        91747.5  49.49   0.00  97.54  70.59  99.92  68533 1661.237   169  236.499 1897.737
        91757.6  72.22   0.00  73.02  70.64  99.92  68540 1661.450   169  236.499 1897.949
        91767.5  45.35   0.00  15.60  70.65  99.92  68548 1661.671   169  236.499 1898.170
Timestamp         S0     S1     E      O      P     YGC     YGCT    FGC    FGCT     GCT   
        91777.5   0.00 100.00  75.24  70.65  99.92  68555 1661.813   169  236.499 1898.312
        91787.5   0.00  76.95  34.31  70.68  99.92  68563 1661.967   169  236.499 1898.466
        91797.5   0.00  80.20   3.71  71.53  99.92  68571 1662.177   169  236.499 1898.677
        91807.5  55.54   0.00  91.25  71.55  99.92  68578 1662.364   169  236.499 1898.863
        91817.5  50.92   0.00  37.73  72.04  99.92  68586 1662.549   169  236.499 1899.048
        91827.5  37.38   0.00   3.76  72.08  99.92  68594 1662.739   169  236.499 1899.238
        91837.5   0.00 100.00  74.51  72.09  99.92  68601 1662.946   169  236.499 1899.445
        91847.5   0.00  59.78  61.24  72.12  99.92  68609 1663.104   169  236.499 1899.604
        91857.5   0.00 100.00  12.62  72.22  99.92  68617 1663.289   169  236.499 1899.788
        91867.5  68.88   0.00  79.11  72.29  99.92  68624 1663.485   169  236.499 1899.984
Timestamp         S0     S1     E      O      P     YGC     YGCT    FGC    FGCT     GCT   
        91877.5  40.49   0.00   8.84  72.33  99.92  68632 1663.704   169  236.499 1900.203
        91887.5   0.00 100.00  85.09  72.39  99.92  68639 1663.903   169  236.499 1900.403
        91897.5   0.00  53.06  64.06  72.41  99.92  68647 1664.137   169  236.499 1900.636
        91907.5   0.00  61.11  30.30  72.55  99.92  68655 1664.345   169  236.499 1900.844
        91917.5  76.19   0.00  77.80  72.57  99.92  68662 1664.541   169  236.499 1901.041
        91927.5  83.73   0.00  33.78  72.63  99.92  68670 1664.721   169  236.499 1901.221
        91937.5   0.00  48.51  96.48  72.66  99.92  68677 1664.890   169  236.499 1901.389
        91947.5   0.00  68.50  15.94  17.98  99.92  68685 1665.082   170  237.844 1902.926
        91957.5   0.00  70.52  22.31  17.98  99.92  68693 1665.296   170  237.844 1903.140
        91967.6   0.00  45.02  27.52  18.33  99.92  68701 1665.476   170  237.844 1903.320
Timestamp         S0     S1     E      O      P     YGC     YGCT    FGC    FGCT     GCT   
        91977.6  43.29   0.00  93.95  18.35  99.92  68708 1665.635   170  237.844 1903.479
        91987.5  68.34   0.00  75.46  18.37  99.92  68716 1665.800   170  237.844 1903.644
        91997.6  55.68   0.00  43.82  18.39  99.92  68724 1666.025   170  237.844 1903.869
        92007.6  48.31   0.00   8.86  18.44  99.92  68732 1666.177   170  237.844 1904.021
        92017.5   0.00  47.61  79.13  19.16  99.92  68739 1666.351   170  237.844 1904.195
        92027.5   0.00  60.07  74.36  19.18  99.92  68747 1666.548   170  237.844 1904.392
        92037.5   0.00 100.00  25.46  19.50  99.92  68755 1666.683   170  237.844 1904.527
        92047.5  66.50   0.00  74.30  19.54  99.92  68762 1666.811   170  237.844 1904.654
        92057.5  63.90   0.00  35.97  19.55  99.92  68770 1666.967   170  237.844 1904.811
        92067.6   0.00  41.84  77.08  19.57  99.92  68777 1667.103   170  237.844 1904.947
Timestamp         S0     S1     E      O      P     YGC     YGCT    FGC    FGCT     GCT   
        92077.6   0.00 100.00  59.37  20.50  99.92  68785 1667.332   170  237.844 1905.176
        92087.5   0.00 100.00  70.63  20.51  99.92  68793 1667.544   170  237.844 1905.388
        92097.6   0.00  24.13  68.94  21.51  99.92  68801 1667.755   170  237.844 1905.599
        92107.6   0.00  31.92  58.90  21.53  99.92  68809 1667.899   170  237.844 1905.743
        92117.6   0.00  40.61  71.67  21.55  99.92  68817 1668.070   170  237.844 1905.914
        92127.6   0.00  67.62  64.96  21.56  99.92  68825 1668.212   170  237.844 1906.056
        92137.5   0.00  67.61  68.48  21.66  99.92  68833 1668.424   170  237.844 1906.268
        92147.6   0.00  51.09  73.18  21.67  99.92  68841 1668.685   170  237.844 1906.528
        92157.5   0.00  78.46  58.63  21.76  99.92  68849 1668.894   170  237.844 1906.738
        92167.6   0.00  38.84  59.55  21.86  99.92  68857 1669.076   170  237.844 1906.920
Timestamp         S0     S1     E      O      P     YGC     YGCT    FGC    FGCT     GCT   
        92177.6  62.96   0.00  64.82  21.87  99.92  68864 1669.235   170  237.844 1907.079
        92187.5  53.68   0.00  40.62  21.92  99.92  68872 1669.390   170  237.844 1907.234
        92197.6   0.00  99.29  77.14  21.94  99.92  68879 1669.524   170  237.844 1907.367
        92207.6   0.00  45.56  18.59  21.98  99.92  68887 1669.669   170  237.844 1907.513
        92217.5  58.92   0.00  58.98  21.99  99.92  68894 1669.804   170  237.844 1907.648
        92227.6  41.07   0.00   7.40  22.07  99.92  68902 1669.964   170  237.844 1907.808
        92237.6   0.00  32.90  37.62  22.09  99.92  68909 1670.096   170  237.844 1907.940
        92247.6  67.28   0.00  50.94  22.10  99.92  68916 1670.247   170  237.844 1908.091
        92257.6   0.00  51.47  60.95  22.12  99.92  68923 1670.388   170  237.844 1908.232
        92267.6   0.00 100.00  34.01  22.15  99.92  68931 1670.541   170  237.844 1908.385
Timestamp         S0     S1     E      O      P     YGC     YGCT    FGC    FGCT     GCT   
        92277.5 100.00   0.00  89.12  23.58  99.92  68938 1670.719   170  237.844 1908.563
        92287.6   0.00  99.85   0.00  23.59  99.92  68947 1670.976   170  237.844 1908.820
        92297.6  21.33   0.00  86.39  24.59  99.92  68954 1671.158   170  237.844 1909.002
        92307.6  41.60   0.00  81.67  24.63  99.92  68962 1671.314   170  237.844 1909.158
        92317.6  42.27   0.00  93.43  24.65  99.92  68970 1671.489   170  237.844 1909.333
        92327.6   0.00 100.00  16.17  24.74  99.92  68979 1671.775   170  237.844 1909.619
        92337.6   0.00  50.12   6.07  24.79  99.92  68987 1672.041   170  237.844 1909.885
        92347.5   0.00  23.57   2.73  24.97  99.92  68995 1672.202   170  237.844 1910.045
        92357.6  25.43   0.00  63.06  25.10  99.92  69002 1672.322   170  237.844 1910.166
        92367.5  44.69   0.00  51.48  25.13  99.92  69010 1672.476   170  237.844 1910.319
Timestamp         S0     S1     E      O      P     YGC     YGCT    FGC    FGCT     GCT   
        92377.6 100.00   0.00  26.03  25.18  99.92  69018 1672.690   170  237.844 1910.533
        92387.6   0.00  99.49  79.42  25.20  99.92  69025 1672.819   170  237.844 1910.663
        92397.6  70.77   0.00  87.30  25.25  99.92  69032 1672.952   170  237.844 1910.796
        92407.6  50.31   0.00  38.43  25.35  99.92  69040 1673.097   170  237.844 1910.941
        92417.6   0.00  49.42  67.47  25.37  99.92  69047 1673.240   170  237.844 1911.084
        92427.5   0.00 100.00  20.37  25.38  99.92  69055 1673.434   170  237.844 1911.278
        92437.6  64.02   0.00  34.19  25.41  99.92  69062 1673.575   170  237.844 1911.418
        92447.6   0.00  99.48  72.25  25.46  99.92  69069 1673.712   170  237.844 1911.556
        92457.6   0.00 100.00   0.95  26.62  99.92  69077 1673.883   170  237.844 1911.727
        92467.6  73.28   0.00  56.93  26.84  99.92  69084 1674.063   170  237.844 1911.907
Timestamp         S0     S1     E      O      P     YGC     YGCT    FGC    FGCT     GCT   
        92477.6  32.18   0.00   3.98  27.46  99.92  69092 1674.263   170  237.844 1912.107
        92487.6   0.00  22.64  83.63  27.59  99.92  69099 1674.443   170  237.844 1912.287
        92497.6   0.00  40.83  48.51  27.62  99.92  69107 1674.614   170  237.844 1912.458
        92507.6   0.00  43.03  23.63  27.64  99.92  69115 1674.755   170  237.844 1912.599
        92517.6  69.12   0.00  52.70  27.65  99.92  69122 1674.939   170  237.844 1912.783
        92527.6  37.13   0.00   8.72  27.68  99.92  69130 1675.136   170  237.844 1912.980
        92537.5   0.00  46.51  68.91  27.70  99.92  69137 1675.259   170  237.844 1913.103
        92547.6   0.00  70.32  29.42  27.73  99.92  69145 1675.450   170  237.844 1913.294
        92557.6  75.00   0.00  70.36  27.74  99.92  69152 1675.577   170  237.844 1913.421
        92567.6  44.75   0.00  39.40  27.80  99.92  69160 1675.739   170  237.844 1913.582
Timestamp         S0     S1     E      O      P     YGC     YGCT    FGC    FGCT     GCT   
        92577.6   0.00  38.08  34.23  27.81  99.92  69167 1675.877   170  237.844 1913.721
        92587.6   0.00 100.00  15.81  27.85  99.92  69175 1676.064   170  237.844 1913.908
        92597.6  84.69  53.17 100.00  27.87  99.92  69183 1676.222   170  237.844 1914.065
        92607.6   0.00  78.31   0.00  28.47  99.92  69191 1676.436   170  237.844 1914.280
        92617.6  76.26   0.00  90.88  28.52  99.92  69198 1676.645   170  237.844 1914.489
        92627.6  56.15   0.00  90.43  28.86  99.92  69206 1676.823   170  237.844 1914.667
        92637.6  51.79   0.00  46.78  28.88  99.92  69214 1676.987   170  237.844 1914.831
        92647.6   0.00  29.95  70.25  28.91  99.92  69221 1677.114   170  237.844 1914.958
        92657.6   0.00  74.87  37.67  28.93  99.92  69229 1677.279   170  237.844 1915.123
        92667.6   0.00 100.00  34.01  28.95  99.92  69237 1677.522   170  237.844 1915.366
Timestamp         S0     S1     E      O      P     YGC     YGCT    FGC    FGCT     GCT   
        92677.6   0.00  80.99  14.39  29.04  99.92  69245 1677.696   170  237.844 1915.540
        92687.6  30.14   0.00  26.30  29.08  99.92  69252 1677.845   170  237.844 1915.689
        92697.6   0.00  62.43  49.77  29.09  99.92  69259 1677.983   170  237.844 1915.827
        92707.6   0.00  43.43   5.89  29.12  99.92  69267 1678.133   170  237.844 1915.977
        92717.6  93.78   0.00  78.23  29.78  99.92  69274 1678.296   170  237.844 1916.140
        92727.6   0.00  65.43  84.87  29.79  99.92  69281 1678.473   170  237.844 1916.317
        92737.6   0.00  72.05  55.17  30.21  99.92  69289 1678.668   170  237.844 1916.512
        92747.6   0.00  34.74  20.72  30.24  99.92  69297 1678.825   170  237.844 1916.669
        92757.6  68.38   0.00  66.40  30.34  99.92  69304 1679.021   170  237.844 1916.865
        92767.6  80.81   0.00  48.06  30.36  99.92  69312 1679.192   170  237.844 1917.036
Timestamp         S0     S1     E      O      P     YGC     YGCT    FGC    FGCT     GCT   
        92777.6  73.24   0.00   0.00  30.38  99.92  69320 1679.369   170  237.844 1917.212
        92787.6   0.00  69.79  90.49  30.39  99.92  69327 1679.535   170  237.844 1917.379
        92797.6   0.00  48.13  66.96  30.46  99.92  69335 1679.692   170  237.844 1917.536
        92807.6   0.00  33.51   1.50  30.50  99.92  69343 1679.820   170  237.844 1917.664
        92817.6 100.00   0.00  47.25  31.80  99.92  69350 1679.974   170  237.844 1917.818
        92827.6  77.59   0.00   7.89  31.87  99.92  69358 1680.200   170  237.844 1918.044
        92837.6  20.33   0.00  23.91  32.76  99.92  69366 1680.454   170  237.844 1918.297
        92847.6  18.77   0.00  16.83  32.80  99.92  69374 1680.635   170  237.844 1918.479
        92857.6  58.30   0.00  11.50  32.81  99.92  69382 1680.821   170  237.844 1918.665
        92867.6   0.00  45.25  63.24  32.84  99.92  69389 1680.960   170  237.844 1918.804
Timestamp         S0     S1     E      O      P     YGC     YGCT    FGC    FGCT     GCT   
        92877.6   0.00  53.43  38.86  32.86  99.92  69397 1681.150   170  237.844 1918.994
        92887.6  76.75   0.00  88.87  32.94  99.92  69404 1681.294   170  237.844 1919.138
        92897.6  50.00   0.00  53.72  32.97  99.92  69412 1681.442   170  237.844 1919.286
        92907.6  68.05   0.00   0.00  33.00  99.92  69420 1681.579   170  237.844 1919.422
        92917.6   0.00  75.52  61.74  33.01  99.92  69427 1681.710   170  237.844 1919.553
        92927.6  64.84   0.00  90.17  33.02  99.92  69434 1681.846   170  237.844 1919.690
        92937.6  64.13   0.00   0.00  33.05  99.92  69442 1681.990   170  237.844 1919.834
        92947.6   0.00  57.34  76.77  33.08  99.92  69449 1682.144   170  237.844 1919.987
        92957.6   0.00  67.50   7.19  33.10  99.92  69457 1682.305   170  237.844 1920.149
        92967.6  70.89   0.00  52.19  33.15  99.92  69464 1682.488   170  237.844 1920.332
Timestamp         S0     S1     E      O      P     YGC     YGCT    FGC    FGCT     GCT   
        92977.6 100.00   0.00  26.66  33.19  99.92  69472 1682.639   170  237.844 1920.482
        92987.6   0.00  55.56  91.51  33.21  99.92  69479 1682.800   170  237.844 1920.644
        92997.6   0.00 100.00  48.85  33.36  99.92  69487 1682.974   170  237.844 1920.818
        93007.6   0.00 100.00  56.84  35.00  99.92  69495 1683.253   170  237.844 1921.097
        93017.6   0.00  44.38  60.89  35.35  99.92  69503 1683.497   170  237.844 1921.341
        93027.6   0.00  13.98  51.77  35.89  99.92  69511 1683.644   170  237.844 1921.487
        93037.6   0.00  30.58  52.23  35.91  99.92  69519 1683.811   170  237.844 1921.654
        93047.6   0.00 100.00  54.61  35.92  99.92  69527 1684.014   170  237.844 1921.858
        93057.6  43.59   0.00  86.57  35.94  99.92  69534 1684.167   170  237.844 1922.010
        93067.6  30.29   0.00  61.59  36.07  99.92  69542 1684.410   170  237.844 1922.253
Timestamp         S0     S1     E      O      P     YGC     YGCT    FGC    FGCT     GCT   
        93077.6  91.44   0.00  32.56  36.10  99.92  69550 1684.608   170  237.844 1922.452
        93087.6   0.00  46.70  85.72  36.14  99.92  69557 1684.768   170  237.844 1922.611
        93097.6   0.00  99.81  53.34  38.04  99.92  69565 1684.980   170  237.844 1922.824
        93107.6   0.00  99.88  81.30  38.05  99.92  69573 1685.218   170  237.844 1923.062
        93117.6  48.36   0.00  27.22  39.02  99.92  69582 1685.499   170  237.844 1923.342
        93127.6  15.35   0.00  46.13  39.16  99.92  69590 1685.666   170  237.844 1923.510
        93137.6  48.36   0.00  28.67  39.19  99.92  69598 1685.804   170  237.844 1923.648
        93147.6   0.00  21.90  95.92  39.21  99.92  69605 1685.945   170  237.844 1923.789
        93157.6   0.00  40.77  76.84  39.22  99.92  69613 1686.100   170  237.844 1923.943
        93167.6   0.00  57.88  45.04  39.25  99.92  69621 1686.286   170  237.844 1924.130
Timestamp         S0     S1     E      O      P     YGC     YGCT    FGC    FGCT     GCT   
        93177.6   0.00  75.66   7.72  39.34  99.92  69629 1686.442   170  237.844 1924.285
        93187.6  60.42   0.00  75.23  39.36  99.92  69636 1686.593   170  237.844 1924.437
        93197.6  59.94   0.00  38.29  39.38  99.92  69644 1686.774   170  237.844 1924.618
        93207.6  58.39   0.00   0.00  39.39  99.92  69652 1686.910   170  237.844 1924.754
        93217.6  62.17   0.00  98.79  39.41  99.92  69659 1687.044   170  237.844 1924.888
        93227.6  70.95   0.00  29.95  39.48  99.92  69666 1687.189   170  237.844 1925.032
        93237.6 100.00   0.00   0.00  39.84  99.92  69674 1687.372   170  237.844 1925.216
        93247.6   0.00  99.78  83.25  39.85  99.92  69681 1687.547   170  237.844 1925.390
        93257.6   0.00  50.70  76.20  40.23  99.92  69689 1687.794   170  237.844 1925.637
        93267.6   0.00  36.74  69.11  40.42  99.92  69697 1687.935   170  237.844 1925.779
Timestamp         S0     S1     E      O      P     YGC     YGCT    FGC    FGCT     GCT   
        93277.6   0.00  59.96  73.28  40.47  99.92  69705 1688.105   170  237.844 1925.949
        93287.6   0.00  41.10  45.41  40.48  99.92  69713 1688.275   170  237.844 1926.119
        93297.6   0.00  51.34  15.72  40.55  99.92  69721 1688.437   170  237.844 1926.281
        93307.6  47.63   0.00  50.25  40.56  99.92  69728 1688.573   170  237.844 1926.417
        93317.6  62.50   0.00  16.84  40.59  99.92  69736 1688.780   170  237.844 1926.623
        93327.6   0.00  99.52  83.32  40.60  99.92  69743 1688.933   170  237.844 1926.777
        93337.6   0.00  57.65  62.56  40.66  99.92  69751 1689.085   170  237.844 1926.929
        93347.6   0.00  45.45   9.06  40.68  99.92  69759 1689.258   170  237.844 1927.102
        93357.6  46.25   0.00  47.20  40.69  99.92  69766 1689.385   170  237.844 1927.229
        93367.6   0.00  99.40  80.80  40.70  99.92  69773 1689.531   170  237.844 1927.375
Timestamp         S0     S1     E      O      P     YGC     YGCT    FGC    FGCT     GCT   
        93377.6   0.00  49.32  25.15  40.72  99.92  69781 1689.676   170  237.844 1927.520
        93387.6 100.00   0.00  74.38  44.11  99.92  69788 1689.840   170  237.844 1927.684
        93397.6   0.00  99.86  11.17  44.12  99.92  69797 1690.118   170  237.844 1927.962
        93407.6   0.00  23.52  51.86  45.10  99.92  69805 1690.338   170  237.844 1928.182
        93417.6   0.00  40.00  69.72  45.15  99.92  69813 1690.544   170  237.844 1928.388
        93427.6   0.00  32.36  46.37  45.19  99.92  69821 1690.773   170  237.844 1928.617
        93437.6  33.10   0.00  96.90  45.22  99.92  69828 1690.916   170  237.844 1928.760
        93447.7  35.90   0.00  65.09  45.39  99.92  69836 1691.074   170  237.844 1928.918
        93457.6  45.56   0.00   0.62  45.40  99.92  69844 1691.238   170  237.844 1929.082
        93467.6   0.00 100.00  47.28  46.78  99.92  69851 1691.415   170  237.844 1929.259
Timestamp         S0     S1     E      O      P     YGC     YGCT    FGC    FGCT     GCT   
        93477.6   0.00 100.00  25.16  48.14  99.92  69859 1691.669   170  237.844 1929.513
        93487.6   0.00  24.19  74.11  49.42  99.92  69867 1691.981   170  237.844 1929.825
        93497.7  41.81   0.00   9.46  49.45  99.92  69876 1692.203   170  237.844 1930.047
        93507.7  48.35   0.00  33.68  49.57  99.92  69884 1692.385   170  237.844 1930.229
        93517.6  34.21   0.00  51.68  49.59  99.92  69892 1692.563   170  237.844 1930.407
        93527.7  23.12   0.00  16.45  49.65  99.92  69900 1692.736   170  237.844 1930.580
        93537.7   0.00  51.33  50.69  49.67  99.92  69907 1692.888   170  237.844 1930.732
        93547.7   0.00  42.08  18.59  49.69  99.92  69915 1693.049   170  237.844 1930.893
        93557.7  37.68   0.00  97.37  49.73  99.92  69922 1693.185   170  237.844 1931.029
        93567.7  65.24   0.00  56.04  49.81  99.92  69930 1693.373   170  237.844 1931.217
Timestamp         S0     S1     E      O      P     YGC     YGCT    FGC    FGCT     GCT   
        93577.7  66.28   0.00   0.00  49.86  99.92  69938 1693.538   170  237.844 1931.382
        93587.6   0.00  69.46  39.58  49.87  99.92  69945 1693.671   170  237.844 1931.515
        93597.7  93.09   0.00  96.32  49.92  99.92  69952 1693.820   170  237.844 1931.664
        93607.6  51.91   0.00  57.39  49.96  99.92  69960 1693.979   170  237.844 1931.823
        93617.7   0.00  43.45  92.35  50.01  99.92  69967 1694.150   170  237.844 1931.994
        93627.7   0.00 100.00  39.73  50.06  99.92  69975 1694.442   170  237.844 1932.286
        93637.6  59.86   0.00  78.32  50.07  99.92  69982 1694.576   170  237.844 1932.420
        93647.7  48.28   0.00  63.07  50.33  99.92  69990 1694.753   170  237.844 1932.597
        93657.6   0.00  99.74  76.40  50.35  99.92  69997 1694.912   170  237.844 1932.756
        93667.6   0.00  52.03  26.77  50.55  99.92  70005 1695.080   170  237.844 1932.924
Timestamp         S0     S1     E      O      P     YGC     YGCT    FGC    FGCT     GCT   
        93677.6  65.61   0.00  97.29  50.57  99.92  70012 1695.233   170  237.844 1933.077
        93687.7  63.41   0.00  59.77  50.59  99.92  70020 1695.387   170  237.844 1933.230
        93697.6  86.19   0.00  30.63  50.71  99.92  70028 1695.584   170  237.844 1933.428
        93707.7  68.53   0.00  23.05  50.74  99.92  70036 1695.767   170  237.844 1933.611
        93717.7   0.00 100.00  69.83  50.84  99.92  70043 1695.932   170  237.844 1933.776
        93727.7   0.00  32.31  23.92  50.90  99.92  70051 1696.097   170  237.844 1933.941
        93737.6  67.13   0.00  97.82  50.91  99.92  70059 1696.247   170  237.844 1934.091
        93747.7  75.80   0.00  96.59  50.96  99.92  70066 1696.400   170  237.844 1934.244
        93757.7  89.95   0.00  79.26  51.01  99.92  70074 1696.583   170  237.844 1934.427
        93767.7  36.41   0.00  57.67  51.06  99.92  70082 1696.776   170  237.844 1934.620
Timestamp         S0     S1     E      O      P     YGC     YGCT    FGC    FGCT     GCT   
        93777.6   0.00  99.61  84.43  51.09  99.92  70089 1696.936   170  237.844 1934.780
        93787.7   0.00  44.39  55.92  51.15  99.92  70097 1697.096   170  237.844 1934.939
        93797.7   0.00  41.26  10.69  51.17  99.92  70105 1697.336   170  237.844 1935.180
        93807.7  37.43   0.00  67.11  51.18  99.92  70112 1697.472   170  237.844 1935.315
        93817.7  70.93   0.00  44.42  51.35  99.92  70120 1697.630   170  237.844 1935.474
        93827.6  70.60   0.00  17.02  51.37  99.92  70128 1697.793   170  237.844 1935.636
        93837.6   0.00  38.11  55.20  51.53  99.92  70135 1697.955   170  237.844 1935.799
        93847.7  61.38   0.00  93.51  51.54  99.92  70142 1698.082   170  237.844 1935.926
        93857.7  57.47   0.00  50.74  51.57  99.92  70150 1698.252   170  237.844 1936.096
        93867.7 100.00   0.00  14.19  51.64  99.92  70158 1698.436   170  237.844 1936.280
Timestamp         S0     S1     E      O      P     YGC     YGCT    FGC    FGCT     GCT   
        93877.7   0.00  67.66  77.09  51.65  99.92  70165 1698.586   170  237.844 1936.430
        93887.7   0.00  58.33  47.05  51.80  99.92  70173 1698.785   170  237.844 1936.629
        93897.7  68.60   0.00  79.14  51.82  99.92  70180 1698.918   170  237.844 1936.762
        93907.7  92.62   0.00  25.86  52.52  99.92  70188 1699.117   170  237.844 1936.961
        93917.7   0.00  72.63  89.57  52.56  99.92  70195 1699.285   170  237.844 1937.128
        93927.7   0.00  55.62  81.30  52.93  99.92  70203 1699.461   170  237.844 1937.305
        93937.7   0.00 100.00  84.06  52.95  99.92  70211 1699.645   170  237.844 1937.488
        93947.7   0.00  43.89  71.26  53.04  99.92  70219 1699.812   170  237.844 1937.656
        93957.7   0.00  50.92  26.11  53.06  99.92  70227 1699.963   170  237.844 1937.807
        93967.7  65.31   0.00  83.55  53.09  99.92  70234 1700.100   170  237.844 1937.944
Timestamp         S0     S1     E      O      P     YGC     YGCT    FGC    FGCT     GCT   
        93977.7  58.06   0.00  67.21  53.11  99.92  70242 1700.294   170  237.844 1938.138
        93987.7  65.11   0.00  11.49  53.13  99.92  70250 1700.467   170  237.844 1938.311
        93997.7   0.00  99.50  88.70  53.16  99.92  70257 1700.664   170  237.844 1938.507
        94007.7   0.00 100.00  64.26  53.24  99.92  70265 1700.826   170  237.844 1938.670
        94017.7  33.33   0.00  71.87  53.25  99.92  70272 1701.027   170  237.844 1938.871
        94027.7  97.08   0.00  44.36  53.27  99.92  70280 1701.190   170  237.844 1939.033
        94037.7   0.00 100.00  47.77  53.30  99.92  70287 1701.389   170  237.844 1939.232
        94047.7   0.00 100.00   6.84  55.00  99.92  70295 1701.583   170  237.844 1939.427
        94057.7   0.00  61.35  34.87  55.01  99.92  70303 1701.836   170  237.844 1939.680
        94067.7   0.00  25.10  42.73  55.96  99.92  70311 1702.058   170  237.844 1939.901
Timestamp         S0     S1     E      O      P     YGC     YGCT    FGC    FGCT     GCT   
        94077.7   0.00  17.43   6.07  55.97  99.92  70319 1702.238   170  237.844 1940.082
        94087.7  41.91   0.00  91.41  55.99  99.92  70326 1702.375   170  237.844 1940.219
        94097.7  67.04   0.00  44.61  56.01  99.92  70334 1702.540   170  237.844 1940.384
        94107.7  56.91   0.00   8.29  56.05  99.92  70342 1702.720   170  237.844 1940.564
        94117.7   0.00 100.00  96.69  56.07  99.92  70349 1702.859   170  237.844 1940.702
        94127.7   0.00  46.04  74.71  56.12  99.92  70357 1703.041   170  237.844 1940.885
        94137.7   0.00  70.20  34.82  56.22  99.92  70365 1703.232   170  237.844 1941.076
        94147.7  60.99   0.00  94.19  56.25  99.92  70372 1703.427   170  237.844 1941.271
        94157.7  40.91   0.00  42.47  56.28  99.92  70380 1703.643   170  237.844 1941.487
        94167.7   0.00  46.11  63.61  56.31  99.92  70387 1703.788   170  237.844 1941.632
Timestamp         S0     S1     E      O      P     YGC     YGCT    FGC    FGCT     GCT   
        94177.7  51.37   0.00  87.05  56.34  99.92  70394 1703.943   170  237.844 1941.787
        94187.7   0.00  61.40  97.89  56.36  99.92  70401 1704.086   170  237.844 1941.929
        94197.7   0.00 100.00  49.25  56.37  99.92  70409 1704.258   170  237.844 1942.102
        94207.7   0.00  99.52  30.30  56.45  99.92  70417 1704.438   170  237.844 1942.282
        94217.7  76.67   0.00  67.89  56.51  99.92  70424 1704.585   170  237.844 1942.429
        94227.7  79.49   0.00  14.76  56.52  99.92  70432 1704.743   170  237.844 1942.587
        94237.7   0.00  71.19  76.59  56.54  99.92  70439 1704.961   170  237.844 1942.805
        94247.7   0.00 100.00  15.43  56.58  99.92  70447 1705.116   170  237.844 1942.960
        94257.7 100.00   0.00  32.13  59.46  99.92  70454 1705.305   170  237.844 1943.149
        94267.7  55.09   0.00   9.21  59.47  99.92  70462 1705.525   170  237.844 1943.369
Timestamp         S0     S1     E      O      P     YGC     YGCT    FGC    FGCT     GCT   
        94277.7   0.00  99.39  66.71  60.05  99.92  70469 1705.729   170  237.844 1943.573
        94287.7   0.00  39.45  26.79  60.20  99.92  70477 1705.908   170  237.844 1943.752
        94297.7   0.00  43.81  43.46  60.22  99.92  70485 1706.123   170  237.844 1943.967
        94307.7   0.00  43.44  26.58  60.28  99.92  70493 1706.306   170  237.844 1944.150
        94317.7  56.25   0.00  84.78  60.42  99.92  70500 1706.516   170  237.844 1944.360
        94327.7  64.00   0.00  46.69  60.45  99.92  70508 1706.733   170  237.844 1944.577
        94337.7  90.48   0.00  26.64  60.52  99.92  70516 1706.941   170  237.844 1944.785
        94347.7  89.80   0.00  31.84  60.54  99.92  70524 1707.115   170  237.844 1944.959
        94357.7   0.00 100.00  76.29  60.66  99.92  70531 1707.237   170  237.844 1945.080
        94367.7   0.00  99.67  44.98  60.70  99.92  70539 1707.405   170  237.844 1945.249
Timestamp         S0     S1     E      O      P     YGC     YGCT    FGC    FGCT     GCT   
        94377.7  85.12   0.00  85.20  60.72  99.92  70546 1707.605   170  237.844 1945.449
        94387.7  45.17   0.00  32.22  60.74  99.92  70554 1707.765   170  237.844 1945.609
        94397.7   0.00  45.02  81.17  60.82  99.92  70561 1707.927   170  237.844 1945.771
        94407.7   0.00 100.00  80.26  60.86  99.92  70569 1708.092   170  237.844 1945.936
        94417.7   0.00  72.49  66.78  60.87  99.92  70577 1708.282   170  237.844 1946.125
        94427.7  43.40   0.00  89.36  60.98  99.92  70584 1708.448   170  237.844 1946.292
        94437.7  46.33   0.00  37.05  61.03  99.92  70592 1708.624   170  237.844 1946.468
        94447.7  67.24   0.00  37.14  61.13  99.92  70600 1708.808   170  237.844 1946.651
        94457.7  83.11   0.00  25.96  61.17  99.92  70608 1709.025   170  237.844 1946.869
        94467.7   0.00  32.95  93.55  61.38  99.92  70615 1709.164   170  237.844 1947.008
Timestamp         S0     S1     E      O      P     YGC     YGCT    FGC    FGCT     GCT   
        94477.7   0.00 100.00  76.53  61.41  99.92  70623 1709.381   170  237.844 1947.225
        94487.7   0.00  61.14  48.61  61.43  99.92  70631 1709.537   170  237.844 1947.381
        94497.7   0.00 100.00   6.71  61.46  99.92  70639 1709.736   170  237.844 1947.580
        94507.7  80.40   0.00  88.02  61.51  99.92  70646 1709.859   170  237.844 1947.703
        94517.7  47.46   0.00  49.36  61.54  99.92  70654 1710.035   170  237.844 1947.879
        94527.7   0.00  58.63  95.46  61.56  99.92  70661 1710.200   170  237.844 1948.044
        94537.7   0.00  44.23  51.05  61.60  99.92  70669 1710.425   170  237.844 1948.268
        94547.7   0.00  50.58   0.00  61.63  99.92  70677 1710.590   170  237.844 1948.434
        94557.7  71.30   0.00  53.41  61.71  99.92  70684 1710.746   170  237.844 1948.590
        94567.7  57.64   0.00  20.11  61.73  99.92  70692 1710.920   170  237.844 1948.763
Timestamp         S0     S1     E      O      P     YGC     YGCT    FGC    FGCT     GCT   
        94577.7   0.00 100.00  91.61  62.36  99.92  70699 1711.073   170  237.844 1948.917
        94587.7   0.00  76.40  60.07  62.40  99.92  70707 1711.251   170  237.844 1949.095
        94597.7   0.00  51.38  31.29  62.75  99.92  70715 1711.503   170  237.844 1949.346
        94607.7  47.67   0.00  99.85  62.76  99.92  70723 1711.665   170  237.844 1949.509
        94617.7  45.08   0.00  24.60  62.81  99.92  70730 1711.819   170  237.844 1949.663
        94627.7   0.00 100.00  97.74  62.96  99.92  70738 1711.976   170  237.844 1949.820
        94637.7  67.30   0.00  21.98  65.95  99.92  70746 1712.277   170  237.844 1950.120
        94647.7  43.73   0.00  15.20  66.77  99.92  70754 1712.526   170  237.844 1950.370
        94657.7  13.61   0.00  68.70  67.25  99.92  70762 1712.701   170  237.844 1950.545
        94667.7   0.00  23.80   6.77  67.27  99.92  70771 1712.913   170  237.844 1950.757
Timestamp         S0     S1     E      O      P     YGC     YGCT    FGC    FGCT     GCT   
        94677.7  32.44   0.00  61.61  67.29  99.92  70778 1713.048   170  237.844 1950.892
        94687.7  63.15   0.00  62.67  67.32  99.92  70786 1713.203   170  237.844 1951.047
        94697.7  59.75   0.00   7.68  67.34  99.92  70794 1713.355   170  237.844 1951.199
        94707.7   0.00  61.01  53.80  67.35  99.92  70801 1713.491   170  237.844 1951.335
        94717.7  45.03   0.00  99.37  67.37  99.92  70809 1713.614   170  237.844 1951.458
        94727.7  48.51   0.00  60.56  67.46  99.92  70816 1713.793   170  237.844 1951.637
        94737.7  62.57   0.00   8.57  67.49  99.92  70824 1713.977   170  237.844 1951.821
        94747.7   0.00  99.43  54.74  67.61  99.92  70831 1714.136   170  237.844 1951.979
        94757.7   0.00  44.97   3.53  67.63  99.92  70839 1714.321   170  237.844 1952.164
        94767.7  68.15   0.00  71.80  67.64  99.92  70846 1714.549   170  237.844 1952.393
Timestamp         S0     S1     E      O      P     YGC     YGCT    FGC    FGCT     GCT   
        94777.7  66.97   0.00  54.18  67.73  99.92  70854 1714.712   170  237.844 1952.556
        94787.7  77.64   0.00   7.63  67.82  99.92  70862 1714.888   170  237.844 1952.732
        94797.7   0.00 100.00  46.27  67.90  99.92  70869 1715.014   170  237.844 1952.858
        94807.7   0.00 100.00  15.27  67.94  99.92  70877 1715.177   170  237.844 1953.021
        94817.8  46.11   0.00  93.26  67.97  99.92  70884 1715.341   170  237.844 1953.184
        94827.7  72.09   0.00  63.85  68.00  99.92  70892 1715.530   170  237.844 1953.373
        94837.8 100.00   0.00  21.03  68.12  99.92  70900 1715.689   170  237.844 1953.533
        94847.8  59.94   0.00  31.98  70.44  99.92  70908 1715.955   170  237.844 1953.798
        94857.7  81.01   0.00  59.04  70.45  99.92  70916 1716.212   170  237.844 1954.056
        94867.7   0.00  31.85   0.00  71.58  99.92  70925 1716.488   170  237.844 1954.332
Timestamp         S0     S1     E      O      P     YGC     YGCT    FGC    FGCT     GCT   
        94877.8   0.00  17.82  22.23  71.60  99.92  70933 1716.720   170  237.844 1954.564
        94887.8   0.00  37.46  43.76  71.62  99.92  70941 1716.906   170  237.844 1954.750
        94897.7   0.00  37.08  24.65  71.64  99.92  70949 1717.080   170  237.844 1954.924
        94907.8   0.00  73.58  25.32  71.68  99.92  70957 1717.273   170  237.844 1955.117
        94917.7  75.38   0.00  84.39  71.70  99.92  70964 1717.445   170  237.844 1955.289
        94927.8  57.59   0.00  75.79  71.72  99.92  70972 1717.634   170  237.844 1955.478
        94937.8  76.30   0.00  60.14  71.75  99.92  70980 1717.805   170  237.844 1955.649
        94947.7  33.33   0.00  15.26  71.77  99.92  70988 1717.984   170  237.844 1955.828
        94957.8  52.37   0.00  16.37  71.80  99.92  70996 1718.159   170  237.844 1956.003
        94967.7   0.00  99.62  63.30  71.82  99.92  71003 1718.315   170  237.844 1956.159
Timestamp         S0     S1     E      O      P     YGC     YGCT    FGC    FGCT     GCT   
        94977.7   0.00 100.00  22.00  71.94  99.92  71011 1718.574   170  237.844 1956.418
        94987.7  47.00   0.00  76.50  71.95  99.92  71018 1718.818   170  237.844 1956.662
        94997.8  64.25   0.00  18.50  72.09  99.92  71026 1718.999   170  237.844 1956.843
        95007.8   0.00  99.54  95.60  72.15  99.92  71033 1719.143   170  237.844 1956.987
        95017.8   0.00  39.68  61.75  72.18  99.92  71041 1719.338   170  237.844 1957.182
        95027.8   0.00  99.73  44.86  72.19  99.92  71049 1719.513   170  237.844 1957.357
        95037.8   0.00 100.00  21.33  72.27  99.92  71057 1719.675   170  237.844 1957.519
        95047.7  66.67   0.00  44.38  72.28  99.92  71064 1719.816   170  237.844 1957.660
        95057.8   0.00  51.17  76.57  72.38  99.92  71071 1720.033   170  237.844 1957.877
        95067.7   0.00  70.61   8.61  72.40  99.92  71079 1720.197   170  237.844 1958.041
Timestamp         S0     S1     E      O      P     YGC     YGCT    FGC    FGCT     GCT   
        95077.8  93.05   0.00  54.10  72.42  99.92  71086 1720.326   170  237.844 1958.170
        95087.7  57.53   0.00  14.10  72.53  99.92  71094 1720.494   170  237.844 1958.338
        95097.8   0.00 100.00  54.18  72.58  99.92  71101 1720.657   170  237.844 1958.501
        95107.7   0.00  47.01  26.38  72.63  99.92  71109 1720.819   170  237.844 1958.663
        95117.7  56.57   0.00  91.52  72.70  99.92  71116 1720.978   170  237.844 1958.821
        95127.7  67.90   0.00  42.69  72.71  99.92  71124 1721.142   170  237.844 1958.986
        95137.8  48.73   0.00   7.93  72.75  99.92  71132 1721.334   170  237.844 1959.178
        95147.8   0.00  74.85  61.39  72.76  99.92  71139 1721.474   170  237.844 1959.318
        95157.8   0.00  99.72  10.68  72.92  99.92  71147 1721.678   170  237.844 1959.522
        95167.8  33.78   0.00  77.21  72.95  99.92  71154 1721.942   170  237.844 1959.785
Timestamp         S0     S1     E      O      P     YGC     YGCT    FGC    FGCT     GCT   
        95177.7  52.67   0.00  51.69  73.02  99.92  71162 1722.120   170  237.844 1959.964
        95187.8  56.78   0.00  13.56  73.08  99.92  71170 1722.275   170  237.844 1960.119
        95197.8   0.00  48.27  88.95  73.11  99.92  71177 1722.447   170  237.844 1960.291
        95207.8   0.00  98.55  40.25  73.13  99.92  71185 1722.619   170  237.844 1960.462
        95217.8  53.14   0.00  90.36  73.15  99.92  71192 1722.787   170  237.844 1960.631
        95227.8  66.36   0.00  10.44  73.26  99.92  71200 1722.956   170  237.844 1960.800
        95237.8   0.00 100.00  73.33  73.29  99.92  71207 1723.107   170  237.844 1960.950
        95247.8   0.00  81.79  20.11  73.30  99.92  71215 1723.254   170  237.844 1961.098
        95257.8  97.22   0.00  54.11  73.40  99.92  71222 1723.398   170  237.844 1961.242
        95267.8  76.45   0.00  51.13  75.81  99.92  71230 1723.650   170  237.844 1961.494
Timestamp         S0     S1     E      O      P     YGC     YGCT    FGC    FGCT     GCT   
        95277.8  67.00   0.00  52.08  75.82  99.92  71238 1723.909   170  237.844 1961.753
        95287.8   0.00  39.84   6.21  77.01  99.92  71247 1724.180   170  237.844 1962.024
        95297.7   0.00  38.61  31.95  77.02  99.92  71255 1724.348   170  237.844 1962.192
        95307.8   0.00  39.68   9.24  77.08  99.92  71263 1724.557   170  237.844 1962.401
        95317.8   0.00  99.80   2.82  77.09  99.92  71271 1724.760   170  237.844 1962.604
        95327.8   0.00  45.30  22.11  77.12  99.92  71279 1724.986   170  237.844 1962.830
        95337.8  74.44   0.00  92.76  77.21  99.92  71286 1725.181   170  237.844 1963.025
        95347.8  37.39   0.00  95.33  77.27  99.92  71294 1725.401   170  237.844 1963.245
        95357.8  63.86   0.00  63.80  77.32  99.92  71302 1725.576   170  237.844 1963.420
        95367.7  70.40   0.00  49.90  77.34  99.92  71310 1725.785   170  237.844 1963.629
Timestamp         S0     S1     E      O      P     YGC     YGCT    FGC    FGCT     GCT   
        95377.8 100.00   0.00  42.62  77.39  99.92  71318 1725.965   170  237.844 1963.809
        95387.8  30.88   0.00   3.04  77.45  99.92  71326 1726.159   170  237.844 1964.002
        95397.8   0.00  40.26  77.39  77.49  99.92  71333 1726.326   170  237.844 1964.170
        95407.8   0.00  99.41  60.95  77.55  99.92  71341 1726.497   170  237.844 1964.341
        95417.8   0.00  54.72  28.66  77.57  99.92  71349 1726.652   170  237.844 1964.496
        95427.8  67.33   0.00  92.77  77.60  99.92  71356 1726.843   170  237.844 1964.686
        95437.8  92.21   0.00  44.07  77.62  99.92  71364 1727.004   170  237.844 1964.848
        95447.8  65.09   0.00  20.36  78.44  99.92  71372 1727.196   170  237.844 1965.039
        95457.8   0.00 100.00  62.13  78.53  99.92  71379 1727.369   170  237.844 1965.213
        95467.8   0.00  66.60   6.63  78.92  99.92  71387 1727.537   170  237.844 1965.380
Timestamp         S0     S1     E      O      P     YGC     YGCT    FGC    FGCT     GCT   
        95477.8  57.08   0.00  71.27  78.94  99.92  71394 1727.684   170  237.844 1965.528
        95487.8  43.82   0.00  30.15  78.96  99.92  71402 1727.827   170  237.844 1965.671
        95497.8   0.00  99.67  97.75  79.01  99.92  71409 1727.982   170  237.844 1965.826
        95507.8   0.00  54.08  61.44  79.02  99.92  71417 1728.163   170  237.844 1966.006
        95517.8  93.50  32.29 100.00  79.04  99.92  71425 1728.328   170  237.844 1966.172
        95527.8  39.46   0.00  83.91  79.10  99.92  71432 1728.529   170  237.844 1966.373
        95537.8  51.05   0.00  34.47  79.13  99.92  71440 1728.687   170  237.844 1966.531
        95547.8   0.00  60.20  61.87  17.91  99.92  71447 1728.851   171  239.233 1968.084
        95557.8   0.00  71.52  34.13  17.91  99.92  71455 1729.048   171  239.233 1968.281
        95567.8  71.36   0.00  95.93  18.38  99.92  71462 1729.207   171  239.233 1968.440
Timestamp         S0     S1     E      O      P     YGC     YGCT    FGC    FGCT     GCT   
        95577.8  28.60   0.00  35.19  18.40  99.92  71470 1729.338   171  239.233 1968.571
        95587.8  36.08   0.00   3.67  18.45  99.92  71478 1729.505   171  239.233 1968.738
        95597.8   0.00  65.91  62.16  18.49  99.92  71485 1729.662   171  239.233 1968.895
        95607.8   0.00 100.00  36.84  18.51  99.92  71493 1729.838   171  239.233 1969.071
        95617.8   0.00  99.74  13.72  18.58  99.92  71501 1730.028   171  239.233 1969.262
        95627.8  69.01   0.00  45.30  18.60  99.92  71508 1730.173   171  239.233 1969.406
        95637.8   0.00  99.53  68.60  18.62  99.92  71515 1730.317   171  239.233 1969.550
        95647.8  46.06   0.00  84.97  18.66  99.92  71522 1730.447   171  239.233 1969.680
        95657.8  73.35   0.00  41.45  18.68  99.92  71530 1730.577   171  239.233 1969.811
        95667.8   0.00  50.98  66.00  18.69  99.92  71537 1730.698   171  239.233 1969.932
Timestamp         S0     S1     E      O      P     YGC     YGCT    FGC    FGCT     GCT   
        95677.8   0.00  72.08   3.07  18.72  99.92  71545 1730.857   171  239.233 1970.091
        95687.8  57.59   0.00  81.61  18.75  99.92  71552 1731.002   171  239.233 1970.235
        95697.8  75.72   0.00  55.20  20.08  99.92  71560 1731.229   171  239.233 1970.462
        95707.8  72.33   0.00  64.27  20.10  99.92  71568 1731.457   171  239.233 1970.691
        95717.8  23.10   0.00  52.80  20.93  99.92  71576 1731.616   171  239.233 1970.849
        95727.8  26.06   0.00  40.33  21.04  99.92  71584 1731.801   171  239.233 1971.035
        95737.8  28.36   0.00  11.58  21.06  99.92  71592 1731.940   171  239.233 1971.173
        95747.8   0.00  26.98  57.68  21.08  99.92  71599 1732.102   171  239.233 1971.336
        95757.8  36.10   0.00  90.74  21.10  99.92  71606 1732.249   171  239.233 1971.482
        95767.8  35.82   0.00  66.95  21.11  99.92  71614 1732.410   171  239.233 1971.644
Timestamp         S0     S1     E      O      P     YGC     YGCT    FGC    FGCT     GCT   
        95777.8  60.16   0.00  10.64  21.17  99.92  71622 1732.556   171  239.233 1971.790
        95787.8   0.00  37.78  48.23  21.24  99.92  71629 1732.683   171  239.233 1971.916
        95797.8   0.00  43.90  13.53  21.25  99.92  71637 1732.848   171  239.233 1972.082
        95807.8  66.22   0.00  73.35  21.27  99.92  71644 1732.983   171  239.233 1972.217
        95817.8  76.00   0.00  17.18  21.49  99.92  71652 1733.176   171  239.233 1972.409
        95827.8   0.00 100.00  94.02  21.66  99.92  71659 1733.354   171  239.233 1972.588
        95837.8   0.00  35.71  69.52  22.09  99.92  71667 1733.539   171  239.233 1972.772
        95847.8   0.00  51.17  46.48  22.27  99.92  71675 1733.702   171  239.233 1972.935
        95857.8   0.00  25.00   5.95  22.28  99.92  71683 1733.846   171  239.233 1973.079
        95867.8  49.72   0.00  58.44  22.30  99.92  71690 1733.966   171  239.233 1973.199
Timestamp         S0     S1     E      O      P     YGC     YGCT    FGC    FGCT     GCT   
        95877.8   0.00  71.47  92.29  22.31  99.92  71697 1734.113   171  239.233 1973.347
        95887.8   0.00  99.78  85.21  23.09  99.92  71705 1734.402   171  239.233 1973.636
        95897.8   0.00  50.79  81.97  23.59  99.92  71713 1734.620   171  239.233 1973.854
        95907.8   0.00  38.95  53.53  23.85  99.92  71721 1734.753   171  239.233 1973.986
        95917.8   0.00  41.09  41.45  23.87  99.92  71729 1734.942   171  239.233 1974.175
        95927.8   0.00  41.74  27.82  23.90  99.92  71737 1735.090   171  239.233 1974.324
        95937.8  53.95   0.00  50.60  23.91  99.92  71744 1735.220   171  239.233 1974.454
        95947.8   0.00  47.90  91.66  23.96  99.92  71751 1735.336   171  239.233 1974.570
        95957.8   0.00  53.42   1.57  23.99  99.92  71759 1735.480   171  239.233 1974.714
        95967.8  70.29   0.00  24.75  24.01  99.92  71766 1735.601   171  239.233 1974.835
Timestamp         S0     S1     E      O      P     YGC     YGCT    FGC    FGCT     GCT   
        95977.8   0.00  72.15  47.88  24.04  99.92  71773 1735.721   171  239.233 1974.955
        95987.8  73.77   0.00  82.48  24.07  99.92  71780 1735.869   171  239.233 1975.102
        95997.8 100.00   0.00  30.48  24.20  99.92  71788 1736.048   171  239.233 1975.282
        96007.8  59.96   0.00  55.55  27.07  99.92  71796 1736.399   171  239.233 1975.633
        96017.8   0.00  33.82  42.49  28.58  99.92  71805 1736.668   171  239.233 1975.902
        96027.8   0.00  17.35  54.83  28.73  99.92  71813 1736.845   171  239.233 1976.078
        96037.8   0.00  24.70  75.39  28.75  99.92  71821 1736.998   171  239.233 1976.232
        96047.8   0.00  67.49  75.70  28.80  99.92  71829 1737.214   171  239.233 1976.447
        96057.8   0.00  46.96  68.75  28.82  99.92  71837 1737.408   171  239.233 1976.641
        96067.8   0.00  46.34  33.55  28.89  99.92  71845 1737.552   171  239.233 1976.786
Timestamp         S0     S1     E      O      P     YGC     YGCT    FGC    FGCT     GCT   
        96077.8  44.71   0.00  75.88  28.97  99.92  71852 1737.682   171  239.233 1976.915
        96087.8  61.36   0.00  36.77  28.98  99.92  71860 1737.880   171  239.233 1977.114
        96097.8   0.00  66.47  86.06  29.04  99.92  71867 1738.101   171  239.233 1977.335
        96107.8   0.00  49.35  35.35  29.06  99.92  71875 1738.246   171  239.233 1977.480
        96117.8  75.29   0.00  75.02  29.08  99.92  71882 1738.479   171  239.233 1977.713
        96127.8  70.68   0.00  17.43  29.25  99.92  71890 1738.657   171  239.233 1977.891
        96137.8   0.00  62.61  82.18  29.28  99.92  71897 1738.858   171  239.233 1978.092
        96147.8   0.00  42.76  30.85  29.59  99.92  71905 1739.009   171  239.233 1978.243
        96157.8  37.12   0.00  67.45  29.61  99.92  71912 1739.149   171  239.233 1978.382
        96167.8  55.33   0.00   5.31  29.63  99.92  71920 1739.289   171  239.233 1978.522
Timestamp         S0     S1     E      O      P     YGC     YGCT    FGC    FGCT     GCT   
        96177.8   0.00  99.52  46.60  29.65  99.92  71927 1739.414   171  239.233 1978.647
        96187.8  50.68   0.00  60.04  29.70  99.92  71934 1739.618   171  239.233 1978.851
        96197.8  75.16   0.00  23.83  30.79  99.92  71942 1739.834   171  239.233 1979.068
        96207.8   0.00  65.91  56.62  30.80  99.92  71949 1740.018   171  239.233 1979.251
        96217.8   0.00  41.03   8.49  31.31  99.92  71957 1740.215   171  239.233 1979.448
        96227.8  44.13   0.00  62.89  31.32  99.92  71964 1740.386   171  239.233 1979.619
        96237.8   0.00  99.71  89.56  31.34  99.92  71971 1740.555   171  239.233 1979.788
        96247.8   0.00  81.86  39.92  31.45  99.92  71979 1740.777   171  239.233 1980.010
        96257.8   0.00  73.10   0.00  31.54  99.92  71987 1740.953   171  239.233 1980.187
        96267.8   0.00  99.86   0.00  32.39  99.92  71995 1741.169   171  239.233 1980.403
Timestamp         S0     S1     E      O      P     YGC     YGCT    FGC    FGCT     GCT   
        96277.8   0.00  36.84   5.56  32.41  99.92  72003 1741.421   171  239.233 1980.654
        96287.8  32.51   0.00  93.29  32.87  99.92  72010 1741.577   171  239.233 1980.811
        96297.8  37.37   0.00  32.05  32.91  99.92  72018 1741.766   171  239.233 1980.999
        96307.8  55.23   0.00   8.63  32.93  99.92  72026 1741.976   171  239.233 1981.210
        96317.9   0.00  52.78  82.61  32.94  99.92  72033 1742.105   171  239.233 1981.338
        96327.8   0.00 100.00  58.31  33.02  99.92  72041 1742.279   171  239.233 1981.512
        96337.9   0.00  36.08  26.02  33.05  99.92  72049 1742.458   171  239.233 1981.691
        96347.9  46.48   0.00  94.44  33.06  99.92  72056 1742.605   171  239.233 1981.839
        96357.8  77.65   0.00  44.75  33.08  99.92  72064 1742.769   171  239.233 1982.002
        96367.9   0.00  64.33  92.42  33.13  99.92  72071 1742.894   171  239.233 1982.127
Timestamp         S0     S1     E      O      P     YGC     YGCT    FGC    FGCT     GCT   
        96377.9  70.89   0.00  96.87  33.14  99.92  72078 1743.027   171  239.233 1982.260
        96387.8 100.00   0.00  35.48  33.82  99.92  72086 1743.183   171  239.233 1982.416
        96397.8   0.00  99.68  91.07  33.84  99.92  72093 1743.347   171  239.233 1982.581
        96407.9  69.57   0.00  94.89  33.85  99.92  72100 1743.561   171  239.233 1982.794
        96417.9  45.83   0.00  48.05  34.24  99.92  72108 1743.725   171  239.233 1982.959
        96427.9   0.00  41.62  50.92  34.27  99.92  72115 1743.849   171  239.233 1983.082
        96437.9  31.79   0.00  39.22  34.32  99.92  72122 1743.998   171  239.233 1983.232
        96447.9  80.43   0.00   9.35  35.03  99.92  72130 1744.205   171  239.233 1983.439
        96457.9  54.89   0.00   8.67  35.04  99.92  72138 1744.417   171  239.233 1983.651
        96467.8   0.00  12.06  57.04  35.78  99.92  72145 1744.555   171  239.233 1983.789
Timestamp         S0     S1     E      O      P     YGC     YGCT    FGC    FGCT     GCT   
        96477.8  51.08   0.00  93.47  35.80  99.92  72152 1744.707   171  239.233 1983.940
        96487.8  33.56   0.00  39.86  35.81  99.92  72160 1744.876   171  239.233 1984.110
        96497.8   0.00  61.72  92.89  35.83  99.92  72167 1744.990   171  239.233 1984.224
        96507.9   0.00  99.48  75.04  35.86  99.92  72175 1745.161   171  239.233 1984.394
        96517.9   0.00  63.30  51.94  35.90  99.92  72183 1745.319   171  239.233 1984.552
        96527.9   0.00  47.12  15.96  35.93  99.92  72191 1745.484   171  239.233 1984.717
        96537.8  39.54   0.00  49.67  35.96  99.92  72198 1745.645   171  239.233 1984.878
        96547.8  78.99   0.00  19.77  35.99  99.92  72206 1745.826   171  239.233 1985.059
        96557.9  56.19   0.00   2.24  36.01  99.92  72214 1746.015   171  239.233 1985.248
        96567.9   0.00  74.36  86.89  36.13  99.92  72221 1746.174   171  239.233 1985.407
Timestamp         S0     S1     E      O      P     YGC     YGCT    FGC    FGCT     GCT   
        96577.9   0.00  47.73  85.93  36.15  99.92  72229 1746.370   171  239.233 1985.603
        96587.9   0.00  61.69  47.42  36.17  99.92  72237 1746.592   171  239.233 1985.826
        96597.9 100.00   0.00  69.01  38.45  99.92  72244 1746.827   171  239.233 1986.060
        96607.9  71.59   0.00  73.49  38.55  99.92  72252 1747.100   171  239.233 1986.334
        96617.9  30.35   0.00  90.47  39.79  99.92  72260 1747.333   171  239.233 1986.567
        96627.9   0.00  38.07  41.63  39.98  99.92  72269 1747.541   171  239.233 1986.775
        96637.9   0.00  34.36  50.69  40.01  99.92  72277 1747.732   171  239.233 1986.965
        96647.9   0.00  34.92  41.76  40.11  99.92  72285 1747.916   171  239.233 1987.150
        96657.9  50.21   0.00  75.91  40.16  99.92  72292 1748.072   171  239.233 1987.305
        96667.9  45.45   0.00  62.70  40.18  99.92  72300 1748.221   171  239.233 1987.454
Timestamp         S0     S1     E      O      P     YGC     YGCT    FGC    FGCT     GCT   
        96677.9  58.17   0.00  37.90  40.21  99.92  72308 1748.391   171  239.233 1987.624
        96687.9   0.00 100.00  87.64  40.31  99.92  72315 1748.539   171  239.233 1987.773
        96697.9   0.00  38.68  65.21  40.32  99.92  72323 1748.709   171  239.233 1987.942
        96707.9   0.00  99.30  31.47  40.34  99.92  72331 1748.869   171  239.233 1988.103
        96717.9  81.50   0.00  90.61  40.35  99.92  72338 1749.060   171  239.233 1988.293
        96727.9   0.00  82.86  98.52  40.39  99.92  72346 1749.186   171  239.233 1988.419
        96737.9   0.00  87.56  74.67  40.45  99.92  72353 1749.398   171  239.233 1988.631
        96747.9   0.00  66.09  74.08  40.54  99.92  72361 1749.675   171  239.233 1988.909
        96757.9   0.00 100.00  62.02  40.58  99.92  72369 1749.890   171  239.233 1989.124
        96767.9   0.00 100.00  38.32  40.68  99.92  72377 1750.045   171  239.233 1989.279
Timestamp         S0     S1     E      O      P     YGC     YGCT    FGC    FGCT     GCT   
        96777.9   0.00 100.00   7.48  40.70  99.92  72385 1750.208   171  239.233 1989.442
        96787.9  55.35   0.00  70.80  40.73  99.92  72392 1750.334   171  239.233 1989.568
        96797.9  38.65   0.00   6.97  40.78  99.92  72400 1750.488   171  239.233 1989.721
        96807.9   0.00  68.21  76.82  40.80  99.92  72407 1750.626   171  239.233 1989.859
        96817.9   0.00 100.00  17.46  41.73  99.92  72415 1750.859   171  239.233 1990.092
        96827.9   0.00  62.10  22.42  43.22  99.92  72423 1751.107   171  239.233 1990.340
        96837.9   0.00  27.93  12.12  44.15  99.92  72431 1751.447   171  239.233 1990.681
        96847.9  15.78   0.00  49.93  44.17  99.92  72438 1751.587   171  239.233 1990.821
        96857.9  24.92   0.00  42.27  44.21  99.92  72446 1751.766   171  239.233 1990.999
        96867.9   0.00  32.06  99.14  44.23  99.92  72454 1751.904   171  239.233 1991.138
Timestamp         S0     S1     E      O      P     YGC     YGCT    FGC    FGCT     GCT   
        96877.9   0.00  70.00  49.06  44.27  99.92  72461 1752.069   171  239.233 1991.302
        96887.9  78.82   0.00  57.67  44.29  99.92  72468 1752.191   171  239.233 1991.424
        96897.9   0.00  54.71   0.75  44.64  99.92  72475 1752.358   171  239.233 1991.592
        96907.9  54.58   0.00  49.09  44.65  99.92  72482 1752.547   171  239.233 1991.781
        96917.9  37.65   0.00  39.91  45.04  99.92  72490 1752.706   171  239.233 1991.939
        96927.9  59.40   0.00  14.24  45.06  99.92  72498 1752.869   171  239.233 1992.103
        96937.9   0.00  52.97  84.91  45.08  99.92  72505 1753.010   171  239.233 1992.243
        96947.9   0.00  73.06  71.27  45.16  99.92  72513 1753.165   171  239.233 1992.398
        96957.9   0.00 100.00  40.63  45.17  99.92  72521 1753.345   171  239.233 1992.579
        96967.9  46.43   0.00  87.52  45.19  99.92  72528 1753.527   171  239.233 1992.760
Timestamp         S0     S1     E      O      P     YGC     YGCT    FGC    FGCT     GCT   
        96977.9  46.84   0.00  30.41  45.33  99.92  72536 1753.693   171  239.233 1992.927
        96987.9   0.00 100.00  98.39  45.35  99.92  72544 1753.854   171  239.233 1993.088
        96997.9   0.00  49.52  76.58  45.36  99.92  72551 1754.028   171  239.233 1993.261
        97007.9   0.00  54.42  31.90  45.45  99.92  72559 1754.209   171  239.233 1993.443
        97017.9  59.54   0.00  50.05  45.47  99.92  72566 1754.338   171  239.233 1993.571
        97027.9  86.86   0.00  37.71  45.48  99.92  72574 1754.497   171  239.233 1993.731
        97037.9  85.98   0.00   7.57  45.53  99.92  72582 1754.710   171  239.233 1993.943
        97047.9   0.00  47.94  71.85  45.59  99.92  72589 1754.866   171  239.233 1994.099
        97057.9   0.00  41.84  29.68  45.65  99.92  72597 1755.037   171  239.233 1994.270
        97067.9  48.74   0.00  76.33  45.66  99.92  72604 1755.195   171  239.233 1994.428
Timestamp         S0     S1     E      O      P     YGC     YGCT    FGC    FGCT     GCT   
        97077.9   0.00  99.49  95.34  45.67  99.92  72611 1755.381   171  239.233 1994.615
        97087.9   0.00 100.00  48.83  45.68  99.92  72619 1755.537   171  239.233 1994.771
        97097.9  77.78   0.00  81.77  46.22  99.92  72626 1755.705   171  239.233 1994.938
        97107.9  62.60   0.00  16.73  46.23  99.92  72634 1755.889   171  239.233 1995.122
        97117.9   0.00  58.17  62.88  46.66  99.92  72641 1756.074   171  239.233 1995.308
        97127.9   0.00  51.28  37.10  46.69  99.92  72649 1756.247   171  239.233 1995.480
        97137.9   0.00  88.80  12.84  46.72  99.92  72657 1756.418   171  239.233 1995.652
        97147.9   0.00  59.28   4.08  46.82  99.92  72665 1756.671   171  239.233 1995.905
        97157.9  75.26   0.00  89.80  46.84  99.92  72672 1756.821   171  239.233 1996.054
        97167.9  44.18   0.00  48.62  46.86  99.92  72680 1756.980   171  239.233 1996.214
Timestamp         S0     S1     E      O      P     YGC     YGCT    FGC    FGCT     GCT   
        97177.9   0.00  99.25  79.50  46.89  99.92  72687 1757.101   171  239.233 1996.334
        97187.9   0.00  99.64  56.18  46.90  99.92  72695 1757.270   171  239.233 1996.504
        97197.9   0.00 100.00  11.38  46.93  99.92  72703 1757.486   171  239.233 1996.720
        97207.9  38.70   0.00  71.17  47.02  99.92  72710 1757.660   171  239.233 1996.894
        97217.9  41.40   0.00   6.32  47.09  99.92  72718 1757.852   171  239.233 1997.085
        97227.9   0.00  61.01  80.36  47.11  99.92  72725 1757.980   171  239.233 1997.214
        97237.9   0.00 100.00  54.31  47.93  99.92  72733 1758.161   171  239.233 1997.395
        97247.9   0.00 100.00  20.08  47.97  99.92  72741 1758.373   171  239.233 1997.607
        97257.9  26.61   0.00  60.63  48.54  99.92  72748 1758.551   171  239.233 1997.785
        97267.9  27.96   0.00  51.78  48.57  99.92  72756 1758.712   171  239.233 1997.945
Timestamp         S0     S1     E      O      P     YGC     YGCT    FGC    FGCT     GCT   
        97277.9  42.99   0.00   7.33  48.60  99.92  72764 1758.845   171  239.233 1998.079
        97287.9   0.00  78.92  68.23  48.63  99.92  72771 1758.993   171  239.233 1998.226
        97297.9   0.00 100.00  15.80  48.64  99.92  72779 1759.137   171  239.233 1998.371
        97307.9   0.00  78.65   0.00  48.66  99.92  72787 1759.306   171  239.233 1998.539
        97317.9 100.00   0.00  62.38  48.72  99.92  72794 1759.579   171  239.233 1998.812
        97328.0  85.93   0.00  48.86  48.82  99.92  72802 1759.744   171  239.233 1998.977
        97338.0  47.09   0.00   7.73  48.86  99.92  72810 1759.908   171  239.233 1999.141
        97348.0   0.00  50.27  87.35  48.88  99.92  72817 1760.030   171  239.233 1999.263
        97358.0   0.00 100.00  60.64  49.65  99.92  72825 1760.217   171  239.233 1999.451
        97368.0   0.00  99.85  81.88  51.04  99.92  72833 1760.463   171  239.233 1999.697
Timestamp         S0     S1     E      O      P     YGC     YGCT    FGC    FGCT     GCT   
        97378.0   0.00  33.99  68.77  51.70  99.92  72841 1760.679   171  239.233 1999.912
        97388.0   0.00  11.52  74.97  52.10  99.92  72849 1760.848   171  239.233 2000.081
        97398.0   0.00  20.51  39.08  52.13  99.92  72857 1760.987   171  239.233 2000.221
        97408.0   0.00  44.15  25.53  52.15  99.92  72865 1761.156   171  239.233 2000.389
        97418.0  58.99   0.00  85.70  52.16  99.92  72872 1761.340   171  239.233 2000.573
        97428.0  49.10   0.00  14.17  52.22  99.92  72880 1761.536   171  239.233 2000.769
        97438.0   0.00 100.00  43.36  52.38  99.92  72887 1761.681   171  239.233 2000.914
        97448.0   0.00  99.83  53.00  53.60  99.92  72895 1761.930   171  239.233 2001.163
        97458.0   0.00  32.48  58.50  54.20  99.92  72903 1762.152   171  239.233 2001.386
        97468.0   0.00  29.43  79.26  54.58  99.92  72911 1762.345   171  239.233 2001.579
Timestamp         S0     S1     E      O      P     YGC     YGCT    FGC    FGCT     GCT   
        97478.0   0.00  46.68  90.31  54.60  99.92  72919 1762.517   171  239.233 2001.750
        97488.0   0.00  38.42  17.73  54.67  99.92  72927 1762.710   171  239.233 2001.943
        97498.0  60.75   0.00  99.27  54.69  99.92  72935 1762.866   171  239.233 2002.100
        97508.0  72.89   0.00  71.12  54.79  99.92  72942 1763.064   171  239.233 2002.298
        97518.0  38.69   0.00  10.79  54.83  99.92  72950 1763.242   171  239.233 2002.476
        97528.0   0.00  44.07  26.28  54.99  99.92  72957 1763.397   171  239.233 2002.631
        97538.0  53.95   0.00  67.32  55.01  99.92  72964 1763.577   171  239.233 2002.810
        97548.0  43.06   0.00  33.65  55.04  99.92  72972 1763.738   171  239.233 2002.971
        97558.0   0.00  58.85  82.99  55.07  99.92  72979 1763.972   171  239.233 2003.205
        97568.0   0.00  45.48  40.13  55.14  99.92  72987 1764.147   171  239.233 2003.381
Timestamp         S0     S1     E      O      P     YGC     YGCT    FGC    FGCT     GCT   
        97578.0  86.18   0.00  54.94  55.17  99.92  72994 1764.297   171  239.233 2003.531
        97588.0  84.38   0.00  14.27  56.04  99.92  73002 1764.494   171  239.233 2003.728
        97598.0   0.00 100.00  80.04  56.12  99.92  73009 1764.700   171  239.233 2003.933
        97608.0   0.00  99.70  84.77  56.69  99.92  73017 1764.901   171  239.233 2004.134
        97618.0   0.00  46.46  57.53  56.84  99.92  73025 1765.077   171  239.233 2004.311
        97628.0   0.00  62.93   2.91  56.91  99.92  73033 1765.241   171  239.233 2004.474
        97638.0  38.81   0.00  78.59  56.92  99.92  73040 1765.428   171  239.233 2004.662
        97648.0  56.68   0.00  61.63  56.96  99.92  73048 1765.607   171  239.233 2004.840
        97658.0  90.00   0.00  15.62  56.98  99.92  73056 1765.776   171  239.233 2005.009
        97667.9   0.00  99.55  73.89  57.14  99.92  73063 1765.918   171  239.233 2005.152
Timestamp         S0     S1     E      O      P     YGC     YGCT    FGC    FGCT     GCT   
        97678.0   0.00  68.43  41.21  57.16  99.92  73071 1766.107   171  239.233 2005.340
        97688.0   0.00  42.49   3.72  57.23  99.92  73079 1766.290   171  239.233 2005.524
        97698.0  49.49   0.00  34.84  57.26  99.92  73086 1766.444   171  239.233 2005.678
        97708.0  67.57   0.00   9.59  57.33  99.92  73094 1766.670   171  239.233 2005.903
        97718.0   0.00  42.89  83.69  57.34  99.92  73101 1766.805   171  239.233 2006.039
        97728.0   0.00  57.29  38.42  57.42  99.92  73109 1767.000   171  239.233 2006.233
        97738.0  43.65   0.00  48.17  57.46  99.92  73116 1767.142   171  239.233 2006.376
        97748.0  56.33   0.00  32.85  57.47  99.92  73124 1767.323   171  239.233 2006.556
        97758.0   0.00  91.52  77.33  57.49  99.92  73131 1767.485   171  239.233 2006.718
        97768.0   0.00  69.27  55.24  57.62  99.92  73139 1767.722   171  239.233 2006.955
Timestamp         S0     S1     E      O      P     YGC     YGCT    FGC    FGCT     GCT   
        97778.0   0.00 100.00  27.49  57.65  99.92  73147 1767.938   171  239.233 2007.171
        97788.0   0.00  67.96  10.23  57.76  99.92  73155 1768.131   171  239.233 2007.365
        97798.0  41.03   0.00  53.76  57.79  99.92  73162 1768.302   171  239.233 2007.535
        97808.0  97.98   0.00   0.51  57.83  99.92  73170 1768.443   171  239.233 2007.677
        97818.0   0.00  46.82  70.79  57.85  99.92  73177 1768.599   171  239.233 2007.833
        97828.0   0.00 100.00  29.96  57.91  99.92  73185 1768.781   171  239.233 2008.014
        97838.0  77.37   0.00  92.03  57.93  99.92  73192 1768.912   171  239.233 2008.146
        97848.0  56.46   0.00  47.34  57.97  99.92  73200 1769.076   171  239.233 2008.309
        97858.0   0.00 100.00  82.04  60.02  99.92  73207 1769.261   171  239.233 2008.494
        97868.0  68.93   0.00   7.26  60.60  99.92  73216 1769.511   171  239.233 2008.745
Timestamp         S0     S1     E      O      P     YGC     YGCT    FGC    FGCT     GCT   
        97878.0  21.94   0.00   6.65  61.41  99.92  73224 1769.764   171  239.233 2008.998
        97888.0  16.83   0.00  12.99  61.51  99.92  73232 1769.925   171  239.233 2009.158
        97898.0   0.00  55.34  82.78  61.53  99.92  73239 1770.136   171  239.233 2009.370
        97908.0   0.00  45.40  52.02  61.55  99.92  73247 1770.340   171  239.233 2009.574
        97918.0  54.80   0.00  55.47  61.67  99.92  73254 1770.486   171  239.233 2009.720
        97928.0   0.00  45.11  98.30  61.70  99.92  73261 1770.624   171  239.233 2009.857
        97938.0   0.00  51.67  53.47  61.72  99.92  73269 1770.836   171  239.233 2010.069
        97948.0   0.00  88.64  14.61  61.73  99.92  73277 1770.998   171  239.233 2010.231
        97958.0  69.54   0.00  99.25  64.44  99.92  73285 1771.226   171  239.233 2010.460
        97968.0  63.41   0.00  87.40  64.45  99.92  73292 1771.457   171  239.233 2010.691
Timestamp         S0     S1     E      O      P     YGC     YGCT    FGC    FGCT     GCT   
        97978.1  18.59   0.00  76.25  65.45  99.92  73300 1771.660   171  239.233 2010.894
        97988.1  36.58   0.00  30.51  65.47  99.92  73308 1771.837   171  239.233 2011.071
        97998.0   0.00  20.07  67.12  65.53  99.92  73315 1771.953   171  239.233 2011.187
        98008.0   0.00  49.55  10.73  65.56  99.92  73323 1772.106   171  239.233 2011.339
        98018.1  50.62   0.00  78.36  65.58  99.92  73330 1772.271   171  239.233 2011.504
        98028.1  47.24   0.00  48.06  65.60  99.92  73338 1772.454   171  239.233 2011.688
        98038.1   0.00  34.20 100.00  65.67  99.92  73346 1772.597   171  239.233 2011.830
        98048.1   0.00  99.66  64.16  65.70  99.92  73353 1772.782   171  239.233 2012.015
        98058.1   0.00  62.05  37.07  66.56  99.92  73361 1773.026   171  239.233 2012.260
        98068.1   0.00 100.00  16.24  66.58  99.92  73369 1773.234   171  239.233 2012.468
Timestamp         S0     S1     E      O      P     YGC     YGCT    FGC    FGCT     GCT   
        98078.1   0.00  76.42  31.95  67.08  99.92  73377 1773.462   171  239.233 2012.696
        98088.1   0.00 100.00  18.79  67.11  99.92  73385 1773.639   171  239.233 2012.873
        98098.1  49.80   0.00  89.51  67.22  99.92  73392 1773.899   171  239.233 2013.133
        98108.1  51.59   0.00  81.76  67.26  99.92  73400 1774.072   171  239.233 2013.305
        98118.1  36.56   0.00  20.94  67.28  99.92  73408 1774.342   171  239.233 2013.576
        98128.1   0.00  99.44  63.05  67.29  99.92  73415 1774.487   171  239.233 2013.721
        98138.1   0.00 100.00  50.52  67.33  99.92  73423 1774.692   171  239.233 2013.926
        98148.1   0.00  34.52  53.65  67.35  99.92  73431 1774.893   171  239.233 2014.127
        98158.1   0.00 100.00  33.92  67.37  99.92  73439 1775.096   171  239.233 2014.329
        98168.1   0.00  99.35  24.30  67.48  99.92  73447 1775.359   171  239.233 2014.592
Timestamp         S0     S1     E      O      P     YGC     YGCT    FGC    FGCT     GCT   
        98178.1  59.62   0.00  84.30  67.49  99.92  73454 1775.515   171  239.233 2014.749
        98188.1  49.31   0.00  40.44  67.65  99.92  73462 1775.682   171  239.233 2014.916
        98198.1   0.00  65.15  71.34  67.66  99.92  73469 1775.834   171  239.233 2015.068
        98208.1   0.00  41.22   2.20  67.88  99.92  73477 1776.017   171  239.233 2015.251
        98218.1  44.22   0.00  21.62  67.90  99.92  73484 1776.161   171  239.233 2015.394
        98228.1   0.00  55.06  73.93  67.94  99.92  73491 1776.318   171  239.233 2015.552
        98238.1   0.00  41.67  22.75  67.96  99.92  73499 1776.504   171  239.233 2015.737
        98248.1  93.79   0.00  65.05  67.97  99.92  73506 1776.680   171  239.233 2015.913
        98258.1  99.06   0.00  66.82  68.01  99.92  73514 1776.852   171  239.233 2016.086
        98268.1  61.22   0.00  38.34  68.07  99.92  73522 1777.087   171  239.233 2016.320
Timestamp         S0     S1     E      O      P     YGC     YGCT    FGC    FGCT     GCT   
        98278.1   0.00  99.65  91.14  68.17  99.92  73529 1777.276   171  239.233 2016.509
        98288.1   0.00  43.51  77.25  68.26  99.92  73537 1777.442   171  239.233 2016.676
        98298.1   0.00  99.68  25.60  68.29  99.92  73545 1777.607   171  239.233 2016.840
        98308.1   0.00 100.00  10.20  68.36  99.92  73553 1777.787   171  239.233 2017.020
        98318.1   0.00  99.84  18.80  69.53  99.92  73561 1778.084   171  239.233 2017.317
        98328.1   0.00  42.14  37.48  69.67  99.92  73569 1778.275   171  239.233 2017.509
        98338.1  35.59   0.00  87.11  70.17  99.92  73576 1778.455   171  239.233 2017.688
        98348.1  40.67   0.00  63.80  70.20  99.92  73584 1778.613   171  239.233 2017.846
        98358.1  58.91   0.00  38.57  70.22  99.92  73592 1778.781   171  239.233 2018.014
        98368.1  41.22   0.00   7.89  70.26  99.92  73600 1778.975   171  239.233 2018.209
Timestamp         S0     S1     E      O      P     YGC     YGCT    FGC    FGCT     GCT   
        98378.1   0.00 100.00  63.84  70.33  99.92  73607 1779.205   171  239.233 2018.438
        98388.1   0.00  34.62  35.70  70.35  99.92  73615 1779.362   171  239.233 2018.595
        98398.1 100.00   0.00  71.64  70.47  99.92  73622 1779.559   171  239.233 2018.792
        98408.1  54.43   0.00  85.52  70.52  99.92  73630 1779.811   171  239.233 2019.044
        98418.1  34.40   0.00  52.01  70.73  99.92  73638 1779.984   171  239.233 2019.218
        98428.1  54.71   0.00  32.81  70.88  99.92  73646 1780.197   171  239.233 2019.430
        98438.1   0.00  38.03  93.57  70.90  99.92  73653 1780.342   171  239.233 2019.575
        98448.1   0.00 100.00  47.82  70.91  99.92  73661 1780.565   171  239.233 2019.799
        98458.1  54.46   0.00  77.81  70.92  99.92  73668 1780.728   171  239.233 2019.962
        98468.1  36.17   0.00  25.64  70.96  99.92  73676 1780.908   171  239.233 2020.142
Timestamp         S0     S1     E      O      P     YGC     YGCT    FGC    FGCT     GCT   
        98478.1   0.00  74.47  99.52  70.99  99.92  73683 1781.063   171  239.233 2020.297
        98488.1   0.00  31.20  83.60  71.10  99.92  73691 1781.269   171  239.233 2020.502
        98498.1   0.00  47.30  22.36  71.15  99.92  73699 1781.501   171  239.233 2020.734
        98508.1  66.58   0.00  59.13  71.19  99.92  73706 1781.636   171  239.233 2020.869
        98518.1  93.88   0.00   0.00  71.21  99.92  73714 1781.820   171  239.233 2021.053
        98528.1   0.00  78.79  71.14  71.23  99.92  73721 1781.971   171  239.233 2021.205
        98538.1   0.00  40.40  60.57  71.35  99.92  73729 1782.160   171  239.233 2021.393
        98548.1   0.00  70.55  19.38  71.37  99.92  73737 1782.356   171  239.233 2021.590
        98558.1  73.74   0.00 100.00  71.51  99.92  73745 1782.497   171  239.233 2021.731
        98568.1  70.85   0.00  50.21  71.55  99.92  73752 1782.646   171  239.233 2021.879
Timestamp         S0     S1     E      O      P     YGC     YGCT    FGC    FGCT     GCT   
        98578.1   0.00  66.48  61.68  71.56  99.92  73759 1782.783   171  239.233 2022.016
        98588.1   0.00  70.83  31.59  71.63  99.92  73767 1783.006   171  239.233 2022.239
        98598.1  69.94   0.00  79.71  71.65  99.92  73774 1783.171   171  239.233 2022.405
        98608.1  84.57   0.00  82.13  72.18  99.92  73782 1783.373   171  239.233 2022.606
        98618.1  49.40   0.00  70.70  72.54  99.92  73790 1783.605   171  239.233 2022.839
        98628.1  32.85   0.00  27.93  72.79  99.92  73798 1783.786   171  239.233 2023.020
        98638.1   0.00  41.14  95.86  72.81  99.92  73805 1783.919   171  239.233 2023.152
        98648.1   0.00  36.68  76.97  72.83  99.92  73813 1784.112   171  239.233 2023.346
        98658.1   0.00 100.00  42.76  72.85  99.92  73821 1784.286   171  239.233 2023.519
        98668.1   0.00  77.72  42.03  72.97  99.92  73829 1784.489   171  239.233 2023.723
Timestamp         S0     S1     E      O      P     YGC     YGCT    FGC    FGCT     GCT   
        98678.1   0.00  47.29   2.13  73.00  99.92  73837 1784.661   171  239.233 2023.895
        98688.1  50.80   0.00  38.78  73.07  99.92  73844 1784.814   171  239.233 2024.047
        98698.1   0.00  49.41  98.82  73.10  99.92  73851 1784.966   171  239.233 2024.199
        98708.1   0.00  99.68  70.37  73.12  99.92  73859 1785.167   171  239.233 2024.400
        98718.1   0.00  66.01  31.53  73.16  99.92  73867 1785.310   171  239.233 2024.544
        98728.2   0.00  58.33   9.88  73.20  99.92  73875 1785.486   171  239.233 2024.719
        98738.1  91.18   0.00  75.02  73.22  99.92  73882 1785.644   171  239.233 2024.877
        98748.1  48.56   0.00  54.17  73.37  99.92  73890 1785.839   171  239.233 2025.072
        98758.1   0.00  99.52  88.75  73.38  99.92  73897 1785.992   171  239.233 2025.225
        98768.1   0.00 100.00  11.15  73.44  99.92  73905 1786.184   171  239.233 2025.418
Timestamp         S0     S1     E      O      P     YGC     YGCT    FGC    FGCT     GCT   
        98778.1  76.69   0.00  28.58  73.45  99.92  73912 1786.337   171  239.233 2025.570
        98788.2 100.00   0.00  16.61  73.48  99.92  73920 1786.535   171  239.233 2025.768
        98798.2  81.80   0.00   3.21  73.50  99.92  73928 1786.811   171  239.233 2026.044
        98808.1   0.00 100.00  92.92  73.54  99.92  73935 1786.975   171  239.233 2026.208
        98818.1   0.00  49.26  39.58  73.61  99.92  73943 1787.174   171  239.233 2026.407
        98828.1  47.78   0.00  64.86  73.62  99.92  73950 1787.287   171  239.233 2026.520
        98838.1  49.09   0.00  52.11  73.64  99.92  73958 1787.441   171  239.233 2026.675
        98848.2   0.00  99.28  97.56  73.65  99.92  73965 1787.580   171  239.233 2026.813
        98858.1   0.00 100.00  72.38  73.67  99.92  73973 1787.779   171  239.233 2027.013
        98868.1   0.00  99.69  43.79  73.69  99.92  73981 1787.949   171  239.233 2027.183
Timestamp         S0     S1     E      O      P     YGC     YGCT    FGC    FGCT     GCT   
        98878.1  75.49   0.00  83.34  73.79  99.92  73988 1788.125   171  239.233 2027.358
        98888.2  93.51   0.00  60.85  73.81  99.92  73996 1788.288   171  239.233 2027.522
        98898.2  87.24   0.00  40.99  73.85  99.92  74004 1788.476   171  239.233 2027.710
        98908.1  83.84   0.00  16.79  73.86  99.92  74012 1788.744   171  239.233 2027.978
        98918.1  74.59   0.00   7.08  73.90  99.92  74020 1788.929   171  239.233 2028.162
        98928.2   0.00 100.00  77.60  73.93  99.92  74027 1789.113   171  239.233 2028.347
        98938.2   0.00  38.42  23.97  73.94  99.92  74035 1789.327   171  239.233 2028.561
        98948.2   0.00 100.00  12.83  75.57  99.92  74043 1789.522   171  239.233 2028.756
        98958.1   0.00  99.86  30.66  76.80  99.92  74051 1789.829   171  239.233 2029.063
        98968.1   0.00  35.65  93.76  77.86  99.92  74059 1790.106   171  239.233 2029.339
Timestamp         S0     S1     E      O      P     YGC     YGCT    FGC    FGCT     GCT   
        98978.1  25.82   0.00  42.75  78.27  99.92  74068 1790.378   171  239.233 2029.611
        98988.1  50.82   0.00  72.21  78.31  99.92  74076 1790.593   171  239.233 2029.827
        98998.2  27.89   0.00  80.50  78.34  99.92  74084 1790.786   171  239.233 2030.020
        99008.2  63.49   0.00  69.44  78.50  99.92  74092 1790.985   171  239.233 2030.218
        99018.2  57.47   0.00  54.95  78.51  99.92  74100 1791.169   171  239.233 2030.402
        99028.1  51.44   0.00  23.18  78.53  99.92  74108 1791.359   171  239.233 2030.593
        99038.2   0.00 100.00  83.17  78.55  99.92  74115 1791.511   171  239.233 2030.744
        99048.1   0.00 100.00  35.79  78.73  99.92  74123 1791.678   171  239.233 2030.912
        99058.2   0.00  66.15   3.87  78.75  99.92  74131 1791.963   171  239.233 2031.197
        99068.2  52.67   0.00  72.08  78.91  99.92  74138 1792.118   171  239.233 2031.351
Timestamp         S0     S1     E      O      P     YGC     YGCT    FGC    FGCT     GCT   
        99078.2  33.33   0.00   3.90  79.00  99.92  74146 1792.274   171  239.233 2031.508
        99088.2   0.00  99.63  52.40  79.02  99.92  74153 1792.406   171  239.233 2031.639
        99098.1   0.00  60.80  19.20  79.04  99.92  74161 1792.576   171  239.233 2031.810
        99108.1  62.80   0.00  65.22  79.05  99.92  74168 1792.727   171  239.233 2031.961
        99118.2   0.00  99.60  60.56  79.13  99.92  74175 1792.861   171  239.233 2032.094
        99128.2   0.00  60.62  15.40  79.14  99.92  74183 1793.033   171  239.233 2032.266
        99138.1  59.19   0.00  53.91  79.86  99.92  74190 1793.211   171  239.233 2032.445
        99148.2   0.00  74.68  81.64  13.20  99.92  74197 1793.409   172  240.621 2034.030
        99158.2   0.00  64.04  96.91  13.20  99.92  74205 1793.590   172  240.621 2034.212
        99168.2   0.00  99.32  14.99  13.59  99.92  74213 1793.790   172  240.621 2034.412
Timestamp         S0     S1     E      O      P     YGC     YGCT    FGC    FGCT     GCT   
        99178.2  24.37   0.00  46.95  13.61  99.92  74220 1793.911   172  240.621 2034.532
        99188.1   0.00  42.08  88.68  13.63  99.92  74227 1794.033   172  240.621 2034.654
        99198.1   0.00 100.00  10.78  13.66  99.92  74235 1794.266   172  240.621 2034.888
        99208.2  84.34   0.00  96.01  13.67  99.92  74242 1794.413   172  240.621 2035.034
        99218.2  34.11   0.00  39.89  13.78  99.92  74250 1794.576   172  240.621 2035.197
        99228.2 100.00   0.00  28.77  17.00  99.92  74258 1794.887   172  240.621 2035.508
        99238.2  33.67   0.00  99.36  18.69  99.92  74266 1795.239   172  240.621 2035.860
        99248.2   0.00  16.17  66.24  18.79  99.94  74275 1795.452   172  240.621 2036.073
        99258.2   0.00  27.55  86.89  18.85  99.94  74283 1795.630   172  240.621 2036.251
        99268.2  35.24   0.00  35.98  18.91  99.94  74292 1795.825   172  240.621 2036.446
Timestamp         S0     S1     E      O      P     YGC     YGCT    FGC    FGCT     GCT   
        99278.2  56.99   0.00  11.30  18.92  99.94  74300 1796.032   172  240.621 2036.654
        99288.2  63.07   0.00   6.12  18.94  99.94  74308 1796.186   172  240.621 2036.808
        99298.2   0.00 100.00  37.78  18.96  99.94  74315 1796.378   172  240.621 2037.000
        99308.2   0.00  84.16   0.97  19.03  99.94  74323 1796.561   172  240.621 2037.183
        99318.2  64.09   0.00  80.10  19.04  99.94  74330 1796.690   172  240.621 2037.312
        99328.2  64.25   0.00  46.50  19.07  99.94  74338 1796.869   172  240.621 2037.490
        99338.2   0.00  49.43  83.60  19.10  99.94  74345 1796.996   172  240.621 2037.618
        99348.2   0.00 100.00  95.20  21.24  99.94  74353 1797.211   172  240.621 2037.832
        99358.2   0.00  63.05  85.01  21.25  99.94  74361 1797.476   172  240.621 2038.097
        99368.2   0.00  21.43  61.69  22.18  99.94  74369 1797.769   172  240.621 2038.390
Timestamp         S0     S1     E      O      P     YGC     YGCT    FGC    FGCT     GCT   
        99378.2   0.00  14.78   7.50  22.26  99.94  74377 1797.900   172  240.621 2038.521
        99388.2  56.10   0.00  62.88  22.27  99.94  74384 1798.061   172  240.621 2038.682
        99398.2  54.72   0.00  47.60  22.29  99.94  74392 1798.255   172  240.621 2038.876
        99408.2  85.82   0.00  28.14  22.35  99.94  74400 1798.420   172  240.621 2039.042
        99418.2   0.00 100.00  90.32  22.43  99.94  74407 1798.678   172  240.621 2039.299
        99428.2   0.00  44.44  28.20  22.45  99.94  74415 1798.825   172  240.621 2039.447
        99438.2 100.00   0.00  97.43  22.46  99.94  74422 1799.012   172  240.621 2039.633
        99448.2  66.01   0.00  76.10  22.48  99.94  74430 1799.282   172  240.621 2039.903
        99458.2  56.98   0.00  38.26  22.56  99.94  74438 1799.461   172  240.621 2040.082
        99468.2   0.00 100.00 100.00  22.60  99.94  74446 1799.586   172  240.621 2040.208
Timestamp         S0     S1     E      O      P     YGC     YGCT    FGC    FGCT     GCT   
        99478.2   0.00  99.63  38.19  22.62  99.94  74453 1799.733   172  240.621 2040.354
        99488.2  41.76   0.00  70.26  22.65  99.94  74460 1799.865   172  240.621 2040.486
        99498.2  69.67   0.00  14.25  22.77  99.94  74468 1800.084   172  240.621 2040.705
        99508.2   0.00  63.08  77.72  22.81  99.94  74475 1800.232   172  240.621 2040.854
        99518.2   0.00  35.47  69.75  22.91  99.94  74483 1800.368   172  240.621 2040.989
        99528.2   0.00  66.32  50.94  22.94  99.94  74491 1800.545   172  240.621 2041.166
        99538.2   0.00  49.53  19.01  22.98  99.94  74499 1800.704   172  240.621 2041.325
        99548.2  64.86   0.00  62.74  23.02  99.94  74506 1800.825   172  240.621 2041.446
        99558.2  75.28   0.00  34.25  23.15  99.94  74514 1801.001   172  240.621 2041.622
        99568.2  69.31   0.00  21.47  23.17  99.94  74522 1801.181   172  240.621 2041.803
Timestamp         S0     S1     E      O      P     YGC     YGCT    FGC    FGCT     GCT   
        99578.2  80.96   0.00  21.31  23.20  99.94  74530 1801.342   172  240.621 2041.963
        99588.2   0.00  99.67  92.06  23.33  99.94  74537 1801.516   172  240.621 2042.137
        99598.2   0.00  44.59  45.89  23.36  99.94  74545 1801.694   172  240.621 2042.315
        99608.2   0.00  99.54   1.78  23.39  99.94  74553 1801.922   172  240.621 2042.544
        99618.2  73.04   0.00  95.68  23.45  99.94  74560 1802.049   172  240.621 2042.671
        99628.2  84.94   0.00  59.50  23.47  99.94  74568 1802.220   172  240.621 2042.841
        99638.2 100.00   0.00  46.88  23.62  99.94  74576 1802.411   172  240.621 2043.032
        99648.2  47.95   0.00  11.64  23.65  99.94  74584 1802.600   172  240.621 2043.221
        99658.2   0.00  51.72  47.80  23.81  99.94  74591 1802.743   172  240.621 2043.364
        99668.2   0.00  99.58  12.64  23.90  99.94  74599 1802.898   172  240.621 2043.520
Timestamp         S0     S1     E      O      P     YGC     YGCT    FGC    FGCT     GCT   
        99678.2  60.06   0.00  92.98  23.91  99.94  74606 1803.033   172  240.621 2043.655
        99688.2  74.23   0.00  50.70  23.94  99.94  74614 1803.191   172  240.621 2043.813
        99698.2   0.00  40.91  95.72  23.95  99.94  74621 1803.332   172  240.621 2043.953
        99708.2   0.00  61.19  56.62  23.97  99.94  74629 1803.471   172  240.621 2044.092
        99718.2 100.00   0.00  87.99  24.09  99.94  74636 1803.618   172  240.621 2044.239
        99728.2  70.44   0.00  50.00  24.19  99.94  74644 1803.782   172  240.621 2044.404
        99738.2  62.70   0.00  19.18  24.79  99.94  74652 1804.003   172  240.621 2044.624
        99748.2  72.17   0.00  20.66  24.92  99.94  74660 1804.182   172  240.621 2044.804
        99758.2   0.00  53.02  94.98  25.17  99.94  74667 1804.327   172  240.621 2044.948
        99768.2   0.00 100.00  94.00  25.19  99.94  74675 1804.509   172  240.621 2045.130
Timestamp         S0     S1     E      O      P     YGC     YGCT    FGC    FGCT     GCT   
        99778.2   0.00 100.00  16.44  25.22  99.94  74683 1804.687   172  240.621 2045.308
        99788.2  73.76   0.00  72.93  25.27  99.94  74690 1804.832   172  240.621 2045.454
        99798.2  81.61   0.00  42.75  25.30  99.94  74698 1804.994   172  240.621 2045.615
        99808.2   0.00  99.42  72.33  25.31  99.94  74705 1805.133   172  240.621 2045.754
        99818.2  58.08   0.00  88.54  25.37  99.94  74712 1805.264   172  240.621 2045.885
        99828.2  71.73   0.00  31.20  25.39  99.94  74720 1805.402   172  240.621 2046.024
        99838.2   0.00 100.00  93.55  27.08  99.94  74727 1805.625   172  240.621 2046.246
        99848.3   0.00  64.76  90.04  27.15  99.94  74735 1805.871   172  240.621 2046.492
        99858.3  17.03   0.00  23.85  28.25  99.94  74744 1806.115   172  240.621 2046.737
        99868.3  19.11   0.00   7.37  28.26  99.94  74752 1806.270   172  240.621 2046.891
Timestamp         S0     S1     E      O      P     YGC     YGCT    FGC    FGCT     GCT   
        99878.3  36.27   0.00   4.39  28.29  99.94  74760 1806.429   172  240.621 2047.050
        99888.3   0.00  54.91  87.69  28.31  99.94  74767 1806.611   172  240.621 2047.232
        99898.3   0.00  63.64  74.31  28.33  99.94  74775 1806.771   172  240.621 2047.392
        99908.3   0.00  52.43  33.90  28.35  99.94  74783 1806.928   172  240.621 2047.550
        99918.3  74.04   0.00  81.24  28.36  99.94  74790 1807.099   172  240.621 2047.721
        99928.3  70.39   0.00  58.63  28.45  99.94  74798 1807.284   172  240.621 2047.905
        99938.3   0.00  63.24  99.48  28.46  99.94  74805 1807.424   172  240.621 2048.045
        99948.3   0.00  29.71  40.02  28.61  99.94  74813 1807.586   172  240.621 2048.207
        99958.3 100.00   0.00  99.60  28.65  99.94  74820 1807.753   172  240.621 2048.374
        99968.3  36.00   0.00  10.48  28.67  99.94  74828 1807.897   172  240.621 2048.518
Timestamp         S0     S1     E      O      P     YGC     YGCT    FGC    FGCT     GCT   
        99978.3   0.00  38.57  59.43  28.77  99.94  74835 1808.049   172  240.621 2048.670
        99988.3   0.00  61.42  15.22  28.81  99.94  74843 1808.209   172  240.621 2048.830
        99998.3  93.29   0.00  59.19  28.82  99.94  74850 1808.399   172  240.621 2049.020
       100008.3  45.54   0.00  23.76  28.84  99.94  74858 1808.555   172  240.621 2049.176
       100018.3   0.00  56.13  72.55  28.86  99.94  74865 1808.671   172  240.621 2049.292
       100028.3   0.00  53.90  10.23  28.91  99.94  74873 1808.844   172  240.621 2049.465
       100038.3   0.00 100.00   4.48  28.99  99.94  74881 1809.004   172  240.621 2049.625
       100048.3  87.92   0.00  81.48  29.00  99.94  74888 1809.163   172  240.621 2049.784
       100058.3  34.62   0.00  49.34  29.05  99.94  74896 1809.320   172  240.621 2049.941
       100068.3  45.38   0.00   5.16  29.09  99.94  74904 1809.465   172  240.621 2050.086
Timestamp         S0     S1     E      O      P     YGC     YGCT    FGC    FGCT     GCT   
       100078.3   0.00 100.00  34.70  29.61  99.94  74911 1809.630   172  240.621 2050.251
       100088.3   0.00  70.61  19.56  29.63  99.94  74919 1809.813   172  240.621 2050.435
       100098.3  56.82   0.00  88.63  29.94  99.94  74926 1809.952   172  240.621 2050.573
       100108.3  30.98   0.00  51.23  30.05  99.94  74934 1810.078   172  240.621 2050.699
       100118.3  36.45   0.00   1.54  30.07  99.94  74942 1810.221   172  240.621 2050.842
       100128.3   0.00  51.05  56.52  30.10  99.94  74949 1810.361   172  240.621 2050.982
       100138.3  69.82   0.00  76.88  30.13  99.94  74956 1810.484   172  240.621 2051.106
       100148.3  34.49   0.00  16.58  30.15  99.94  74964 1810.657   172  240.621 2051.278
       100158.3   0.00 100.00  58.14  31.06  99.94  74971 1810.857   172  240.621 2051.478
       100168.3   0.00  71.04  56.85  31.11  99.94  74979 1811.073   172  240.621 2051.694
Timestamp         S0     S1     E      O      P     YGC     YGCT    FGC    FGCT     GCT   
       100178.3   0.00  66.40  53.12  31.59  99.94  74987 1811.304   172  240.621 2051.926
       100188.3   0.00  56.38  61.44  31.69  99.94  74995 1811.555   172  240.621 2052.176
       100198.3   0.00  31.40  16.02  31.76  99.94  75003 1811.711   172  240.621 2052.332
       100208.3  40.00   0.00  94.00  31.83  99.94  75010 1811.868   172  240.621 2052.489
       100218.3  62.85   0.00  27.09  31.84  99.94  75018 1812.034   172  240.621 2052.655
       100228.3   0.00  54.31  55.68  31.92  99.94  75025 1812.202   172  240.621 2052.824
       100238.3  67.83   0.00  85.53  31.93  99.94  75032 1812.341   172  240.621 2052.962
       100248.3  73.89   0.00  32.53  32.05  99.94  75040 1812.503   172  240.621 2053.124
       100258.3   0.00  48.09  86.89  32.10  99.94  75047 1812.652   172  240.621 2053.273
       100268.3   0.00  59.32  55.67  32.29  99.94  75055 1812.812   172  240.621 2053.433
Timestamp         S0     S1     E      O      P     YGC     YGCT    FGC    FGCT     GCT   
       100278.4   0.00 100.00  43.20  32.36  99.94  75063 1813.054   172  240.621 2053.675
       100288.3   0.00 100.00  46.93  32.59  99.94  75071 1813.254   172  240.621 2053.875
       100298.3   0.00  50.40  10.76  32.74  99.94  75079 1813.445   172  240.621 2054.066
       100308.4  81.33   0.00  69.69  32.94  99.94  75086 1813.620   172  240.621 2054.241
       100318.3  54.63   0.00  49.43  32.99  99.94  75094 1813.779   172  240.621 2054.401
       100328.3  68.61   0.00  30.49  33.06  99.94  75102 1813.970   172  240.621 2054.591
       100338.3   0.00  99.56  77.92  33.10  99.94  75109 1814.123   172  240.621 2054.744
       100348.4   0.00  77.74   3.52  33.13  99.94  75117 1814.279   172  240.621 2054.900
       100358.3  33.33   0.00  45.66  33.18  99.94  75124 1814.461   172  240.621 2055.083
       100368.4  97.97   0.00  47.30  33.20  99.94  75132 1814.630   172  240.621 2055.252
Timestamp         S0     S1     E      O      P     YGC     YGCT    FGC    FGCT     GCT   
       100378.3   0.00  99.49  68.31  33.22  99.94  75139 1814.773   172  240.621 2055.395
       100388.3   0.00  69.10  35.10  33.28  99.94  75147 1815.012   172  240.621 2055.633
       100398.3   0.00 100.00  10.10  33.30  99.94  75155 1815.196   172  240.621 2055.817
       100408.4   0.00  59.76   7.33  33.33  99.94  75163 1815.369   172  240.621 2055.990
       100418.3  55.68   0.00  74.08  33.40  99.94  75170 1815.506   172  240.621 2056.127
       100428.3  41.38   0.00  26.49  33.44  99.94  75178 1815.678   172  240.621 2056.299
       100438.3   0.00  50.28  42.33  33.45  99.94  75185 1815.827   172  240.621 2056.448
       100448.3  35.34   0.00  64.54  33.46  99.94  75192 1815.960   172  240.621 2056.581
       100458.3   0.00  46.01  86.14  33.48  99.94  75199 1816.116   172  240.621 2056.737
       100468.3   0.00 100.00   5.96  33.50  99.94  75207 1816.266   172  240.621 2056.887
Timestamp         S0     S1     E      O      P     YGC     YGCT    FGC    FGCT     GCT   
       100478.3  40.38   0.00  48.74  33.51  99.94  75214 1816.388   172  240.621 2057.010
       100488.3  45.35   0.00  16.57  33.54  99.94  75222 1816.558   172  240.621 2057.179
       100498.3   0.00 100.00  68.32  35.25  99.94  75229 1816.834   172  240.621 2057.455
       100508.3  61.41   0.00   0.66  35.81  99.94  75238 1817.127   172  240.621 2057.748
       100518.3  27.87   0.00  43.71  36.83  99.94  75246 1817.380   172  240.621 2058.001
       100528.3  25.68   0.00  90.58  36.84  99.94  75254 1817.608   172  240.621 2058.229
       100538.3   0.00  33.33  11.83  36.91  99.94  75263 1817.852   172  240.621 2058.473
       100548.3   0.00  62.13   0.00  36.92  99.94  75271 1818.014   172  240.621 2058.635
       100558.3  35.32   0.00  72.15  36.94  99.94  75278 1818.167   172  240.621 2058.788
       100568.3  38.64   0.00  27.37  36.96  99.94  75286 1818.376   172  240.621 2058.997
Timestamp         S0     S1     E      O      P     YGC     YGCT    FGC    FGCT     GCT   
       100578.4  51.12   0.00   6.86  37.17  99.94  75294 1818.554   172  240.621 2059.175
       100588.3   0.00  66.35  50.60  37.19  99.94  75301 1818.704   172  240.621 2059.325
       100598.4   0.00  77.99  19.18  37.44  99.94  75309 1818.868   172  240.621 2059.489
       100608.3  36.72   0.00  91.46  37.47  99.94  75316 1819.024   172  240.621 2059.645
       100618.3  53.59   0.00  27.22  37.51  99.94  75324 1819.194   172  240.621 2059.815
       100628.4  80.50   0.00   6.06  37.54  99.94  75332 1819.364   172  240.621 2059.985
       100638.4   0.00  99.24  58.23  37.55  99.94  75339 1819.567   172  240.621 2060.188
       100648.3   0.00  73.38  18.05  37.57  99.94  75347 1819.700   172  240.621 2060.321
       100658.3  74.51   0.00  94.99  37.59  99.94  75354 1819.853   172  240.621 2060.474
       100668.3  74.49   0.00  66.58  37.61  99.94  75362 1820.003   172  240.621 2060.625
Timestamp         S0     S1     E      O      P     YGC     YGCT    FGC    FGCT     GCT   
       100678.4  97.26   0.00  44.48  38.20  99.94  75370 1820.191   172  240.621 2060.813
       100688.3  59.80   0.00  41.37  38.23  99.94  75378 1820.410   172  240.621 2061.031
       100698.3   0.00  32.63  93.82  38.60  99.94  75385 1820.528   172  240.621 2061.149
       100708.4   0.00  35.87  38.83  38.62  99.94  75393 1820.696   172  240.621 2061.317
       100718.4  55.80   0.00  77.04  38.64  99.94  75400 1820.841   172  240.621 2061.462
       100728.3 100.00   0.00  44.44  38.94  99.94  75408 1821.031   172  240.621 2061.652
       100738.4  69.95   0.00   7.77  38.95  99.94  75416 1821.202   172  240.621 2061.823
       100748.4   0.00  25.35  75.45  39.19  99.94  75423 1821.358   172  240.621 2061.979
       100758.3   0.00  39.95  15.79  39.21  99.94  75431 1821.540   172  240.621 2062.161
       100768.3  55.92   0.00  85.18  39.22  99.94  75438 1821.708   172  240.621 2062.329
Timestamp         S0     S1     E      O      P     YGC     YGCT    FGC    FGCT     GCT   
       100778.4  42.65   0.00  24.61  39.27  99.94  75446 1821.848   172  240.621 2062.469
       100788.4   0.00  38.92  65.55  39.31  99.94  75453 1822.052   172  240.621 2062.673
       100798.4   0.00 100.00  33.18  40.64  99.94  75461 1822.250   172  240.621 2062.872
       100808.3   0.00  62.98  21.62  40.65  99.94  75469 1822.472   172  240.621 2063.093
       100818.3   0.00  32.36  39.34  41.56  99.94  75477 1822.723   172  240.621 2063.344
       100828.4   0.00  47.09  82.05  41.58  99.94  75485 1822.922   172  240.621 2063.543
       100838.4   0.00  29.32  89.74  41.63  99.94  75493 1823.139   172  240.621 2063.760
       100848.4   0.00  28.60  33.59  41.66  99.94  75501 1823.293   172  240.621 2063.914
       100858.4  75.36   0.00  79.59  41.76  99.94  75508 1823.477   172  240.621 2064.098
       100868.3  54.26   0.00  68.48  41.77  99.94  75516 1823.656   172  240.621 2064.277
Timestamp         S0     S1     E      O      P     YGC     YGCT    FGC    FGCT     GCT   
       100878.4  49.07   0.00  57.07  41.86  99.94  75524 1823.844   172  240.621 2064.465
       100888.4  78.33   0.00  33.67  41.92  99.94  75532 1824.024   172  240.621 2064.645
       100898.3  61.17   0.00  35.29  41.95  99.94  75540 1824.227   172  240.621 2064.848
       100908.4   0.00 100.00  76.90  42.09  99.94  75547 1824.375   172  240.621 2064.996
       100918.4   0.00  76.62  13.14  42.15  99.94  75555 1824.559   172  240.621 2065.180
       100928.3  57.63   0.00  95.64  42.17  99.94  75562 1824.699   172  240.621 2065.320
       100938.3  92.89   0.00  85.28  42.23  99.94  75570 1824.928   172  240.621 2065.549
       100948.4  67.88   0.00  64.75  42.30  99.94  75578 1825.106   172  240.621 2065.727
       100958.4  82.95   0.00  52.74  42.38  99.94  75586 1825.302   172  240.621 2065.923
       100968.4  66.22   0.00  13.56  42.39  99.94  75594 1825.476   172  240.621 2066.097
Timestamp         S0     S1     E      O      P     YGC     YGCT    FGC    FGCT     GCT   
       100978.4   0.00 100.00  67.28  42.50  99.94  75601 1825.617   172  240.621 2066.238
       100988.4  29.56   0.00  84.03  42.51  99.94  75608 1825.751   172  240.621 2066.373
       100998.4  39.78   0.00  19.51  42.53  99.94  75616 1825.926   172  240.621 2066.547
       101008.4  63.24   0.00   0.99  42.54  99.94  75624 1826.092   172  240.621 2066.713
       101018.4   0.00 100.00  38.85  42.56  99.94  75631 1826.232   172  240.621 2066.854
       101028.4  74.16   0.00  98.09  42.69  99.94  75638 1826.374   172  240.621 2066.995
       101038.4  91.16   0.00  71.16  42.70  99.94  75646 1826.547   172  240.621 2067.168
       101048.4  64.66   0.00  54.60  42.74  99.94  75654 1826.798   172  240.621 2067.419
       101058.4  43.79   0.00  15.94  42.90  99.94  75662 1826.993   172  240.621 2067.614
       101068.4   0.00  37.90  58.86  43.06  99.94  75669 1827.175   172  240.621 2067.796
Timestamp         S0     S1     E      O      P     YGC     YGCT    FGC    FGCT     GCT   
       101078.4   0.00  54.50  17.78  43.10  99.94  75677 1827.359   172  240.621 2067.980
       101088.4   0.00  55.06  28.96  43.16  99.94  75685 1827.611   172  240.621 2068.232
       101098.4  71.77   0.00  87.54  43.22  99.94  75692 1827.778   172  240.621 2068.399
       101108.4  64.62   0.00  75.89  43.40  99.94  75700 1827.984   172  240.621 2068.606
       101118.4  65.68   0.00  46.90  43.45  99.94  75708 1828.162   172  240.621 2068.783
       101128.4  62.14   0.00  34.76  43.63  99.94  75716 1828.342   172  240.621 2068.964
       101138.4  32.38   0.00   0.00  43.65  99.94  75724 1828.502   172  240.621 2069.124
       101148.4   0.00  50.51  52.31  43.68  99.94  75731 1828.642   172  240.621 2069.263
       101158.4  43.05   0.00  96.89  43.70  99.94  75738 1828.782   172  240.621 2069.403
       101168.4  57.99   0.00  41.90  43.71  99.94  75746 1828.970   172  240.621 2069.591
Timestamp         S0     S1     E      O      P     YGC     YGCT    FGC    FGCT     GCT   
       101178.4 100.00   0.00  10.00  43.75  99.94  75754 1829.124   172  240.621 2069.745
       101188.4   0.00  77.20  93.70  43.81  99.94  75761 1829.282   172  240.621 2069.903
       101198.4   0.00  47.70  65.78  43.83  99.94  75769 1829.430   172  240.621 2070.051
       101208.4   0.00 100.00   9.86  43.90  99.94  75777 1829.616   172  240.621 2070.237
       101218.4  76.72   0.00  29.91  43.91  99.94  75784 1829.807   172  240.621 2070.428
       101228.4   0.00  48.00  46.13  43.97  99.94  75791 1829.970   172  240.621 2070.591
       101238.4   0.00  72.77  26.03  44.01  99.94  75799 1830.201   172  240.621 2070.822
       101248.4   0.00  58.26  14.40  44.16  99.94  75807 1830.383   172  240.621 2071.004
       101258.4   0.00  35.99  12.28  44.22  99.94  75815 1830.556   172  240.621 2071.177
       101268.4  78.09   0.00  63.40  44.25  99.94  75822 1830.740   172  240.621 2071.361
Timestamp         S0     S1     E      O      P     YGC     YGCT    FGC    FGCT     GCT   
       101278.4  52.41   0.00   8.83  44.28  99.94  75830 1830.892   172  240.621 2071.513
       101288.4   0.00  40.95  47.81  44.46  99.94  75837 1831.034   172  240.621 2071.655
       101298.4  54.14   0.00  87.40  44.48  99.94  75844 1831.194   172  240.621 2071.815
       101308.4  34.11   0.00  27.73  44.61  99.94  75852 1831.360   172  240.621 2071.981
       101318.4   0.00 100.00  70.94  44.63  99.94  75859 1831.485   172  240.621 2072.106
       101328.4   0.00  99.69  72.80  44.66  99.94  75867 1831.656   172  240.621 2072.278
       101338.4   0.00 100.00  36.63  44.68  99.94  75875 1831.826   172  240.621 2072.447
       101348.4   0.00  61.96   1.75  44.74  99.94  75883 1832.044   172  240.621 2072.665
       101358.4  96.05   0.00  79.79  44.77  99.94  75890 1832.212   172  240.621 2072.833
       101368.4  79.78   0.00  67.82  44.79  99.94  75898 1832.397   172  240.621 2073.018
Timestamp         S0     S1     E      O      P     YGC     YGCT    FGC    FGCT     GCT   
       101378.4  61.78   0.00  28.64  44.81  99.94  75906 1832.565   172  240.621 2073.186
       101388.4   0.00  99.37  62.60  44.82  99.94  75913 1832.749   172  240.621 2073.370
       101398.4  37.58   0.00  71.83  44.84  99.94  75920 1832.917   172  240.621 2073.538
       101408.4  82.01   0.00  38.62  44.87  99.94  75928 1833.084   172  240.621 2073.705
       101418.4  89.20   0.00  20.41  44.89  99.94  75936 1833.252   172  240.621 2073.873
       101428.4   0.00  68.95  69.68  44.90  99.94  75943 1833.412   172  240.621 2074.033
       101438.4   0.00 100.00  56.57  44.97  99.94  75951 1833.605   172  240.621 2074.226
       101448.4   0.00  68.21  25.87  45.00  99.94  75959 1833.776   172  240.621 2074.397
       101458.4  44.31   0.00  99.50  45.12  99.94  75967 1833.952   172  240.621 2074.573
       101468.4  39.23   0.00  33.78  45.13  99.94  75974 1834.223   172  240.621 2074.844
Timestamp         S0     S1     E      O      P     YGC     YGCT    FGC    FGCT     GCT   
       101478.4   0.00  34.74  45.26  45.16  99.94  75981 1834.407   172  240.621 2075.028
       101488.4  31.06   0.00  78.70  45.18  99.94  75988 1834.533   172  240.621 2075.154
       101498.4  59.82   0.00  38.30  45.20  99.94  75996 1834.693   172  240.621 2075.314
       101508.4  68.72   0.00   6.99  45.27  99.94  76004 1834.848   172  240.621 2075.469
       101518.4   0.00 100.00  95.32  45.35  99.94  76011 1834.985   172  240.621 2075.606
       101528.4   0.00 100.00  61.37  45.98  99.94  76019 1835.252   172  240.621 2075.873
       101538.4   0.00 100.00  89.79  46.20  99.94  76027 1835.485   172  240.621 2076.107
       101548.4   0.00  24.06  86.13  46.77  99.94  76035 1835.658   172  240.621 2076.279
       101558.4   0.00  31.12  90.60  46.81  99.94  76043 1835.843   172  240.621 2076.464
       101568.4   0.00 100.00  73.94  46.85  99.94  76051 1836.011   172  240.621 2076.632
Timestamp         S0     S1     E      O      P     YGC     YGCT    FGC    FGCT     GCT   
       101578.4   0.00  71.65  36.32  46.86  99.94  76059 1836.286   172  240.621 2076.907
       101588.4   0.00 100.00  24.07  46.94  99.94  76067 1836.529   172  240.621 2077.150
       101598.4   0.00  41.69  16.46  46.96  99.94  76075 1836.790   172  240.621 2077.412
       101608.4   0.00  33.63   2.92  47.16  99.94  76083 1836.972   172  240.621 2077.593
       101618.4  47.96   0.00  78.64  47.20  99.94  76090 1837.101   172  240.621 2077.722
       101628.4  65.40   0.00  11.86  47.23  99.94  76098 1837.258   172  240.621 2077.880
       101638.4   0.00  99.66  53.01  47.26  99.94  76105 1837.401   172  240.621 2078.023
       101648.4  64.81   0.00  97.27  47.28  99.94  76113 1837.567   172  240.621 2078.189
       101658.4  69.25   0.00  72.99  47.30  99.94  76120 1837.735   172  240.621 2078.356
       101668.4  87.07   0.00   5.73  47.37  99.94  76128 1837.923   172  240.621 2078.544
Timestamp         S0     S1     E      O      P     YGC     YGCT    FGC    FGCT     GCT   
       101678.4   0.00  40.11  76.62  47.39  99.94  76135 1838.067   172  240.621 2078.688
       101688.4   0.00  99.66  54.39  47.42  99.94  76143 1838.265   172  240.621 2078.886
       101698.4  51.36   0.00  99.11  47.48  99.94  76151 1838.411   172  240.621 2079.032
       101708.4 100.00   0.00  68.30  47.53  99.94  76158 1838.599   172  240.621 2079.220
       101718.4  74.10   0.00  29.70  47.58  99.94  76166 1838.760   172  240.621 2079.381
       101728.4  65.16   0.00  35.13  51.00  99.94  76174 1839.102   172  240.621 2079.723
       101738.4  29.45   0.00  77.39  52.33  99.94  76182 1839.373   172  240.621 2079.994
       101748.4   0.00   8.54   1.25  52.87  99.94  76191 1839.615   172  240.621 2080.236
       101758.5  23.92   0.00  54.25  52.88  99.94  76198 1839.730   172  240.621 2080.351
       101768.4  51.51   0.00  70.93  52.90  99.94  76206 1839.987   172  240.621 2080.608
Timestamp         S0     S1     E      O      P     YGC     YGCT    FGC    FGCT     GCT   
       101778.4  32.90   0.00  51.51  52.92  99.94  76214 1840.175   172  240.621 2080.796
       101788.4  54.50   0.00  11.75  53.09  99.94  76222 1840.354   172  240.621 2080.975
       101798.4   0.00  70.60  75.10  53.11  99.94  76229 1840.503   172  240.621 2081.124
       101808.5   0.00  61.23  49.44  53.13  99.94  76237 1840.706   172  240.621 2081.328
       101818.5  62.17   0.00  93.58  53.15  99.94  76244 1840.858   172  240.621 2081.479
       101828.5  90.12   0.00  17.59  53.21  99.94  76252 1841.092   172  240.621 2081.713
       101838.5   0.00  32.98  80.83  53.24  99.94  76259 1841.242   172  240.621 2081.863
       101848.5   0.00  36.31  21.52  53.27  99.94  76267 1841.492   172  240.621 2082.114
       101858.5  79.17   0.00  91.29  53.28  99.94  76274 1841.628   172  240.621 2082.249
       101868.5  63.27   0.00  62.23  53.31  99.94  76282 1841.804   172  240.621 2082.426
Timestamp         S0     S1     E      O      P     YGC     YGCT    FGC    FGCT     GCT   
       101878.4  64.75   0.00  26.37  53.37  99.94  76290 1842.008   172  240.621 2082.630
       101888.5   0.00  66.38  71.62  53.43  99.94  76297 1842.139   172  240.621 2082.760
       101898.5   0.00  99.73  42.95  53.47  99.94  76305 1842.318   172  240.621 2082.939
       101908.5   0.00  47.79  17.03  53.49  99.94  76313 1842.499   172  240.621 2083.120
       101918.5  58.00   0.00  48.12  53.59  99.94  76320 1842.634   172  240.621 2083.255
       101928.5  67.75   0.00   7.22  53.64  99.94  76328 1842.792   172  240.621 2083.413
       101938.5   0.00 100.00  29.78  53.65  99.94  76335 1842.937   172  240.621 2083.559
       101948.5  78.57   0.00  75.58  53.69  99.94  76342 1843.119   172  240.621 2083.740
       101958.5  81.34   0.00  73.67  53.71  99.94  76350 1843.340   172  240.621 2083.961
       101968.5  61.44   0.00  40.42  53.76  99.94  76358 1843.598   172  240.621 2084.219
Timestamp         S0     S1     E      O      P     YGC     YGCT    FGC    FGCT     GCT   
       101978.5  68.38   0.00  25.10  53.80  99.94  76366 1843.767   172  240.621 2084.388
       101988.5   0.00 100.00  87.20  53.83  99.94  76373 1843.894   172  240.621 2084.515
       101998.5   0.00  40.76  40.18  53.85  99.94  76381 1844.062   172  240.621 2084.683
       102008.5  92.14   0.00  79.11  53.90  99.94  76388 1844.198   172  240.621 2084.819
       102018.5 100.00   0.00  70.49  53.94  99.94  76396 1844.393   172  240.621 2085.015
       102028.5  38.68   0.00  60.26  54.05  99.94  76404 1844.633   172  240.621 2085.254
       102038.5  76.67   0.00  45.17  54.13  99.94  76412 1844.810   172  240.621 2085.431
       102048.5  64.29   0.00  42.81  54.17  99.94  76420 1845.008   172  240.621 2085.629
       102058.5   0.00  99.24  60.55  54.18  99.94  76427 1845.152   172  240.621 2085.773
       102068.5  51.79   0.00  76.63  54.25  99.94  76434 1845.343   172  240.621 2085.965
Timestamp         S0     S1     E      O      P     YGC     YGCT    FGC    FGCT     GCT   
       102078.5  71.82   0.00  30.56  54.27  99.94  76442 1845.505   172  240.621 2086.126
       102088.5  41.94   0.00   1.80  54.28  99.94  76450 1845.686   172  240.621 2086.308
       102098.5   0.00  56.25  42.57  54.33  99.94  76457 1845.841   172  240.621 2086.462
       102108.5  55.70   0.00  85.09  54.42  99.94  76464 1845.955   172  240.621 2086.576
       102118.5   0.00  68.39 100.00  54.45  99.94  76472 1846.115   172  240.621 2086.736
       102128.5   0.00  99.39  32.45  54.49  99.94  76479 1846.258   172  240.621 2086.879
       102138.5   0.00  99.83  33.51  57.06  99.94  76487 1846.470   172  240.621 2087.091
       102148.5   0.00  55.36  27.95  57.08  99.94  76495 1846.715   172  240.621 2087.336
       102158.5   0.00 100.00  35.00  57.92  99.94  76503 1846.880   172  240.621 2087.502
       102168.5   0.00  22.57  19.91  57.97  99.94  76511 1847.082   172  240.621 2087.703
Timestamp         S0     S1     E      O      P     YGC     YGCT    FGC    FGCT     GCT   
       102178.5  42.80   0.00  92.80  57.99  99.94  76518 1847.278   172  240.621 2087.900
       102188.5  78.03   0.00  68.92  58.00  99.94  76526 1847.450   172  240.621 2088.072
       102198.5  61.02   0.00  31.13  58.08  99.94  76534 1847.593   172  240.621 2088.214
       102208.5   0.00  81.56  78.03  58.09  99.94  76541 1847.735   172  240.621 2088.356
       102218.5   0.00  56.69  35.55  58.12  99.94  76549 1847.897   172  240.621 2088.518
       102228.5  58.44   0.00  90.41  58.17  99.94  76556 1848.053   172  240.621 2088.675
       102238.5  70.95   0.00  72.55  59.03  99.94  76564 1848.253   172  240.621 2088.874
       102248.5  66.10   0.00  64.27  59.04  99.94  76572 1848.479   172  240.621 2089.100
       102258.5  30.32   0.00  42.33  59.77  99.94  76580 1848.664   172  240.621 2089.285
       102268.5  56.40   0.00  48.62  59.79  99.94  76588 1848.849   172  240.621 2089.470
Timestamp         S0     S1     E      O      P     YGC     YGCT    FGC    FGCT     GCT   
       102278.5  37.66   0.00   3.13  59.81  99.94  76596 1849.038   172  240.621 2089.659
       102288.5   0.00 100.00  96.78  59.90  99.94  76603 1849.217   172  240.621 2089.838
       102298.5   0.00  54.46  71.76  59.95  99.94  76611 1849.429   172  240.621 2090.050
       102308.5  38.94   0.00  88.80  59.99  99.94  76618 1849.611   172  240.621 2090.232
       102318.5  98.34   0.00  56.08  60.02  99.94  76626 1849.789   172  240.621 2090.410
       102328.5  29.23   0.00  49.87  60.05  99.94  76634 1850.030   172  240.621 2090.651
       102338.5  28.73   0.00  20.53  60.17  99.94  76642 1850.310   172  240.621 2090.931
       102348.5  66.40   0.00   8.45  60.20  99.94  76650 1850.454   172  240.621 2091.075
       102358.5   0.00  48.15  69.35  60.22  99.94  76657 1850.682   172  240.621 2091.303
       102368.5   0.00  38.42   7.42  60.25  99.94  76665 1850.841   172  240.621 2091.463
Timestamp         S0     S1     E      O      P     YGC     YGCT    FGC    FGCT     GCT   
       102378.5  73.12   0.00  86.73  60.36  99.94  76672 1851.012   172  240.621 2091.633
       102388.6  35.41   0.00  70.65  60.38  99.94  76680 1851.214   172  240.621 2091.835
       102398.5  72.19   0.00  40.88  60.39  99.94  76688 1851.409   172  240.621 2092.031
       102408.5   0.00 100.00  76.01  60.42  99.94  76695 1851.556   172  240.621 2092.177
       102418.5   0.00  70.12   9.08  60.43  99.94  76703 1851.743   172  240.621 2092.364
       102428.5  78.81   0.00  95.38  60.45  99.94  76710 1851.943   172  240.621 2092.564
       102438.5 100.00   0.00  78.58  60.60  99.94  76718 1852.132   172  240.621 2092.753
       102448.6  57.28   0.00  53.15  60.63  99.94  76726 1852.313   172  240.621 2092.935
       102458.5  47.06   0.00  19.46  60.91  99.94  76734 1852.501   172  240.621 2093.123
       102468.5   0.00  50.88  83.22  60.92  99.94  76741 1852.709   172  240.621 2093.330
Timestamp         S0     S1     E      O      P     YGC     YGCT    FGC    FGCT     GCT   
       102478.5   0.00  73.75  50.58  60.95  99.94  76749 1852.878   172  240.621 2093.499
       102488.6   0.00  53.41  51.84  61.00  99.94  76757 1853.067   172  240.621 2093.688
       102498.5   0.00  68.92  36.48  61.02  99.94  76765 1853.241   172  240.621 2093.862
       102508.5   0.00  44.48  10.60  61.08  99.94  76773 1853.428   172  240.621 2094.049
       102518.6  57.62   0.00  40.02  61.09  99.94  76780 1853.614   172  240.621 2094.235
       102528.5 100.00   0.00  14.59  61.32  99.94  76788 1853.859   172  240.621 2094.481
       102538.6   0.00  99.69  79.49  61.34  99.94  76795 1854.031   172  240.621 2094.652
       102548.5   0.00  99.69  52.35  61.50  99.94  76803 1854.233   172  240.621 2094.854
       102558.6   0.00  48.92  23.89  61.59  99.94  76811 1854.439   172  240.621 2095.060
       102568.5   0.00  75.74   4.10  61.61  99.94  76819 1854.618   172  240.621 2095.239
Timestamp         S0     S1     E      O      P     YGC     YGCT    FGC    FGCT     GCT   
       102578.5  49.72   0.00  78.22  61.63  99.94  76826 1854.759   172  240.621 2095.381
       102588.5  30.54   0.00  23.41  61.65  99.94  76834 1854.942   172  240.621 2095.563
       102598.5   0.00  59.15  54.51  61.67  99.94  76841 1855.099   172  240.621 2095.720
       102608.5  71.54   0.00  87.51  61.68  99.94  76848 1855.296   172  240.621 2095.918
       102618.6 100.00   0.00  64.80  63.43  99.94  76856 1855.533   172  240.621 2096.155
       102628.5   0.00 100.00   0.93  64.61  99.94  76865 1855.858   172  240.621 2096.479
       102638.6   0.00  24.86  81.94  65.96  99.94  76873 1856.131   172  240.621 2096.752
       102648.6   0.00  11.24  82.60  66.18  99.94  76881 1856.276   172  240.621 2096.898
       102658.6   0.00  26.11  81.66  66.22  99.94  76889 1856.468   172  240.621 2097.089
       102668.5   0.00  39.16  55.68  66.23  99.94  76897 1856.637   172  240.621 2097.258
Timestamp         S0     S1     E      O      P     YGC     YGCT    FGC    FGCT     GCT   
       102678.5   0.00  35.19  23.80  66.25  99.94  76905 1856.781   172  240.621 2097.402
       102688.6  37.68   0.00  64.39  66.26  99.94  76912 1856.925   172  240.621 2097.546
       102698.6  61.89   0.00  24.77  66.29  99.94  76920 1857.113   172  240.621 2097.734
       102708.6   0.00  63.92  98.39  66.30  99.94  76927 1857.242   172  240.621 2097.863
       102718.6   0.00 100.00  66.88  66.50  99.94  76935 1857.422   172  240.621 2098.044
       102728.5   0.00  63.40  40.68  66.52  99.94  76943 1857.675   172  240.621 2098.297
       102738.5  55.53   0.00  90.66  66.77  99.94  76950 1857.852   172  240.621 2098.473
       102748.6 100.00   0.00  22.18  17.96  99.94  76958 1858.036   173  241.945 2099.981
       102758.6   0.00 100.00  78.45  17.96  99.94  76965 1858.220   173  241.945 2100.166
       102768.6   0.00  42.33   9.35  18.61  99.94  76973 1858.431   173  241.945 2100.377
Timestamp         S0     S1     E      O      P     YGC     YGCT    FGC    FGCT     GCT   
       102778.6  53.22   0.00  89.59  18.63  99.94  76980 1858.602   173  241.945 2100.547
       102788.6  35.68   0.00  48.29  18.66  99.94  76988 1858.783   173  241.945 2100.728
       102798.6  64.84   0.00  11.87  18.72  99.94  76996 1858.943   173  241.945 2100.888
       102808.6   0.00  34.34  16.61  18.73  99.94  77003 1859.068   173  241.945 2101.013
       102818.5  72.49   0.00  80.53  18.75  99.94  77010 1859.199   173  241.945 2101.144
       102828.6  55.35   0.00  71.48  18.79  99.94  77018 1859.383   173  241.945 2101.328
       102838.6  73.22   0.00  30.66  18.80  99.94  77026 1859.550   173  241.945 2101.495
       102848.6   0.00  46.46  98.43  18.95  99.94  77033 1859.698   173  241.945 2101.643
       102858.6   0.00  53.83  26.55  18.96  99.94  77041 1859.867   173  241.945 2101.812
       102868.6  69.89   0.00  85.38  19.02  99.94  77048 1860.016   173  241.945 2101.962
Timestamp         S0     S1     E      O      P     YGC     YGCT    FGC    FGCT     GCT   
       102878.6  87.65   0.00  76.18  19.16  99.94  77056 1860.229   173  241.945 2102.174
       102888.6   0.00  68.16  97.30  19.17  99.94  77063 1860.384   173  241.945 2102.329
       102898.6   0.00  38.33  44.82  19.57  99.94  77071 1860.579   173  241.945 2102.524
       102908.6   0.00  99.50  15.56  19.60  99.94  77079 1860.768   173  241.945 2102.713
       102918.6  75.88   0.00  70.24  19.62  99.94  77086 1860.925   173  241.945 2102.870
       102928.5  37.22   0.00  51.21  19.64  99.94  77094 1861.127   173  241.945 2103.072
       102938.6  61.04   0.00  72.77  19.70  99.94  77102 1861.289   173  241.945 2103.234
       102948.6  68.60   0.00  39.59  19.77  99.94  77110 1861.458   173  241.945 2103.403
       102958.6   0.00  59.45  92.45  19.78  99.94  77117 1861.598   173  241.945 2103.544
       102968.6   0.00  87.50  50.41  19.81  99.94  77125 1861.761   173  241.945 2103.706
Timestamp         S0     S1     E      O      P     YGC     YGCT    FGC    FGCT     GCT   
       102978.6   0.00  51.83   2.07  19.86  99.94  77133 1861.928   173  241.945 2103.874
       102988.6  61.88   0.00  77.93  19.88  99.94  77140 1862.080   173  241.945 2104.025
       102998.5   0.00  37.70  96.09  19.93  99.94  77147 1862.213   173  241.945 2104.159
       103008.6   0.00  99.66  64.94  19.95  99.94  77155 1862.432   173  241.945 2104.377
       103018.6   0.00  52.74  32.90  19.99  99.94  77163 1862.727   173  241.945 2104.673
       103028.6   0.00  65.80   8.39  20.08  99.94  77171 1862.906   173  241.945 2104.851
       103038.6  70.00   0.00  24.66  20.10  99.94  77178 1863.046   173  241.945 2104.991
       103048.6   0.00  38.17  89.28  20.12  99.94  77185 1863.188   173  241.945 2105.133
       103058.6   0.00  99.74  82.94  20.15  99.94  77193 1863.370   173  241.945 2105.315
       103068.6   0.00  65.12  78.86  20.23  99.94  77201 1863.578   173  241.945 2105.523
Timestamp         S0     S1     E      O      P     YGC     YGCT    FGC    FGCT     GCT   
       103078.6   0.00  45.11  52.19  20.32  99.94  77209 1863.763   173  241.945 2105.708
       103088.6   0.00  59.43  14.21  20.41  99.94  77217 1863.976   173  241.945 2105.921
       103098.6  46.56   0.00  91.33  20.45  99.94  77224 1864.098   173  241.945 2106.043
       103108.6  61.66   0.00  54.39  20.46  99.94  77232 1864.278   173  241.945 2106.223
       103118.6 100.00   0.00  30.64  21.16  99.94  77240 1864.448   173  241.945 2106.393
       103128.6   0.00 100.00  69.03  21.16  99.94  77247 1864.621   173  241.945 2106.566
       103138.6   0.00  34.76  49.05  21.92  99.94  77255 1864.818   173  241.945 2106.763
       103148.6   0.00  19.66  23.61  21.94  99.94  77263 1864.957   173  241.945 2106.902
       103158.6   0.00  63.13  23.56  21.99  99.94  77271 1865.150   173  241.945 2107.095
       103168.6  50.45   0.00  87.83  22.01  99.94  77278 1865.278   173  241.945 2107.224
Timestamp         S0     S1     E      O      P     YGC     YGCT    FGC    FGCT     GCT   
       103178.6  65.53   0.00  48.62  22.12  99.94  77286 1865.439   173  241.945 2107.384
       103188.6  50.79   0.00  14.27  22.16  99.94  77294 1865.586   173  241.945 2107.531
       103198.6   0.00 100.00  30.15  22.20  99.94  77301 1865.723   173  241.945 2107.669
       103208.6  64.16   0.00  72.74  22.22  99.94  77308 1865.865   173  241.945 2107.810
       103218.6  66.77   0.00  17.33  22.31  99.94  77316 1866.065   173  241.945 2108.010
       103228.6 100.00   0.00   2.39  24.83  99.94  77324 1866.281   173  241.945 2108.227
       103238.6  65.93   0.00  68.42  24.85  99.94  77332 1866.554   173  241.945 2108.499
       103248.6   0.00  17.98  26.52  26.02  99.94  77341 1866.832   173  241.945 2108.777
       103258.6   0.00  35.98  49.82  26.12  99.94  77349 1867.029   173  241.945 2108.974
       103268.6   0.00  20.96  55.58  26.17  99.94  77357 1867.194   173  241.945 2109.139
Timestamp         S0     S1     E      O      P     YGC     YGCT    FGC    FGCT     GCT   
       103278.6   0.00  33.62  73.28  26.19  99.94  77365 1867.364   173  241.945 2109.310
       103288.6   0.00  40.32  67.23  26.22  99.94  77373 1867.535   173  241.945 2109.481
       103298.6   0.00  38.94  50.61  26.24  99.94  77381 1867.682   173  241.945 2109.627
       103308.6   0.00  46.15  38.22  26.29  99.94  77389 1867.846   173  241.945 2109.791
       103318.6   0.00  68.33   1.46  26.33  99.94  77397 1867.999   173  241.945 2109.944
       103328.6  72.82   0.00  89.41  26.33  99.94  77404 1868.147   173  241.945 2110.093
       103338.6  36.27   0.00  20.26  26.35  99.94  77412 1868.298   173  241.945 2110.243
       103348.6   0.00  54.69  80.03  26.42  99.94  77419 1868.423   173  241.945 2110.368
       103358.6   0.00  46.32  64.99  26.48  99.94  77427 1868.594   173  241.945 2110.539
       103368.6   0.00  39.72  42.81  26.51  99.94  77435 1868.759   173  241.945 2110.704
Timestamp         S0     S1     E      O      P     YGC     YGCT    FGC    FGCT     GCT   
       103378.6  59.82   0.00  73.58  26.56  99.94  77442 1868.886   173  241.945 2110.832
       103388.6  98.05   0.00  53.35  26.57  99.94  77450 1869.048   173  241.945 2110.993
       103398.6  45.03   0.00   3.85  26.59  99.94  77458 1869.217   173  241.945 2111.162
       103408.6   0.00  44.24  30.81  26.60  99.94  77465 1869.387   173  241.945 2111.332
       103418.6  69.94   0.00  70.48  26.61  99.94  77472 1869.605   173  241.945 2111.550
       103428.6 100.00   0.00  50.60  27.95  99.94  77480 1869.808   173  241.945 2111.753
       103438.6  65.22   0.00   4.18  27.96  99.94  77488 1870.024   173  241.945 2111.970
       103448.6   0.00  35.10  86.91  28.64  99.94  77495 1870.199   173  241.945 2112.145
       103458.6   0.00  32.33  45.29  28.68  99.94  77503 1870.392   173  241.945 2112.337
       103468.6  37.70   0.00  55.24  28.70  99.94  77510 1870.547   173  241.945 2112.492
Timestamp         S0     S1     E      O      P     YGC     YGCT    FGC    FGCT     GCT   
       103478.6   0.00  66.33  90.75  28.80  99.94  77517 1870.719   173  241.945 2112.664
       103488.6   0.00  99.76  94.36  28.82  99.94  77525 1870.907   173  241.945 2112.853
       103498.6   0.00  51.62  36.73  28.90  99.94  77533 1871.075   173  241.945 2113.020
       103508.6  55.50   0.00  85.03  29.05  99.94  77540 1871.220   173  241.945 2113.165
       103518.6   0.00  55.52 100.00  29.06  99.94  77548 1871.424   173  241.945 2113.369
       103528.6   0.00  68.27  54.07  29.12  99.94  77555 1871.574   173  241.945 2113.519
       103538.6   0.00 100.00  31.63  29.14  99.94  77563 1871.731   173  241.945 2113.676
       103548.6  41.96   0.00  76.00  29.16  99.94  77570 1871.876   173  241.945 2113.821
       103558.6  57.05   0.00   1.87  29.18  99.94  77578 1872.037   173  241.945 2113.982
       103568.6   0.00  56.97  13.41  29.18  99.94  77585 1872.171   173  241.945 2114.116
Timestamp         S0     S1     E      O      P     YGC     YGCT    FGC    FGCT     GCT   
       103578.6  41.36   0.00  72.23  29.22  99.94  77592 1872.297   173  241.945 2114.242
       103588.6  56.89   0.00  49.60  29.24  99.94  77600 1872.481   173  241.945 2114.426
       103598.6  56.32   0.00  25.15  29.30  99.94  77608 1872.672   173  241.945 2114.617
       103608.6   0.00  45.61  79.31  29.37  99.94  77615 1872.807   173  241.945 2114.753
       103618.6   0.00 100.00  16.80  29.40  99.94  77623 1872.962   173  241.945 2114.907
       103628.6  72.58   0.00  95.29  29.41  99.94  77630 1873.126   173  241.945 2115.071
       103638.6  69.58   0.00  89.16  29.44  99.94  77638 1873.297   173  241.945 2115.242
       103648.6  76.20   0.00  54.02  29.57  99.94  77646 1873.474   173  241.945 2115.419
       103658.6  64.32   0.00  21.99  29.59  99.94  77654 1873.653   173  241.945 2115.598
       103668.6   0.00  60.82  87.70  29.61  99.94  77661 1873.870   173  241.945 2115.815
Timestamp         S0     S1     E      O      P     YGC     YGCT    FGC    FGCT     GCT   
       103678.6   0.00  87.81  27.24  29.62  99.94  77669 1874.092   173  241.945 2116.037
       103688.6  76.39   0.00  90.99  29.65  99.94  77676 1874.266   173  241.945 2116.212
       103698.6  92.13   0.00  75.87  29.67  99.94  77684 1874.472   173  241.945 2116.417
       103708.6  43.04   0.00  38.42  29.78  99.94  77692 1874.689   173  241.945 2116.634
       103718.6  64.50   0.00  27.84  29.85  99.94  77700 1874.900   173  241.945 2116.845
       103728.6   0.00 100.00  88.71  29.87  99.94  77707 1875.040   173  241.945 2116.986
       103738.6   0.00  67.72  69.43  29.91  99.94  77715 1875.223   173  241.945 2117.169
       103748.6   0.00  80.34  43.87  29.94  99.94  77723 1875.402   173  241.945 2117.347
       103758.6   0.00  72.19  22.93  30.06  99.94  77731 1875.549   173  241.945 2117.494
       103768.6   0.00  99.56  12.57  30.09  99.94  77739 1875.717   173  241.945 2117.662
Timestamp         S0     S1     E      O      P     YGC     YGCT    FGC    FGCT     GCT   
       103778.6  37.57   0.00  74.60  30.14  99.94  77746 1875.842   173  241.945 2117.787
       103788.6  46.24   0.00  46.21  30.16  99.94  77754 1876.017   173  241.945 2117.962
       103798.6   0.00  99.64  91.25  30.17  99.94  77761 1876.144   173  241.945 2118.089
       103808.6   0.00  99.57  55.67  30.21  99.94  77769 1876.309   173  241.945 2118.254
       103818.6   0.00 100.00  14.05  30.48  99.94  77777 1876.489   173  241.945 2118.434
       103828.6   0.00  99.87  27.40  31.71  99.94  77785 1876.742   173  241.945 2118.687
       103838.6   0.00  34.37  67.74  32.47  99.94  77793 1877.025   173  241.945 2118.970
       103848.6   0.00  15.05  96.96  32.86  99.94  77801 1877.181   173  241.945 2119.126
       103858.6   0.00  51.11  43.09  32.89  99.94  77809 1877.385   173  241.945 2119.330
       103868.6   0.00  26.23  23.35  32.91  99.94  77817 1877.558   173  241.945 2119.503
Timestamp         S0     S1     E      O      P     YGC     YGCT    FGC    FGCT     GCT   
       103878.6   0.00  25.88   2.16  32.98  99.94  77825 1877.708   173  241.945 2119.654
       103888.6  61.63   0.00  45.97  32.99  99.94  77832 1877.849   173  241.945 2119.794
       103898.6   0.00  51.02  72.04  33.01  99.94  77839 1877.967   173  241.945 2119.912
       103908.6   0.00  64.51  42.29  33.04  99.94  77847 1878.186   173  241.945 2120.132
       103918.6  56.46   0.00  69.19  33.09  99.94  77854 1878.357   173  241.945 2120.302
       103928.6  61.19   0.00  36.74  33.11  99.94  77862 1878.525   173  241.945 2120.470
       103938.6  72.81   0.00   5.93  33.15  99.94  77870 1878.720   173  241.945 2120.666
       103948.6   0.00  99.43  53.75  33.17  99.94  77877 1878.849   173  241.945 2120.794
       103958.6   0.00  62.05  19.02  33.24  99.94  77885 1879.012   173  241.945 2120.958
       103968.6  51.67   0.00  73.47  33.26  99.94  77892 1879.148   173  241.945 2121.093
Timestamp         S0     S1     E      O      P     YGC     YGCT    FGC    FGCT     GCT   
       103978.6   0.00  99.36  95.47  33.27  99.94  77899 1879.283   173  241.945 2121.228
       103988.6   0.00  76.87  18.35  33.29  99.94  77907 1879.436   173  241.945 2121.382
       103998.6  92.19   0.00  61.22  33.32  99.94  77914 1879.575   173  241.945 2121.521
       104008.6  85.83   0.00  29.69  34.41  99.94  77922 1879.742   173  241.945 2121.687
       104018.6  60.97   0.00   2.21  34.43  99.94  77930 1879.943   173  241.945 2121.888
       104028.6   0.00  55.97  64.80  34.94  99.94  77937 1880.090   173  241.945 2122.035
       104038.6   0.00  34.17  45.02  35.01  99.94  77945 1880.249   173  241.945 2122.194
       104048.6   0.00 100.00  45.09  35.08  99.94  77953 1880.454   173  241.945 2122.399
       104058.6   0.00  68.70  37.41  35.76  99.94  77961 1880.675   173  241.945 2122.621
       104068.6   0.00  63.23   0.00  36.03  99.94  77969 1880.855   173  241.945 2122.801
Timestamp         S0     S1     E      O      P     YGC     YGCT    FGC    FGCT     GCT   
       104078.6  19.20   0.00  97.35  36.48  99.94  77977 1881.007   173  241.945 2122.953
       104088.6   0.00  43.93   0.00  36.51  99.94  77985 1881.212   173  241.945 2123.157
       104098.6  63.66   0.00  69.11  36.53  99.94  77992 1881.345   173  241.945 2123.290
       104108.6  81.77   0.00  29.60  36.67  99.94  78000 1881.544   173  241.945 2123.489
       104118.6   0.00 100.00  99.51  36.69  99.94  78007 1881.755   173  241.945 2123.701
       104128.6   0.00  99.32  57.44  36.71  99.94  78015 1881.921   173  241.945 2123.866
       104138.6   0.00  99.00   0.00  36.78  99.94  78023 1882.087   173  241.945 2124.033
       104148.6  80.91   0.00  40.93  36.80  99.94  78030 1882.224   173  241.945 2124.170
       104158.6  79.70   0.00   6.82  36.82  99.94  78038 1882.433   173  241.945 2124.379
       104168.6   0.00  45.61  52.41  36.83  99.94  78045 1882.576   173  241.945 2124.522
Timestamp         S0     S1     E      O      P     YGC     YGCT    FGC    FGCT     GCT   
       104178.6  67.89   0.00 100.00  36.97  99.94  78052 1882.706   173  241.945 2124.651
       104188.6  41.12   0.00  50.77  36.98  99.94  78060 1882.884   173  241.945 2124.829
       104198.6  83.43   0.00  49.47  37.00  99.94  78068 1883.064   173  241.945 2125.010
       104208.6  56.80   0.00  23.03  37.04  99.94  78076 1883.208   173  241.945 2125.153
       104218.7   0.00 100.00  61.98  37.18  99.94  78083 1883.358   173  241.945 2125.303
       104228.7   0.00  60.90   3.19  37.19  99.94  78091 1883.541   173  241.945 2125.487
       104238.6  36.73   0.00  52.28  37.46  99.94  78098 1883.689   173  241.945 2125.634
       104248.6  66.52   0.00   0.00  37.50  99.94  78106 1883.915   173  241.945 2125.860
       104258.6   0.00 100.00  69.92  37.54  99.94  78113 1884.147   173  241.945 2126.092
       104268.6   0.00  50.52  28.10  37.61  99.94  78121 1884.317   173  241.945 2126.262
Timestamp         S0     S1     E      O      P     YGC     YGCT    FGC    FGCT     GCT   
       104278.7  75.26   0.00  78.10  37.63  99.94  78128 1884.464   173  241.945 2126.409
       104288.7  41.92   0.00  60.79  37.65  99.94  78136 1884.627   173  241.945 2126.572
       104298.7  38.28   0.00  32.01  37.73  99.94  78144 1884.798   173  241.945 2126.744
       104308.7  48.91   0.00   8.02  37.78  99.94  78152 1884.975   173  241.945 2126.920
       104318.7   0.00  78.06  95.57  37.79  99.94  78159 1885.203   173  241.945 2127.148
       104328.7   0.00 100.00  78.27  37.81  99.94  78167 1885.381   173  241.945 2127.327
       104338.7   0.00  83.24  40.51  37.86  99.94  78175 1885.550   173  241.945 2127.495
       104348.7   0.00 100.00  16.23  37.87  99.94  78183 1885.772   173  241.945 2127.717
       104358.7  36.02   0.00  96.91  37.93  99.94  78191 1885.933   173  241.945 2127.878
       104368.7  31.18   0.00  30.32  37.98  99.94  78198 1886.097   173  241.945 2128.042
Timestamp         S0     S1     E      O      P     YGC     YGCT    FGC    FGCT     GCT   
       104378.7   0.00  64.12  78.48  38.00  99.94  78205 1886.232   173  241.945 2128.178
       104388.7   0.00 100.00  27.80  38.02  99.94  78213 1886.386   173  241.945 2128.331
       104398.7  60.61   0.00  26.54  38.04  99.94  78220 1886.519   173  241.945 2128.464
       104408.7  54.25   0.00   1.77  38.06  99.94  78228 1886.708   173  241.945 2128.653
       104418.7   0.00  99.66  52.58  38.08  99.94  78235 1886.861   173  241.945 2128.806
       104428.7   0.00  46.31  42.90  38.10  99.94  78243 1887.024   173  241.945 2128.970
       104438.7  50.86   0.00  78.80  38.13  99.94  78250 1887.183   173  241.945 2129.128
       104448.7  60.82   0.00  27.96  40.25  99.94  78258 1887.438   173  241.945 2129.383
       104458.7   0.00  99.77  60.31  40.26  99.94  78265 1887.615   173  241.945 2129.560
       104468.7   0.00 100.00  33.57  41.04  99.94  78273 1887.824   173  241.945 2129.769
Timestamp         S0     S1     E      O      P     YGC     YGCT    FGC    FGCT     GCT   
       104478.7   0.00  41.00  19.15  41.08  99.94  78281 1887.994   173  241.945 2129.939
       104488.7  42.02   0.00  85.73  41.09  99.94  78288 1888.151   173  241.945 2130.097
       104498.7  47.13   0.00  99.16  41.19  99.94  78296 1888.401   173  241.945 2130.347
       104508.7  76.15   0.00  47.41  41.23  99.94  78304 1888.569   173  241.945 2130.515
       104518.7   0.00 100.00  59.94  41.28  99.94  78311 1888.732   173  241.945 2130.677
       104528.7   0.00  82.45  26.98  41.36  99.94  78319 1888.941   173  241.945 2130.887
       104538.7  58.52   0.00  94.20  41.39  99.94  78326 1889.079   173  241.945 2131.024
       104548.7  41.22   0.00  52.05  41.51  99.94  78334 1889.273   173  241.945 2131.219
       104558.7  62.42   0.00  24.20  41.55  99.94  78342 1889.431   173  241.945 2131.377
       104568.7  47.26   0.00   5.00  41.64  99.94  78350 1889.610   173  241.945 2131.556
Timestamp         S0     S1     E      O      P     YGC     YGCT    FGC    FGCT     GCT   
       104578.7   0.00 100.00  81.97  44.13  99.94  78357 1889.800   173  241.945 2131.746
       104588.7  59.20   0.00   6.54  44.14  99.94  78366 1890.071   173  241.945 2132.016
       104598.7  25.76   0.00  30.31  45.14  99.94  78374 1890.292   173  241.945 2132.237
       104608.7  21.36   0.00  32.19  45.23  99.94  78382 1890.453   173  241.945 2132.398
       104618.7  56.65   0.00  41.27  45.25  99.94  78390 1890.633   173  241.945 2132.578
       104628.7  28.80   0.00  41.27  45.27  99.94  78398 1890.783   173  241.945 2132.728
       104638.7  99.60   0.00  10.55  45.32  99.94  78406 1890.977   173  241.945 2132.923
       104648.7   0.00  46.24  84.19  45.33  99.94  78413 1891.130   173  241.945 2133.075
       104658.7   0.00 100.00  50.18  45.46  99.94  78421 1891.318   173  241.945 2133.263
       104668.7   0.00  56.62  29.36  45.50  99.94  78429 1891.475   173  241.945 2133.420
Timestamp         S0     S1     E      O      P     YGC     YGCT    FGC    FGCT     GCT   
       104678.7  33.61   0.00  85.54  45.52  99.94  78436 1891.614   173  241.945 2133.559
       104688.7  61.58   0.00  54.60  45.54  99.94  78444 1891.766   173  241.945 2133.711
       104698.7  73.70   0.00  12.26  45.60  99.94  78452 1891.973   173  241.945 2133.919
       104708.7  77.83  62.38 100.00  45.62  99.94  78460 1892.111   173  241.945 2134.056
       104718.7   0.00  79.74  54.89  45.77  99.94  78467 1892.277   173  241.945 2134.222
       104728.7  40.11   0.00  82.53  45.81  99.94  78474 1892.432   173  241.945 2134.378
       104738.7  47.17   0.00  34.77  45.85  99.94  78482 1892.623   173  241.945 2134.568
       104748.7  66.21   0.00  17.35  45.86  99.94  78490 1892.793   173  241.945 2134.738
       104758.7   0.00  99.78  75.93  47.71  99.94  78497 1892.955   173  241.945 2134.901
       104768.7  53.06   0.00   8.80  47.80  99.94  78506 1893.225   173  241.945 2135.171
Timestamp         S0     S1     E      O      P     YGC     YGCT    FGC    FGCT     GCT   
       104778.7  35.31   0.00   8.04  48.58  99.94  78514 1893.437   173  241.945 2135.383
       104788.7  46.35   0.00  11.78  48.76  99.94  78522 1893.642   173  241.945 2135.587
       104798.7   0.00  24.10  50.87  48.78  99.94  78529 1893.802   173  241.945 2135.747
       104808.7   0.00  27.05   6.58  48.85  99.94  78537 1893.966   173  241.945 2135.911
       104818.7 100.00   0.00  11.59  48.93  99.94  78544 1894.133   173  241.945 2136.078
       104828.7  79.59   0.00  88.73  49.07  99.94  78550 1894.365   173  241.945 2136.311
       104838.7  38.65   0.00  85.86  49.19  99.94  78558 1894.607   173  241.945 2136.552
       104848.7  18.85   0.00  78.49  49.61  99.94  78566 1894.775   173  241.945 2136.720
       104858.7  36.71   0.00  86.92  49.67  99.94  78574 1894.941   173  241.945 2136.886
       104868.7  44.50   0.00  52.23  49.68  99.94  78582 1895.135   173  241.945 2137.081
Timestamp         S0     S1     E      O      P     YGC     YGCT    FGC    FGCT     GCT   
       104878.7  84.58   0.00   7.43  49.74  99.94  78590 1895.330   173  241.945 2137.275
       104888.7   0.00  38.50  77.92  49.76  99.94  78597 1895.516   173  241.945 2137.461
       104898.7   0.00  79.76  52.73  49.78  99.94  78605 1895.723   173  241.945 2137.668
       104908.8   0.00  47.34   8.34  49.82  99.94  78613 1895.892   173  241.945 2137.838
       104918.7  65.54   0.00  80.84  49.91  99.94  78620 1896.084   173  241.945 2138.030
       104928.7   0.00  72.67  90.87  49.95  99.94  78627 1896.217   173  241.945 2138.162
       104938.7   0.00 100.00  76.32  49.98  99.94  78635 1896.406   173  241.945 2138.352
       104948.7   0.00  39.63  48.85  49.99  99.94  78643 1896.606   173  241.945 2138.551
       104958.7  77.55   0.00  80.54  50.04  99.94  78650 1896.736   173  241.945 2138.681
       104968.7  54.90   0.00  18.09  50.06  99.94  78658 1896.947   173  241.945 2138.893
Timestamp         S0     S1     E      O      P     YGC     YGCT    FGC    FGCT     GCT   
       104978.7   0.00  54.55  95.69  50.11  99.94  78665 1897.093   173  241.945 2139.039
       104988.7   0.00 100.00  61.13  50.17  99.94  78673 1897.320   173  241.945 2139.266
       104998.7   0.00  99.79  46.17  51.29  99.94  78681 1897.578   173  241.945 2139.523
       105008.8   0.00  99.60  21.91  51.89  99.94  78689 1897.789   173  241.945 2139.734
       105018.7   0.00  23.45   5.87  52.21  99.94  78697 1897.941   173  241.945 2139.886
       105028.8  34.64   0.00  68.14  52.22  99.94  78704 1898.100   173  241.945 2140.045
       105038.7   0.00  36.54  94.14  52.24  99.94  78711 1898.248   173  241.945 2140.193
       105048.7   0.00  38.46  34.74  52.26  99.94  78719 1898.439   173  241.945 2140.384
       105058.7 100.00   0.00  90.41  52.34  99.94  78726 1898.589   173  241.945 2140.534
       105068.7   0.00  99.88  19.11  54.27  99.94  78735 1898.915   173  241.945 2140.860
Timestamp         S0     S1     E      O      P     YGC     YGCT    FGC    FGCT     GCT   
       105078.8   0.00  33.90  57.52  54.95  99.94  78743 1899.167   173  241.945 2141.112
       105088.7   0.00  16.34  53.21  55.42  99.94  78751 1899.331   173  241.945 2141.276
       105098.8   0.00  20.60  25.76  55.45  99.94  78759 1899.496   173  241.945 2141.441
       105108.8   0.00  45.47   3.82  55.46  99.94  78767 1899.672   173  241.945 2141.617
       105118.7  61.41   0.00  92.51  55.48  99.94  78774 1899.831   173  241.945 2141.776
       105128.7  51.83   0.00  50.47  55.55  99.94  78782 1899.987   173  241.945 2141.932
       105138.7  40.72   0.00  17.83  55.58  99.94  78790 1900.157   173  241.945 2142.103
       105148.8   0.00  44.48  83.17  55.63  99.94  78797 1900.288   173  241.945 2142.234
       105158.7   0.00  47.98  34.53  55.66  99.94  78805 1900.482   173  241.945 2142.427
       105168.8  98.29   0.00  91.17  55.67  99.94  78812 1900.638   173  241.945 2142.583
Timestamp         S0     S1     E      O      P     YGC     YGCT    FGC    FGCT     GCT   
       105178.8  47.63   0.00  81.29  58.76  99.94  78820 1900.995   173  241.945 2142.940
       105188.8   0.00  39.83   4.43  59.53  99.94  78829 1901.291   173  241.945 2143.236
       105198.7   0.00  23.54  13.25  59.90  99.94  78837 1901.479   173  241.945 2143.424
       105208.7  25.53   0.00  97.93  59.91  99.94  78845 1901.728   173  241.945 2143.673
       105218.8  52.23   0.00  84.58  59.95  99.94  78852 1901.883   173  241.945 2143.829
       105228.7  37.56   0.00   8.66  59.96  99.94  78860 1902.075   173  241.945 2144.020
       105238.8   0.00 100.00  19.55  60.83  99.94  78867 1902.239   173  241.945 2144.185
       105248.8   0.00 100.00   4.09  61.52  99.94  78875 1902.517   173  241.945 2144.463
       105258.7   0.00  31.40   0.80  62.16  99.94  78883 1902.749   173  241.945 2144.695
       105268.7   0.00  30.24  11.62  62.39  99.94  78891 1902.906   173  241.945 2144.851
Timestamp         S0     S1     E      O      P     YGC     YGCT    FGC    FGCT     GCT   
       105278.8  23.87   0.00  99.51  62.42  99.94  78898 1903.018   173  241.945 2144.964
       105288.8  22.44   0.00  30.29  62.44  99.94  78906 1903.152   173  241.945 2145.097
       105298.8   0.00  51.69  43.16  62.48  99.94  78913 1903.280   173  241.945 2145.225
       105308.8  75.34   0.00  72.57  62.49  99.94  78920 1903.426   173  241.945 2145.371
       105318.7  70.65   0.00   0.00  62.53  99.94  78928 1903.626   173  241.945 2145.571
       105328.7   0.00  59.93  40.40  62.54  99.94  78935 1903.779   173  241.945 2145.724
       105338.7  95.62   0.00  72.60  62.56  99.94  78942 1903.944   173  241.945 2145.889
       105348.7   0.00  99.21  74.07  62.57  99.94  78949 1904.104   173  241.945 2146.049
       105358.7   0.00  99.41   2.36  62.65  99.94  78957 1904.256   173  241.945 2146.201
       105368.8  69.25   0.00  71.63  62.67  99.94  78964 1904.406   173  241.945 2146.351
Timestamp         S0     S1     E      O      P     YGC     YGCT    FGC    FGCT     GCT   
       105378.8  54.29   0.00  24.82  62.69  99.94  78972 1904.582   173  241.945 2146.527
       105388.8   0.00  41.47  86.31  62.71  99.94  78979 1904.723   173  241.945 2146.669
       105398.8   0.00  99.81  46.84  63.47  99.94  78987 1904.925   173  241.945 2146.871
       105408.8   0.00  99.82  37.80  63.47  99.94  78995 1905.142   173  241.945 2147.087
       105418.7   0.00  27.36   8.25  64.32  99.94  79003 1905.345   173  241.945 2147.290
       105428.8  24.61   0.00  59.28  64.35  99.94  79010 1905.535   173  241.945 2147.480
       105438.8  41.13   0.00  34.90  64.42  99.94  79018 1905.710   173  241.945 2147.655
       105448.7   0.00  79.06  89.57  64.44  99.94  79025 1905.927   173  241.945 2147.872
       105458.8   0.00  70.68  70.73  64.45  99.94  79033 1906.140   173  241.945 2148.085
       105468.7   0.00  53.90  20.46  64.54  99.94  79041 1906.300   173  241.945 2148.245
Timestamp         S0     S1     E      O      P     YGC     YGCT    FGC    FGCT     GCT   
       105478.8  38.99   0.00  50.52  64.67  99.94  79048 1906.429   173  241.945 2148.374
       105488.7  52.33   0.00  13.00  64.67  99.94  79056 1906.626   173  241.945 2148.571
       105498.8  37.67   0.00   9.43  64.77  99.94  79064 1906.805   173  241.945 2148.750
       105508.8  60.38   0.00  11.11  64.81  99.94  79072 1906.993   173  241.945 2148.939
       105518.8   0.00  29.11  61.58  64.87  99.94  79079 1907.159   173  241.945 2149.104
       105528.8  68.68   0.00  97.61  64.91  99.94  79086 1907.323   173  241.945 2149.268
       105538.8  85.20   0.00  49.13  64.93  99.94  79094 1907.527   173  241.945 2149.473
       105548.8  60.91   0.00  39.84  64.94  99.94  79102 1907.765   173  241.945 2149.711
       105558.8  52.66   0.00   1.90  65.01  99.94  79110 1907.944   173  241.945 2149.889
       105568.8   0.00  54.52  83.46  65.21  99.94  79117 1908.126   173  241.945 2150.071
Timestamp         S0     S1     E      O      P     YGC     YGCT    FGC    FGCT     GCT   
       105578.8   0.00  67.70  54.11  65.23  99.94  79125 1908.366   173  241.945 2150.311
       105588.8   0.00  47.04  38.00  65.27  99.94  79133 1908.562   173  241.945 2150.507
       105598.8  24.63   0.00  80.02  65.40  99.94  79140 1908.685   173  241.945 2150.631
       105608.8  67.65   0.00  52.75  65.41  99.94  79148 1908.916   173  241.945 2150.861
       105618.8 100.00   0.00  48.93  65.51  99.94  79156 1909.090   173  241.945 2151.036
       105628.8  69.29   0.00  66.20  67.72  99.94  79164 1909.375   173  241.945 2151.320
       105638.8   0.00  99.83  10.68  68.15  99.94  79173 1909.671   173  241.945 2151.617
       105648.8   0.00  15.25  17.37  69.08  99.94  79181 1909.951   173  241.945 2151.896
       105658.8   0.00  27.85  15.64  69.10  99.94  79189 1910.153   173  241.945 2152.098
       105668.7   0.00  47.80  19.99  69.13  99.94  79197 1910.349   173  241.945 2152.294
Timestamp         S0     S1     E      O      P     YGC     YGCT    FGC    FGCT     GCT   
       105678.8  27.31  30.00 100.00  69.22  99.94  79205 1910.512   173  241.945 2152.457
       105688.8  36.57   0.00  71.48  69.27  99.94  79212 1911.149   173  241.945 2153.095
       105698.8  70.05   0.00  45.74  69.28  99.94  79220 1911.320   173  241.945 2153.265
       105708.8  41.67   0.00  20.33  69.33  99.94  79228 1911.481   173  241.945 2153.426
       105718.8   0.00 100.00  69.73  69.35  99.94  79235 1911.670   173  241.945 2153.615
       105728.8   0.00  99.52   7.62  69.39  99.94  79243 1911.879   173  241.945 2153.824
       105738.8  58.95   0.00  21.37  69.44  99.94  79250 1911.996   173  241.945 2153.941
       105748.8   0.00 100.00  89.35  69.51  99.94  79257 1912.193   173  241.945 2154.139
       105758.8   0.00 100.00  46.40  69.52  99.94  79265 1912.476   173  241.945 2154.421
       105768.8  26.24   0.00  85.46  69.66  99.94  79272 1912.632   173  241.945 2154.577
Timestamp         S0     S1     E      O      P     YGC     YGCT    FGC    FGCT     GCT   
       105778.8  46.25   0.00  23.99  70.06  99.94  79280 1912.797   173  241.945 2154.742
       105788.8   0.00  99.57  66.21  70.07  99.94  79287 1912.957   173  241.945 2154.903
       105798.8   0.00 100.00  41.50  70.30  99.94  79295 1913.148   173  241.945 2155.093
       105808.8   0.00  60.13  12.92  70.31  99.94  79303 1913.344   173  241.945 2155.289
       105818.8  52.70   0.00  86.35  70.53  99.94  79310 1913.492   173  241.945 2155.437
       105828.8  57.27   0.00  45.48  70.55  99.94  79318 1913.665   173  241.945 2155.610
       105838.8   0.00  52.03  74.74  70.56  99.94  79325 1913.824   173  241.945 2155.769
       105848.8  57.97   0.00  54.42  70.59  99.94  79332 1913.994   173  241.945 2155.939
       105858.8   0.00  51.35  82.46  70.64  99.94  79339 1914.187   173  241.945 2156.132
       105868.8   0.00 100.00  37.24  70.67  99.94  79347 1914.368   173  241.945 2156.313
Timestamp         S0     S1     E      O      P     YGC     YGCT    FGC    FGCT     GCT   
       105878.8  59.72   0.00  72.47  70.70  99.94  79354 1914.507   173  241.945 2156.452
       105888.8   0.00  63.57  97.90  70.72  99.94  79362 1914.651   173  241.945 2156.596
       105898.8   0.00 100.00  25.31  70.78  99.94  79369 1914.918   173  241.945 2156.863
       105908.8 100.00   0.00  69.47  71.45  99.94  79376 1915.083   173  241.945 2157.028
       105918.8  56.33   0.00  24.66  71.58  99.94  79384 1915.278   173  241.945 2157.223
       105928.8   0.00  63.82  73.63  71.72  99.94  79391 1915.430   173  241.945 2157.375
       105938.8   0.00 100.00   6.56  71.86  99.94  79399 1915.620   173  241.945 2157.565
       105948.8  28.29   0.00  41.08  71.88  99.94  79406 1915.754   173  241.945 2157.699
       105958.8   0.00 100.00  39.74  71.94  99.94  79413 1915.948   173  241.945 2157.893
       105968.8  67.97   0.00  97.56  72.88  99.94  79420 1916.162   173  241.945 2158.107
Timestamp         S0     S1     E      O      P     YGC     YGCT    FGC    FGCT     GCT   
       105978.8  67.27   0.00  90.93  72.94  99.94  79428 1916.390   173  241.945 2158.335
       105988.8  29.20   0.00  93.59  73.77  99.94  79436 1916.657   173  241.945 2158.602
       105998.8  42.37   0.00  59.28  73.78  99.94  79444 1916.832   173  241.945 2158.777
       106008.8  42.80   0.00  31.21  73.94  99.94  79452 1917.049   173  241.945 2158.994
       106018.8   0.00  32.96  43.36  73.99  99.94  79459 1917.208   173  241.945 2159.153
       106028.8  37.44   0.00  60.99  74.01  99.94  79466 1917.355   173  241.945 2159.300
       106038.8   0.00  50.91  89.58  74.02  99.94  79473 1917.499   173  241.945 2159.444
       106048.8   0.00 100.00   0.07  74.09  99.94  79481 1917.682   173  241.945 2159.628
       106058.8  54.70   0.00  35.36  74.10  99.94  79488 1917.838   173  241.945 2159.783
       106068.8   0.00  38.06  59.37  74.12  99.94  79495 1917.995   173  241.945 2159.940
Timestamp         S0     S1     E      O      P     YGC     YGCT    FGC    FGCT     GCT   
       106078.8   0.00 100.00   5.53  74.18  99.94  79503 1918.328   173  241.945 2160.274
       106088.9  61.09  79.08 100.00  74.38  99.94  79511 1918.598   173  241.945 2160.543
       106098.8  63.45   0.00  94.43  74.42  99.94  79518 1918.851   173  241.945 2160.796
       106108.8  42.31   0.00  73.97  74.63  99.94  79526 1919.036   173  241.945 2160.981
       106118.8  65.97   0.00  46.84  74.65  99.94  79534 1919.245   173  241.945 2161.190
       106128.8  52.39   0.00  22.08  74.67  99.94  79542 1919.402   173  241.945 2161.347
       106138.8   0.00  59.79  86.49  75.00  99.94  79549 1919.653   173  241.945 2161.598
       106148.9   0.00 100.00  68.04  75.03  99.94  79557 1919.873   173  241.945 2161.818
       106158.8   0.00  72.66  46.10  75.33  99.94  79565 1920.085   173  241.945 2162.030
       106168.9   0.00  27.45  25.59  75.42  99.94  79573 1920.261   173  241.945 2162.207
Timestamp         S0     S1     E      O      P     YGC     YGCT    FGC    FGCT     GCT   
       106178.9  42.06   0.00  86.96  75.44  99.94  79580 1920.389   173  241.945 2162.334
       106188.9  47.37   0.00  44.38  75.48  99.94  79588 1920.576   173  241.945 2162.521
       106198.8  46.67   0.00   4.38  75.50  99.94  79596 1920.810   173  241.945 2162.755
       106208.9   0.00 100.00  94.49  76.37  99.94  79603 1921.024   173  241.945 2162.969
       106218.8  47.12   0.00   6.91  76.42  99.94  79612 1921.323   173  241.945 2163.268
       106228.9  22.54   0.00  16.89  77.06  99.94  79620 1921.490   173  241.945 2163.435
       106238.8  32.64   0.00   0.00  77.17  99.94  79628 1921.669   173  241.945 2163.614
       106248.8   0.00  31.75  70.52  77.19  99.94  79635 1921.821   173  241.945 2163.766
       106258.8  56.15   0.00  99.31  77.21  99.94  79643 1921.978   173  241.945 2163.923
       106268.9  83.82   0.00  67.44  77.25  99.94  79650 1922.270   173  241.945 2164.215
Timestamp         S0     S1     E      O      P     YGC     YGCT    FGC    FGCT     GCT   
       106278.8  46.46   0.00  26.51  77.27  99.94  79658 1922.459   173  241.945 2164.405
       106288.9   0.00  99.70  89.26  77.31  99.94  79665 1922.661   173  241.945 2164.606
       106298.8   0.00  46.57  22.59  77.41  99.94  79673 1922.834   173  241.945 2164.779
       106308.9  36.99   0.00  68.78  77.43  99.94  79680 1922.994   173  241.945 2164.940
       106318.8  70.11   0.00   8.21  77.46  99.94  79688 1923.238   173  241.945 2165.184
       106328.9   0.00  74.45  88.68  77.49  99.94  79695 1923.416   173  241.945 2165.361
       106338.9   0.00  99.74  54.11  77.64  99.94  79703 1923.641   173  241.945 2165.586
       106348.9   0.00  99.73  32.53  18.25  99.94  79711 1923.809   174  243.347 2167.156
       106358.9   0.00  73.46   0.00  18.25  99.94  79719 1924.044   174  243.347 2167.391
       106368.9  28.89   0.00  65.74  18.69  99.94  79726 1924.215   174  243.347 2167.562
Timestamp         S0     S1     E      O      P     YGC     YGCT    FGC    FGCT     GCT   
       106378.9  35.51   0.00  58.33  18.72  99.94  79734 1924.409   174  243.347 2167.756
       106388.9  68.47   0.00  43.84  18.74  99.94  79742 1924.625   174  243.347 2167.972
       106398.8  45.05   0.00  36.36  18.77  99.94  79750 1924.791   174  243.347 2168.138
       106408.9  32.44 100.00 100.00  18.89  99.94  79758 1924.904   174  243.347 2168.251
       106418.8   0.00  51.45  71.65  18.91  99.94  79765 1925.058   174  243.347 2168.405
       106428.8   0.00  53.17  48.36  18.93  99.94  79773 1925.228   174  243.347 2168.575
       106438.9  99.40   0.00  79.20  18.94  99.94  79780 1925.362   174  243.347 2168.709
       106448.9  90.69   0.00  64.63  19.01  99.94  79788 1925.529   174  243.347 2168.876
       106458.9  60.87   0.00  12.44  19.05  99.94  79796 1925.702   174  243.347 2169.049
       106468.9   0.00 100.00  69.98  19.70  99.94  79803 1925.836   174  243.347 2169.183
Timestamp         S0     S1     E      O      P     YGC     YGCT    FGC    FGCT     GCT   
       106478.9   0.00  99.56  58.14  19.73  99.94  79811 1926.006   174  243.347 2169.353
       106488.9   0.00  42.10  44.63  20.02  99.94  79819 1926.254   174  243.347 2169.601
       106498.8   0.00  99.63   8.61  20.11  99.94  79827 1926.454   174  243.347 2169.801
       106508.9  31.14   0.00  87.02  20.12  99.94  79834 1926.601   174  243.347 2169.948
       106518.9  60.34   0.00  60.75  20.19  99.94  79842 1926.768   174  243.347 2170.115
       106528.9  75.13   0.00   0.00  20.20  99.94  79850 1926.931   174  243.347 2170.278
       106538.9   0.00  42.33  59.33  20.21  99.94  79857 1927.068   174  243.347 2170.415
       106548.9  51.92   0.00  87.27  20.28  99.94  79864 1927.205   174  243.347 2170.552
       106558.9 100.00   0.00  18.13  20.35  99.94  79872 1927.387   174  243.347 2170.734
       106568.9   0.00  52.99  83.64  20.37  99.94  79879 1927.563   174  243.347 2170.910
Timestamp         S0     S1     E      O      P     YGC     YGCT    FGC    FGCT     GCT   
       106578.8   0.00 100.00  64.69  20.49  99.94  79887 1927.778   174  243.347 2171.125
       106588.9   0.00  66.03  36.17  20.57  99.94  79895 1927.955   174  243.347 2171.302
       106598.9  59.02   0.00  96.28  20.58  99.94  79902 1928.243   174  243.347 2171.590
       106608.9  73.99   0.00  77.65  20.60  99.94  79910 1928.391   174  243.347 2171.738
       106618.9  62.15   0.00  18.70  20.63  99.94  79918 1928.541   174  243.347 2171.888
       106628.9   0.00  99.38  47.15  20.64  99.94  79925 1928.681   174  243.347 2172.028
       106638.9   0.00  65.56  15.32  20.72  99.94  79933 1928.891   174  243.347 2172.238
       106648.9  69.18   0.00  67.26  20.75  99.94  79940 1929.055   174  243.347 2172.402
       106658.9  73.58   0.00  33.93  20.83  99.94  79948 1929.212   174  243.347 2172.559
       106668.9  36.78   0.00   0.00  20.89  99.94  79956 1929.362   174  243.347 2172.709
Timestamp         S0     S1     E      O      P     YGC     YGCT    FGC    FGCT     GCT   
       106678.9   0.00  42.53  27.61  20.91  99.94  79963 1929.510   174  243.347 2172.857
       106688.9  52.88   0.00  58.38  20.94  99.94  79970 1929.628   174  243.347 2172.975
       106698.9  73.59   0.00  30.98  22.46  99.94  79978 1929.832   174  243.347 2173.180
       106708.9  56.39   0.00  26.08  22.47  99.94  79986 1930.108   174  243.347 2173.455
       106718.9  48.87   0.00  14.95  23.30  99.94  79994 1930.292   174  243.347 2173.639
       106728.9   0.00  99.52  90.15  23.31  99.94  80001 1930.499   174  243.347 2173.846
       106738.9   0.00  46.35  25.61  23.33  99.94  80009 1930.749   174  243.347 2174.096
       106748.9   0.00  37.50   3.16  23.36  99.94  80017 1930.907   174  243.347 2174.254
       106758.9  41.11   0.00  19.97  23.38  99.94  80024 1931.029   174  243.347 2174.376
       106768.9   0.00  41.36  55.10  23.41  99.94  80031 1931.176   174  243.347 2174.523
Timestamp         S0     S1     E      O      P     YGC     YGCT    FGC    FGCT     GCT   
       106778.9  47.89   0.00  91.06  23.43  99.94  80038 1931.289   174  243.347 2174.636
       106788.9  85.59   0.00  51.71  23.47  99.94  80046 1931.504   174  243.347 2174.852
       106798.9  48.05   0.00  30.16  23.52  99.94  80054 1931.675   174  243.347 2175.022
       106808.9   0.00 100.00  95.10  23.53  99.94  80061 1931.819   174  243.347 2175.166
       106818.9   0.00  32.34  64.41  23.63  99.94  80069 1932.002   174  243.347 2175.349
       106828.9   0.00  30.87   5.23  23.64  99.94  80077 1932.159   174  243.347 2175.506
       106838.9  67.07   0.00  81.78  23.68  99.94  80084 1932.304   174  243.347 2175.651
       106848.9  90.17   0.00  53.48  23.70  99.94  80092 1932.498   174  243.347 2175.845
       106858.9   0.00  53.40  80.29  23.73  99.94  80099 1932.649   174  243.347 2175.996
       106868.9   0.00  99.60  33.04  23.88  99.94  80107 1932.805   174  243.347 2176.152
Timestamp         S0     S1     E      O      P     YGC     YGCT    FGC    FGCT     GCT   
       106878.9   0.00  99.69   6.44  23.90  99.94  80115 1932.974   174  243.347 2176.321
       106888.9  56.02   0.00  69.36  23.92  99.94  80122 1933.115   174  243.347 2176.462
       106898.9  60.34   0.00  22.82  24.00  99.94  80130 1933.337   174  243.347 2176.684
       106908.9   0.00  77.94  81.46  24.04  99.94  80137 1933.468   174  243.347 2176.815
       106918.9   0.00  71.06  44.38  24.09  99.94  80145 1933.774   174  243.347 2177.121
       106928.9   0.00  52.38  42.41  24.32  99.94  80153 1934.011   174  243.347 2177.358
       106938.9  44.53   0.00  96.41  24.45  99.94  80160 1934.205   174  243.347 2177.552
       106948.9  34.15   0.00  88.82  24.74  99.94  80168 1934.369   174  243.347 2177.716
       106958.9  45.97   0.00  70.71  24.76  99.94  80176 1934.594   174  243.347 2177.941
       106968.9  45.59   0.00  42.92  24.78  99.94  80184 1934.747   174  243.347 2178.094
Timestamp         S0     S1     E      O      P     YGC     YGCT    FGC    FGCT     GCT   
       106978.9   0.00  34.88  62.51  24.90  99.94  80191 1934.876   174  243.347 2178.223
       106988.9  64.29   0.00  98.40  24.91  99.94  80199 1935.005   174  243.347 2178.352
       106998.9  97.42   0.00  92.46  24.93  99.94  80206 1935.192   174  243.347 2178.539
       107008.9  78.70   0.00  69.68  25.00  99.94  80214 1935.358   174  243.347 2178.705
       107018.9  38.42   0.00  33.36  25.10  99.94  80222 1935.511   174  243.347 2178.858
       107028.9   0.00  40.00  75.82  25.12  99.94  80229 1935.639   174  243.347 2178.986
       107038.9   0.00 100.00   6.05  25.14  99.94  80237 1935.801   174  243.347 2179.148
       107048.9  84.55   0.00  62.70  25.17  99.94  80244 1935.959   174  243.347 2179.306
       107058.9  48.91   0.00  23.85  25.32  99.94  80252 1936.163   174  243.347 2179.510
       107068.9   0.00  36.92  77.83  25.36  99.94  80259 1936.288   174  243.347 2179.635
Timestamp         S0     S1     E      O      P     YGC     YGCT    FGC    FGCT     GCT   
       107078.9   0.00  63.45  68.18  25.45  99.94  80267 1936.461   174  243.347 2179.808
       107088.9  44.51   0.00  84.16  25.47  99.94  80274 1936.601   174  243.347 2179.948
       107098.9  60.00   0.00  12.19  25.50  99.94  80282 1936.770   174  243.347 2180.117
       107108.9   0.00  99.77  98.60  27.98  99.94  80290 1936.925   174  243.347 2180.272
       107118.9   0.00  76.08  91.44  27.99  99.94  80297 1937.183   174  243.347 2180.530
       107128.9  36.90   0.00   0.00  28.54  99.94  80306 1937.408   174  243.347 2180.755
       107138.9  33.13   0.00  29.21  28.71  99.94  80314 1937.586   174  243.347 2180.933
       107148.9  53.46   0.00  30.14  28.76  99.94  80322 1937.798   174  243.347 2181.145
       107158.9  85.38   0.00  15.99  28.79  99.94  80330 1938.032   174  243.347 2181.379
       107168.9   0.00  77.59  87.23  28.84  99.94  80337 1938.203   174  243.347 2181.550
Timestamp         S0     S1     E      O      P     YGC     YGCT    FGC    FGCT     GCT   
       107178.9   0.00  44.17  69.12  28.92  99.94  80345 1938.352   174  243.347 2181.699
       107188.9   0.00  49.49  40.37  29.01  99.94  80353 1938.530   174  243.347 2181.877
       107198.9  64.10   0.00  96.54  29.02  99.94  80360 1938.673   174  243.347 2182.020
       107208.9   0.00  41.62  21.53  29.04  99.94  80367 1938.835   174  243.347 2182.182
       107218.9 100.00   0.00  50.44  29.16  99.94  80374 1939.008   174  243.347 2182.355
       107228.9  44.21   0.00  20.24  29.24  99.94  80382 1939.196   174  243.347 2182.543
       107238.9   0.00  50.00  86.52  29.50  99.94  80389 1939.372   174  243.347 2182.719
       107248.9   0.00  59.17  27.16  29.52  99.94  80397 1939.571   174  243.347 2182.919
       107258.9   0.00  56.28   3.75  29.55  99.94  80405 1939.721   174  243.347 2183.068
       107268.9  90.31   0.00  88.07  31.16  99.94  80412 1939.904   174  243.347 2183.251
Timestamp         S0     S1     E      O      P     YGC     YGCT    FGC    FGCT     GCT   
       107278.9  64.63   0.00  79.57  31.18  99.94  80420 1940.163   174  243.347 2183.510
       107288.9  19.11   0.00  56.31  32.08  99.94  80428 1940.333   174  243.347 2183.680
       107298.9  35.29   0.00  60.52  32.10  99.94  80436 1940.510   174  243.347 2183.857
       107308.9  49.11   0.00  35.14  32.11  99.94  80444 1940.706   174  243.347 2184.053
       107318.9  74.23   0.00   9.70  32.14  99.94  80452 1940.923   174  243.347 2184.270
       107328.9   0.00 100.00  98.18  32.28  99.94  80459 1941.057   174  243.347 2184.404
       107338.9   0.00  99.72  75.56  32.29  99.94  80467 1941.247   174  243.347 2184.594
       107348.9   0.00  31.49  38.32  32.33  99.94  80475 1941.448   174  243.347 2184.795
       107358.9  28.06   0.00  76.70  32.34  99.94  80482 1941.597   174  243.347 2184.944
       107368.9  58.77   0.00  12.84  32.36  99.94  80490 1941.763   174  243.347 2185.110
Timestamp         S0     S1     E      O      P     YGC     YGCT    FGC    FGCT     GCT   
       107378.9   0.00  50.54  79.68  32.37  99.94  80497 1941.905   174  243.347 2185.252
       107388.9   0.00  35.56  54.96  32.48  99.94  80505 1942.062   174  243.347 2185.409
       107398.9  35.52   0.00  94.37  32.55  99.94  80512 1942.187   174  243.347 2185.534
       107408.9 100.00   0.00  78.97  33.41  99.94  80520 1942.420   174  243.347 2185.767
       107418.9  84.86   0.00  84.46  33.42  99.94  80528 1942.723   174  243.347 2186.070
       107428.9   0.00  54.09  19.47  34.21  99.94  80537 1942.993   174  243.347 2186.340
       107438.9   0.00  25.26   0.00  34.24  99.94  80545 1943.162   174  243.347 2186.509
       107448.9  24.27   0.00  69.43  34.39  99.94  80552 1943.306   174  243.347 2186.653
       107458.9  54.61   0.00  30.19  34.43  99.94  80560 1943.468   174  243.347 2186.815
       107468.9  30.45   0.00   1.26  34.44  99.94  80568 1943.610   174  243.347 2186.958
Timestamp         S0     S1     E      O      P     YGC     YGCT    FGC    FGCT     GCT   
       107478.9  46.55   0.00  92.54  34.46  99.94  80574 1943.744   174  243.347 2187.091
       107488.9  97.78   0.00  57.69  34.54  99.94  80582 1943.938   174  243.347 2187.285
       107498.9  63.05   0.00  28.90  34.56  99.94  80590 1944.110   174  243.347 2187.457
       107508.9   0.00  58.50  80.47  34.63  99.94  80597 1944.252   174  243.347 2187.599
       107518.9   0.00  54.64  26.64  34.69  99.94  80605 1944.407   174  243.347 2187.755
       107528.9  73.46   0.00  94.73  34.70  99.94  80612 1944.551   174  243.347 2187.898
       107538.9  48.24   0.00  49.31  34.74  99.94  80620 1944.761   174  243.347 2188.108
       107548.9   0.00  41.76  88.82  34.76  99.94  80627 1944.982   174  243.347 2188.329
       107558.9   0.00  61.87  41.85  34.82  99.94  80635 1945.148   174  243.347 2188.495
       107568.9   0.00  58.04  23.79  34.84  99.94  80643 1945.320   174  243.347 2188.667
Timestamp         S0     S1     E      O      P     YGC     YGCT    FGC    FGCT     GCT   
       107578.9  53.26   0.00  79.22  34.85  99.94  80650 1945.462   174  243.347 2188.809
       107588.9  69.81   0.00  26.39  34.89  99.94  80658 1945.615   174  243.347 2188.962
       107598.9   0.00  49.36  87.22  34.91  99.94  80665 1945.755   174  243.347 2189.102
       107609.0   0.00  70.00   7.40  34.93  99.94  80673 1945.919   174  243.347 2189.267
       107618.9  35.31   0.00  53.86  34.99  99.94  80680 1946.050   174  243.347 2189.397
       107629.0  58.90   0.00  10.02  35.05  99.94  80688 1946.214   174  243.347 2189.561
       107638.9   0.00  99.75  87.60  35.23  99.94  80695 1946.441   174  243.347 2189.788
       107648.9   0.00  64.76  19.40  35.29  99.94  80703 1946.764   174  243.347 2190.111
       107658.9  61.47   0.00  72.38  35.55  99.94  80710 1946.906   174  243.347 2190.253
       107669.0   0.00  31.80  77.08  35.57  99.94  80717 1947.071   174  243.347 2190.418
Timestamp         S0     S1     E      O      P     YGC     YGCT    FGC    FGCT     GCT   
       107678.9   0.00  44.15  47.44  35.59  99.94  80725 1947.242   174  243.347 2190.589
       107688.9  76.12   0.00  98.26  35.61  99.94  80733 1947.464   174  243.347 2190.811
       107698.9 100.00   0.00  71.25  36.05  99.94  80740 1947.657   174  243.347 2191.004
       107709.0  48.30   0.00  76.40  36.07  99.94  80748 1947.891   174  243.347 2191.238
       107719.0  48.45   0.00  82.65  36.65  99.94  80756 1948.113   174  243.347 2191.461
       107729.0  39.72   0.00  81.23  36.70  99.94  80764 1948.317   174  243.347 2191.664
       107739.0  56.22   0.00  83.17  36.72  99.94  80772 1948.514   174  243.347 2191.861
       107749.0  71.52   0.00  74.94  36.78  99.94  80780 1948.725   174  243.347 2192.072
       107759.0  61.52   0.00  42.36  36.80  99.94  80788 1948.949   174  243.347 2192.296
       107768.9  29.53   0.00   6.62  36.92  99.94  80796 1949.115   174  243.347 2192.462
Timestamp         S0     S1     E      O      P     YGC     YGCT    FGC    FGCT     GCT   
       107779.0   0.00  35.50  79.93  36.98  99.94  80803 1949.308   174  243.347 2192.655
       107789.0   0.00  73.18  58.69  37.00  99.94  80811 1949.461   174  243.347 2192.808
       107799.0  52.92   0.00  95.21  37.05  99.94  80818 1949.592   174  243.347 2192.939
       107809.0  81.79   0.00  42.94  37.08  99.94  80826 1949.779   174  243.347 2193.126
       107819.0   0.00  39.77  95.36  37.10  99.94  80833 1949.912   174  243.347 2193.259
       107829.0   0.00 100.00  58.75  37.85  99.94  80841 1950.084   174  243.347 2193.431
       107839.0   0.00 100.00  43.86  38.48  99.94  80849 1950.349   174  243.347 2193.696
       107849.0   0.00  29.58  62.72  39.20  99.94  80857 1950.615   174  243.347 2193.963
       107859.0   0.00  23.12  42.54  39.35  99.94  80865 1950.758   174  243.347 2194.105
       107869.0   0.00  42.32  64.83  39.39  99.94  80873 1950.921   174  243.347 2194.269
Timestamp         S0     S1     E      O      P     YGC     YGCT    FGC    FGCT     GCT   
       107879.0   0.00  48.83  30.17  39.41  99.94  80881 1951.081   174  243.347 2194.428
       107889.0  41.01   0.00  96.77  39.42  99.94  80888 1951.232   174  243.347 2194.579
       107899.0  47.55   0.00  71.02  39.45  99.94  80896 1951.401   174  243.347 2194.748
       107909.0  45.23   0.00  19.36  39.48  99.94  80904 1951.571   174  243.347 2194.918
       107919.0   0.00  56.60  96.18  39.58  99.94  80911 1951.708   174  243.347 2195.055
       107929.0   0.00  60.05  45.83  39.60  99.94  80919 1951.877   174  243.347 2195.225
       107939.0  27.81   0.00  77.56  39.61  99.94  80926 1952.022   174  243.347 2195.369
       107949.0  82.42   0.00  52.84  39.64  99.94  80934 1952.183   174  243.347 2195.530
       107959.0  69.63   0.00  35.61  43.08  99.94  80942 1952.464   174  243.347 2195.811
       107969.0  75.26   0.00  77.20  43.09  99.94  80950 1952.757   174  243.347 2196.104
Timestamp         S0     S1     E      O      P     YGC     YGCT    FGC    FGCT     GCT   
       107979.0  30.13   0.00  95.46  44.03  99.94  80958 1952.986   174  243.347 2196.333
       107988.9   0.00  27.81   4.88  44.09  99.94  80967 1953.166   174  243.347 2196.513
       107999.0   0.00  59.64   4.79  44.13  99.94  80975 1953.334   174  243.347 2196.681
       108009.0  57.66   0.00  81.71  44.17  99.94  80982 1953.473   174  243.347 2196.820
       108019.0  55.85   0.00  40.97  44.24  99.94  80990 1953.652   174  243.347 2196.999
       108029.0   0.00  38.74  88.97  44.26  99.94  80997 1953.788   174  243.347 2197.135
       108039.0   0.00  99.59  78.16  44.29  99.94  81005 1953.946   174  243.347 2197.294
       108049.0   0.00  99.68  52.73  44.35  99.94  81013 1954.106   174  243.347 2197.453
       108059.0  41.03   0.00  62.60  44.37  99.94  81020 1954.229   174  243.347 2197.576
       108069.0  70.43   0.00  19.09  44.51  99.94  81028 1954.396   174  243.347 2197.743
Timestamp         S0     S1     E      O      P     YGC     YGCT    FGC    FGCT     GCT   
       108079.0  90.89   0.00  10.00  44.53  99.94  81036 1954.582   174  243.347 2197.929
       108089.0  60.38   0.00  11.67  44.64  99.94  81044 1954.815   174  243.347 2198.162
       108099.0  44.96   0.00  16.58  44.67  99.94  81052 1955.004   174  243.347 2198.351
       108109.0  69.67   0.00  13.05  44.76  99.94  81060 1955.181   174  243.347 2198.528
       108119.0   0.00  43.97  78.24  44.80  99.94  81067 1955.316   174  243.347 2198.663
       108129.0  31.54   0.00  94.17  44.82  99.94  81074 1955.489   174  243.347 2198.836
       108139.0  40.18   0.00  25.58  44.83  99.94  81082 1955.653   174  243.347 2199.000
       108149.0   0.00  99.70  75.72  44.84  99.94  81089 1955.799   174  243.347 2199.146
       108159.0   0.00  92.82  17.33  44.86  99.94  81097 1955.976   174  243.347 2199.323
       108169.0  80.54   0.00  86.89  44.92  99.94  81104 1956.135   174  243.347 2199.482
Timestamp         S0     S1     E      O      P     YGC     YGCT    FGC    FGCT     GCT   
       108179.0  72.07   0.00  44.59  45.01  99.94  81112 1956.332   174  243.347 2199.679
       108189.0   0.00  70.17  81.79  45.03  99.94  81119 1956.481   174  243.347 2199.828
       108199.0   0.00  64.53  39.80  45.07  99.94  81127 1956.679   174  243.347 2200.026
       108209.0   0.00  70.74   3.26  45.11  99.94  81135 1956.889   174  243.347 2200.236
       108219.0  97.14   0.00  51.39  45.13  99.94  81142 1957.029   174  243.347 2200.376
       108229.0   0.00  45.50  83.22  45.27  99.94  81149 1957.172   174  243.347 2200.519
       108239.0   0.00  39.43  18.94  45.28  99.94  81157 1957.348   174  243.347 2200.695
       108249.0   0.00 100.00   8.36  45.67  99.94  81165 1957.581   174  243.347 2200.928
       108259.0  75.44   0.00  77.51  45.70  99.94  81172 1957.753   174  243.347 2201.100
       108269.0  51.81   0.00  52.88  46.18  99.94  81180 1957.992   174  243.347 2201.339
Timestamp         S0     S1     E      O      P     YGC     YGCT    FGC    FGCT     GCT   
       108279.0   0.00  25.52  86.96  46.19  99.94  81187 1958.133   174  243.347 2201.480
       108289.0   0.00  48.24  68.87  46.21  99.94  81195 1958.301   174  243.347 2201.648
       108299.0   0.00 100.00  18.79  46.26  99.94  81203 1958.478   174  243.347 2201.825
       108309.0  59.04   0.00  73.17  46.27  99.94  81210 1958.619   174  243.347 2201.966
       108319.0  47.04   0.00  34.86  46.32  99.94  81218 1958.769   174  243.347 2202.116
       108329.0 100.00   0.00  11.29  46.97  99.94  81226 1958.963   174  243.347 2202.310
       108339.0   0.00  73.91  79.32  46.98  99.94  81233 1959.149   174  243.347 2202.496
       108349.0   0.00  43.30  30.21  47.18  99.94  81241 1959.320   174  243.347 2202.667
       108359.0 100.00   0.00  81.18  48.38  99.94  81248 1959.518   174  243.347 2202.865
       108369.0  66.92   0.00  20.45  48.39  99.94  81256 1959.832   174  243.347 2203.179
Timestamp         S0     S1     E      O      P     YGC     YGCT    FGC    FGCT     GCT   
       108379.0  20.80   0.00   5.65  49.22  99.94  81264 1960.023   174  243.347 2203.370
       108389.0  49.50   0.00  29.40  49.24  99.94  81272 1960.190   174  243.347 2203.537
       108399.0  64.31   0.00  28.66  49.27  99.94  81280 1960.390   174  243.347 2203.737
       108409.0  59.73   0.00  22.92  49.39  99.94  81288 1960.545   174  243.347 2203.892
       108419.0   0.00  48.16  94.97  49.41  99.94  81295 1960.692   174  243.347 2204.039
       108429.0   0.00 100.00  67.48  49.43  99.94  81303 1960.847   174  243.347 2204.194
       108439.0   0.00  68.82  51.09  49.44  99.94  81311 1961.021   174  243.347 2204.368
       108449.0  60.62   0.00  81.23  49.46  99.94  81318 1961.172   174  243.347 2204.519
       108459.0  52.22   0.00  69.39  49.50  99.94  81326 1961.393   174  243.347 2204.740
       108469.0  77.16   0.00  51.83  49.54  99.94  81334 1961.596   174  243.347 2204.943
Timestamp         S0     S1     E      O      P     YGC     YGCT    FGC    FGCT     GCT   
       108479.0  51.82   0.00   1.01  49.58  99.94  81342 1961.770   174  243.347 2205.117
       108489.0   0.00  99.68  71.22  49.67  99.94  81349 1961.931   174  243.347 2205.278
       108499.0   0.00  62.64  13.71  49.68  99.94  81357 1962.065   174  243.347 2205.412
       108509.0  51.67   0.00  57.39  49.70  99.94  81364 1962.180   174  243.347 2205.527
       108519.0 100.00   0.00  24.34  49.72  99.94  81372 1962.342   174  243.347 2205.689
       108529.0   0.00  99.42  98.80  49.74  99.94  81379 1962.479   174  243.347 2205.826
       108539.0   0.00  99.51  64.01  49.82  99.94  81387 1962.657   174  243.347 2206.004
       108549.0   0.00  83.51  24.99  49.85  99.94  81395 1962.851   174  243.347 2206.198
       108559.0   0.00  99.74   4.20  50.32  99.94  81403 1963.061   174  243.347 2206.408
       108569.0  74.52   0.00  72.46  50.33  99.94  81410 1963.243   174  243.347 2206.590
Timestamp         S0     S1     E      O      P     YGC     YGCT    FGC    FGCT     GCT   
       108579.0  20.90   0.00  29.44  50.83  99.94  81418 1963.407   174  243.347 2206.754
       108589.0   0.00  41.70  69.27  50.85  99.94  81425 1963.533   174  243.347 2206.880
       108599.0   0.00 100.00   5.42  50.88  99.94  81433 1963.708   174  243.347 2207.055
       108609.0  70.47   0.00  32.01  50.90  99.94  81440 1963.874   174  243.347 2207.221
       108619.0   0.00  29.55  65.41  50.96  99.94  81447 1964.017   174  243.347 2207.364
       108629.0  37.25   0.00  94.51  50.97  99.94  81454 1964.136   174  243.347 2207.483
       108639.0  69.12   0.00  66.91  50.99  99.94  81462 1964.308   174  243.347 2207.655
       108649.0  58.59   0.00  34.80  51.02  99.94  81470 1964.482   174  243.347 2207.829
       108659.0   0.00 100.00  69.29  52.95  99.94  81477 1964.668   174  243.347 2208.015
       108669.0   0.00 100.00  98.10  53.08  99.94  81485 1964.943   174  243.347 2208.290
Timestamp         S0     S1     E      O      P     YGC     YGCT    FGC    FGCT     GCT   
       108679.0   0.00  22.56  86.90  54.05  99.94  81493 1965.156   174  243.347 2208.503
       108689.0   0.00  24.74  96.58  54.08  99.94  81501 1965.393   174  243.347 2208.740
       108699.0   0.00  26.63  55.79  54.10  99.94  81509 1965.527   174  243.347 2208.874
       108709.0   0.00  55.15  30.20  54.13  99.94  81517 1965.675   174  243.347 2209.022
       108719.0   0.00  43.13   8.32  54.22  99.94  81525 1965.872   174  243.347 2209.219
       108729.0  35.79   0.00  66.76  54.23  99.94  81532 1966.037   174  243.347 2209.384
       108739.0  56.49   0.00  33.29  54.26  99.94  81540 1966.189   174  243.347 2209.536
       108749.0   0.00 100.00  57.89  54.29  99.94  81547 1966.343   174  243.347 2209.690
       108759.0   0.00  73.91   7.83  54.30  99.94  81555 1966.535   174  243.347 2209.882
       108769.0   0.00  55.47   0.00  57.35  99.94  81563 1966.761   174  243.347 2210.108
Timestamp         S0     S1     E      O      P     YGC     YGCT    FGC    FGCT     GCT   
       108779.0   0.00  70.51   0.00  57.36  99.94  81571 1966.997   174  243.347 2210.344
       108789.0   0.00 100.00  30.87  58.34  99.94  81579 1967.197   174  243.347 2210.544
       108799.0   0.00  18.08  22.94  58.37  99.94  81587 1967.385   174  243.347 2210.732
       108809.0   0.00  23.00   7.19  58.38  99.94  81595 1967.527   174  243.347 2210.874
       108819.0  48.88   0.00  70.01  58.41  99.94  81602 1967.690   174  243.347 2211.037
       108829.0  51.12   0.00   3.79  58.42  99.94  81610 1967.851   174  243.347 2211.198
       108839.0   0.00  50.31  16.82  58.45  99.94  81617 1967.998   174  243.347 2211.345
       108849.0  54.17   0.00  79.68  58.52  99.94  81624 1968.142   174  243.347 2211.489
       108859.0  87.31   0.00  58.38  60.25  99.94  81632 1968.354   174  243.347 2211.702
       108869.0  60.58   0.00  88.13  60.26  99.94  81640 1968.615   174  243.347 2211.962
Timestamp         S0     S1     E      O      P     YGC     YGCT    FGC    FGCT     GCT   
       108879.0   0.00 100.00  21.66  61.23  99.94  81649 1968.936   174  243.347 2212.283
       108889.0   0.00  30.49  53.91  61.24  99.94  81657 1969.178   174  243.347 2212.525
       108899.0   0.00  25.44  42.99  61.37  99.94  81665 1969.329   174  243.347 2212.676
       108909.0   0.00  51.47  39.18  61.41  99.94  81673 1969.561   174  243.347 2212.908
       108919.0   0.00  44.32  50.69  61.44  99.94  81681 1969.740   174  243.347 2213.087
       108929.0   0.00  57.14  44.68  61.49  99.94  81689 1969.926   174  243.347 2213.273
       108939.0  33.88   0.00  98.59  61.50  99.94  81697 1970.075   174  243.347 2213.422
       108949.0  44.48   0.00  46.10  61.53  99.94  81704 1970.346   174  243.347 2213.693
       108959.0   0.00  62.75  79.79  61.54  99.94  81711 1970.481   174  243.347 2213.828
       108969.0   0.00  52.45  19.06  61.63  99.94  81719 1970.692   174  243.347 2214.039
Timestamp         S0     S1     E      O      P     YGC     YGCT    FGC    FGCT     GCT   
       108979.0  50.00   0.00  72.51  61.65  99.94  81726 1970.868   174  243.347 2214.215
       108989.0  49.07   0.00  18.48  61.72  99.94  81734 1971.040   174  243.347 2214.387
       108999.0   0.00  99.53  70.67  61.73  99.94  81741 1971.152   174  243.347 2214.499
       109009.0   0.00  52.78  20.64  61.76  99.94  81749 1971.293   174  243.347 2214.640
       109019.0  82.47   0.00  69.29  62.47  99.94  81756 1971.470   174  243.347 2214.818
       109029.0  65.86   0.00  14.95  62.49  99.94  81764 1971.674   174  243.347 2215.021
       109039.0   0.00  29.59  65.98  62.98  99.94  81771 1971.820   174  243.347 2215.167
       109049.0   0.00  50.95  22.74  63.01  99.94  81779 1971.996   174  243.347 2215.343
       109059.1   0.00  50.43   3.69  63.03  99.94  81787 1972.176   174  243.347 2215.523
       109069.0  32.40   0.00  82.94  63.19  99.94  81794 1972.313   174  243.347 2215.660
Timestamp         S0     S1     E      O      P     YGC     YGCT    FGC    FGCT     GCT   
       109079.0  53.00   0.00  54.79  63.20  99.94  81802 1972.568   174  243.347 2215.915
       109089.0   0.00  34.66  86.42  63.24  99.94  81809 1972.736   174  243.347 2216.083
       109099.0  47.52   0.00  95.87  63.25  99.94  81816 1972.876   174  243.347 2216.223
       109109.0  52.30   0.00  33.78  63.27  99.94  81824 1973.071   174  243.347 2216.418
       109119.0  57.62   0.00  16.50  63.34  99.94  81832 1973.238   174  243.347 2216.585
       109129.0  86.91   0.00  41.27  64.95  99.94  81840 1973.499   174  243.347 2216.846
       109139.0  56.82   0.00  50.39  64.98  99.94  81848 1973.778   174  243.347 2217.125
       109149.0  19.62   0.00  47.44  65.82  99.94  81856 1973.964   174  243.347 2217.311
       109159.0  30.37   0.00  39.71  65.88  99.94  81864 1974.122   174  243.347 2217.469
       109169.0  39.51   0.00  19.13  65.90  99.94  81872 1974.258   174  243.347 2217.605
Timestamp         S0     S1     E      O      P     YGC     YGCT    FGC    FGCT     GCT   
       109179.0   0.00  60.53  89.36  65.92  99.94  81879 1974.405   174  243.347 2217.752
       109189.0   0.00  40.48  36.53  65.99  99.94  81887 1974.585   174  243.347 2217.932
       109199.0   0.00  64.07   6.91  66.49  99.94  81895 1974.764   174  243.347 2218.111
       109209.1  69.96   0.00  77.02  66.50  99.94  81902 1974.983   174  243.347 2218.330
       109219.0  70.71   0.00  25.24  66.74  99.94  81910 1975.171   174  243.347 2218.518
       109229.0   0.00  56.86  64.41  66.78  99.94  81917 1975.293   174  243.347 2218.641
       109239.0   0.00 100.00   3.95  66.88  99.94  81925 1975.459   174  243.347 2218.806
       109249.0  60.39   0.00  77.73  66.91  99.94  81932 1975.621   174  243.347 2218.968
       109259.1  88.20   0.00  68.45  66.98  99.94  81940 1975.843   174  243.347 2219.190
       109269.1  56.25   0.00  58.73  67.06  99.94  81948 1976.028   174  243.347 2219.375
Timestamp         S0     S1     E      O      P     YGC     YGCT    FGC    FGCT     GCT   
       109279.1  48.79   0.00   1.80  67.16  99.94  81956 1976.203   174  243.347 2219.550
       109289.1   0.00  42.31  64.36  67.18  99.94  81963 1976.338   174  243.347 2219.685
       109299.1   0.00  57.38  10.84  67.20  99.94  81971 1976.509   174  243.347 2219.856
       109309.1  67.56   0.00  53.17  67.24  99.94  81978 1976.651   174  243.347 2219.998
       109319.0   0.00 100.00  89.59  67.53  99.94  81985 1976.818   174  243.347 2220.165
       109329.1  49.57   0.00  18.24  70.80  99.94  81994 1977.183   174  243.347 2220.530
       109339.0  22.40   0.00  74.91  71.85  99.94  82002 1977.451   174  243.347 2220.798
       109349.0  32.69   0.00  95.38  72.15  99.94  82010 1977.635   174  243.347 2220.982
       109359.1  16.67   0.00  83.54  72.16  99.94  82018 1977.828   174  243.347 2221.175
       109369.0  29.92   0.00  24.82  72.17  99.94  82026 1977.997   174  243.347 2221.344
Timestamp         S0     S1     E      O      P     YGC     YGCT    FGC    FGCT     GCT   
       109379.1   0.00 100.00  87.64  72.19  99.94  82033 1978.146   174  243.347 2221.493
       109389.0   0.00  37.18  51.87  72.22  99.94  82041 1978.324   174  243.347 2221.671
       109399.0  45.43   0.00  73.73  72.27  99.94  82048 1978.498   174  243.347 2221.845
       109409.1  46.88   0.00  54.22  72.29  99.94  82056 1978.748   174  243.347 2222.095
       109419.0   0.00  99.66  84.42  72.30  99.94  82063 1978.893   174  243.347 2222.240
       109429.1   0.00  60.68  34.18  72.38  99.94  82071 1979.117   174  243.347 2222.464
       109439.0  56.32   0.00  85.06  72.40  99.94  82078 1979.332   174  243.347 2222.679
       109449.0  97.33   0.00  56.19  72.52  99.94  82086 1979.529   174  243.347 2222.876
       109459.0  64.05   0.00  24.57  72.59  99.94  82094 1979.717   174  243.347 2223.064
       109469.0  26.05   0.00  15.37  72.80  99.94  82102 1979.879   174  243.347 2223.226
Timestamp         S0     S1     E      O      P     YGC     YGCT    FGC    FGCT     GCT   
       109479.0   0.00  63.41  65.14  72.81  99.94  82109 1980.024   174  243.347 2223.371
       109489.0   0.00  61.05   0.00  72.85  99.94  82117 1980.219   174  243.347 2223.566
       109499.0  41.19   0.00   3.77  72.87  99.94  82124 1980.382   174  243.347 2223.729
       109509.1   0.00  40.56  29.46  72.88  99.94  82131 1980.533   174  243.347 2223.881
       109519.0  45.54   0.00  84.57  72.92  99.94  82138 1980.656   174  243.347 2224.003
       109529.0  70.25   0.00  32.72  72.93  99.94  82146 1980.864   174  243.347 2224.211
       109539.1  77.88   0.00   3.57  72.95  99.94  82154 1981.058   174  243.347 2224.405
       109549.1   0.00  99.83  80.41  74.17  99.94  82161 1981.310   174  243.347 2224.657
       109559.1   0.00 100.00  93.74  74.18  99.94  82169 1981.563   174  243.347 2224.910
       109569.1   0.00 100.00  72.28  75.12  99.94  82177 1981.777   174  243.347 2225.124
Timestamp         S0     S1     E      O      P     YGC     YGCT    FGC    FGCT     GCT   
       109579.1   0.00  13.75  49.68  75.16  99.94  82185 1981.941   174  243.347 2225.288
       109589.1   0.00  31.51  56.19  75.19  99.94  82193 1982.126   174  243.347 2225.473
       109599.0   0.00  44.83  45.81  75.22  99.94  82201 1982.291   174  243.347 2225.638
       109609.1   0.00  48.93  11.17  75.25  99.94  82209 1982.449   174  243.347 2225.796
       109619.0  75.98   0.00  79.50  75.28  99.94  82216 1982.603   174  243.347 2225.950
       109629.1  68.46   0.00  58.88  75.32  99.94  82224 1982.791   174  243.347 2226.138
       109639.1  58.60   0.00  25.36  75.45  99.94  82232 1983.027   174  243.347 2226.374
       109649.1   0.00 100.00  84.49  75.47  99.94  82239 1983.200   174  243.347 2226.547
       109659.1   0.00 100.00  56.14  75.74  99.94  82247 1983.373   174  243.347 2226.720
       109669.1   0.00  69.35  21.03  75.76  99.94  82255 1983.544   174  243.347 2226.891
Timestamp         S0     S1     E      O      P     YGC     YGCT    FGC    FGCT     GCT   
       109679.0  55.61   0.00  73.30  76.04  99.94  82262 1983.696   174  243.347 2227.043
       109689.1  72.09   0.00  22.16  76.08  99.94  82270 1983.946   174  243.347 2227.293
       109699.1  47.32   0.00   4.96  76.10  99.94  82278 1984.134   174  243.347 2227.481
       109709.1   0.00  59.17  69.57  76.12  99.94  82285 1984.285   174  243.347 2227.632
       109719.0   0.00  47.62  15.43  76.18  99.94  82293 1984.463   174  243.347 2227.810
       109729.1  45.22   0.00  57.02  76.19  99.94  82300 1984.608   174  243.347 2227.955
       109739.1  53.24   0.00  11.41  76.20  99.94  82308 1984.811   174  243.347 2228.158
       109749.1   0.00 100.00  82.84  76.21  99.94  82315 1984.974   174  243.347 2228.321
       109759.1   0.00  51.18  32.46  76.27  99.94  82323 1985.160   174  243.347 2228.507
       109769.1  43.64   0.00  75.31  76.29  99.94  82330 1985.311   174  243.347 2228.658
Timestamp         S0     S1     E      O      P     YGC     YGCT    FGC    FGCT     GCT   
       109779.1  91.22   0.00  52.51  76.43  99.94  82338 1985.536   174  243.347 2228.883
       109789.1  87.76   0.00  37.16  76.44  99.94  82346 1985.713   174  243.347 2229.060
       109799.1 100.00   0.00   3.24  77.21  99.94  82354 1985.931   174  243.347 2229.278
       109809.1   0.00  71.26  89.59  77.22  99.94  82361 1986.122   174  243.347 2229.469
       109819.1   0.00 100.00  49.29  77.94  99.94  82369 1986.343   174  243.347 2229.690
       109829.1   0.00  32.95  25.83  77.97  99.94  82377 1986.529   174  243.347 2229.876
       109839.1   0.00  47.79  15.29  77.99  99.94  82385 1986.738   174  243.347 2230.085
       109849.1  54.70   0.00  72.41  78.01  99.94  82392 1986.892   174  243.347 2230.239
       109859.1  89.19   0.00  19.84  78.02  99.94  82400 1987.070   174  243.347 2230.417
       109869.1   0.00  43.01  91.73  78.12  99.94  82407 1987.248   174  243.347 2230.595
Timestamp         S0     S1     E      O      P     YGC     YGCT    FGC    FGCT     GCT   
       109879.1   0.00 100.00  70.84  78.16  99.94  82415 1987.429   174  243.347 2230.776
       109889.1   0.00  70.71  83.89  78.20  99.94  82423 1987.635   174  243.347 2230.982
       109899.1   0.00  73.51  65.77  78.24  99.94  82431 1987.801   174  243.347 2231.148
       109909.1   0.00  71.36  42.95  80.24  99.94  82439 1988.043   174  243.347 2231.390
       109919.1  73.53   0.00  69.29  80.30  99.94  82446 1988.241   174  243.347 2231.588
       109929.1  18.71   0.00   0.00  80.89  99.94  82454 1988.417   174  243.347 2231.764
       109939.1   0.00  25.61  91.37  80.91  99.94  82461 1988.574   174  243.347 2231.921
       109949.1   0.00  68.82  31.04  18.01  99.94  82469 1988.749   175  244.659 2233.407
       109959.1 100.00   0.00  91.75  18.03  99.94  82476 1988.904   175  244.659 2233.562
       109969.1  63.50   0.00  85.83  18.36  99.94  82484 1989.104   175  244.659 2233.763
Timestamp         S0     S1     E      O      P     YGC     YGCT    FGC    FGCT     GCT   
       109979.1  31.00   0.00  60.27  18.40  99.94  82492 1989.281   175  244.659 2233.939
       109989.1  47.00   0.00  58.16  18.50  99.94  82500 1989.439   175  244.659 2234.097
       109999.1  44.90   0.00  67.35  18.54  99.94  82508 1989.627   175  244.659 2234.285
       110009.1  41.29   0.00  38.70  18.56  99.94  82516 1989.783   175  244.659 2234.442
       110019.2   0.00  45.20  97.33  18.62  99.94  82523 1989.909   175  244.659 2234.568
       110029.1   0.00  68.56  52.96  18.66  99.94  82531 1990.049   175  244.659 2234.707
       110039.1 100.00   0.00  98.50  19.67  99.94  82538 1990.211   175  244.659 2234.869
       110049.2  71.54   0.00  83.12  19.68  99.94  82546 1990.417   175  244.659 2235.075
       110059.1  39.87   0.00  63.64  20.28  99.94  82554 1990.623   175  244.659 2235.281
       110069.1  38.79   0.00  49.24  20.29  99.94  82562 1990.801   175  244.659 2235.459
Timestamp         S0     S1     E      O      P     YGC     YGCT    FGC    FGCT     GCT   
       110079.2  41.13   0.00  41.50  20.31  99.94  82570 1991.022   175  244.659 2235.681
       110089.2  50.74   0.00  12.08  20.32  99.94  82578 1991.212   175  244.659 2235.870
       110099.1   0.00  51.32  52.85  20.36  99.94  82585 1991.413   175  244.659 2236.071
       110109.1   0.00  80.85   8.68  20.39  99.94  82593 1991.616   175  244.659 2236.274
       110119.2  73.57   0.00  72.95  20.49  99.94  82600 1991.802   175  244.659 2236.461
       110129.2  63.38   0.00  40.29  20.51  99.94  82608 1991.996   175  244.659 2236.654
       110139.2   0.00  25.29  91.06  20.95  99.94  82615 1992.292   175  244.659 2236.950
       110149.1   0.00  44.13  59.97  20.98  99.94  82623 1992.447   175  244.659 2237.106
       110159.2   0.00  61.48  10.84  21.00  99.94  82631 1992.620   175  244.659 2237.278
       110169.2  58.64   0.00  96.86  21.08  99.94  82638 1992.780   175  244.659 2237.438
Timestamp         S0     S1     E      O      P     YGC     YGCT    FGC    FGCT     GCT   
       110179.2  42.08   0.00  56.48  21.13  99.94  82646 1992.929   175  244.659 2237.588
       110189.1  48.96   0.00  36.64  21.31  99.94  82654 1993.091   175  244.659 2237.749
       110199.1   0.00  61.67  99.71  21.33  99.94  82662 1993.260   175  244.659 2237.918
       110209.1   0.00  41.57   6.07  21.35  99.94  82669 1993.447   175  244.659 2238.105
       110219.1  64.34   0.00   7.49  21.37  99.94  82676 1993.626   175  244.659 2238.285
       110229.1   0.00  37.22  54.66  21.38  99.94  82683 1993.787   175  244.659 2238.446
       110239.1   0.00  99.72  20.31  21.44  99.94  82691 1993.972   175  244.659 2238.631
       110249.2   0.00  99.64   1.50  21.50  99.94  82699 1994.129   175  244.659 2238.787
       110259.1   0.00  33.19   6.56  21.63  99.94  82707 1994.291   175  244.659 2238.949
       110269.2  73.67   0.00  83.67  21.64  99.94  82714 1994.515   175  244.659 2239.173
Timestamp         S0     S1     E      O      P     YGC     YGCT    FGC    FGCT     GCT   
       110279.1 100.00   0.00  44.09  21.69  99.94  82722 1994.723   175  244.659 2239.382
       110289.2 100.00   0.00  29.41  23.47  99.94  82730 1994.971   175  244.659 2239.630
       110299.2  61.07   0.00  46.54  23.50  99.94  82738 1995.239   175  244.659 2239.898
       110309.2  15.94   0.00  58.23  24.81  99.94  82746 1995.481   175  244.659 2240.139
       110319.2  15.06   0.00  81.57  24.86  99.94  82754 1995.635   175  244.659 2240.294
       110329.1  31.73   0.00  83.47  24.88  99.94  82762 1995.817   175  244.659 2240.475
       110339.2  35.79   0.00  62.76  24.90  99.94  82770 1995.994   175  244.659 2240.653
       110349.1  38.01   0.00   9.71  24.95  99.94  82778 1996.157   175  244.659 2240.816
       110359.1   0.00  36.98  33.46  25.01  99.94  82785 1996.391   175  244.659 2241.049
       110369.2  37.58   0.00  65.16  25.03  99.94  82792 1996.530   175  244.659 2241.188
Timestamp         S0     S1     E      O      P     YGC     YGCT    FGC    FGCT     GCT   
       110379.2  79.58   0.00   6.25  25.05  99.94  82800 1996.658   175  244.659 2241.317
       110389.1   0.00  88.48  54.83  25.12  99.94  82807 1996.881   175  244.659 2241.540
       110399.2  36.04   0.00  93.80  25.14  99.94  82814 1997.044   175  244.659 2241.702
       110409.2  77.27   0.00  10.94  25.28  99.94  82822 1997.203   175  244.659 2241.861
       110419.2  16.98 100.00 100.00  25.29  99.94  82830 1997.358   175  244.659 2242.017
       110429.2   0.00  76.17  91.22  25.31  99.94  82837 1997.553   175  244.659 2242.212
       110439.1   0.00  43.06  66.75  25.39  99.94  82845 1997.751   175  244.659 2242.410
       110449.2  59.84   0.00  67.81  25.41  99.94  82852 1997.873   175  244.659 2242.531
       110459.2  87.89   0.00   8.59  25.45  99.94  82860 1998.027   175  244.659 2242.685
       110469.2   0.00  45.94  73.53  25.46  99.94  82867 1998.197   175  244.659 2242.856
Timestamp         S0     S1     E      O      P     YGC     YGCT    FGC    FGCT     GCT   
       110479.2   0.00  63.04  41.42  25.53  99.94  82875 1998.412   175  244.659 2243.070
       110489.1   0.00  99.71  33.41  25.88  99.94  82883 1998.603   175  244.659 2243.261
       110499.2   0.00  91.98  13.62  25.90  99.94  82891 1998.806   175  244.659 2243.464
       110509.2   0.00  38.52   4.26  26.28  99.94  82899 1998.979   175  244.659 2243.637
       110519.2  51.37   0.00  72.83  26.30  99.94  82906 1999.160   175  244.659 2243.818
       110529.2  59.09   0.00  62.42  26.36  99.94  82914 1999.388   175  244.659 2244.046
       110539.2  32.38   0.00  26.61  26.37  99.94  82922 1999.536   175  244.659 2244.195
       110549.2   0.00 100.00  66.72  26.49  99.94  82929 1999.658   175  244.659 2244.317
       110559.2   0.00  99.59  25.51  26.50  99.94  82937 1999.827   175  244.659 2244.486
       110569.2  66.09   0.00  72.45  26.52  99.94  82944 2000.008   175  244.659 2244.667
Timestamp         S0     S1     E      O      P     YGC     YGCT    FGC    FGCT     GCT   
       110579.2  96.72   0.00  36.08  26.64  99.94  82952 2000.189   175  244.659 2244.848
       110589.2  87.97   0.00  33.30  26.66  99.94  82960 2000.430   175  244.659 2245.088
       110599.2  29.41   0.00  21.90  26.81  99.94  82968 2000.743   175  244.659 2245.402
       110609.2  58.62   0.00  17.73  26.86  99.94  82976 2000.904   175  244.659 2245.562
       110619.2   0.00  21.86  67.05  26.92  99.94  82983 2001.026   175  244.659 2245.684
       110629.2   0.00 100.00  11.01  26.94  99.94  82991 2001.197   175  244.659 2245.856
       110639.2  90.29   0.00  84.87  26.96  99.94  82998 2001.364   175  244.659 2246.023
       110649.2  70.96   0.00  55.96  27.02  99.94  83006 2001.550   175  244.659 2246.209
       110659.2  57.53   0.00  37.81  31.69  99.94  83014 2001.799   175  244.659 2246.458
       110669.2  59.10   0.00  64.99  31.71  99.94  83022 2002.023   175  244.659 2246.681
Timestamp         S0     S1     E      O      P     YGC     YGCT    FGC    FGCT     GCT   
       110679.2  23.47   0.00  76.99  32.70  99.94  83030 2002.232   175  244.659 2246.891
       110689.2  27.21   0.00  90.75  32.72  99.94  83038 2002.382   175  244.659 2247.041
       110699.2  32.16   0.00  36.65  32.74  99.94  83046 2002.552   175  244.659 2247.211
       110709.2  67.51   0.00  35.47  32.75  99.94  83054 2002.719   175  244.659 2247.378
       110719.2  64.95   0.00  10.09  32.78  99.94  83062 2002.903   175  244.659 2247.562
       110729.2   0.00 100.00  91.35  32.80  99.94  83069 2003.062   175  244.659 2247.721
       110739.2   0.00  66.01  68.50  32.93  99.94  83077 2003.260   175  244.659 2247.919
       110749.2   0.00  39.05  59.41  33.01  99.94  83085 2003.424   175  244.659 2248.082
       110759.2   0.00  54.36   5.47  33.06  99.94  83093 2003.571   175  244.659 2248.229
       110769.2  44.92   0.00  83.33  33.07  99.94  83100 2003.697   175  244.659 2248.355
Timestamp         S0     S1     E      O      P     YGC     YGCT    FGC    FGCT     GCT   
       110779.2  75.29   0.00  38.65  33.09  99.94  83108 2003.860   175  244.659 2248.519
       110789.2  69.75   0.00  19.30  33.11  99.94  83116 2004.040   175  244.659 2248.698
       110799.2   0.00  98.99  86.92  33.13  99.94  83123 2004.171   175  244.659 2248.830
       110809.2   0.00  56.13  39.18  33.20  99.94  83131 2004.344   175  244.659 2249.003
       110819.2  41.50   0.00  79.48  33.21  99.94  83138 2004.466   175  244.659 2249.125
       110829.2  68.95   0.00  12.24  33.38  99.94  83146 2004.625   175  244.659 2249.283
       110839.2   0.00  51.72  34.82  33.40  99.94  83153 2004.750   175  244.659 2249.409
       110849.2  58.77   0.00  82.00  33.50  99.94  83160 2004.905   175  244.659 2249.563
       110859.2  71.39   0.00  74.53  33.53  99.94  83168 2005.108   175  244.659 2249.766
       110869.2  73.74   0.00  30.38  33.55  99.94  83176 2005.260   175  244.659 2249.919
Timestamp         S0     S1     E      O      P     YGC     YGCT    FGC    FGCT     GCT   
       110879.2   0.00  99.65  85.71  33.56  99.94  83183 2005.405   175  244.659 2250.064
       110889.2   0.00  37.04  42.50  33.58  99.94  83191 2005.553   175  244.659 2250.212
       110899.2  64.60   0.00  94.61  33.60  99.94  83198 2005.760   175  244.659 2250.419
       110909.2  49.66   0.00  49.83  33.62  99.94  83206 2005.903   175  244.659 2250.562
       110919.2   0.00  41.50  81.50  33.63  99.94  83213 2006.044   175  244.659 2250.702
       110929.2   0.00  46.69   3.67  33.65  99.94  83221 2006.178   175  244.659 2250.836
       110939.2  95.04   0.00   4.96  33.71  99.94  83228 2006.307   175  244.659 2250.966
       110949.2  59.07   0.00  14.46  37.11  99.94  83236 2006.541   175  244.659 2251.200
       110959.2  76.57   0.00  10.87  37.25  99.94  83244 2006.758   175  244.659 2251.417
       110969.2   0.00  21.05  96.71  37.96  99.94  83251 2006.894   175  244.659 2251.552
Timestamp         S0     S1     E      O      P     YGC     YGCT    FGC    FGCT     GCT   
       110979.2   0.00  25.60  75.06  37.98  99.94  83259 2007.047   175  244.659 2251.706
       110989.2   0.00  37.55  25.84  38.00  99.94  83267 2007.231   175  244.659 2251.890
       110999.2  41.29   0.00  65.01  38.01  99.94  83274 2007.421   175  244.659 2252.079
       111009.2  53.12   0.00  30.15  38.15  99.94  83282 2007.586   175  244.659 2252.245
       111019.2  39.42   0.00   4.15  38.16  99.94  83290 2007.757   175  244.659 2252.415
       111029.2   0.00  28.99  61.71  38.17  99.94  83297 2007.938   175  244.659 2252.597
       111039.2  63.02   0.00  90.28  38.18  99.94  83304 2008.060   175  244.659 2252.718
       111049.2  87.50   0.00  58.12  38.25  99.94  83312 2008.222   175  244.659 2252.880
       111059.2  36.40   0.00  31.28  38.75  99.94  83320 2008.433   175  244.659 2253.092
       111069.2  52.48   0.00   8.67  38.78  99.94  83328 2008.612   175  244.659 2253.271
Timestamp         S0     S1     E      O      P     YGC     YGCT    FGC    FGCT     GCT   
       111079.2   0.00  27.78  80.34  38.97  99.94  83335 2008.765   175  244.659 2253.424
       111089.2   0.00  70.28  66.44  38.99  99.94  83343 2008.945   175  244.659 2253.603
       111099.2   0.00 100.00  47.42  39.03  99.94  83351 2009.081   175  244.659 2253.739
       111109.2   0.00  30.75  29.16  39.05  99.94  83359 2009.251   175  244.659 2253.909
       111119.2  57.53   0.00  98.30  39.06  99.94  83366 2009.516   175  244.659 2254.174
       111129.2  66.40   0.00  60.03  39.13  99.94  83374 2009.702   175  244.659 2254.361
       111139.2  81.55   0.00  46.74  39.15  99.94  83382 2009.895   175  244.659 2254.554
       111149.2  41.12   0.00  45.64  39.22  99.94  83390 2010.147   175  244.659 2254.805
       111159.2  77.02   0.00  42.09  39.26  99.94  83398 2010.372   175  244.659 2255.031
       111169.2  54.80   0.00  37.46  39.34  99.94  83406 2010.572   175  244.659 2255.231
Timestamp         S0     S1     E      O      P     YGC     YGCT    FGC    FGCT     GCT   
       111179.2  74.30   0.00   5.46  39.38  99.94  83414 2010.749   175  244.659 2255.407
       111189.2   0.00  99.62  80.89  39.43  99.94  83421 2010.922   175  244.659 2255.581
       111199.2   0.00  66.75  33.97  39.46  99.94  83429 2011.101   175  244.659 2255.759
       111209.2   0.00  99.73  15.15  39.55  99.94  83437 2011.319   175  244.659 2255.978
       111219.2   0.00  64.73  23.20  39.57  99.94  83445 2011.542   175  244.659 2256.200
       111229.2   0.00  91.51   2.43  39.71  99.94  83453 2011.779   175  244.659 2256.437
       111239.2  53.73   0.00  62.51  39.72  99.94  83460 2011.930   175  244.659 2256.589
       111249.2  71.43   0.00  38.32  39.76  99.94  83468 2012.085   175  244.659 2256.743
       111259.2  27.66   0.00   3.58  39.80  99.94  83476 2012.267   175  244.659 2256.925
       111269.2   0.00 100.00  74.55  39.81  99.94  83483 2012.442   175  244.659 2257.100
Timestamp         S0     S1     E      O      P     YGC     YGCT    FGC    FGCT     GCT   
       111279.2   0.00  51.78  36.08  39.83  99.94  83491 2012.660   175  244.659 2257.318
       111289.2  53.75   0.00 100.00  39.90  99.94  83498 2012.801   175  244.659 2257.460
       111299.2  85.71   0.00   4.32  39.92  99.94  83506 2012.932   175  244.659 2257.591
       111309.2   0.00  65.00  82.08  39.93  99.94  83513 2013.063   175  244.659 2257.722
       111319.2   0.00  99.73  44.99  40.76  99.94  83521 2013.231   175  244.659 2257.890
       111329.2   0.00  51.86  18.35  40.77  99.94  83529 2013.413   175  244.659 2258.071
       111339.2   0.00  38.94  11.46  41.09  99.94  83537 2013.614   175  244.659 2258.272
       111349.2  44.31   0.00  77.34  41.10  99.94  83544 2013.775   175  244.659 2258.433
       111359.2  59.34   0.00  44.14  41.13  99.94  83552 2013.949   175  244.659 2258.607
       111369.2   0.00 100.00  97.49  41.19  99.94  83559 2014.155   175  244.659 2258.814
Timestamp         S0     S1     E      O      P     YGC     YGCT    FGC    FGCT     GCT   
       111379.2   0.00  71.65  50.64  41.24  99.94  83567 2014.291   175  244.659 2258.950
       111389.2   0.00  68.68  34.57  41.30  99.94  83575 2014.493   175  244.659 2259.151
       111399.2   0.00  99.70   0.00  41.32  99.94  83583 2014.660   175  244.659 2259.319
       111409.2  54.75   0.00  46.31  41.36  99.94  83590 2014.841   175  244.659 2259.500
       111419.2  75.93   0.00  23.22  41.51  99.94  83598 2015.148   175  244.659 2259.807
       111429.3  63.96   0.00  22.17  41.63  99.94  83606 2015.334   175  244.659 2259.992
       111439.3   0.00  54.61  78.78  41.70  99.94  83613 2015.459   175  244.659 2260.118
       111449.4   0.00  50.26  39.56  41.80  99.94  83621 2015.631   175  244.659 2260.289
       111459.3  71.68   0.00  52.92  41.82  99.94  83628 2015.766   175  244.659 2260.425
       111469.3  69.38   0.00  14.43  41.84  99.94  83636 2015.934   175  244.659 2260.592
Timestamp         S0     S1     E      O      P     YGC     YGCT    FGC    FGCT     GCT   
       111479.3   0.00  68.02  53.68  41.86  99.94  83643 2016.093   175  244.659 2260.751
       111489.3   0.00  48.23  36.56  42.63  99.94  83651 2016.316   175  244.659 2260.974
       111499.3   0.00  36.62  38.71  42.85  99.94  83659 2016.523   175  244.659 2261.182
       111509.3   0.00  31.52  15.89  43.05  99.94  83667 2016.706   175  244.659 2261.364
       111519.3   0.00 100.00   7.60  43.16  99.94  83675 2016.890   175  244.659 2261.548
       111529.4   0.00  74.00  16.83  43.17  99.94  83683 2017.067   175  244.659 2261.726
       111539.3  38.83   0.00  88.30  43.50  99.94  83690 2017.258   175  244.659 2261.917
       111549.4  52.37   0.00  55.40  43.65  99.94  83698 2017.463   175  244.659 2262.121
       111559.4  53.97   0.00  45.39  43.73  99.94  83706 2017.662   175  244.659 2262.321
       111569.4   0.00  34.92  67.45  43.75  99.94  83713 2017.820   175  244.659 2262.479
Timestamp         S0     S1     E      O      P     YGC     YGCT    FGC    FGCT     GCT   
       111579.4   0.00  33.99  33.84  43.80  99.94  83721 2018.008   175  244.659 2262.666
       111589.4   0.00  51.28   0.00  43.83  99.94  83729 2018.170   175  244.659 2262.829
       111599.4  32.32   0.00  30.08  43.87  99.94  83736 2018.316   175  244.659 2262.975
       111609.4   0.00 100.00  64.19  43.88  99.94  83743 2018.468   175  244.659 2263.126
       111619.4   0.00 100.00  32.70  43.90  99.94  83751 2018.666   175  244.659 2263.325
       111629.4  87.58   0.00  79.14  43.92  99.94  83758 2018.820   175  244.659 2263.479
       111639.4  71.09   0.00  48.21  43.94  99.94  83766 2019.005   175  244.659 2263.663
       111649.4   0.00  57.93  96.84  43.97  99.94  83773 2019.154   175  244.659 2263.812
       111659.4   0.00 100.00  38.70  45.02  99.94  83781 2019.344   175  244.659 2264.003
       111669.4   0.00  99.84  22.83  45.76  99.94  83789 2019.591   175  244.659 2264.249
Timestamp         S0     S1     E      O      P     YGC     YGCT    FGC    FGCT     GCT   
       111679.4   0.00  29.09  10.60  46.58  99.94  83797 2019.798   175  244.659 2264.457
       111689.4  25.18   0.00  99.09  46.81  99.94  83804 2019.937   175  244.659 2264.595
       111699.4   0.00  36.39   0.00  46.87  99.94  83813 2020.121   175  244.659 2264.779
       111709.4  84.48  58.75 100.00  46.88  99.94  83821 2020.275   175  244.659 2264.933
       111719.4  28.29   0.00  49.77  46.97  99.94  83828 2020.469   175  244.659 2265.128
       111729.4   0.00  75.23  75.66  47.04  99.94  83835 2020.616   175  244.659 2265.274
       111739.4   0.00  73.21  12.27  47.07  99.94  83843 2020.795   175  244.659 2265.454
       111749.4  70.59   0.00  97.62  47.08  99.94  83850 2020.958   175  244.659 2265.617
       111759.4  68.21   0.00  47.61  47.11  99.94  83858 2021.131   175  244.659 2265.790
       111769.4  56.29   0.00   9.82  47.14  99.94  83866 2021.298   175  244.659 2265.957
Timestamp         S0     S1     E      O      P     YGC     YGCT    FGC    FGCT     GCT   
       111779.4   0.00  99.61  15.47  47.17  99.94  83873 2021.431   175  244.659 2266.089
       111789.4  36.39   0.00  85.24  47.22  99.94  83880 2021.571   175  244.659 2266.230
       111799.4  50.31   0.00  56.94  47.23  99.94  83888 2021.736   175  244.659 2266.394
       111809.4   0.00 100.00  82.13  47.30  99.94  83895 2021.913   175  244.659 2266.572
       111819.4   0.00  99.12  31.71  47.33  99.94  83903 2022.119   175  244.659 2266.777
       111829.4  89.42   0.00  63.61  47.33  99.94  83910 2022.268   175  244.659 2266.927
       111839.4  64.02   0.00  24.59  51.44  99.94  83918 2022.545   175  244.659 2267.204
       111849.4  71.35   0.00  76.86  51.45  99.94  83926 2022.817   175  244.659 2267.476
       111859.4   0.00  12.91   6.74  52.79  99.94  83935 2023.113   175  244.659 2267.771
       111869.4   0.00  21.18  49.00  52.81  99.94  83943 2023.334   175  244.659 2267.993
Timestamp         S0     S1     E      O      P     YGC     YGCT    FGC    FGCT     GCT   
       111879.4   0.00 100.00  51.98  52.83  99.94  83951 2023.522   175  244.659 2268.180
       111889.4   0.00  36.26  29.19  52.85  99.94  83959 2023.730   175  244.659 2268.389
       111899.4  42.40   0.00  94.22  53.04  99.94  83966 2023.885   175  244.659 2268.544
       111909.4  39.63   0.00  88.43  53.08  99.94  83974 2024.101   175  244.659 2268.759
       111919.4  65.79   0.00  45.98  53.10  99.94  83982 2024.320   175  244.659 2268.978
       111929.4  42.82   0.00  24.41  53.14  99.94  83990 2024.463   175  244.659 2269.122
       111939.4   0.00  65.19  50.55  53.16  99.94  83997 2024.581   175  244.659 2269.239
       111949.4  61.90   0.00  71.32  53.18  99.94  84004 2024.704   175  244.659 2269.363
       111959.4   0.00 100.00  96.05  54.96  99.94  84011 2024.900   175  244.659 2269.558
       111969.4  62.67   0.00   7.49  54.96  99.94  84020 2025.199   175  244.659 2269.857
Timestamp         S0     S1     E      O      P     YGC     YGCT    FGC    FGCT     GCT   
       111979.4  35.50   0.00  13.16  55.84  99.94  84028 2025.406   175  244.659 2270.065
       111989.4  38.96   0.00   0.00  55.85  99.94  84036 2025.617   175  244.659 2270.275
       111999.4   0.00  35.87  57.43  55.87  99.94  84043 2025.778   175  244.659 2270.437
       112009.4   0.00  74.55  24.65  55.89  99.94  84051 2025.945   175  244.659 2270.604
       112019.4  75.83   0.00  78.28  55.91  99.94  84058 2026.087   175  244.659 2270.746
       112029.4  56.13   0.00  42.99  55.95  99.94  84066 2026.300   175  244.659 2270.958
       112039.4  73.66   0.00  26.58  56.01  99.94  84074 2026.500   175  244.659 2271.159
       112049.4  67.27   0.00   3.54  56.03  99.94  84082 2026.674   175  244.659 2271.332
       112059.4   0.00 100.00  75.55  56.04  99.94  84089 2026.820   175  244.659 2271.479
       112069.4   0.00  60.19  44.13  56.06  99.94  84097 2026.994   175  244.659 2271.652
Timestamp         S0     S1     E      O      P     YGC     YGCT    FGC    FGCT     GCT   
       112079.4  65.35   0.00  94.14  56.64  99.94  84104 2027.174   175  244.659 2271.832
       112089.4  53.02   0.00  82.45  56.65  99.94  84112 2027.436   175  244.659 2272.094
       112099.4  58.04   0.00  46.67  56.95  99.94  84120 2027.625   175  244.659 2272.283
       112109.4  60.63   0.00   7.78  56.97  99.94  84128 2027.820   175  244.659 2272.478
       112119.4   0.00  47.06  78.96  56.98  99.94  84135 2027.979   175  244.659 2272.637
       112129.4   0.00  53.15  87.51  57.04  99.94  84143 2028.154   175  244.659 2272.813
       112139.4   0.00 100.00  54.98  57.17  99.94  84151 2028.344   175  244.659 2273.003
       112149.4   0.00  79.88  67.20  57.27  99.94  84159 2028.521   175  244.659 2273.179
       112159.4   0.00  39.06  34.47  57.38  99.94  84167 2028.676   175  244.659 2273.335
       112169.4  58.16   0.00  88.67  57.43  99.94  84174 2028.861   175  244.659 2273.519
Timestamp         S0     S1     E      O      P     YGC     YGCT    FGC    FGCT     GCT   
       112179.4  69.94   0.00  50.35  57.46  99.94  84182 2029.029   175  244.659 2273.688
       112189.4  54.57   0.00   1.17  57.48  99.94  84190 2029.187   175  244.659 2273.846
       112199.4   0.00  61.05  38.19  57.55  99.94  84197 2029.343   175  244.659 2274.001
       112209.4  62.43   0.00  95.50  57.58  99.94  84204 2029.484   175  244.659 2274.142
       112219.4  81.87   0.00  49.97  57.60  99.94  84212 2029.665   175  244.659 2274.324
       112229.4   0.00  66.76  93.95  57.71  99.94  84219 2029.816   175  244.659 2274.475
       112239.4   0.00  60.09  67.19  57.85  99.94  84227 2029.981   175  244.659 2274.640
       112249.4   0.00  48.24   0.52  57.90  99.94  84235 2030.210   175  244.659 2274.868
       112259.4  35.28   0.00  25.62  58.02  99.94  84242 2030.413   175  244.659 2275.072
       112269.4  69.89   0.00   2.87  58.04  99.94  84250 2030.606   175  244.659 2275.264
Timestamp         S0     S1     E      O      P     YGC     YGCT    FGC    FGCT     GCT   
       112279.4   0.00  39.58  80.96  58.06  99.94  84257 2030.762   175  244.659 2275.421
       112289.4   0.00  50.00  79.87  58.12  99.94  84265 2030.939   175  244.659 2275.597
       112299.4   0.00 100.00  41.84  58.20  99.94  84273 2031.109   175  244.659 2275.767
       112309.4  44.95   0.00  97.38  58.22  99.94  84280 2031.278   175  244.659 2275.936
       112319.4  46.55   0.00  15.90  58.24  99.94  84288 2031.453   175  244.659 2276.112
       112329.4   0.00  58.41  73.22  58.34  99.94  84295 2031.600   175  244.659 2276.258
       112339.4   0.00  64.58  58.32  58.36  99.94  84303 2031.761   175  244.659 2276.419
       112349.4   0.00  48.27  53.06  58.42  99.94  84311 2031.945   175  244.659 2276.604
       112359.4  66.32   0.00  90.36  58.46  99.94  84318 2032.077   175  244.659 2276.735
       112369.4  56.85   0.00  59.51  58.53  99.94  84326 2032.281   175  244.659 2276.940
Timestamp         S0     S1     E      O      P     YGC     YGCT    FGC    FGCT     GCT   
       112379.4  60.65   0.00  23.62  58.55  99.94  84334 2032.457   175  244.659 2277.116
       112389.4   0.00  49.73  82.79  58.62  99.94  84341 2032.609   175  244.659 2277.268
       112399.4   0.00 100.00  33.42  58.68  99.94  84349 2032.825   175  244.659 2277.484
       112409.4  62.42   0.00  86.86  58.70  99.94  84356 2032.956   175  244.659 2277.614
       112419.4  63.77   0.00  45.16  58.72  99.94  84364 2033.121   175  244.659 2277.780
       112429.4  51.87   0.00   0.00  58.74  99.94  84372 2033.294   175  244.659 2277.952
       112439.4   0.00 100.00   9.80  59.39  99.94  84379 2033.568   175  244.659 2278.227
       112449.4  66.43   0.00  94.48  59.42  99.94  84386 2033.778   175  244.659 2278.437
       112459.4  74.05   0.00  39.64  59.83  99.94  84394 2034.014   175  244.659 2278.672
       112469.4  34.05   0.00  26.37  59.93  99.94  84402 2034.188   175  244.659 2278.847
Timestamp         S0     S1     E      O      P     YGC     YGCT    FGC    FGCT     GCT   
       112479.4   0.00  99.47  78.12  59.98  99.94  84409 2034.341   175  244.659 2278.999
       112489.4   0.00  57.48  43.95  60.02  99.94  84417 2034.485   175  244.659 2279.144
       112499.4   0.00  69.23   0.00  60.04  99.94  84425 2034.671   175  244.659 2279.329
       112509.4  43.18   0.00  41.81  60.06  99.94  84432 2034.833   175  244.659 2279.492
       112519.4   0.00  43.02  95.42  60.11  99.94  84439 2034.990   175  244.659 2279.649
       112529.4   0.00  45.48  34.12  60.14  99.94  84447 2035.164   175  244.659 2279.823
       112539.4  51.78   0.00  92.28  60.16  99.94  84454 2035.329   175  244.659 2279.987
       112549.4  89.16   0.00  21.67  60.19  99.94  84462 2035.511   175  244.659 2280.169
       112559.5   0.00  63.41  89.44  60.83  99.94  84469 2035.710   175  244.659 2280.368
       112569.4   0.00  99.81  70.14  60.84  99.94  84477 2035.917   175  244.659 2280.576
Timestamp         S0     S1     E      O      P     YGC     YGCT    FGC    FGCT     GCT   
       112579.5   0.00  41.69  72.03  61.35  99.94  84485 2036.162   175  244.659 2280.820
       112589.5   0.00  37.58   9.50  61.39  99.94  84491 2036.357   175  244.659 2281.015
       112599.4   0.00  33.22  26.10  61.53  99.94  84499 2036.527   175  244.659 2281.186
       112609.4  65.00   0.00 100.00  61.55  99.94  84507 2036.675   175  244.659 2281.334
       112619.4  79.28   0.00  76.58  61.59  99.94  84514 2036.913   175  244.659 2281.571
       112629.4  56.07   0.00  34.64  61.63  99.94  84522 2037.064   175  244.659 2281.723
       112639.4   0.00  40.00  72.42  61.72  99.94  84529 2037.232   175  244.659 2281.891
       112649.4   0.00  99.62  57.10  61.75  99.94  84537 2037.422   175  244.659 2282.081
       112659.4   0.00  99.39  24.00  61.77  99.94  84545 2037.602   175  244.659 2282.261
       112669.4   0.00  99.62  13.80  61.89  99.94  84553 2037.794   175  244.659 2282.452
Timestamp         S0     S1     E      O      P     YGC     YGCT    FGC    FGCT     GCT   
       112679.4  52.02   0.00  78.05  61.90  99.94  84560 2038.043   175  244.659 2282.701
       112689.5  32.09   0.00  42.31  61.94  99.94  84568 2038.203   175  244.659 2282.861
       112699.4   0.00  38.76  91.11  61.97  99.94  84575 2038.417   175  244.659 2283.076
       112709.4   0.00  99.74  71.37  62.03  99.94  84583 2038.631   175  244.659 2283.289
       112719.5   0.00  99.69  38.56  62.05  99.94  84591 2038.821   175  244.659 2283.479
       112729.5  36.06   0.00  91.00  62.14  99.94  84598 2038.947   175  244.659 2283.605
       112739.5  65.38   0.00  58.90  62.19  99.94  84606 2039.170   175  244.659 2283.828
       112749.4  53.72   0.00  33.81  62.21  99.94  84614 2039.360   175  244.659 2284.019
       112759.5   0.00  38.66  91.67  62.23  99.94  84621 2039.501   175  244.659 2284.159
       112769.5   0.00 100.00  37.44  62.29  99.94  84629 2039.654   175  244.659 2284.312
Timestamp         S0     S1     E      O      P     YGC     YGCT    FGC    FGCT     GCT   
       112779.4  52.02   0.00  28.53  62.36  99.94  84636 2039.856   175  244.659 2284.514
       112789.5   0.00  46.67  74.69  62.38  99.94  84643 2040.015   175  244.659 2284.673
       112799.5   0.00  99.66   7.04  62.54  99.94  84651 2040.211   175  244.659 2284.870
       112809.5  52.25   0.00  83.37  62.55  99.94  84658 2040.373   175  244.659 2285.031
       112819.5  96.57   0.00  58.29  62.57  99.94  84666 2040.624   175  244.659 2285.282
       112829.4 100.00   0.00  38.23  62.59  99.94  84674 2040.802   175  244.659 2285.460
       112839.5  51.11   0.00   6.52  62.61  99.94  84682 2040.970   175  244.659 2285.629
       112849.5  21.31   0.00  10.69  62.76  99.94  84690 2041.167   175  244.659 2285.826
       112859.5  69.16   0.00   2.53  62.77  99.94  84698 2041.352   175  244.659 2286.011
       112869.5  51.49   0.00   9.17  62.82  99.94  84706 2041.506   175  244.659 2286.164
Timestamp         S0     S1     E      O      P     YGC     YGCT    FGC    FGCT     GCT   
       112879.5   0.00 100.00  88.56  62.88  99.94  84713 2041.653   175  244.659 2286.312
       112889.5   0.00  55.39  69.07  62.90  99.94  84721 2041.871   175  244.659 2286.529
       112899.4   0.00  99.69  55.92  62.91  99.94  84729 2042.045   175  244.659 2286.703
       112909.5   0.00  52.16  41.72  62.95  99.94  84737 2042.202   175  244.659 2286.861
       112919.5  37.56   0.00  97.41  62.97  99.94  84744 2042.386   175  244.659 2287.044
       112929.5  45.81   0.00  45.19  62.98  99.94  84752 2042.569   175  244.659 2287.228
       112939.5  71.53   0.00  19.15  63.02  99.94  84760 2042.772   175  244.659 2287.430
       112949.5  78.37  74.65 100.00  63.04  99.94  84768 2042.943   175  244.659 2287.601
       112959.4  61.62   0.00   2.55  63.14  99.94  84776 2043.145   175  244.659 2287.804
       112969.5   0.00  71.43  86.78  63.19  99.94  84783 2043.304   175  244.659 2287.963
Timestamp         S0     S1     E      O      P     YGC     YGCT    FGC    FGCT     GCT   
       112979.5   0.00  99.64  46.64  63.30  99.94  84791 2043.516   175  244.659 2288.175
       112989.5   0.00  26.87  25.87  63.36  99.94  84799 2043.689   175  244.659 2288.347
       112999.5   0.00  99.52  14.22  63.40  99.94  84807 2043.873   175  244.659 2288.532
       113009.5  64.66   0.00  85.49  63.44  99.94  84814 2044.047   175  244.659 2288.705
       113019.5  42.53   0.00  33.03  63.46  99.94  84822 2044.209   175  244.659 2288.868
       113029.5   0.00  67.08  85.75  63.48  99.94  84829 2044.354   175  244.659 2289.013
       113039.5   0.00  52.26  29.05  63.50  99.94  84837 2044.511   175  244.659 2289.170
       113049.4  30.06   0.00  22.17  63.52  99.94  84844 2044.620   175  244.659 2289.279
       113059.5  96.43   0.00   5.59  63.53  99.94  84852 2044.862   175  244.659 2289.520
       113069.5   0.00  55.49  59.00  63.54  99.94  84859 2044.984   175  244.659 2289.643
Timestamp         S0     S1     E      O      P     YGC     YGCT    FGC    FGCT     GCT   
       113079.5   0.00  50.00   5.08  63.70  99.94  84867 2045.163   175  244.659 2289.821
       113089.5  81.82   0.00  76.73  63.72  99.94  84874 2045.419   175  244.659 2290.078
       113099.5 100.00   0.00  46.56  66.36  99.94  84882 2045.663   175  244.659 2290.321
       113109.5   0.00 100.00  12.70  67.72  99.94  84891 2046.043   175  244.659 2290.701
       113119.5   0.00  24.08  83.59  68.11  99.94  84899 2046.251   175  244.659 2290.910
       113129.5  48.51   0.00  14.72  68.18  99.94  84908 2046.511   175  244.659 2291.170
       113139.5  57.72   0.00  55.77  68.26  99.94  84916 2046.711   175  244.659 2291.369
       113149.5  51.11   0.00  29.80  68.27  99.94  84924 2046.879   175  244.659 2291.538
       113159.5   0.00  65.60  57.20  68.29  99.94  84931 2047.031   175  244.659 2291.689
       113169.5   0.00  51.16  43.51  68.32  99.94  84939 2047.190   175  244.659 2291.849
Timestamp         S0     S1     E      O      P     YGC     YGCT    FGC    FGCT     GCT   
       113179.5   0.00  99.51  28.32  68.35  99.94  84947 2047.420   175  244.659 2292.079
       113189.5   0.00  99.77   6.93  68.37  99.94  84955 2047.640   175  244.659 2292.298
       113199.5   0.00  66.36  10.87  68.41  99.94  84963 2047.865   175  244.659 2292.524
       113209.5  37.80   0.00  93.23  68.48  99.94  84970 2048.020   175  244.659 2292.678
       113219.5  42.56   0.00  71.09  68.59  99.94  84978 2048.199   175  244.659 2292.858
       113229.5  47.24   0.00  44.06  68.61  99.94  84986 2048.385   175  244.659 2293.044
       113239.5  69.91   0.00  38.58  68.64  99.94  84994 2048.552   175  244.659 2293.211
       113249.5  68.48   0.00   0.00  68.66  99.94  85002 2048.754   175  244.659 2293.413
       113259.5   0.00 100.00  62.56  68.72  99.94  85009 2048.899   175  244.659 2293.558
       113269.5   0.00  75.00  26.39  68.74  99.94  85017 2049.054   175  244.659 2293.713
Timestamp         S0     S1     E      O      P     YGC     YGCT    FGC    FGCT     GCT   
       113279.5  77.27   0.00  56.77  68.79  99.94  85024 2049.239   175  244.659 2293.898
       113289.5   0.00 100.00  83.69  68.81  99.94  85031 2049.387   175  244.659 2294.045
       113299.5   0.00  59.25  43.20  68.83  99.94  85039 2049.547   175  244.659 2294.206
       113309.5  70.53   0.00  97.62  68.84  99.94  85046 2049.707   175  244.659 2294.366
       113319.5   0.00  99.84   0.00  70.05  99.94  85055 2049.976   175  244.659 2294.634
       113329.5   0.00  68.27   7.31  70.10  99.94  85063 2050.239   175  244.659 2294.897
       113339.5   0.00  42.40  29.88  71.13  99.94  85071 2050.473   175  244.659 2295.132
       113349.5   0.00  25.18  13.78  71.15  99.94  85079 2050.630   175  244.659 2295.289
       113359.5  33.59   0.00  76.70  71.25  99.94  85086 2050.759   175  244.659 2295.418
       113369.5  50.90   0.00  35.01  71.27  99.94  85094 2050.932   175  244.659 2295.590
Timestamp         S0     S1     E      O      P     YGC     YGCT    FGC    FGCT     GCT   
       113379.5   0.00  43.81  74.01  71.29  99.94  85101 2051.091   175  244.659 2295.750
       113389.5   0.00  49.67  34.16  71.30  99.94  85109 2051.276   175  244.659 2295.934
       113399.5 100.00   0.00  79.89  71.37  99.94  85116 2051.415   175  244.659 2296.073
       113409.5  58.13   0.00  72.15  74.90  99.94  85124 2051.648   175  244.659 2296.307
       113419.5  60.67   0.00  91.33  75.09  99.94  85132 2051.899   175  244.659 2296.558
       113429.5  19.18   0.00  69.81  75.76  99.94  85140 2052.093   175  244.659 2296.752
       113439.5  44.82   0.00  80.38  75.79  99.94  85148 2052.298   175  244.659 2296.956
       113449.5  41.87   0.00  79.55  75.85  99.94  85156 2052.476   175  244.659 2297.134
       113459.5  70.99   0.00  24.47  75.87  99.94  85164 2052.667   175  244.659 2297.325
       113469.5   0.00  31.22  72.74  75.94  99.94  85171 2052.832   175  244.659 2297.491
Timestamp         S0     S1     E      O      P     YGC     YGCT    FGC    FGCT     GCT   
       113479.5   0.00  59.44   5.55  75.96  99.94  85179 2052.978   175  244.659 2297.637
       113489.5  46.26   0.00  38.90  75.99  99.94  85186 2053.121   175  244.659 2297.780
       113499.6   0.00  99.66  91.27  76.00  99.94  85193 2053.285   175  244.659 2297.943
       113509.6   0.00  72.58  47.18  76.01  99.94  85201 2053.442   175  244.659 2298.100
       113519.5  65.48   0.00  97.15  76.40  99.94  85209 2053.612   175  244.659 2298.271
       113529.6  67.80   0.00  81.66  76.41  99.94  85216 2053.810   175  244.659 2298.469
       113539.6  47.46   0.00  59.77  76.79  99.94  85224 2053.998   175  244.659 2298.657
       113549.5   0.00   0.00  74.22  12.39  99.93  85231 2054.138   176  245.934 2300.072
       113559.6   0.00 100.00  62.31  13.09  99.93  85239 2054.363   176  245.934 2300.296
       113569.6   0.00 100.00  99.11  13.76  99.93  85247 2054.580   176  245.934 2300.514
Timestamp         S0     S1     E      O      P     YGC     YGCT    FGC    FGCT     GCT   
       113579.5  45.36   0.00   4.29  14.06  99.93  85256 2054.779   176  245.934 2300.712
       113589.6  22.53   0.00  23.75  14.10  99.93  85264 2054.940   176  245.934 2300.874
       113599.5   0.00  36.82  98.62  14.14  99.93  85272 2055.056   176  245.934 2300.990
       113609.5   0.00  45.64  85.05  14.16  99.93  85279 2055.228   176  245.934 2301.162
       113619.5   0.00  75.15  50.89  14.19  99.93  85287 2055.379   176  245.934 2301.313
       113629.6   0.00  99.62   9.53  14.22  99.93  85295 2055.533   176  245.934 2301.467
       113639.6  64.25   0.00  81.91  14.39  99.93  85302 2055.694   176  245.934 2301.628
       113649.5  77.49   0.00  59.84  14.43  99.93  85310 2055.866   176  245.934 2301.800
       113659.5  72.19   0.00  23.75  14.51  99.93  85318 2055.997   176  245.934 2301.931
       113669.6  71.14   0.00   0.00  14.58  99.93  85326 2056.282   176  245.934 2302.215
Timestamp         S0     S1     E      O      P     YGC     YGCT    FGC    FGCT     GCT   
       113679.5   0.00  99.66  87.20  14.59  99.93  85333 2056.416   176  245.934 2302.350
       113689.6   0.00  38.72  37.54  14.66  99.93  85341 2056.572   176  245.934 2302.506
       113699.6   0.00  68.56   6.18  14.68  99.93  85349 2056.747   176  245.934 2302.681
       113709.6  91.49   0.00  93.10  15.51  99.93  85356 2056.926   176  245.934 2302.860
       113719.6  74.01   0.00  78.59  15.54  99.93  85364 2057.141   176  245.934 2303.075
       113729.6  19.33   0.00  57.16  16.44  99.93  85372 2057.313   176  245.934 2303.246
       113739.6  42.34   0.00  66.05  16.47  99.93  85380 2057.471   176  245.934 2303.404
       113749.6  27.73   0.00  62.40  16.50  99.93  85388 2057.624   176  245.934 2303.558
       113759.6  79.03   0.00  26.56  16.59  99.93  85396 2057.785   176  245.934 2303.719
       113769.6   0.00  63.57  98.97  16.61  99.93  85403 2057.924   176  245.934 2303.858
Timestamp         S0     S1     E      O      P     YGC     YGCT    FGC    FGCT     GCT   
       113779.6   0.00  43.40  72.27  16.62  99.93  85411 2058.104   176  245.934 2304.038
       113789.6   0.00  99.55  42.86  16.67  99.93  85419 2058.257   176  245.934 2304.190
       113799.6  60.98   0.00  61.03  16.70  99.93  85426 2058.378   176  245.934 2304.312
       113809.6  78.65   0.00   3.87  16.72  99.93  85434 2058.535   176  245.934 2304.469
       113819.6   0.00 100.00  65.83  16.73  99.93  85441 2058.658   176  245.934 2304.592
       113829.6   0.00 100.00  33.03  16.75  99.93  85449 2058.865   176  245.934 2304.799
       113839.6  87.92   0.00  92.35  16.86  99.93  85456 2059.040   176  245.934 2304.974
       113849.6  59.91   0.00  54.84  16.95  99.93  85464 2059.226   176  245.934 2305.160
       113859.6  50.00   0.00  39.84  17.01  99.93  85472 2059.452   176  245.934 2305.386
       113869.6  41.71   0.00   0.00  17.09  99.93  85480 2059.611   176  245.934 2305.545
Timestamp         S0     S1     E      O      P     YGC     YGCT    FGC    FGCT     GCT   
       113879.6   0.00  63.78  11.35  17.10  99.93  85487 2059.722   176  245.934 2305.656
       113889.6  50.89   0.00  63.86  17.11  99.93  85494 2059.864   176  245.934 2305.798
       113899.6  46.23   0.00  23.98  17.15  99.93  85502 2060.062   176  245.934 2305.996
       113909.6  67.10   0.00  19.31  19.52  99.93  85510 2060.299   176  245.934 2306.233
       113919.6  64.02   0.00  25.75  19.59  99.93  85518 2060.544   176  245.934 2306.477
       113929.6  23.44   0.00  57.67  20.45  99.93  85526 2060.722   176  245.934 2306.656
       113939.6  39.91   0.00  47.54  20.48  99.93  85534 2060.910   176  245.934 2306.843
       113949.6  45.69   0.00   0.00  20.50  99.93  85542 2061.064   176  245.934 2306.998
       113959.6   0.00  55.79  40.30  20.64  99.93  85549 2061.191   176  245.934 2307.125
       113969.6  65.20  23.28 100.00  20.66  99.93  85557 2061.325   176  245.934 2307.259
Timestamp         S0     S1     E      O      P     YGC     YGCT    FGC    FGCT     GCT   
       113979.6  46.49   0.00  50.10  20.67  99.93  85564 2061.512   176  245.934 2307.446
       113989.6   0.00  51.27  86.05  20.69  99.93  85571 2061.646   176  245.934 2307.580
       113999.6  58.77   0.00  67.49  20.71  99.93  85578 2061.764   176  245.934 2307.698
       114009.6   0.00  74.14  87.31  20.77  99.93  85585 2061.941   176  245.934 2307.875
       114019.6  95.93   0.00  96.32  20.79  99.93  85592 2062.055   176  245.934 2307.989
       114029.6  61.89   0.00  11.70  20.82  99.93  85600 2062.202   176  245.934 2308.136
       114039.6   0.00  72.97  51.56  20.83  99.93  85607 2062.329   176  245.934 2308.263
       114049.6   0.00 100.00  21.08  20.85  99.93  85615 2062.481   176  245.934 2308.415
       114059.6  82.43   0.00  47.11  20.88  99.93  85622 2062.628   176  245.934 2308.562
       114069.6  77.34   0.00  29.82  21.10  99.93  85630 2062.817   176  245.934 2308.751
Timestamp         S0     S1     E      O      P     YGC     YGCT    FGC    FGCT     GCT   
       114079.6  68.65   0.00  10.18  21.15  99.93  85638 2063.045   176  245.934 2308.979
       114089.6   0.00  50.77  70.49  21.41  99.93  85645 2063.205   176  245.934 2309.139
       114099.6   0.00  41.28  25.38  21.44  99.93  85653 2063.369   176  245.934 2309.303
       114109.6  70.75   0.00  88.58  21.45  99.93  85660 2063.527   176  245.934 2309.461
       114119.6  46.04   0.00  36.38  21.47  99.93  85668 2063.700   176  245.934 2309.634
       114129.6  58.26   0.00  17.03  21.48  99.93  85676 2063.948   176  245.934 2309.882
       114139.6  74.18   0.00  19.15  21.54  99.93  85684 2064.136   176  245.934 2310.069
       114149.6  41.28   0.00  24.65  21.63  99.93  85692 2064.303   176  245.934 2310.237
       114159.6  64.14   0.00  10.83  21.65  99.93  85700 2064.445   176  245.934 2310.379
       114169.6   0.00 100.00  65.50  21.69  99.93  85707 2064.588   176  245.934 2310.522
Timestamp         S0     S1     E      O      P     YGC     YGCT    FGC    FGCT     GCT   
       114179.6   0.00  44.36  19.89  21.71  99.93  85715 2064.735   176  245.934 2310.669
       114189.6  73.01   0.00  96.39  21.84  99.93  85722 2064.931   176  245.934 2310.865
       114199.6  69.46   0.00  77.55  21.87  99.93  85730 2065.119   176  245.934 2311.053
       114209.6  28.24   0.00  24.80  22.17  99.93  85738 2065.290   176  245.934 2311.224
       114219.6  69.90   0.00  15.81  22.20  99.93  85746 2065.430   176  245.934 2311.364
       114229.6   0.00  42.60  64.33  22.22  99.93  85753 2065.572   176  245.934 2311.506
       114239.6  42.24   0.00  73.06  22.27  99.93  85760 2065.707   176  245.934 2311.641
       114249.7 100.00   0.00  12.03  22.77  99.93  85768 2065.916   176  245.934 2311.850
       114259.7   0.00  54.19  71.94  22.88  99.93  85775 2066.086   176  245.934 2312.020
       114269.7   0.00 100.00  75.21  23.43  99.93  85783 2066.265   176  245.934 2312.199
Timestamp         S0     S1     E      O      P     YGC     YGCT    FGC    FGCT     GCT   
       114279.7   0.00  31.51  40.77  23.54  99.93  85791 2066.412   176  245.934 2312.346
       114289.7   0.00  40.75  12.61  23.58  99.93  85799 2066.612   176  245.934 2312.546
       114299.7  69.91   0.00  42.17  23.60  99.93  85806 2066.862   176  245.934 2312.796
       114309.7   0.00  53.83  74.70  23.61  99.93  85813 2066.979   176  245.934 2312.912
       114319.7   0.00  42.69  41.46  23.63  99.93  85821 2067.187   176  245.934 2313.121
       114329.6  52.72   0.00  75.57  23.64  99.93  85828 2067.333   176  245.934 2313.267
       114339.7 100.00   0.00  31.50  23.74  99.93  85836 2067.499   176  245.934 2313.433
       114349.7   0.00  44.12  95.92  23.75  99.93  85843 2067.631   176  245.934 2313.565
       114359.7   0.00  56.45  55.71  23.91  99.93  85851 2067.794   176  245.934 2313.728
       114369.7   0.00  52.86   9.98  23.93  99.93  85859 2067.946   176  245.934 2313.880
Timestamp         S0     S1     E      O      P     YGC     YGCT    FGC    FGCT     GCT   
       114379.7  69.14   0.00  52.10  23.96  99.93  85866 2068.108   176  245.934 2314.042
       114389.7  73.89   0.00  44.73  23.98  99.93  85874 2068.259   176  245.934 2314.193
       114399.7  84.52   0.00  21.80  24.60  99.93  85882 2068.457   176  245.934 2314.391
       114409.7  58.50   0.00   0.00  24.70  99.93  85890 2068.763   176  245.934 2314.697
       114419.7   0.00  35.40  79.90  25.27  99.93  85897 2068.930   176  245.934 2314.864
       114429.7   0.00  27.81  42.03  25.39  99.93  85905 2069.066   176  245.934 2315.000
       114439.7   0.00  32.20  15.22  25.43  99.93  85913 2069.207   176  245.934 2315.140
       114449.7  32.77   0.00  85.43  25.44  99.93  85920 2069.353   176  245.934 2315.287
       114459.7  87.11   0.00  53.63  25.48  99.93  85928 2069.534   176  245.934 2315.468
       114469.7  65.59   0.00  41.25  25.50  99.93  85936 2069.722   176  245.934 2315.656
Timestamp         S0     S1     E      O      P     YGC     YGCT    FGC    FGCT     GCT   
       114479.7  70.69   0.00  13.43  25.57  99.93  85944 2069.889   176  245.934 2315.823
       114489.7   0.00  44.75  71.73  25.66  99.93  85951 2070.048   176  245.934 2315.982
       114499.7   0.00  99.07  40.84  25.67  99.93  85959 2070.225   176  245.934 2316.159
       114509.7   0.00 100.00  28.14  25.73  99.93  85967 2070.441   176  245.934 2316.375
       114519.7   0.00  31.96   2.97  25.74  99.93  85975 2070.605   176  245.934 2316.539
       114529.7  63.02   0.00  77.50  25.77  99.93  85982 2070.747   176  245.934 2316.681
       114539.7  50.59   0.00  27.93  25.80  99.93  85990 2070.983   176  245.934 2316.917
       114549.7   0.00 100.00  53.42  26.38  99.93  85997 2071.157   176  245.934 2317.091
       114559.7   0.00 100.00  31.96  27.17  99.93  86005 2071.379   176  245.934 2317.313
       114569.7   0.00  65.23  27.51  27.26  99.93  86013 2071.666   176  245.934 2317.600
Timestamp         S0     S1     E      O      P     YGC     YGCT    FGC    FGCT     GCT   
       114579.7   0.00  99.70  29.64  27.98  99.93  86021 2071.872   176  245.934 2317.806
       114589.7   0.00  45.83  21.78  28.00  99.93  86029 2072.049   176  245.934 2317.983
       114599.7   0.00  99.65  14.83  28.05  99.93  86037 2072.272   176  245.934 2318.206
       114609.7   0.00  68.61  19.50  28.06  99.93  86045 2072.476   176  245.934 2318.410
       114619.7   0.00  75.86  27.92  28.28  99.93  86053 2072.681   176  245.934 2318.615
       114629.7  43.41   0.00  96.02  28.30  99.93  86060 2072.858   176  245.934 2318.792
       114639.7  60.08   0.00  80.92  28.35  99.93  86068 2073.001   176  245.934 2318.935
       114649.7  48.57   0.00  48.92  28.38  99.93  86076 2073.179   176  245.934 2319.113
       114659.7  82.94   0.00   1.51  28.42  99.93  86084 2073.373   176  245.934 2319.307
       114669.7   0.00 100.00  83.81  28.46  99.93  86091 2073.544   176  245.934 2319.478
Timestamp         S0     S1     E      O      P     YGC     YGCT    FGC    FGCT     GCT   
       114679.7   0.00  49.19  81.13  28.69  99.93  86099 2073.707   176  245.934 2319.640
       114689.7   0.00  31.14  68.16  28.70  99.93  86107 2073.876   176  245.934 2319.810
       114699.7   0.00  50.96  24.71  28.75  99.93  86115 2074.019   176  245.934 2319.953
       114709.7   0.00  99.68  10.89  28.77  99.93  86123 2074.197   176  245.934 2320.131
       114719.7   0.00 100.00   0.00  31.41  99.93  86131 2074.441   176  245.934 2320.375
       114729.7   0.00 100.00  67.92  31.77  99.93  86139 2074.761   176  245.934 2320.695
       114739.7  11.33   0.00  32.14  33.20  99.93  86148 2074.993   176  245.934 2320.927
       114749.7  18.07   0.00  73.37  33.24  99.93  86156 2075.159   176  245.934 2321.093
       114759.7  18.48   0.00  87.19  33.27  99.93  86164 2075.326   176  245.934 2321.260
       114769.7  56.46   0.00  51.56  33.30  99.93  86172 2075.489   176  245.934 2321.422
Timestamp         S0     S1     E      O      P     YGC     YGCT    FGC    FGCT     GCT   
       114779.7   0.00  99.66  91.60  33.31  99.93  86179 2075.641   176  245.934 2321.575
       114789.7   0.00  99.74  50.30  33.39  99.93  86187 2075.832   176  245.934 2321.766
       114799.7   0.00  32.65  39.00  33.51  99.93  86195 2076.022   176  245.934 2321.956
       114809.7   0.00  36.71  13.87  33.54  99.93  86203 2076.179   176  245.934 2322.112
       114819.7  52.67   0.00  95.04  33.61  99.93  86210 2076.327   176  245.934 2322.261
       114829.7  80.18   0.00  65.92  33.64  99.93  86218 2076.526   176  245.934 2322.459
       114839.7   0.00  47.80  97.70  33.69  99.93  86225 2076.739   176  245.934 2322.673
       114849.7   0.00  44.53  30.15  33.74  99.93  86233 2076.940   176  245.934 2322.874
       114859.7  70.77   0.00  74.06  33.75  99.93  86240 2077.098   176  245.934 2323.031
       114869.7  67.22   0.00  55.07  33.87  99.93  86248 2077.292   176  245.934 2323.226
Timestamp         S0     S1     E      O      P     YGC     YGCT    FGC    FGCT     GCT   
       114879.7  71.73   0.00  38.57  33.89  99.93  86256 2077.468   176  245.934 2323.402
       114889.7   0.00  45.92  96.28  34.10  99.93  86263 2077.603   176  245.934 2323.537
       114899.7   0.00  83.33  63.26  34.12  99.93  86271 2077.768   176  245.934 2323.702
       114909.7   0.00 100.00  44.01  34.16  99.93  86279 2077.970   176  245.934 2323.904
       114919.7   0.00  58.56  44.95  34.39  99.93  86287 2078.246   176  245.934 2324.179
       114929.7   0.00  44.02   7.95  34.44  99.93  86295 2078.410   176  245.934 2324.344
       114939.7  43.70   0.00  59.91  34.72  99.93  86302 2078.554   176  245.934 2324.487
       114949.7  72.08   0.00  43.14  34.76  99.93  86310 2078.736   176  245.934 2324.670
       114959.7  41.40   0.00   2.40  34.77  99.93  86318 2078.876   176  245.934 2324.810
       114969.7   0.00  43.95  76.41  34.84  99.93  86325 2079.016   176  245.934 2324.950
Timestamp         S0     S1     E      O      P     YGC     YGCT    FGC    FGCT     GCT   
       114979.7   0.00  40.37  30.04  34.86  99.93  86333 2079.165   176  245.934 2325.099
       114989.7   0.00 100.00  20.06  34.90  99.93  86341 2079.317   176  245.934 2325.251
       114999.7   0.00 100.00   3.29  37.00  99.93  86349 2079.550   176  245.934 2325.483
       115009.7   0.00 100.00  17.86  37.01  99.93  86357 2079.761   176  245.934 2325.695
       115019.7  35.79   0.00  46.32  37.83  99.93  86364 2079.935   176  245.934 2325.869
       115029.7  25.63   0.00   5.54  37.86  99.93  86372 2080.074   176  245.934 2326.007
       115039.7   0.00  39.89  49.65  37.92  99.93  86379 2080.226   176  245.934 2326.160
       115049.7   0.00 100.00  35.16  37.94  99.93  86387 2080.382   176  245.934 2326.316
       115059.7   0.00  49.14  40.68  38.00  99.93  86395 2080.686   176  245.934 2326.620
       115069.7   0.00  43.78  12.58  38.05  99.93  86403 2080.876   176  245.934 2326.810
Timestamp         S0     S1     E      O      P     YGC     YGCT    FGC    FGCT     GCT   
       115079.7  70.23   0.00  89.06  38.12  99.93  86410 2081.058   176  245.934 2326.992
       115089.7  44.80   0.00  77.13  38.14  99.93  86418 2081.337   176  245.934 2327.271
       115099.7  48.21   0.00  57.56  38.19  99.93  86426 2081.497   176  245.934 2327.431
       115109.7  47.11   0.00  12.29  38.21  99.93  86434 2081.703   176  245.934 2327.637
       115119.7   0.00  66.25  46.68  38.22  99.93  86441 2081.871   176  245.934 2327.805
       115129.7  64.12   0.00  68.30  38.24  99.93  86448 2082.005   176  245.934 2327.938
       115139.7  57.87   0.00  50.42  41.36  99.93  86456 2082.278   176  245.934 2328.212
       115149.7  46.38   0.00  49.63  41.63  99.93  86464 2082.485   176  245.934 2328.419
       115159.7  29.85   0.00  13.46  42.09  99.93  86472 2082.642   176  245.934 2328.576
       115169.7   0.00  40.93  63.34  42.11  99.93  86479 2082.783   176  245.934 2328.716
Timestamp         S0     S1     E      O      P     YGC     YGCT    FGC    FGCT     GCT   
       115179.7   0.00  61.88  40.95  42.18  99.93  86487 2082.978   176  245.934 2328.912
       115189.7   0.00  54.47  23.81  42.20  99.93  86495 2083.177   176  245.934 2329.111
       115199.7 100.00   0.00  73.16  42.77  99.93  86502 2083.343   176  245.934 2329.277
       115209.7  48.84   0.00  43.03  42.83  99.93  86510 2083.528   176  245.934 2329.462
       115219.7   0.00  61.94  67.25  43.02  99.93  86517 2083.771   176  245.934 2329.705
       115229.7   0.00  99.54  35.90  43.14  99.93  86525 2083.936   176  245.934 2329.870
       115239.8   0.00  99.69  21.19  43.15  99.93  86533 2084.118   176  245.934 2330.052
       115249.7   0.00  99.72  17.42  43.19  99.93  86541 2084.270   176  245.934 2330.204
       115259.7  37.16   0.00  76.68  43.21  99.93  86548 2084.405   176  245.934 2330.339
       115269.7  51.89   0.00  22.28  43.34  99.93  86556 2084.573   176  245.934 2330.507
Timestamp         S0     S1     E      O      P     YGC     YGCT    FGC    FGCT     GCT   
       115279.7  74.07   0.00   7.07  43.36  99.93  86564 2084.831   176  245.934 2330.765
       115289.7   0.00  86.04  91.73  43.37  99.93  86571 2084.965   176  245.934 2330.898
       115299.7   0.00  99.70  84.41  43.51  99.93  86579 2085.135   176  245.934 2331.069
       115309.7   0.00 100.00  98.05  45.19  99.93  86588 2085.450   176  245.934 2331.384
       115319.8   0.00  55.89  86.02  45.49  99.93  86595 2085.726   176  245.934 2331.660
       115329.7  34.02   0.00   6.44  46.33  99.93  86604 2085.925   176  245.934 2331.859
       115339.7  36.56   0.00  14.52  46.36  99.93  86612 2086.115   176  245.934 2332.049
       115349.7   0.00  34.96  95.95  46.42  99.93  86619 2086.265   176  245.934 2332.199
       115359.7   0.00  52.02  82.54  46.51  99.93  86627 2086.429   176  245.934 2332.363
       115369.8   0.00  68.96  78.26  46.52  99.93  86635 2086.576   176  245.934 2332.510
Timestamp         S0     S1     E      O      P     YGC     YGCT    FGC    FGCT     GCT   
       115379.8   0.00  68.02  40.66  46.54  99.93  86643 2086.769   176  245.934 2332.703
       115389.7  62.42   0.00  61.03  46.60  99.93  86650 2086.978   176  245.934 2332.911
       115399.7  81.10   0.00  34.69  46.62  99.93  86658 2087.146   176  245.934 2333.080
       115409.8  85.79   0.00  20.55  46.64  99.93  86666 2087.329   176  245.934 2333.263
       115419.8  71.27   0.00  13.39  46.71  99.93  86674 2087.532   176  245.934 2333.466
       115429.8   0.00  40.40 100.00  46.73  99.93  86681 2087.679   176  245.934 2333.613
       115439.8   0.00 100.00  54.15  46.80  99.93  86689 2087.880   176  245.934 2333.814
       115449.8   0.00  65.64   4.65  46.84  99.93  86697 2088.096   176  245.934 2334.030
       115459.7  61.03   0.00  83.23  46.92  99.93  86704 2088.262   176  245.934 2334.196
       115469.8  88.81   0.00  80.77  46.99  99.93  86712 2088.453   176  245.934 2334.387
Timestamp         S0     S1     E      O      P     YGC     YGCT    FGC    FGCT     GCT   
       115479.8  65.84   0.00  49.57  47.01  99.93  86720 2088.627   176  245.934 2334.560
       115489.8  49.20   0.00  20.75  47.08  99.93  86728 2088.794   176  245.934 2334.728
       115499.8   0.00 100.00  62.71  47.09  99.93  86735 2088.978   176  245.934 2334.912
       115509.8   0.00  99.50  33.14  47.10  99.93  86743 2089.121   176  245.934 2335.055
       115519.8  44.29   0.00  80.21  47.21  99.93  86750 2089.313   176  245.934 2335.247
       115529.8  84.39   0.00  14.87  47.26  99.93  86758 2089.487   176  245.934 2335.421
       115539.8  75.91   0.00   6.17  47.27  99.93  86766 2089.672   176  245.934 2335.606
       115549.8   0.00  99.31  74.41  47.31  99.93  86773 2089.806   176  245.934 2335.740
       115559.8   0.00  66.11  22.96  47.40  99.93  86781 2089.987   176  245.934 2335.920
       115569.8  42.46   0.00  84.02  47.41  99.93  86788 2090.134   176  245.934 2336.067
Timestamp         S0     S1     E      O      P     YGC     YGCT    FGC    FGCT     GCT   
       115579.8  39.35   0.00  23.89  47.44  99.93  86796 2090.276   176  245.934 2336.210
       115589.8   0.00  36.58  19.94  47.45  99.93  86803 2090.411   176  245.934 2336.345
       115599.8  41.20   0.00  52.47  47.47  99.93  86810 2090.547   176  245.934 2336.481
       115609.9 100.00   0.00  10.14  47.53  99.93  86818 2090.756   176  245.934 2336.689
       115619.8   0.00 100.00  96.22  48.60  99.93  86825 2090.973   176  245.934 2336.907
       115629.9   0.00  54.31  82.84  48.61  99.93  86833 2091.209   176  245.934 2337.143
       115639.9   0.00  29.30  64.16  49.38  99.93  86841 2091.386   176  245.934 2337.320
       115649.8   0.00  31.27  48.44  49.39  99.93  86849 2091.572   176  245.934 2337.506
       115659.9   0.00  25.91  27.13  49.41  99.93  86857 2091.756   176  245.934 2337.690
       115669.8  27.70   0.00  63.93  49.43  99.93  86864 2091.868   176  245.934 2337.802
Timestamp         S0     S1     E      O      P     YGC     YGCT    FGC    FGCT     GCT   
       115679.8   0.00  99.30  90.62  49.44  99.93  86871 2091.997   176  245.934 2337.930
       115689.9   0.00  99.47  23.61  49.46  99.93  86879 2092.142   176  245.934 2338.076
       115699.9  79.39   0.00  46.58  49.48  99.93  86886 2092.283   176  245.934 2338.217
       115709.9   0.00  58.97  99.64  49.59  99.93  86894 2092.502   176  245.934 2338.436
       115719.9   0.00  50.28  60.04  49.61  99.93  86901 2092.674   176  245.934 2338.608
       115729.9  43.61   0.00  89.09  49.63  99.93  86908 2092.825   176  245.934 2338.759
       115739.8  59.88   0.00   0.86  49.67  99.93  86916 2092.969   176  245.934 2338.903
       115749.9  36.87   0.00  27.38  49.71  99.93  86922 2093.108   176  245.934 2339.042
       115759.9   0.00  45.18  83.33  49.72  99.93  86929 2093.238   176  245.934 2339.172
       115769.8   0.00  46.95  40.65  49.75  99.93  86937 2093.431   176  245.934 2339.365
Timestamp         S0     S1     E      O      P     YGC     YGCT    FGC    FGCT     GCT   
       115779.8   0.00  99.86  41.55  52.96  99.93  86945 2093.690   176  245.934 2339.624
       115789.9   0.00  57.47  47.48  52.96  99.93  86953 2093.940   176  245.934 2339.874
       115799.9   0.00  12.75  17.23  54.05  99.93  86961 2094.199   176  245.934 2340.133
       115809.9   0.00  18.92   8.84  54.09  99.93  86969 2094.359   176  245.934 2340.293
       115819.8   0.00  64.46  13.35  54.12  99.93  86977 2094.518   176  245.934 2340.452
       115829.9   0.00  73.51  21.10  54.15  99.93  86985 2094.707   176  245.934 2340.641
       115839.9   0.00  34.25  25.02  54.28  99.93  86993 2094.913   176  245.934 2340.847
       115849.9  52.59   0.00  92.25  54.36  99.93  87000 2095.053   176  245.934 2340.987
       115859.9  47.47   0.00  32.97  54.44  99.93  87008 2095.221   176  245.934 2341.155
       115869.9   0.00  66.50  93.77  54.46  99.93  87015 2095.369   176  245.934 2341.303
Timestamp         S0     S1     E      O      P     YGC     YGCT    FGC    FGCT     GCT   
       115879.8   0.00  53.37  42.80  54.47  99.93  87023 2095.556   176  245.934 2341.490
       115889.9  36.57   0.00  86.78  54.55  99.93  87030 2095.702   176  245.934 2341.636
       115899.9  59.88   0.00  22.11  54.56  99.93  87038 2095.861   176  245.934 2341.795
       115909.8  90.49   0.00   0.00  54.60  99.93  87046 2096.039   176  245.934 2341.973
       115919.9   0.00 100.00  62.23  54.76  99.93  87053 2096.211   176  245.934 2342.145
       115929.9   0.00  75.79  52.52  54.85  99.93  87061 2096.403   176  245.934 2342.337
       115939.9   0.00  36.56  18.61  55.02  99.93  87069 2096.584   176  245.934 2342.518
       115949.9  38.16   0.00  73.82  55.08  99.93  87076 2096.742   176  245.934 2342.676
       115959.9  68.82   0.00  58.85  55.11  99.93  87084 2096.905   176  245.934 2342.839
       115969.9  45.86   0.00  30.84  55.12  99.93  87092 2097.070   176  245.934 2343.004
Timestamp         S0     S1     E      O      P     YGC     YGCT    FGC    FGCT     GCT   
       115979.9   0.00 100.00  74.67  55.14  99.93  87099 2097.219   176  245.934 2343.153
       115989.9   0.00  66.27  18.65  55.16  99.93  87107 2097.421   176  245.934 2343.355
       115999.9  53.07   0.00  93.08  55.19  99.93  87114 2097.628   176  245.934 2343.562
       116009.9  47.71   0.00  10.73  55.21  99.93  87122 2097.784   176  245.934 2343.718
       116019.9   0.00  62.86  67.01  55.30  99.93  87129 2097.933   176  245.934 2343.867
       116029.9   0.00  30.86  13.41  55.31  99.93  87137 2098.077   176  245.934 2344.011
       116039.9  61.11   0.00  71.78  56.04  99.93  87144 2098.279   176  245.934 2344.213
       116049.9  76.73   0.00  52.30  56.05  99.93  87152 2098.448   176  245.934 2344.382
       116059.9  42.62   0.00  13.61  56.51  99.93  87160 2098.630   176  245.934 2344.564
       116069.9   0.00 100.00  71.55  56.52  99.93  87167 2098.800   176  245.934 2344.734
Timestamp         S0     S1     E      O      P     YGC     YGCT    FGC    FGCT     GCT   
       116079.9   0.00  52.51  56.25  56.56  99.93  87175 2098.989   176  245.934 2344.923
       116089.9   0.00  80.97   9.47  56.60  99.93  87183 2099.211   176  245.934 2345.145
       116099.9  62.43   0.00  48.20  56.62  99.93  87190 2099.378   176  245.934 2345.312
       116109.9   0.00  34.66  54.50  56.64  99.93  87197 2099.522   176  245.934 2345.456
       116119.9  40.61   0.00  98.23  56.66  99.93  87205 2099.710   176  245.934 2345.644
       116129.9  90.11   0.00  53.93  56.74  99.93  87212 2099.894   176  245.934 2345.828
       116139.9   0.00  54.23  92.23  56.76  99.93  87219 2100.020   176  245.934 2345.954
       116149.9   0.00  25.53  11.56  56.99  99.93  87227 2100.217   176  245.934 2346.151
       116159.9  84.14   0.00  70.99  57.89  99.93  87234 2100.420   176  245.934 2346.354
       116169.9  59.80   0.00   6.82  57.90  99.93  87242 2100.608   176  245.934 2346.541
Timestamp         S0     S1     E      O      P     YGC     YGCT    FGC    FGCT     GCT   
       116179.9  36.35   0.00   0.00  58.78  99.93  87250 2100.812   176  245.934 2346.746
       116189.9   0.00  26.51  79.76  58.79  99.93  87257 2100.950   176  245.934 2346.884
       116199.9   0.00  32.53  55.02  58.81  99.93  87265 2101.129   176  245.934 2347.063
       116209.9  30.53   0.00  73.69  58.87  99.93  87272 2101.240   176  245.934 2347.174
       116219.9   0.00  40.00  90.46  58.88  99.93  87279 2101.406   176  245.934 2347.340
       116229.9   0.00 100.00  85.27  58.90  99.93  87287 2101.583   176  245.934 2347.517
       116239.9   0.00 100.00  31.50  58.95  99.93  87295 2101.769   176  245.934 2347.703
       116249.9   0.00  65.80  37.34  59.08  99.93  87303 2101.994   176  245.934 2347.928
       116259.9   0.00  41.43  10.33  59.23  99.93  87311 2102.170   176  245.934 2348.104
       116269.9  42.33   0.00  95.43  59.24  99.93  87318 2102.340   176  245.934 2348.274
Timestamp         S0     S1     E      O      P     YGC     YGCT    FGC    FGCT     GCT   
       116279.9  61.02   0.00  38.96  59.28  99.93  87326 2102.556   176  245.934 2348.490
       116289.9  63.32   0.00   0.00  59.29  99.93  87334 2102.784   176  245.934 2348.718
       116299.9   0.00  49.76  82.04  59.31  99.93  87341 2102.958   176  245.934 2348.892
       116309.9   0.00  47.47  72.83  59.45  99.93  87349 2103.148   176  245.934 2349.082
       116320.0   0.00  32.13  58.16  59.47  99.93  87357 2103.322   176  245.934 2349.256
       116329.9   0.00  99.16  36.13  59.50  99.93  87365 2103.508   176  245.934 2349.442
       116340.0  47.57   0.00  95.71  59.52  99.93  87372 2103.665   176  245.934 2349.598
       116349.9  68.89   0.00  81.68  59.54  99.93  87380 2103.835   176  245.934 2349.769
       116359.9  62.93   0.00  67.49  59.72  99.93  87388 2104.025   176  245.934 2349.959
       116369.9  54.05   0.00  70.58  59.73  99.93  87396 2104.263   176  245.934 2350.197
Timestamp         S0     S1     E      O      P     YGC     YGCT    FGC    FGCT     GCT   
       116379.9  51.91   0.00  56.59  59.82  99.93  87404 2104.495   176  245.934 2350.429
       116389.9  37.61   0.00  52.22  59.86  99.93  87412 2104.682   176  245.934 2350.616
       116399.9  68.37   0.00  12.67  59.87  99.93  87420 2104.851   176  245.934 2350.785
       116409.9  92.44   0.00  11.05  59.91  99.93  87428 2105.009   176  245.934 2350.943
       116419.9   0.00  66.49  92.53  59.93  99.93  87435 2105.247   176  245.934 2351.181
       116430.0   0.00  99.54  56.41  59.96  99.93  87443 2105.469   176  245.934 2351.402
       116439.9   0.00  52.81   0.00  59.99  99.93  87451 2105.621   176  245.934 2351.555
       116450.0  66.67   0.00  61.29  60.75  99.93  87458 2105.781   176  245.934 2351.715
       116460.0  83.40   0.00  15.30  60.76  99.93  87466 2106.002   176  245.934 2351.936
       116469.9   0.00  47.83  95.85  61.11  99.93  87473 2106.170   176  245.934 2352.104
Timestamp         S0     S1     E      O      P     YGC     YGCT    FGC    FGCT     GCT   
       116479.9   0.00 100.00  66.47  61.13  99.93  87481 2106.344   176  245.934 2352.278
       116489.9   0.00  60.66  35.69  61.16  99.93  87489 2106.511   176  245.934 2352.444
       116500.0  84.86   0.00  99.36  61.82  99.93  87496 2106.707   176  245.934 2352.641
       116510.0   0.00  40.62   1.78  62.29  99.93  87505 2106.977   176  245.934 2352.911
       116519.9  42.00   0.00  69.78  62.52  99.93  87512 2107.127   176  245.934 2353.061
       116530.0  77.76   0.00  69.81  62.54  99.93  87520 2107.320   176  245.934 2353.254
       116539.9  57.11   0.00   6.18  62.59  99.93  87528 2107.477   176  245.934 2353.411
       116549.9   0.00  62.50  81.34  62.60  99.93  87535 2107.606   176  245.934 2353.540
       116560.0   0.00  59.94  55.35  62.65  99.93  87543 2107.743   176  245.934 2353.677
       116570.0   0.00  66.14  23.73  62.67  99.93  87551 2107.923   176  245.934 2353.857
Timestamp         S0     S1     E      O      P     YGC     YGCT    FGC    FGCT     GCT   
       116579.9  68.32   0.00  90.73  64.87  99.93  87558 2108.149   176  245.934 2354.082
       116589.9   0.00  99.86  43.55  64.88  99.93  87567 2108.415   176  245.934 2354.349
       116600.0   0.00  14.36  63.20  65.81  99.93  87575 2108.590   176  245.934 2354.524
       116610.0   0.00  26.96  95.81  65.87  99.93  87583 2108.835   176  245.934 2354.769
       116619.9   0.00  45.42  78.79  65.89  99.93  87591 2108.988   176  245.934 2354.922
       116630.0   0.00  99.78  39.14  65.91  99.93  87599 2109.206   176  245.934 2355.140
       116639.9   0.00  50.66  17.11  65.92  99.93  87607 2109.433   176  245.934 2355.367
       116650.0  36.35   0.00  83.30  65.99  99.93  87614 2109.586   176  245.934 2355.520
       116659.9  63.53   0.00  24.99  66.12  99.93  87622 2109.831   176  245.934 2355.765
       116670.0   0.00  33.77  79.27  66.14  99.93  87629 2109.967   176  245.934 2355.901
Timestamp         S0     S1     E      O      P     YGC     YGCT    FGC    FGCT     GCT   
       116679.9   0.00  44.05  34.19  66.15  99.93  87637 2110.128   176  245.934 2356.062
       116690.0   0.00  57.65   4.35  66.19  99.93  87645 2110.306   176  245.934 2356.240
       116699.9  83.93   0.00  62.27  66.22  99.93  87652 2110.445   176  245.934 2356.379
       116710.0  68.45   0.00  40.34  66.24  99.93  87660 2110.668   176  245.934 2356.602
       116720.0  55.66   0.00   6.58  66.26  99.93  87668 2110.885   176  245.934 2356.819
       116730.0   0.00  64.18  99.20  66.33  99.93  87675 2111.056   176  245.934 2356.989
       116740.0   0.00  76.42  73.94  66.35  99.93  87683 2111.247   176  245.934 2357.180
       116750.0   0.00 100.00  24.79  66.38  99.93  87691 2111.401   176  245.934 2357.335
       116759.9  42.25   0.00  74.86  66.42  99.93  87698 2111.610   176  245.934 2357.544
       116770.0  42.22   0.00  15.92  66.45  99.93  87706 2111.769   176  245.934 2357.702
Timestamp         S0     S1     E      O      P     YGC     YGCT    FGC    FGCT     GCT   
       116780.0   0.00  99.64  72.99  66.47  99.93  87713 2111.931   176  245.934 2357.865
       116790.0   0.00  60.14  22.56  66.56  99.93  87721 2112.108   176  245.934 2358.042
       116800.0   0.00  49.06  10.19  66.57  99.93  87729 2112.295   176  245.934 2358.229
       116810.0  35.68   0.00  90.01  66.81  99.93  87736 2112.470   176  245.934 2358.404
       116820.0  77.88   0.00  30.76  66.83  99.93  87744 2112.648   176  245.934 2358.582
       116830.0  63.73   0.00  12.12  66.85  99.93  87752 2112.832   176  245.934 2358.765
       116840.0  39.77   0.00   4.86  66.95  99.93  87760 2113.048   176  245.934 2358.982
       116849.9   0.00  84.83  62.97  67.03  99.93  87767 2113.236   176  245.934 2359.170
       116860.0   0.00  60.44  33.19  67.08  99.93  87775 2113.482   176  245.934 2359.416
       116870.0  24.87   0.00  61.19  67.09  99.93  87782 2113.626   176  245.934 2359.560
Timestamp         S0     S1     E      O      P     YGC     YGCT    FGC    FGCT     GCT   
       116880.0   0.00  66.23  69.76  67.10  99.93  87789 2113.790   176  245.934 2359.724
       116890.0   0.00  33.82  49.74  67.12  99.93  87797 2113.993   176  245.934 2359.927
       116900.0   0.00  51.63  10.96  67.16  99.93  87805 2114.154   176  245.934 2360.088
       116909.9  78.21   0.00  69.19  67.19  99.93  87812 2114.300   176  245.934 2360.234
       116920.0  51.90   0.00  32.51  67.22  99.93  87820 2114.490   176  245.934 2360.424
       116930.0   0.00  47.01  69.30  67.23  99.93  87827 2114.623   176  245.934 2360.556
       116940.0   0.00 100.00  23.34  67.25  99.93  87835 2114.826   176  245.934 2360.760
       116950.0  89.52   0.00  74.17  67.28  99.93  87842 2115.026   176  245.934 2360.960
       116960.0  56.60   0.00  29.35  67.33  99.93  87850 2115.199   176  245.934 2361.133
       116970.0   0.00  71.81  71.68  67.35  99.93  87857 2115.319   176  245.934 2361.253
Timestamp         S0     S1     E      O      P     YGC     YGCT    FGC    FGCT     GCT   
       116980.0   0.00 100.00  11.54  67.37  99.93  87865 2115.537   176  245.934 2361.471
       116990.0  55.43   0.00  13.13  67.39  99.93  87872 2115.659   176  245.934 2361.593
       117000.0   0.00  66.23  18.56  67.42  99.93  87879 2115.788   176  245.934 2361.722
       117010.0  88.22   0.00  87.45  67.44  99.93  87886 2115.965   176  245.934 2361.899
       117020.0 100.00   0.00  43.41  68.39  99.93  87894 2116.199   176  245.934 2362.133
       117030.0  80.17   0.00  41.80  68.65  99.93  87902 2116.456   176  245.934 2362.389
       117040.0  40.06   0.00  37.09  69.28  99.93  87910 2116.659   176  245.934 2362.593
       117050.0  15.80   0.00  30.02  69.47  99.93  87918 2116.818   176  245.934 2362.752
       117060.0  48.13   0.00  11.55  69.49  99.93  87926 2116.983   176  245.934 2362.917
       117070.0   0.00  35.59  83.16  69.50  99.93  87933 2117.146   176  245.934 2363.080
Timestamp         S0     S1     E      O      P     YGC     YGCT    FGC    FGCT     GCT   
       117080.0   0.00  39.71  34.58  69.52  99.93  87941 2117.313   176  245.934 2363.247
       117090.0  88.04   0.00  88.09  69.54  99.93  87948 2117.439   176  245.934 2363.373
       117100.0  63.69   0.00  53.69  69.55  99.93  87956 2117.605   176  245.934 2363.539
       117110.0  84.17   0.00  36.25  69.61  99.93  87964 2117.789   176  245.934 2363.722
       117120.0   0.00  41.62  79.43  69.64  99.93  87971 2117.938   176  245.934 2363.872
       117130.0   0.00  49.70  28.11  69.66  99.93  87979 2118.111   176  245.934 2364.045
       117140.0  56.70   0.00  65.51  70.22  99.93  87986 2118.290   176  245.934 2364.224
       117150.0   0.00   0.00   1.64  17.73  99.93  87994 2118.490   177  247.219 2365.709
       117160.0   0.00  65.79  60.31  17.73  99.93  88001 2118.618   177  247.219 2365.837
       117170.0   0.00  80.60   0.00  17.73  99.93  88009 2118.778   177  247.219 2365.997
Timestamp         S0     S1     E      O      P     YGC     YGCT    FGC    FGCT     GCT   
       117180.0  69.85   0.00  70.34  19.83  99.93  88016 2118.992   177  247.219 2366.211
       117190.0  72.34   0.00  51.67  19.84  99.93  88024 2119.230   177  247.219 2366.449
       117200.0  17.61   0.00  50.71  20.77  99.93  88032 2119.456   177  247.219 2366.675
       117210.0  41.19   0.00  46.29  20.79  99.93  88040 2119.630   177  247.219 2366.849
       117220.0  43.43   0.00  30.07  20.81  99.93  88048 2119.805   177  247.219 2367.024
       117230.0  49.51   0.00   6.93  20.82  99.93  88056 2119.980   177  247.219 2367.199
       117240.0   0.00  38.48  56.81  20.85  99.93  88063 2120.126   177  247.219 2367.345
       117250.0  38.19  51.35 100.00  20.86  99.93  88071 2120.270   177  247.219 2367.489
       117260.0  30.11   0.00  43.98  20.89  99.93  88078 2120.468   177  247.219 2367.687
       117270.0   0.00  54.66  81.09  20.90  99.93  88085 2120.622   177  247.219 2367.841
Timestamp         S0     S1     E      O      P     YGC     YGCT    FGC    FGCT     GCT   
       117280.0   0.00 100.00  24.64  21.53  99.93  88093 2120.775   177  247.219 2367.994
       117290.0   0.00 100.00  39.70  24.81  99.93  88101 2121.042   177  247.219 2368.261
       117300.0   0.00  58.12  36.61  25.01  99.93  88109 2121.273   177  247.219 2368.492
       117310.0   0.00 100.00  35.24  25.96  99.93  88117 2121.466   177  247.219 2368.685
       117320.0   0.00  26.05  16.93  25.98  99.93  88125 2121.617   177  247.219 2368.836
       117330.0   0.00  33.64  17.94  26.07  99.93  88133 2121.880   177  247.219 2369.099
       117340.0  31.71   0.00  74.06  26.09  99.93  88140 2122.018   177  247.219 2369.237
       117350.0  57.75   0.00  67.87  26.11  99.93  88148 2122.173   177  247.219 2369.391
       117360.0 100.00   0.00  24.15  30.03  99.93  88156 2122.478   177  247.219 2369.697
       117370.0  52.91   0.00  51.05  30.04  99.93  88164 2122.774   177  247.219 2369.992
Timestamp         S0     S1     E      O      P     YGC     YGCT    FGC    FGCT     GCT   
       117380.0  17.06   0.00  74.01  31.51  99.93  88172 2122.989   177  247.219 2370.208
       117390.0  11.24   0.00  98.34  31.54  99.93  88180 2123.132   177  247.219 2370.351
       117400.0   0.00  24.58  12.08  31.57  99.93  88189 2123.307   177  247.219 2370.526
       117410.0   0.00  43.00  13.24  31.61  99.93  88197 2123.488   177  247.219 2370.706
       117420.0  71.15   0.00  86.61  31.62  99.93  88204 2123.637   177  247.219 2370.856
       117430.0  65.89   0.00  68.93  31.67  99.93  88212 2123.822   177  247.219 2371.041
       117440.0  55.26   0.00  20.11  31.70  99.93  88220 2123.971   177  247.219 2371.190
       117450.0   0.00  72.00  59.28  31.71  99.93  88227 2124.108   177  247.219 2371.327
       117460.0   0.00 100.00  27.60  31.74  99.93  88235 2124.266   177  247.219 2371.485
       117470.0  48.79   0.00  76.60  31.75  99.93  88242 2124.418   177  247.219 2371.637
Timestamp         S0     S1     E      O      P     YGC     YGCT    FGC    FGCT     GCT   
       117480.0  30.15   0.00  26.63  31.87  99.93  88250 2124.638   177  247.219 2371.857
       117490.0   0.00  53.63  65.69  31.89  99.93  88257 2124.771   177  247.219 2371.990
       117500.0   0.00  53.21   3.25  31.91  99.93  88265 2124.929   177  247.219 2372.148
       117510.0  80.14   0.00  72.05  31.92  99.93  88272 2125.050   177  247.219 2372.269
       117520.0  90.85   0.00   2.22  31.94  99.93  88280 2125.201   177  247.219 2372.420
       117530.0   0.00 100.00  27.36  31.96  99.93  88287 2125.327   177  247.219 2372.546
       117540.0  61.34   0.00  71.06  32.01  99.93  88294 2125.533   177  247.219 2372.752
       117550.0  44.51   0.00  33.53  32.05  99.93  88302 2125.722   177  247.219 2372.941
       117560.0  72.87   0.00   3.60  32.11  99.93  88310 2125.873   177  247.219 2373.092
       117570.0  58.74   0.00   7.19  34.68  99.93  88318 2126.145   177  247.219 2373.364
Timestamp         S0     S1     E      O      P     YGC     YGCT    FGC    FGCT     GCT   
       117580.0  59.48   0.00  26.52  34.69  99.93  88326 2126.399   177  247.219 2373.618
       117589.9  34.03   0.00   9.50  35.90  99.93  88334 2126.593   177  247.219 2373.812
       117600.0  26.58   0.00   6.89  35.92  99.93  88342 2126.751   177  247.219 2373.970
       117610.0   0.00  32.42  75.82  35.99  99.93  88349 2126.916   177  247.219 2374.135
       117620.0   0.00  55.31  30.73  36.00  99.93  88357 2127.100   177  247.219 2374.319
       117630.0   0.00  76.12   9.83  36.09  99.93  88365 2127.288   177  247.219 2374.507
       117640.0  80.65   0.00  57.88  36.11  99.93  88372 2127.442   177  247.219 2374.661
       117650.0  42.74   0.00  12.28  36.12  99.93  88380 2127.613   177  247.219 2374.832
       117660.0   0.00 100.00  80.49  36.13  99.93  88387 2127.764   177  247.219 2374.982
       117670.0   0.00  66.92  20.33  36.15  99.93  88395 2127.945   177  247.219 2375.163
Timestamp         S0     S1     E      O      P     YGC     YGCT    FGC    FGCT     GCT   
       117680.0  28.71   0.00  86.44  36.23  99.93  88402 2128.095   177  247.219 2375.314
       117690.0  48.33   0.00  40.45  36.27  99.93  88410 2128.240   177  247.219 2375.459
       117700.0   0.00  72.93  98.14  36.30  99.93  88417 2128.355   177  247.219 2375.574
       117710.0   0.00  73.89  49.18  36.32  99.93  88425 2128.495   177  247.219 2375.714
       117720.0 100.00   0.00  79.51  37.29  99.93  88432 2128.663   177  247.219 2375.882
       117730.0  63.45   0.00  74.32  38.23  99.93  88440 2128.906   177  247.219 2376.125
       117740.0  37.47   0.00  36.12  38.90  99.93  88448 2129.132   177  247.219 2376.351
       117750.0  41.41   0.00  13.39  39.06  99.93  88456 2129.339   177  247.219 2376.557
       117760.0   0.00  24.58  73.38  39.07  99.93  88463 2129.462   177  247.219 2376.681
       117770.0   0.00  29.87  13.95  39.12  99.93  88471 2129.624   177  247.219 2376.843
Timestamp         S0     S1     E      O      P     YGC     YGCT    FGC    FGCT     GCT   
       117780.0  47.14   0.00  14.36  39.14  99.93  88478 2129.788   177  247.219 2377.007
       117790.0   0.00  55.12  72.35  39.15  99.93  88485 2129.930   177  247.219 2377.148
       117800.0   0.00  65.45  28.75  39.18  99.93  88493 2130.150   177  247.219 2377.369
       117810.0   0.00 100.00   3.39  39.26  99.93  88501 2130.348   177  247.219 2377.567
       117820.1  44.92   0.00  65.39  39.36  99.93  88508 2130.498   177  247.219 2377.717
       117830.0  68.75   0.00  36.21  39.37  99.93  88516 2130.704   177  247.219 2377.923
       117840.0   0.00  69.63  31.83  39.41  99.93  88523 2130.859   177  247.219 2378.078
       117850.0  43.45   0.00  46.87  39.42  99.93  88530 2130.988   177  247.219 2378.206
       117860.0  77.12   0.00  10.95  40.07  99.93  88538 2131.172   177  247.219 2378.391
       117870.0   0.00  99.75  90.58  40.07  99.93  88545 2131.348   177  247.219 2378.567
Timestamp         S0     S1     E      O      P     YGC     YGCT    FGC    FGCT     GCT   
       117880.0   0.00  25.27  83.28  40.51  99.93  88553 2131.523   177  247.219 2378.742
       117890.1   0.00  99.56  45.74  40.53  99.93  88561 2131.699   177  247.219 2378.918
       117900.0  47.54   0.00  96.03  40.54  99.93  88568 2131.902   177  247.219 2379.121
       117910.0  64.29   0.00  70.61  40.56  99.93  88576 2132.101   177  247.219 2379.320
       117920.1  50.00   0.00   3.49  40.59  99.93  88584 2132.313   177  247.219 2379.532
       117930.1   0.00 100.00  64.13  40.63  99.93  88591 2132.474   177  247.219 2379.693
       117940.1   0.00 100.00  16.80  40.66  99.93  88599 2132.692   177  247.219 2379.911
       117950.0  67.59   0.00  58.62  40.68  99.93  88606 2132.818   177  247.219 2380.037
       117960.1   0.00  99.68  99.26  40.70  99.93  88613 2133.022   177  247.219 2380.241
       117970.0   0.00  58.12  73.94  40.77  99.93  88621 2133.283   177  247.219 2380.502
Timestamp         S0     S1     E      O      P     YGC     YGCT    FGC    FGCT     GCT   
       117980.0   0.00  37.43  41.52  40.80  99.93  88629 2133.431   177  247.219 2380.650
       117990.1   0.00  68.05   2.49  40.84  99.93  88637 2133.584   177  247.219 2380.802
       118000.1 100.00   0.00  94.98  40.91  99.93  88644 2133.806   177  247.219 2381.025
       118010.1  61.19   0.00  62.38  41.12  99.93  88652 2134.024   177  247.219 2381.243
       118020.1  40.91   0.00  62.91  41.49  99.93  88660 2134.238   177  247.219 2381.457
       118030.1  55.61   0.00  50.24  41.68  99.93  88668 2134.399   177  247.219 2381.618
       118040.1   0.00  55.65  87.12  41.75  99.93  88675 2134.529   177  247.219 2381.748
       118050.1   0.00  37.06  87.72  41.77  99.93  88683 2134.690   177  247.219 2381.908
       118060.1   0.00  62.14  69.69  41.80  99.93  88691 2134.888   177  247.219 2382.107
       118070.1   0.00  71.39  48.46  41.82  99.93  88699 2135.069   177  247.219 2382.288
Timestamp         S0     S1     E      O      P     YGC     YGCT    FGC    FGCT     GCT   
       118080.1   0.00  55.56  10.81  41.88  99.93  88707 2135.290   177  247.219 2382.509
       118090.1  83.13   0.00  91.57  41.89  99.93  88714 2135.509   177  247.219 2382.728
       118100.1  51.69   0.00  44.81  41.92  99.93  88722 2135.670   177  247.219 2382.889
       118110.1  68.54   0.00  23.80  41.98  99.93  88730 2135.813   177  247.219 2383.031
       118120.1   0.00  52.67  51.79  42.00  99.93  88737 2135.972   177  247.219 2383.191
       118130.1   0.00  64.42  41.05  42.02  99.93  88745 2136.133   177  247.219 2383.352
       118140.1  54.65   0.00  69.09  42.08  99.93  88752 2136.283   177  247.219 2383.502
       118150.1  62.15   0.00  10.00  42.09  99.93  88760 2136.420   177  247.219 2383.639
       118160.1   0.00  99.86  67.32  44.29  99.93  88767 2136.608   177  247.219 2383.827
       118170.1   0.00 100.00  99.70  44.30  99.93  88775 2136.880   177  247.219 2384.099
Timestamp         S0     S1     E      O      P     YGC     YGCT    FGC    FGCT     GCT   
       118180.1   0.00  28.34  96.51  45.09  99.93  88783 2137.060   177  247.219 2384.279
       118190.1   0.00  18.78  45.40  45.11  99.93  88791 2137.230   177  247.219 2384.449
       118200.1  43.03   0.00  88.37  45.12  99.93  88798 2137.400   177  247.219 2384.619
       118210.1  54.55   0.00  53.51  45.15  99.93  88806 2137.572   177  247.219 2384.791
       118220.1  31.58   0.00   7.61  45.17  99.93  88814 2137.732   177  247.219 2384.951
       118230.1   0.00  38.67  66.81  45.21  99.93  88821 2137.884   177  247.219 2385.103
       118240.1   0.00 100.00  13.77  45.23  99.93  88829 2138.068   177  247.219 2385.287
       118250.1  55.00   0.00  86.85  45.24  99.93  88836 2138.230   177  247.219 2385.449
       118260.1  68.72   0.00  60.41  45.31  99.93  88844 2138.424   177  247.219 2385.643
       118270.1  65.76   0.00   8.88  45.34  99.93  88852 2138.582   177  247.219 2385.801
Timestamp         S0     S1     E      O      P     YGC     YGCT    FGC    FGCT     GCT   
       118280.1   0.00  67.71  92.71  45.40  99.93  88859 2138.734   177  247.219 2385.953
       118290.1   0.00  62.82  34.00  45.42  99.93  88867 2138.912   177  247.219 2386.131
       118300.1   0.00  63.51  20.17  46.37  99.93  88875 2139.179   177  247.219 2386.398
       118310.1   0.00 100.00   0.00  46.40  99.93  88883 2139.399   177  247.219 2386.618
       118320.1  17.08   0.00  86.59  47.08  99.93  88890 2139.637   177  247.219 2386.856
       118330.1  63.46   0.00  45.53  47.10  99.93  88898 2139.815   177  247.219 2387.034
       118340.1  42.42   0.00  29.95  47.12  99.93  88906 2139.970   177  247.219 2387.189
       118350.1  45.72   0.00  12.80  47.15  99.93  88914 2140.191   177  247.219 2387.410
       118360.1   0.00  45.57  75.42  47.17  99.93  88921 2140.349   177  247.219 2387.568
       118370.1   0.00 100.00  37.90  47.20  99.93  88929 2140.504   177  247.219 2387.723
Timestamp         S0     S1     E      O      P     YGC     YGCT    FGC    FGCT     GCT   
       118380.1  66.46   0.00  88.83  47.21  99.93  88936 2140.674   177  247.219 2387.893
       118390.1  61.48   0.00  80.70  47.33  99.93  88944 2140.845   177  247.219 2388.064
       118400.1  78.72   0.00  54.60  47.34  99.93  88952 2141.034   177  247.219 2388.252
       118410.1  37.31   0.00  23.36  47.48  99.93  88960 2141.245   177  247.219 2388.464
       118420.1   0.00  54.62  77.47  47.49  99.93  88967 2141.375   177  247.219 2388.594
       118430.1   0.00  67.95  14.67  47.52  99.93  88975 2141.520   177  247.219 2388.739
       118440.1  86.39   0.00  82.60  47.54  99.93  88982 2141.681   177  247.219 2388.900
       118450.1  53.21   0.00  31.17  47.57  99.93  88990 2141.858   177  247.219 2389.077
       118460.1   0.00  57.30  70.44  47.71  99.93  88997 2142.002   177  247.219 2389.221
       118470.1   0.00  72.12  52.04  47.73  99.93  89005 2142.205   177  247.219 2389.424
Timestamp         S0     S1     E      O      P     YGC     YGCT    FGC    FGCT     GCT   
       118480.1   0.00  60.44  41.35  47.75  99.93  89013 2142.402   177  247.219 2389.621
       118490.1   0.00  60.16   3.90  47.84  99.93  89021 2142.582   177  247.219 2389.800
       118500.1  91.84   0.00  62.38  48.06  99.93  89028 2142.746   177  247.219 2389.965
       118510.1  51.54   0.00  15.59  48.07  99.93  89036 2142.917   177  247.219 2390.136
       118520.1   0.00  58.58  89.12  48.23  99.93  89043 2143.069   177  247.219 2390.288
       118530.1   0.00  73.44  55.69  48.26  99.93  89051 2143.241   177  247.219 2390.460
       118540.1  35.28   0.00  99.03  48.28  99.93  89058 2143.380   177  247.219 2390.599
       118550.1  56.33   0.00  49.45  48.34  99.93  89066 2143.542   177  247.219 2390.761
       118560.1   0.00 100.00  96.82  48.79  99.93  89073 2143.708   177  247.219 2390.927
       118570.1   0.00  56.08  97.57  48.80  99.93  89082 2143.916   177  247.219 2391.135
Timestamp         S0     S1     E      O      P     YGC     YGCT    FGC    FGCT     GCT   
       118580.1   0.00  29.14  34.18  49.40  99.93  89089 2144.105   177  247.219 2391.324
       118590.1   0.00  46.98  33.06  49.49  99.93  89097 2144.268   177  247.219 2391.487
       118600.1   0.00  29.96  14.13  49.50  99.93  89105 2144.479   177  247.219 2391.698
       118610.1  74.26   0.00  62.39  49.57  99.93  89112 2144.613   177  247.219 2391.832
       118620.1   0.00  54.17  92.17  49.59  99.93  89119 2144.799   177  247.219 2392.018
       118630.1   0.00 100.00  60.32  49.62  99.93  89127 2145.028   177  247.219 2392.247
       118640.1   0.00  78.42  36.29  49.71  99.93  89135 2145.198   177  247.219 2392.416
       118650.1   0.00  53.73  10.11  49.89  99.93  89143 2145.394   177  247.219 2392.613
       118660.1  52.14   0.00  75.12  49.92  99.93  89150 2145.557   177  247.219 2392.776
       118670.1  48.31   0.00   1.89  50.03  99.93  89158 2145.710   177  247.219 2392.929
Timestamp         S0     S1     E      O      P     YGC     YGCT    FGC    FGCT     GCT   
       118680.2   0.00  65.46  24.91  50.05  99.93  89165 2145.931   177  247.219 2393.150
       118690.1  87.17   0.00  64.75  50.07  99.93  89172 2146.091   177  247.219 2393.310
       118700.1  63.33   0.00  39.96  50.09  99.93  89180 2146.261   177  247.219 2393.480
       118710.2   0.00  47.76  98.04  50.11  99.93  89187 2146.419   177  247.219 2393.638
       118720.2   0.00 100.00  99.00  50.90  99.93  89195 2146.596   177  247.219 2393.815
       118730.1   0.00  99.84  82.06  51.09  99.93  89203 2146.812   177  247.219 2394.031
       118740.1   0.00 100.00  43.65  51.73  99.93  89211 2147.025   177  247.219 2394.244
       118750.1   0.00  51.26  15.38  51.76  99.93  89219 2147.224   177  247.219 2394.442
       118760.2  26.76   0.00  96.46  51.78  99.93  89226 2147.367   177  247.219 2394.586
       118770.1  62.62   0.00  62.27  51.80  99.93  89234 2147.525   177  247.219 2394.744
Timestamp         S0     S1     E      O      P     YGC     YGCT    FGC    FGCT     GCT   
       118780.1  38.03   0.00  52.04  51.88  99.93  89242 2147.772   177  247.219 2394.991
       118790.2  52.96   0.00   0.00  51.92  99.93  89250 2147.949   177  247.219 2395.168
       118800.2   0.00 100.00  88.89  53.73  99.93  89257 2148.155   177  247.219 2395.374
       118810.2   0.00  62.75  78.31  53.73  99.93  89265 2148.437   177  247.219 2395.656
       118820.2   0.00 100.00  52.88  54.97  99.93  89273 2148.645   177  247.219 2395.863
       118830.2   0.00  21.79  88.03  54.99  99.93  89281 2148.807   177  247.219 2396.026
       118840.1   0.00  27.46  91.04  55.01  99.93  89289 2148.962   177  247.219 2396.181
       118850.2   0.00  48.33  62.61  55.09  99.93  89297 2149.147   177  247.219 2396.366
       118860.1   0.00  33.63   9.85  55.13  99.93  89305 2149.316   177  247.219 2396.535
       118870.2  60.90   0.00  67.58  55.21  99.93  89312 2149.475   177  247.219 2396.694
Timestamp         S0     S1     E      O      P     YGC     YGCT    FGC    FGCT     GCT   
       118880.2  40.00   0.00  48.61  55.22  99.93  89320 2149.726   177  247.219 2396.945
       118890.2  38.28   0.00  21.96  55.27  99.93  89328 2149.891   177  247.219 2397.110
       118900.2   0.00  62.83  80.72  55.34  99.93  89335 2150.035   177  247.219 2397.254
       118910.2   0.00  99.48  22.46  55.36  99.93  89343 2150.195   177  247.219 2397.414
       118920.2  52.96   0.00  58.59  55.38  99.93  89350 2150.343   177  247.219 2397.562
       118930.2  56.28   0.00   4.69  55.44  99.93  89358 2150.531   177  247.219 2397.750
       118940.2   0.00  64.66  63.83  55.48  99.93  89365 2150.658   177  247.219 2397.877
       118950.2  36.75   0.00  96.41  55.49  99.93  89372 2150.787   177  247.219 2398.006
       118960.2  89.62   0.00  67.45  55.51  99.93  89380 2150.954   177  247.219 2398.173
       118970.2 100.00 100.00 100.00  57.24  99.93  89388 2151.103   177  247.219 2398.322
Timestamp         S0     S1     E      O      P     YGC     YGCT    FGC    FGCT     GCT   
       118980.2   0.00  99.84  63.27  57.84  99.93  89395 2151.455   177  247.219 2398.674
       118990.2   0.00  99.83  81.33  58.31  99.93  89403 2151.715   177  247.219 2398.934
       119000.2  29.81   0.00   9.82  58.60  99.93  89412 2151.982   177  247.219 2399.201
       119010.2   0.00  27.02  83.88  58.75  99.93  89419 2152.140   177  247.219 2399.359
       119020.2   0.00  45.81  96.66  58.82  99.93  89427 2152.314   177  247.219 2399.533
       119030.2   0.00  99.59  79.17  58.84  99.93  89435 2152.513   177  247.219 2399.732
       119040.2   0.00  29.55  56.88  58.86  99.93  89443 2152.676   177  247.219 2399.895
       119050.2   0.00  60.00  34.85  58.88  99.93  89451 2152.866   177  247.219 2400.085
       119060.2   0.00  57.87   1.60  58.93  99.93  89459 2153.047   177  247.219 2400.266
       119070.2  74.73   0.00  50.53  58.95  99.93  89466 2153.212   177  247.219 2400.431
Timestamp         S0     S1     E      O      P     YGC     YGCT    FGC    FGCT     GCT   
       119080.2  81.39   0.00  22.93  58.98  99.93  89474 2153.389   177  247.219 2400.608
       119090.2   0.00 100.00  94.15  59.00  99.93  89481 2153.544   177  247.219 2400.763
       119100.2   0.00  99.88  70.19  61.06  99.93  89489 2153.798   177  247.219 2401.017
       119110.2   0.00  63.34  98.61  61.08  99.93  89497 2154.040   177  247.219 2401.259
       119120.2  11.43   0.00   1.61  62.33  99.93  89506 2154.228   177  247.219 2401.447
       119130.2   0.00  17.07  92.26  62.35  99.93  89513 2154.399   177  247.219 2401.618
       119140.2   0.00  34.55  62.86  62.37  99.93  89521 2154.566   177  247.219 2401.785
       119150.2   0.00  50.73  37.37  62.39  99.93  89529 2154.722   177  247.219 2401.941
       119160.2  41.21   0.00  44.28  62.42  99.93  89536 2154.881   177  247.219 2402.100
       119170.2  78.78   0.00  12.52  62.46  99.93  89544 2155.093   177  247.219 2402.312
Timestamp         S0     S1     E      O      P     YGC     YGCT    FGC    FGCT     GCT   
       119180.3   0.00  54.62  70.78  62.47  99.93  89551 2155.231   177  247.219 2402.450
       119190.3   0.00  99.24  52.80  62.55  99.93  89559 2155.440   177  247.219 2402.659
       119200.3   0.00  73.65  15.11  62.57  99.93  89567 2155.616   177  247.219 2402.835
       119210.3  74.18   0.00  94.68  62.59  99.93  89574 2155.747   177  247.219 2402.966
       119220.2  91.11   0.00  29.43  63.20  99.93  89582 2155.975   177  247.219 2403.194
       119230.2   0.00  40.46   2.88  63.25  99.93  89589 2156.407   177  247.219 2403.626
       119240.3  22.58   0.00  81.18  63.91  99.93  89596 2156.586   177  247.219 2403.805
       119250.2  26.19   0.00  88.66  63.94  99.93  89604 2156.765   177  247.219 2403.984
       119260.3  32.87   0.00  54.70  63.96  99.93  89612 2156.920   177  247.219 2404.139
       119270.2  61.61   0.00  16.87  63.99  99.93  89620 2157.109   177  247.219 2404.328
Timestamp         S0     S1     E      O      P     YGC     YGCT    FGC    FGCT     GCT   
       119280.3   0.00  62.13  70.63  64.03  99.93  89627 2157.278   177  247.219 2404.497
       119290.3   0.00  99.78  66.82  64.05  99.93  89635 2157.467   177  247.219 2404.686
       119300.3   0.00  43.70  64.52  64.20  99.93  89643 2157.693   177  247.219 2404.912
       119310.3   0.00  44.44  38.81  64.21  99.93  89651 2157.895   177  247.219 2405.114
       119320.3  33.82   0.00  93.77  64.23  99.93  89658 2158.054   177  247.219 2405.272
       119330.3  78.88   0.00  45.69  64.24  99.93  89666 2158.237   177  247.219 2405.456
       119340.3  61.50   0.00   6.05  64.26  99.93  89674 2158.441   177  247.219 2405.660
       119350.3   0.00  99.73  61.48  64.27  99.93  89681 2158.605   177  247.219 2405.824
       119360.3   0.00  58.12   8.59  64.33  99.93  89689 2158.765   177  247.219 2405.984
       119370.3  61.71   0.00  48.10  64.35  99.93  89696 2158.906   177  247.219 2406.125
Timestamp         S0     S1     E      O      P     YGC     YGCT    FGC    FGCT     GCT   
       119380.3   0.00  36.88  98.84  64.37  99.93  89704 2159.059   177  247.219 2406.278
       119390.3   0.00 100.00  65.51  64.38  99.93  89711 2159.249   177  247.219 2406.468
       119400.3   0.00  66.35  13.05  64.47  99.93  89719 2159.451   177  247.219 2406.670
       119410.3   0.00  57.62  14.95  67.49  99.93  89727 2159.695   177  247.219 2406.914
       119420.3   0.00  65.10  31.51  67.61  99.93  89735 2159.997   177  247.219 2407.216
       119430.3   0.00  99.24  17.53  68.63  99.93  89743 2160.211   177  247.219 2407.430
       119440.3  17.79   0.00  69.82  68.64  99.93  89750 2160.361   177  247.219 2407.580
       119450.3   0.00  16.61  95.43  68.67  99.93  89757 2160.485   177  247.219 2407.704
       119460.3   0.00  70.04  31.85  68.69  99.93  89765 2160.676   177  247.219 2407.895
       119470.3  62.14   0.00  71.65  68.70  99.93  89772 2160.841   177  247.219 2408.060
Timestamp         S0     S1     E      O      P     YGC     YGCT    FGC    FGCT     GCT   
       119480.3  71.63   0.00  61.67  68.85  99.93  89780 2161.093   177  247.219 2408.312
       119490.3  38.55   0.00  48.71  68.88  99.93  89788 2161.319   177  247.219 2408.538
       119500.3  60.39   0.00  12.26  68.94  99.93  89796 2161.507   177  247.219 2408.726
       119510.3   0.00  43.18  17.34  69.04  99.93  89803 2161.660   177  247.219 2408.879
       119520.3  89.82   0.00  69.76  69.06  99.93  89810 2161.819   177  247.219 2409.038
       119530.3  61.39   0.00  20.88  69.08  99.93  89818 2162.001   177  247.219 2409.219
       119540.3   0.00  99.43  89.82  69.08  99.93  89825 2162.172   177  247.219 2409.391
       119550.3   0.00  99.52  69.67  69.11  99.93  89833 2162.348   177  247.219 2409.567
       119560.3   0.00  62.43  51.12  69.14  99.93  89841 2162.524   177  247.219 2409.743
       119570.3   0.00 100.00  28.37  69.22  99.93  89849 2162.737   177  247.219 2409.956
Timestamp         S0     S1     E      O      P     YGC     YGCT    FGC    FGCT     GCT   
       119580.3  37.80   0.00  54.75  69.23  99.93  89856 2162.884   177  247.219 2410.103
       119590.3  75.11   0.00  35.40  69.29  99.93  89864 2163.072   177  247.219 2410.291
       119600.3  69.08   0.00  22.27  69.36  99.93  89872 2163.255   177  247.219 2410.473
       119610.3  31.61   0.00   0.00  69.38  99.93  89880 2163.423   177  247.219 2410.642
       119620.3   0.00  48.80  28.85  69.41  99.93  89887 2163.566   177  247.219 2410.785
       119630.3   0.00 100.00   1.72  69.42  99.93  89895 2163.734   177  247.219 2410.953
       119640.3  63.16   0.00  33.18  69.43  99.93  89902 2163.880   177  247.219 2411.099
       119650.3   0.00  52.40  78.25  69.48  99.93  89909 2164.086   177  247.219 2411.305
       119660.3   0.00  57.10  11.67  69.50  99.93  89917 2164.254   177  247.219 2411.473
       119670.3  41.32   0.00  47.51  69.60  99.93  89924 2164.397   177  247.219 2411.616
Timestamp         S0     S1     E      O      P     YGC     YGCT    FGC    FGCT     GCT   
       119680.3   0.00  49.28  84.96  69.61  99.93  89931 2164.563   177  247.219 2411.782
       119690.3   0.00  51.07   7.83  69.64  99.93  89939 2164.739   177  247.219 2411.958
       119700.3 100.00   0.00  62.97  70.94  99.93  89946 2164.905   177  247.219 2412.124
       119710.3   0.00  99.82  57.86  71.51  99.93  89953 2165.153   177  247.219 2412.372
       119720.3   0.00  29.53  36.38  72.13  99.93  89961 2165.436   177  247.219 2412.655
       119730.3   0.00  57.14  49.89  72.41  99.93  89969 2165.654   177  247.219 2412.873
       119740.3   0.00 100.00  43.66  72.43  99.93  89977 2165.852   177  247.219 2413.071
       119750.3   0.00  99.55  31.59  72.60  99.93  89985 2166.035   177  247.219 2413.253
       119760.3  44.38   0.00 100.00  72.62  99.93  89993 2166.187   177  247.219 2413.406
       119770.3  55.58   0.00  89.04  72.63  99.93  90000 2166.389   177  247.219 2413.608
Timestamp         S0     S1     E      O      P     YGC     YGCT    FGC    FGCT     GCT   
       119780.3  36.98   0.00  53.93  72.65  99.93  90008 2166.640   177  247.219 2413.859
       119790.3  40.96   0.00  35.61  72.69  99.93  90016 2166.820   177  247.219 2414.039
       119800.3   0.00  60.05  82.06  72.70  99.93  90023 2166.970   177  247.219 2414.189
       119810.3   0.00  60.14  81.78  72.74  99.93  90031 2167.203   177  247.219 2414.422
       119820.3   0.00  68.77  56.18  72.93  99.93  90039 2167.433   177  247.219 2414.652
       119830.3   0.00  46.95  48.82  72.99  99.93  90047 2167.644   177  247.219 2414.863
       119840.3   0.00 100.00  24.06  73.17  99.93  90055 2167.800   177  247.219 2415.019
       119850.3   0.00  33.64   3.93  73.20  99.93  90063 2168.009   177  247.219 2415.227
       119860.3  47.61   0.00  56.52  73.22  99.93  90070 2168.200   177  247.219 2415.419
       119870.3  33.50   0.00  35.36  73.23  99.93  90078 2168.404   177  247.219 2415.623
Timestamp         S0     S1     E      O      P     YGC     YGCT    FGC    FGCT     GCT   
       119880.3   0.00  99.69  81.45  73.24  99.93  90085 2168.599   177  247.219 2415.818
       119890.3   0.00  42.38  67.61  73.29  99.93  90093 2168.808   177  247.219 2416.026
       119900.3   0.00 100.00  53.13  73.59  99.93  90101 2169.084   177  247.219 2416.303
       119910.3   0.00  73.40  27.08  73.61  99.93  90109 2169.303   177  247.219 2416.522
       119920.3   0.00  67.13  28.56  74.23  99.93  90117 2169.525   177  247.219 2416.744
       119930.3   0.00  55.45  28.44  74.25  99.93  90125 2169.787   177  247.219 2417.006
       119940.3  50.53   0.00  77.26  74.37  99.93  90132 2169.974   177  247.219 2417.192
       119950.3  30.64   0.00  12.79  74.53  99.93  90140 2170.136   177  247.219 2417.355
       119960.3   0.00  99.62  90.14  74.56  99.93  90147 2170.295   177  247.219 2417.514
       119970.3   0.00  61.85  71.14  74.58  99.93  90155 2170.531   177  247.219 2417.750
Timestamp         S0     S1     E      O      P     YGC     YGCT    FGC    FGCT     GCT   
       119980.3   0.00  99.51  53.62  74.65  99.93  90163 2170.739   177  247.219 2417.958
       119990.3   0.00  27.69  32.70  74.70  99.93  90171 2170.904   177  247.219 2418.123
       120000.3  74.19   0.00  77.18  74.77  99.93  90178 2171.091   177  247.219 2418.310
       120010.3  50.00   0.00  54.49  74.78  99.93  90186 2171.255   177  247.219 2418.474
       120020.3  42.55   0.00  54.70  74.87  99.93  90194 2171.432   177  247.219 2418.650
       120030.3  54.55   0.00  45.88  74.90  99.93  90202 2171.637   177  247.219 2418.855
       120040.3  52.64   0.00  46.88  75.02  99.93  90210 2171.843   177  247.219 2419.062
       120050.3  65.70   0.00  24.22  75.07  99.93  90218 2172.077   177  247.219 2419.296
       120060.3   0.00 100.00  87.34  75.35  99.93  90225 2172.262   177  247.219 2419.481
       120070.3   0.00  37.44  41.23  75.37  99.93  90233 2172.476   177  247.219 2419.695
Timestamp         S0     S1     E      O      P     YGC     YGCT    FGC    FGCT     GCT   
       120080.3   0.00 100.00  15.98  76.22  99.93  90241 2172.689   177  247.219 2419.908
       120090.3   0.00  63.04  36.24  76.24  99.93  90249 2172.926   177  247.219 2420.145
       120100.3   0.00  30.51  58.72  76.89  99.93  90257 2173.119   177  247.219 2420.338
       120110.4   0.00  30.27  35.46  76.93  99.93  90265 2173.287   177  247.219 2420.506
       120120.3   0.00  31.52   8.77  76.95  99.93  90273 2173.471   177  247.219 2420.690
       120130.3  62.74   0.00  67.45  76.96  99.93  90280 2173.636   177  247.219 2420.855
       120140.3  63.42   0.00  59.58  76.98  99.93  90288 2173.814   177  247.219 2421.033
       120150.3  81.36   0.00  38.38  77.00  99.93  90296 2174.112   177  247.219 2421.331
       120160.3   0.00  99.46  95.28  77.02  99.93  90303 2174.263   177  247.219 2421.481
       120170.3   0.00  91.67  57.11  77.06  99.93  90311 2174.472   177  247.219 2421.691
Timestamp         S0     S1     E      O      P     YGC     YGCT    FGC    FGCT     GCT   
       120180.3  84.77   0.00  82.40  77.08  99.93  90318 2174.617   177  247.219 2421.836
       120190.4  72.33   0.00  47.47  77.09  99.93  90326 2174.781   177  247.219 2422.000
       120200.3  55.48   0.00   7.53  77.16  99.93  90334 2174.964   177  247.219 2422.183
       120210.3   0.00  62.78  88.27  77.21  99.93  90341 2175.134   177  247.219 2422.353
       120220.3   0.00 100.00  50.66  77.23  99.93  90349 2175.295   177  247.219 2422.514
       120230.3  42.69   0.00  84.24  77.28  99.93  90356 2175.489   177  247.219 2422.708
       120240.4  79.41   0.00  55.27  77.30  99.93  90364 2175.692   177  247.219 2422.911
       120250.3  64.80   0.00  39.05  77.84  99.93  90372 2175.886   177  247.219 2423.105
       120260.3   0.00  51.06  87.69  77.91  99.93  90379 2176.067   177  247.219 2423.286
       120270.3   0.00  55.75  30.71  78.04  99.93  90387 2176.282   177  247.219 2423.500
Timestamp         S0     S1     E      O      P     YGC     YGCT    FGC    FGCT     GCT   
       120280.3  80.25   0.00  93.10  78.06  99.93  90394 2176.437   177  247.219 2423.656
       120290.4  39.19   0.00  19.14  78.08  99.93  90402 2176.600   177  247.219 2423.819
       120300.3   0.00  50.26  53.21  80.91  99.93  90409 2176.820   177  247.219 2424.039
       120310.3   0.00  99.77  66.50  80.92  99.93  90417 2177.044   177  247.219 2424.263
       120320.3   0.00  34.48  51.13  81.61  99.93  90425 2177.271   177  247.219 2424.490
       120330.4   0.00  23.91  43.76  81.63  99.93  90433 2177.448   177  247.219 2424.667
       120340.3   0.00 100.00  18.32  81.64  99.93  90441 2177.680   177  247.219 2424.899
       120350.3   0.00 100.00   3.64  81.72  99.93  90449 2177.885   177  247.219 2425.104
       120360.4  78.38   0.00  76.06  81.73  99.93  90456 2178.060   177  247.219 2425.279
       120370.3  27.86   0.00  26.48  81.91  99.93  90464 2178.255   177  247.219 2425.474
Timestamp         S0     S1     E      O      P     YGC     YGCT    FGC    FGCT     GCT   
       120380.3  34.89   0.00   0.00  81.96  99.93  90472 2178.417   177  247.219 2425.636
       120390.4   0.00  85.94  84.76  82.00  99.93  90479 2178.593   177  247.219 2425.812
       120400.4   0.00  45.43  59.98  82.02  99.93  90487 2178.761   177  247.219 2425.980
       120410.4   0.00  99.78  54.82  82.30  99.93  90495 2178.968   177  247.219 2426.187
       120420.3  69.52   0.00  79.55  82.32  99.93  90502 2179.152   177  247.219 2426.370
       120430.3  23.77   0.00  18.02  82.87  99.93  90510 2179.378   177  247.219 2426.597
       120440.3   0.00  62.32  86.44  82.89  99.93  90517 2179.593   177  247.219 2426.812
       120450.4   0.00  33.48  66.80  82.91  99.93  90525 2179.762   177  247.219 2426.981
       120460.3   0.00  99.60  41.30  83.00  99.93  90533 2180.001   177  247.219 2427.220
       120470.4  47.39   0.00  86.45  83.02  99.93  90540 2180.205   177  247.219 2427.424
Timestamp         S0     S1     E      O      P     YGC     YGCT    FGC    FGCT     GCT   
       120480.3  41.71   0.00  34.07  83.04  99.93  90548 2180.436   177  247.219 2427.655
       120490.3   0.00 100.00  96.03  83.91  99.93  90555 2180.634   177  247.219 2427.853
       120500.4   0.00  65.07  67.34  83.92  99.93  90563 2180.844   177  247.219 2428.063
       120510.3   0.00 100.00  16.46  84.70  99.93  90571 2181.052   177  247.219 2428.271
       120520.4  21.73   0.00  77.87  84.72  99.93  90578 2181.196   177  247.219 2428.415
       120530.4  55.73   0.00  82.17  84.74  99.93  90586 2181.392   177  247.219 2428.611
       120540.4  56.07   0.00   4.16  84.78  99.93  90594 2181.569   177  247.219 2428.788
       120550.4   0.00  27.21  84.76  85.02  99.93  90601 2181.796   177  247.219 2429.015
       120560.4   0.00  56.78  28.82  85.04  99.93  90609 2181.993   177  247.219 2429.212
       120570.4  61.27   0.00  72.86  85.06  99.93  90616 2182.122   177  247.219 2429.341
Timestamp         S0     S1     E      O      P     YGC     YGCT    FGC    FGCT     GCT   
       120580.4  80.68   0.00  51.80  85.09  99.93  90624 2182.351   177  247.219 2429.569
       120590.3  45.77   0.00   0.75  85.12  99.93  90632 2182.587   177  247.219 2429.806
       120600.4   0.00  52.71  68.67  85.28  99.93  90639 2182.767   177  247.219 2429.986
       120610.4   0.00  67.02  37.12  85.30  99.93  90647 2182.933   177  247.219 2430.151
       120620.3   0.00  71.07   4.62  85.41  99.93  90655 2183.108   177  247.219 2430.327
       120630.4  63.87   0.00  92.68  85.42  99.93  90662 2183.259   177  247.219 2430.478
       120640.4  66.40   0.00  71.51  85.54  99.93  90670 2183.448   177  247.219 2430.667
       120650.4  49.53   0.00  19.73  85.55  99.93  90678 2183.652   177  247.219 2430.871
       120660.4   0.00  64.77  65.77  85.79  99.93  90685 2183.837   177  247.219 2431.056
       120670.3   0.00  30.79   1.60  85.80  99.93  90693 2184.102   177  247.219 2431.321
Timestamp         S0     S1     E      O      P     YGC     YGCT    FGC    FGCT     GCT   
       120680.4  49.22   0.00  86.59  85.89  99.93  90700 2184.265   177  247.219 2431.484
       120690.4  78.89   0.00  65.85  85.91  99.93  90708 2184.442   177  247.219 2431.661
       120700.4 100.00   0.00  62.05  86.00  99.93  90716 2184.673   177  247.219 2431.892
       120710.3  89.09   0.00  52.42  86.03  99.93  90724 2184.890   177  247.219 2432.109
       120720.4  46.58   0.00  37.53  86.36  99.93  90732 2185.125   177  247.219 2432.344
       120730.3  27.03   0.00  30.93  86.42  99.93  90740 2185.326   177  247.219 2432.545
       120740.4  39.65   0.00   9.52  86.44  99.93  90748 2185.575   177  247.219 2432.794
       120750.4  46.23   0.00   0.00  86.47  99.93  90756 2185.761   178  247.219 2432.980
       120760.4  78.14   0.00  95.51  18.15  99.93  90762 2185.892   178  248.609 2434.501
       120770.3  60.41   0.00  71.38  18.15  99.93  90770 2186.072   178  248.609 2434.681
Timestamp         S0     S1     E      O      P     YGC     YGCT    FGC    FGCT     GCT   
       120780.4  38.76   0.00  56.01  18.57  99.93  90778 2186.228   178  248.609 2434.837
       120790.4  57.14   0.00  21.20  18.59  99.93  90786 2186.431   178  248.609 2435.040
       120800.4  47.93   0.00   6.23  18.61  99.93  90794 2186.593   178  248.609 2435.202
       120810.4   0.00  65.92  64.39  18.65  99.93  90801 2186.768   178  248.609 2435.377
       120820.4   0.00  52.06  24.78  18.67  99.93  90809 2186.905   178  248.609 2435.514
       120830.4  71.85   0.00  78.57  18.69  99.93  90816 2187.039   178  248.609 2435.648
       120840.4  30.75   0.00  37.01  18.71  99.93  90824 2187.204   178  248.609 2435.813
       120850.4   0.00 100.00  89.71  18.75  99.93  90831 2187.343   178  248.609 2435.952
       120860.4   0.00  99.84  94.80  21.10  99.93  90839 2187.571   178  248.609 2436.180
       120870.4  30.37   0.00   5.95  21.90  99.93  90848 2187.804   178  248.609 2436.413
Timestamp         S0     S1     E      O      P     YGC     YGCT    FGC    FGCT     GCT   
       120880.4   0.00  16.71  79.84  21.93  99.93  90855 2187.916   178  248.609 2436.525
       120890.4   0.00  30.17  51.17  21.94  99.93  90863 2188.090   178  248.609 2436.699
       120900.4  44.37   0.00  73.89  22.02  99.93  90870 2188.214   178  248.609 2436.823
       120910.4  51.39   0.00  26.26  22.05  99.93  90878 2188.367   178  248.609 2436.976
       120920.4  91.02   0.00   9.37  22.11  99.93  90886 2188.512   178  248.609 2437.121
       120930.4   0.00 100.00  85.34  22.13  99.93  90893 2188.676   178  248.609 2437.285
       120940.4   0.00  74.32  84.96  22.16  99.93  90901 2188.867   178  248.609 2437.476
       120950.4  68.06   0.00   3.07  24.89  99.93  90910 2189.180   178  248.609 2437.789
       120960.4  56.82   0.00  20.56  25.12  99.93  90918 2189.474   178  248.609 2438.083
       120970.4  11.88   0.00  46.68  26.68  99.93  90926 2189.677   178  248.609 2438.286
Timestamp         S0     S1     E      O      P     YGC     YGCT    FGC    FGCT     GCT   
       120980.4  13.80   0.00  61.12  26.70  99.93  90934 2189.816   178  248.609 2438.425
       120990.4  35.10   0.00  71.34  26.75  99.93  90942 2189.968   178  248.609 2438.577
       121000.4  33.20   0.00  63.52  26.77  99.93  90950 2190.152   178  248.609 2438.761
       121010.4  62.98   0.00  54.24  26.82  99.93  90958 2190.370   178  248.609 2438.979
       121020.4  64.89   0.00  19.21  26.91  99.93  90966 2190.581   178  248.609 2439.190
       121030.4   0.00  62.21  46.64  26.98  99.93  90973 2190.714   178  248.609 2439.323
       121040.4  51.67   0.00  97.88  27.01  99.93  90981 2190.869   178  248.609 2439.478
       121050.4  63.41   0.00  55.35  27.03  99.93  90988 2191.044   178  248.609 2439.652
       121060.4 100.00   0.00  25.42  28.10  99.93  90996 2191.220   178  248.609 2439.829
       121070.4  52.84   0.00  27.77  29.63  99.93  91004 2191.463   178  248.609 2440.071
Timestamp         S0     S1     E      O      P     YGC     YGCT    FGC    FGCT     GCT   
       121080.4   0.00  44.50  95.38  29.82  99.93  91011 2191.707   178  248.609 2440.316
       121090.4   0.00  56.37  86.71  30.42  99.93  91019 2191.878   178  248.609 2440.486
       121100.4   0.00  36.18  84.29  30.43  99.93  91027 2192.067   178  248.609 2440.676
       121110.4   0.00  54.88  69.47  30.53  99.93  91035 2192.239   178  248.609 2440.847
       121120.4   0.00  78.78  59.48  30.55  99.93  91043 2192.474   178  248.609 2441.082
       121130.4   0.00  74.42  44.17  30.59  99.93  91051 2192.642   178  248.609 2441.250
       121140.4  69.71   0.00  73.78  30.72  99.93  91058 2192.778   178  248.609 2441.387
       121150.4  67.43   0.00  55.11  30.75  99.93  91066 2192.917   178  248.609 2441.526
       121160.4   0.00  46.04  54.27  30.76  99.93  91073 2193.062   178  248.609 2441.671
       121170.5  57.59   0.00  90.80  30.77  99.93  91080 2193.210   178  248.609 2441.819
Timestamp         S0     S1     E      O      P     YGC     YGCT    FGC    FGCT     GCT   
       121180.5  78.66   0.00  46.47  30.83  99.93  91088 2193.378   178  248.609 2441.986
       121190.4  66.67   0.00  30.67  30.85  99.93  91096 2193.555   178  248.609 2442.164
       121200.5   0.00  99.79  89.33  31.65  99.93  91103 2193.726   178  248.609 2442.335
       121210.5   0.00  99.78  56.90  31.70  99.93  91111 2193.920   178  248.609 2442.529
       121220.5   0.00  44.35  29.33  32.16  99.93  91119 2194.133   178  248.609 2442.741
       121230.4  23.48   0.00  91.94  32.22  99.93  91126 2194.275   178  248.609 2442.884
       121240.5  37.93   0.00  78.22  32.24  99.93  91134 2194.467   178  248.609 2443.076
       121250.5  50.48   0.00  55.29  32.26  99.93  91142 2194.636   178  248.609 2443.245
       121260.4   0.00  58.67  92.74  32.33  99.93  91149 2194.769   178  248.609 2443.378
       121270.4   0.00  58.93  39.86  32.35  99.93  91157 2194.956   178  248.609 2443.565
Timestamp         S0     S1     E      O      P     YGC     YGCT    FGC    FGCT     GCT   
       121280.5   0.00  61.15   4.45  32.37  99.93  91165 2195.118   178  248.609 2443.726
       121290.4  53.87   0.00  39.30  32.39  99.93  91172 2195.229   178  248.609 2443.838
       121300.4  95.88   0.00   4.49  32.44  99.93  91180 2195.397   178  248.609 2444.005
       121310.4   0.00  42.42  75.65  32.46  99.93  91187 2195.523   178  248.609 2444.132
       121320.5   0.00  48.37  21.05  32.53  99.93  91195 2195.690   178  248.609 2444.299
       121330.5  57.59   0.00  74.53  32.54  99.93  91202 2195.819   178  248.609 2444.427
       121340.5 100.00   0.00  28.61  33.23  99.93  91210 2196.001   178  248.609 2444.609
       121350.4  61.21   0.00  45.26  33.24  99.93  91218 2196.213   178  248.609 2444.821
       121360.4  36.60   0.00  18.82  33.83  99.93  91226 2196.421   178  248.609 2445.030
       121370.4  20.09   0.00   6.08  33.88  99.93  91234 2196.567   178  248.609 2445.176
Timestamp         S0     S1     E      O      P     YGC     YGCT    FGC    FGCT     GCT   
       121380.4   0.00  40.23  96.34  33.90  99.93  91241 2196.717   178  248.609 2445.325
       121390.5   0.00  52.19  53.98  33.92  99.93  91249 2196.889   178  248.609 2445.498
       121400.4  35.97   0.00  94.68  34.05  99.93  91256 2197.029   178  248.609 2445.637
       121410.5  34.86   0.00  29.83  34.08  99.93  91264 2197.188   178  248.609 2445.796
       121420.4  51.33   0.00  13.69  34.10  99.93  91272 2197.327   178  248.609 2445.936
       121430.5   0.00  58.97  86.85  34.12  99.93  91279 2197.449   178  248.609 2446.058
       121440.5   0.00  79.12  47.80  34.16  99.93  91287 2197.628   178  248.609 2446.237
       121450.4   0.00  47.28  27.07  34.17  99.93  91295 2197.807   178  248.609 2446.416
       121460.5   0.00  54.40  38.74  36.72  99.93  91303 2198.100   178  248.609 2446.709
       121470.4   0.00  73.01  73.50  36.74  99.93  91311 2198.348   178  248.609 2446.957
Timestamp         S0     S1     E      O      P     YGC     YGCT    FGC    FGCT     GCT   
       121480.5   0.00  11.38  89.57  37.91  99.93  91319 2198.529   178  248.609 2447.138
       121490.4  42.35   0.00  11.05  37.93  99.93  91328 2198.749   178  248.609 2447.358
       121500.5  55.69   0.00   2.55  37.95  99.93  91336 2198.931   178  248.609 2447.539
       121510.4   0.00  48.39  80.23  38.05  99.93  91343 2199.090   178  248.609 2447.699
       121520.4   0.00  68.27  42.17  38.08  99.93  91351 2199.246   178  248.609 2447.855
       121530.4   0.00  54.71  41.59  38.12  99.93  91359 2199.474   178  248.609 2448.082
       121540.4   0.00  99.31  22.80  38.14  99.93  91367 2199.656   178  248.609 2448.265
       121550.5  32.05   0.00  86.12  38.22  99.93  91374 2199.784   178  248.609 2448.393
       121560.5   0.00  38.81  90.88  38.23  99.93  91381 2199.924   178  248.609 2448.533
       121570.5   0.00  55.93  44.16  38.25  99.93  91389 2200.078   178  248.609 2448.686
Timestamp         S0     S1     E      O      P     YGC     YGCT    FGC    FGCT     GCT   
       121580.5   0.00  74.84  24.11  38.26  99.93  91397 2200.255   178  248.609 2448.864
       121590.5  80.23   0.00 100.00  38.29  99.93  91404 2200.390   178  248.609 2448.998
       121600.4  52.47   0.00  71.35  38.36  99.93  91412 2200.595   178  248.609 2449.204
       121610.5  90.17   0.00  44.28  38.42  99.93  91420 2200.761   178  248.609 2449.370
       121620.5   0.00  55.56  85.93  38.43  99.93  91427 2200.900   178  248.609 2449.509
       121630.5   0.00  43.51  45.10  38.44  99.93  91435 2201.104   178  248.609 2449.713
       121640.5   0.00  64.91  11.47  38.53  99.93  91443 2201.321   178  248.609 2449.930
       121650.5  77.30   0.00  88.54  38.55  99.93  91450 2201.494   178  248.609 2450.103
       121660.5  65.77   0.00  96.19  39.97  99.93  91458 2201.718   178  248.609 2450.327
       121670.5   0.00  44.85   6.18  40.45  99.93  91467 2201.960   178  248.609 2450.569
Timestamp         S0     S1     E      O      P     YGC     YGCT    FGC    FGCT     GCT   
       121680.5  43.89   0.00  86.95  40.59  99.93  91474 2202.137   178  248.609 2450.746
       121690.5  68.42   0.00  95.08  40.61  99.93  91482 2202.295   178  248.609 2450.904
       121700.5  57.17   0.00  85.21  40.62  99.93  91490 2202.485   178  248.609 2451.093
       121710.5  30.35   0.00  31.87  40.66  99.93  91498 2202.642   178  248.609 2451.251
       121720.5   0.00  41.62  71.02  40.70  99.93  91505 2202.833   178  248.609 2451.442
       121730.5   0.00  99.61  16.17  40.72  99.93  91513 2203.006   178  248.609 2451.615
       121740.5  46.46   0.00  73.49  40.77  99.93  91520 2203.173   178  248.609 2451.781
       121750.5  35.51   0.00  30.87  40.86  99.93  91528 2203.334   178  248.609 2451.943
       121760.5   0.00 100.00  93.74  40.91  99.93  91535 2203.516   178  248.609 2452.124
       121770.5   0.00  45.56  47.45  40.93  99.93  91543 2203.684   178  248.609 2452.293
Timestamp         S0     S1     E      O      P     YGC     YGCT    FGC    FGCT     GCT   
       121780.5  59.14   0.00  78.19  41.01  99.93  91550 2203.855   178  248.609 2452.464
       121790.5   0.00  32.34  81.18  41.04  99.93  91557 2203.967   178  248.609 2452.576
       121800.5   0.00  73.90  21.55  41.09  99.93  91565 2204.143   178  248.609 2452.752
       121810.5  63.13   0.00  89.87  42.85  99.93  91572 2204.325   178  248.609 2452.934
       121820.5  65.54   0.00  70.07  42.87  99.93  91580 2204.555   178  248.609 2453.163
       121830.5  20.08   0.00  14.69  43.56  99.93  91588 2204.728   178  248.609 2453.336
       121840.5   0.00  50.00  82.07  43.61  99.93  91595 2204.842   178  248.609 2453.451
       121850.5   0.00  54.86  58.88  43.63  99.93  91603 2205.023   178  248.609 2453.632
       121860.5   0.00  46.95  24.27  43.67  99.93  91611 2205.210   178  248.609 2453.819
       121870.5  67.21   0.00  91.32  43.68  99.93  91618 2205.370   178  248.609 2453.979
Timestamp         S0     S1     E      O      P     YGC     YGCT    FGC    FGCT     GCT   
       121880.5  97.62   0.00  74.08  43.70  99.93  91626 2205.589   178  248.609 2454.197
       121890.5  73.21   0.00  53.20  43.84  99.93  91634 2205.789   178  248.609 2454.398
       121900.5  59.42   0.00   9.16  43.89  99.93  91642 2205.975   178  248.609 2454.584
       121910.5   0.00  85.31  86.70  44.12  99.93  91649 2206.133   178  248.609 2454.742
       121920.5   0.00  39.32  31.67  44.13  99.93  91657 2206.311   178  248.609 2454.920
       121930.5  54.64   0.00  92.39  44.18  99.93  91664 2206.449   178  248.609 2455.058
       121940.5  53.91   0.00  29.97  44.25  99.93  91672 2206.590   178  248.609 2455.199
       121950.5   0.00 100.00  79.58  44.26  99.93  91679 2206.767   178  248.609 2455.376
       121960.5   0.00  40.49  25.94  44.37  99.93  91687 2206.926   178  248.609 2455.535
       121970.5   0.00  99.53   0.00  44.41  99.93  91695 2207.087   178  248.609 2455.696
Timestamp         S0     S1     E      O      P     YGC     YGCT    FGC    FGCT     GCT   
       121980.5  54.01   0.00  72.50  44.42  99.93  91702 2207.238   178  248.609 2455.847
       121990.5  55.17   0.00  27.19  44.49  99.93  91710 2207.473   178  248.609 2456.081
       122000.5   0.00  70.93  99.53  44.51  99.93  91718 2207.718   178  248.609 2456.326
       122010.5   0.00  71.71  61.89  44.53  99.93  91725 2207.936   178  248.609 2456.545
       122020.5  46.73   0.00  94.81  44.56  99.93  91732 2208.089   178  248.609 2456.698
       122030.5  81.71   0.00  50.19  44.60  99.93  91740 2208.234   178  248.609 2456.842
       122040.5  85.90   0.00   5.90  45.67  99.93  91748 2208.448   178  248.609 2457.057
       122050.5   0.00  65.62  96.67  45.68  99.93  91755 2208.661   178  248.609 2457.270
       122060.5   0.00  34.65  91.01  46.46  99.93  91763 2208.926   178  248.609 2457.535
       122070.5   0.00  41.34  65.63  46.47  99.93  91771 2209.100   178  248.609 2457.708
Timestamp         S0     S1     E      O      P     YGC     YGCT    FGC    FGCT     GCT   
       122080.5   0.00  45.87  62.84  46.49  99.93  91779 2209.271   178  248.609 2457.880
       122090.5   0.00  44.97  46.92  46.50  99.93  91787 2209.448   178  248.609 2458.057
       122100.5  51.18   0.00  77.27  46.51  99.93  91794 2209.638   178  248.609 2458.247
       122110.5  48.45   0.00  48.61  46.61  99.93  91802 2209.802   178  248.609 2458.410
       122120.5  84.68   0.00   5.26  46.63  99.93  91810 2209.971   178  248.609 2458.580
       122130.5   0.00  54.08  86.18  46.74  99.93  91817 2210.110   178  248.609 2458.719
       122140.5   0.00 100.00  81.43  46.80  99.93  91825 2210.298   178  248.609 2458.907
       122150.5   0.00  56.61  62.44  46.84  99.93  91833 2210.460   178  248.609 2459.069
       122160.5   0.00  99.52  18.57  47.03  99.93  91841 2210.676   178  248.609 2459.285
       122170.5  74.12   0.00 100.00  47.05  99.93  91849 2210.832   178  248.609 2459.441
Timestamp         S0     S1     E      O      P     YGC     YGCT    FGC    FGCT     GCT   
       122180.5  58.67   0.00  69.36  47.06  99.93  91856 2210.997   178  248.609 2459.606
       122190.5  53.92   0.00  49.74  47.08  99.93  91864 2211.173   178  248.609 2459.782
       122200.5  77.71   0.00  31.07  47.21  99.93  91872 2211.390   178  248.609 2459.998
       122210.5  82.48   0.00  16.79  47.24  99.93  91880 2211.611   178  248.609 2460.220
       122220.5  79.64   0.00   6.23  47.47  99.93  91888 2211.844   178  248.609 2460.453
       122230.5  27.42  32.30 100.00  47.48  99.93  91896 2212.008   178  248.609 2460.617
       122240.5   0.00  99.59  82.72  47.54  99.93  91903 2212.229   178  248.609 2460.838
       122250.5   0.00  37.27  45.76  47.56  99.93  91911 2212.390   178  248.609 2460.999
       122260.6   0.00  34.03  30.81  47.57  99.93  91919 2212.575   178  248.609 2461.184
       122270.5   0.00  40.64  20.52  47.63  99.93  91927 2212.762   178  248.609 2461.370
Timestamp         S0     S1     E      O      P     YGC     YGCT    FGC    FGCT     GCT   
       122280.5  61.50   0.00  78.28  47.65  99.93  91934 2212.930   178  248.609 2461.539
       122290.5  34.22   0.00   6.41  47.72  99.93  91942 2213.099   178  248.609 2461.708
       122300.5   0.00 100.00  83.87  47.80  99.93  91949 2213.257   178  248.609 2461.866
       122310.5   0.00  48.36  50.56  47.81  99.93  91957 2213.594   178  248.609 2462.203
       122320.5   0.00  31.62  23.43  48.15  99.93  91965 2213.751   178  248.609 2462.360
       122330.5  29.40   0.00  72.23  48.17  99.93  91972 2213.875   178  248.609 2462.484
       122340.5   0.00  99.47  96.52  48.18  99.93  91979 2214.028   178  248.609 2462.637
       122350.5   0.00  67.22  21.62  48.20  99.93  91987 2214.184   178  248.609 2462.793
       122360.5  65.16   0.00  93.24  48.29  99.93  91994 2214.349   178  248.609 2462.958
       122370.5  96.10   0.00  39.70  48.31  99.93  92002 2214.485   178  248.609 2463.094
Timestamp         S0     S1     E      O      P     YGC     YGCT    FGC    FGCT     GCT   
       122380.5  63.93   0.00  28.07  49.27  99.93  92010 2214.710   178  248.609 2463.319
       122390.5  70.95   0.00   4.90  49.42  99.93  92018 2214.939   178  248.609 2463.547
       122400.6   0.00  99.62  59.39  50.04  99.93  92025 2215.071   178  248.609 2463.680
       122410.5   0.00  50.19  44.11  50.06  99.93  92033 2215.257   178  248.609 2463.865
       122420.5  38.79   0.00  99.34  50.11  99.93  92041 2215.431   178  248.609 2464.040
       122430.6  40.53   0.00  67.18  50.18  99.93  92048 2215.592   178  248.609 2464.201
       122440.5  55.52   0.00  29.69  50.20  99.93  92056 2215.761   178  248.609 2464.369
       122450.5  87.32   0.00   2.46  52.43  99.93  92064 2215.966   178  248.609 2464.575
       122460.5   0.00 100.00  91.62  52.44  99.93  92071 2216.304   178  248.609 2464.913
       122470.5  27.85   0.00   0.59  53.46  99.93  92080 2216.593   178  248.609 2465.202
Timestamp         S0     S1     E      O      P     YGC     YGCT    FGC    FGCT     GCT   
       122480.6  20.55   0.00   0.56  53.49  99.93  92088 2216.740   178  248.609 2465.349
       122490.6   0.00  27.24  98.09  53.50  99.93  92095 2216.906   178  248.609 2465.515
       122500.5   0.00  37.96  48.97  53.52  99.93  92103 2217.090   178  248.609 2465.699
       122510.5  34.32   0.00  75.22  53.54  99.93  92110 2217.247   178  248.609 2465.856
       122520.5  76.70   0.00   6.94  53.55  99.93  92118 2217.419   178  248.609 2466.028
       122530.5   0.00  62.98  78.89  53.56  99.93  92125 2217.557   178  248.609 2466.166
       122540.5   0.00  66.67  32.24  53.66  99.93  92133 2217.734   178  248.609 2466.343
       122550.6   0.00  54.08   4.16  53.68  99.93  92141 2217.910   178  248.609 2466.519
       122560.5  44.97   0.00  53.23  53.69  99.93  92148 2218.080   178  248.609 2466.689
       122570.6  43.44   0.00   7.23  53.79  99.93  92156 2218.243   178  248.609 2466.852
Timestamp         S0     S1     E      O      P     YGC     YGCT    FGC    FGCT     GCT   
       122580.5   0.00  53.76  52.33  53.81  99.93  92163 2218.390   178  248.609 2466.999
       122590.6   0.00  99.68  17.17  53.84  99.93  92171 2218.592   178  248.609 2467.201
       122600.6  46.25   0.00  96.63  53.86  99.93  92178 2218.720   178  248.609 2467.329
       122610.5  55.80   0.00  69.17  53.99  99.93  92186 2218.947   178  248.609 2467.556
       122620.5  91.75   0.00  50.41  54.03  99.93  92194 2219.145   178  248.609 2467.753
       122630.5  60.88   0.00  61.40  54.06  99.93  92202 2219.337   178  248.609 2467.945
       122640.5  60.05   0.00  12.04  54.14  99.93  92210 2219.588   178  248.609 2468.197
       122650.5   0.00  43.85  78.37  54.16  99.93  92217 2219.768   178  248.609 2468.376
       122660.5   0.00  53.39  38.78  54.18  99.93  92225 2219.999   178  248.609 2468.608
       122670.6  79.14   0.00  72.50  54.20  99.93  92232 2220.134   178  248.609 2468.743
Timestamp         S0     S1     E      O      P     YGC     YGCT    FGC    FGCT     GCT   
       122680.6  67.33   0.00  61.59  54.22  99.93  92240 2220.299   178  248.609 2468.908
       122690.5  91.84   0.00  19.07  54.24  99.93  92248 2220.491   178  248.609 2469.100
       122700.6   0.00  56.14  83.74  54.36  99.93  92255 2220.658   178  248.609 2469.267
       122710.5   0.00  80.79  79.29  54.38  99.93  92263 2220.832   178  248.609 2469.441
       122720.6   0.00  47.66  29.61  54.48  99.93  92271 2220.994   178  248.609 2469.603
       122730.6   0.00  58.87   7.42  54.55  99.93  92279 2221.173   178  248.609 2469.782
       122740.6  74.75   0.00  81.77  54.56  99.93  92286 2221.300   178  248.609 2469.909
       122750.6  61.40   0.00  43.84  54.61  99.93  92294 2221.451   178  248.609 2470.060
       122760.6   0.00  68.72  73.95  55.23  99.93  92301 2221.624   178  248.609 2470.233
       122770.6   0.00 100.00  34.66  55.25  99.93  92309 2221.814   178  248.609 2470.422
Timestamp         S0     S1     E      O      P     YGC     YGCT    FGC    FGCT     GCT   
       122780.6   0.00  44.89  29.34  55.70  99.93  92317 2221.995   178  248.609 2470.603
       122790.6  42.68   0.00  78.44  55.71  99.93  92324 2222.154   178  248.609 2470.763
       122800.5  39.60   0.00  48.07  55.75  99.93  92332 2222.313   178  248.609 2470.922
       122810.6  70.10   0.00  63.04  55.89  99.93  92340 2222.549   178  248.609 2471.158
       122820.5  41.26   0.00  63.24  55.93  99.93  92348 2222.754   178  248.609 2471.363
       122830.5  22.51   0.00  30.94  56.39  99.93  92356 2222.963   178  248.609 2471.571
       122840.5   0.00  44.77  83.11  56.40  99.93  92363 2223.120   178  248.609 2471.728
       122850.6   0.00  41.44  53.36  56.42  99.93  92371 2223.295   178  248.609 2471.904
       122860.5   0.00  61.90  34.63  56.44  99.93  92379 2223.470   178  248.609 2472.079
       122870.6   0.00  99.82  26.59  56.53  99.93  92387 2223.697   178  248.609 2472.305
Timestamp         S0     S1     E      O      P     YGC     YGCT    FGC    FGCT     GCT   
       122880.6   0.00  46.31   8.72  56.58  99.93  92395 2223.999   178  248.609 2472.608
       122890.6  43.66   0.00  77.83  56.79  99.93  92402 2224.142   178  248.609 2472.751
       122900.6  61.83   0.00  39.92  56.86  99.93  92410 2224.366   178  248.609 2472.975
       122910.6  64.01   0.00  12.19  56.88  99.93  92418 2224.533   178  248.609 2473.141
       122920.6  46.91   0.00   4.68  56.95  99.93  92426 2224.713   178  248.609 2473.322
       122930.6   0.00  52.86  70.65  57.00  99.93  92433 2224.903   178  248.609 2473.511
       122940.6  64.78   0.00  91.96  57.03  99.93  92440 2225.043   178  248.609 2473.652
       122950.6  66.87   0.00  72.82  57.07  99.93  92448 2225.262   178  248.609 2473.871
       122960.6  40.48   0.00  61.76  57.10  99.93  92456 2225.419   178  248.609 2474.028
       122970.6   0.00  67.97  95.71  57.12  99.93  92463 2225.550   178  248.609 2474.159
Timestamp         S0     S1     E      O      P     YGC     YGCT    FGC    FGCT     GCT   
       122980.6   0.00 100.00  62.61  57.21  99.93  92471 2225.777   178  248.609 2474.386
       122990.6   0.00  40.13  21.38  57.35  99.93  92479 2225.954   178  248.609 2474.563
       123000.6  43.85   0.00  63.31  57.40  99.93  92486 2226.103   178  248.609 2474.711
       123010.6  38.86   0.00   9.62  57.55  99.93  92494 2226.257   178  248.609 2474.866
       123020.6   0.00  40.18  29.95  57.57  99.93  92501 2226.374   178  248.609 2474.983
       123030.6   0.00  86.48  11.15  57.58  99.93  92509 2226.529   178  248.609 2475.137
       123040.6  72.37   0.00  86.69  57.73  99.93  92516 2226.690   178  248.609 2475.299
       123050.6  71.87   0.00  93.66  57.80  99.93  92524 2226.927   178  248.609 2475.536
       123060.6  35.26   0.00  90.81  58.07  99.93  92532 2227.178   178  248.609 2475.787
       123070.6  28.93   0.00  80.24  58.23  99.93  92540 2227.374   178  248.609 2475.983
Timestamp         S0     S1     E      O      P     YGC     YGCT    FGC    FGCT     GCT   
       123080.6  45.96   0.00  37.77  58.26  99.93  92548 2227.584   178  248.609 2476.193
       123090.6  61.79   0.00  18.03  58.29  99.93  92556 2227.760   178  248.609 2476.369
       123100.6  45.00   0.00   9.38  58.31  99.93  92564 2227.978   178  248.609 2476.587
       123110.6   0.00  99.74  91.21  58.31  99.93  92571 2228.122   178  248.609 2476.731
       123120.6   0.00  39.49  56.89  58.40  99.93  92579 2228.294   178  248.609 2476.903
       123130.6   0.00 100.00  38.31  58.42  99.93  92587 2228.483   178  248.609 2477.092
       123140.6   0.00  83.42  35.10  58.44  99.93  92595 2228.709   178  248.609 2477.318
       123150.6   0.00 100.00   4.67  58.46  99.93  92603 2228.906   178  248.609 2477.515
       123160.6  65.57   0.00  87.45  58.49  99.93  92610 2229.121   178  248.609 2477.730
       123170.6  47.59   0.00  13.85  58.58  99.93  92618 2229.256   178  248.609 2477.865
Timestamp         S0     S1     E      O      P     YGC     YGCT    FGC    FGCT     GCT   
       123180.6   0.00  99.53  48.04  58.61  99.93  92625 2229.406   178  248.609 2478.015
       123190.6   0.00 100.00   0.46  59.22  99.93  92633 2229.581   178  248.609 2478.190
       123200.6  69.09   0.00  73.99  59.25  99.93  92640 2229.766   178  248.609 2478.375
       123210.6  27.49   0.00  69.00  59.75  99.93  92648 2229.942   178  248.609 2478.551
       123220.6  35.60   0.00  38.32  59.78  99.93  92656 2230.102   178  248.609 2478.711
       123230.6  53.21   0.00  25.26  59.82  99.93  92664 2230.302   178  248.609 2478.911
       123240.6   0.00  99.57  85.10  59.83  99.93  92671 2230.464   178  248.609 2479.073
       123250.6   0.00  57.71  60.93  59.85  99.93  92679 2230.668   178  248.609 2479.277
       123260.6   0.00  42.12  27.67  59.99  99.93  92687 2230.845   178  248.609 2479.454
       123270.6  72.58   0.00  85.37  60.01  99.93  92694 2231.023   178  248.609 2479.631
Timestamp         S0     S1     E      O      P     YGC     YGCT    FGC    FGCT     GCT   
       123280.6  51.14   0.00  30.64  60.04  99.93  92702 2231.201   178  248.609 2479.810
       123290.6  77.56   0.00  17.53  60.06  99.93  92710 2231.390   178  248.609 2479.999
       123300.6   0.00  67.96  81.28  60.07  99.93  92717 2231.547   178  248.609 2480.156
       123310.6   0.00  51.34  50.84  60.13  99.93  92725 2231.716   178  248.609 2480.325
       123320.6  70.68  82.98 100.00  60.20  99.93  92733 2231.864   178  248.609 2480.472
       123330.6  63.89   0.00  59.94  60.23  99.93  92740 2232.096   178  248.609 2480.705
       123340.6  57.06   0.00  16.36  60.27  99.93  92748 2232.255   178  248.609 2480.864
       123350.6   0.00  99.55  79.91  60.36  99.93  92755 2232.399   178  248.609 2481.008
       123360.6   0.00  36.88  50.88  60.44  99.93  92763 2232.589   178  248.609 2481.198
       123370.6   0.00  50.71  26.85  60.57  99.93  92771 2232.763   178  248.609 2481.372
Timestamp         S0     S1     E      O      P     YGC     YGCT    FGC    FGCT     GCT   
       123380.6  66.18   0.00  92.44  60.65  99.93  92778 2232.914   178  248.609 2481.523
       123390.6  54.44   0.00  62.13  60.68  99.93  92786 2233.090   178  248.609 2481.699
       123400.6  52.63   0.00  35.36  60.75  99.93  92794 2233.285   178  248.609 2481.894
       123410.6  73.24   0.00  22.95  60.77  99.93  92802 2233.504   178  248.609 2482.113
       123420.6   0.00  76.12  88.43  60.87  99.93  92809 2233.658   178  248.609 2482.267
       123430.6   0.00  99.66  43.89  61.60  99.93  92817 2233.871   178  248.609 2482.480
       123440.6   0.00 100.00   3.11  61.70  99.93  92825 2234.086   178  248.609 2482.695
       123450.6  48.09   0.00  59.09  61.98  99.93  92832 2234.223   178  248.609 2482.831
       123460.6  68.67   0.00  27.26  62.05  99.93  92840 2234.414   178  248.609 2483.023
       123470.6  36.23   0.00   1.15  62.09  99.93  92848 2234.594   178  248.609 2483.203
Timestamp         S0     S1     E      O      P     YGC     YGCT    FGC    FGCT     GCT   
       123480.6   0.00 100.00  94.61  62.18  99.93  92855 2234.783   178  248.609 2483.391
       123490.6  53.06   0.00  27.79  63.51  99.93  92864 2235.113   178  248.609 2483.722
       123500.6  69.71   0.00  39.82  64.00  99.93  92872 2235.396   178  248.609 2484.005
       123510.6  28.89   0.00  84.24  64.90  99.93  92880 2235.588   178  248.609 2484.197
       123520.6   0.00  49.64   7.92  64.93  99.93  92889 2235.774   178  248.609 2484.383
       123530.6   0.00  33.23  17.76  64.96  99.93  92897 2235.983   178  248.609 2484.592
       123540.6  32.23   0.00  64.24  64.97  99.93  92904 2236.127   178  248.609 2484.736
       123550.6  49.21   0.00  33.44  65.01  99.93  92912 2236.297   178  248.609 2484.906
       123560.6   0.00  54.57  57.00  65.03  99.93  92919 2236.547   178  248.609 2485.156
       123570.6   0.00  52.78  16.13  65.07  99.93  92927 2236.707   178  248.609 2485.316
Timestamp         S0     S1     E      O      P     YGC     YGCT    FGC    FGCT     GCT   
       123580.6  77.27   0.00  85.16  65.14  99.93  92934 2236.850   178  248.609 2485.459
       123590.6  43.40   0.00  82.46  65.25  99.93  92942 2237.060   178  248.609 2485.669
       123600.6  50.00   0.00  43.46  65.49  99.93  92950 2237.292   178  248.609 2485.901
       123610.6  59.89   0.00  53.04  65.50  99.93  92958 2237.484   178  248.609 2486.092
       123620.6  30.31   0.00  38.58  65.75  99.93  92966 2237.684   178  248.609 2486.293
       123630.6   0.00  30.80  53.91  65.78  99.93  92973 2237.816   178  248.609 2486.425
       123640.6   0.00  39.77  15.05  65.80  99.93  92981 2237.984   178  248.609 2486.593
       123650.6   0.00  99.70   0.27  65.81  99.93  92989 2238.162   178  248.609 2486.770
       123660.6  27.43   0.00  67.69  65.91  99.93  92996 2238.320   178  248.609 2486.929
       123670.6  50.48   0.00  61.72  65.93  99.93  93004 2238.475   178  248.609 2487.084
Timestamp         S0     S1     E      O      P     YGC     YGCT    FGC    FGCT     GCT   
       123680.6  50.00   0.00  38.35  65.96  99.93  93012 2238.627   178  248.609 2487.236
       123690.6   0.00  61.54  81.06  65.98  99.93  93019 2238.784   178  248.609 2487.392
       123700.6   0.00  50.86  16.73  66.02  99.93  93027 2238.964   178  248.609 2487.572
       123710.6  57.69   0.00  58.03  66.04  99.93  93034 2239.087   178  248.609 2487.696
       123720.6  49.43   0.00   4.79  66.07  99.93  93042 2239.272   178  248.609 2487.881
       123730.6   0.00  68.86  59.39  66.12  99.93  93049 2239.451   178  248.609 2488.060
       123740.6   0.00  50.00  17.73  66.18  99.93  93057 2239.602   178  248.609 2488.210
       123750.6  72.58   0.00  62.80  66.20  99.93  93064 2239.735   178  248.609 2488.343
       123760.7  59.55   0.00  38.34  69.16  99.93  93072 2239.964   178  248.609 2488.573
       123770.7  67.85   0.00  42.32  69.17  99.93  93080 2240.212   178  248.609 2488.821
Timestamp         S0     S1     E      O      P     YGC     YGCT    FGC    FGCT     GCT   
       123780.7  36.67   0.00  60.91  70.01  99.93  93088 2240.455   178  248.609 2489.064
       123790.7  53.82   0.00  84.92  70.11  99.93  93096 2240.668   178  248.609 2489.277
       123800.7   0.00  52.31   4.16  70.17  99.93  93105 2240.952   178  248.609 2489.561
       123810.7   0.00  45.69   9.57  70.26  99.93  93113 2241.219   178  248.609 2489.828
       123820.7   0.00  99.54   5.51  70.36  99.93  93121 2241.423   178  248.609 2490.032
       123830.7  42.76   0.00  55.25  70.39  99.93  93128 2241.577   178  248.609 2490.186
       123840.7  72.05   0.00  20.47  70.45  99.93  93136 2241.835   178  248.609 2490.443
       123850.7   0.00  68.35  60.16  70.46  99.93  93143 2242.002   178  248.609 2490.610
       123860.7   0.00  89.43  28.60  70.60  99.93  93151 2242.181   178  248.609 2490.790
       123870.7   0.00 100.00  16.13  70.63  99.93  93159 2242.347   178  248.609 2490.956
Timestamp         S0     S1     E      O      P     YGC     YGCT    FGC    FGCT     GCT   
       123880.7  57.57   0.00  95.91  70.67  99.93  93166 2242.496   178  248.609 2491.105
       123890.7  58.10   0.00  70.95  70.70  99.93  93174 2242.742   178  248.609 2491.350
       123900.7  34.13   0.00   7.00  70.75  99.93  93182 2242.902   178  248.609 2491.511
       123910.7   0.00  99.63  58.77  70.77  99.93  93189 2243.049   178  248.609 2491.658
       123920.7   0.00 100.00  49.33  73.11  99.93  93197 2243.302   178  248.609 2491.911
       123930.7   0.00  30.23  74.60  73.75  99.93  93205 2243.547   178  248.609 2492.156
       123940.7   0.00  23.03  57.34  74.12  99.93  93213 2243.737   178  248.609 2492.346
       123950.7   0.00  16.86  27.78  74.14  99.93  93221 2243.983   178  248.609 2492.592
       123960.7  34.31   0.00  81.75  74.16  99.93  93228 2244.140   178  248.609 2492.749
       123970.7  63.83   0.00  30.26  74.21  99.93  93236 2244.300   178  248.609 2492.909
Timestamp         S0     S1     E      O      P     YGC     YGCT    FGC    FGCT     GCT   
       123980.7  47.12   0.00   7.99  74.22  99.93  93244 2244.472   178  248.609 2493.081
       123990.7   0.00  40.27  89.29  74.28  99.93  93251 2244.696   178  248.609 2493.305
       124000.7   0.00  48.56  78.41  74.31  99.93  93259 2244.884   178  248.609 2493.492
       124010.7   0.00  99.36  14.75  74.35  99.93  93267 2245.050   178  248.609 2493.659
       124020.7  59.58   0.00  74.34  76.69  99.93  93274 2245.301   178  248.609 2493.910
       124030.7  56.18   0.00  51.54  76.70  99.93  93282 2245.525   178  248.609 2494.133
       124040.7  32.95   0.00  51.63  77.26  99.93  93290 2245.703   178  248.609 2494.312
       124050.7  38.34   0.00  56.28  77.28  99.93  93298 2245.870   178  248.609 2494.479
       124060.7  57.48   0.00  32.92  77.30  99.93  93306 2246.050   178  248.609 2494.659
       124070.7   0.00  32.08  90.23  77.47  99.93  93313 2246.213   178  248.609 2494.822
Timestamp         S0     S1     E      O      P     YGC     YGCT    FGC    FGCT     GCT   
       124080.7   0.00  37.75  35.30  77.51  99.93  93321 2246.395   178  248.609 2495.004
       124090.7   0.00  99.72   5.99  77.57  99.93  93329 2246.607   178  248.609 2495.215
       124100.7  43.72   0.00  47.36  77.59  99.93  93336 2246.763   178  248.609 2495.371
       124110.7   0.00 100.00  93.85  77.73  99.93  93343 2246.896   178  248.609 2495.504
       124120.7   0.00  45.18  68.84  77.77  99.93  93351 2247.055   178  248.609 2495.663
       124130.7   0.00  46.51  34.09  77.79  99.93  93359 2247.262   178  248.609 2495.871
       124140.7  75.36   0.00  94.90  77.87  99.93  93366 2247.437   178  248.609 2496.046
       124150.7  95.88   0.00  47.25  77.89  99.93  93374 2247.616   178  248.609 2496.225
       124160.7  66.11   0.00   0.00  78.02  99.93  93382 2247.806   178  248.609 2496.415
       124170.7   0.00 100.00  64.65  78.04  99.93  93389 2247.968   178  248.609 2496.576
Timestamp         S0     S1     E      O      P     YGC     YGCT    FGC    FGCT     GCT   
       124180.7   0.00  45.92  36.01  78.04  99.93  93397 2248.144   178  248.609 2496.752
       124190.7   0.00  47.29   3.60  78.08  99.93  93405 2248.355   178  248.609 2496.964
       124200.7  90.57   0.00  65.09  78.14  99.93  93412 2248.512   178  248.609 2497.121
       124210.7   0.00  45.98 100.00  78.16  99.93  93419 2248.664   178  248.609 2497.273
       124220.7   0.00 100.00  45.15  78.18  99.93  93427 2248.852   178  248.609 2497.460
       124230.7   0.00  60.82  45.08  78.19  99.93  93435 2249.063   178  248.609 2497.671
       124240.7  38.46   0.00  80.50  78.21  99.93  93442 2249.269   178  248.609 2497.877
       124250.7 100.00   0.00  26.46  78.29  99.93  93450 2249.411   178  248.609 2498.020
       124260.7   0.00  99.58  77.46  78.37  99.93  93457 2249.577   178  248.609 2498.186
       124270.7   0.00 100.00  48.74  78.46  99.93  93465 2249.765   178  248.609 2498.374
Timestamp         S0     S1     E      O      P     YGC     YGCT    FGC    FGCT     GCT   
       124280.7  25.95   0.00  92.59  78.66  99.93  93472 2249.909   178  248.609 2498.518
       124290.7  49.58   0.00  64.61  78.69  99.93  93480 2250.076   178  248.609 2498.685
       124300.7  63.61   0.00  59.80  78.70  99.93  93488 2250.241   178  248.609 2498.850
       124310.7  66.36   0.00  42.97  78.80  99.93  93496 2250.473   178  248.609 2499.082
       124320.7  57.42   0.00  19.20  78.87  99.93  93504 2250.680   178  248.609 2499.289
       124330.7   0.00  41.46  83.86  78.92  99.93  93511 2250.823   178  248.609 2499.431
       124340.7   0.00  40.45  24.54  78.94  99.93  93519 2250.985   178  248.609 2499.594
       124350.7  54.58   0.00  71.10  78.96  99.93  93526 2251.163   178  248.609 2499.772
       124360.7  61.14   0.00  54.38  22.28  99.93  93534 2251.467   179  249.951 2501.418
       124370.7  56.67   0.00  91.35  22.28  99.93  93542 2251.698   179  249.951 2501.649
Timestamp         S0     S1     E      O      P     YGC     YGCT    FGC    FGCT     GCT   
       124380.7  15.62   0.00  72.25  23.48  99.93  93550 2251.942   179  249.951 2501.893
       124390.7  30.05   0.00  73.55  23.51  99.93  93558 2252.078   179  249.951 2502.029
       124400.7  25.52   0.00  61.56  23.53  99.93  93566 2252.237   179  249.951 2502.188
       124410.7   0.00  27.64  88.73  23.54  99.93  93573 2252.357   179  249.951 2502.309
       124420.7   0.00  99.49  66.85  23.56  99.93  93581 2252.489   179  249.951 2502.441
       124430.7   0.00 100.00  31.50  23.58  99.93  93589 2252.715   179  249.951 2502.666
       124440.7  40.67   0.00  77.77  23.69  99.93  93596 2252.854   179  249.951 2502.805
       124450.7  52.44   0.00   9.51  23.71  99.93  93604 2252.996   179  249.951 2502.947
       124460.7   0.00  99.66  77.35  23.72  99.93  93611 2253.177   179  249.951 2503.128
       124470.7   0.00  64.14  50.23  23.79  99.93  93619 2253.339   179  249.951 2503.291
Timestamp         S0     S1     E      O      P     YGC     YGCT    FGC    FGCT     GCT   
       124480.7   0.00  39.61  27.00  23.90  99.93  93627 2253.524   179  249.951 2503.475
       124490.7  47.95   0.00  95.33  23.93  99.93  93634 2253.725   179  249.951 2503.676
       124500.7  63.12   0.00  79.13  28.98  99.93  93642 2254.018   179  249.951 2503.969
       124510.7  63.92   0.00  77.62  29.00  99.93  93650 2254.285   179  249.951 2504.236
       124520.8  15.48   0.00  55.80  30.50  99.93  93658 2254.491   179  249.951 2504.442
       124530.8   0.00  21.71  16.52  30.53  99.93  93667 2254.672   179  249.951 2504.623
       124540.8   0.00  23.88  42.78  30.55  99.93  93675 2254.834   179  249.951 2504.785
       124550.8   0.00  55.40  42.17  30.59  99.93  93683 2255.017   179  249.951 2504.968
       124560.8   0.00  53.89   1.08  30.61  99.93  93691 2255.204   179  249.951 2505.155
       124570.8  61.51   0.00  78.12  30.66  99.93  93698 2255.377   179  249.951 2505.328
Timestamp         S0     S1     E      O      P     YGC     YGCT    FGC    FGCT     GCT   
       124580.8  71.98   0.00  38.13  30.83  99.93  93706 2255.619   179  249.951 2505.570
       124590.8  57.54   0.00  20.49  30.91  99.93  93714 2255.804   179  249.951 2505.755
       124600.8  79.25  84.56 100.00  30.92  99.93  93722 2256.002   179  249.951 2505.953
       124610.8   0.00  99.46  75.42  31.06  99.93  93729 2256.198   179  249.951 2506.149
       124620.8   0.00  99.53  21.88  31.08  99.93  93737 2256.347   179  249.951 2506.299
       124630.8  66.85   0.00  69.32  31.09  99.93  93744 2256.492   179  249.951 2506.443
       124640.8  75.68   0.00  22.24  31.10  99.93  93752 2256.678   179  249.951 2506.629
       124650.8   0.00 100.00  79.27  31.12  99.93  93759 2256.878   179  249.951 2506.829
       124660.8   0.00  94.66  47.54  31.15  99.93  93767 2257.056   179  249.951 2507.007
       124670.8   0.00 100.00   5.82  31.19  99.93  93775 2257.210   179  249.951 2507.161
Timestamp         S0     S1     E      O      P     YGC     YGCT    FGC    FGCT     GCT   
       124680.8  60.77   0.00  79.51  31.28  99.93  93782 2257.346   179  249.951 2507.297
       124690.8  75.47   0.00  47.65  31.30  99.93  93790 2257.510   179  249.951 2507.461
       124700.8  69.33   0.00  39.07  31.32  99.93  93798 2257.668   179  249.951 2507.619
       124710.8  88.13   0.00  27.98  31.45  99.93  93806 2257.835   179  249.951 2507.786
       124720.8  73.45   0.00  17.65  31.49  99.93  93814 2257.994   179  249.951 2507.945
       124730.8   0.00  78.90  97.27  31.51  99.93  93822 2258.137   179  249.951 2508.088
       124740.8   0.00  71.99  54.51  31.64  99.93  93829 2258.328   179  249.951 2508.279
       124750.8   0.00 100.00  25.92  32.97  99.93  93837 2258.546   179  249.951 2508.497
       124760.9   0.00  66.10  43.89  32.98  99.93  93845 2258.790   179  249.951 2508.741
       124770.9   0.00  99.48  38.19  34.06  99.93  93853 2259.047   179  249.951 2508.998
Timestamp         S0     S1     E      O      P     YGC     YGCT    FGC    FGCT     GCT   
       124780.9   0.00  26.62  53.67  34.10  99.93  93861 2259.233   179  249.951 2509.185
       124790.8   0.00  44.52  52.32  34.13  99.93  93869 2259.386   179  249.951 2509.337
       124800.9  40.16   0.00  84.64  34.20  99.93  93876 2259.548   179  249.951 2509.499
       124810.9  41.02   0.00  41.78  34.23  99.93  93884 2259.702   179  249.951 2509.653
       124820.9  41.90   0.00  27.93  34.26  99.93  93892 2259.886   179  249.951 2509.837
       124830.9  54.55   0.00   4.95  34.30  99.93  93900 2260.068   179  249.951 2510.019
       124840.8   0.00  48.66  55.34  34.36  99.93  93907 2260.212   179  249.951 2510.163
       124850.9   0.00 100.00  19.51  34.39  99.93  93915 2260.371   179  249.951 2510.322
       124860.8  98.21   0.00  59.50  34.41  99.93  93922 2260.516   179  249.951 2510.467
       124870.9  63.06  49.45 100.00  34.42  99.93  93930 2260.682   179  249.951 2510.633
Timestamp         S0     S1     E      O      P     YGC     YGCT    FGC    FGCT     GCT   
       124880.8   0.00 100.00  44.29  34.46  99.93  93937 2260.903   179  249.951 2510.854
       124890.9   0.00  55.93  15.21  34.52  99.93  93945 2261.052   179  249.951 2511.003
       124900.9  47.06   0.00  66.36  34.55  99.93  93952 2261.173   179  249.951 2511.124
       124910.9   0.00  67.55  92.29  34.57  99.93  93959 2261.286   179  249.951 2511.238
       124920.8   0.00 100.00  32.63  34.67  99.93  93967 2261.459   179  249.951 2511.410
       124930.9 100.00   0.00  96.02  35.05  99.93  93974 2261.633   179  249.951 2511.584
       124940.8  72.87   0.00  78.62  35.35  99.93  93982 2261.856   179  249.951 2511.807
       124950.9  36.58   0.00  86.07  35.93  99.93  93990 2262.059   179  249.951 2512.010
       124960.9  30.77   0.00  86.27  35.99  99.93  93998 2262.247   179  249.951 2512.198
       124970.9  51.71   0.00  46.41  36.01  99.93  94006 2262.401   179  249.951 2512.352
Timestamp         S0     S1     E      O      P     YGC     YGCT    FGC    FGCT     GCT   
       124980.9  32.54   0.00   5.47  36.03  99.93  94014 2262.543   179  249.951 2512.494
       124990.9   0.00  50.00  28.10  36.04  99.93  94021 2262.704   179  249.951 2512.656
       125000.9  43.72   0.00  87.21  36.07  99.93  94028 2262.873   179  249.951 2512.824
       125010.9  64.97   0.00  40.00  36.09  99.93  94036 2263.062   179  249.951 2513.013
       125020.9   0.00  39.43  51.08  36.17  99.93  94043 2263.188   179  249.951 2513.139
       125030.9   0.00 100.00   4.02  36.19  99.93  94051 2263.370   179  249.951 2513.321
       125040.9 100.00   0.00  69.85  40.63  99.93  94058 2263.587   179  249.951 2513.538
       125050.9   0.00  99.91  25.32  40.64  99.93  94067 2263.929   179  249.951 2513.880
       125060.9   0.00  11.17  90.05  42.38  99.93  94075 2264.159   179  249.951 2514.110
       125070.9  25.38   0.00  56.71  42.45  99.93  94084 2264.371   179  249.951 2514.322
Timestamp         S0     S1     E      O      P     YGC     YGCT    FGC    FGCT     GCT   
       125080.9  22.29   0.00  34.73  42.48  99.93  94092 2264.551   179  249.951 2514.502
       125090.9  45.62   0.00  14.57  42.53  99.93  94100 2264.711   179  249.951 2514.662
       125100.9   0.00  39.74  94.38  42.55  99.93  94107 2264.872   179  249.951 2514.823
       125110.9   0.00  41.25  68.30  42.57  99.93  94115 2265.059   179  249.951 2515.010
       125120.9   0.00 100.00  29.93  42.70  99.93  94123 2265.241   179  249.951 2515.192
       125130.9  43.51   0.00  73.30  42.71  99.93  94130 2265.428   179  249.951 2515.379
       125140.9 100.00   0.00  65.81  42.76  99.93  94138 2265.606   179  249.951 2515.557
       125150.9  79.75   0.00  46.54  42.78  99.93  94146 2265.817   179  249.951 2515.768
       125160.9  42.23   0.00   0.00  42.94  99.93  94154 2266.006   179  249.951 2515.957
       125170.9   0.00  53.20  85.61  42.97  99.93  94161 2266.182   179  249.951 2516.134
Timestamp         S0     S1     E      O      P     YGC     YGCT    FGC    FGCT     GCT   
       125180.9   0.00  48.98  73.25  42.98  99.93  94169 2266.353   179  249.951 2516.304
       125190.9   0.00 100.00  74.46  43.02  99.93  94177 2266.590   179  249.951 2516.541
       125200.9   0.00  47.09  69.68  43.03  99.93  94185 2266.740   179  249.951 2516.692
       125210.9   0.00  63.95   6.51  43.18  99.93  94193 2266.910   179  249.951 2516.861
       125220.9  34.78   0.00   0.00  43.21  99.93  94200 2267.062   179  249.951 2517.013
       125230.9   0.00  99.80  71.27  43.94  99.93  94207 2267.254   179  249.951 2517.205
       125240.9   0.00 100.00  26.85  43.94  99.93  94215 2267.472   179  249.951 2517.424
       125250.9   0.00  25.31   4.08  44.61  99.93  94223 2267.670   179  249.951 2517.621
       125260.9  42.11   0.00  80.14  44.62  99.93  94230 2267.822   179  249.951 2517.773
       125270.9  65.93   0.00  69.62  44.70  99.93  94238 2268.001   179  249.951 2517.952
Timestamp         S0     S1     E      O      P     YGC     YGCT    FGC    FGCT     GCT   
       125280.9  72.15   0.00  34.11  44.72  99.93  94246 2268.215   179  249.951 2518.166
       125290.9   0.00  26.65  89.77  44.81  99.93  94253 2268.362   179  249.951 2518.313
       125300.9   0.00  36.25  48.71  44.85  99.93  94261 2268.531   179  249.951 2518.482
       125310.9   0.00  99.59   1.40  44.87  99.93  94269 2268.717   179  249.951 2518.668
       125320.9  46.34   0.00  24.00  44.90  99.93  94276 2268.850   179  249.951 2518.801
       125330.9   0.00  63.12  41.63  44.92  99.93  94283 2268.981   179  249.951 2518.932
       125340.9   0.00 100.00  19.81  45.94  99.93  94291 2269.171   179  249.951 2519.122
       125350.9  53.96   0.00  53.91  45.97  99.93  94298 2269.933   179  249.951 2519.885
       125360.9  34.92   0.00  36.21  46.30  99.93  94306 2270.109   179  249.951 2520.060
       125370.9  39.65   0.00  44.31  46.31  99.93  94314 2270.296   179  249.951 2520.248
Timestamp         S0     S1     E      O      P     YGC     YGCT    FGC    FGCT     GCT   
       125380.9  62.63   0.00   8.51  46.39  99.93  94322 2270.521   179  249.951 2520.472
       125390.9   0.00  79.67  94.00  46.44  99.93  94329 2270.718   179  249.951 2520.669
       125400.9   0.00 100.00  79.55  48.48  99.93  94337 2270.979   179  249.951 2520.930
       125410.9   0.00  38.04  79.52  49.10  99.93  94345 2271.196   179  249.951 2521.147
       125420.9   0.00  15.13  60.17  49.35  99.93  94353 2271.423   179  249.951 2521.374
       125430.9   0.00  25.88  74.16  49.38  99.93  94361 2271.584   179  249.951 2521.535
       125440.9   0.00  37.34  48.59  49.41  99.93  94369 2271.745   179  249.951 2521.696
       125450.9   0.00  99.53   8.32  49.43  99.93  94377 2271.946   179  249.951 2521.897
       125460.9  35.24   0.00  41.28  49.48  99.93  94384 2272.108   179  249.951 2522.059
       125470.9   0.00  33.33  87.59  49.63  99.93  94391 2272.304   179  249.951 2522.255
Timestamp         S0     S1     E      O      P     YGC     YGCT    FGC    FGCT     GCT   
       125480.9   0.00  62.50  11.61  49.65  99.93  94399 2272.463   179  249.951 2522.414
       125490.9  43.83   0.00  21.26  49.67  99.93  94406 2272.593   179  249.951 2522.544
       125500.9   0.00  50.72  27.09  49.68  99.93  94413 2272.730   179  249.951 2522.681
       125510.9  55.10   0.00  57.72  49.69  99.93  94420 2272.894   179  249.951 2522.845
       125520.9 100.00   0.00  29.99  52.68  99.93  94428 2273.124   179  249.951 2523.075
       125530.9  57.25   0.00  45.53  52.69  99.93  94436 2273.372   179  249.951 2523.323
       125540.9  25.64   0.00  62.58  53.87  99.93  94444 2273.627   179  249.951 2523.578
       125550.9  32.39   0.00  49.50  53.89  99.93  94452 2273.791   179  249.951 2523.743
       125560.9  25.73   0.00  74.02  53.91  99.93  94460 2274.022   179  249.951 2523.973
       125570.9  63.44   0.00  82.41  53.93  99.93  94468 2274.232   179  249.951 2524.184
Timestamp         S0     S1     E      O      P     YGC     YGCT    FGC    FGCT     GCT   
       125580.9  39.25   0.00  38.20  54.05  99.93  94476 2274.392   179  249.951 2524.343
       125590.9  32.80   0.00  27.52  54.07  99.93  94484 2274.627   179  249.951 2524.578
       125600.9  46.67   0.00   9.45  54.09  99.93  94492 2274.805   179  249.951 2524.756
       125610.9   0.00  30.63  65.26  54.17  99.93  94499 2274.943   179  249.951 2524.894
       125620.9   0.00  35.75  40.48  54.19  99.93  94507 2275.166   179  249.951 2525.117
       125630.9  71.54   0.00  85.82  54.20  99.93  94514 2275.342   179  249.951 2525.293
       125640.9  65.16   0.00  26.53  54.21  99.93  94522 2275.495   179  249.951 2525.447
       125650.9   0.00 100.00  98.78  54.23  99.93  94529 2275.648   179  249.951 2525.600
       125660.9   0.00  99.48  53.10  54.27  99.93  94537 2275.801   179  249.951 2525.752
       125670.9   0.00  65.84  38.20  54.33  99.93  94545 2275.996   179  249.951 2525.947
Timestamp         S0     S1     E      O      P     YGC     YGCT    FGC    FGCT     GCT   
       125680.9   0.00  73.14  12.37  54.36  99.93  94553 2276.148   179  249.951 2526.099
       125691.0  69.32   0.00  86.23  54.39  99.93  94560 2276.362   179  249.951 2526.313
       125700.9  59.43   0.00  42.51  54.42  99.93  94568 2276.532   179  249.951 2526.483
       125710.9   0.00  53.49  64.22  54.44  99.93  94575 2276.646   179  249.951 2526.597
       125720.9  57.58   0.00  94.70  54.47  99.93  94582 2276.758   179  249.951 2526.709
       125730.9  71.78   0.00  84.30  55.84  99.93  94590 2277.005   179  249.951 2526.956
       125741.0   0.00 100.00   7.90  56.15  99.93  94599 2277.291   179  249.951 2527.242
       125750.9   0.00  20.69  17.39  56.77  99.93  94607 2277.455   179  249.951 2527.407
       125760.9  35.20   0.00  78.55  56.82  99.93  94614 2277.615   179  249.951 2527.567
       125770.9  33.86   0.00  52.09  56.85  99.93  94622 2277.759   179  249.951 2527.711
Timestamp         S0     S1     E      O      P     YGC     YGCT    FGC    FGCT     GCT   
       125780.9  43.67   0.00  14.82  56.89  99.93  94630 2277.969   179  249.951 2527.921
       125790.9   0.00  70.33  86.91  56.91  99.93  94637 2278.160   179  249.951 2528.111
       125800.9   0.00  37.13  33.66  56.92  99.93  94645 2278.352   179  249.951 2528.303
       125810.9  40.49   0.00  70.28  56.97  99.93  94652 2278.481   179  249.951 2528.432
       125820.9  67.00   0.00  29.06  59.00  99.93  94660 2278.719   179  249.951 2528.670
       125831.0  56.71   0.00  16.11  59.03  99.93  94668 2278.967   179  249.951 2528.918
       125841.0   0.00  16.01  92.12  59.80  99.93  94675 2279.136   179  249.951 2529.087
       125850.9   0.00  39.61  70.61  59.82  99.93  94683 2279.354   179  249.951 2529.306
       125860.9   0.00  69.64  71.69  59.85  99.93  94691 2279.515   179  249.951 2529.466
       125870.9   0.00  47.29  73.73  59.95  99.93  94699 2279.702   179  249.951 2529.654
Timestamp         S0     S1     E      O      P     YGC     YGCT    FGC    FGCT     GCT   
       125880.9   0.00  62.26  21.17  59.96  99.93  94707 2279.877   179  249.951 2529.828
       125890.9  42.06   0.00  78.73  60.00  99.93  94714 2279.999   179  249.951 2529.950
       125900.9  66.76   0.00  40.78  60.03  99.93  94722 2280.229   179  249.951 2530.181
       125910.9  49.73   0.00  18.46  60.04  99.93  94730 2280.387   179  249.951 2530.338
       125920.9   0.00 100.00  83.24  60.05  99.93  94737 2280.554   179  249.951 2530.505
       125930.9   0.00 100.00  55.61  60.91  99.93  94745 2280.735   179  249.951 2530.686
       125941.0   0.00  99.84  43.36  61.69  99.93  94753 2280.999   179  249.951 2530.951
       125950.9   0.00  43.46  26.01  62.30  99.93  94761 2281.215   179  249.951 2531.166
       125960.9   0.00  28.98   4.35  62.55  99.93  94769 2281.384   179  249.951 2531.335
       125970.9  45.16   0.00  90.89  62.57  99.93  94776 2281.524   179  249.951 2531.475
Timestamp         S0     S1     E      O      P     YGC     YGCT    FGC    FGCT     GCT   
       125981.0  59.18   0.00  62.19  62.60  99.93  94784 2281.709   179  249.951 2531.660
       125991.0  29.61   0.00  15.37  62.64  99.93  94792 2281.871   179  249.951 2531.822
       126000.9   0.00 100.00  81.78  62.71  99.93  94799 2282.009   179  249.951 2531.960
       126010.9   0.00  95.50  40.93  62.72  99.93  94807 2282.178   179  249.951 2532.129
       126021.0   0.00 100.00  12.95  62.81  99.93  94815 2282.366   179  249.951 2532.317
       126030.9   0.00  60.96   1.83  62.85  99.93  94823 2282.545   179  249.951 2532.496
       126041.0  68.05   0.00  44.64  62.88  99.93  94830 2282.678   179  249.951 2532.629
       126050.9   0.00  99.61  90.74  62.90  99.93  94837 2282.845   179  249.951 2532.796
       126060.9   0.00  99.47  16.98  62.91  99.93  94845 2283.035   179  249.951 2532.986
       126071.0  80.31   0.00  70.39  62.93  99.93  94852 2283.177   179  249.951 2533.128
Timestamp         S0     S1     E      O      P     YGC     YGCT    FGC    FGCT     GCT   
       126081.0  64.36   0.00  31.56  63.24  99.93  94860 2283.345   179  249.951 2533.296
       126090.9   0.00  60.00  81.43  63.25  99.93  94867 2283.539   179  249.951 2533.491
       126100.9   0.00  54.57  39.34  63.49  99.93  94875 2283.714   179  249.951 2533.665
       126111.0  72.16   0.00  84.61  63.50  99.93  94882 2283.859   179  249.951 2533.810
       126120.9 100.00   0.00  12.45  63.60  99.93  94890 2284.032   179  249.951 2533.983
       126131.0   0.00  71.55  69.78  63.65  99.93  94897 2284.186   179  249.951 2534.137
       126141.0   0.00  83.62  38.80  63.77  99.93  94905 2284.392   179  249.951 2534.343
       126150.9   0.00  50.60  13.90  63.86  99.93  94913 2284.557   179  249.951 2534.508
       126160.9  77.02   0.00  61.90  63.87  99.93  94920 2284.696   179  249.951 2534.647
       126171.0 100.00   0.00  34.82  63.92  99.93  94928 2284.877   179  249.951 2534.828
Timestamp         S0     S1     E      O      P     YGC     YGCT    FGC    FGCT     GCT   
       126181.0  85.31   0.00  21.24  63.93  99.93  94936 2285.093   179  249.951 2535.044
       126191.0  39.23   0.00  19.03  64.04  99.93  94944 2285.293   179  249.951 2535.244
       126201.0   0.00  99.57  93.98  64.11  99.93  94951 2285.440   179  249.951 2535.391
       126210.9   0.00  41.43  45.03  64.13  99.93  94959 2285.604   179  249.951 2535.555
       126221.0   0.00  38.83  13.38  64.19  99.93  94967 2285.760   179  249.951 2535.711
       126231.0  54.58   0.00  76.54  64.20  99.93  94974 2285.952   179  249.951 2535.903
       126241.0  87.15   0.00   5.16  64.22  99.93  94982 2286.179   179  249.951 2536.131
       126250.9   0.00  30.58  58.43  64.23  99.93  94989 2286.340   179  249.951 2536.291
       126261.0  41.63   0.00  85.20  64.28  99.93  94996 2286.491   179  249.951 2536.442
       126271.0   0.00  99.38  85.47  64.38  99.93  95003 2286.636   179  249.951 2536.587
Timestamp         S0     S1     E      O      P     YGC     YGCT    FGC    FGCT     GCT   
       126280.9   0.00  45.57  20.26  64.40  99.93  95011 2286.797   179  249.951 2536.748
       126290.9  51.02   0.00  86.46  64.41  99.93  95018 2286.941   179  249.951 2536.892
       126301.0  76.47   0.00  27.14  64.54  99.93  95026 2287.153   179  249.951 2537.104
       126311.0   0.00 100.00  75.09  64.58  99.93  95033 2287.280   179  249.951 2537.231
       126321.0   0.00  40.75  25.69  64.89  99.93  95041 2287.508   179  249.951 2537.459
       126331.0  72.50   0.00  67.86  64.90  99.93  95048 2287.663   179  249.951 2537.614
       126341.0  69.62   0.00  43.29  64.91  99.93  95056 2287.814   179  249.951 2537.765
       126351.0  67.33   0.00  32.91  65.12  99.93  95064 2288.024   179  249.951 2537.975
       126361.0  78.11   0.00  23.17  66.50  99.93  95072 2288.269   179  249.951 2538.220
       126371.0  60.40   0.00  35.35  66.53  99.93  95080 2288.491   179  249.951 2538.443
Timestamp         S0     S1     E      O      P     YGC     YGCT    FGC    FGCT     GCT   
       126381.0  22.92   0.00  27.55  67.60  99.93  95088 2288.699   179  249.951 2538.650
       126391.0  27.32   0.00  29.92  67.63  99.93  95096 2288.869   179  249.951 2538.820
       126401.0   0.00  38.38  98.10  67.65  99.93  95104 2289.043   179  249.951 2538.995
       126411.0   0.00  55.25  49.74  67.68  99.93  95111 2289.231   179  249.951 2539.182
       126421.0  37.01   0.00  70.65  67.69  99.93  95118 2289.357   179  249.951 2539.308
       126431.0  59.20   0.00  57.89  67.77  99.93  95126 2289.569   179  249.951 2539.521
       126441.0   0.00  52.56  94.69  67.78  99.93  95133 2289.746   179  249.951 2539.697
       126451.0   0.00  42.50  61.57  68.05  99.93  95141 2289.929   179  249.951 2539.880
       126461.0   0.00  51.94  26.67  68.07  99.93  95149 2290.100   179  249.951 2540.052
       126470.9  37.30   0.00  86.61  68.10  99.93  95156 2290.237   179  249.951 2540.188
Timestamp         S0     S1     E      O      P     YGC     YGCT    FGC    FGCT     GCT   
       126481.0  79.41   0.00  16.94  68.12  99.93  95164 2290.416   179  249.951 2540.367
       126491.0  67.72   0.00   4.88  68.24  99.93  95172 2290.661   179  249.951 2540.612
       126500.9   0.00  66.31  71.50  68.25  99.93  95179 2290.841   179  249.951 2540.792
       126511.0   0.00  99.46  38.71  68.29  99.93  95187 2291.024   179  249.951 2540.975
       126520.9  54.03   0.00  49.27  68.30  99.93  95194 2291.167   179  249.951 2541.118
       126530.9  36.75   0.00   7.76  68.31  99.93  95202 2291.375   179  249.951 2541.326
       126541.0   0.00  99.66  52.25  68.33  99.93  95209 2291.572   179  249.951 2541.523
       126551.0   0.00  69.94  35.02  68.36  99.93  95217 2291.719   179  249.951 2541.670
       126561.0   0.00 100.00  12.05  69.41  99.93  95225 2291.914   179  249.951 2541.866
       126571.0  62.46   0.00  98.17  69.42  99.93  95233 2292.106   179  249.951 2542.057
Timestamp         S0     S1     E      O      P     YGC     YGCT    FGC    FGCT     GCT   
       126581.0  28.48   0.00  59.67  70.08  99.93  95240 2292.325   179  249.951 2542.277
       126591.0  23.75   0.00  37.00  70.11  99.93  95248 2292.503   179  249.951 2542.454
       126601.0  54.75   0.00  12.02  70.12  99.93  95256 2292.697   179  249.951 2542.649
       126611.0   0.00  49.77  75.57  70.17  99.93  95263 2292.832   179  249.951 2542.784
       126621.0   0.00  50.75  53.94  70.26  99.93  95271 2293.009   179  249.951 2542.960
       126631.0   0.00  52.60  16.64  70.28  99.93  95279 2293.216   179  249.951 2543.168
       126641.0  53.94   0.00  93.98  70.29  99.93  95286 2293.439   179  249.951 2543.390
       126651.0  47.57   0.00  60.35  70.32  99.93  95294 2293.613   179  249.951 2543.565
       126661.0  53.57   0.00  15.82  70.45  99.93  95302 2293.874   179  249.951 2543.825
       126671.0   0.00  96.70  77.85  70.47  99.93  95309 2293.999   179  249.951 2543.950
Timestamp         S0     S1     E      O      P     YGC     YGCT    FGC    FGCT     GCT   
       126681.0   0.00  69.43  45.64  70.51  99.93  95317 2294.241   179  249.951 2544.193
       126691.0   0.00  69.27   5.29  70.57  99.93  95325 2294.429   179  249.951 2544.381
       126701.0  44.84   0.00  88.70  70.59  99.93  95332 2294.585   179  249.951 2544.536
       126711.0  45.66   0.00  44.61  70.63  99.93  95340 2294.763   179  249.951 2544.715
       126721.0   0.00 100.00  80.68  70.65  99.93  95347 2294.931   179  249.951 2544.882
       126731.0   0.00  47.54   5.09  70.67  99.93  95355 2295.161   179  249.951 2545.113
       126741.0  78.98   0.00  63.54  70.73  99.93  95362 2295.291   179  249.951 2545.242
       126751.0   0.00  45.63  63.17  70.75  99.93  95369 2295.412   179  249.951 2545.363
       126761.0  65.00   0.00  95.93  70.76  99.93  95376 2295.572   179  249.951 2545.523
       126771.0  69.62   0.00  48.03  71.44  99.93  95384 2295.767   179  249.951 2545.718
Timestamp         S0     S1     E      O      P     YGC     YGCT    FGC    FGCT     GCT   
       126781.0   0.00  43.90  87.82  71.70  99.93  95391 2295.924   179  249.951 2545.875
       126791.0   0.00 100.00  36.39  71.84  99.93  95399 2296.080   179  249.951 2546.031
       126801.0  74.17   0.00  80.60  71.89  99.93  95406 2296.268   179  249.951 2546.219
       126811.0  63.11   0.00  47.63  71.91  99.93  95414 2296.467   179  249.951 2546.418
       126821.0  54.69   0.00   0.00  71.94  99.93  95422 2296.615   179  249.951 2546.566
       126831.0   0.00 100.00  42.88  71.95  99.93  95429 2296.758   179  249.951 2546.709
       126841.0   0.00  99.84   4.69  74.09  99.93  95437 2296.983   179  249.951 2546.934
       126851.0  58.04   0.00  88.16  74.09  99.93  95444 2297.239   179  249.951 2547.190
       126861.0  23.37   0.00  85.66  75.30  99.93  95452 2297.456   179  249.951 2547.407
       126871.0   0.00  21.63   7.28  75.32  99.93  95461 2297.619   179  249.951 2547.570
Timestamp         S0     S1     E      O      P     YGC     YGCT    FGC    FGCT     GCT   
       126881.0  21.38   0.00  76.96  75.35  99.93  95468 2297.768   179  249.951 2547.719
       126891.0  38.93   0.00  61.82  75.36  99.93  95476 2297.950   179  249.951 2547.901
       126901.0  72.75   0.00  21.55  75.38  99.93  95484 2298.138   179  249.951 2548.090
       126911.0   0.00  99.51  76.04  75.53  99.93  95491 2298.292   179  249.951 2548.243
       126921.0   0.00  36.27  10.43  75.56  99.93  95499 2298.452   179  249.951 2548.403
       126931.0  56.80   0.00  38.46  75.57  99.93  95506 2298.610   179  249.951 2548.561
       126941.0   0.00  68.52  69.63  75.62  99.93  95513 2298.752   179  249.951 2548.703
       126951.0   0.00 100.00   8.63  75.64  99.93  95521 2298.920   179  249.951 2548.871
       126961.0  72.53   0.00  39.48  75.66  99.93  95528 2299.132   179  249.951 2549.084
       126971.0   0.00  67.70  67.92  75.72  99.93  95535 2299.277   179  249.951 2549.228
Timestamp         S0     S1     E      O      P     YGC     YGCT    FGC    FGCT     GCT   
       126981.0   0.00 100.00   4.45  75.74  99.93  95543 2299.444   179  249.951 2549.395
       126991.0  75.41   0.00  64.23  75.92  99.93  95550 2299.617   179  249.951 2549.568
       127001.0  56.28   0.00  19.81  75.93  99.93  95558 2299.807   179  249.951 2549.759
       127011.0   0.00  43.51  98.50  76.15  99.93  95565 2299.989   179  249.951 2549.941
       127021.0   0.00 100.00  43.82  76.16  99.93  95573 2300.175   179  249.951 2550.126
       127031.0  33.51  31.41 100.00  76.18  99.93  95581 2300.337   179  249.951 2550.288
       127041.0  76.55   0.00  58.75  76.21  99.93  95588 2300.505   179  249.951 2550.456
       127051.0  41.47   0.00  20.22  76.23  99.93  95596 2300.669   179  249.951 2550.621
       127061.0   0.00  47.08  46.39  76.29  99.93  95603 2300.880   179  249.951 2550.831
       127071.0   0.00  50.27  19.38  76.38  99.93  95611 2301.068   179  249.951 2551.020
Timestamp         S0     S1     E      O      P     YGC     YGCT    FGC    FGCT     GCT   
       127081.0 100.00   0.00  64.29  78.30  99.93  95618 2301.277   179  249.951 2551.229
       127091.0  65.02   0.00  42.37  78.31  99.93  95626 2301.552   179  249.951 2551.503
       127101.0  29.11   0.00  58.18  79.07  99.93  95634 2301.785   179  249.951 2551.736
       127111.0  17.48   0.00  22.80  79.10  99.93  95642 2301.977   179  249.951 2551.928
       127121.0  31.35   0.00   8.92  79.13  99.93  95650 2302.158   179  249.951 2552.109
       127131.0   0.00 100.00  79.88  79.15  99.93  95657 2302.334   179  249.951 2552.285
       127141.0   0.00  55.34  55.08  79.16  99.93  95665 2302.545   179  249.951 2552.497
       127151.0   0.00  44.89  14.09  79.18  99.93  95673 2302.723   179  249.951 2552.675
       127161.0  29.95   0.00  59.08  79.35  99.93  95680 2302.854   179  249.951 2552.805
       127171.0  44.51   0.00   3.40  79.38  99.93  95688 2303.043   179  249.951 2552.994
Timestamp         S0     S1     E      O      P     YGC     YGCT    FGC    FGCT     GCT   
       127181.0   0.00  35.09  43.22  79.39  99.93  95695 2303.189   179  249.951 2553.140
       127191.0   0.00  66.95  13.80  79.41  99.93  95703 2303.365   179  249.951 2553.316
       127201.0  86.87   0.00  91.45  80.39  99.93  95710 2303.570   179  249.951 2553.521
       127211.0   0.00  61.06  13.33  80.42  99.93  95719 2303.828   179  249.951 2553.779
       127221.0   0.00  21.79  20.58  81.35  99.93  95727 2304.076   179  249.951 2554.028
       127231.0   0.00  23.79  23.77  81.38  99.93  95735 2304.260   179  249.951 2554.212
       127241.0   0.00  29.83  26.10  81.45  99.93  95743 2304.478   179  249.951 2554.429
       127251.0   0.00  27.54  19.19  81.47  99.93  95751 2304.666   179  249.951 2554.617
       127261.0  34.45   0.00  85.86  81.48  99.93  95758 2304.832   179  249.951 2554.783
       127271.0  51.16   0.00  69.92  81.50  99.93  95766 2304.994   179  249.951 2554.945
Timestamp         S0     S1     E      O      P     YGC     YGCT    FGC    FGCT     GCT   
       127281.0  90.24   0.00  41.95  81.52  99.93  95774 2305.181   179  249.951 2555.132
       127291.0  70.54   0.00  26.67  81.54  99.93  95782 2305.374   179  249.951 2555.326
       127301.0  79.35   0.00   6.58  81.61  99.93  95790 2305.565   179  249.951 2555.516
       127311.0   0.00  41.62  94.93  81.63  99.93  95797 2305.776   179  249.951 2555.727
       127321.0   0.00  39.34  25.81  81.66  99.93  95805 2305.957   179  249.951 2555.908
       127331.0   0.00  99.78   0.00  82.27  99.93  95813 2306.181   179  249.951 2556.132
       127341.0  70.09   0.00  94.91  82.29  99.93  95820 2306.388   179  249.951 2556.340
       127351.0  20.87   0.00  60.31  82.84  99.93  95828 2306.591   179  249.951 2556.543
       127361.0  34.38   0.00  14.01  82.86  99.93  95836 2306.789   179  249.951 2556.740
       127371.0   0.00  57.52  86.56  82.87  99.93  95843 2307.003   179  249.951 2556.954
Timestamp         S0     S1     E      O      P     YGC     YGCT    FGC    FGCT     GCT   
       127381.0   0.00 100.00  46.23  82.94  99.93  95851 2307.218   179  249.951 2557.169
       127391.0   0.00  99.74  23.59  82.97  99.93  95859 2307.419   179  249.951 2557.370
       127401.0   0.00  99.64  24.76  83.08  99.93  95867 2307.603   179  249.951 2557.555
       127411.0   0.00  40.69   7.40  83.09  99.93  95875 2307.762   179  249.951 2557.713
       127421.0  35.71   0.00  67.57  83.11  99.93  95882 2307.910   179  249.951 2557.861
       127431.0  56.89   0.00  13.39  83.13  99.93  95890 2308.222   179  249.951 2558.174
       127441.0   0.00  99.73  83.75  83.20  99.93  95897 2308.398   179  249.951 2558.349
       127451.0   0.00  65.22  72.68  83.23  99.93  95905 2308.585   179  249.951 2558.536
       127461.0   0.00  34.98  60.00  83.36  99.93  95913 2308.773   179  249.951 2558.724
       127471.0   0.00  29.17  16.01  83.41  99.93  95921 2308.919   179  249.951 2558.870
Timestamp         S0     S1     E      O      P     YGC     YGCT    FGC    FGCT     GCT   
       127481.0  43.78   0.00  48.32  83.43  99.93  95928 2309.058   179  249.951 2559.009
       127491.0  72.00   0.00   0.24  83.44  99.93  95936 2309.298   179  249.951 2559.249
       127501.0   0.00  57.98  21.77  83.46  99.93  95943 2309.445   179  249.951 2559.396
       127511.0  59.63   0.00  40.60  83.54  99.93  95950 2309.665   179  249.951 2559.616
       127521.0   0.00  70.34  80.32  83.56  99.93  95957 2309.797   179  249.951 2559.748
       127531.0   0.00  54.42  69.66  83.60  99.93  95965 2309.965   179  249.951 2559.916
       127541.1   0.00  57.64  34.71  83.64  99.93  95973 2310.157   179  249.951 2560.108
       127551.1   0.00  99.69   5.60  84.14  99.93  95981 2310.388   179  249.951 2560.339
       127561.0  49.81   0.00  79.72  84.16  99.93  95988 2310.568   179  249.951 2560.519
       127571.1  31.46   0.00  74.66  84.52  99.93  95996 2310.763   179  249.951 2560.714
Timestamp         S0     S1     E      O      P     YGC     YGCT    FGC    FGCT     GCT   
       127581.0  43.35   0.00  36.60  84.54  99.93  96004 2310.957   179  249.951 2560.908
       127591.0  40.41   0.00   0.41  84.56  99.93  96012 2311.112   179  249.951 2561.063
       127601.0   0.00  32.87  47.47  84.59  99.93  96019 2311.262   179  249.951 2561.213
       127611.0   0.00 100.00   0.00  84.64  99.93  96027 2311.435   179  249.951 2561.386
       127621.0  44.39   0.00  40.88  84.65  99.93  96034 2311.613   179  249.951 2561.564
       127631.0  75.36   0.00  25.27  84.67  99.93  96042 2311.815   179  249.951 2561.766
       127641.0  57.81   0.00   0.00  84.77  99.93  96050 2311.988   179  249.951 2561.939
       127651.0   0.00  48.09  82.17  84.81  99.93  96057 2312.160   179  249.951 2562.111
       127661.1   0.00  50.57  51.08  84.88  99.93  96065 2312.330   179  249.951 2562.281
       127671.0   0.00  66.87  13.35  84.90  99.93  96073 2312.480   179  249.951 2562.431
Timestamp         S0     S1     E      O      P     YGC     YGCT    FGC    FGCT     GCT   
       127681.1  43.41   0.00  48.77  84.92  99.93  96080 2312.624   179  249.951 2562.575
       127691.1   0.00  54.25  87.79  85.01  99.93  96087 2312.761   179  249.951 2562.712
       127701.0   0.00  99.58   3.67  85.02  99.93  96095 2312.924   179  249.951 2562.875
       127711.0  89.87   0.00  53.74  85.04  99.93  96102 2313.080   179  249.951 2563.031
       127721.0  81.50   0.00  75.69  87.18  99.93  96110 2313.339   179  249.951 2563.290
       127731.1  66.62   0.00  65.50  87.24  99.93  96118 2313.546   179  249.951 2563.497
       127741.0  16.22   0.00  50.86  88.02  99.93  96126 2313.737   179  249.951 2563.688
       127751.0  48.43   0.00  32.98  88.04  99.93  96134 2313.914   179  249.951 2563.865
       127761.0  57.52   0.00  31.68  88.05  99.93  96142 2314.072   179  249.951 2564.023
       127771.1  30.46   0.00   3.12  88.10  99.93  96150 2314.283   179  249.951 2564.234
Timestamp         S0     S1     E      O      P     YGC     YGCT    FGC    FGCT     GCT   
       127781.1   0.00  51.36  58.80  88.12  99.93  96157 2314.445   179  249.951 2564.396
       127791.1   0.00 100.00  31.87  88.19  99.93  96165 2314.608   179  249.951 2564.560
       127801.1  56.18   0.00  45.97  88.20  99.93  96172 2314.769   179  249.951 2564.720
       127811.1  63.95   0.00   3.55  88.26  99.93  96180 2314.954   179  249.951 2564.905
       127821.1   0.00  65.43  89.47  88.65  99.93  96187 2315.114   179  249.951 2565.065
       127831.0   0.00  62.86  43.02  88.67  99.93  96195 2315.323   179  249.951 2565.274
       127841.0   0.00  47.78  30.95  89.22  99.93  96203 2315.514   179  249.951 2565.465
       127851.1   0.00 100.00  11.92  89.24  99.93  96211 2315.697   179  249.951 2565.648
       127861.1  72.14   0.00  80.95  89.30  99.93  96218 2315.881   179  249.951 2565.832
       127871.0  46.39   0.00  59.92  89.43  99.93  96226 2316.076   179  249.951 2566.027
Timestamp         S0     S1     E      O      P     YGC     YGCT    FGC    FGCT     GCT   
       127881.1  63.33   0.00  47.04  89.49  99.93  96234 2316.240   179  249.951 2566.191
       127891.1  69.02   0.00  23.29  89.51  99.93  96242 2316.435   179  249.951 2566.386
       127901.1  46.63   0.00  18.62  89.53  99.93  96250 2316.625   179  249.951 2566.576
       127911.0   0.00  60.23  67.72  89.60  99.93  96257 2316.812   179  249.951 2566.763
       127921.1   0.00  74.38  21.09  89.61  99.93  96265 2317.037   179  249.951 2566.989
       127931.1   0.00 100.00  17.78  90.63  99.93  96273 2317.293   179  249.951 2567.244
       127941.1   0.00  55.13  33.27  90.67  99.93  96281 2317.530   179  249.951 2567.481
       127951.1   0.00  24.61  28.13  91.51  99.93  96289 2317.713   179  249.951 2567.664
       127961.1  51.32   0.00  37.51  13.32  99.74  96296 2317.891   180  251.352 2569.244
       127971.1  54.70   0.00  15.41  13.32  99.74  96304 2318.065   180  251.352 2569.417
Timestamp         S0     S1     E      O      P     YGC     YGCT    FGC    FGCT     GCT   
       127981.1   0.00 100.00  95.22  13.78  99.74  96311 2318.242   180  251.352 2569.594
       127991.1   0.00  99.66  80.16  13.80  99.74  96319 2318.403   180  251.352 2569.756
       128001.0   0.00  42.55  42.12  13.82  99.74  96327 2318.570   180  251.352 2569.922
       128011.0   0.00  70.21  20.42  13.88  99.74  96335 2318.749   180  251.352 2570.101
       128021.1  77.32   0.00  81.81  13.89  99.74  96342 2318.881   180  251.352 2570.234
       128031.0  50.72   0.00  62.63  13.92  99.74  96350 2319.079   180  251.352 2570.432
       128041.1  61.17   0.00  28.71  14.02  99.74  96358 2319.257   180  251.352 2570.609
       128051.1   0.00  42.12  70.37  14.07  99.74  96365 2319.395   180  251.352 2570.747
       128061.1   0.00  31.69   8.42  14.08  99.74  96373 2319.551   180  251.352 2570.903
       128071.1  35.33   0.00  43.58  14.09  99.74  96380 2319.694   180  251.352 2571.047
Timestamp         S0     S1     E      O      P     YGC     YGCT    FGC    FGCT     GCT   
       128081.1  51.56   0.00  15.06  14.15  99.74  96388 2319.871   180  251.352 2571.224
       128091.0   0.00  72.67  67.57  14.17  99.74  96395 2320.052   180  251.352 2571.404
       128101.1   0.00 100.00  16.53  14.26  99.74  96403 2320.198   180  251.352 2571.550
       128111.1  42.64   0.00  86.60  14.28  99.74  96410 2320.349   180  251.352 2571.702
       128121.1  48.31   0.00  56.13  14.36  99.74  96418 2320.525   180  251.352 2571.877
       128131.1  62.63   0.00  11.94  14.38  99.74  96426 2320.716   180  251.352 2572.068
       128141.1   0.00  51.16  58.45  14.41  99.74  96433 2320.823   180  251.352 2572.175
       128151.1  42.95   0.00  60.25  14.43  99.74  96440 2320.931   180  251.352 2572.283
       128161.1   0.00 100.00  90.85  16.80  99.74  96447 2321.208   180  251.352 2572.560
       128171.1  60.68   0.00   1.39  16.80  99.74  96456 2321.496   180  251.352 2572.849
Timestamp         S0     S1     E      O      P     YGC     YGCT    FGC    FGCT     GCT   
       128181.1  28.02   0.00  50.86  18.04  99.74  96464 2321.722   180  251.352 2573.074
       128191.1  32.96   0.00  55.05  18.09  99.74  96472 2321.885   180  251.352 2573.238
       128201.1  25.59   0.00  25.90  18.17  99.74  96480 2322.067   180  251.352 2573.420
       128211.0   0.00  31.06  67.99  18.19  99.74  96487 2322.189   180  251.352 2573.542
       128221.1   0.00 100.00  39.49  18.21  99.74  96495 2322.361   180  251.352 2573.713
       128231.1   0.00  65.20  14.31  18.23  99.74  96503 2322.526   180  251.352 2573.879
       128241.1  52.23   0.00  80.95  18.37  99.74  96510 2322.680   180  251.352 2574.032
       128251.1  43.02   0.00  26.85  18.39  99.74  96518 2322.827   180  251.352 2574.179
       128261.1   0.00  99.32  87.28  18.41  99.74  96525 2323.004   180  251.352 2574.356
       128271.1   0.00  76.36  53.39  18.44  99.74  96533 2323.154   180  251.352 2574.506
Timestamp         S0     S1     E      O      P     YGC     YGCT    FGC    FGCT     GCT   
       128281.1  88.74   0.00  85.81  18.59  99.74  96540 2323.343   180  251.352 2574.695
       128291.1  69.05   0.00  29.69  18.63  99.74  96548 2323.506   180  251.352 2574.859
       128301.1   0.00 100.00  95.12  19.05  99.74  96555 2323.660   180  251.352 2575.012
       128311.1   0.00  54.74  57.63  19.06  99.74  96563 2323.846   180  251.352 2575.199
       128321.1   0.00  30.30  22.29  19.15  99.74  96571 2324.011   180  251.352 2575.363
       128331.1  39.61   0.00  67.77  19.18  99.74  96578 2324.130   180  251.352 2575.483
       128341.1  81.38   0.00  33.27  23.04  99.74  96586 2324.488   180  251.352 2575.841
       128351.1  36.67   0.00  76.08  23.85  99.74  96594 2324.766   180  251.352 2576.119
       128361.1   0.00  99.58   4.26  24.81  99.74  96603 2324.976   180  251.352 2576.329
       128371.1   0.00  18.07  33.95  24.86  99.74  96611 2325.116   180  251.352 2576.468
Timestamp         S0     S1     E      O      P     YGC     YGCT    FGC    FGCT     GCT   
       128381.1   0.00  35.53  46.21  24.87  99.74  96619 2325.271   180  251.352 2576.623
       128391.1   0.00  68.38  20.44  24.88  99.74  96627 2325.424   180  251.352 2576.776
       128401.1   0.00  86.07   0.00  24.91  99.74  96635 2325.590   180  251.352 2576.942
       128411.1  50.49   0.00  73.48  24.94  99.74  96642 2325.723   180  251.352 2577.075
       128421.1  65.56   0.00  34.74  25.03  99.74  96650 2325.893   180  251.352 2577.245
       128431.1  64.66   0.00   8.50  25.05  99.74  96658 2326.089   180  251.352 2577.441
       128441.1  71.60   0.00   1.98  25.08  99.74  96666 2326.259   180  251.352 2577.611
       128451.1   0.00  37.13  41.34  25.14  99.74  96673 2326.376   180  251.352 2577.728
       128461.1  38.17   0.00  57.84  25.15  99.74  96680 2326.563   180  251.352 2577.916
       128471.1   0.00  99.69  87.51  25.17  99.74  96687 2326.778   180  251.352 2578.130
Timestamp         S0     S1     E      O      P     YGC     YGCT    FGC    FGCT     GCT   
       128481.1   0.00 100.00  36.12  25.21  99.74  96695 2327.001   180  251.352 2578.353
       128491.1   0.00  99.65   0.00  25.26  99.74  96703 2327.165   180  251.352 2578.517
       128501.1  90.42   0.00  61.35  25.30  99.74  96710 2327.328   180  251.352 2578.681
       128511.1 100.00   0.00  40.11  26.28  99.74  96718 2327.526   180  251.352 2578.878
       128521.1  69.41   0.00   4.45  26.32  99.74  96726 2327.762   180  251.352 2579.114
       128531.1  17.33   0.00  15.62  27.05  99.74  96734 2327.946   180  251.352 2579.299
       128541.1  35.34   0.00  12.42  27.07  99.74  96742 2328.149   180  251.352 2579.502
       128551.1   0.00  22.88  90.46  27.12  99.74  96749 2328.281   180  251.352 2579.633
       128561.1   0.00  32.98  78.86  27.14  99.74  96757 2328.462   180  251.352 2579.814
       128571.1   0.00  61.14  94.40  27.16  99.74  96765 2328.655   180  251.352 2580.008
Timestamp         S0     S1     E      O      P     YGC     YGCT    FGC    FGCT     GCT   
       128581.1   0.00  99.80  67.32  27.33  99.74  96773 2328.858   180  251.352 2580.211
       128591.1   0.00  67.24  63.21  27.36  99.74  96781 2329.074   180  251.352 2580.427
       128601.1   0.00  47.32  53.49  27.55  99.74  96789 2329.284   180  251.352 2580.636
       128611.1   0.00  34.41  20.71  27.58  99.74  96797 2329.475   180  251.352 2580.827
       128621.1   0.00  45.52   0.00  27.60  99.74  96805 2329.654   180  251.352 2581.007
       128631.1  96.09   0.00  76.52  27.63  99.74  96812 2329.840   180  251.352 2581.193
       128641.1  56.64   0.00   8.33  27.64  99.74  96820 2330.019   180  251.352 2581.372
       128651.1   0.00  44.04  87.80  27.73  99.74  96827 2330.130   180  251.352 2581.482
       128661.1   0.00 100.00  95.52  30.30  99.74  96835 2330.407   180  251.352 2581.759
       128671.1  68.07   0.00  51.98  30.39  99.74  96844 2330.719   180  251.352 2582.072
Timestamp         S0     S1     E      O      P     YGC     YGCT    FGC    FGCT     GCT   
       128681.1  20.35   0.00  95.16  31.77  99.74  96852 2330.913   180  251.352 2582.265
       128691.1   0.00  20.53  44.13  31.81  99.74  96861 2331.095   180  251.352 2582.447
       128701.2   0.00  37.36  21.77  31.84  99.74  96869 2331.293   180  251.352 2582.645
       128711.2   0.00  38.12  33.86  31.86  99.74  96877 2331.594   180  251.352 2582.947
       128721.1   0.00  37.97  15.91  32.04  99.74  96885 2331.826   180  251.352 2583.178
       128731.2  21.40   0.00  88.54  32.06  99.74  96892 2331.957   180  251.352 2583.310
       128741.2  56.03   0.00  35.19  32.09  99.74  96900 2332.087   180  251.352 2583.439
       128751.2  46.03   0.00  18.48  32.11  99.74  96908 2332.283   180  251.352 2583.635
       128761.2   0.00  36.26  50.27  32.12  99.74  96915 2332.419   180  251.352 2583.772
       128771.2  51.17   0.00  95.94  32.18  99.74  96922 2332.556   180  251.352 2583.908
Timestamp         S0     S1     E      O      P     YGC     YGCT    FGC    FGCT     GCT   
       128781.2  83.44   0.00  71.76  32.20  99.74  96930 2332.727   180  251.352 2584.079
       128791.2  40.31   0.00  41.26  32.23  99.74  96938 2332.927   180  251.352 2584.279
       128801.2  67.54   0.00  39.63  34.34  99.74  96946 2333.168   180  251.352 2584.520
       128811.2  60.48   0.00  23.82  34.36  99.74  96954 2333.395   180  251.352 2584.748
       128821.2  26.36   0.00   0.00  35.32  99.74  96962 2333.648   180  251.352 2585.000
       128831.1   0.00  37.18  87.50  35.34  99.74  96969 2333.801   180  251.352 2585.153
       128841.2   0.00  25.18  80.00  35.42  99.74  96977 2333.954   180  251.352 2585.307
       128851.2   0.00  53.60  56.28  35.45  99.74  96985 2334.121   180  251.352 2585.474
       128861.2   0.00  55.83  34.92  35.47  99.74  96993 2334.285   180  251.352 2585.637
       128871.2   0.00  44.13   9.05  35.53  99.74  97001 2334.445   180  251.352 2585.798
Timestamp         S0     S1     E      O      P     YGC     YGCT    FGC    FGCT     GCT   
       128881.2  68.72   0.00  70.35  35.57  99.74  97008 2334.613   180  251.352 2585.966
       128891.2  81.18   0.00  25.96  35.62  99.74  97016 2334.797   180  251.352 2586.149
       128901.2   0.00  60.99  87.97  35.64  99.74  97023 2334.942   180  251.352 2586.294
       128911.2   0.00  68.40  12.98  35.65  99.74  97031 2335.125   180  251.352 2586.477
       128921.2 100.00   0.00  78.54  35.72  99.74  97038 2335.266   180  251.352 2586.618
       128931.2  70.53   0.00  63.96  36.42  99.74  97046 2335.451   180  251.352 2586.803
       128941.2   0.00  68.24  97.38  36.50  99.74  97053 2335.605   180  251.352 2586.957
       128951.2   0.00  99.57  24.67  36.88  99.74  97061 2335.745   180  251.352 2587.097
       128961.2  60.05   0.00  96.41  36.90  99.74  97068 2335.862   180  251.352 2587.215
       128971.2  55.29   0.00  45.74  36.92  99.74  97076 2336.044   180  251.352 2587.396
Timestamp         S0     S1     E      O      P     YGC     YGCT    FGC    FGCT     GCT   
       128981.2  83.33   0.00  20.55  36.94  99.74  97084 2336.190   180  251.352 2587.542
       128991.2   0.00  68.25  81.05  37.07  99.74  97091 2336.326   180  251.352 2587.679
       129001.2   0.00 100.00  57.50  37.15  99.74  97099 2336.583   180  251.352 2587.935
       129011.2   0.00  52.10  67.33  37.28  99.74  97107 2336.770   180  251.352 2588.122
       129021.2   0.00  35.96  25.82  37.48  99.74  97115 2336.938   180  251.352 2588.290
       129031.2  51.15   0.00  83.55  37.51  99.74  97122 2337.066   180  251.352 2588.418
       129041.2  39.32   0.00  26.25  37.54  99.74  97130 2337.217   180  251.352 2588.570
       129051.2   0.00  61.99  88.06  37.57  99.74  97137 2337.396   180  251.352 2588.748
       129061.2   0.00  42.39  16.31  37.61  99.74  97145 2337.566   180  251.352 2588.918
       129071.2  43.58   0.00  89.51  37.62  99.74  97152 2337.723   180  251.352 2589.076
Timestamp         S0     S1     E      O      P     YGC     YGCT    FGC    FGCT     GCT   
       129081.2  37.24   0.00  21.52  37.65  99.74  97160 2337.874   180  251.352 2589.227
       129091.2   0.00 100.00  63.32  37.71  99.74  97167 2338.020   180  251.352 2589.373
       129101.2   0.00  44.48  24.61  37.73  99.74  97175 2338.179   180  251.352 2589.532
       129111.2  83.51   0.00  99.45  37.74  99.74  97183 2338.340   180  251.352 2589.692
       129121.2  65.64   0.00  56.37  37.81  99.74  97190 2338.502   180  251.352 2589.854
       129131.2  50.29   0.00   0.71  37.82  99.74  97198 2338.638   180  251.352 2589.991
       129141.3   0.00  99.66  45.95  37.84  99.74  97205 2338.785   180  251.352 2590.138
       129151.2  60.34   0.00  54.20  37.85  99.74  97212 2338.961   180  251.352 2590.313
       129161.3   0.00  41.46  95.39  37.90  99.74  97219 2339.077   180  251.352 2590.430
       129171.2   0.00 100.00  54.86  37.92  99.74  97227 2339.252   180  251.352 2590.604
Timestamp         S0     S1     E      O      P     YGC     YGCT    FGC    FGCT     GCT   
       129181.2   0.00  99.75  24.99  38.00  99.74  97235 2339.478   180  251.352 2590.830
       129191.3  69.42  67.58 100.00  38.11  99.74  97243 2339.638   180  251.352 2590.990
       129201.2  37.45   0.00  84.84  38.35  99.74  97250 2339.802   180  251.352 2591.155
       129211.3  20.00   0.00  44.39  38.42  99.74  97258 2339.955   180  251.352 2591.307
       129221.2  52.33   0.00  33.97  38.46  99.74  97266 2340.177   180  251.352 2591.530
       129231.2  74.32   0.00  12.36  38.48  99.74  97274 2340.343   180  251.352 2591.696
       129241.2   0.00  69.25  82.77  38.54  99.74  97281 2340.473   180  251.352 2591.826
       129251.3   0.00  99.65  63.98  38.63  99.74  97289 2340.734   180  251.352 2592.087
       129261.2   0.00 100.00   2.27  38.73  99.74  97297 2340.910   180  251.352 2592.263
       129271.2  49.09   0.00  33.02  38.76  99.74  97304 2341.033   180  251.352 2592.386
Timestamp         S0     S1     E      O      P     YGC     YGCT    FGC    FGCT     GCT   
       129281.2  46.47   0.00   0.00  38.78  99.74  97312 2341.192   180  251.352 2592.545
       129291.3   0.00  57.36  53.31  38.80  99.74  97319 2341.356   180  251.352 2592.709
       129301.3  50.34   0.00  99.09  38.82  99.74  97326 2341.489   180  251.352 2592.842
       129311.2  85.53   0.00  61.65  38.88  99.74  97334 2341.690   180  251.352 2593.043
       129321.2 100.00   0.00  12.19  39.64  99.74  97342 2341.868   180  251.352 2593.221
       129331.3  87.35   0.00   5.68  39.71  99.74  97350 2342.081   180  251.352 2593.434
       129341.3  32.30   0.00   0.00  40.20  99.74  97358 2342.288   180  251.352 2593.641
       129351.2   0.00  23.70  53.03  40.25  99.74  97365 2342.411   180  251.352 2593.763
       129361.3   0.00  37.84  10.30  40.32  99.74  97373 2342.575   180  251.352 2593.928
       129371.3  42.29   0.00  19.25  40.34  99.74  97380 2342.774   180  251.352 2594.127
Timestamp         S0     S1     E      O      P     YGC     YGCT    FGC    FGCT     GCT   
       129381.2   0.00  79.55  95.16  40.38  99.74  97387 2342.915   180  251.352 2594.268
       129391.2  55.54   0.00   0.00  41.49  99.74  97396 2343.158   180  251.352 2594.511
       129401.3   0.00  42.41  81.69  41.96  99.74  97403 2343.386   180  251.352 2594.738
       129411.3   0.00  49.14  87.11  42.27  99.74  97411 2343.562   180  251.352 2594.914
       129421.3   0.00  38.69  45.07  42.29  99.74  97419 2343.710   180  251.352 2595.063
       129431.3   0.00  35.41  13.76  42.36  99.74  97427 2343.873   180  251.352 2595.225
       129441.3  73.42   0.00  65.08  42.38  99.74  97434 2343.984   180  251.352 2595.337
       129451.2   0.00 100.00  93.70  42.40  99.74  97441 2344.135   180  251.352 2595.487
       129461.3   0.00  51.76  66.71  42.42  99.74  97449 2344.314   180  251.352 2595.667
       129471.3   0.00  46.79  27.67  42.45  99.74  97457 2344.486   180  251.352 2595.839
Timestamp         S0     S1     E      O      P     YGC     YGCT    FGC    FGCT     GCT   
       129481.3  42.82   0.00  59.57  42.61  99.74  97464 2344.637   180  251.352 2595.990
       129491.3  75.96   0.00  25.61  42.63  99.74  97472 2344.829   180  251.352 2596.181
       129501.3  65.63   0.00  20.74  45.17  99.74  97480 2345.171   180  251.352 2596.524
       129511.2  66.55   0.00  79.29  45.37  99.74  97488 2345.440   180  251.352 2596.793
       129521.3   0.00  28.95  20.38  46.32  99.74  97497 2345.714   180  251.352 2597.066
       129531.3   0.00  17.22  16.00  46.37  99.74  97505 2345.862   180  251.352 2597.215
       129541.3   0.00  28.37   2.74  46.42  99.74  97513 2346.026   180  251.352 2597.379
       129551.2  51.84   0.00  76.13  46.43  99.74  97520 2346.178   180  251.352 2597.530
       129561.3  53.29   0.00  31.63  46.47  99.74  97528 2346.366   180  251.352 2597.718
       129571.2   0.00  56.85  94.32  46.49  99.74  97535 2346.528   180  251.352 2597.881
Timestamp         S0     S1     E      O      P     YGC     YGCT    FGC    FGCT     GCT   
       129581.3   0.00  49.23  63.00  46.58  99.74  97543 2346.711   180  251.352 2598.063
       129591.3   0.00  75.13  65.63  46.59  99.74  97551 2346.925   180  251.352 2598.277
       129601.3   0.00 100.00  36.33  46.69  99.74  97559 2347.152   180  251.352 2598.505
       129611.3  72.97   0.00  87.38  46.71  99.74  97566 2347.329   180  251.352 2598.682
       129621.3  52.02   0.00  70.66  46.79  99.74  97574 2347.519   180  251.352 2598.871
       129631.2  69.78   0.00  31.62  46.80  99.74  97582 2347.715   180  251.352 2599.068
       129641.3   0.00  30.23  65.53  46.89  99.74  97589 2347.850   180  251.352 2599.203
       129651.3   0.00 100.00  25.02  46.91  99.74  97597 2348.014   180  251.352 2599.367
       129661.3  44.97   0.00  61.50  46.92  99.74  97604 2348.151   180  251.352 2599.503
       129671.3   0.00  99.60  57.84  46.97  99.74  97611 2348.282   180  251.352 2599.634
Timestamp         S0     S1     E      O      P     YGC     YGCT    FGC    FGCT     GCT   
       129681.3  71.90   0.00  94.64  46.99  99.74  97618 2348.411   180  251.352 2599.763
       129691.3   0.00  99.86   9.88  49.50  99.74  97627 2348.673   180  251.352 2600.025
       129701.3   0.00  38.22  10.39  50.08  99.74  97635 2348.961   180  251.352 2600.314
       129711.3   0.00  17.59   4.90  50.42  99.74  97643 2349.118   180  251.352 2600.470
       129721.3  49.34  28.07 100.00  50.44  99.74  97651 2349.260   180  251.352 2600.612
       129731.3  54.88   0.00  77.42  50.46  99.74  97658 2349.446   180  251.352 2600.799
       129741.3  35.33   0.00  54.92  50.49  99.74  97666 2349.626   180  251.352 2600.979
       129751.3  54.59   0.00   9.67  50.53  99.74  97674 2349.793   180  251.352 2601.145
       129761.3   0.00  73.53  67.92  50.59  99.74  97681 2349.928   180  251.352 2601.281
       129771.3   0.00  59.89  41.24  50.60  99.74  97689 2350.095   180  251.352 2601.448
Timestamp         S0     S1     E      O      P     YGC     YGCT    FGC    FGCT     GCT   
       129781.3  78.36   0.00  86.60  50.62  99.74  97696 2350.336   180  251.352 2601.689
       129791.3  51.79   0.00  46.45  50.73  99.74  97704 2350.515   180  251.352 2601.868
       129801.3  77.01   0.00  40.73  50.74  99.74  97712 2350.697   180  251.352 2602.049
       129811.3  50.48   0.00  23.78  50.77  99.74  97720 2350.887   180  251.352 2602.239
       129821.3   0.00  52.00  93.38  50.84  99.74  97727 2351.031   180  251.352 2602.384
       129831.3   0.00  49.04  61.86  50.98  99.74  97735 2351.209   180  251.352 2602.562
       129841.3   0.00 100.00  39.41  51.04  99.74  97743 2351.413   180  251.352 2602.766
       129851.3   0.00  58.24   3.88  51.08  99.74  97751 2351.635   180  251.352 2602.987
       129861.3  52.86   0.00  69.19  51.20  99.74  97758 2351.772   180  251.352 2603.125
       129871.3  45.24   0.00  48.70  51.26  99.74  97766 2351.944   180  251.352 2603.297
Timestamp         S0     S1     E      O      P     YGC     YGCT    FGC    FGCT     GCT   
       129881.3  86.48   0.00  13.45  51.27  99.74  97774 2352.162   180  251.352 2603.514
       129891.3   0.00 100.00  61.86  51.34  99.74  97781 2352.278   180  251.352 2603.631
       129901.3   0.00  56.40   0.00  51.36  99.74  97789 2352.531   180  251.352 2603.883
       129911.3  67.31   0.00  36.56  51.37  99.74  97796 2352.686   180  251.352 2604.039
       129921.3   0.00  44.85  86.26  51.39  99.74  97803 2352.836   180  251.352 2604.189
       129931.3   0.00  61.78  36.94  51.47  99.74  97811 2352.974   180  251.352 2604.326
       129941.3  54.75   0.00  92.55  51.66  99.74  97818 2353.133   180  251.352 2604.486
       129951.3  67.50   0.00  53.45  51.77  99.74  97826 2353.495   180  251.352 2604.847
       129961.3  52.65   0.00   6.40  52.01  99.74  97834 2353.738   180  251.352 2605.090
       129971.3   0.00  99.54  66.46  52.15  99.74  97841 2353.885   180  251.352 2605.237
Timestamp         S0     S1     E      O      P     YGC     YGCT    FGC    FGCT     GCT   
       129981.3   0.00  27.22  37.21  52.25  99.74  97849 2354.044   180  251.352 2605.396
       129991.3   0.00  99.88  21.08  54.50  99.74  97857 2354.295   180  251.352 2605.648
       130001.3   0.00  50.00  62.49  54.51  99.74  97865 2354.548   180  251.352 2605.900
       130011.3   0.00  99.43  37.83  55.58  99.74  97873 2354.778   180  251.352 2606.130
       130021.3   0.00  19.91  14.92  55.60  99.74  97881 2354.947   180  251.352 2606.299
       130031.3   0.00  42.26   0.00  55.61  99.74  97889 2355.116   180  251.352 2606.469
       130041.3  60.48   0.00  76.33  55.63  99.74  97896 2355.266   180  251.352 2606.619
       130051.3  51.18   0.00  54.17  55.65  99.74  97904 2355.443   180  251.352 2606.796
       130061.3  61.68   0.00  41.60  55.74  99.74  97912 2355.635   180  251.352 2606.988
       130071.3  38.02   0.00  17.94  55.79  99.74  97920 2355.786   180  251.352 2607.138
Timestamp         S0     S1     E      O      P     YGC     YGCT    FGC    FGCT     GCT   
       130081.3   0.00  38.42  84.35  55.81  99.74  97927 2356.037   180  251.352 2607.390
       130091.3   0.00  53.64  37.61  55.82  99.74  97935 2356.200   180  251.352 2607.553
       130101.3  72.38   0.00  62.55  55.85  99.74  97942 2356.357   180  251.352 2607.709
       130111.3  72.95   0.00  11.42  55.92  99.74  97950 2356.524   180  251.352 2607.876
       130121.3   0.00  44.63  77.39  55.94  99.74  97957 2356.664   180  251.352 2608.016
       130131.3   0.00  70.25  39.98  56.01  99.74  97965 2356.843   180  251.352 2608.195
       130141.3  43.92   0.00  62.27  56.03  99.74  97972 2356.997   180  251.352 2608.349
       130151.3   0.00  58.06  81.44  56.04  99.74  97979 2357.158   180  251.352 2608.510
       130161.3  68.09   0.00   0.00  57.75  99.74  97988 2357.444   180  251.352 2608.796
       130171.3   0.00  51.23  98.26  57.93  99.74  97996 2357.641   180  251.352 2608.994
Timestamp         S0     S1     E      O      P     YGC     YGCT    FGC    FGCT     GCT   
       130181.3  39.37   0.00  15.15  58.73  99.74  98004 2357.853   180  251.352 2609.205
       130191.3   0.00  14.88  88.07  58.77  99.74  98011 2358.010   180  251.352 2609.363
       130201.3   0.00  39.29  54.38  58.79  99.74  98019 2358.182   180  251.352 2609.535
       130211.3   0.00  38.64   9.87  58.83  99.74  98027 2358.354   180  251.352 2609.706
       130221.3  59.04   0.00  57.54  58.84  99.74  98034 2358.510   180  251.352 2609.862
       130231.3  77.78   0.00   4.32  58.86  99.74  98042 2358.658   180  251.352 2610.011
       130241.3   0.00  92.91  51.44  58.88  99.74  98049 2358.829   180  251.352 2610.182
       130251.3   0.00  99.60   8.04  58.94  99.74  98057 2358.993   180  251.352 2610.346
       130261.3   0.00 100.00  88.96  59.04  99.74  98063 2359.177   180  251.352 2610.529
       130271.4   0.00  55.25  57.78  59.12  99.74  98071 2359.407   180  251.352 2610.760
Timestamp         S0     S1     E      O      P     YGC     YGCT    FGC    FGCT     GCT   
       130281.4   0.00 100.00  47.82  59.19  99.74  98079 2359.602   180  251.352 2610.954
       130291.3   0.00  68.98  13.48  59.25  99.74  98087 2359.765   180  251.352 2611.117
       130301.3   0.00  38.69   1.22  59.35  99.74  98095 2359.961   180  251.352 2611.314
       130311.4  30.24   0.00  56.54  59.36  99.74  98102 2360.106   180  251.352 2611.459
       130321.3   0.00  37.69 100.00  59.42  99.74  98110 2360.244   180  251.352 2611.596
       130331.3   0.00  50.25  49.26  59.44  99.74  98117 2360.430   180  251.352 2611.782
       130341.3  30.57   0.00  99.76  59.49  99.74  98125 2360.648   180  251.352 2612.001
       130351.3  36.76   0.00  79.22  59.53  99.74  98132 2360.807   180  251.352 2612.159
       130361.3  46.77   0.00  63.26  59.65  99.74  98140 2361.006   180  251.352 2612.358
       130371.3  63.16   0.00  56.86  59.66  99.74  98148 2361.221   180  251.352 2612.574
Timestamp         S0     S1     E      O      P     YGC     YGCT    FGC    FGCT     GCT   
       130381.4  91.79   0.00  34.70  59.89  99.74  98156 2361.408   180  251.352 2612.761
       130391.3  57.32   0.00   3.40  59.91  99.74  98164 2361.637   180  251.352 2612.989
       130401.4   0.00  37.38  57.18  59.93  99.74  98171 2361.845   180  251.352 2613.197
       130411.3   0.00  29.68  12.75  60.00  99.74  98179 2362.009   180  251.352 2613.361
       130421.3  55.00   0.00  84.48  60.02  99.74  98186 2362.185   180  251.352 2613.537
       130431.4  65.91   0.00  50.74  60.04  99.74  98194 2362.360   180  251.352 2613.712
       130441.4   0.00  99.60  99.16  60.05  99.74  98201 2362.500   180  251.352 2613.852
       130451.4   0.00 100.00  38.37  62.79  99.74  98209 2362.722   180  251.352 2614.074
       130461.4   0.00  47.64  39.81  63.20  99.74  98217 2362.941   180  251.352 2614.293
       130471.3   0.00  99.45  58.24  63.78  99.74  98225 2363.123   180  251.352 2614.476
Timestamp         S0     S1     E      O      P     YGC     YGCT    FGC    FGCT     GCT   
       130481.4   0.00  55.36  79.05  63.82  99.74  98233 2363.322   180  251.352 2614.674
       130491.4   0.00  48.72  69.66  63.84  99.74  98241 2363.514   180  251.352 2614.866
       130501.3   0.00  45.52  13.63  63.92  99.74  98249 2363.662   180  251.352 2615.015
       130511.3  73.38   0.00  71.34  63.95  99.74  98256 2363.788   180  251.352 2615.140
       130521.3  51.29   0.00  31.71  63.96  99.74  98264 2363.961   180  251.352 2615.313
       130531.4  67.18   0.00   0.51  63.99  99.74  98272 2364.131   180  251.352 2615.483
       130541.4   0.00  55.41  79.05  64.00  99.74  98279 2364.289   180  251.352 2615.641
       130551.3   0.00 100.00  21.50  64.02  99.74  98287 2364.494   180  251.352 2615.847
       130561.4  69.31   0.00  52.52  64.08  99.74  98294 2364.661   180  251.352 2616.014
       130571.4   0.00  36.18  50.62  64.09  99.74  98301 2364.793   180  251.352 2616.146
Timestamp         S0     S1     E      O      P     YGC     YGCT    FGC    FGCT     GCT   
       130581.3  65.43   0.00  85.92  64.12  99.74  98308 2365.026   180  251.352 2616.379
       130591.4  40.39   0.00  65.52  64.24  99.74  98316 2365.229   180  251.352 2616.582
       130601.3  81.67   0.00  39.90  64.28  99.74  98324 2365.411   180  251.352 2616.763
       130611.4  46.61   0.00  23.41  64.49  99.74  98332 2365.627   180  251.352 2616.980
       130621.4   0.00 100.00  72.14  64.51  99.74  98339 2365.787   180  251.352 2617.139
       130631.4   0.00  37.55  74.57  64.52  99.74  98347 2365.948   180  251.352 2617.301
       130641.3   0.00  84.45  62.32  64.65  99.74  98355 2366.161   180  251.352 2617.513
       130651.4   0.00  34.25  25.40  64.67  99.74  98363 2366.412   180  251.352 2617.764
       130661.4  39.41   0.00  62.03  64.69  99.74  98370 2366.547   180  251.352 2617.900
       130671.4  35.14   0.00  21.46  64.70  99.74  98378 2366.726   180  251.352 2618.079
Timestamp         S0     S1     E      O      P     YGC     YGCT    FGC    FGCT     GCT   
       130681.3   0.00 100.00  82.80  64.94  99.74  98385 2366.894   180  251.352 2618.246
       130691.3   0.00  57.78  61.38  65.07  99.74  98393 2367.133   180  251.352 2618.486
       130701.4   0.00  42.67  46.22  65.45  99.74  98401 2367.335   180  251.352 2618.688
       130711.4   0.00  42.48  41.53  65.64  99.74  98409 2367.517   180  251.352 2618.869
       130721.4   0.00 100.00  30.26  65.65  99.74  98417 2367.718   180  251.352 2619.070
       130731.4   0.00  43.11  15.47  65.69  99.74  98425 2367.930   180  251.352 2619.282
       130741.4  70.32   0.00  78.93  65.83  99.74  98432 2368.104   180  251.352 2619.457
       130751.3  43.46   0.00   0.79  65.86  99.74  98440 2368.245   180  251.352 2619.597
       130761.4   0.00  43.58  38.22  65.88  99.74  98447 2368.522   180  251.352 2619.874
       130771.4  42.90   0.00  90.90  65.90  99.74  98454 2368.652   180  251.352 2620.005
Timestamp         S0     S1     E      O      P     YGC     YGCT    FGC    FGCT     GCT   
       130781.4  51.66   0.00  66.71  65.91  99.74  98462 2368.853   180  251.352 2620.206
       130791.4 100.00   0.00  38.45  66.77  99.74  98470 2369.041   180  251.352 2620.394
       130801.3  67.49   0.00   2.74  66.81  99.74  98478 2369.206   180  251.352 2620.558
       130811.4   0.00  52.74  78.61  67.15  99.74  98485 2369.381   180  251.352 2620.733
       130821.4   0.00  41.45  45.75  67.19  99.74  98493 2369.530   180  251.352 2620.882
       130831.4   0.00  67.91  44.76  67.21  99.74  98501 2369.675   180  251.352 2621.027
       130841.4   0.00  33.17  18.72  67.22  99.74  98509 2369.849   180  251.352 2621.201
       130851.4  42.11   0.00  76.12  67.29  99.74  98516 2370.052   180  251.352 2621.404
       130861.4   0.00  63.73  95.86  67.31  99.74  98523 2370.202   180  251.352 2621.554
       130871.4   0.00  81.29  41.62  67.36  99.74  98531 2370.374   180  251.352 2621.727
Timestamp         S0     S1     E      O      P     YGC     YGCT    FGC    FGCT     GCT   
       130881.4   0.00  99.75   0.48  67.95  99.74  98539 2370.584   180  251.352 2621.937
       130891.4  65.81   0.00  71.18  67.96  99.74  98546 2370.742   180  251.352 2622.094
       130901.4  33.33   0.00  38.54  68.37  99.74  98554 2370.901   180  251.352 2622.253
       130911.4   0.00  28.96  85.78  68.41  99.74  98561 2371.041   180  251.352 2622.393
       130921.4  51.64   0.00  94.82  68.43  99.74  98568 2371.174   180  251.352 2622.526
       130931.4  33.33   0.00  40.25  68.44  99.74  98576 2371.361   180  251.352 2622.714
       130941.4   0.00 100.00  89.97  68.47  99.74  98583 2371.552   180  251.352 2622.905
       130951.4   0.00  99.56  35.99  68.49  99.74  98591 2371.772   180  251.352 2623.124
       130961.4  48.05   0.00  66.43  68.58  99.74  98598 2371.925   180  251.352 2623.277
       130971.4  98.12   0.00  37.91  68.63  99.74  98606 2372.086   180  251.352 2623.438
Timestamp         S0     S1     E      O      P     YGC     YGCT    FGC    FGCT     GCT   
       130981.4 100.00   0.00   8.64  68.77  99.74  98614 2372.255   180  251.352 2623.607
       130991.4   0.00  99.76  93.14  68.84  99.74  98621 2372.418   180  251.352 2623.771
       131001.4   0.00  53.65  66.13  69.16  99.74  98629 2372.673   180  251.352 2624.025
       131011.4   0.00  99.70  61.06  69.20  99.74  98637 2372.847   180  251.352 2624.199
       131021.4   0.00  37.13  43.63  69.33  99.74  98645 2373.068   180  251.352 2624.420
       131031.4   0.00  58.10   8.01  69.35  99.74  98653 2373.222   180  251.352 2624.574
       131041.4  83.61   0.00  57.92  69.38  99.74  98660 2373.359   180  251.352 2624.712
       131051.4  71.35   0.00  35.11  69.39  99.74  98668 2373.528   180  251.352 2624.881
       131061.4   0.00  47.43  78.28  69.45  99.74  98675 2373.678   180  251.352 2625.030
       131071.4   0.00  43.56  24.97  69.53  99.74  98683 2373.839   180  251.352 2625.192
Timestamp         S0     S1     E      O      P     YGC     YGCT    FGC    FGCT     GCT   
       131081.4  59.34   0.00  91.96  69.61  99.74  98690 2373.987   180  251.352 2625.339
       131091.4  77.68   0.00  78.07  70.46  99.74  98698 2374.188   180  251.352 2625.540
       131101.4  66.27   0.00  15.63  70.52  99.74  98706 2374.391   180  251.352 2625.743
       131111.4   0.00  36.50  97.37  71.01  99.74  98713 2374.577   180  251.352 2625.930
       131121.4   0.00  40.51  75.46  71.05  99.74  98721 2374.733   180  251.352 2626.085
       131131.4   0.00  99.59  62.40  71.07  99.74  98729 2374.910   180  251.352 2626.262
       131141.4   0.00  68.81  32.59  71.10  99.74  98737 2375.102   180  251.352 2626.454
       131151.4   0.00  99.56  20.10  71.12  99.74  98745 2375.283   180  251.352 2626.636
       131161.4   0.00 100.00   5.41  73.51  99.74  98753 2375.537   180  251.352 2626.890
       131171.4   0.00  99.90  48.56  73.52  99.74  98761 2375.828   180  251.352 2627.181
Timestamp         S0     S1     E      O      P     YGC     YGCT    FGC    FGCT     GCT   
       131181.4  14.95   0.00  12.90  75.04  99.74  98770 2376.103   180  251.352 2627.455
       131191.4  21.24   0.00  31.75  75.09  99.74  98778 2376.280   180  251.352 2627.632
       131201.4  19.12   0.00  23.30  75.12  99.74  98786 2376.476   180  251.352 2627.828
       131211.4   0.00  25.00  82.86  75.14  99.74  98793 2376.630   180  251.352 2627.983
       131221.4   0.00  25.21  26.53  75.16  99.74  98801 2376.799   180  251.352 2628.152
       131231.4  71.08   0.00  80.06  75.18  99.74  98808 2376.975   180  251.352 2628.327
       131241.4  62.20   0.00  13.44  75.19  99.74  98816 2377.141   180  251.352 2628.493
       131251.4   0.00 100.00  72.12  75.40  99.74  98823 2377.296   180  251.352 2628.649
       131261.4   0.00  99.75  65.93  75.80  99.74  98831 2377.510   180  251.352 2628.862
       131271.4   0.00  38.37  56.73  76.37  99.74  98839 2377.754   180  251.352 2629.107
Timestamp         S0     S1     E      O      P     YGC     YGCT    FGC    FGCT     GCT   
       131281.4   0.00  21.86  45.93  76.46  99.74  98847 2377.929   180  251.352 2629.281
       131291.4   0.00  27.55   0.39  76.54  99.74  98855 2378.142   180  251.352 2629.495
       131301.4  63.62   0.00  93.51  76.59  99.74  98862 2378.341   180  251.352 2629.694
       131311.4  93.09   0.00  58.67  76.61  99.74  98870 2378.487   180  251.352 2629.839
       131321.4  40.69   0.00   5.11  76.64  99.74  98878 2378.676   180  251.352 2630.028
       131331.4   0.00 100.00  76.70  76.67  99.74  98885 2378.872   180  251.352 2630.225
       131341.5   0.00  72.93  34.42  76.72  99.74  98893 2379.079   180  251.352 2630.432
       131351.4   0.00  99.64  16.84  76.79  99.74  98901 2379.252   180  251.352 2630.605
       131361.4  73.94   0.00  73.60  76.81  99.74  98908 2379.405   180  251.352 2630.757
       131371.4 100.00   0.00  50.70  76.92  99.74  98916 2379.678   180  251.352 2631.031
Timestamp         S0     S1     E      O      P     YGC     YGCT    FGC    FGCT     GCT   
       131381.4  70.54   0.00  45.90  77.04  99.74  98924 2379.847   180  251.352 2631.199
       131391.4  79.79   0.00  33.54  77.16  99.74  98932 2380.105   180  251.352 2631.457
       131401.5   0.00  35.65  87.25  77.18  99.74  98939 2380.258   180  251.352 2631.610
       131411.4   0.00  68.98  82.75  77.25  99.74  98947 2380.506   180  251.352 2631.858
       131421.5   0.00  99.73  65.43  77.32  99.74  98955 2380.731   180  251.352 2632.084
       131431.5   0.00  26.84  39.07  77.35  99.74  98963 2380.898   180  251.352 2632.251
       131441.4   0.00  68.81  30.75  77.39  99.74  98971 2381.089   180  251.352 2632.442
       131451.4   0.00  50.49   4.54  77.42  99.74  98979 2381.285   180  251.352 2632.638
       131461.4  69.37   0.00  73.03  77.50  99.74  98986 2381.470   180  251.352 2632.823
       131471.5  72.04   0.00  35.04  77.52  99.74  98994 2381.660   180  251.352 2633.012
Timestamp         S0     S1     E      O      P     YGC     YGCT    FGC    FGCT     GCT   
       131481.5   0.00  39.13  92.29  77.68  99.74  99001 2381.851   180  251.352 2633.204
       131491.5   0.00  61.83  41.59  77.70  99.74  99009 2382.051   180  251.352 2633.403
       131501.4  75.42   0.00  84.25  77.71  99.74  99016 2382.273   180  251.352 2633.626
       131511.5  77.71   0.00  55.66  77.74  99.74  99024 2382.454   180  251.352 2633.806
       131521.4   0.00  45.99  92.44  77.77  99.74  99031 2382.617   180  251.352 2633.969
       131531.4   0.00  99.69  90.52  77.82  99.74  99039 2382.821   180  251.352 2634.174
       131541.5   0.00  70.45  66.73  78.07  99.74  99047 2383.021   180  251.352 2634.374
       131551.5  66.99   0.00  93.71  78.08  99.74  99054 2383.180   180  251.352 2634.532
       131561.5  94.54   0.00  45.80  18.18  99.74  99062 2383.362   181  252.771 2636.133
       131571.4 100.00   0.00  27.24  18.26  99.74  99070 2383.577   181  252.771 2636.347
Timestamp         S0     S1     E      O      P     YGC     YGCT    FGC    FGCT     GCT   
       131581.5  32.32   0.00  22.74  18.76  99.74  99078 2383.768   181  252.771 2636.539
       131591.5  26.70   0.00   9.35  18.86  99.74  99086 2383.935   181  252.771 2636.706
       131601.5   0.00  16.54  81.63  18.94  99.74  99093 2384.079   181  252.771 2636.850
       131611.5   0.00  30.00  12.28  18.96  99.74  99101 2384.212   181  252.771 2636.983
       131621.5   0.00 100.00   4.63  18.99  99.74  99109 2384.381   181  252.771 2637.152
       131631.5  42.12   0.00  61.92  19.00  99.74  99116 2384.543   181  252.771 2637.314
       131641.5   0.00 100.00  75.27  19.07  99.74  99123 2384.684   181  252.771 2637.455
       131651.5   0.00  67.84  22.88  19.19  99.74  99131 2384.889   181  252.771 2637.660
       131661.5   0.00  63.56   3.56  19.88  99.74  99139 2385.091   181  252.771 2637.862
       131671.5  59.27   0.00  95.72  19.89  99.74  99146 2385.281   181  252.771 2638.052
Timestamp         S0     S1     E      O      P     YGC     YGCT    FGC    FGCT     GCT   
       131681.5  13.44   0.00  57.78  20.33  99.74  99154 2385.453   181  252.771 2638.224
       131691.5  47.84   0.00  40.39  20.34  99.74  99162 2385.635   181  252.771 2638.406
       131701.5  66.48   0.00  10.70  20.37  99.74  99170 2385.801   181  252.771 2638.572
       131711.5   0.00  74.37  90.08  20.39  99.74  99177 2385.933   181  252.771 2638.704
       131721.5   0.00  47.84  44.97  20.50  99.74  99185 2386.129   181  252.771 2638.900
       131731.5  57.86   0.00  98.25  20.52  99.74  99193 2386.287   181  252.771 2639.058
       131741.5  67.65   0.00  49.61  21.14  99.74  99200 2386.467   181  252.771 2639.238
       131751.5  55.25   0.00  20.62  21.15  99.74  99208 2386.660   181  252.771 2639.431
       131761.5   0.00  59.82  50.99  21.47  99.74  99215 2386.809   181  252.771 2639.580
       131771.5  38.78   0.00  97.24  21.49  99.74  99223 2386.952   181  252.771 2639.723
Timestamp         S0     S1     E      O      P     YGC     YGCT    FGC    FGCT     GCT   
       131781.5 100.00   0.00  81.29  21.57  99.74  99230 2387.141   181  252.771 2639.912
       131791.5  57.71   0.00  87.37  21.81  99.74  99238 2387.378   181  252.771 2640.149
       131801.5   0.00  42.29   2.65  22.34  99.74  99247 2387.594   181  252.771 2640.365
       131811.5  42.23   0.00  94.51  22.48  99.74  99254 2387.839   181  252.771 2640.610
       131821.5  35.62   0.00  50.46  22.50  99.74  99262 2388.073   181  252.771 2640.844
       131831.5  61.73   0.00   0.00  22.53  99.74  99270 2388.238   181  252.771 2641.009
       131841.5   0.00  25.70  59.99  22.68  99.74  99277 2388.368   181  252.771 2641.139
       131851.5  41.99   0.00  70.89  22.70  99.74  99284 2388.493   181  252.771 2641.263
       131861.5  66.36   0.00  20.90  22.72  99.74  99292 2388.634   181  252.771 2641.405
       131871.5   0.00  67.39  93.01  22.73  99.74  99299 2388.763   181  252.771 2641.534
Timestamp         S0     S1     E      O      P     YGC     YGCT    FGC    FGCT     GCT   
       131881.5   0.00  99.79  39.30  22.88  99.74  99307 2388.968   181  252.771 2641.739
       131891.5   0.00  79.06  20.26  22.89  99.74  99315 2389.168   181  252.771 2641.939
       131901.5  44.14   0.00  72.77  23.17  99.74  99322 2389.307   181  252.771 2642.078
       131911.5  61.79   0.00  20.78  23.21  99.74  99330 2389.461   181  252.771 2642.232
       131921.5   0.00  31.42  26.53  23.22  99.74  99337 2389.583   181  252.771 2642.354
       131931.5  45.16   0.00  52.77  23.23  99.74  99344 2389.703   181  252.771 2642.474
       131941.5  48.31   0.00  12.22  23.26  99.74  99352 2389.858   181  252.771 2642.629
       131951.5   0.00  99.70  61.82  23.28  99.74  99359 2390.011   181  252.771 2642.782
       131961.5   0.00  43.80  60.96  23.32  99.74  99367 2390.182   181  252.771 2642.953
       131971.5   0.00  52.99   7.61  23.39  99.74  99375 2390.337   181  252.771 2643.108
Timestamp         S0     S1     E      O      P     YGC     YGCT    FGC    FGCT     GCT   
       131981.5  75.43   0.00  63.07  23.45  99.74  99382 2390.539   181  252.771 2643.310
       131991.5  49.13   0.00  11.06  23.47  99.74  99390 2390.672   181  252.771 2643.443
       132001.5   0.00  37.64  54.04  23.57  99.74  99397 2390.829   181  252.771 2643.599
       132011.5  42.99   0.00  63.21  23.58  99.74  99404 2390.931   181  252.771 2643.702
       132021.5  67.79   0.00  12.15  23.60  99.74  99412 2391.097   181  252.771 2643.868
       132031.5  74.58   0.00  38.43  26.25  99.74  99420 2391.381   181  252.771 2644.152
       132041.5  63.99   0.00  68.67  26.32  99.74  99428 2391.622   181  252.771 2644.393
       132051.5   0.00  22.27   6.92  27.69  99.74  99437 2391.849   181  252.771 2644.620
       132061.5   0.00  30.39   2.65  27.74  99.74  99445 2392.023   181  252.771 2644.794
       132071.5   0.00  48.89   0.00  27.79  99.74  99453 2392.201   181  252.771 2644.972
Timestamp         S0     S1     E      O      P     YGC     YGCT    FGC    FGCT     GCT   
       132081.5  57.78   0.00  97.40  27.82  99.74  99460 2392.343   181  252.771 2645.114
       132091.5  36.89   0.00  80.18  27.85  99.74  99468 2392.498   181  252.771 2645.269
       132101.5  26.40   0.00  24.38  27.92  99.74  99476 2392.670   181  252.771 2645.441
       132111.5   0.00  70.11  68.58  27.94  99.74  99483 2392.808   181  252.771 2645.579
       132121.5   0.00 100.00  14.05  28.02  99.74  99491 2393.005   181  252.771 2645.776
       132131.5   0.00  62.66   5.32  28.14  99.74  99499 2393.185   181  252.771 2645.956
       132141.5  68.08   0.00  96.55  28.27  99.74  99506 2393.321   181  252.771 2646.092
       132151.5  30.38   0.00  27.40  28.33  99.74  99514 2393.476   181  252.771 2646.247
       132161.5   0.00 100.00  80.58  28.35  99.74  99521 2393.624   181  252.771 2646.395
       132171.5   0.00  99.82  53.72  29.49  99.74  99529 2393.838   181  252.771 2646.609
Timestamp         S0     S1     E      O      P     YGC     YGCT    FGC    FGCT     GCT   
       132181.5   0.00 100.00  45.90  29.50  99.74  99537 2394.058   181  252.771 2646.829
       132191.5   0.00  21.04  39.12  30.39  99.74  99545 2394.242   181  252.771 2647.013
       132201.5   0.00  18.04  19.87  30.41  99.74  99553 2394.393   181  252.771 2647.164
       132211.5   0.00  39.41   1.52  30.43  99.74  99561 2394.564   181  252.771 2647.335
       132221.5  53.26   0.00  49.88  30.45  99.74  99568 2394.712   181  252.771 2647.483
       132231.5  93.02   0.00   7.79  30.48  99.74  99576 2394.879   181  252.771 2647.650
       132241.5   0.00  45.55  69.92  30.51  99.74  99583 2395.049   181  252.771 2647.820
       132251.5   0.00  31.90  55.74  30.61  99.74  99591 2395.205   181  252.771 2647.975
       132261.5   0.00  99.50  24.97  30.63  99.74  99599 2395.427   181  252.771 2648.197
       132271.5  77.23   0.00  96.51  30.65  99.74  99606 2395.575   181  252.771 2648.346
Timestamp         S0     S1     E      O      P     YGC     YGCT    FGC    FGCT     GCT   
       132281.5  67.44   0.00  77.60  30.73  99.74  99614 2395.737   181  252.771 2648.508
       132291.5 100.00   0.00  62.46  30.84  99.74  99622 2395.914   181  252.771 2648.685
       132301.5  69.72   0.00  53.40  33.94  99.74  99630 2396.190   181  252.771 2648.961
       132311.5  68.39   0.00  95.75  34.26  99.74  99638 2396.420   181  252.771 2649.191
       132321.5  30.29   0.00  98.31  34.99  99.74  99646 2396.586   181  252.771 2649.357
       132331.5  34.65   0.00  88.72  35.03  99.74  99654 2396.756   181  252.771 2649.527
       132341.5  52.63   0.00  83.01  35.05  99.74  99662 2396.936   181  252.771 2649.707
       132351.5  69.11   0.00  82.14  35.07  99.74  99670 2397.112   181  252.771 2649.883
       132361.5   0.00  33.63  98.19  35.09  99.74  99677 2397.348   181  252.771 2650.119
       132371.5   0.00  28.88  61.03  35.20  99.74  99685 2397.521   181  252.771 2650.292
Timestamp         S0     S1     E      O      P     YGC     YGCT    FGC    FGCT     GCT   
       132381.5  52.30   0.00  90.80  35.22  99.74  99692 2397.664   181  252.771 2650.435
       132391.5   0.00  62.22  90.85  35.23  99.74  99699 2397.778   181  252.771 2650.549
       132401.5   0.00 100.00  85.33  35.51  99.74  99707 2397.967   181  252.771 2650.738
       132411.5   0.00 100.00  57.35  35.52  99.74  99715 2398.213   181  252.771 2650.984
       132421.5   0.00  54.78  48.86  35.92  99.74  99723 2398.406   181  252.771 2651.177
       132431.5   0.00  28.08  13.12  35.94  99.74  99731 2398.603   181  252.771 2651.374
       132441.5  44.50   0.00  29.00  35.99  99.74  99738 2398.739   181  252.771 2651.510
       132451.5  65.76   0.00  26.02  36.02  99.74  99746 2398.930   181  252.771 2651.701
       132461.5  43.51   0.00   1.43  36.04  99.74  99754 2399.117   181  252.771 2651.888
       132471.5   0.00  62.03  61.52  36.17  99.74  99761 2399.267   181  252.771 2652.038
Timestamp         S0     S1     E      O      P     YGC     YGCT    FGC    FGCT     GCT   
       132481.5   0.00  99.70  37.36  36.24  99.74  99769 2399.462   181  252.771 2652.233
       132491.5   0.00  57.48   0.00  36.25  99.74  99777 2399.637   181  252.771 2652.408
       132501.5  71.32   0.00  85.69  36.35  99.74  99784 2399.794   181  252.771 2652.565
       132511.5  75.35   0.00  81.97  36.41  99.74  99792 2399.972   181  252.771 2652.742
       132521.5  54.46   0.00  61.92  36.43  99.74  99800 2400.140   181  252.771 2652.911
       132531.5  48.95   0.00  15.12  36.51  99.74  99808 2400.285   181  252.771 2653.056
       132541.5   0.00  74.18  76.09  36.54  99.74  99815 2400.418   181  252.771 2653.189
       132551.5   0.00 100.00  54.97  36.56  99.74  99823 2400.601   181  252.771 2653.372
       132561.5   0.00 100.00  52.34  37.27  99.74  99831 2400.824   181  252.771 2653.595
       132571.5   0.00  26.91  79.72  37.93  99.74  99839 2401.109   181  252.771 2653.880
Timestamp         S0     S1     E      O      P     YGC     YGCT    FGC    FGCT     GCT   
       132581.5  20.48   0.00   2.40  38.30  99.74  99848 2401.296   181  252.771 2654.067
       132591.6  28.18   0.00  13.71  38.32  99.74  99856 2401.455   181  252.771 2654.226
       132601.5   0.00  23.46  53.45  38.33  99.74  99863 2401.656   181  252.771 2654.427
       132611.5  28.71   0.00  79.99  38.35  99.74  99870 2401.794   181  252.771 2654.565
       132621.5  50.00   0.00  34.21  38.36  99.74  99878 2401.946   181  252.771 2654.717
       132631.6  94.82   0.00  33.16  38.38  99.74  99886 2402.149   181  252.771 2654.920
       132641.5  84.66   0.00  17.20  38.40  99.74  99894 2402.345   181  252.771 2655.116
       132651.5   0.00  52.62  87.83  38.56  99.74  99901 2402.497   181  252.771 2655.268
       132661.5   0.00  47.25   6.50  38.60  99.74  99909 2402.653   181  252.771 2655.424
       132671.6  68.75   0.00  61.80  38.63  99.74  99916 2402.776   181  252.771 2655.547
Timestamp         S0     S1     E      O      P     YGC     YGCT    FGC    FGCT     GCT   
       132681.5  43.98   0.00  12.27  38.67  99.74  99924 2402.965   181  252.771 2655.736
       132691.6   0.00  32.30  56.55  38.69  99.74  99931 2403.085   181  252.771 2655.856
       132701.5  40.91   0.00  97.32  38.70  99.74  99938 2403.222   181  252.771 2655.993
       132711.6  54.82   0.00  91.81  38.86  99.74  99946 2403.391   181  252.771 2656.162
       132721.5  70.21   0.00   9.09  38.89  99.74  99954 2403.548   181  252.771 2656.319
       132731.5   0.00  70.59  86.40  39.11  99.74  99961 2403.727   181  252.771 2656.498
       132741.5   0.00 100.00  65.70  39.13  99.74  99969 2403.907   181  252.771 2656.678
       132751.5  35.11   0.00  82.76  39.16  99.74  99976 2404.030   181  252.771 2656.801
       132761.5  59.09   0.00  55.56  39.18  99.74  99984 2404.264   181  252.771 2657.034
       132771.5  86.40   0.00  62.89  39.21  99.74  99992 2404.469   181  252.771 2657.240
Timestamp         S0     S1     E      O      P     YGC     YGCT    FGC    FGCT     GCT   
       132781.5  37.09   0.00  30.52  39.40  99.74 100000 2404.641   181  252.771 2657.412
       132791.5   0.00  40.49  97.43  39.43  99.74 100007 2404.779   181  252.771 2657.550
       132801.5   0.00  99.70  82.61  39.48  99.74 100015 2404.958   181  252.771 2657.729
       132811.6   0.00  65.35  54.52  39.50  99.74 100023 2405.150   181  252.771 2657.920
       132821.6  46.77   0.00  89.48  39.57  99.74 100030 2405.304   181  252.771 2658.075
       132831.5  68.78   0.00  48.74  39.62  99.74 100038 2405.491   181  252.771 2658.262
       132841.6  74.30   0.00   7.50  39.64  99.74 100046 2405.651   181  252.771 2658.422
       132851.5   0.00  51.85  59.63  39.68  99.74 100053 2405.790   181  252.771 2658.561
       132861.6   0.00 100.00   1.19  39.78  99.74 100061 2405.934   181  252.771 2658.705
       132871.5  66.30   0.00  56.82  39.79  99.74 100068 2406.134   181  252.771 2658.905
Timestamp         S0     S1     E      O      P     YGC     YGCT    FGC    FGCT     GCT   
       132881.5  38.44   0.00   9.13  39.96  99.74 100076 2406.328   181  252.771 2659.099
       132891.6   0.00  60.31  52.38  40.03  99.74 100083 2406.479   181  252.771 2659.250
       132901.5   0.00 100.00   1.53  42.38  99.74 100091 2406.728   181  252.771 2659.499
       132911.6   0.00 100.00  39.75  42.39  99.74 100099 2407.016   181  252.771 2659.787
       132921.6   0.00 100.00  29.31  43.51  99.74 100107 2407.241   181  252.771 2660.012
       132931.5   0.00  34.00  40.85  43.55  99.74 100115 2407.439   181  252.771 2660.210
       132941.6   0.00  47.58  61.28  43.58  99.74 100123 2407.607   181  252.771 2660.378
       132951.6   0.00  41.15  10.53  43.59  99.74 100131 2407.776   181  252.771 2660.547
       132961.6  66.18   0.00  60.48  43.64  99.74 100138 2407.945   181  252.771 2660.716
       132971.6  51.96   0.00  21.82  43.66  99.74 100146 2408.126   181  252.771 2660.897
Timestamp         S0     S1     E      O      P     YGC     YGCT    FGC    FGCT     GCT   
       132981.5   0.00  73.02  62.38  43.68  99.74 100153 2408.286   181  252.771 2661.057
       132991.6   0.00  34.82  29.45  43.79  99.74 100161 2408.462   181  252.771 2661.233
       133001.6  37.71   0.00  90.22  43.81  99.74 100168 2408.671   181  252.771 2661.442
       133011.6  60.00   0.00   0.00  43.82  99.74 100176 2408.818   181  252.771 2661.589
       133021.6   0.00  39.73  62.00  43.88  99.74 100183 2408.960   181  252.771 2661.731
       133031.6   0.00  99.74  12.11  44.39  99.74 100191 2409.153   181  252.771 2661.924
       133041.6  60.07   0.00  96.40  44.45  99.74 100198 2409.357   181  252.771 2662.128
       133051.6  27.96   0.00  54.10  44.93  99.74 100206 2409.539   181  252.771 2662.310
       133061.6   0.00  53.98  95.10  44.96  99.74 100213 2409.671   181  252.771 2662.442
       133071.6   0.00  36.83  53.63  44.97  99.74 100221 2409.828   181  252.771 2662.599
Timestamp         S0     S1     E      O      P     YGC     YGCT    FGC    FGCT     GCT   
       133081.6  40.11   0.00  88.05  44.99  99.74 100228 2410.040   181  252.771 2662.811
       133091.6  61.18   0.00   7.83  45.01  99.74 100236 2410.197   181  252.771 2662.968
       133101.6   0.00 100.00  45.63  45.11  99.74 100243 2410.342   181  252.771 2663.113
       133111.6   0.00  55.56  16.58  45.16  99.74 100251 2410.496   181  252.771 2663.267
       133121.6   0.00  77.00   4.21  45.32  99.74 100259 2410.723   181  252.771 2663.494
       133131.6  35.38   0.00  74.24  45.36  99.74 100266 2410.846   181  252.771 2663.617
       133141.6  64.53   0.00  25.87  45.37  99.74 100274 2411.063   181  252.771 2663.834
       133151.6   0.00  66.47  80.89  45.39  99.74 100281 2411.211   181  252.771 2663.982
       133161.6   0.00  67.48  82.37  45.41  99.74 100289 2411.378   181  252.771 2664.149
       133171.6   0.00  44.55  46.18  45.44  99.74 100297 2411.560   181  252.771 2664.331
Timestamp         S0     S1     E      O      P     YGC     YGCT    FGC    FGCT     GCT   
       133181.6  65.23   0.00  85.23  45.45  99.74 100304 2411.704   181  252.771 2664.475
       133191.6  68.61   0.00  42.90  45.48  99.74 100312 2411.845   181  252.771 2664.616
       133201.6 100.00   0.00  10.43  47.68  99.74 100320 2412.046   181  252.771 2664.817
       133211.6  33.45 100.00 100.00  47.69  99.74 100328 2412.350   181  252.771 2665.121
       133221.6  23.27   0.00   5.85  48.49  99.74 100336 2412.593   181  252.771 2665.364
       133231.6  33.88   0.00  18.51  48.58  99.74 100344 2412.829   181  252.771 2665.600
       133241.5   0.00  22.73  82.81  48.59  99.74 100351 2413.018   181  252.771 2665.789
       133251.5   0.00  35.58  29.20  48.64  99.74 100359 2413.217   181  252.771 2665.988
       133261.6   0.00  99.61   6.82  48.66  99.74 100367 2413.391   181  252.771 2666.162
       133271.6   0.00  99.59   0.00  48.68  99.74 100375 2413.564   181  252.771 2666.335
Timestamp         S0     S1     E      O      P     YGC     YGCT    FGC    FGCT     GCT   
       133281.6  73.38   0.00  73.62  48.81  99.74 100382 2413.737   181  252.771 2666.507
       133291.6  47.22   0.00  57.94  48.86  99.74 100390 2413.945   181  252.771 2666.716
       133301.6  48.17   0.00  34.68  48.92  99.74 100398 2414.110   181  252.771 2666.881
       133311.6   0.00  48.06  85.28  48.93  99.74 100405 2414.236   181  252.771 2667.007
       133321.6   0.00  68.85  48.93  49.03  99.74 100413 2414.467   181  252.771 2667.238
       133331.6  53.45   0.00  96.04  49.04  99.74 100420 2414.614   181  252.771 2667.385
       133341.6  69.64   0.00  63.86  49.06  99.74 100428 2414.776   181  252.771 2667.546
       133351.6   0.00  99.48  60.88  49.08  99.74 100435 2414.905   181  252.771 2667.676
       133361.6   0.00 100.00   1.26  50.28  99.74 100443 2415.092   181  252.771 2667.863
       133371.6  62.87   0.00  88.91  50.36  99.74 100450 2415.294   181  252.771 2668.065
Timestamp         S0     S1     E      O      P     YGC     YGCT    FGC    FGCT     GCT   
       133381.6  17.76   0.00  41.12  51.18  99.74 100458 2415.495   181  252.771 2668.266
       133391.6  38.34   0.00  16.04  51.22  99.74 100466 2415.668   181  252.771 2668.439
       133401.6  39.05   0.00   9.96  51.24  99.74 100474 2415.840   181  252.771 2668.611
       133411.6   0.00  39.66  74.67  51.25  99.74 100481 2416.014   181  252.771 2668.785
       133421.6  37.63   0.00  92.64  51.27  99.74 100488 2416.141   181  252.771 2668.912
       133431.6  40.77   0.00  39.77  51.37  99.74 100496 2416.301   181  252.771 2669.072
       133441.6  46.78   0.00  12.42  51.38  99.74 100504 2416.471   181  252.771 2669.242
       133451.6   0.00  46.41  58.22  51.42  99.74 100511 2416.636   181  252.771 2669.407
       133461.6   0.00  37.43   7.58  51.52  99.74 100519 2416.804   181  252.771 2669.575
       133471.6  67.23   0.00  58.87  51.54  99.74 100526 2416.947   181  252.771 2669.718
Timestamp         S0     S1     E      O      P     YGC     YGCT    FGC    FGCT     GCT   
       133481.6  67.58   0.00  14.41  51.61  99.74 100534 2417.095   181  252.771 2669.866
       133491.6   0.00 100.00  69.75  51.63  99.74 100541 2417.236   181  252.771 2670.007
       133501.6   0.00 100.00  23.28  51.70  99.74 100549 2417.459   181  252.771 2670.230
       133511.6   0.00  51.78   0.00  51.72  99.74 100557 2417.628   181  252.771 2670.399
       133521.6  80.09   0.00  58.67  51.85  99.74 100564 2417.761   181  252.771 2670.532
       133531.6  90.59   0.00  48.24  51.93  99.74 100572 2417.960   181  252.771 2670.731
       133541.6  83.80   0.00   7.24  51.94  99.74 100580 2418.128   181  252.771 2670.898
       133551.6   0.00  99.50  73.18  51.96  99.74 100587 2418.279   181  252.771 2671.050
       133561.6   0.00  64.21  21.48  52.02  99.74 100595 2418.444   181  252.771 2671.215
       133571.6   0.00 100.00  22.64  52.08  99.74 100603 2418.641   181  252.771 2671.412
Timestamp         S0     S1     E      O      P     YGC     YGCT    FGC    FGCT     GCT   
       133581.6  72.47   0.00  85.47  52.16  99.74 100610 2418.849   181  252.771 2671.620
       133591.6 100.00   0.00  59.26  53.18  99.74 100618 2419.043   181  252.771 2671.814
       133601.6  54.20   0.00  36.65  53.19  99.74 100626 2419.255   181  252.771 2672.026
       133611.6  22.00   0.00   4.06  53.80  99.74 100634 2419.437   181  252.771 2672.208
       133621.6  29.67   0.00  93.52  53.83  99.74 100640 2419.568   181  252.771 2672.339
       133631.6  55.79   0.00   5.70  53.85  99.74 100648 2419.825   181  252.771 2672.596
       133641.6   0.00  52.85  64.22  53.87  99.74 100655 2419.981   181  252.771 2672.752
       133651.6   0.00  99.58  34.87  54.14  99.74 100663 2420.154   181  252.771 2672.925
       133661.6   0.00  46.90  22.98  54.17  99.74 100671 2420.324   181  252.771 2673.095
       133671.6   0.00  48.70   8.46  54.19  99.74 100679 2420.518   181  252.771 2673.289
Timestamp         S0     S1     E      O      P     YGC     YGCT    FGC    FGCT     GCT   
       133681.6  55.03   0.00  41.40  54.20  99.74 100686 2420.638   181  252.771 2673.409
       133691.6   0.00  99.48  88.71  54.29  99.74 100693 2420.795   181  252.771 2673.566
       133701.6   0.00  53.99  15.39  54.32  99.74 100701 2420.966   181  252.771 2673.737
       133711.6  79.72   0.00  61.72  54.35  99.74 100708 2421.111   181  252.771 2673.882
       133721.6 100.00   0.00  11.61  55.74  99.74 100714 2421.274   181  252.771 2674.045
       133731.6  63.08   0.00  35.38  55.74  99.74 100722 2421.498   181  252.771 2674.269
       133741.6  20.64   0.00  26.53  56.70  99.74 100730 2421.750   181  252.771 2674.521
       133751.6   0.00  28.37  95.74  56.73  99.74 100737 2421.879   181  252.771 2674.650
       133761.6   0.00  22.85  44.61  56.74  99.74 100745 2422.093   181  252.771 2674.864
       133771.6   0.00  59.17  23.69  56.76  99.74 100753 2422.274   181  252.771 2675.045
Timestamp         S0     S1     E      O      P     YGC     YGCT    FGC    FGCT     GCT   
       133781.6  40.26   0.00  81.25  56.79  99.74 100760 2422.434   181  252.771 2675.205
       133791.6  54.97   0.00  40.46  56.83  99.74 100768 2422.676   181  252.771 2675.447
       133801.6  58.81   0.00   6.86  56.85  99.74 100776 2422.872   181  252.771 2675.643
       133811.6   0.00  99.77  94.38  56.93  99.74 100783 2423.037   181  252.771 2675.808
       133821.6   0.00  53.54  52.22  57.07  99.74 100791 2423.250   181  252.771 2676.021
       133831.6   0.00 100.00  22.29  57.32  99.74 100799 2423.426   181  252.771 2676.197
       133841.6   0.00  76.96   3.74  57.35  99.74 100807 2423.592   181  252.771 2676.363
       133851.6   0.00 100.00  16.13  57.38  99.74 100815 2423.845   181  252.771 2676.616
       133861.6  35.31   0.00  56.80  57.46  99.74 100822 2424.002   181  252.771 2676.772
       133871.6  30.26   0.00   1.88  57.68  99.74 100830 2424.208   181  252.771 2676.979
Timestamp         S0     S1     E      O      P     YGC     YGCT    FGC    FGCT     GCT   
       133881.6   0.00  35.37  55.07  57.70  99.74 100837 2424.335   181  252.771 2677.106
       133891.6   0.00  56.08   8.81  57.72  99.74 100845 2424.496   181  252.771 2677.267
       133901.6  92.78   0.00  96.78  57.73  99.74 100852 2424.671   181  252.771 2677.442
       133911.6  44.85   0.00  63.10  57.77  99.74 100860 2424.868   181  252.771 2677.639
       133921.6  59.62   0.00   2.61  57.88  99.74 100868 2425.074   181  252.771 2677.845
       133931.6   0.00 100.00  73.11  57.92  99.74 100875 2425.246   181  252.771 2678.017
       133941.6   0.00  58.33  30.74  57.99  99.74 100883 2425.445   181  252.771 2678.216
       133951.6   0.00 100.00  18.93  59.91  99.74 100891 2425.702   181  252.771 2678.473
       133961.6   0.00  64.52  60.76  59.92  99.74 100899 2425.951   181  252.771 2678.721
       133971.6   0.00  99.68  63.90  61.07  99.74 100907 2426.136   181  252.771 2678.907
Timestamp         S0     S1     E      O      P     YGC     YGCT    FGC    FGCT     GCT   
       133981.6   0.00  29.40  69.01  61.10  99.74 100915 2426.327   181  252.771 2679.098
       133991.6   0.00  46.98  80.77  61.15  99.74 100923 2426.535   181  252.771 2679.306
       134001.6   0.00  33.33  44.08  61.17  99.74 100931 2426.717   181  252.771 2679.488
       134011.6  52.37   0.00  85.79  61.19  99.74 100938 2426.879   181  252.771 2679.650
       134021.6  79.64   0.00  87.27  61.22  99.74 100946 2427.069   181  252.771 2679.839
       134031.6  62.35   0.00  51.60  61.23  99.74 100954 2427.239   181  252.771 2680.010
       134041.6   0.00 100.00  96.38  61.34  99.74 100961 2427.378   181  252.771 2680.149
       134051.6   0.00  77.15  53.00  61.39  99.74 100969 2427.543   181  252.771 2680.314
       134061.6   0.00  99.91  41.83  65.86  99.74 100977 2427.837   181  252.771 2680.608
       134071.6  12.37   0.00  25.41  67.42  99.74 100986 2428.134   181  252.771 2680.905
Timestamp         S0     S1     E      O      P     YGC     YGCT    FGC    FGCT     GCT   
       134081.6   0.00  32.02  86.80  67.44  99.74 100995 2428.447   181  252.771 2681.218
       134091.6  32.54   0.00  32.54  67.53  99.74 101004 2428.683   181  252.771 2681.454
       134101.6  28.85   0.00  37.55  67.56  99.74 101012 2428.928   181  252.771 2681.699
       134111.6  48.57   0.00  44.21  67.56  99.74 101020 2429.111   181  252.771 2681.882
       134121.6  45.35   0.00   5.44  67.73  99.74 101028 2429.277   181  252.771 2682.048
       134131.6   0.00  92.78  62.20  67.75  99.74 101035 2429.417   181  252.771 2682.188
       134141.6   0.00  79.89  62.14  67.77  99.74 101043 2429.604   181  252.771 2682.375
       134151.6   0.00  66.31  46.33  68.51  99.74 101051 2429.892   181  252.771 2682.663
       134161.6   0.00  99.82  24.85  68.52  99.74 101059 2430.205   181  252.771 2682.975
       134171.6   0.00  27.78  12.70  69.15  99.74 101067 2430.404   181  252.771 2683.175
Timestamp         S0     S1     E      O      P     YGC     YGCT    FGC    FGCT     GCT   
       134181.6   0.00  34.10  23.36  69.17  99.74 101075 2430.621   181  252.771 2683.392
       134191.6  27.01   0.00  95.14  69.19  99.74 101082 2430.751   181  252.771 2683.522
       134201.6  33.33   0.00  49.61  69.22  99.74 101090 2430.926   181  252.771 2683.697
       134211.6  72.93   0.00  20.73  69.85  99.74 101098 2431.107   181  252.771 2683.878
       134221.6   0.00  75.35  85.36  69.86  99.74 101105 2431.276   181  252.771 2684.047
       134231.6   0.00  40.77  89.16  70.32  99.74 101113 2431.467   181  252.771 2684.238
       134241.6   0.00  46.14  82.66  70.35  99.74 101121 2431.692   181  252.771 2684.463
       134251.7   0.00  48.95  91.09  70.38  99.74 101129 2431.920   181  252.771 2684.691
       134261.6  61.59   0.00  76.30  70.54  99.74 101136 2432.059   181  252.771 2684.830
       134271.6  37.99   0.00  35.59  70.59  99.74 101144 2432.215   181  252.771 2684.986
Timestamp         S0     S1     E      O      P     YGC     YGCT    FGC    FGCT     GCT   
       134281.6   0.00 100.00  63.85  70.61  99.74 101151 2432.356   181  252.771 2685.127
       134291.7   0.00  36.77   6.49  70.62  99.74 101159 2432.520   181  252.771 2685.291
       134301.7  32.06   0.00  81.24  70.69  99.74 101166 2432.674   181  252.771 2685.445
       134311.7  62.12   0.00  66.83  70.71  99.74 101174 2432.846   181  252.771 2685.617
       134321.6  74.86   0.00  35.72  70.74  99.74 101182 2433.035   181  252.771 2685.806
       134331.7   0.00  99.55  71.80  70.76  99.74 101189 2433.185   181  252.771 2685.956
       134341.6  72.51   0.00  94.57  70.80  99.74 101196 2433.466   181  252.771 2686.237
       134351.6  61.09   0.00  48.47  70.82  99.74 101204 2433.656   181  252.771 2686.427
       134361.6  59.33   0.00  11.78  70.93  99.74 101212 2433.823   181  252.771 2686.594
       134371.7   0.00  45.33  62.39  70.95  99.74 101219 2433.974   181  252.771 2686.745
Timestamp         S0     S1     E      O      P     YGC     YGCT    FGC    FGCT     GCT   
       134381.6   0.00  40.64  26.70  70.97  99.74 101227 2434.189   181  252.771 2686.960
       134391.6  55.95   0.00  93.18  71.03  99.74 101234 2434.387   181  252.771 2687.158
       134401.6  62.35   0.00  10.26  71.04  99.74 101242 2434.517   181  252.771 2687.288
       134411.6   0.00  99.78  83.06  71.74  99.74 101249 2434.716   181  252.771 2687.487
       134421.6   0.00  99.76  48.59  71.76  99.74 101257 2434.943   181  252.771 2687.714
       134431.7   0.00 100.00  55.59  72.34  99.74 101265 2435.164   181  252.771 2687.935
       134441.7   0.00  64.88  59.84  72.36  99.74 101273 2435.369   181  252.771 2688.140
       134451.6   0.00  29.14   8.51  72.45  99.74 101281 2435.531   181  252.771 2688.302
       134461.6  36.62   0.00  34.42  72.47  99.74 101288 2435.671   181  252.771 2688.442
       134471.7   0.00 100.00  88.91  72.49  99.74 101295 2435.826   181  252.771 2688.597
Timestamp         S0     S1     E      O      P     YGC     YGCT    FGC    FGCT     GCT   
       134481.6   0.00  99.58  63.36  72.52  99.74 101303 2436.029   181  252.771 2688.800
       134491.7   0.00  52.86  47.17  72.59  99.74 101311 2436.285   181  252.771 2689.056
       134501.6   0.00  47.59   3.63  72.63  99.74 101319 2436.461   181  252.771 2689.232
       134511.6  44.97   0.00  57.78  72.64  99.74 101326 2436.599   181  252.771 2689.370
       134521.7   0.00  99.14  67.64  72.66  99.74 101333 2436.720   181  252.771 2689.491
       134531.6  65.58   0.00  68.66  72.67  99.74 101340 2436.868   181  252.771 2689.639
       134541.6  66.59   0.00  49.91  72.78  99.74 101348 2437.207   181  252.771 2689.978
       134551.6  85.37   0.00  61.62  72.80  99.74 101356 2437.414   181  252.771 2690.185
       134561.7  55.77   0.00  71.22  73.01  99.74 101364 2437.631   181  252.771 2690.402
       134571.7  44.62   0.00  65.78  73.13  99.74 101372 2437.789   181  252.771 2690.560
Timestamp         S0     S1     E      O      P     YGC     YGCT    FGC    FGCT     GCT   
       134581.7  44.85   0.00  52.74  73.25  99.74 101380 2437.983   181  252.771 2690.754
       134591.7  37.99   0.00  40.89  73.28  99.74 101388 2438.165   181  252.771 2690.936
       134601.7   0.00  51.03  84.39  73.33  99.74 101395 2438.307   181  252.771 2691.078
       134611.7   0.00  53.44  70.06  73.37  99.74 101403 2438.491   181  252.771 2691.262
       134621.7   0.00  88.98  15.16  73.38  99.74 101411 2438.718   181  252.771 2691.489
       134631.7  35.95   0.00  53.87  73.44  99.74 101418 2438.875   181  252.771 2691.645
       134641.7   0.00  35.75  86.99  73.46  99.74 101425 2439.008   181  252.771 2691.779
       134651.7   0.00  47.52  28.51  73.49  99.74 101433 2439.183   181  252.771 2691.954
       134661.7  34.24   0.00  59.06  73.51  99.74 101440 2439.336   181  252.771 2692.107
       134671.7  64.65   0.00  17.90  73.53  99.74 101448 2439.493   181  252.771 2692.264
Timestamp         S0     S1     E      O      P     YGC     YGCT    FGC    FGCT     GCT   
       134681.7   0.00  71.43  48.61  73.55  99.74 101455 2439.668   181  252.771 2692.439
       134691.7   0.00  64.95  23.09  73.58  99.74 101463 2439.845   181  252.771 2692.616
       134701.7   0.00  38.87  19.69  74.01  99.74 101471 2440.093   181  252.771 2692.863
       134711.7   0.00  28.86  16.91  74.10  99.74 101479 2440.299   181  252.771 2693.070
       134721.7  43.20   0.00  79.50  74.25  99.74 101486 2440.458   181  252.771 2693.229
       134731.7  53.76   0.00  37.17  74.27  99.74 101494 2440.612   181  252.771 2693.383
       134741.7   0.00  40.80  74.69  74.35  99.74 101501 2440.740   181  252.771 2693.511
       134751.7   0.00  49.39  42.63  74.37  99.74 101509 2440.905   181  252.771 2693.676
       134761.7  47.76   0.00  38.67  74.45  99.74 101516 2441.074   181  252.771 2693.845
       134771.7  67.42   0.00  14.23  74.54  99.74 101524 2441.253   181  252.771 2694.024
Timestamp         S0     S1     E      O      P     YGC     YGCT    FGC    FGCT     GCT   
       134781.7   0.00  58.77  78.06  74.63  99.74 101531 2441.487   181  252.771 2694.258
       134791.7   0.00  38.86  56.54  74.84  99.74 101539 2441.661   181  252.771 2694.432
       134801.7  31.28   0.00 100.00  74.86  99.74 101547 2441.803   181  252.771 2694.574
       134811.7  66.39   0.00  62.91  74.89  99.74 101554 2441.975   181  252.771 2694.746
       134821.7  79.59   0.00  35.82  74.92  99.74 101562 2442.174   181  252.771 2694.945
       134831.7  39.84  99.51 100.00  74.97  99.74 101570 2442.312   181  252.771 2695.082
       134841.7   0.00  48.80  32.89  74.98  99.74 101577 2442.489   181  252.771 2695.260
       134851.7  54.96   0.00  37.30  75.00  99.74 101584 2442.625   181  252.771 2695.396
       134861.7   0.00  99.55  59.69  75.02  99.74 101591 2442.760   181  252.771 2695.531
       134871.7  41.43   0.00  59.90  75.04  99.74 101598 2442.886   181  252.771 2695.657
Timestamp         S0     S1     E      O      P     YGC     YGCT    FGC    FGCT     GCT   
       134881.7  67.68   0.00  15.49  75.08  99.74 101606 2443.132   181  252.771 2695.903
       134891.8   0.00 100.00  76.01  75.10  99.74 101613 2443.326   181  252.771 2696.097
       134901.8   0.00  35.39  20.67  75.19  99.74 101621 2443.491   181  252.771 2696.262
       134911.8  85.12   0.00  82.26  75.24  99.74 101628 2443.659   181  252.771 2696.430
       134921.8  48.76   0.00  49.61  75.27  99.74 101636 2443.837   181  252.771 2696.608
       134931.8  57.57   0.00   8.61  75.35  99.74 101644 2443.993   181  252.771 2696.764
       134941.8   0.00  51.61  55.52  75.36  99.74 101651 2444.251   181  252.771 2697.022
       134951.8   0.00  50.00  23.47  75.46  99.74 101659 2444.428   181  252.771 2697.199
       134961.8  83.93   0.00  65.90  75.54  99.74 101666 2444.560   181  252.771 2697.331
       134971.8  73.24   0.00  39.32  75.56  99.74 101674 2444.748   181  252.771 2697.519
Timestamp         S0     S1     E      O      P     YGC     YGCT    FGC    FGCT     GCT   
       134981.8   0.00 100.00  98.35  75.63  99.74 101681 2444.910   181  252.771 2697.681
       134991.8   0.00 100.00  91.13  75.71  99.74 101689 2445.109   181  252.771 2697.880
       135001.8   0.00 100.00  20.26  75.72  99.74 101697 2445.281   181  252.771 2698.052
       135011.8  39.61   0.00  67.16  75.89  99.74 101704 2445.426   181  252.771 2698.197
       135021.8  44.31   0.00   8.50  75.93  99.74 101712 2445.605   181  252.771 2698.376
       135031.8   0.00 100.00  82.64  75.94  99.74 101719 2445.758   181  252.771 2698.529
       135041.8   0.00  57.73  31.14  76.00  99.74 101727 2445.927   181  252.771 2698.698
       135051.8   0.00  61.68  35.65  76.10  99.74 101735 2446.111   181  252.771 2698.882
       135061.8  40.57   0.00  80.05  76.13  99.74 101742 2446.253   181  252.771 2699.024
       135071.8  35.16   0.00  31.13  76.21  99.74 101750 2446.421   181  252.771 2699.192
Timestamp         S0     S1     E      O      P     YGC     YGCT    FGC    FGCT     GCT   
       135081.8   0.00  40.42  57.12  76.23  99.74 101757 2446.558   181  252.771 2699.329
       135091.8  66.42   0.00  88.52  76.25  99.74 101764 2446.696   181  252.771 2699.467
       135101.8  61.31   0.00   4.79  76.27  99.74 101772 2446.902   181  252.771 2699.673
       135111.8   0.00  99.40  31.36  76.29  99.74 101779 2447.043   181  252.771 2699.814
       135121.8  91.83   0.00  68.34  78.29  99.74 101786 2447.280   181  252.771 2700.051
       135131.8  65.88   0.00  71.07  78.29  99.74 101794 2447.491   181  252.771 2700.262
       135141.8  36.40   0.00  80.80  79.07  99.74 101802 2447.785   181  252.771 2700.556
       135151.8  42.16   0.00  74.73  79.11  99.74 101810 2448.061   181  252.771 2700.832
       135161.8   0.00 100.00  84.98  17.41  99.74 101817 2448.215   182  254.087 2702.302
       135171.8   0.00  60.06  65.56  17.41  99.74 101825 2448.447   182  254.087 2702.534
Timestamp         S0     S1     E      O      P     YGC     YGCT    FGC    FGCT     GCT   
       135181.8   0.00  62.54  37.96  17.93  99.74 101833 2448.627   182  254.087 2702.714
       135191.8  34.63   0.00  80.50  17.97  99.74 101840 2448.765   182  254.087 2702.852
       135201.8  25.35   0.00  22.13  17.99  99.74 101848 2448.919   182  254.087 2703.006
       135211.8   0.00  54.42  25.18  18.01  99.74 101855 2449.030   182  254.087 2703.117
       135221.8  50.67   0.00  43.74  18.03  99.74 101862 2449.145   182  254.087 2703.232
       135231.8   0.00 100.00  75.24  18.93  99.74 101869 2449.289   182  254.087 2703.376
       135241.8   0.00  55.72   8.91  18.94  99.74 101877 2449.521   182  254.087 2703.608
       135251.8  37.78   0.00  60.82  19.45  99.74 101884 2449.680   182  254.087 2703.767
       135261.8  63.35   0.00  21.15  19.47  99.74 101892 2449.832   182  254.087 2703.919
       135271.8  70.87   0.00  23.81  19.49  99.74 101900 2449.989   182  254.087 2704.076
Timestamp         S0     S1     E      O      P     YGC     YGCT    FGC    FGCT     GCT   
       135281.8  53.78   0.00  14.43  19.59  99.74 101908 2450.172   182  254.087 2704.259
       135291.8   0.00  56.08  98.66  19.60  99.74 101916 2450.329   182  254.087 2704.416
       135301.8   0.00  53.87  36.72  19.62  99.74 101923 2450.488   182  254.087 2704.575
       135311.8  30.68   0.00  70.14  19.71  99.74 101930 2450.638   182  254.087 2704.725
       135321.8  93.59   0.00   5.77  19.73  99.74 101938 2450.840   182  254.087 2704.927
       135331.8   0.00  99.47  89.38  19.75  99.74 101945 2451.035   182  254.087 2705.122
       135341.8   0.00  63.20  23.54  19.76  99.74 101953 2451.181   182  254.087 2705.268
       135351.8   0.00  41.56   0.00  19.86  99.74 101961 2451.321   182  254.087 2705.408
       135361.8  61.90   0.00  57.23  19.88  99.74 101968 2451.477   182  254.087 2705.564
       135371.8  52.89   0.00   0.00  19.90  99.74 101976 2451.621   182  254.087 2705.708
Timestamp         S0     S1     E      O      P     YGC     YGCT    FGC    FGCT     GCT   
       135381.8   0.00  78.49  85.51  19.98  99.74 101983 2451.764   182  254.087 2705.851
       135391.8   0.00  73.23  65.80  19.99  99.74 101991 2451.907   182  254.087 2705.994
       135401.8  78.57   0.00  92.60  20.02  99.74 101998 2452.026   182  254.087 2706.113
       135411.8  92.78   0.00  49.06  20.03  99.74 102006 2452.232   182  254.087 2706.319
       135421.8   0.00  55.72  92.82  20.05  99.74 102013 2452.392   182  254.087 2706.479
       135431.8   0.00 100.00  38.85  20.15  99.74 102021 2452.593   182  254.087 2706.680
       135441.8   0.00  48.14   1.38  20.16  99.74 102029 2452.825   182  254.087 2706.912
       135451.8  65.59   0.00  69.54  20.18  99.74 102036 2452.953   182  254.087 2707.040
       135461.8  42.26   0.00  14.56  20.20  99.74 102044 2453.100   182  254.087 2707.188
       135471.8   0.00  60.97  71.01  20.21  99.74 102051 2453.258   182  254.087 2707.345
Timestamp         S0     S1     E      O      P     YGC     YGCT    FGC    FGCT     GCT   
       135481.8   0.00  53.03  56.54  20.26  99.74 102059 2453.441   182  254.087 2707.528
       135491.8   0.00  65.23  34.64  20.33  99.74 102067 2453.629   182  254.087 2707.716
       135501.8  62.99   0.00  97.18  20.41  99.74 102074 2453.762   182  254.087 2707.849
       135511.8  59.54   0.00  52.70  20.42  99.74 102082 2453.914   182  254.087 2708.001
       135521.8   0.00  48.32  82.98  20.44  99.74 102089 2454.078   182  254.087 2708.165
       135531.8   0.00  99.68  47.57  20.59  99.74 102097 2454.240   182  254.087 2708.327
       135541.8   0.00  57.87   6.80  21.32  99.74 102105 2454.457   182  254.087 2708.544
       135551.8  48.34   0.00  77.25  21.37  99.74 102112 2454.639   182  254.087 2708.726
       135561.8  43.94   0.00  26.73  21.62  99.74 102120 2454.817   182  254.087 2708.904
       135571.8   0.00  34.57  73.00  21.70  99.74 102127 2454.964   182  254.087 2709.051
Timestamp         S0     S1     E      O      P     YGC     YGCT    FGC    FGCT     GCT   
       135581.8   0.00  44.16  27.27  21.72  99.74 102135 2455.122   182  254.087 2709.209
       135591.8  50.00   0.00  82.02  21.74  99.74 102142 2455.342   182  254.087 2709.429
       135601.8  74.36   0.00  49.99  21.78  99.74 102150 2455.500   182  254.087 2709.588
       135611.8  39.00   0.00   2.97  21.88  99.74 102158 2455.664   182  254.087 2709.751
       135621.8   0.00  65.41  63.51  21.93  99.74 102165 2455.867   182  254.087 2709.954
       135631.8   0.00  87.35  38.33  21.97  99.74 102173 2456.026   182  254.087 2710.113
       135641.8   0.00 100.00  38.44  22.04  99.74 102181 2456.205   182  254.087 2710.292
       135651.8   0.00  99.70  37.13  22.16  99.74 102189 2456.433   182  254.087 2710.520
       135661.8   0.00 100.00   3.59  22.35  99.74 102197 2456.769   182  254.087 2710.856
       135671.8   0.00  50.00  12.51  22.45  99.74 102205 2456.973   182  254.087 2711.060
Timestamp         S0     S1     E      O      P     YGC     YGCT    FGC    FGCT     GCT   
       135681.8  45.00   0.00  88.57  22.51  99.74 102212 2457.148   182  254.087 2711.235
       135691.8   0.00  39.30  79.96  22.53  99.74 102219 2457.290   182  254.087 2711.377
       135701.8   0.00 100.00  66.66  22.55  99.74 102227 2457.476   182  254.087 2711.563
       135711.8   0.00  76.75  50.52  22.57  99.74 102235 2457.662   182  254.087 2711.749
       135721.8   0.00  99.19  27.49  22.74  99.74 102243 2457.843   182  254.087 2711.930
       135731.8  55.76   0.00  93.49  22.78  99.74 102250 2457.968   182  254.087 2712.055
       135741.8  71.55   0.00  75.17  22.79  99.74 102258 2458.152   182  254.087 2712.239
       135751.8  48.53   0.00  28.75  22.82  99.74 102266 2458.303   182  254.087 2712.390
       135761.8   0.00  58.55  76.67  22.85  99.74 102273 2458.442   182  254.087 2712.529
       135771.8   0.00 100.00  67.08  25.26  99.74 102281 2458.668   182  254.087 2712.755
Timestamp         S0     S1     E      O      P     YGC     YGCT    FGC    FGCT     GCT   
       135781.8   0.00  58.15  52.41  25.27  99.74 102289 2458.902   182  254.087 2712.989
       135791.8   0.00  37.20  70.32  26.27  99.74 102297 2459.108   182  254.087 2713.195
       135801.8   0.00  20.41  35.29  26.28  99.74 102305 2459.303   182  254.087 2713.390
       135811.8  32.25   0.00  73.52  26.30  99.74 102312 2459.417   182  254.087 2713.504
       135821.8  68.43   0.00  17.94  26.34  99.74 102320 2459.586   182  254.087 2713.673
       135831.8   0.00  48.14  85.34  26.35  99.74 102327 2459.735   182  254.087 2713.822
       135841.8   0.00  99.65  58.42  26.43  99.74 102335 2459.936   182  254.087 2714.023
       135851.8   0.00 100.00  59.17  26.45  99.74 102343 2460.157   182  254.087 2714.244
       135861.8   0.00  71.90  23.58  26.55  99.74 102351 2460.333   182  254.087 2714.420
       135871.8   0.00  99.54  10.62  26.58  99.74 102359 2460.467   182  254.087 2714.554
Timestamp         S0     S1     E      O      P     YGC     YGCT    FGC    FGCT     GCT   
       135881.8  52.11   0.00  92.92  26.59  99.74 102366 2460.632   182  254.087 2714.719
       135891.8  79.52   0.00  68.27  26.61  99.74 102374 2460.807   182  254.087 2714.894
       135901.8  59.44   0.00  24.13  26.63  99.74 102382 2460.965   182  254.087 2715.052
       135911.8  81.36   0.00   2.35  28.76  99.74 102390 2461.205   182  254.087 2715.292
       135921.8  66.97   0.00  30.78  28.77  99.74 102398 2461.467   182  254.087 2715.554
       135931.8  20.63   0.00  57.84  29.80  99.74 102406 2461.737   182  254.087 2715.824
       135941.8  25.11   0.00  82.42  29.81  99.74 102414 2461.989   182  254.087 2716.076
       135951.8  14.67   0.00  77.36  29.95  99.74 102422 2462.155   182  254.087 2716.243
       135961.8  45.66   0.00  55.64  29.99  99.74 102430 2462.341   182  254.087 2716.428
       135971.8  30.86   0.00   0.00  30.01  99.74 102438 2462.551   182  254.087 2716.638
Timestamp         S0     S1     E      O      P     YGC     YGCT    FGC    FGCT     GCT   
       135981.8   0.00  82.38  63.45  30.09  99.74 102445 2462.704   182  254.087 2716.791
       135991.8   0.00  64.29  44.64  30.11  99.74 102453 2462.888   182  254.087 2716.975
       136001.8  47.07   0.00  90.28  30.17  99.74 102460 2463.049   182  254.087 2717.136
       136011.8  70.83   0.00  70.95  30.19  99.74 102468 2463.214   182  254.087 2717.301
       136021.8   0.00 100.00  93.09  30.98  99.74 102475 2463.393   182  254.087 2717.480
       136031.8   0.00 100.00  95.89  31.07  99.74 102483 2463.638   182  254.087 2717.725
       136041.8  36.49   0.00   5.18  31.97  99.74 102492 2463.858   182  254.087 2717.945
       136051.8  44.50   0.00  19.91  32.05  99.74 102500 2464.076   182  254.087 2718.163
       136061.8  56.65   0.00  30.51  32.09  99.74 102508 2464.256   182  254.087 2718.343
       136071.8  78.77   0.00  20.59  32.10  99.74 102516 2464.441   182  254.087 2718.528
Timestamp         S0     S1     E      O      P     YGC     YGCT    FGC    FGCT     GCT   
       136081.8   0.00  49.30  81.24  32.14  99.74 102523 2464.577   182  254.087 2718.664
       136091.8   0.00  51.39  71.55  32.16  99.74 102531 2464.734   182  254.087 2718.821
       136101.8   0.00 100.00  45.05  32.26  99.74 102539 2464.906   182  254.087 2718.993
       136111.8   0.00  53.76   8.43  32.31  99.74 102547 2465.080   182  254.087 2719.167
       136121.8  78.96   0.00  85.77  32.37  99.74 102554 2465.245   182  254.087 2719.332
       136131.8  48.73   0.00  45.82  32.39  99.74 102562 2465.384   182  254.087 2719.471
       136141.8   0.00  46.81  95.48  32.45  99.74 102569 2465.547   182  254.087 2719.634
       136151.9   0.00  99.70  96.44  32.65  99.74 102577 2465.756   182  254.087 2719.843
       136161.9   0.00 100.00  60.11  32.67  99.74 102585 2466.016   182  254.087 2720.103
       136171.8   0.00  37.35  54.25  33.13  99.74 102593 2466.240   182  254.087 2720.327
Timestamp         S0     S1     E      O      P     YGC     YGCT    FGC    FGCT     GCT   
       136181.8   0.00  58.37  11.46  33.16  99.74 102601 2466.394   182  254.087 2720.481
       136191.8  90.71   0.00  81.41  33.20  99.74 102608 2466.526   182  254.087 2720.613
       136201.9  87.17   0.00  78.99  33.22  99.74 102616 2466.705   182  254.087 2720.792
       136211.9  29.20   0.00  33.90  33.31  99.74 102624 2466.860   182  254.087 2720.947
       136221.9   0.00  30.13  83.21  33.40  99.74 102631 2467.002   182  254.087 2721.089
       136231.9   0.00  64.32  50.99  33.44  99.74 102639 2467.147   182  254.087 2721.234
       136241.9   0.00  63.81   1.52  33.45  99.74 102647 2467.311   182  254.087 2721.398
       136251.9  69.19   0.00  41.93  34.22  99.74 102654 2467.509   182  254.087 2721.596
       136261.9   0.00  73.93  88.06  34.26  99.74 102661 2467.716   182  254.087 2721.803
       136271.9  24.93   0.00  14.01  35.14  99.74 102670 2467.939   182  254.087 2722.026
Timestamp         S0     S1     E      O      P     YGC     YGCT    FGC    FGCT     GCT   
       136281.9  49.13   0.00  20.76  35.17  99.74 102678 2468.128   182  254.087 2722.215
       136291.9  40.32   0.00  15.44  35.20  99.74 102686 2468.304   182  254.087 2722.391
       136301.9   0.00  50.21  99.62  35.23  99.74 102693 2468.430   182  254.087 2722.517
       136311.9   0.00  39.13  44.25  35.27  99.74 102701 2468.568   182  254.087 2722.655
       136321.9   0.00 100.00   3.85  35.29  99.74 102709 2468.764   182  254.087 2722.851
       136331.9  56.51   0.00  73.17  35.30  99.74 102716 2468.908   182  254.087 2722.995
       136341.9  75.39   0.00  58.96  35.50  99.74 102724 2469.094   182  254.087 2723.181
       136351.9  36.79   0.00  62.35  35.55  99.74 102732 2469.279   182  254.087 2723.366
       136361.9  56.13   0.00  36.84  35.57  99.74 102740 2469.461   182  254.087 2723.548
       136371.9  34.60   0.00  21.69  35.65  99.74 102748 2469.629   182  254.087 2723.716
Timestamp         S0     S1     E      O      P     YGC     YGCT    FGC    FGCT     GCT   
       136381.9   0.00  48.00  66.24  35.67  99.74 102755 2469.787   182  254.087 2723.874
       136391.9   0.00  68.93  58.43  35.70  99.74 102763 2469.936   182  254.087 2724.023
       136401.9  55.46   0.00  73.56  35.72  99.74 102770 2470.058   182  254.087 2724.145
       136411.9  37.81   0.00  22.92  35.86  99.74 102778 2470.231   182  254.087 2724.318
       136421.9   0.00  78.98  82.66  35.89  99.74 102785 2470.390   182  254.087 2724.477
       136431.9  42.81   0.00  66.55  35.90  99.74 102792 2470.513   182  254.087 2724.600
       136441.9  56.64   0.00   0.53  35.92  99.74 102800 2470.697   182  254.087 2724.785
       136451.9   0.00 100.00  81.38  39.11  99.74 102807 2470.899   182  254.087 2724.986
       136461.9   0.00  99.76  53.84  39.13  99.74 102815 2471.108   182  254.087 2725.195
       136471.9   0.00  39.60  56.20  39.82  99.74 102823 2471.289   182  254.087 2725.376
Timestamp         S0     S1     E      O      P     YGC     YGCT    FGC    FGCT     GCT   
       136481.9   0.00  66.24  66.22  39.85  99.74 102831 2471.520   182  254.087 2725.607
       136491.9   0.00  52.74  72.27  39.86  99.74 102839 2471.697   182  254.087 2725.784
       136501.9   0.00  41.74  25.24  40.01  99.74 102847 2471.932   182  254.087 2726.019
       136511.9  87.12   0.00 100.00  40.04  99.74 102855 2472.094   182  254.087 2726.181
       136521.9  47.63   0.00  66.24  40.22  99.74 102862 2472.519   182  254.087 2726.606
       136531.9  39.53   0.00  65.39  40.23  99.74 102870 2472.711   182  254.087 2726.798
       136541.9  52.45   0.00  30.53  40.34  99.74 102878 2472.893   182  254.087 2726.980
       136551.9   0.00  47.89  98.08  40.37  99.74 102886 2473.058   182  254.087 2727.145
       136561.9   0.00  47.68  61.86  40.39  99.74 102893 2473.255   182  254.087 2727.342
       136571.9   0.00  54.67  40.87  40.74  99.74 102901 2473.462   182  254.087 2727.549
Timestamp         S0     S1     E      O      P     YGC     YGCT    FGC    FGCT     GCT   
       136581.9   0.00 100.00   1.40  40.80  99.74 102909 2473.677   182  254.087 2727.764
       136591.9  42.53   0.00  14.89  40.97  99.74 102916 2473.816   182  254.087 2727.903
       136601.9   0.00  39.95  33.72  41.01  99.74 102923 2473.971   182  254.087 2728.058
       136611.9  83.63   0.00  89.88  41.03  99.74 102930 2474.121   182  254.087 2728.208
       136621.9  83.06   0.00  34.84  41.04  99.74 102938 2474.372   182  254.087 2728.459
       136631.9  98.65   0.00   9.57  41.13  99.74 102946 2474.534   182  254.087 2728.621
       136641.9  62.58   0.00  21.62  44.21  99.74 102954 2474.909   182  254.087 2728.996
       136651.9  28.20   0.00  52.61  44.98  99.74 102962 2475.158   182  254.087 2729.245
       136661.9   0.00  12.14   0.00  45.59  99.74 102971 2475.339   182  254.087 2729.426
       136671.9   0.00  24.19  38.03  45.61  99.74 102979 2475.516   182  254.087 2729.603
Timestamp         S0     S1     E      O      P     YGC     YGCT    FGC    FGCT     GCT   
       136681.9   0.00  49.27  19.24  45.62  99.74 102987 2475.713   182  254.087 2729.800
       136691.9  28.73   0.00  76.57  45.68  99.74 102994 2475.878   182  254.087 2729.965
       136701.9  37.84   0.00  18.27  45.69  99.74 103002 2476.105   182  254.087 2730.192
       136712.0   0.00 100.00  45.64  45.71  99.74 103009 2476.230   182  254.087 2730.317
       136721.9  65.79   0.00  80.81  45.74  99.74 103016 2476.369   182  254.087 2730.456
       136731.9  71.22   0.00  42.56  45.76  99.74 103024 2476.541   182  254.087 2730.628
       136741.9   0.00  38.10  75.80  45.78  99.74 103031 2476.805   182  254.087 2730.892
       136751.9   0.00  54.60  16.22  45.81  99.74 103039 2476.961   182  254.087 2731.048
       136761.9  65.57   0.00  88.26  45.83  99.74 103046 2477.114   182  254.087 2731.201
       136771.9  62.22   0.00  46.58  45.85  99.74 103054 2477.373   182  254.087 2731.460
Timestamp         S0     S1     E      O      P     YGC     YGCT    FGC    FGCT     GCT   
       136781.9   0.00  99.51  97.75  45.88  99.74 103061 2477.499   182  254.087 2731.586
       136791.9   0.00  40.66  27.20  45.90  99.74 103069 2477.662   182  254.087 2731.749
       136801.9  71.99   0.00  36.80  45.92  99.74 103076 2477.806   182  254.087 2731.893
       136811.9   0.00 100.00  92.86  46.06  99.74 103083 2477.958   182  254.087 2732.045
       136821.9   0.00  68.18  77.19  46.12  99.74 103091 2478.141   182  254.087 2732.228
       136831.9   0.00  64.73  57.01  46.36  99.74 103099 2478.393   182  254.087 2732.480
       136841.9   0.00  99.34  28.66  46.43  99.74 103107 2478.562   182  254.087 2732.649
       136852.0  36.03   0.00  59.68  46.46  99.74 103114 2478.694   182  254.087 2732.782
       136861.9  43.69   0.00   5.89  46.51  99.74 103122 2478.899   182  254.087 2732.986
       136872.0   0.00  83.99 100.00  46.53  99.74 103129 2479.065   182  254.087 2733.152
Timestamp         S0     S1     E      O      P     YGC     YGCT    FGC    FGCT     GCT   
       136882.0   0.00  70.93  64.98  46.58  99.74 103137 2479.300   182  254.087 2733.387
       136892.0   0.00  50.88  76.15  46.62  99.74 103145 2479.508   182  254.087 2733.595
       136902.0   0.00  34.60  39.28  46.68  99.74 103153 2479.724   182  254.087 2733.811
       136912.0   0.00  35.57   9.54  46.72  99.74 103161 2479.878   182  254.087 2733.965
       136922.0  79.38   0.00  58.72  46.73  99.74 103168 2480.070   182  254.087 2734.157
       136932.0  62.80   0.00  44.42  46.75  99.74 103176 2480.252   182  254.087 2734.339
       136942.0  76.29   0.00  23.41  46.90  99.74 103184 2480.431   182  254.087 2734.518
       136952.0   0.00  33.62  86.46  46.94  99.74 103191 2480.625   182  254.087 2734.713
       136962.0   0.00 100.00  80.83  46.98  99.74 103199 2480.802   182  254.087 2734.889
       136972.0   0.00  42.09  63.16  47.00  99.74 103207 2480.977   182  254.087 2735.064
Timestamp         S0     S1     E      O      P     YGC     YGCT    FGC    FGCT     GCT   
       136982.0  58.96   0.00  99.08  47.05  99.74 103215 2481.115   182  254.087 2735.202
       136992.0  68.64   0.00  19.01  47.12  99.74 103222 2481.300   182  254.087 2735.387
       137002.0   0.00  64.14  84.58  47.13  99.74 103229 2481.425   182  254.087 2735.512
       137012.0   0.00  99.61  89.05  47.24  99.74 103237 2481.627   182  254.087 2735.714
       137022.1   0.00 100.00  49.07  47.25  99.74 103245 2481.802   182  254.087 2735.889
       137032.1   0.00  99.74  24.35  47.28  99.74 103253 2481.981   182  254.087 2736.068
       137042.1  57.37   0.00  90.69  47.30  99.74 103260 2482.132   182  254.087 2736.219
       137052.1  68.62   0.00   1.42  47.40  99.74 103268 2482.318   182  254.087 2736.405
       137062.1   0.00 100.00  29.42  47.46  99.74 103275 2482.461   182  254.087 2736.548
       137072.1  96.15   0.00  69.84  47.48  99.74 103282 2482.597   182  254.087 2736.684
Timestamp         S0     S1     E      O      P     YGC     YGCT    FGC    FGCT     GCT   
       137082.1  61.00   0.00  11.67  47.49  99.74 103290 2482.753   182  254.087 2736.840
       137092.1   0.00  41.53  66.21  47.51  99.74 103297 2482.924   182  254.087 2737.011
       137102.1  95.87   0.00  80.78  47.67  99.74 103304 2483.116   182  254.087 2737.203
       137112.1  64.31   0.00  61.75  47.69  99.74 103312 2483.307   182  254.087 2737.394
       137122.1  32.20   0.00  11.83  48.00  99.74 103320 2483.458   182  254.087 2737.545
       137132.1   0.00  64.61  85.31  48.04  99.74 103327 2483.591   182  254.087 2737.678
       137142.1   0.00  67.79  48.27  48.06  99.74 103335 2483.745   182  254.087 2737.832
       137152.1   0.00  55.30  30.63  48.13  99.74 103343 2483.920   182  254.087 2738.007
       137162.1  78.50   0.00  87.73  48.17  99.74 103350 2484.064   182  254.087 2738.151
       137172.1  41.88   0.00  40.88  48.19  99.74 103358 2484.227   182  254.087 2738.314
Timestamp         S0     S1     E      O      P     YGC     YGCT    FGC    FGCT     GCT   
       137182.1   0.00  64.58  88.90  48.30  99.74 103365 2484.361   182  254.087 2738.448
       137192.1   0.00  35.05  59.06  48.32  99.74 103373 2484.517   182  254.087 2738.604
       137202.1   0.00 100.00  40.86  48.33  99.74 103381 2484.687   182  254.087 2738.775
       137212.1  55.46   0.00  98.21  48.35  99.74 103388 2484.805   182  254.087 2738.892
       137222.1  39.83   0.00  37.36  48.47  99.74 103396 2485.002   182  254.087 2739.089
       137232.1   0.00  51.97  98.31  48.48  99.74 103403 2485.146   182  254.087 2739.233
       137242.1   0.00  99.66  50.45  48.60  99.74 103411 2485.300   182  254.087 2739.387
       137252.1   0.00  35.07  38.52  48.63  99.74 103419 2485.479   182  254.087 2739.566
       137262.1   0.00  65.40  21.43  48.65  99.74 103427 2485.663   182  254.087 2739.750
       137272.1  40.85   0.00  95.77  48.72  99.74 103434 2485.815   182  254.087 2739.902
Timestamp         S0     S1     E      O      P     YGC     YGCT    FGC    FGCT     GCT   
       137282.1  46.65   0.00  12.88  48.83  99.74 103442 2486.064   182  254.087 2740.151
       137292.1   0.00  57.32  62.46  48.88  99.74 103449 2486.230   182  254.087 2740.317
       137302.1   0.00  61.63  17.60  48.89  99.74 103457 2486.433   182  254.087 2740.520
       137312.1  70.29   0.00  74.57  48.91  99.74 103464 2486.567   182  254.087 2740.654
       137322.1  44.66   0.00  40.46  48.92  99.74 103472 2486.747   182  254.087 2740.834
       137332.1   0.00  58.61  75.22  48.95  99.74 103479 2486.876   182  254.087 2740.963
       137342.1   0.00  38.92  17.51  48.99  99.74 103487 2487.052   182  254.087 2741.139
       137352.1  78.24   0.00  81.30  49.00  99.74 103494 2487.189   182  254.087 2741.276
       137362.1   0.00 100.00  95.78  49.06  99.74 103501 2487.351   182  254.087 2741.438
       137372.1   0.00  53.16  23.46  49.11  99.74 103509 2487.504   182  254.087 2741.591
Timestamp         S0     S1     E      O      P     YGC     YGCT    FGC    FGCT     GCT   
       137382.1  77.48   0.00  68.27  49.13  99.74 103516 2487.637   182  254.087 2741.724
       137392.1  64.52   0.00  18.44  49.14  99.74 103524 2487.801   182  254.087 2741.888
       137402.1   0.00 100.00  69.68  49.21  99.74 103531 2487.962   182  254.087 2742.049
       137412.1   0.00  64.90  34.90  49.29  99.74 103539 2488.184   182  254.087 2742.271
       137422.1  59.59   0.00  64.52  49.34  99.74 103546 2488.324   182  254.087 2742.411
       137432.1  49.42   0.00  29.83  49.39  99.74 103554 2488.476   182  254.087 2742.563
       137442.1  55.91   0.00   7.13  49.41  99.74 103562 2488.667   182  254.087 2742.754
       137452.2   0.00  39.72  91.12  49.43  99.74 103569 2488.787   182  254.087 2742.874
       137462.1   0.00  96.02  22.48  49.45  99.74 103577 2488.996   182  254.087 2743.083
       137472.2  52.50   0.00  86.32  49.46  99.74 103584 2489.149   182  254.087 2743.236
Timestamp         S0     S1     E      O      P     YGC     YGCT    FGC    FGCT     GCT   
       137482.1  67.86   0.00  24.79  49.49  99.74 103592 2489.323   182  254.087 2743.410
       137492.2   0.00  43.31  74.49  49.51  99.74 103599 2489.444   182  254.087 2743.531
       137502.1   0.00  44.97  11.93  49.52  99.74 103607 2489.687   182  254.087 2743.775
       137512.1 100.00   0.00  75.83  50.87  99.74 103614 2489.846   182  254.087 2743.933
       137522.2  63.88   0.00  49.45  50.89  99.74 103622 2490.101   182  254.087 2744.188
       137532.2  40.07   0.00  11.22  51.42  99.74 103630 2490.376   182  254.087 2744.463
       137542.1  52.69   0.00   0.00  51.45  99.74 103638 2490.609   182  254.087 2744.696
       137552.1   0.00  27.93  92.78  51.47  99.74 103645 2490.771   182  254.087 2744.858
       137562.1   0.00  45.13  38.83  51.53  99.74 103653 2490.912   182  254.087 2744.999
       137572.1  35.56   0.00  74.44  51.55  99.74 103660 2491.078   182  254.087 2745.165
Timestamp         S0     S1     E      O      P     YGC     YGCT    FGC    FGCT     GCT   
       137582.1  54.50   0.00  32.51  51.57  99.74 103668 2491.257   182  254.087 2745.344
       137592.1  68.48   0.00  25.42  51.59  99.74 103676 2491.423   182  254.087 2745.510
       137602.1   0.00  45.38  85.36  51.77  99.74 103683 2491.598   182  254.087 2745.685
       137612.1   0.00 100.00  80.22  51.80  99.74 103691 2491.800   182  254.087 2745.887
       137622.2   0.00  52.46  55.91  51.85  99.74 103699 2491.970   182  254.087 2746.057
       137632.1   0.00  50.26   8.58  51.98  99.74 103707 2492.127   182  254.087 2746.214
       137642.1  57.02   0.00  74.98  52.00  99.74 103714 2492.300   182  254.087 2746.387
       137652.1  44.76   0.00  20.10  52.03  99.74 103722 2492.487   182  254.087 2746.574
       137662.1   0.00 100.00  91.05  52.06  99.74 103729 2492.651   182  254.087 2746.739
       137672.1   0.00  52.03  63.40  52.11  99.74 103737 2492.826   182  254.087 2746.913
Timestamp         S0     S1     E      O      P     YGC     YGCT    FGC    FGCT     GCT   
       137682.1   0.00  65.38   6.53  52.17  99.74 103745 2492.985   182  254.087 2747.072
       137692.1  66.57   0.00  81.66  52.19  99.74 103752 2493.140   182  254.087 2747.227
       137702.1  57.40   0.00  43.18  52.25  99.74 103760 2493.291   182  254.087 2747.378
       137712.2   0.00  55.28  98.33  52.28  99.74 103767 2493.437   182  254.087 2747.524
       137722.2   0.00  38.00  35.04  52.37  99.74 103775 2493.592   182  254.087 2747.679
       137732.1  50.00   0.00  74.94  52.38  99.74 103782 2493.843   182  254.087 2747.930
       137742.1  74.36   0.00  46.03  52.45  99.74 103790 2494.004   182  254.087 2748.091
       137752.1  61.85   0.00  53.25  54.01  99.74 103798 2494.246   182  254.087 2748.333
       137762.2  62.34   0.00  48.77  54.03  99.74 103806 2494.492   182  254.087 2748.579
       137772.2  22.16   0.00  59.80  54.87  99.74 103814 2494.678   182  254.087 2748.765
Timestamp         S0     S1     E      O      P     YGC     YGCT    FGC    FGCT     GCT   
       137782.2  21.45   0.00  72.34  54.90  99.74 103822 2494.828   182  254.087 2748.915
       137792.2  54.90   0.00  48.89  54.92  99.74 103830 2494.992   182  254.087 2749.079
       137802.2  76.08   0.00   1.06  54.94  99.74 103838 2495.179   182  254.087 2749.266
       137812.1   0.00  66.16  76.57  54.96  99.74 103845 2495.319   182  254.087 2749.406
       137822.2   0.00  61.70   8.54  55.03  99.74 103853 2495.482   182  254.087 2749.570
       137832.1  62.50   0.00  43.49  55.05  99.74 103860 2495.613   182  254.087 2749.700
       137842.2  87.37   0.00  34.06  55.07  99.74 103868 2495.803   182  254.087 2749.890
       137852.2  70.59   0.00   2.27  55.22  99.74 103876 2495.979   182  254.087 2750.066
       137862.2   0.00 100.00  83.89  55.23  99.74 103883 2496.190   182  254.087 2750.277
       137872.2   0.00  27.82  36.70  55.66  99.74 103891 2496.363   182  254.087 2750.450
Timestamp         S0     S1     E      O      P     YGC     YGCT    FGC    FGCT     GCT   
       137882.1  43.44   0.00  86.05  55.67  99.74 103898 2496.515   182  254.087 2750.602
       137892.2  61.96   0.00  62.07  55.69  99.74 103906 2496.694   182  254.087 2750.781
       137902.2  60.19   0.00  26.89  55.75  99.74 103914 2496.876   182  254.087 2750.963
       137912.2   0.00  59.48  76.31  55.76  99.74 103921 2497.016   182  254.087 2751.103
       137922.2   0.00  45.38  38.00  55.83  99.74 103929 2497.243   182  254.087 2751.330
       137932.2   0.00  56.32   6.50  55.84  99.74 103937 2497.393   182  254.087 2751.480
       137942.2  65.34   0.00  68.30  55.89  99.74 103944 2497.556   182  254.087 2751.643
       137952.2  42.73   0.00  83.55  55.92  99.74 103952 2497.729   182  254.087 2751.816
       137962.2   0.00  51.28  97.93  55.96  99.74 103960 2497.861   182  254.087 2751.948
       137972.2   0.00 100.00  76.85  56.01  99.74 103967 2498.043   182  254.087 2752.130
Timestamp         S0     S1     E      O      P     YGC     YGCT    FGC    FGCT     GCT   
       137982.2   0.00  47.32  58.89  56.05  99.74 103975 2498.224   182  254.087 2752.311
       137992.2   0.00  51.58  44.48  56.17  99.74 103983 2498.415   182  254.087 2752.502
       138002.2   0.00  53.36   8.71  56.22  99.74 103991 2498.680   182  254.087 2752.767
       138012.2   0.00  50.95   5.54  56.27  99.74 103999 2498.858   182  254.087 2752.946
       138022.2  42.55   0.00  93.90  56.33  99.74 104006 2499.020   182  254.087 2753.107
       138032.2  30.96   0.00  79.42  56.37  99.74 104014 2499.209   182  254.087 2753.296
       138042.2  35.31   0.00  39.59  56.39  99.74 104022 2499.390   182  254.087 2753.477
       138052.2  22.90   0.00   5.81  56.43  99.74 104030 2499.549   182  254.087 2753.636
       138062.3   0.00  99.71  46.75  56.45  99.74 104037 2499.709   182  254.087 2753.796
       138072.2   0.00  48.06  15.98  56.47  99.74 104045 2499.893   182  254.087 2753.980
Timestamp         S0     S1     E      O      P     YGC     YGCT    FGC    FGCT     GCT   
       138082.2  72.68   0.00  81.06  56.52  99.74 104052 2500.143   182  254.087 2754.230
       138092.2   0.00  99.24  77.97  56.56  99.74 104059 2500.292   182  254.087 2754.379
       138102.2   0.00  71.76  17.38  56.60  99.74 104067 2500.465   182  254.087 2754.552
       138112.3  53.27   0.00  65.82  56.62  99.74 104074 2500.590   182  254.087 2754.677
       138122.2  67.55   0.00  28.59  58.00  99.74 104082 2500.841   182  254.087 2754.928
       138132.2  76.36   0.00  38.12  58.02  99.74 104090 2501.094   182  254.087 2755.181
       138142.2  24.22   0.00  42.97  58.91  99.74 104098 2501.310   182  254.087 2755.397
       138152.2  58.82   0.00  70.33  58.95  99.74 104106 2501.496   182  254.087 2755.583
       138162.2  59.97   0.00  52.52  58.98  99.74 104114 2501.694   182  254.087 2755.781
       138172.2  36.09   0.00  52.68  59.11  99.74 104122 2501.918   182  254.087 2756.005
Timestamp         S0     S1     E      O      P     YGC     YGCT    FGC    FGCT     GCT   
       138182.2  29.84   0.00  43.47  59.14  99.74 104130 2502.089   182  254.087 2756.176
       138192.2   0.00  57.18  98.04  59.16  99.74 104138 2502.275   182  254.087 2756.362
       138202.2   0.00  99.66  61.96  59.18  99.74 104145 2502.466   182  254.087 2756.553
       138212.2   0.00  73.64  27.23  59.20  99.74 104153 2502.670   182  254.087 2756.757
       138222.2   0.00  42.89   8.28  59.26  99.74 104161 2502.870   182  254.087 2756.957
       138232.2  55.42   0.00  99.26  59.28  99.74 104169 2502.994   182  254.087 2757.081
       138242.2  66.49   0.00  73.34  59.30  99.74 104176 2503.284   182  254.087 2757.371
       138252.2  60.87   0.00  51.24  59.31  99.74 104184 2503.470   182  254.087 2757.557
       138262.3  54.92   0.00  22.15  59.39  99.74 104192 2503.716   182  254.087 2757.803
       138272.2   0.00  99.49  49.60  59.41  99.74 104199 2503.845   182  254.087 2757.932
Timestamp         S0     S1     E      O      P     YGC     YGCT    FGC    FGCT     GCT   
       138282.3  52.23   0.00  65.38  59.45  99.74 104206 2503.988   182  254.087 2758.075
       138292.3  70.00   0.00  55.05  59.50  99.74 104214 2504.218   182  254.087 2758.305
       138302.3  50.67   0.00   3.50  59.51  99.74 104222 2504.435   182  254.087 2758.522
       138312.2   0.00  93.04  83.76  59.67  99.74 104229 2504.604   182  254.087 2758.691
       138322.3   0.00  71.58  61.08  59.81  99.74 104237 2504.837   182  254.087 2758.924
       138332.2   0.00  43.96  54.55  60.01  99.74 104245 2505.039   182  254.087 2759.126
       138342.2   0.00  47.96  40.05  60.13  99.74 104253 2505.207   182  254.087 2759.294
       138352.3   0.00 100.00   6.30  60.18  99.74 104261 2505.373   182  254.087 2759.460
       138362.2  72.46   0.00  60.12  60.21  99.74 104268 2505.557   182  254.087 2759.644
       138372.2  71.27   0.00  34.37  60.31  99.74 104276 2505.805   182  254.087 2759.892
Timestamp         S0     S1     E      O      P     YGC     YGCT    FGC    FGCT     GCT   
       138382.2   0.00 100.00  98.79  60.34  99.74 104283 2505.959   182  254.087 2760.046
       138392.2   0.00  50.51  94.76  60.37  99.74 104291 2506.137   182  254.087 2760.224
       138402.3   0.00  39.65  84.76  60.46  99.74 104299 2506.361   182  254.087 2760.448
       138412.2   0.00 100.00  70.18  60.47  99.74 104307 2506.617   182  254.087 2760.704
       138422.3   0.00  43.96  19.40  60.52  99.74 104315 2506.804   182  254.087 2760.891
       138432.3   0.00 100.00   7.81  60.55  99.74 104323 2506.995   182  254.087 2761.082
       138442.2  53.85   0.00  98.39  60.56  99.74 104331 2507.148   182  254.087 2761.235
       138452.3  37.36   0.00  53.86  60.66  99.74 104338 2507.303   182  254.087 2761.390
       138462.2  59.50   0.00  22.58  60.69  99.74 104346 2507.530   182  254.087 2761.617
       138472.2   0.00  99.54  85.13  60.71  99.74 104353 2507.657   182  254.087 2761.744
Timestamp         S0     S1     E      O      P     YGC     YGCT    FGC    FGCT     GCT   
       138482.2   0.00  60.06  45.28  60.72  99.74 104361 2507.829   182  254.087 2761.916
       138492.2  66.23   0.00  97.39  60.73  99.74 104369 2507.980   182  254.087 2762.067
       138502.2  57.28   0.00  60.51  60.78  99.74 104376 2508.121   182  254.087 2762.208
       138512.3  76.14   0.00  32.15  60.80  99.74 104384 2508.295   182  254.087 2762.382
       138522.3   0.00 100.00  94.72  60.84  99.74 104391 2508.463   182  254.087 2762.550
       138532.3   0.00 100.00  54.47  60.88  99.74 104399 2508.632   182  254.087 2762.719
       138542.2   0.00  80.06   8.58  60.91  99.74 104407 2508.797   182  254.087 2762.884
       138552.2  64.51   0.00  65.53  61.64  99.74 104414 2508.996   182  254.087 2763.084
       138562.3  67.71   0.00  25.51  61.65  99.74 104422 2509.213   182  254.087 2763.300
       138572.2  42.12   0.00  29.80  62.41  99.74 104430 2509.462   182  254.087 2763.549
Timestamp         S0     S1     E      O      P     YGC     YGCT    FGC    FGCT     GCT   
       138582.3  46.23   0.00  27.99  62.43  99.74 104438 2509.617   182  254.087 2763.704
       138592.3  37.94   0.00  15.87  62.47  99.74 104446 2509.829   182  254.087 2763.916
       138602.3   0.00  99.71  91.31  62.50  99.74 104453 2510.048   182  254.087 2764.135
       138612.2   0.00  63.79  68.40  62.52  99.74 104461 2510.246   182  254.087 2764.334
       138622.3   0.00  37.07  44.59  62.76  99.74 104469 2510.433   182  254.087 2764.520
       138632.2   0.00 100.00  21.34  62.77  99.74 104477 2510.601   182  254.087 2764.688
       138642.3   0.00  47.37   5.84  62.85  99.74 104485 2510.788   182  254.087 2764.875
       138652.2  83.82   0.00  76.16  62.87  99.74 104492 2510.950   182  254.087 2765.037
       138662.3  63.96   0.00  29.44  62.90  99.74 104500 2511.177   182  254.087 2765.264
       138672.3  89.08   0.00   8.69  62.96  99.74 104508 2511.344   182  254.087 2765.431
Timestamp         S0     S1     E      O      P     YGC     YGCT    FGC    FGCT     GCT   
       138682.3  77.64   0.00  11.23  63.03  99.74 104516 2511.513   182  254.087 2765.600
       138692.3   0.00  99.32  68.14  63.06  99.74 104523 2511.679   182  254.087 2765.766
       138702.3   0.00  78.53  51.14  63.10  99.74 104531 2511.873   182  254.087 2765.960
       138712.3  66.38   0.00  99.99  63.12  99.74 104539 2512.032   182  254.087 2766.119
       138722.3  67.58   0.00   3.68  63.25  99.74 104546 2512.295   182  254.087 2766.382
       138732.3   0.00  99.77  79.60  63.26  99.74 104553 2512.462   182  254.087 2766.549
       138742.2   0.00  76.61  88.33  63.65  99.74 104561 2512.658   182  254.087 2766.745
       138752.3   0.00  42.95  50.20  63.67  99.74 104569 2512.820   182  254.087 2766.907
       138762.3   0.00  99.73  15.34  16.84  99.74 104577 2512.972   183  255.252 2768.225
       138772.3   0.00 100.00  20.86  16.84  99.74 104585 2513.197   183  255.252 2768.449
Timestamp         S0     S1     E      O      P     YGC     YGCT    FGC    FGCT     GCT   
       138782.2  60.32   0.00  82.60  17.19  99.74 104592 2513.378   183  255.252 2768.631
       138792.3  62.84   0.00  74.54  17.31  99.74 104600 2513.542   183  255.252 2768.795
       138802.3  57.82   0.00  53.08  17.33  99.74 104608 2513.711   183  255.252 2768.963
       138812.3   0.00  37.81  80.14  17.34  99.74 104615 2513.843   183  255.252 2769.095
       138822.3   0.00  71.51  24.52  17.36  99.74 104623 2514.004   183  255.252 2769.256
       138832.3  62.50   0.00  88.51  17.37  99.74 104630 2514.135   183  255.252 2769.387
       138842.3  93.25   0.00  59.60  18.57  99.74 104638 2514.351   183  255.252 2769.603
       138852.3  63.75   0.00  46.80  18.63  99.74 104646 2514.566   183  255.252 2769.818
       138862.3  41.18   0.00  34.86  19.21  99.74 104654 2514.792   183  255.252 2770.045
       138872.3  28.86   0.00   3.85  19.31  99.74 104662 2514.937   183  255.252 2770.189
Timestamp         S0     S1     E      O      P     YGC     YGCT    FGC    FGCT     GCT   
       138882.3   0.00  38.84  90.82  19.32  99.74 104669 2515.084   183  255.252 2770.336
       138892.3   0.00  40.67  52.13  19.34  99.74 104677 2515.293   183  255.252 2770.546
       138902.3  82.24   0.00  87.17  19.37  99.74 104684 2515.504   183  255.252 2770.757
       138912.3  60.67   0.00  36.68  19.38  99.74 104692 2515.674   183  255.252 2770.927
       138922.3  78.38   0.00  30.43  19.69  99.74 104700 2515.892   183  255.252 2771.144
       138932.3  71.97   0.00  38.71  19.70  99.74 104708 2516.063   183  255.252 2771.316
       138942.3  28.81   0.00  25.52  19.98  99.74 104716 2516.211   183  255.252 2771.463
       138952.3  28.64   0.00   0.00  20.02  99.74 104724 2516.380   183  255.252 2771.633
       138962.3   0.00  61.40  57.92  20.04  99.74 104731 2516.532   183  255.252 2771.784
       138972.3   0.00 100.00  30.61  20.06  99.74 104739 2516.702   183  255.252 2771.955
Timestamp         S0     S1     E      O      P     YGC     YGCT    FGC    FGCT     GCT   
       138982.3  41.21   0.00  55.27  20.12  99.74 104746 2516.817   183  255.252 2772.069
       138992.3   0.00  84.62  99.02  20.14  99.74 104754 2516.959   183  255.252 2772.211
       139002.3   0.00  62.01  69.16  20.16  99.74 104761 2517.110   183  255.252 2772.362
       139012.3   0.00  52.76  18.80  20.17  99.74 104769 2517.273   183  255.252 2772.525
       139022.3  74.09   0.00  84.62  21.30  99.74 104776 2517.446   183  255.252 2772.698
       139032.3  61.25   0.00  50.22  21.34  99.74 104784 2517.650   183  255.252 2772.903
       139042.3   0.00  99.51  99.56  21.99  99.74 104792 2517.813   183  255.252 2773.065
       139052.3  50.42   0.00   3.91  22.03  99.74 104800 2518.024   183  255.252 2773.277
       139062.3  32.53   0.00   5.72  22.06  99.74 104808 2518.222   183  255.252 2773.474
       139072.3   0.00  99.62  69.83  22.13  99.74 104815 2518.365   183  255.252 2773.617
Timestamp         S0     S1     E      O      P     YGC     YGCT    FGC    FGCT     GCT   
       139082.3   0.00  46.54  20.83  22.22  99.74 104823 2518.538   183  255.252 2773.790
       139092.3   0.00 100.00   8.91  22.27  99.74 104831 2518.686   183  255.252 2773.938
       139102.3  51.34   0.00  85.71  22.29  99.74 104838 2518.826   183  255.252 2774.079
       139112.3  75.68   0.00  44.72  22.32  99.74 104846 2518.980   183  255.252 2774.232
       139122.3   0.00  73.96  87.30  22.38  99.74 104853 2519.125   183  255.252 2774.377
       139132.3   0.00  99.42  11.63  22.40  99.74 104861 2519.271   183  255.252 2774.524
       139142.3  53.75   0.00  57.51  22.41  99.74 104868 2519.431   183  255.252 2774.683
       139152.3  66.46   0.00  11.94  22.49  99.74 104876 2519.600   183  255.252 2774.852
       139162.3   0.00  48.67  46.64  22.50  99.74 104883 2519.715   183  255.252 2774.968
       139172.3   0.00  76.10   7.44  22.52  99.74 104891 2519.864   183  255.252 2775.116
Timestamp         S0     S1     E      O      P     YGC     YGCT    FGC    FGCT     GCT   
       139182.3   0.00  99.85   5.05  23.24  99.74 104899 2520.096   183  255.252 2775.349
       139192.3   0.00  52.94  30.88  23.67  99.74 104907 2520.375   183  255.252 2775.628
       139202.3   0.00  29.83  20.20  24.59  99.74 104915 2520.689   183  255.252 2775.942
       139212.3   0.00  14.63  38.39  24.81  99.74 104923 2520.846   183  255.252 2776.098
       139222.3   0.00  33.78  21.64  24.83  99.74 104931 2521.011   183  255.252 2776.263
       139232.3   0.00  52.36  26.75  24.85  99.74 104939 2521.211   183  255.252 2776.463
       139242.3   0.00 100.00  11.70  24.90  99.74 104947 2521.381   183  255.252 2776.634
       139252.3   0.00 100.00  20.00  24.98  99.74 104955 2521.671   183  255.252 2776.923
       139262.3  62.80   0.00  87.79  25.02  99.74 104962 2521.872   183  255.252 2777.124
       139272.3  28.87   0.00  69.21  25.30  99.74 104970 2522.036   183  255.252 2777.288
Timestamp         S0     S1     E      O      P     YGC     YGCT    FGC    FGCT     GCT   
       139282.3  39.63   0.00  55.99  25.32  99.74 104978 2522.230   183  255.252 2777.482
       139292.3  25.92   0.00  17.76  25.33  99.74 104986 2522.403   183  255.252 2777.656
       139302.3  60.87   0.00  11.97  25.35  99.74 104994 2522.567   183  255.252 2777.819
       139312.3   0.00  68.47  79.68  25.37  99.74 105001 2522.697   183  255.252 2777.949
       139322.3   0.00  99.56  35.08  25.41  99.74 105009 2522.862   183  255.252 2778.114
       139332.3  83.94   0.00  91.83  26.11  99.74 105016 2523.053   183  255.252 2778.305
       139342.3  60.35   0.00  89.91  26.12  99.74 105024 2523.248   183  255.252 2778.501
       139352.3  20.00   0.00  35.00  26.67  99.74 105032 2523.454   183  255.252 2778.707
       139362.3  57.47   0.00  29.50  26.68  99.74 105040 2523.647   183  255.252 2778.900
       139372.3  58.56   0.00   6.58  26.72  99.74 105048 2523.826   183  255.252 2779.079
Timestamp         S0     S1     E      O      P     YGC     YGCT    FGC    FGCT     GCT   
       139382.3   0.00  50.52  52.95  26.75  99.74 105055 2523.959   183  255.252 2779.212
       139392.3   0.00  51.07  18.76  26.76  99.74 105063 2524.150   183  255.252 2779.403
       139402.4  84.57   0.00  92.32  26.80  99.74 105070 2524.285   183  255.252 2779.537
       139412.3  82.00   0.00  63.76  26.81  99.74 105078 2524.459   183  255.252 2779.712
       139422.3 100.00   0.00  39.49  30.03  99.74 105086 2524.671   183  255.252 2779.924
       139432.3  67.13   0.00  96.09  30.33  99.74 105094 2524.993   183  255.252 2780.246
       139442.4   0.00  99.75  60.64  32.02  99.74 105103 2525.303   183  255.252 2780.555
       139452.3   0.00  15.93  98.19  32.07  99.74 105111 2525.441   183  255.252 2780.694
       139462.3  33.93   0.00  38.29  32.10  99.74 105120 2525.630   183  255.252 2780.883
       139472.3  27.44   0.00  52.78  32.13  99.74 105128 2525.816   183  255.252 2781.068
Timestamp         S0     S1     E      O      P     YGC     YGCT    FGC    FGCT     GCT   
       139482.3  26.84   0.00  38.81  32.15  99.74 105136 2525.993   183  255.252 2781.245
       139492.3  97.55   0.00   0.36  32.16  99.74 105144 2526.170   183  255.252 2781.423
       139502.3   0.00 100.00  81.77  32.95  99.74 105151 2526.359   183  255.252 2781.611
       139512.3   0.00  99.85  93.61  32.96  99.74 105159 2526.582   183  255.252 2781.835
       139522.3   0.00  26.90  94.73  33.99  99.74 105167 2526.788   183  255.252 2782.040
       139532.3  31.05   0.00  33.74  34.03  99.74 105176 2527.017   183  255.252 2782.270
       139542.3   0.00  37.58  95.02  34.04  99.74 105183 2527.176   183  255.252 2782.429
       139552.3   0.00  38.04  65.32  34.11  99.74 105191 2527.345   183  255.252 2782.597
       139562.4   0.00  53.91  51.47  34.13  99.74 105199 2527.505   183  255.252 2782.758
       139572.4   0.00  47.17  37.34  34.15  99.74 105207 2527.697   183  255.252 2782.949
Timestamp         S0     S1     E      O      P     YGC     YGCT    FGC    FGCT     GCT   
       139582.3   0.00  42.38   0.00  34.25  99.74 105215 2527.890   183  255.252 2783.143
       139592.3  48.97   0.00  61.25  34.30  99.74 105222 2528.132   183  255.252 2783.384
       139602.3   0.00  51.05  77.65  34.34  99.74 105229 2528.292   183  255.252 2783.545
       139612.3   0.00  70.93  13.18  34.37  99.74 105237 2528.456   183  255.252 2783.709
       139622.3  41.95   0.00  68.06  34.43  99.74 105244 2528.579   183  255.252 2783.831
       139632.3 100.00   0.00  28.67  34.47  99.74 105252 2528.781   183  255.252 2784.034
       139642.3  68.61   0.00  26.35  35.81  99.74 105260 2529.007   183  255.252 2784.259
       139652.4  74.20   0.00  29.82  35.83  99.74 105268 2529.235   183  255.252 2784.488
       139662.3  22.41   0.00  57.07  36.61  99.74 105276 2529.419   183  255.252 2784.672
       139672.3  31.46   0.00  61.89  36.63  99.74 105284 2529.595   183  255.252 2784.847
Timestamp         S0     S1     E      O      P     YGC     YGCT    FGC    FGCT     GCT   
       139682.3  50.00   0.00  39.46  36.66  99.74 105292 2529.751   183  255.252 2785.004
       139692.4   0.00  47.73  99.32  36.70  99.74 105299 2529.901   183  255.252 2785.154
       139702.4   0.00  51.16  38.15  36.74  99.74 105307 2530.048   183  255.252 2785.301
       139712.4  54.79   0.00  76.16  36.75  99.74 105314 2530.180   183  255.252 2785.433
       139722.4  62.41   0.00  12.09  36.77  99.74 105322 2530.330   183  255.252 2785.582
       139732.3   0.00  75.17  39.62  36.81  99.74 105329 2530.463   183  255.252 2785.715
       139742.3  94.75   0.00  52.73  36.82  99.74 105336 2530.650   183  255.252 2785.902
       139752.4  72.65   0.00  37.47  36.84  99.74 105344 2530.825   183  255.252 2786.077
       139762.3  72.53   0.00   0.33  36.90  99.74 105352 2531.016   183  255.252 2786.268
       139772.4   0.00 100.00  77.44  36.94  99.74 105359 2531.173   183  255.252 2786.425
Timestamp         S0     S1     E      O      P     YGC     YGCT    FGC    FGCT     GCT   
       139782.4   0.00  55.16   7.91  36.96  99.74 105367 2531.316   183  255.252 2786.568
       139792.4  46.04   0.00  75.51  37.05  99.74 105374 2531.461   183  255.252 2786.713
       139802.3  99.05   0.00  26.31  37.07  99.74 105382 2531.622   183  255.252 2786.875
       139812.4   0.00  99.76  89.15  37.81  99.74 105389 2531.808   183  255.252 2787.061
       139822.4   0.00  72.64  66.89  37.85  99.74 105397 2532.009   183  255.252 2787.261
       139832.4   0.00  45.05  13.73  38.37  99.74 105405 2532.223   183  255.252 2787.475
       139842.4  31.95   0.00  43.61  38.41  99.74 105412 2532.378   183  255.252 2787.630
       139852.4  29.88   0.00  20.40  38.46  99.74 105420 2532.553   183  255.252 2787.806
       139862.4   0.00 100.00  46.43  38.47  99.74 105427 2532.713   183  255.252 2787.966
       139872.4   0.00  62.21  15.79  38.69  99.74 105435 2532.881   183  255.252 2788.133
Timestamp         S0     S1     E      O      P     YGC     YGCT    FGC    FGCT     GCT   
       139882.4  34.90   0.00  61.85  38.70  99.74 105442 2533.019   183  255.252 2788.271
       139892.4   0.00  89.24  78.16  38.73  99.74 105449 2533.145   183  255.252 2788.398
       139902.3   0.00  39.17   3.82  38.74  99.74 105457 2533.299   183  255.252 2788.551
       139912.4  88.58   0.00  43.23  38.76  99.74 105464 2533.471   183  255.252 2788.723
       139922.4  57.69   0.00  10.56  38.93  99.74 105472 2533.656   183  255.252 2788.909
       139932.4   0.00  58.54  55.73  38.96  99.74 105479 2533.842   183  255.252 2789.095
       139942.4   0.00  68.05  12.97  39.21  99.74 105487 2533.995   183  255.252 2789.248
       139952.3   0.00  75.11  14.67  39.22  99.74 105495 2534.176   183  255.252 2789.428
       139962.4  57.11   0.00  96.03  39.27  99.74 105502 2534.332   183  255.252 2789.585
       139972.4  27.85   0.00   0.85  39.39  99.74 105510 2534.476   183  255.252 2789.729
Timestamp         S0     S1     E      O      P     YGC     YGCT    FGC    FGCT     GCT   
       139982.4   0.00  45.75  67.62  39.42  99.74 105517 2534.679   183  255.252 2789.932
       139992.4   0.00  58.70  40.08  39.48  99.74 105525 2534.877   183  255.252 2790.129
       140002.4   0.00 100.00  11.40  39.54  99.74 105533 2535.054   183  255.252 2790.307
       140012.3   0.00  39.53   0.00  39.63  99.74 105541 2535.254   183  255.252 2790.507
       140022.4  28.86   0.00  62.38  39.66  99.74 105548 2535.402   183  255.252 2790.654
       140032.4  49.44   0.00  31.40  39.73  99.74 105556 2535.586   183  255.252 2790.839
       140042.4   0.00  43.10  31.97  39.77  99.74 105563 2535.735   183  255.252 2790.987
       140052.4  68.56   0.00  80.59  39.78  99.74 105570 2535.907   183  255.252 2791.159
       140062.4   0.00  35.71  96.45  39.84  99.74 105577 2536.031   183  255.252 2791.283
       140072.3   0.00  41.78  35.23  39.86  99.74 105585 2536.168   183  255.252 2791.420
Timestamp         S0     S1     E      O      P     YGC     YGCT    FGC    FGCT     GCT   
       140082.4 100.00   0.00  31.26  39.92  99.74 105592 2536.313   183  255.252 2791.565
       140092.4  84.04   0.00  14.45  40.06  99.74 105600 2536.478   183  255.252 2791.730
       140102.4   0.00  99.66  84.08  40.12  99.74 105607 2536.645   183  255.252 2791.897
       140112.3   0.00  38.70  38.33  40.29  99.74 105615 2536.819   183  255.252 2792.071
       140122.4  49.00   0.00  98.56  40.38  99.74 105622 2536.952   183  255.252 2792.204
       140132.4  68.49   0.00  62.54  40.40  99.74 105630 2537.127   183  255.252 2792.379
       140142.4  45.86   0.00  43.34  40.43  99.74 105638 2537.294   183  255.252 2792.547
       140152.4  40.86   0.00  23.83  40.45  99.74 105646 2537.482   183  255.252 2792.734
       140162.4   0.00 100.00  52.50  42.37  99.74 105653 2537.730   183  255.252 2792.982
       140172.4   0.00  58.57  76.25  42.57  99.74 105661 2537.961   183  255.252 2793.213
Timestamp         S0     S1     E      O      P     YGC     YGCT    FGC    FGCT     GCT   
       140182.4  17.11   0.00  11.55  43.64  99.74 105670 2538.233   183  255.252 2793.485
       140192.4   0.00  22.34  80.28  43.66  99.74 105677 2538.425   183  255.252 2793.677
       140202.4   0.00  44.24  56.35  43.68  99.74 105685 2538.610   183  255.252 2793.862
       140212.4   0.00  42.12  45.31  43.72  99.74 105693 2538.776   183  255.252 2794.028
       140222.4   0.00 100.00  20.53  43.73  99.74 105701 2538.986   183  255.252 2794.239
       140232.4  39.68   0.00  95.69  43.83  99.74 105708 2539.181   183  255.252 2794.433
       140242.4  36.04   0.00  99.14  43.91  99.74 105717 2539.350   183  255.252 2794.602
       140252.4  45.19   0.00  62.94  43.97  99.74 105724 2539.512   183  255.252 2794.764
       140262.4   0.00  35.64  97.69  43.98  99.74 105731 2539.654   183  255.252 2794.906
       140272.4   0.00  38.08  33.00  44.00  99.74 105739 2539.826   183  255.252 2795.078
Timestamp         S0     S1     E      O      P     YGC     YGCT    FGC    FGCT     GCT   
       140282.4  65.53   0.00  51.74  44.08  99.74 105746 2539.952   183  255.252 2795.205
       140292.4   0.00  44.97  90.52  44.09  99.74 105753 2540.148   183  255.252 2795.400
       140302.4   0.00  78.11  58.26  44.21  99.74 105761 2540.308   183  255.252 2795.560
       140312.4   0.00  48.63  40.18  44.25  99.74 105769 2540.483   183  255.252 2795.736
       140322.4   0.00  60.00  30.93  44.31  99.74 105777 2540.654   183  255.252 2795.907
       140332.4  62.75   0.00  84.94  44.34  99.74 105784 2540.800   183  255.252 2796.052
       140342.4  66.97   0.00  47.77  44.47  99.74 105792 2540.995   183  255.252 2796.247
       140352.4  80.00   0.00   3.64  44.49  99.74 105800 2541.168   183  255.252 2796.421
       140362.4   0.00  43.51  66.50  44.54  99.74 105807 2541.300   183  255.252 2796.553
       140372.4   0.00  66.29  14.28  44.56  99.74 105815 2541.451   183  255.252 2796.704
Timestamp         S0     S1     E      O      P     YGC     YGCT    FGC    FGCT     GCT   
       140382.4  57.28   0.00  80.24  44.58  99.74 105822 2541.594   183  255.252 2796.847
       140392.4  58.94   0.00  19.86  44.61  99.74 105830 2541.749   183  255.252 2797.002
       140402.4   0.00  54.34  41.71  44.69  99.74 105837 2541.965   183  255.252 2797.217
       140412.4   0.00 100.00   4.34  45.29  99.74 105845 2542.138   183  255.252 2797.390
       140422.4   0.00  99.82   0.00  45.57  99.74 105853 2542.359   183  255.252 2797.612
       140432.4  80.70   0.00  89.63  45.67  99.74 105860 2542.531   183  255.252 2797.784
       140442.4  33.79   0.00  60.81  46.25  99.74 105868 2542.758   183  255.252 2798.011
       140452.4  39.86   0.00  78.84  46.28  99.74 105876 2543.023   183  255.252 2798.276
       140462.4  46.72   0.00  39.42  46.30  99.74 105884 2543.225   183  255.252 2798.478
       140472.4  58.80   0.00   4.07  46.42  99.74 105892 2543.391   183  255.252 2798.644
Timestamp         S0     S1     E      O      P     YGC     YGCT    FGC    FGCT     GCT   
       140482.4   0.00  36.18  64.64  46.43  99.74 105899 2543.595   183  255.252 2798.847
       140492.4   0.00  39.43  33.50  46.47  99.74 105907 2543.732   183  255.252 2798.985
       140502.4   0.00  78.44  20.58  46.48  99.74 105915 2543.906   183  255.252 2799.159
       140512.4   0.00 100.00   9.33  46.70  99.74 105923 2544.113   183  255.252 2799.366
       140522.4  70.63   0.00  84.98  46.72  99.74 105930 2544.298   183  255.252 2799.550
       140532.4  35.00   0.00  56.21  47.10  99.74 105938 2544.482   183  255.252 2799.734
       140542.4  48.09   0.00  39.40  47.13  99.74 105946 2544.674   183  255.252 2799.927
       140552.4  66.83   0.00  18.60  47.16  99.74 105954 2544.860   183  255.252 2800.112
       140562.4   0.00  61.65  83.54  47.18  99.74 105961 2545.024   183  255.252 2800.277
       140572.4   0.00  45.63  55.12  47.22  99.74 105969 2545.198   183  255.252 2800.451
Timestamp         S0     S1     E      O      P     YGC     YGCT    FGC    FGCT     GCT   
       140582.4   0.00  99.40   2.15  47.24  99.74 105977 2545.354   183  255.252 2800.607
       140592.4  42.25   0.00  66.32  47.27  99.74 105984 2545.499   183  255.252 2800.751
       140602.4  55.09   0.00  47.23  47.30  99.74 105992 2545.654   183  255.252 2800.907
       140612.4  55.94   0.00  18.02  47.35  99.74 106000 2545.840   183  255.252 2801.092
       140622.4   0.00  52.08  95.62  47.37  99.74 106007 2545.991   183  255.252 2801.244
       140632.4   0.00  73.86  75.64  47.45  99.74 106015 2546.179   183  255.252 2801.431
       140642.4   0.00  68.81  60.66  47.47  99.74 106023 2546.355   183  255.252 2801.607
       140652.4   0.00  99.63  41.37  47.52  99.74 106031 2546.561   183  255.252 2801.813
       140662.4  46.92   0.00  95.70  47.56  99.74 106038 2546.703   183  255.252 2801.956
       140672.4  51.79   0.00  78.22  47.68  99.74 106046 2546.890   183  255.252 2802.143
Timestamp         S0     S1     E      O      P     YGC     YGCT    FGC    FGCT     GCT   
       140682.4  89.77   0.00  50.32  47.70  99.74 106054 2547.078   183  255.252 2802.330
       140692.4  38.24   0.00  18.55  47.72  99.74 106062 2547.247   183  255.252 2802.500
       140702.4   0.00  72.28  38.96  47.76  99.74 106069 2547.406   183  255.252 2802.659
       140712.4  42.46  28.81 100.00  47.79  99.74 106077 2547.571   183  255.252 2802.824
       140722.4  47.50   0.00  22.24  47.80  99.74 106084 2547.740   183  255.252 2802.992
       140732.4   0.00  61.11  82.09  47.83  99.74 106091 2547.860   183  255.252 2803.113
       140742.4   0.00  99.85  83.11  50.24  99.74 106099 2548.085   183  255.252 2803.337
       140752.4   0.00  59.74  74.35  50.24  99.74 106107 2548.319   183  255.252 2803.572
       140762.4   0.00  19.41  24.33  51.19  99.74 106115 2548.511   183  255.252 2803.763
       140772.4   0.00  26.35   8.21  51.23  99.74 106123 2548.648   183  255.252 2803.900
Timestamp         S0     S1     E      O      P     YGC     YGCT    FGC    FGCT     GCT   
       140782.4  32.66   0.00  70.84  51.25  99.74 106130 2548.778   183  255.252 2804.030
       140792.4  55.73   0.00  66.11  51.26  99.74 106138 2548.926   183  255.252 2804.178
       140802.4  72.04   0.00  38.20  52.15  99.74 106146 2549.160   183  255.252 2804.413
       140812.4  64.34   0.00  36.18  52.17  99.74 106154 2549.399   183  255.252 2804.651
       140822.4  33.79   0.00  20.32  52.94  99.74 106162 2549.621   183  255.252 2804.874
       140832.4   0.00  37.03  85.31  52.95  99.74 106169 2549.759   183  255.252 2805.011
       140842.4   0.00  38.17  80.50  53.04  99.74 106177 2549.943   183  255.252 2805.196
       140852.4   0.00  99.59  67.42  53.06  99.74 106185 2550.164   183  255.252 2805.417
       140862.4   0.00  69.22  73.09  53.09  99.74 106193 2550.424   183  255.252 2805.677
       140872.5   0.00  35.89  51.66  53.13  99.74 106201 2550.598   183  255.252 2805.851
Timestamp         S0     S1     E      O      P     YGC     YGCT    FGC    FGCT     GCT   
       140882.4   0.00  33.12   5.74  53.23  99.74 106209 2550.783   183  255.252 2806.036
       140892.5  41.19   0.00  48.72  53.28  99.74 106216 2550.947   183  255.252 2806.199
       140902.4   0.00  58.38  45.06  53.30  99.74 106223 2551.082   183  255.252 2806.334
       140912.4  63.27   0.00  62.99  53.31  99.74 106230 2551.231   183  255.252 2806.484
       140922.4  54.96   0.00  12.60  53.34  99.74 106238 2551.399   183  255.252 2806.652
       140932.4   0.00 100.00  78.74  53.35  99.74 106245 2551.546   183  255.252 2806.798
       140942.4   0.00  78.72  18.32  53.37  99.74 106253 2551.722   183  255.252 2806.974
       140952.4   0.00 100.00  17.00  54.11  99.74 106261 2551.946   183  255.252 2807.198
       140962.4  53.72   0.00  89.45  54.14  99.74 106268 2552.130   183  255.252 2807.383
       140972.4  33.83   0.00  92.13  54.62  99.74 106276 2552.293   183  255.252 2807.546
Timestamp         S0     S1     E      O      P     YGC     YGCT    FGC    FGCT     GCT   
       140982.4  58.41   0.00  76.03  54.65  99.74 106284 2552.454   183  255.252 2807.706
       140992.5  64.29   0.00  66.12  54.67  99.74 106292 2552.642   183  255.252 2807.895
       141002.4  68.81   0.00  37.39  54.69  99.74 106300 2552.827   183  255.252 2808.079
       141012.4  87.56   0.00  19.95  54.79  99.74 106308 2553.062   183  255.252 2808.315
       141022.5  64.90   0.00   3.40  54.96  99.74 106316 2553.297   183  255.252 2808.550
       141032.5  55.21   0.00   8.51  55.09  99.74 106324 2553.541   183  255.252 2808.794
       141042.4  29.25   0.00   1.86  55.31  99.74 106332 2553.741   183  255.252 2808.994
       141052.5   0.00  31.35 100.00  55.40  99.74 106339 2553.909   183  255.252 2809.162
       141062.4   0.00  29.88  60.28  55.44  99.74 106347 2554.080   183  255.252 2809.332
       141072.4  72.52   0.00  94.98  55.46  99.74 106354 2554.234   183  255.252 2809.487
Timestamp         S0     S1     E      O      P     YGC     YGCT    FGC    FGCT     GCT   
       141082.5  36.56   0.00  61.39  55.49  99.74 106362 2554.420   183  255.252 2809.672
       141092.4  56.11   0.00  66.02  55.53  99.74 106370 2554.612   183  255.252 2809.865
       141102.4  44.73   0.00  42.17  55.55  99.74 106378 2554.820   183  255.252 2810.073
       141112.4  42.15   0.00  13.17  55.72  99.74 106386 2554.985   183  255.252 2810.237
       141122.5   0.00  75.48  47.66  55.74  99.74 106393 2555.152   183  255.252 2810.405
       141132.5   0.00  35.71   2.17  55.76  99.74 106401 2555.322   183  255.252 2810.574
       141142.5  52.66   0.00  55.10  55.77  99.74 106408 2555.451   183  255.252 2810.704
       141152.4  64.02   0.00   9.68  55.80  99.74 106416 2555.647   183  255.252 2810.900
       141162.4   0.00 100.00  53.17  58.37  99.74 106423 2555.886   183  255.252 2811.138
       141172.4   0.00  60.82  60.05  58.74  99.74 106431 2556.127   183  255.252 2811.379
Timestamp         S0     S1     E      O      P     YGC     YGCT    FGC    FGCT     GCT   
       141182.5   0.00  99.47  50.49  59.56  99.74 106439 2556.377   183  255.252 2811.630
       141192.4   0.00  29.36  31.26  59.65  99.74 106447 2556.541   183  255.252 2811.793
       141202.5   0.00  32.42  34.84  59.68  99.74 106455 2556.709   183  255.252 2811.961
       141212.4  53.61   0.00  90.49  59.69  99.74 106462 2556.853   183  255.252 2812.105
       141222.5  42.07   0.00  41.40  59.72  99.74 106470 2556.986   183  255.252 2812.239
       141232.5   0.00  65.14  92.60  59.73  99.74 106477 2557.126   183  255.252 2812.378
       141242.5   0.00  99.75  39.23  61.31  99.74 106485 2557.342   183  255.252 2812.594
       141252.4   0.00  65.01  16.68  61.32  99.74 106493 2557.580   183  255.252 2812.832
       141262.5   0.00  99.71  33.16  61.95  99.74 106501 2557.800   183  255.252 2813.053
       141272.5   0.00  37.90  15.42  61.98  99.74 106509 2558.005   183  255.252 2813.257
Timestamp         S0     S1     E      O      P     YGC     YGCT    FGC    FGCT     GCT   
       141282.4  27.80   0.00  68.75  62.12  99.74 106516 2558.156   183  255.252 2813.408
       141292.5  63.61   0.00  20.50  62.13  99.74 106524 2558.319   183  255.252 2813.572
       141302.5   0.00  30.00  62.54  62.15  99.74 106531 2558.554   183  255.252 2813.807
       141312.5  53.31   0.00  78.37  62.25  99.74 106538 2558.779   183  255.252 2814.031
       141322.5  71.84   0.00  33.44  62.27  99.74 106546 2558.969   183  255.252 2814.221
       141332.5   0.00  45.63  53.13  62.37  99.74 106553 2559.109   183  255.252 2814.362
       141342.5   0.00  90.06  29.26  62.40  99.74 106561 2559.332   183  255.252 2814.584
       141352.5  92.68   0.00  90.83  62.42  99.74 106568 2559.491   183  255.252 2814.744
       141362.5  61.06   0.00  48.42  62.46  99.74 106576 2559.662   183  255.252 2814.915
       141372.5  63.89   0.00   0.00  62.53  99.74 106584 2559.841   183  255.252 2815.094
Timestamp         S0     S1     E      O      P     YGC     YGCT    FGC    FGCT     GCT   
       141382.5   0.00  62.22  87.26  62.68  99.74 106591 2560.014   183  255.252 2815.267
       141392.5   0.00  73.42  53.71  62.69  99.74 106599 2560.170   183  255.252 2815.423
       141402.5  40.82   0.00  98.20  62.88  99.74 106606 2560.313   183  255.252 2815.566
       141412.5  86.01   0.00  83.40  62.91  99.74 106614 2560.475   183  255.252 2815.728
       141422.5  55.08   0.00   6.89  62.95  99.74 106622 2560.663   183  255.252 2815.915
       141432.5   0.00  43.49  35.15  62.99  99.74 106629 2560.776   183  255.252 2816.029
       141442.5  51.01   0.00  57.08  63.02  99.74 106636 2560.914   183  255.252 2816.166
       141452.5  49.67   0.00   9.64  63.06  99.74 106644 2561.057   183  255.252 2816.310
       141462.5   0.00  52.20  66.04  63.09  99.74 106651 2561.216   183  255.252 2816.469
       141472.5   0.00  40.41  26.89  63.19  99.74 106659 2561.367   183  255.252 2816.619
Timestamp         S0     S1     E      O      P     YGC     YGCT    FGC    FGCT     GCT   
       141482.5  62.89   0.00  38.26  63.23  99.74 106666 2561.509   183  255.252 2816.761
       141492.5   0.00  66.57  70.42  63.25  99.74 106673 2561.746   183  255.252 2816.998
       141502.5   0.00 100.00  56.54  63.38  99.74 106681 2561.925   183  255.252 2817.177
       141512.4   0.00 100.00  70.34  64.22  99.74 106689 2562.247   183  255.252 2817.499
       141522.5   0.00  28.35  86.93  64.75  99.74 106697 2562.504   183  255.252 2817.756
       141532.5   0.00  34.41  78.62  65.07  99.74 106705 2562.662   183  255.252 2817.914
       141542.5   0.00  37.71  40.92  65.09  99.74 106713 2562.833   183  255.252 2818.085
       141552.5   0.00  45.92   3.83  65.12  99.74 106721 2563.022   183  255.252 2818.275
       141562.5  54.63   0.00  77.29  65.13  99.74 106728 2563.178   183  255.252 2818.430
       141572.5   0.00  99.89   2.99  67.02  99.74 106737 2563.507   183  255.252 2818.760
Timestamp         S0     S1     E      O      P     YGC     YGCT    FGC    FGCT     GCT   
       141582.5   0.00  66.72  48.93  67.03  99.74 106745 2563.797   183  255.252 2819.049
       141592.5  14.45   0.00   0.45  68.26  99.74 106754 2564.032   183  255.252 2819.285
       141602.4  25.28   0.00  20.15  68.29  99.74 106762 2564.231   183  255.252 2819.483
       141612.5  35.55   0.00  13.34  68.30  99.74 106770 2564.420   183  255.252 2819.673
       141622.5   0.00  75.94  77.01  68.32  99.74 106777 2564.573   183  255.252 2819.826
       141632.5   0.00  36.34  55.65  68.35  99.74 106785 2564.731   183  255.252 2819.984
       141642.5  48.09   0.00  85.28  68.38  99.74 106792 2564.887   183  255.252 2820.139
       141652.5   0.00  33.81  95.38  68.42  99.74 106799 2565.057   183  255.252 2820.310
       141662.5   0.00 100.00  27.90  68.44  99.74 106807 2565.336   183  255.252 2820.589
       141672.5  79.87   0.00  54.36  68.46  99.74 106814 2565.481   183  255.252 2820.733
Timestamp         S0     S1     E      O      P     YGC     YGCT    FGC    FGCT     GCT   
       141682.5  57.96   0.00   1.43  68.52  99.74 106822 2565.646   183  255.252 2820.899
       141692.5   0.00  99.77  51.31  69.54  99.74 106829 2565.846   183  255.252 2821.098
       141702.5   0.00 100.00  18.35  69.55  99.74 106837 2566.089   183  255.252 2821.341
       141712.5   0.00  30.75  13.10  70.31  99.74 106845 2566.304   183  255.252 2821.557
       141722.5  55.59   0.00  95.06  70.32  99.74 106852 2566.465   183  255.252 2821.717
       141732.5  65.74   0.00  89.47  70.37  99.74 106860 2566.660   183  255.252 2821.912
       141742.5  65.00   0.00  65.98  70.39  99.74 106868 2566.875   183  255.252 2822.128
       141752.5  59.91   0.00  51.66  70.41  99.74 106876 2567.051   183  255.252 2822.304
       141762.5  40.36   0.00   4.14  70.59  99.74 106884 2567.236   183  255.252 2822.488
       141772.5   0.00  71.68  86.81  70.63  99.74 106891 2567.390   183  255.252 2822.642
Timestamp         S0     S1     E      O      P     YGC     YGCT    FGC    FGCT     GCT   
       141782.5   0.00 100.00  53.93  70.70  99.74 106899 2567.610   183  255.252 2822.863
       141792.5   0.00  76.98  33.17  70.79  99.74 106907 2567.786   183  255.252 2823.039
       141802.5   0.00  51.54  31.00  70.95  99.74 106915 2568.013   183  255.252 2823.266
       141812.5   0.00  36.68   1.86  70.97  99.74 106923 2568.170   183  255.252 2823.422
       141822.5  35.68   0.00  86.07  71.07  99.74 106930 2568.358   183  255.252 2823.611
       141832.5 100.00   0.00  68.37  71.75  99.74 106938 2568.551   183  255.252 2823.803
       141842.5  57.16   0.00  35.51  71.88  99.74 106946 2568.859   183  255.252 2824.112
       141852.5  30.76   0.00  46.35  72.53  99.74 106954 2569.095   183  255.252 2824.348
       141862.5  27.21   0.00  57.25  72.62  99.74 106962 2569.267   183  255.252 2824.519
       141872.5  33.39   0.00  52.45  72.65  99.74 106970 2569.474   183  255.252 2824.726
Timestamp         S0     S1     E      O      P     YGC     YGCT    FGC    FGCT     GCT   
       141882.5  49.42   0.00  48.09  72.67  99.74 106978 2569.664   183  255.252 2824.917
       141892.5  37.61   0.00  39.40  72.69  99.74 106986 2569.814   183  255.252 2825.067
       141902.5   0.00  52.60  88.16  72.74  99.74 106993 2569.957   183  255.252 2825.209
       141912.5   0.00  99.60  38.96  72.75  99.74 107001 2570.136   183  255.252 2825.388
       141922.5  25.14   0.00  72.11  72.79  99.74 107008 2570.287   183  255.252 2825.539
       141932.5  49.20   0.00  41.37  72.83  99.74 107016 2570.498   183  255.252 2825.750
       141942.5  53.51   0.00   4.08  72.85  99.74 107024 2570.686   183  255.252 2825.938
       141952.5   0.00 100.00  67.68  72.88  99.74 107031 2570.842   183  255.252 2826.094
       141962.5  72.91   0.00  89.18  72.93  99.74 107038 2570.994   183  255.252 2826.247
       141972.5  76.14   0.00  79.72  74.31  99.74 107046 2571.283   183  255.252 2826.536
Timestamp         S0     S1     E      O      P     YGC     YGCT    FGC    FGCT     GCT   
       141982.5   0.00  66.26   0.00  74.33  99.74 107055 2571.566   183  255.252 2826.819
       141992.5   0.00  13.18   3.40  75.33  99.74 107063 2571.743   183  255.252 2826.995
       142002.5   0.00  33.47   6.23  75.35  99.74 107071 2571.977   183  255.252 2827.229
       142012.5  33.00   0.00  90.98  75.37  99.74 107078 2572.106   183  255.252 2827.358
       142022.5  46.43   0.00  65.06  75.40  99.74 107086 2572.322   183  255.252 2827.574
       142032.5  62.63   0.00  30.58  75.41  99.74 107094 2572.525   183  255.252 2827.778
       142042.5   0.00 100.00  96.28  75.48  99.74 107101 2572.690   183  255.252 2827.942
       142052.5   0.00 100.00  76.70  75.53  99.74 107109 2572.868   183  255.252 2828.120
       142062.5   0.00 100.00  56.33  75.55  99.74 107117 2573.033   183  255.252 2828.286
       142072.5   0.00  56.03  39.38  75.56  99.74 107125 2573.260   183  255.252 2828.513
Timestamp         S0     S1     E      O      P     YGC     YGCT    FGC    FGCT     GCT   
       142082.5  77.03   0.00  92.25  75.58  99.74 107132 2573.412   183  255.252 2828.665
       142092.5  70.61   0.00  53.91  75.62  99.74 107140 2573.606   183  255.252 2828.858
       142102.5  78.74   0.00  38.11  75.64  99.74 107148 2573.795   183  255.252 2829.048
       142112.5   0.00  44.10  75.38  75.65  99.74 107155 2573.938   183  255.252 2829.191
       142122.5   0.00  37.22  12.07  75.69  99.74 107163 2574.108   183  255.252 2829.361
       142132.5  64.80   0.00  79.36  75.72  99.74 107170 2574.250   183  255.252 2829.503
       142142.5  70.34   0.00  58.52  75.81  99.74 107178 2574.498   183  255.252 2829.750
       142152.5  77.45   0.00  51.75  75.82  99.74 107186 2574.695   183  255.252 2829.948
       142162.5   0.00  84.36  87.09  76.04  99.74 107193 2574.941   183  255.252 2830.194
       142172.5   0.00  83.85  66.43  76.06  99.74 107201 2575.134   183  255.252 2830.386
Timestamp         S0     S1     E      O      P     YGC     YGCT    FGC    FGCT     GCT   
       142182.5   0.00  63.22  51.02  76.54  99.74 107209 2575.293   183  255.252 2830.546
       142192.5   0.00  51.13  22.02  76.57  99.74 107217 2575.574   183  255.252 2830.827
       142202.5  47.10   0.00  65.17  76.61  99.74 107224 2575.747   183  255.252 2830.999
       142212.5  54.06   0.00  14.52  76.64  99.74 107232 2575.934   183  255.252 2831.186
       142222.5   0.00  99.51  91.32  76.76  99.74 107239 2576.095   183  255.252 2831.347
       142232.5   0.00  99.59  53.43  76.78  99.74 107247 2576.336   183  255.252 2831.588
       142242.5  64.33   0.00  87.93  76.79  99.74 107254 2576.558   183  255.252 2831.810
       142252.5  43.12   0.00  47.39  76.83  99.74 107262 2576.727   183  255.252 2831.980
       142262.5   0.00 100.00  94.90  76.90  99.74 107269 2576.875   183  255.252 2832.127
       142272.5   0.00  99.69  41.89  76.94  99.74 107277 2577.093   183  255.252 2832.346
Timestamp         S0     S1     E      O      P     YGC     YGCT    FGC    FGCT     GCT   
       142282.5   0.00  53.89   0.00  77.07  99.74 107285 2577.358   183  255.252 2832.610
       142292.5  97.26   0.00  86.55  77.09  99.74 107292 2577.550   183  255.252 2832.802
       142302.5  62.91   0.00  63.75  77.11  99.74 107300 2577.804   183  255.252 2833.056
       142312.5  41.16   0.00  52.03  77.21  99.74 107308 2578.017   183  255.252 2833.270
       142322.5  37.34   0.00  15.28  77.30  99.74 107316 2578.215   183  255.252 2833.468
       142332.5  70.61   0.00  18.10  77.40  99.74 107324 2578.435   183  255.252 2833.688
       142342.5   0.00 100.00  91.49  77.42  99.74 107331 2578.601   183  255.252 2833.854
       142352.5   0.00  37.78  65.75  77.45  99.74 107339 2578.823   183  255.252 2834.076
       142362.5  73.61   0.00  32.02  12.87  99.74 107346 2579.001   184  256.598 2835.599
       142372.5   0.00  61.49  94.01  12.87  99.74 107353 2579.156   184  256.598 2835.754
Timestamp         S0     S1     E      O      P     YGC     YGCT    FGC    FGCT     GCT   
       142382.5   0.00  36.23  53.55  13.28  99.74 107361 2579.325   184  256.598 2835.923
       142392.6  44.05   0.00  95.52  13.29  99.74 107368 2579.483   184  256.598 2836.081
       142402.6  59.20   0.00  74.36  13.31  99.74 107376 2579.647   184  256.598 2836.245
       142412.6  57.49   0.00  47.85  13.46  99.74 107384 2579.875   184  256.598 2836.472
       142422.6   0.00  58.81  87.94  13.49  99.74 107391 2579.992   184  256.598 2836.590
       142432.6   0.00  46.99  17.11  13.53  99.74 107399 2580.124   184  256.598 2836.722
       142442.6  72.67   0.00  52.41  13.56  99.74 107406 2580.257   184  256.598 2836.855
       142452.6  87.50   0.00   9.12  13.58  99.74 107414 2580.427   184  256.598 2837.024
       142462.6   0.00  49.05  52.23  13.60  99.74 107421 2580.543   184  256.598 2837.141
       142472.6  75.74   0.00  64.84  13.63  99.74 107428 2580.674   184  256.598 2837.272
Timestamp         S0     S1     E      O      P     YGC     YGCT    FGC    FGCT     GCT   
       142482.6   0.00  99.61  80.03  13.66  99.74 107435 2580.794   184  256.598 2837.392
       142492.6   0.00  48.68  19.64  13.67  99.74 107443 2581.006   184  256.598 2837.604
       142502.6  78.87   0.00  83.14  13.68  99.74 107450 2581.141   184  256.598 2837.738
       142512.6  76.01   0.00  47.14  13.72  99.74 107458 2581.295   184  256.598 2837.893
       142522.5   0.00 100.00  97.21  16.09  99.74 107466 2581.440   184  256.598 2838.038
       142532.6  60.30   0.00  32.01  17.43  99.74 107474 2581.737   184  256.598 2838.334
       142542.6  46.17   0.00  50.90  18.36  99.74 107482 2581.968   184  256.598 2838.566
       142552.6  24.07   0.00  52.23  18.45  99.74 107490 2582.139   184  256.598 2838.737
       142562.6  29.88   0.00  28.22  18.53  99.74 107498 2582.303   184  256.598 2838.900
       142572.6  38.03   0.00   0.00  18.54  99.74 107506 2582.518   184  256.598 2839.116
Timestamp         S0     S1     E      O      P     YGC     YGCT    FGC    FGCT     GCT   
       142582.6   0.00  28.70  57.15  18.55  99.74 107513 2582.667   184  256.598 2839.264
       142592.6   0.00  38.10   5.18  18.57  99.74 107521 2582.802   184  256.598 2839.399
       142602.6  49.07   0.00  78.23  18.61  99.74 107528 2582.943   184  256.598 2839.541
       142612.6  68.54   0.00  61.00  20.22  99.74 107536 2583.188   184  256.598 2839.785
       142622.6  60.88   0.00  78.43  20.24  99.74 107544 2583.443   184  256.598 2840.041
       142632.6  22.40   0.00  98.85  21.17  99.74 107553 2583.646   184  256.598 2840.244
       142642.6   0.00  28.57   7.20  21.23  99.74 107561 2583.826   184  256.598 2840.423
       142652.6   0.00  27.96   1.98  21.25  99.74 107569 2584.016   184  256.598 2840.614
       142662.6  31.09   0.00  69.83  21.27  99.74 107576 2584.134   184  256.598 2840.732
       142672.6  41.94   0.00  29.95  21.30  99.74 107584 2584.270   184  256.598 2840.868
Timestamp         S0     S1     E      O      P     YGC     YGCT    FGC    FGCT     GCT   
       142682.6   0.00 100.00  87.55  21.31  99.74 107591 2584.409   184  256.598 2841.007
       142692.6   0.00  77.87  54.01  21.32  99.74 107599 2584.572   184  256.598 2841.169
       142702.6   0.00  64.92  16.54  21.37  99.74 107607 2584.739   184  256.598 2841.337
       142712.6  56.18   0.00  57.61  21.39  99.74 107614 2584.874   184  256.598 2841.471
       142722.6   0.00 100.00  82.08  21.51  99.74 107621 2585.007   184  256.598 2841.605
       142732.6  42.63   0.00  95.39  21.53  99.74 107628 2585.123   184  256.598 2841.721
       142742.6  58.33   0.00  10.06  21.55  99.74 107636 2585.255   184  256.598 2841.852
       142752.6   0.00  56.07  84.64  23.63  99.74 107643 2585.468   184  256.598 2842.066
       142762.6   0.00  99.87  61.75  23.64  99.74 107651 2585.689   184  256.598 2842.286
       142772.6   0.00  33.75  63.64  24.43  99.74 107659 2585.944   184  256.598 2842.542
Timestamp         S0     S1     E      O      P     YGC     YGCT    FGC    FGCT     GCT   
       142782.6   0.00  29.86  93.23  24.56  99.74 107667 2586.110   184  256.598 2842.708
       142792.6   0.00 100.00  56.46  24.57  99.74 107675 2586.260   184  256.598 2842.857
       142802.6  39.37   0.00  77.32  24.58  99.74 107682 2586.379   184  256.598 2842.977
       142812.6  26.40   0.00   3.22  24.60  99.74 107690 2586.579   184  256.598 2843.176
       142822.6   0.00  65.92  72.59  24.62  99.74 107697 2586.741   184  256.598 2843.339
       142832.6   0.00  79.78  32.67  24.64  99.74 107705 2586.896   184  256.598 2843.494
       142842.6  50.53   0.00  96.57  24.67  99.74 107712 2587.040   184  256.598 2843.638
       142852.6  50.58   0.00  50.34  24.70  99.74 107720 2587.178   184  256.598 2843.776
       142862.6   0.00  99.09  84.85  24.73  99.74 107727 2587.317   184  256.598 2843.915
       142872.6   0.00 100.00  29.74  24.77  99.74 107735 2587.484   184  256.598 2844.082
Timestamp         S0     S1     E      O      P     YGC     YGCT    FGC    FGCT     GCT   
       142882.6   0.00 100.00  17.39  25.12  99.74 107743 2587.758   184  256.598 2844.356
       142892.6   0.00  99.70  34.43  25.28  99.75 107751 2588.044   184  256.598 2844.642
       142902.6   0.00  21.24  66.56  25.76  99.75 107759 2588.218   184  256.598 2844.816
       142912.6   0.00  35.14  51.93  25.91  99.75 107767 2588.400   184  256.598 2844.998
       142922.6   0.00  25.41  36.74  25.93  99.75 107775 2588.659   184  256.598 2845.257
       142932.6   0.00  26.02   5.20  25.96  99.75 107783 2588.844   184  256.598 2845.442
       142942.6  53.99   0.00  63.57  25.98  99.75 107790 2588.975   184  256.598 2845.573
       142952.6  77.44   0.00  40.60  26.00  99.75 107798 2589.180   184  256.598 2845.778
       142962.6  65.53   0.00  13.64  26.02  99.75 107806 2589.349   184  256.598 2845.946
       142972.6  42.79   0.00   4.73  26.10  99.75 107814 2589.534   184  256.598 2846.131
Timestamp         S0     S1     E      O      P     YGC     YGCT    FGC    FGCT     GCT   
       142982.6   0.00  81.48  82.62  26.11  99.75 107821 2589.694   184  256.598 2846.291
       142992.6   0.00  40.40  75.61  26.17  99.75 107829 2589.902   184  256.598 2846.500
       143002.6   0.00  48.44  34.01  26.20  99.75 107837 2590.071   184  256.598 2846.669
       143012.6  61.28   0.00  96.54  26.29  99.75 107844 2590.203   184  256.598 2846.801
       143022.6  41.24   0.00  84.14  26.32  99.75 107852 2590.339   184  256.598 2846.937
       143032.6  60.49   0.00  48.10  26.34  99.75 107860 2590.499   184  256.598 2847.096
       143042.6  79.23   0.00  18.84  26.48  99.75 107868 2590.686   184  256.598 2847.283
       143052.6  67.07   0.00   7.41  26.91  99.75 107876 2590.920   184  256.598 2847.518
       143062.6   0.00  79.28  87.42  27.04  99.75 107883 2591.107   184  256.598 2847.704
       143072.6   0.00  99.29  48.63  27.46  99.75 107891 2591.259   184  256.598 2847.857
Timestamp         S0     S1     E      O      P     YGC     YGCT    FGC    FGCT     GCT   
       143082.6  35.80   0.00  63.97  27.47  99.75 107898 2591.384   184  256.598 2847.982
       143092.6  53.29   0.00  54.80  27.49  99.75 107906 2591.547   184  256.598 2848.145
       143102.6   0.00  74.24  96.09  27.50  99.75 107913 2591.709   184  256.598 2848.307
       143112.6   0.00 100.00  44.32  27.64  99.75 107921 2591.873   184  256.598 2848.470
       143122.6  26.42   0.00  95.73  27.67  99.75 107928 2591.978   184  256.598 2848.576
       143132.6  75.57   0.00  56.87  27.69  99.75 107936 2592.118   184  256.598 2848.715
       143142.6  48.93   0.00  32.52  27.70  99.75 107944 2592.279   184  256.598 2848.877
       143152.6   0.00 100.00  82.16  27.72  99.75 107951 2592.435   184  256.598 2849.033
       143162.6   0.00  34.15  33.30  27.85  99.75 107959 2592.651   184  256.598 2849.249
       143172.6  36.20   0.00  64.68  27.88  99.75 107966 2592.785   184  256.598 2849.383
Timestamp         S0     S1     E      O      P     YGC     YGCT    FGC    FGCT     GCT   
       143182.6  83.94   0.00  17.70  27.90  99.75 107974 2592.942   184  256.598 2849.540
       143192.6  65.01   0.00   3.94  28.83  99.75 107982 2593.166   184  256.598 2849.763
       143202.6   0.00  99.85  89.90  28.84  99.75 107989 2593.396   184  256.598 2849.993
       143212.6  28.74   0.00   0.23  29.76  99.75 107998 2593.655   184  256.598 2850.253
       143222.6   0.00  24.34  70.00  29.79  99.75 108005 2593.778   184  256.598 2850.376
       143232.6   0.00  47.70  11.78  29.83  99.75 108013 2593.926   184  256.598 2850.524
       143242.6  52.82   0.00  53.22  29.87  99.75 108020 2594.060   184  256.598 2850.657
       143252.6  74.77   0.00  43.33  29.89  99.75 108028 2594.244   184  256.598 2850.842
       143262.6   0.00  88.28  79.21  29.90  99.75 108035 2594.381   184  256.598 2850.979
       143272.6   0.00  37.44  61.81  30.06  99.75 108043 2594.537   184  256.598 2851.135
Timestamp         S0     S1     E      O      P     YGC     YGCT    FGC    FGCT     GCT   
       143282.6   0.00  48.65  33.44  30.08  99.75 108051 2594.715   184  256.598 2851.312
       143292.6   0.00  75.43  13.99  30.12  99.75 108059 2594.917   184  256.598 2851.514
       143302.7  88.09   0.00  98.05  30.21  99.75 108066 2595.067   184  256.598 2851.665
       143312.6  38.51   0.00  87.32  30.26  99.75 108074 2595.210   184  256.598 2851.807
       143322.6  54.25   0.00  33.45  30.29  99.75 108082 2595.372   184  256.598 2851.969
       143332.6   0.00  53.53  88.41  30.31  99.75 108089 2595.506   184  256.598 2852.104
       143342.6   0.00  71.60  22.33  30.33  99.75 108097 2595.691   184  256.598 2852.288
       143352.6  72.16   0.00  23.51  30.38  99.75 108104 2595.829   184  256.598 2852.427
       143362.6   0.00  52.56  38.72  30.40  99.75 108111 2595.965   184  256.598 2852.563
       143372.6   0.00  99.87  33.70  32.77  99.75 108119 2596.192   184  256.598 2852.789
Timestamp         S0     S1     E      O      P     YGC     YGCT    FGC    FGCT     GCT   
       143382.6   0.00  99.90  91.14  32.78  99.75 108127 2596.506   184  256.598 2853.104
       143392.6  17.93   0.00  21.39  34.01  99.75 108136 2596.715   184  256.598 2853.313
       143402.6   0.00  14.70  87.46  34.14  99.75 108143 2596.900   184  256.598 2853.498
       143412.6   0.00  24.80  90.66  34.18  99.75 108151 2597.061   184  256.598 2853.659
       143422.6   0.00  33.06  77.89  34.19  99.75 108159 2597.256   184  256.598 2853.854
       143432.6   0.00  51.15  61.07  34.23  99.75 108167 2597.430   184  256.598 2854.028
       143442.6   0.00  28.01  41.69  34.27  99.75 108175 2597.594   184  256.598 2854.191
       143452.6   0.00  50.85  19.93  34.29  99.75 108183 2597.737   184  256.598 2854.335
       143462.6  50.29   0.00  57.75  34.33  99.75 108190 2597.889   184  256.598 2854.486
       143472.6  64.86   0.00  15.87  34.35  99.75 108198 2598.048   184  256.598 2854.646
Timestamp         S0     S1     E      O      P     YGC     YGCT    FGC    FGCT     GCT   
       143482.7   0.00  66.55  76.57  34.37  99.75 108205 2598.181   184  256.598 2854.778
       143492.6  58.54   0.00  99.70  34.38  99.75 108213 2598.303   184  256.598 2854.901
       143502.7 100.00   0.00  95.18  35.17  99.75 108220 2598.459   184  256.598 2855.057
       143512.6  64.30   0.00  72.41  36.97  99.75 108228 2598.789   184  256.598 2855.386
       143522.6  51.62   0.00  52.04  37.57  99.75 108236 2599.028   184  256.598 2855.626
       143532.6  22.43   0.00  82.63  38.27  99.75 108244 2599.182   184  256.598 2855.780
       143542.6  48.10   0.00  76.70  38.29  99.75 108252 2599.338   184  256.598 2855.936
       143552.6  20.77   0.00  43.21  38.35  99.75 108260 2599.534   184  256.598 2856.132
       143562.7   0.00  30.84 100.00  38.39  99.75 108268 2599.683   184  256.598 2856.281
       143572.7   0.00  99.55  85.09  38.41  99.75 108275 2599.840   184  256.598 2856.438
Timestamp         S0     S1     E      O      P     YGC     YGCT    FGC    FGCT     GCT   
       143582.6   0.00 100.00  46.27  38.43  99.75 108283 2599.990   184  256.598 2856.588
       143592.6   0.00  46.03   8.73  38.51  99.75 108291 2600.169   184  256.598 2856.767
       143602.6  66.38   0.00  95.27  38.62  99.75 108298 2600.325   184  256.598 2856.923
       143612.7  70.89   0.00  77.21  38.63  99.75 108306 2600.499   184  256.598 2857.097
       143622.6  78.10   0.00  66.66  38.85  99.75 108314 2600.656   184  256.598 2857.254
       143632.7  63.49   0.00  39.37  38.86  99.75 108322 2600.890   184  256.598 2857.487
       143642.6   0.00  44.58  93.17  38.90  99.75 108329 2601.042   184  256.598 2857.640
       143652.6   0.00  99.59  58.64  38.96  99.75 108337 2601.227   184  256.598 2857.824
       143662.6   0.00  52.37  48.57  39.04  99.75 108345 2601.383   184  256.598 2857.981
       143672.6   0.00  99.50  22.34  39.06  99.75 108353 2601.538   184  256.598 2858.136
Timestamp         S0     S1     E      O      P     YGC     YGCT    FGC    FGCT     GCT   
       143682.6   0.00 100.00   6.38  39.10  99.75 108361 2601.719   184  256.598 2858.317
       143692.6  67.69   0.00  96.30  39.13  99.75 108369 2601.856   184  256.598 2858.454
       143702.6  55.81   0.00  48.07  39.19  99.75 108376 2602.031   184  256.598 2858.629
       143712.6   0.00  73.06  94.06  39.30  99.75 108383 2602.159   184  256.598 2858.756
       143722.7   0.00  59.80  57.75  39.33  99.75 108391 2602.331   184  256.598 2858.929
       143732.7  46.96  28.85 100.00  39.34  99.75 108399 2602.455   184  256.598 2859.053
       143742.6  90.06   0.00  69.25  39.36  99.75 108406 2602.608   184  256.598 2859.206
       143752.6  71.62   0.00  51.25  39.39  99.75 108414 2602.879   184  256.598 2859.477
       143762.7   0.00 100.00  99.54  40.13  99.75 108421 2603.178   184  256.598 2859.775
       143772.6   0.00  99.64  55.82  41.20  99.75 108429 2603.478   184  256.598 2860.076
Timestamp         S0     S1     E      O      P     YGC     YGCT    FGC    FGCT     GCT   
       143782.7   0.00  31.37  86.38  41.90  99.75 108437 2603.707   184  256.598 2860.304
       143792.6   0.00  27.94  77.88  42.13  99.75 108445 2603.888   184  256.598 2860.486
       143802.6   0.00  35.21  55.69  42.16  99.75 108453 2604.064   184  256.598 2860.662
       143812.6   0.00  28.60   0.00  42.20  99.75 108461 2604.228   184  256.598 2860.825
       143822.7  57.36   0.00  36.80  42.26  99.75 108468 2604.374   184  256.598 2860.971
       143832.7  87.43   0.00  11.45  42.28  99.75 108476 2604.532   184  256.598 2861.129
       143842.7   0.00  59.64  66.83  42.30  99.75 108483 2604.683   184  256.598 2861.280
       143852.7  36.14   0.00  84.01  42.32  99.75 108490 2604.801   184  256.598 2861.399
       143862.7  75.14   0.00  51.99  42.35  99.75 108498 2604.944   184  256.598 2861.542
       143872.7  82.32   0.00  10.23  42.52  99.75 108506 2605.145   184  256.598 2861.743
Timestamp         S0     S1     E      O      P     YGC     YGCT    FGC    FGCT     GCT   
       143882.6   0.00  99.82  68.11  43.98  99.75 108513 2605.375   184  256.598 2861.973
       143892.7  55.71   0.00  99.24  44.10  99.75 108520 2605.560   184  256.598 2862.157
       143902.7  39.61   0.00  67.54  44.88  99.75 108528 2605.834   184  256.598 2862.432
       143912.7  51.57   0.00  28.75  44.89  99.75 108536 2605.997   184  256.598 2862.594
       143922.7  64.96   0.00   6.12  44.96  99.75 108544 2606.206   184  256.598 2862.804
       143932.6   0.00  25.00  51.58  44.97  99.75 108551 2606.364   184  256.598 2862.962
       143942.7   0.00  53.78  12.15  44.99  99.75 108559 2606.524   184  256.598 2863.122
       143952.7  50.29   0.00  65.95  45.00  99.75 108566 2606.666   184  256.598 2863.263
       143962.7  85.71   0.00  37.12  45.01  99.75 108574 2606.850   184  256.598 2863.448
       143972.7  64.69   0.00   6.44  45.15  99.75 108582 2607.054   184  256.598 2863.652
Timestamp         S0     S1     E      O      P     YGC     YGCT    FGC    FGCT     GCT   
       143982.6   0.00  27.14  50.24  45.23  99.75 108589 2607.187   184  256.598 2863.784
       143992.7   0.00  99.44  26.13  45.28  99.75 108597 2607.347   184  256.598 2863.945
       144002.6  47.35   0.00  79.34  45.29  99.75 108604 2607.635   184  256.598 2864.233
       144012.7  33.59   0.00  42.10  45.35  99.75 108612 2607.814   184  256.598 2864.411
       144022.7  32.25   0.00  27.05  45.40  99.75 108620 2607.974   184  256.598 2864.571
       144032.7  64.36   0.00  20.13  45.42  99.75 108628 2608.164   184  256.598 2864.762
       144042.7  44.97   0.00   1.77  45.44  99.75 108636 2608.349   184  256.598 2864.946
       144052.6   0.00  63.33  83.58  45.46  99.75 108643 2608.476   184  256.598 2865.073
       144062.7   0.00  43.75  12.89  45.50  99.75 108651 2608.703   184  256.598 2865.301
       144072.7  85.21   0.00  37.07  45.52  99.75 108658 2608.895   184  256.598 2865.492
Timestamp         S0     S1     E      O      P     YGC     YGCT    FGC    FGCT     GCT   
       144082.7  90.79 100.00 100.00  45.61  99.75 108666 2609.047   184  256.598 2865.645
       144092.7  58.69   0.00  27.72  47.94  99.75 108674 2609.354   184  256.598 2865.952
       144102.7  44.61   0.00  66.87  48.50  99.75 108682 2609.613   184  256.598 2866.210
       144112.7   0.00  33.54  19.04  49.29  99.75 108691 2609.856   184  256.598 2866.453
       144122.7  28.94   0.00 100.00  49.31  99.75 108699 2610.035   184  256.598 2866.633
       144132.7  69.26   0.00  61.76  49.46  99.75 108706 2610.333   184  256.598 2866.931
       144142.7  33.72   0.00  65.66  49.47  99.75 108714 2610.500   184  256.598 2867.098
       144152.7  53.75   0.00  37.28  49.55  99.75 108722 2610.659   184  256.598 2867.257
       144162.7  56.45   0.00  13.11  49.56  99.75 108730 2610.866   184  256.598 2867.464
       144172.7   0.00  58.38  62.07  49.59  99.75 108737 2610.997   184  256.598 2867.595
Timestamp         S0     S1     E      O      P     YGC     YGCT    FGC    FGCT     GCT   
       144182.7   0.00  61.28   4.20  49.62  99.75 108745 2611.162   184  256.598 2867.760
       144192.7  80.17   0.00  94.52  50.32  99.75 108752 2611.329   184  256.598 2867.927
       144202.7  62.63   0.00  99.11  50.33  99.75 108761 2611.542   184  256.598 2868.140
       144212.7   0.00  50.17  34.66  50.74  99.75 108769 2611.772   184  256.598 2868.370
       144222.7   0.00 100.00  59.32  50.80  99.75 108777 2611.972   184  256.598 2868.569
       144232.7   0.00  99.41  57.41  50.87  99.75 108785 2612.141   184  256.598 2868.739
       144242.7   0.00  59.01  36.17  50.89  99.75 108793 2612.293   184  256.598 2868.891
       144252.7  60.82   0.00  70.11  51.00  99.75 108800 2612.421   184  256.598 2869.018
       144262.7  78.39   0.00  45.11  51.01  99.75 108808 2612.587   184  256.598 2869.185
       144272.7  71.08   0.00  28.76  51.03  99.75 108816 2612.758   184  256.598 2869.356
Timestamp         S0     S1     E      O      P     YGC     YGCT    FGC    FGCT     GCT   
       144282.7   0.00  44.56  92.04  51.13  99.75 108823 2612.893   184  256.598 2869.490
       144292.7   0.00  52.37  59.90  51.19  99.75 108831 2613.051   184  256.598 2869.649
       144302.7   0.00  59.81  19.16  51.20  99.75 108839 2613.210   184  256.598 2869.808
       144312.7   0.00  99.65   5.89  51.23  99.75 108847 2613.396   184  256.598 2869.994
       144322.7  50.30   0.00  39.39  51.24  99.75 108854 2613.588   184  256.598 2870.186
       144332.7   0.00 100.00  92.49  53.41  99.75 108861 2613.775   184  256.598 2870.372
       144342.7  69.26   0.00  27.68  54.67  99.75 108870 2614.068   184  256.598 2870.666
       144352.7  24.85   0.00  73.61  55.60  99.75 108878 2614.325   184  256.598 2870.922
       144362.7  31.93   0.00  75.47  55.64  99.75 108886 2614.551   184  256.598 2871.149
       144372.7  55.27   0.00  52.43  55.70  99.75 108894 2614.762   184  256.598 2871.360
Timestamp         S0     S1     E      O      P     YGC     YGCT    FGC    FGCT     GCT   
       144382.7  38.50   0.00  36.14  55.75  99.75 108902 2615.036   184  256.598 2871.633
       144392.7  31.95   0.00  15.26  55.78  99.75 108910 2615.267   184  256.598 2871.865
       144402.7   0.00  49.28  70.14  55.82  99.75 108917 2615.403   184  256.598 2872.001
       144412.7   0.00  99.66  12.14  55.86  99.75 108925 2615.555   184  256.598 2872.153
       144422.7  84.76   0.00  23.35  55.87  99.75 108932 2615.695   184  256.598 2872.292
       144432.7  72.25   0.00  10.02  55.91  99.75 108940 2615.887   184  256.598 2872.484
       144442.7   0.00  50.00  75.49  55.92  99.75 108947 2616.039   184  256.598 2872.636
       144452.7   0.00 100.00  19.05  56.01  99.75 108955 2616.202   184  256.598 2872.799
       144462.7 100.00   0.00  80.18  57.03  99.75 108962 2616.385   184  256.598 2872.983
       144472.7  84.24   0.00  31.07  57.04  99.75 108970 2616.585   184  256.598 2873.183
Timestamp         S0     S1     E      O      P     YGC     YGCT    FGC    FGCT     GCT   
       144482.7  50.00   0.00  16.48  57.68  99.75 108978 2616.856   184  256.598 2873.454
       144492.7  46.14   0.00  31.46  57.70  99.75 108986 2617.037   184  256.598 2873.634
       144502.7  46.02   0.00  28.84  57.72  99.75 108994 2617.198   184  256.598 2873.796
       144512.7   0.00  48.65  95.64  57.76  99.75 109001 2617.336   184  256.598 2873.934
       144522.7   0.00 100.00  92.35  57.84  99.75 109009 2617.521   184  256.598 2874.119
       144532.7   0.00 100.00  78.25  57.89  99.75 109017 2617.707   184  256.598 2874.305
       144542.7   0.00  57.78  46.16  57.96  99.75 109025 2617.886   184  256.598 2874.484
       144552.7   0.00  45.55  19.50  57.99  99.75 109033 2618.040   184  256.598 2874.638
       144562.7  66.77   0.00  48.35  58.01  99.75 109040 2618.177   184  256.598 2874.774
       144572.7  30.88   0.00  23.25  58.03  99.75 109048 2618.384   184  256.598 2874.982
Timestamp         S0     S1     E      O      P     YGC     YGCT    FGC    FGCT     GCT   
       144582.7   0.00  52.00   6.20  58.05  99.75 109055 2618.501   184  256.598 2875.098
       144592.7 100.00   0.00  44.45  58.09  99.75 109062 2618.659   184  256.598 2875.256
       144602.7   0.00  63.80  98.43  58.10  99.75 109070 2618.791   184  256.598 2875.389
       144612.7   0.00 100.00  89.64  58.19  99.75 109077 2618.984   184  256.598 2875.582
       144622.7   0.00  48.86  12.62  58.25  99.75 109085 2619.156   184  256.598 2875.754
       144632.7  78.93   0.00  70.15  58.27  99.75 109092 2619.310   184  256.598 2875.907
       144642.7  77.63   0.00  14.66  58.30  99.75 109100 2619.525   184  256.598 2876.123
       144652.7   0.00 100.00  91.20  60.50  99.75 109107 2619.724   184  256.598 2876.321
       144662.7   0.00  61.95  98.27  60.50  99.75 109115 2619.966   184  256.598 2876.564
       144672.7   0.00 100.00  92.44  61.33  99.75 109123 2620.180   184  256.598 2876.777
Timestamp         S0     S1     E      O      P     YGC     YGCT    FGC    FGCT     GCT   
       144682.7  40.46   0.00   2.37  61.44  99.75 109132 2620.410   184  256.598 2877.008
       144692.7  32.75   0.00  17.33  61.46  99.75 109140 2620.585   184  256.598 2877.182
       144702.7   0.00  42.23  72.77  61.48  99.75 109147 2620.721   184  256.598 2877.319
       144712.7   0.00  71.36  40.10  61.58  99.75 109155 2620.919   184  256.598 2877.516
       144722.7  45.61   0.00  86.49  61.59  99.75 109162 2621.113   184  256.598 2877.710
       144732.7  63.97   0.00  45.13  61.67  99.75 109170 2621.274   184  256.598 2877.871
       144742.7   0.00  73.93  94.53  61.69  99.75 109177 2621.424   184  256.598 2878.022
       144752.7   0.00 100.00  96.98  65.44  99.75 109185 2621.700   184  256.598 2878.298
       144762.7  64.68   0.00  37.82  65.44  99.75 109194 2622.026   184  256.598 2878.623
       144772.7  10.08   0.00  95.91  66.73  99.75 109202 2622.261   184  256.598 2878.859
Timestamp         S0     S1     E      O      P     YGC     YGCT    FGC    FGCT     GCT   
       144782.7  19.07   0.00  90.67  66.75  99.75 109210 2622.463   184  256.598 2879.061
       144792.7  30.50   0.00  86.63  66.78  99.75 109218 2622.617   184  256.598 2879.214
       144802.7  52.63   0.00  93.00  66.81  99.75 109226 2622.762   184  256.598 2879.360
       144812.7  42.59   0.00  54.42  66.83  99.75 109234 2622.923   184  256.598 2879.520
       144822.7  64.91   0.00  37.47  67.06  99.75 109242 2623.097   184  256.598 2879.695
       144832.7  79.63   0.00  30.70  67.08  99.75 109250 2623.316   184  256.598 2879.914
       144842.7  35.71   0.00  11.43  67.32  99.75 109258 2623.486   184  256.598 2880.084
       144852.7   0.00  99.58  83.16  67.39  99.75 109265 2623.628   184  256.598 2880.226
       144862.7   0.00  35.51  22.49  67.41  99.75 109273 2623.803   184  256.598 2880.400
       144872.7  59.02   0.00  28.70  67.43  99.75 109280 2623.965   184  256.598 2880.563
Timestamp         S0     S1     E      O      P     YGC     YGCT    FGC    FGCT     GCT   
       144882.7   0.00  99.40  93.37  67.45  99.75 109287 2624.102   184  256.598 2880.699
       144892.8   0.00 100.00  89.11  67.59  99.75 109295 2624.326   184  256.598 2880.924
       144902.7   0.00  56.34   9.70  67.66  99.75 109303 2624.504   184  256.598 2881.102
       144912.7  85.49   0.00  92.22  67.78  99.75 109310 2624.733   184  256.598 2881.331
       144922.7  66.27   0.00  63.00  67.88  99.75 109318 2624.944   184  256.598 2881.542
       144932.7  67.55   0.00  37.67  67.89  99.75 109326 2625.162   184  256.598 2881.759
       144942.8  73.44   0.00   3.83  68.07  99.75 109334 2625.329   184  256.598 2881.926
       144952.8   0.00  55.17  84.72  68.08  99.75 109341 2625.485   184  256.598 2882.083
       144962.8   0.00 100.00  26.67  68.18  99.75 109349 2625.652   184  256.598 2882.250
       144972.8  59.07   0.00  65.76  68.22  99.75 109356 2625.842   184  256.598 2882.440
Timestamp         S0     S1     E      O      P     YGC     YGCT    FGC    FGCT     GCT   
       144982.8   0.00 100.00  95.21  68.23  99.75 109363 2625.976   184  256.598 2882.574
       144992.8   0.00  72.56  43.28  68.28  99.75 109371 2626.154   184  256.598 2882.752
       145002.8   0.00  99.81  18.49  70.24  99.75 109379 2626.379   184  256.598 2882.977
       145012.8   0.00  61.49  38.45  70.26  99.75 109387 2626.574   184  256.598 2883.172
       145022.8   0.00  60.07  51.51  70.86  99.75 109395 2626.852   184  256.598 2883.450
       145032.9   0.00  40.14  51.72  70.89  99.75 109403 2627.035   184  256.598 2883.633
       145042.9   0.00  50.57  49.97  71.01  99.75 109411 2627.217   184  256.598 2883.814
       145052.9   0.00  40.30   1.46  71.03  99.75 109419 2627.372   184  256.598 2883.970
       145062.9  36.23   0.00  38.10  71.10  99.75 109426 2627.533   184  256.598 2884.130
       145072.9  35.83   0.00  17.42  71.14  99.75 109434 2627.754   184  256.598 2884.351
Timestamp         S0     S1     E      O      P     YGC     YGCT    FGC    FGCT     GCT   
       145082.9   0.00 100.00  77.91  71.20  99.75 109441 2627.933   184  256.598 2884.531
       145092.9   0.00  74.14  45.29  71.22  99.75 109449 2628.115   184  256.598 2884.712
       145102.9   0.00  70.53   1.49  71.29  99.75 109457 2628.359   184  256.598 2884.957
       145112.9  83.42   0.00  49.49  71.40  99.75 109464 2628.513   184  256.598 2885.110
       145122.9  45.54   0.00  63.64  71.42  99.75 109472 2628.703   184  256.598 2885.301
       145132.9  63.78   0.00  43.28  71.44  99.75 109480 2628.902   184  256.598 2885.500
       145142.9   0.00  43.69  70.02  71.54  99.75 109487 2629.091   184  256.598 2885.689
       145152.9  33.51   0.00  82.36  71.56  99.75 109494 2629.237   184  256.598 2885.835
       145162.9  64.24   0.00  41.57  71.61  99.75 109502 2629.411   184  256.598 2886.009
       145172.9   0.00  74.83  50.41  71.62  99.75 109509 2629.562   184  256.598 2886.160
Timestamp         S0     S1     E      O      P     YGC     YGCT    FGC    FGCT     GCT   
       145182.9   0.00  99.79  11.56  72.88  99.75 109517 2629.762   184  256.598 2886.360
       145192.9  74.78   0.00  86.82  73.23  99.75 109524 2630.001   184  256.598 2886.598
       145202.9  50.60   0.00  81.62  73.77  99.75 109532 2630.290   184  256.598 2886.888
       145212.9   0.00  31.42   3.87  74.27  99.75 109541 2630.486   184  256.598 2887.084
       145222.9  34.05   0.00  65.03  74.31  99.75 109548 2630.657   184  256.598 2887.255
       145232.9  46.34   0.00  64.63  74.33  99.75 109556 2630.836   184  256.598 2887.433
       145242.9  79.44   0.00  45.73  74.34  99.75 109564 2631.034   184  256.598 2887.632
       145252.9   0.00  40.53  81.95  74.36  99.75 109571 2631.243   184  256.598 2887.840
       145262.9  68.29   0.00  94.73  74.41  99.75 109578 2631.415   184  256.598 2888.013
       145272.9  74.21   0.00  25.65  74.45  99.75 109586 2631.590   184  256.598 2888.187
Timestamp         S0     S1     E      O      P     YGC     YGCT    FGC    FGCT     GCT   
       145282.9   0.00  66.96   7.17  74.49  99.75 109593 2631.779   184  256.598 2888.377
       145292.9  58.84   0.00  32.86  74.51  99.75 109600 2631.917   184  256.598 2888.515
       145302.9   0.00  29.62  80.74  74.68  99.75 109607 2632.141   184  256.598 2888.739
       145312.9   0.00  60.37  13.82  74.69  99.75 109615 2632.284   184  256.598 2888.882
       145322.9  72.51   0.00  40.41  74.71  99.75 109622 2632.423   184  256.598 2889.020
       145332.9   0.00  72.88  96.77  74.73  99.75 109629 2632.591   184  256.598 2889.188
       145342.9   0.00  47.10  26.47  74.75  99.75 109637 2632.757   184  256.598 2889.355
       145352.9  67.63   0.00  93.86  74.77  99.75 109644 2632.922   184  256.598 2889.519
       145362.9  81.04   0.00  49.08  75.35  99.75 109652 2633.121   184  256.598 2889.718
       145372.9   0.00  71.32  94.99  75.35  99.75 109659 2633.292   184  256.598 2889.890
Timestamp         S0     S1     E      O      P     YGC     YGCT    FGC    FGCT     GCT   
       145382.9   0.00 100.00  37.76  75.76  99.75 109667 2633.461   184  256.598 2890.059
       145392.9   0.00  67.23  20.98  75.78  99.75 109675 2633.611   184  256.598 2890.209
       145402.9  57.69   0.00  59.82  75.80  99.75 109682 2633.773   184  256.598 2890.371
       145412.9  63.02   0.00  47.22  75.81  99.75 109690 2633.931   184  256.598 2890.528
       145422.9  53.55   0.00  14.25  75.91  99.75 109698 2634.119   184  256.598 2890.716
       145432.9   0.00 100.00  85.32  75.94  99.75 109705 2634.267   184  256.598 2890.864
       145442.9   0.00  35.79  19.35  75.98  99.75 109713 2634.455   184  256.598 2891.053
       145452.9  45.25   0.00  52.20  76.00  99.75 109720 2634.595   184  256.598 2891.192
       145462.9   0.00  43.99  62.03  76.08  99.75 109727 2634.735   184  256.598 2891.332
       145472.9   0.00  37.50  20.32  76.14  99.75 109735 2634.907   184  256.598 2891.504
Timestamp         S0     S1     E      O      P     YGC     YGCT    FGC    FGCT     GCT   
       145482.9  43.49   0.00  69.61  76.17  99.75 109742 2635.073   184  256.598 2891.671
       145492.9  45.53   0.00  34.41  76.21  99.75 109750 2635.244   184  256.598 2891.841
       145502.9   0.00  81.87  86.59  76.26  99.75 109757 2635.391   184  256.598 2891.988
       145512.9   0.00  99.69  51.68  76.39  99.75 109765 2635.572   184  256.598 2892.169
       145522.9  73.08   0.00  89.94  76.40  99.75 109772 2635.745   184  256.598 2892.343
       145532.9  49.03   0.00  75.29  76.65  99.75 109780 2635.929   184  256.598 2892.526
       145542.9  57.18   0.00  72.83  76.68  99.75 109788 2636.101   184  256.598 2892.699
       145552.9  51.75   0.00  35.63  76.73  99.75 109796 2636.307   184  256.598 2892.905
       145562.9   0.00 100.00  98.34  76.75  99.75 109803 2636.483   184  256.598 2893.080
       145572.9   0.00  46.80  33.55  76.80  99.75 109811 2636.626   184  256.598 2893.223
Timestamp         S0     S1     E      O      P     YGC     YGCT    FGC    FGCT     GCT   
       145582.9  46.53   0.00  84.13  76.83  99.75 109818 2636.759   184  256.598 2893.356
       145592.9  84.85   0.00  53.24  76.85  99.75 109826 2636.938   184  256.598 2893.535
       145602.9  81.61   0.00  36.87  76.87  99.75 109834 2637.212   184  256.598 2893.809
       145612.9  79.37   0.00  20.97  77.01  99.75 109842 2637.391   184  256.598 2893.988
       145622.9   0.00  44.10  66.53  77.04  99.75 109849 2637.540   184  256.598 2894.138
       145632.9   0.00  99.58  38.61  77.05  99.75 109857 2637.758   184  256.598 2894.355
       145642.9  43.15   0.00  91.14  77.07  99.75 109864 2637.907   184  256.598 2894.505
       145652.9 100.00   0.00  64.57  77.11  99.75 109872 2638.113   184  256.598 2894.711
       145662.9  56.10   0.00  82.53  77.36  99.75 109880 2638.354   184  256.598 2894.952
       145672.9  59.25   0.00  88.81  77.49  99.75 109888 2638.538   184  256.598 2895.136
Timestamp         S0     S1     E      O      P     YGC     YGCT    FGC    FGCT     GCT   
       145682.9  45.63   0.00  67.72  77.61  99.75 109896 2638.724   184  256.598 2895.322
       145692.9  35.56   0.00  57.87  77.62  99.75 109904 2638.907   184  256.598 2895.504
       145702.9   0.00  26.28  87.46  77.64  99.75 109911 2639.061   184  256.598 2895.659
       145712.9   0.00  41.58   8.50  77.66  99.75 109919 2639.228   184  256.598 2895.825
       145722.9  76.97   0.00  52.07  77.69  99.75 109926 2639.381   184  256.598 2895.979
       145732.9  68.09   0.00  14.28  77.71  99.75 109934 2639.597   184  256.598 2896.194
       145742.9   0.00  80.42  37.80  77.74  99.75 109941 2639.757   184  256.598 2896.354
       145752.9  68.39   0.00  92.44  77.76  99.75 109948 2639.899   184  256.598 2896.497
       145762.9  62.72   0.00  22.67  77.90  99.75 109956 2640.083   184  256.598 2896.681
       145772.9   0.00  51.29  29.92  77.95  99.75 109963 2640.224   184  256.598 2896.822
Timestamp         S0     S1     E      O      P     YGC     YGCT    FGC    FGCT     GCT   
       145782.9  65.36   0.00  65.98  78.03  99.75 109970 2640.369   184  256.598 2896.967
       145792.9  54.19   0.00  49.20  78.05  99.75 109978 2640.563   184  256.598 2897.160
       145802.9  80.73   0.00   3.87  78.13  99.75 109986 2640.760   184  256.598 2897.358
       145812.9   0.00 100.00  67.65  78.93  99.75 109993 2640.997   184  256.598 2897.594
       145822.9   0.00  58.38  86.94  80.19  99.75 110001 2641.296   184  256.598 2897.894
       145832.9   0.00  33.83  94.35  80.95  99.75 110009 2641.548   184  256.598 2898.146
       145842.9  15.22   0.00   1.06  81.33  99.75 110018 2641.772   184  256.598 2898.370
       145852.9   0.00  20.61  97.85  81.35  99.75 110025 2641.931   184  256.598 2898.528
       145862.9  64.15   0.00  94.99  81.37  99.75 110032 2642.134   184  256.598 2898.732
       145872.9  63.87   0.00  67.24  81.40  99.75 110040 2642.332   184  256.598 2898.930
Timestamp         S0     S1     E      O      P     YGC     YGCT    FGC    FGCT     GCT   
       145882.9  55.25   0.00  60.37  81.50  99.75 110048 2642.544   184  256.598 2899.141
       145892.9  50.49   0.00  15.64  81.51  99.75 110056 2642.718   184  256.598 2899.316
       145902.9   0.00  74.72  72.59  81.55  99.75 110063 2642.858   184  256.598 2899.455
       145912.9  50.31   0.00  97.18  81.58  99.75 110070 2643.003   184  256.598 2899.601
       145923.0  83.33   0.00  17.46  81.60  99.75 110078 2643.189   184  256.598 2899.787
       145932.9   0.00  66.39  80.38  81.74  99.75 110085 2643.378   184  256.598 2899.975
       145942.9   0.00  43.40  34.30  81.78  99.75 110093 2643.533   184  256.598 2900.131
       145952.9   0.00  60.26   6.26  82.01  99.75 110101 2643.704   184  256.598 2900.302
       145962.9  74.07   0.00  29.78  18.12  99.93 110108 2643.849   185  258.053 2901.903
       145972.9  76.95   0.00  38.40  20.57  99.93 110116 2644.154   185  258.053 2902.207
Timestamp         S0     S1     E      O      P     YGC     YGCT    FGC    FGCT     GCT   
       145982.9  59.54   0.00  94.66  21.04  99.93 110124 2644.443   185  258.053 2902.496
       145992.9   0.00  11.03  29.14  22.08  99.93 110133 2644.714   185  258.053 2902.767
       146002.9   0.00  34.88  77.91  22.14  99.93 110141 2644.905   185  258.053 2902.958
       146012.9  45.13   0.00  10.49  22.17  99.93 110150 2645.109   185  258.053 2903.162
       146022.9  34.11   0.00   0.00  22.34  99.93 110158 2645.273   185  258.053 2903.326
       146032.9   0.00  99.62  35.60  22.35  99.93 110165 2645.415   185  258.053 2903.468
       146042.9   0.00  50.00   0.00  22.37  99.93 110173 2645.629   185  258.053 2903.683
       146052.9  30.22   0.00  60.35  22.46  99.93 110180 2645.783   185  258.053 2903.836
       146062.9  56.77   0.00  36.37  22.49  99.93 110188 2645.963   185  258.053 2904.016
       146072.9  43.67   0.00   0.00  22.52  99.93 110196 2646.107   185  258.053 2904.160
Timestamp         S0     S1     E      O      P     YGC     YGCT    FGC    FGCT     GCT   
       146083.0   0.00  85.94  73.22  22.54  99.93 110203 2646.227   185  258.053 2904.281
       146092.9   0.00  99.78  44.58  23.28  99.93 110211 2646.478   185  258.053 2904.531
       146102.9  58.25   0.00  91.52  23.29  99.93 110218 2646.658   185  258.053 2904.711
       146112.9  50.00   0.00  71.18  23.92  99.93 110226 2646.859   185  258.053 2904.912
       146122.9  59.32   0.00  15.01  23.93  99.93 110234 2646.993   185  258.053 2905.046
       146132.9   0.00  99.58  65.89  24.02  99.93 110241 2647.122   185  258.053 2905.175
       146142.9  41.71   0.00  97.19  24.04  99.93 110248 2647.255   185  258.053 2905.308
       146152.9  85.06   0.00  41.61  24.06  99.93 110256 2647.411   185  258.053 2905.465
       146162.9  65.72   0.00   3.29  24.14  99.93 110264 2647.616   185  258.053 2905.670
       146172.9   0.00  43.02  60.48  24.23  99.93 110271 2647.747   185  258.053 2905.800
Timestamp         S0     S1     E      O      P     YGC     YGCT    FGC    FGCT     GCT   
       146183.0  35.43   0.00  93.30  24.34  99.93 110278 2647.887   185  258.053 2905.940
       146192.9  58.25   0.00  70.06  24.38  99.93 110286 2648.041   185  258.053 2906.094
       146202.9  35.42   0.00  52.08  24.40  99.93 110294 2648.213   185  258.053 2906.266
       146212.9  53.55   0.00  12.10  24.48  99.93 110302 2648.353   185  258.053 2906.406
       146222.9  16.62  99.80 100.00  25.60  99.93 110310 2648.537   185  258.053 2906.590
       146232.9   0.00  67.56  87.23  25.61  99.93 110317 2648.813   185  258.053 2906.866
       146243.0   0.00 100.00  84.32  26.35  99.93 110325 2648.988   185  258.053 2907.042
       146252.9   0.00  45.95  84.37  26.39  99.93 110333 2649.158   185  258.053 2907.211
       146262.9   0.00  37.75  52.33  26.41  99.93 110341 2649.323   185  258.053 2907.377
       146272.9   0.00  20.85  12.38  26.50  99.93 110349 2649.487   185  258.053 2907.541
Timestamp         S0     S1     E      O      P     YGC     YGCT    FGC    FGCT     GCT   
       146282.9  62.30   0.00  60.49  26.52  99.93 110356 2649.624   185  258.053 2907.677
       146293.0  34.38   0.00   8.47  26.54  99.93 110364 2649.796   185  258.053 2907.849
       146302.9   0.00  45.60  43.67  26.55  99.93 110371 2649.935   185  258.053 2907.988
       146312.9   0.00 100.00   9.25  30.43  99.93 110379 2650.194   185  258.053 2908.247
       146323.0   0.00  99.86  69.25  30.46  99.93 110387 2650.500   185  258.053 2908.554
       146333.0  19.62   0.00  31.51  31.51  99.93 110396 2650.726   185  258.053 2908.779
       146343.0  18.66   0.00  23.21  31.59  99.93 110404 2650.888   185  258.053 2908.942
       146352.9  15.62   0.00  35.12  31.62  99.93 110412 2651.033   185  258.053 2909.086
       146362.9  59.84   0.00  20.26  31.64  99.93 110420 2651.207   185  258.053 2909.260
       146372.9  70.52   0.00   6.50  31.68  99.93 110428 2651.398   185  258.053 2909.452
Timestamp         S0     S1     E      O      P     YGC     YGCT    FGC    FGCT     GCT   
       146383.0   0.00  41.10  79.78  31.75  99.93 110435 2651.550   185  258.053 2909.603
       146393.0   0.00  99.52  54.99  31.83  99.93 110443 2651.754   185  258.053 2909.807
       146402.9   0.00 100.00   6.45  31.91  99.93 110451 2651.940   185  258.053 2909.993
       146413.0  45.43   0.00  58.64  31.92  99.93 110458 2652.120   185  258.053 2910.173
       146422.9  87.05   0.00  26.15  32.04  99.93 110466 2652.294   185  258.053 2910.347
       146433.0  63.15   0.00  28.30  35.03  99.93 110474 2652.494   185  258.053 2910.547
       146443.0   0.00  61.87  97.41  35.04  99.93 110481 2652.686   185  258.053 2910.739
       146453.0  16.26   0.00  26.63  36.07  99.93 110490 2652.961   185  258.053 2911.014
       146463.0  14.30  19.23 100.00  36.09  99.93 110498 2653.119   185  258.053 2911.172
       146473.0   0.00  24.79  76.83  36.18  99.93 110505 2653.311   185  258.053 2911.364
Timestamp         S0     S1     E      O      P     YGC     YGCT    FGC    FGCT     GCT   
       146483.0   0.00  41.76  63.56  36.22  99.93 110513 2653.584   185  258.053 2911.637
       146493.0   0.00  31.42  44.99  36.24  99.93 110521 2653.790   185  258.053 2911.843
       146502.9  64.44   0.00  35.09  36.26  99.93 110528 2653.938   185  258.053 2911.991
       146513.0   0.00  66.17  13.52  36.33  99.93 110535 2654.083   185  258.053 2912.136
       146523.0  36.88   0.00  33.06  36.35  99.93 110542 2654.210   185  258.053 2912.263
       146533.0  49.38   0.00   6.47  36.41  99.93 110550 2654.367   185  258.053 2912.420
       146542.9   0.00  99.69  88.93  36.43  99.93 110557 2654.537   185  258.053 2912.591
       146552.9   0.00  63.12  69.40  36.47  99.93 110565 2654.706   185  258.053 2912.759
       146563.0   0.00  99.49  23.27  36.65  99.93 110573 2654.893   185  258.053 2912.946
       146573.0  48.91   0.00  81.70  36.68  99.93 110580 2655.034   185  258.053 2913.087
Timestamp         S0     S1     E      O      P     YGC     YGCT    FGC    FGCT     GCT   
       146583.0  57.14   0.00  24.83  36.71  99.93 110588 2655.220   185  258.053 2913.273
       146593.0   0.00  99.72  68.24  36.73  99.93 110595 2655.369   185  258.053 2913.423
       146603.0   0.00  42.26  51.34  36.78  99.93 110603 2655.547   185  258.053 2913.601
       146613.0   0.00  47.21  42.45  36.85  99.93 110611 2655.694   185  258.053 2913.748
       146623.0   0.00  63.22  15.42  36.91  99.93 110619 2655.877   185  258.053 2913.931
       146633.0  40.52   0.00  92.22  36.93  99.93 110626 2656.054   185  258.053 2914.108
       146643.0   0.00  27.55  79.30  36.94  99.93 110633 2656.206   185  258.053 2914.260
       146653.0   0.00  66.39  23.33  36.96  99.93 110641 2656.369   185  258.053 2914.422
       146663.0   0.00  48.71   2.68  36.98  99.93 110649 2656.530   185  258.053 2914.583
       146673.0  80.62   0.00  44.16  37.03  99.93 110656 2656.663   185  258.053 2914.716
Timestamp         S0     S1     E      O      P     YGC     YGCT    FGC    FGCT     GCT   
       146683.0  93.99   0.00   0.00  37.05  99.93 110664 2656.823   185  258.053 2914.876
       146693.0   0.00  38.53  21.23  37.07  99.93 110671 2656.932   185  258.053 2914.985
       146703.0  65.87   0.00  86.54  37.11  99.93 110678 2657.154   185  258.053 2915.207
       146713.0  39.39   0.00  46.49  37.14  99.93 110686 2657.314   185  258.053 2915.367
       146723.0   0.00  40.24  98.87  37.17  99.93 110694 2657.454   185  258.053 2915.508
       146733.0   0.00  47.15  43.33  37.19  99.93 110701 2657.649   185  258.053 2915.702
       146743.0   0.00 100.00  14.32  38.44  99.93 110709 2657.865   185  258.053 2915.918
       146753.0   0.00 100.00  36.18  38.77  99.93 110717 2658.123   185  258.053 2916.176
       146763.0   0.00  28.61   5.09  39.90  99.93 110725 2658.366   185  258.053 2916.420
       146773.0  17.17   0.00  90.05  40.03  99.93 110732 2658.482   185  258.053 2916.536
Timestamp         S0     S1     E      O      P     YGC     YGCT    FGC    FGCT     GCT   
       146783.0  28.97   0.00  76.91  40.04  99.93 110740 2658.665   185  258.053 2916.718
       146793.0  41.39   0.00  49.41  40.06  99.93 110748 2658.819   185  258.053 2916.872
       146803.0   0.00  44.24  93.98  40.10  99.93 110755 2658.946   185  258.053 2916.999
       146813.0   0.00 100.00  40.36  40.12  99.93 110763 2659.102   185  258.053 2917.155
       146823.0  60.30   0.00  97.13  40.13  99.93 110770 2659.239   185  258.053 2917.292
       146833.0  82.35   0.00  72.31  40.17  99.93 110778 2659.420   185  258.053 2917.473
       146843.0  69.36   0.00  11.69  40.18  99.93 110786 2659.600   185  258.053 2917.653
       146853.0   0.00  52.94  80.06  40.25  99.93 110793 2659.743   185  258.053 2917.796
       146863.0   0.00  70.45  30.89  40.27  99.93 110801 2659.908   185  258.053 2917.961
       146873.0  77.02   0.00  80.77  40.28  99.93 110808 2660.046   185  258.053 2918.100
Timestamp         S0     S1     E      O      P     YGC     YGCT    FGC    FGCT     GCT   
       146883.0  75.15   0.00  54.96  40.29  99.93 110816 2660.223   185  258.053 2918.276
       146893.0  68.68   0.00   8.97  40.37  99.93 110824 2660.387   185  258.053 2918.441
       146903.0   0.00  64.49  30.61  40.41  99.93 110831 2660.533   185  258.053 2918.587
       146913.0  33.23   0.00  41.19  40.52  99.93 110838 2660.682   185  258.053 2918.735
       146923.0   0.00  69.43  71.05  40.53  99.93 110845 2660.822   185  258.053 2918.875
       146933.0   0.00 100.00  17.56  40.55  99.93 110853 2661.004   185  258.053 2919.057
       146943.0  82.29   0.00  89.42  42.50  99.93 110860 2661.226   185  258.053 2919.280
       146953.0   0.00  62.75   5.88  42.52  99.93 110869 2661.464   185  258.053 2919.517
       146963.0   0.00  35.04  34.43  43.44  99.93 110877 2661.656   185  258.053 2919.709
       146973.0   0.00  28.99  26.18  43.46  99.93 110885 2661.814   185  258.053 2919.867
Timestamp         S0     S1     E      O      P     YGC     YGCT    FGC    FGCT     GCT   
       146983.0  27.17   0.00  94.13  43.54  99.93 110892 2661.934   185  258.053 2919.987
       146993.0  55.34   0.00  49.30  43.56  99.93 110900 2662.079   185  258.053 2920.133
       147003.0  46.73   0.00   0.00  43.58  99.93 110908 2662.260   185  258.053 2920.313
       147013.0   0.00  60.96  37.76  43.58  99.93 110915 2662.432   185  258.053 2920.485
       147023.0  81.36   0.00  91.15  43.67  99.93 110922 2662.577   185  258.053 2920.630
       147033.0  32.64   0.00  62.88  43.70  99.93 110930 2662.725   185  258.053 2920.778
       147043.0  54.45   0.00  10.75  43.71  99.93 110938 2662.892   185  258.053 2920.945
       147053.0   0.00  99.69  96.71  43.74  99.93 110945 2663.039   185  258.053 2921.092
       147063.0   0.00  40.16  31.23  43.77  99.93 110953 2663.211   185  258.053 2921.264
       147073.0   0.00  76.03   2.12  43.82  99.93 110961 2663.416   185  258.053 2921.470
Timestamp         S0     S1     E      O      P     YGC     YGCT    FGC    FGCT     GCT   
       147083.0  30.70   0.00  80.37  43.85  99.93 110968 2663.563   185  258.053 2921.616
       147093.0  42.17   0.00  67.82  43.88  99.93 110976 2663.758   185  258.053 2921.811
       147103.0  39.66   0.00  40.29  43.95  99.93 110984 2663.941   185  258.053 2921.994
       147113.0  52.28   0.00  30.93  43.97  99.93 110992 2664.126   185  258.053 2922.179
       147123.0  56.14   0.00   9.20  43.99  99.93 111000 2664.281   185  258.053 2922.334
       147133.0   0.00  66.57  76.78  44.02  99.93 111007 2664.421   185  258.053 2922.474
       147143.0   0.00  43.87   3.13  44.03  99.93 111015 2664.592   185  258.053 2922.645
       147153.0 100.00   0.00  46.65  44.08  99.93 111022 2664.722   185  258.053 2922.775
       147163.0   0.00  76.67  90.89  44.11  99.93 111029 2664.922   185  258.053 2922.975
       147173.0   0.00  72.95  71.64  44.15  99.93 111037 2665.091   185  258.053 2923.144
Timestamp         S0     S1     E      O      P     YGC     YGCT    FGC    FGCT     GCT   
       147183.0  66.06   0.00  92.58  44.21  99.93 111044 2665.232   185  258.053 2923.285
       147193.0  43.64   0.00  23.97  44.24  99.93 111052 2665.392   185  258.053 2923.446
       147203.0  42.75   0.00   6.63  44.29  99.93 111060 2665.587   185  258.053 2923.640
       147213.0   0.00  76.01  97.06  44.31  99.93 111067 2665.717   185  258.053 2923.770
       147223.1   0.00  99.64  45.99  44.35  99.93 111075 2665.890   185  258.053 2923.944
       147233.0   0.00  65.80  46.88  44.36  99.93 111083 2666.073   185  258.053 2924.126
       147243.1  48.08   0.00  81.09  44.38  99.93 111090 2666.206   185  258.053 2924.259
       147253.0  90.88   0.00   8.42  44.48  99.93 111098 2666.364   185  258.053 2924.418
       147263.0   0.00  46.34  71.69  44.50  99.93 111105 2666.513   185  258.053 2924.566
       147273.0   0.00  66.27  56.06  44.51  99.93 111113 2666.693   185  258.053 2924.746
Timestamp         S0     S1     E      O      P     YGC     YGCT    FGC    FGCT     GCT   
       147283.0   0.00  77.40  12.17  44.57  99.93 111121 2666.836   185  258.053 2924.890
       147293.0  48.82   0.00  76.84  44.64  99.93 111128 2666.993   185  258.053 2925.046
       147303.0  59.59   0.00  25.70  44.66  99.93 111136 2667.215   185  258.053 2925.268
       147313.1   0.00  54.32  87.84  44.67  99.93 111143 2667.365   185  258.053 2925.418
       147323.0   0.00  72.82  70.26  44.80  99.93 111151 2667.640   185  258.053 2925.693
       147333.0   0.00  77.48  46.37  44.82  99.93 111159 2667.823   185  258.053 2925.876
       147343.1   0.00  49.56  38.63  44.94  99.93 111167 2668.051   185  258.053 2926.104
       147353.1   0.00 100.00  24.52  44.98  99.93 111175 2668.240   185  258.053 2926.293
       147363.0  88.30   0.00  67.71  45.05  99.93 111182 2668.404   185  258.053 2926.457
       147373.0  39.81   0.00  41.81  45.11  99.93 111190 2668.580   185  258.053 2926.633
Timestamp         S0     S1     E      O      P     YGC     YGCT    FGC    FGCT     GCT   
       147383.0   0.00 100.00  94.21  45.12  99.93 111197 2668.741   185  258.053 2926.794
       147393.0   0.00  47.55  56.68  45.23  99.93 111205 2668.908   185  258.053 2926.961
       147403.1   0.00  58.84  18.42  45.26  99.93 111213 2669.068   185  258.053 2927.121
       147413.0   0.00  50.00   0.00  45.29  99.93 111221 2669.248   185  258.053 2927.301
       147423.1  49.42   0.00  44.70  45.31  99.93 111228 2669.389   185  258.053 2927.442
       147433.1  76.23   0.00  28.12  45.36  99.93 111236 2669.582   185  258.053 2927.636
       147443.0  30.53   0.00   7.39  45.39  99.93 111244 2669.753   185  258.053 2927.806
       147453.0   0.00  73.77  54.15  45.42  99.93 111251 2669.898   185  258.053 2927.952
       147463.0   0.00  99.66  17.38  45.46  99.93 111259 2670.065   185  258.053 2928.118
       147473.1   0.00  62.97  20.18  47.77  99.93 111267 2670.362   185  258.053 2928.415
Timestamp         S0     S1     E      O      P     YGC     YGCT    FGC    FGCT     GCT   
       147483.0   0.00  99.83  33.90  47.78  99.93 111275 2670.681   185  258.053 2928.735
       147493.0   0.00  99.48  30.57  48.72  99.93 111283 2670.902   185  258.053 2928.955
       147503.1   0.00  30.23  30.80  48.75  99.93 111291 2671.047   185  258.053 2929.100
       147513.1   0.00  34.38  12.45  48.78  99.93 111299 2671.235   185  258.053 2929.288
       147523.1  59.95   0.00  64.93  48.79  99.93 111306 2671.392   185  258.053 2929.445
       147533.0  30.15   0.00  17.65  48.82  99.93 111314 2671.571   185  258.053 2929.625
       147543.0   0.00  50.77  41.69  48.84  99.93 111321 2671.804   185  258.053 2929.857
       147553.0   0.00  79.64  21.44  48.88  99.93 111329 2671.974   185  258.053 2930.028
       147563.0  36.19   0.00  83.14  48.96  99.93 111336 2672.128   185  258.053 2930.182
       147573.0 100.00   0.00  41.32  49.05  99.93 111344 2672.317   185  258.053 2930.370
Timestamp         S0     S1     E      O      P     YGC     YGCT    FGC    FGCT     GCT   
       147583.0  86.84   0.00  16.35  49.13  99.93 111352 2672.499   185  258.053 2930.552
       147593.1  48.52   0.00  12.87  49.48  99.93 111360 2672.726   185  258.053 2930.779
       147603.0   0.00  33.81  97.56  49.52  99.93 111367 2672.873   185  258.053 2930.926
       147613.1   0.00  32.29  81.31  49.53  99.93 111375 2673.108   185  258.053 2931.161
       147623.1   0.00  36.41  61.46  49.60  99.93 111383 2673.293   185  258.053 2931.346
       147633.0   0.00  70.83  56.69  49.63  99.93 111391 2673.473   185  258.053 2931.526
       147643.1   0.00  73.88  54.53  49.68  99.93 111399 2673.667   185  258.053 2931.720
       147653.0   0.00  37.25   9.09  49.71  99.93 111407 2673.851   185  258.053 2931.904
       147663.1  50.24   0.00  92.87  49.80  99.93 111414 2673.996   185  258.053 2932.049
       147673.1  37.83   0.00  57.61  49.85  99.93 111422 2674.174   185  258.053 2932.227
Timestamp         S0     S1     E      O      P     YGC     YGCT    FGC    FGCT     GCT   
       147683.1   0.00  34.32  98.95  49.91  99.93 111430 2674.311   185  258.053 2932.365
       147693.1   0.00  80.59  71.42  49.94  99.93 111437 2674.450   185  258.053 2932.503
       147703.1  47.52  35.36 100.00  49.95  99.93 111445 2674.598   185  258.053 2932.651
       147713.0  51.86   0.00  37.32  50.03  99.93 111452 2674.784   185  258.053 2932.837
       147723.1   0.00  52.59  56.99  50.06  99.93 111459 2674.946   185  258.053 2932.999
       147733.1  29.71   0.00  88.31  50.22  99.93 111466 2675.089   185  258.053 2933.142
       147743.0   0.00  46.45  90.06  50.23  99.93 111473 2675.211   185  258.053 2933.264
       147753.0   0.00  58.88  12.47  50.25  99.93 111481 2675.376   185  258.053 2933.429
       147763.1  71.99   0.00  35.88  50.27  99.93 111488 2675.511   185  258.053 2933.564
       147773.1   0.00  99.61  92.67  50.28  99.93 111495 2675.673   185  258.053 2933.727
Timestamp         S0     S1     E      O      P     YGC     YGCT    FGC    FGCT     GCT   
       147783.1   0.00  41.83  64.81  50.35  99.93 111503 2675.850   185  258.053 2933.903
       147793.1   0.00  33.73  23.67  50.37  99.93 111511 2676.065   185  258.053 2934.119
       147803.1  83.08   0.00  86.40  50.46  99.93 111518 2676.260   185  258.053 2934.313
       147813.1  59.31   0.00  42.00  50.48  99.93 111526 2676.413   185  258.053 2934.466
       147823.1   0.00  96.89  69.92  50.51  99.93 111533 2676.568   185  258.053 2934.621
       147833.1   0.00  59.69  71.72  50.56  99.93 111541 2676.753   185  258.053 2934.806
       147843.1   0.00 100.00   9.92  50.59  99.93 111549 2676.976   185  258.053 2935.029
       147853.1  94.97   0.00  85.97  50.64  99.93 111556 2677.134   185  258.053 2935.187
       147863.1  51.67   0.00  49.69  50.67  99.93 111564 2677.303   185  258.053 2935.356
       147873.1   0.00 100.00  85.44  50.70  99.93 111571 2677.421   185  258.053 2935.474
Timestamp         S0     S1     E      O      P     YGC     YGCT    FGC    FGCT     GCT   
       147883.1   0.00  61.64  13.80  50.79  99.93 111579 2677.602   185  258.053 2935.655
       147893.1   0.00 100.00   0.00  50.81  99.93 111587 2677.770   185  258.053 2935.823
       147903.1  81.40   0.00  63.65  50.83  99.93 111594 2677.931   185  258.053 2935.984
       147913.1  90.56   0.00  22.19  50.88  99.93 111602 2678.156   185  258.053 2936.210
       147923.1   0.00  47.34  70.72  50.90  99.93 111609 2678.317   185  258.053 2936.370
       147933.1   0.00  58.18  27.86  50.92  99.93 111617 2678.486   185  258.053 2936.539
       147943.1   0.00  74.51   8.08  50.93  99.93 111625 2678.684   185  258.053 2936.737
       147953.1  69.58   0.00  93.23  50.96  99.93 111632 2678.862   185  258.053 2936.915
       147963.1  63.12   0.00  78.05  53.72  99.93 111640 2679.150   185  258.053 2937.203
       147973.1  58.67   0.00  95.37  53.75  99.93 111648 2679.414   185  258.053 2937.467
Timestamp         S0     S1     E      O      P     YGC     YGCT    FGC    FGCT     GCT   
       147983.1   0.00  17.24  24.10  55.02  99.93 111657 2679.636   185  258.053 2937.690
       147993.1   0.00  28.26  42.16  55.06  99.93 111665 2679.799   185  258.053 2937.853
       148003.1   0.00  23.50   9.09  55.08  99.93 111673 2679.981   185  258.053 2938.034
       148013.1  42.24   0.00  83.75  55.10  99.93 111680 2680.148   185  258.053 2938.201
       148023.1   0.00 100.00  35.90  58.14  99.93 111687 2680.468   185  258.053 2938.521
       148033.1   0.00  35.91  11.91  59.17  99.93 111695 2680.845   185  258.053 2938.898
       148043.1   0.00  16.06  61.47  59.73  99.93 111703 2681.009   185  258.053 2939.062
       148053.1   0.00  25.76  95.77  59.82  99.93 111711 2681.301   185  258.053 2939.354
       148063.1  26.49   0.00   3.96  59.84  99.93 111720 2681.495   185  258.053 2939.548
       148073.1   0.00  35.08  63.17  59.88  99.93 111727 2681.646   185  258.053 2939.700
Timestamp         S0     S1     E      O      P     YGC     YGCT    FGC    FGCT     GCT   
       148083.1   0.00  41.54   3.82  59.90  99.93 111735 2681.825   185  258.053 2939.878
       148093.1  51.74   0.00  68.42  59.92  99.93 111742 2681.982   185  258.053 2940.035
       148103.2  50.00   0.00  39.27  59.94  99.93 111750 2682.155   185  258.053 2940.208
       148113.2  48.26   0.00   4.89  60.03  99.93 111758 2682.340   185  258.053 2940.393
       148123.1  49.41   0.00   0.00  60.05  99.93 111766 2682.516   185  258.053 2940.569
       148133.2   0.00  66.02  80.42  60.08  99.93 111773 2682.682   185  258.053 2940.735
       148143.1   0.00  48.57  39.10  60.13  99.93 111781 2682.842   185  258.053 2940.895
       148153.1   0.00  73.08  22.78  60.17  99.93 111789 2683.041   185  258.053 2941.094
       148163.1  46.33   0.00  78.30  60.21  99.93 111796 2683.199   185  258.053 2941.252
       148173.1  49.18   0.00  68.47  60.29  99.93 111804 2683.404   185  258.053 2941.457
Timestamp         S0     S1     E      O      P     YGC     YGCT    FGC    FGCT     GCT   
       148183.2  64.20   0.00  28.97  60.31  99.93 111812 2683.555   185  258.053 2941.608
       148193.1   0.00  99.63  85.08  60.32  99.93 111819 2683.729   185  258.053 2941.782
       148203.2  56.08   0.00  91.37  60.38  99.93 111826 2683.880   185  258.053 2941.933
       148213.2  61.84   0.00  67.07  60.40  99.93 111834 2684.062   185  258.053 2942.115
       148223.2  77.89   0.00  23.89  60.41  99.93 111842 2684.224   185  258.053 2942.277
       148233.2   0.00 100.00  82.85  63.41  99.93 111849 2684.443   185  258.053 2942.496
       148243.2  51.90   0.00   4.78  63.86  99.93 111858 2684.694   185  258.053 2942.747
       148253.2  26.78   0.00  22.57  64.28  99.93 111866 2684.853   185  258.053 2942.906
       148263.1   0.00  56.42 100.00  64.36  99.93 111874 2685.097   185  258.053 2943.151
       148273.2   0.00  36.38  51.76  64.40  99.93 111881 2685.331   185  258.053 2943.384
Timestamp         S0     S1     E      O      P     YGC     YGCT    FGC    FGCT     GCT   
       148283.1   0.00  69.83  46.20  64.50  99.93 111889 2685.497   185  258.053 2943.550
       148293.2  60.53   0.00  98.67  64.51  99.93 111896 2685.660   185  258.053 2943.714
       148303.1  55.77   0.00  80.91  64.55  99.93 111904 2685.842   185  258.053 2943.895
       148313.2  86.85   0.00  85.23  64.61  99.93 111912 2686.050   185  258.053 2944.104
       148323.2  67.34   0.00  61.51  64.64  99.93 111920 2686.249   185  258.053 2944.302
       148333.1  32.72   0.00  14.80  64.79  99.93 111928 2686.463   185  258.053 2944.517
       148343.1  39.41   0.00  17.72  64.87  99.93 111936 2686.659   185  258.053 2944.712
       148353.2   0.00  46.46  69.15  64.89  99.93 111943 2686.789   185  258.053 2944.843
       148363.2   0.00  99.72  52.47  64.91  99.93 111951 2686.976   185  258.053 2945.029
       148373.2   0.00  57.73  37.25  64.94  99.93 111959 2687.176   185  258.053 2945.229
Timestamp         S0     S1     E      O      P     YGC     YGCT    FGC    FGCT     GCT   
       148383.1  60.82   0.00  88.23  65.03  99.93 111966 2687.315   185  258.053 2945.368
       148393.2  79.47   0.00  81.97  65.05  99.93 111974 2687.492   185  258.053 2945.545
       148403.1  32.11   0.00  27.54  65.07  99.93 111982 2687.659   185  258.053 2945.713
       148413.1  29.21   0.00  13.59  65.12  99.93 111990 2687.843   185  258.053 2945.897
       148423.1   0.00  72.25  77.71  65.15  99.93 111997 2688.035   185  258.053 2946.089
       148433.2   0.00  74.39  58.82  65.18  99.93 112005 2688.190   185  258.053 2946.243
       148443.1   0.00  53.61   1.72  65.19  99.93 112013 2688.358   185  258.053 2946.412
       148453.2  95.40   0.00  80.04  65.22  99.93 112020 2688.508   185  258.053 2946.561
       148463.2  51.14   0.00  40.03  65.31  99.93 112028 2688.801   185  258.053 2946.854
       148473.2   0.00 100.00  84.77  65.33  99.93 112035 2688.940   185  258.053 2946.993
Timestamp         S0     S1     E      O      P     YGC     YGCT    FGC    FGCT     GCT   
       148483.1   0.00  99.86  59.21  68.43  99.93 112043 2689.165   185  258.053 2947.219
       148493.2   0.00 100.00  80.77  68.44  99.93 112051 2689.426   185  258.053 2947.479
       148503.1   0.00 100.00  89.00  69.45  99.93 112059 2689.664   185  258.053 2947.717
       148513.1  25.85   0.00   0.00  69.47  99.93 112068 2689.861   185  258.053 2947.914
       148523.2   0.00  30.69  89.22  69.51  99.93 112075 2690.011   185  258.053 2948.064
       148533.2   0.00  54.41  37.74  69.52  99.93 112083 2690.175   185  258.053 2948.228
       148543.2   0.00  41.59  15.85  69.61  99.93 112091 2690.346   185  258.053 2948.399
       148553.1  65.89   0.00  90.11  69.64  99.93 112098 2690.514   185  258.053 2948.567
       148563.2  71.19   0.00  12.81  69.65  99.93 112106 2690.689   185  258.053 2948.743
       148573.2   0.00  44.09  69.44  69.66  99.93 112113 2690.847   185  258.053 2948.901
Timestamp         S0     S1     E      O      P     YGC     YGCT    FGC    FGCT     GCT   
       148583.2   0.00 100.00  33.06  69.80  99.93 112121 2691.006   185  258.053 2949.059
       148593.2  61.11   0.00  25.13  69.82  99.93 112128 2691.145   185  258.053 2949.198
       148603.2   0.00  69.95  15.22  69.89  99.93 112135 2691.301   185  258.053 2949.354
       148613.2  56.32   0.00  63.07  70.19  99.93 112142 2691.454   185  258.053 2949.507
       148623.2   0.00  53.85  43.91  70.22  99.93 112149 2691.606   185  258.053 2949.659
       148633.2   0.00  99.57   5.18  70.33  99.93 112157 2691.796   185  258.053 2949.850
       148643.2  34.55   0.00  70.32  70.36  99.93 112164 2691.946   185  258.053 2949.999
       148653.2  43.64   0.00  29.91  70.37  99.93 112172 2692.132   185  258.053 2950.186
       148663.2   0.00 100.00  98.60  70.40  99.93 112180 2692.279   185  258.053 2950.332
       148673.2   0.00  70.54  30.49  70.44  99.93 112187 2692.430   185  258.053 2950.483
Timestamp         S0     S1     E      O      P     YGC     YGCT    FGC    FGCT     GCT   
       148683.2  68.36   0.00  92.91  70.72  99.93 112194 2692.599   185  258.053 2950.652
       148693.2  47.27   0.00  71.73  70.79  99.93 112202 2692.779   185  258.053 2950.832
       148703.2  35.68   0.00  20.14  70.99  99.93 112210 2692.973   185  258.053 2951.026
       148713.2   0.00  34.92  65.59  71.01  99.93 112217 2693.136   185  258.053 2951.189
       148723.2   0.00  39.11  24.46  71.08  99.93 112225 2693.311   185  258.053 2951.364
       148733.2  94.93   0.00  94.66  71.14  99.93 112232 2693.486   185  258.053 2951.539
       148743.2  64.59   0.00  40.69  71.16  99.93 112240 2693.669   185  258.053 2951.723
       148753.2   0.00 100.00  96.32  71.31  99.93 112247 2693.841   185  258.053 2951.895
       148763.2   0.00  32.24  47.21  71.34  99.93 112255 2694.010   185  258.053 2952.063
       148773.2  44.64   0.00  68.86  71.35  99.93 112262 2694.206   185  258.053 2952.259
Timestamp         S0     S1     E      O      P     YGC     YGCT    FGC    FGCT     GCT   
       148783.2  63.01   0.00  33.42  71.36  99.93 112270 2694.360   185  258.053 2952.413
       148793.2   0.00  54.00  49.78  71.38  99.93 112277 2694.496   185  258.053 2952.549
       148803.2  92.81   0.00  82.44  71.49  99.93 112284 2694.652   185  258.053 2952.706
       148813.2  58.21   0.00  64.56  71.61  99.93 112292 2694.837   185  258.053 2952.890
       148823.2  53.73   0.00   7.21  71.64  99.93 112300 2694.993   185  258.053 2953.047
       148833.2   0.00  99.44  66.53  72.02  99.93 112307 2695.167   185  258.053 2953.220
       148843.2   0.00 100.00  18.21  72.03  99.93 112315 2695.338   185  258.053 2953.392
       148853.2  64.95   0.00  80.16  72.06  99.93 112322 2695.491   185  258.053 2953.544
       148863.2  93.95   0.00  13.58  72.27  99.93 112330 2695.767   185  258.053 2953.820
       148873.2  53.73   0.00  16.80  72.30  99.93 112338 2695.985   185  258.053 2954.038
Timestamp         S0     S1     E      O      P     YGC     YGCT    FGC    FGCT     GCT   
       148883.2  53.33   0.00   0.00  72.52  99.93 112346 2696.267   185  258.053 2954.320
       148893.2  50.79   0.00   0.00  72.57  99.93 112354 2696.489   185  258.053 2954.542
       148903.2   0.00  47.74  75.75  72.64  99.93 112361 2696.657   185  258.053 2954.711
       148913.2   0.00  38.41  65.41  72.68  99.93 112369 2696.858   185  258.053 2954.912
       148923.2  40.81   0.00  99.00  72.70  99.93 112377 2697.010   185  258.053 2955.064
       148933.2 100.00   0.00  70.63  72.78  99.93 112384 2697.200   185  258.053 2955.253
       148943.2   0.00  48.48  33.41  72.79  99.93 112391 2697.370   185  258.053 2955.423
       148953.2   0.00 100.00  24.62  72.93  99.93 112399 2697.605   185  258.053 2955.658
       148963.2  33.58   0.00  96.54  72.97  99.93 112406 2697.818   185  258.053 2955.871
       148973.2  28.54   0.00  62.42  73.08  99.93 112414 2697.987   185  258.053 2956.040
Timestamp         S0     S1     E      O      P     YGC     YGCT    FGC    FGCT     GCT   
       148983.2   0.00  30.73  78.15  73.10  99.93 112421 2698.139   185  258.053 2956.192
       148993.2   0.00  32.99  46.29  73.12  99.93 112429 2698.293   185  258.053 2956.346
       149003.2   0.00  44.41  26.65  73.14  99.93 112437 2698.446   185  258.053 2956.499
       149013.2  55.28   0.00  51.52  73.18  99.93 112444 2698.593   185  258.053 2956.646
       149023.2   0.00 100.00  98.30  73.19  99.93 112451 2698.752   185  258.053 2956.805
       149033.2   0.00  55.19  38.06  73.20  99.93 112459 2698.927   185  258.053 2956.981
       149043.2  48.76   0.00  78.60  73.24  99.93 112466 2699.062   185  258.053 2957.115
       149053.2  97.31   0.00  27.13  73.90  99.93 112474 2699.224   185  258.053 2957.278
       149063.2   0.00  60.60  94.86  73.92  99.93 112481 2699.402   185  258.053 2957.455
       149073.2   0.00  99.60  41.08  74.13  99.93 112489 2699.608   185  258.053 2957.661
Timestamp         S0     S1     E      O      P     YGC     YGCT    FGC    FGCT     GCT   
       149083.2   0.00  60.61  21.27  74.16  99.93 112497 2699.790   185  258.053 2957.844
       149093.2  50.29   0.00  87.57  74.19  99.93 112504 2699.938   185  258.053 2957.992
       149103.2  45.14   0.00  25.49  74.24  99.93 112512 2700.143   185  258.053 2958.196
       149113.2   0.00 100.00  84.38  75.98  99.93 112519 2700.399   185  258.053 2958.452
       149123.2   0.00  57.76  87.89  76.68  99.93 112527 2700.636   185  258.053 2958.689
       149133.2   0.00  27.50  53.51  77.66  99.93 112535 2700.860   185  258.053 2958.913
       149143.2   0.00  25.47  48.42  77.93  99.93 112543 2701.075   185  258.053 2959.128
       149153.2   0.00  24.93  67.51  77.95  99.93 112551 2701.253   185  258.053 2959.306
       149163.2   0.00  34.32  26.18  77.97  99.93 112559 2701.434   185  258.053 2959.487
       149173.2   0.00  45.56   3.78  78.10  99.93 112567 2701.650   185  258.053 2959.703
Timestamp         S0     S1     E      O      P     YGC     YGCT    FGC    FGCT     GCT   
       149183.2  80.09   0.00  96.65  78.12  99.93 112574 2701.832   185  258.053 2959.885
       149193.2  49.10   0.00  42.43  78.15  99.93 112582 2702.012   185  258.053 2960.065
       149203.2   0.00  35.12  65.34  78.28  99.93 112589 2702.155   185  258.053 2960.208
       149213.2   0.00  48.66  40.67  78.30  99.93 112597 2702.339   185  258.053 2960.392
       149223.2  73.26   0.00  86.70  78.32  99.93 112604 2702.531   185  258.053 2960.585
       149233.2  54.41   0.00  50.16  78.34  99.93 112612 2702.708   185  258.053 2960.761
       149243.2   0.00 100.00  99.94  78.41  99.93 112620 2702.853   185  258.053 2960.906
       149253.2   0.00  99.49  37.84  78.43  99.93 112627 2703.033   185  258.053 2961.086
       149263.2   0.00  78.85  16.02  78.60  99.93 112635 2703.273   185  258.053 2961.326
       149273.2  91.84   0.00  52.49  78.66  99.93 112642 2703.434   185  258.053 2961.487
Timestamp         S0     S1     E      O      P     YGC     YGCT    FGC    FGCT     GCT   
       149283.2   0.00  35.10  74.73  78.87  99.93 112649 2703.620   185  258.053 2961.673
       149293.2  41.62   0.00  91.79  78.89  99.93 112656 2703.748   185  258.053 2961.801
       149303.2  68.10   0.00  19.50  78.92  99.93 112664 2703.960   185  258.053 2962.013
       149313.2   0.00 100.00  42.51  78.94  99.93 112671 2704.169   185  258.053 2962.222
       149323.2  69.16   0.00  88.38  78.96  99.93 112678 2704.368   185  258.053 2962.421
       149333.2  49.35   0.00  16.91  78.98  99.93 112686 2704.528   185  258.053 2962.581
       149343.2   0.00 100.00  43.91  79.00  99.93 112693 2704.665   185  258.053 2962.718
       149353.2  61.54   0.00  55.18  79.01  99.93 112700 2704.816   185  258.053 2962.869
       149363.2  71.49   0.00  32.35  79.86  99.93 112708 2705.030   185  258.053 2963.084
       149373.2 100.00   0.00  22.87  79.99  99.93 112716 2705.262   185  258.053 2963.315
Timestamp         S0     S1     E      O      P     YGC     YGCT    FGC    FGCT     GCT   
       149383.2  58.79   0.00  56.93  80.70  99.93 112724 2705.524   185  258.053 2963.577
       149393.2  26.78   0.00  56.22  81.19  99.93 112732 2705.742   185  258.053 2963.795
       149403.2  23.01   0.00  38.11  81.42  99.93 112740 2705.973   185  258.053 2964.026
       149413.2  21.79   0.00  30.98  81.43  99.93 112748 2706.131   185  258.053 2964.184
       149423.2   0.00  32.33  83.41  81.45  99.93 112755 2706.323   185  258.053 2964.376
       149433.2   0.00  99.47  77.30  81.47  99.93 112763 2706.541   185  258.053 2964.594
       149443.2   0.00  53.65   2.35  81.48  99.93 112771 2706.758   185  258.053 2964.812
       149453.2  47.34   0.00  49.76  81.61  99.93 112778 2706.925   185  258.053 2964.978
       149463.2   0.00  44.39  98.03  81.62  99.93 112786 2707.068   185  258.053 2965.121
       149473.2   0.00  48.22  75.29  81.65  99.93 112793 2707.253   185  258.053 2965.306
Timestamp         S0     S1     E      O      P     YGC     YGCT    FGC    FGCT     GCT   
       149483.2   0.00 100.00  25.22  81.75  99.93 112801 2707.502   185  258.053 2965.555
       149493.2  45.73   0.00  90.75  81.76  99.93 112808 2707.667   185  258.053 2965.720
       149503.2  45.72   0.00  60.81  81.79  99.93 112816 2707.831   185  258.053 2965.884
       149513.2  78.28   0.00  66.96  83.56  99.93 112824 2708.087   185  258.053 2966.140
       149523.2  68.47   0.00  53.46  83.57  99.93 112832 2708.326   185  258.053 2966.379
       149533.2  28.86   0.00  36.08  84.31  99.93 112840 2708.598   185  258.053 2966.651
       149543.2  26.76   0.00  35.72  84.40  99.93 112848 2708.791   185  258.053 2966.844
       149553.2  30.59   0.00   3.38  84.44  99.93 112856 2709.005   185  258.053 2967.059
       149563.2   0.00   0.00  55.55  18.02  99.93 112863 2709.208   186  259.489 2968.698
       149573.2   0.00  99.79  59.15  18.02  99.93 112871 2709.489   186  259.489 2968.979
Timestamp         S0     S1     E      O      P     YGC     YGCT    FGC    FGCT     GCT   
       149583.2   0.00  41.13  39.10  18.46  99.93 112879 2709.686   186  259.489 2969.175
       149593.2   0.00  46.72   3.88  18.50  99.93 112887 2709.852   186  259.489 2969.342
       149603.2   0.00  22.90   0.00  18.51  99.93 112895 2710.097   186  259.489 2969.586
       149613.3  30.60   0.00  76.25  18.53  99.93 112902 2710.345   186  259.489 2969.834
       149623.2  55.87   0.00   0.71  18.56  99.93 112910 2710.480   186  259.489 2969.969
       149633.3   0.00  61.20  88.95  18.61  99.93 112917 2710.639   186  259.489 2970.128
       149643.2   0.00  55.21  68.63  18.62  99.93 112925 2710.811   186  259.489 2970.300
       149653.2   0.00  86.68  39.03  18.73  99.93 112933 2711.101   186  259.489 2970.590
       149663.2   0.00  32.17  28.16  18.75  99.93 112941 2711.274   186  259.489 2970.763
       149673.2  29.37   0.00  97.88  18.77  99.93 112948 2711.445   186  259.489 2970.934
Timestamp         S0     S1     E      O      P     YGC     YGCT    FGC    FGCT     GCT   
       149683.3  31.28   0.00  89.08  18.83  99.93 112956 2711.657   186  259.489 2971.146
       149693.3  46.70   0.00  40.79  18.84  99.93 112964 2711.815   186  259.489 2971.305
       149703.2   0.00  26.41  91.23  18.88  99.93 112971 2711.982   186  259.489 2971.472
       149713.3   0.00  44.95  63.05  18.89  99.93 112979 2712.143   186  259.489 2971.632
       149723.3   0.00  65.36  64.84  18.92  99.93 112987 2712.326   186  259.489 2971.815
       149733.2   0.00  54.12  22.77  18.94  99.93 112995 2712.524   186  259.489 2972.013
       149743.2  86.67   0.00  26.06  18.95  99.93 113002 2712.644   186  259.489 2972.133
       149753.3   0.00  58.67  79.70  18.98  99.93 113009 2712.829   186  259.489 2972.319
       149763.3   0.00  42.53   3.98  19.00  99.93 113017 2712.981   186  259.489 2972.470
       149773.3  87.15   0.00  71.40  19.02  99.93 113024 2713.184   186  259.489 2972.673
Timestamp         S0     S1     E      O      P     YGC     YGCT    FGC    FGCT     GCT   
       149783.3   0.00  37.72  91.45  19.04  99.93 113031 2713.305   186  259.489 2972.794
       149793.3   0.00 100.00  44.23  19.07  99.93 113039 2713.470   186  259.489 2972.959
       149803.3   0.00  77.54  24.61  19.11  99.93 113047 2713.649   186  259.489 2973.138
       149813.3  43.10   0.00  84.46  19.13  99.93 113054 2713.831   186  259.489 2973.320
       149823.2  43.65   0.00   3.33  19.21  99.93 113062 2714.011   186  259.489 2973.500
       149833.2   0.00  60.22  78.74  19.26  99.93 113069 2714.152   186  259.489 2973.641
       149843.3   0.00 100.00  67.13  20.88  99.93 113077 2714.389   186  259.489 2973.879
       149853.3  64.65   0.00  12.14  20.96  99.93 113086 2714.710   186  259.489 2974.200
       149863.3  21.92   0.00  42.34  22.32  99.93 113094 2714.940   186  259.489 2974.429
       149873.3  14.69   0.00  32.36  22.34  99.93 113102 2715.065   186  259.489 2974.555
Timestamp         S0     S1     E      O      P     YGC     YGCT    FGC    FGCT     GCT   
       149883.2  39.37   0.00  13.48  22.36  99.93 113110 2715.235   186  259.489 2974.724
       149893.3   0.00  50.40  71.33  22.38  99.93 113117 2715.375   186  259.489 2974.865
       149903.3   0.00  42.13  30.69  22.45  99.93 113125 2715.525   186  259.489 2975.014
       149913.3   0.00  99.58   0.00  22.47  99.93 113133 2715.678   186  259.489 2975.167
       149923.3  66.67   0.00  93.89  22.55  99.93 113140 2715.878   186  259.489 2975.368
       149933.3  43.90   0.00  46.12  22.56  99.93 113148 2716.035   186  259.489 2975.524
       149943.2  59.95   0.00   4.77  22.70  99.93 113156 2716.197   186  259.489 2975.686
       149953.3   0.00 100.00  86.49  22.71  99.93 113163 2716.346   186  259.489 2975.836
       149963.3  72.11   0.00  19.60  23.97  99.93 113172 2716.620   186  259.489 2976.109
       149973.3  68.32   0.00  29.97  24.14  99.93 113180 2716.864   186  259.489 2976.353
Timestamp         S0     S1     E      O      P     YGC     YGCT    FGC    FGCT     GCT   
       149983.3  20.45   0.00  36.89  25.08  99.93 113188 2717.055   186  259.489 2976.544
       149993.3  44.48   0.00  54.57  25.12  99.93 113196 2717.284   186  259.489 2976.774
       150003.3  31.45   0.00  17.06  25.13  99.93 113204 2717.479   186  259.489 2976.968
       150013.3   0.00  47.87  90.35  25.16  99.93 113211 2717.610   186  259.489 2977.099
       150023.3   0.00  39.59  35.70  25.25  99.93 113219 2717.755   186  259.489 2977.244
       150033.3   0.00  41.15  16.66  25.26  99.93 113227 2717.924   186  259.489 2977.414
       150043.3  51.60   0.00  61.03  25.28  99.93 113234 2718.060   186  259.489 2977.550
       150053.3  66.96   0.00  27.35  25.42  99.93 113242 2718.224   186  259.489 2977.713
       150063.3   0.00 100.00  75.19  25.45  99.93 113249 2718.409   186  259.489 2977.898
       150073.3   0.00  36.51  55.84  25.47  99.93 113257 2718.589   186  259.489 2978.079
Timestamp         S0     S1     E      O      P     YGC     YGCT    FGC    FGCT     GCT   
       150083.3   0.00  33.85  22.91  25.58  99.93 113265 2718.715   186  259.489 2978.204
       150093.3  59.19   0.00  63.08  25.60  99.93 113272 2718.855   186  259.489 2978.344
       150103.3  80.25   0.00  19.85  25.62  99.93 113280 2719.003   186  259.489 2978.492
       150113.3   0.00  58.74  32.19  25.62  99.93 113287 2719.127   186  259.489 2978.617
       150123.3  75.36   0.00  80.49  25.65  99.93 113294 2719.338   186  259.489 2978.828
       150133.3  72.32   0.00  68.33  25.74  99.93 113302 2719.502   186  259.489 2978.991
       150143.3  69.60   0.00  59.96  26.46  99.93 113310 2719.702   186  259.489 2979.191
       150153.3  68.63   0.00  31.57  26.64  99.93 113318 2719.960   186  259.489 2979.450
       150163.3  30.57   0.00   8.17  26.99  99.93 113326 2720.145   186  259.489 2979.634
       150173.3   0.00  60.47  67.64  27.00  99.93 113333 2720.271   186  259.489 2979.760
Timestamp         S0     S1     E      O      P     YGC     YGCT    FGC    FGCT     GCT   
       150183.4  43.42   0.00  88.43  27.02  99.93 113340 2720.407   186  259.489 2979.897
       150193.3  39.94   0.00  23.27  27.04  99.93 113348 2720.544   186  259.489 2980.033
       150203.4   0.00  44.51  77.39  27.06  99.93 113355 2720.666   186  259.489 2980.155
       150213.3   0.00  99.77  53.10  27.69  99.93 113363 2720.855   186  259.489 2980.344
       150223.4   0.00  99.81  47.42  27.70  99.93 113371 2721.067   186  259.489 2980.556
       150233.4  37.96  39.09 100.00  28.15  99.93 113379 2721.210   186  259.489 2980.699
       150243.3  60.13   0.00  47.63  28.18  99.93 113386 2721.391   186  259.489 2980.881
       150253.3   0.00  41.20  98.39  28.21  99.93 113394 2721.513   186  259.489 2981.002
       150263.3   0.00  33.49  81.16  28.35  99.93 113401 2721.694   186  259.489 2981.183
       150273.4   0.00  29.30  22.94  28.37  99.93 113409 2721.831   186  259.489 2981.321
Timestamp         S0     S1     E      O      P     YGC     YGCT    FGC    FGCT     GCT   
       150283.4  34.05   0.00  68.85  28.38  99.93 113416 2721.948   186  259.489 2981.437
       150293.4  59.65   0.00  35.17  28.40  99.93 113424 2722.102   186  259.489 2981.592
       150303.3  36.03   0.00  15.92  28.49  99.93 113432 2722.296   186  259.489 2981.786
       150313.3   0.00  62.96  85.30  28.55  99.93 113439 2722.438   186  259.489 2981.927
       150323.3   0.00  74.54  22.00  28.60  99.93 113447 2722.597   186  259.489 2982.086
       150333.4  49.38   0.00  96.35  28.62  99.93 113454 2722.732   186  259.489 2982.221
       150343.4  65.22   0.00  33.65  28.65  99.93 113462 2722.917   186  259.489 2982.406
       150353.3  73.50   0.00   4.96  29.47  99.93 113470 2723.147   186  259.489 2982.636
       150363.3   0.00  67.27  82.96  29.48  99.93 113477 2723.356   186  259.489 2982.845
       150373.4   0.00  32.28  78.75  30.15  99.93 113485 2723.557   186  259.489 2983.046
Timestamp         S0     S1     E      O      P     YGC     YGCT    FGC    FGCT     GCT   
       150383.3   0.00  48.01  73.28  30.23  99.93 113493 2723.749   186  259.489 2983.239
       150393.3   0.00  41.70  69.17  30.27  99.93 113501 2723.951   186  259.489 2983.441
       150403.4   0.00  99.73  69.81  30.31  99.93 113509 2724.140   186  259.489 2983.629
       150413.3   0.00  99.84  64.26  30.82  99.93 113517 2724.358   186  259.489 2983.848
       150423.4   0.00 100.00   7.51  30.83  99.93 113525 2724.612   186  259.489 2984.101
       150433.4   0.00  27.56  32.40  31.89  99.93 113533 2724.814   186  259.489 2984.304
       150443.3   0.00  40.62  53.11  31.94  99.93 113541 2725.044   186  259.489 2984.534
       150453.4   0.00  38.96  53.51  31.98  99.93 113549 2725.230   186  259.489 2984.719
       150463.4   0.00  44.31  23.81  32.03  99.93 113557 2725.409   186  259.489 2984.899
       150473.4  27.00   0.00  54.51  32.06  99.93 113564 2725.535   186  259.489 2985.024
Timestamp         S0     S1     E      O      P     YGC     YGCT    FGC    FGCT     GCT   
       150483.4  61.32   0.00  19.64  32.10  99.93 113572 2725.750   186  259.489 2985.239
       150493.3   0.00  73.85  40.64  32.12  99.93 113579 2725.940   186  259.489 2985.430
       150503.3  50.94   0.00  81.39  32.13  99.93 113586 2726.073   186  259.489 2985.563
       150513.3  64.49   0.00   3.10  32.15  99.93 113594 2726.217   186  259.489 2985.706
       150523.3   0.00  67.38  10.72  32.21  99.93 113601 2726.385   186  259.489 2985.874
       150533.3  86.57   0.00  36.22  32.22  99.93 113608 2726.523   186  259.489 2986.013
       150543.3   0.00  57.34  83.78  34.63  99.93 113615 2726.721   186  259.489 2986.210
       150553.4   0.00  64.40  61.32  34.64  99.93 113623 2726.929   186  259.489 2986.419
       150563.4   0.00  34.03  90.41  35.31  99.93 113631 2727.127   186  259.489 2986.616
       150573.3   0.00  30.56  82.51  35.34  99.93 113639 2727.285   186  259.489 2986.775
Timestamp         S0     S1     E      O      P     YGC     YGCT    FGC    FGCT     GCT   
       150583.4   0.00  32.92  64.75  35.39  99.93 113647 2727.466   186  259.489 2986.955
       150593.4   0.00  25.23  24.33  35.41  99.93 113655 2727.667   186  259.489 2987.157
       150603.4  46.36   0.00  88.69  35.43  99.93 113662 2727.825   186  259.489 2987.314
       150613.3  34.75   0.00  32.81  35.45  99.93 113670 2727.976   186  259.489 2987.466
       150623.4  70.72   0.00  20.99  35.51  99.93 113678 2728.128   186  259.489 2987.617
       150633.4   0.00 100.00  78.19  35.55  99.93 113685 2728.269   186  259.489 2987.758
       150643.4   0.00  55.03  20.00  35.56  99.93 113693 2728.420   186  259.489 2987.909
       150653.4  73.21   0.00  98.06  35.76  99.93 113700 2728.549   186  259.489 2988.038
       150663.4  97.63   0.00  70.20  37.10  99.93 113708 2728.765   186  259.489 2988.255
       150673.3  57.67   0.00  69.20  37.11  99.93 113716 2729.008   186  259.489 2988.497
Timestamp         S0     S1     E      O      P     YGC     YGCT    FGC    FGCT     GCT   
       150683.4  17.68   0.00  43.99  37.82  99.93 113724 2729.167   186  259.489 2988.656
       150693.4   0.00  38.69  96.42  37.84  99.93 113731 2729.336   186  259.489 2988.825
       150703.3   0.00  51.42  51.97  37.86  99.93 113739 2729.495   186  259.489 2988.984
       150713.4   0.00  54.80  39.29  37.93  99.93 113747 2729.708   186  259.489 2989.197
       150723.4   0.00  99.73   0.00  37.95  99.93 113755 2729.889   186  259.489 2989.379
       150733.4  35.04   0.00  92.64  37.98  99.93 113762 2730.074   186  259.489 2989.564
       150743.4  56.91   0.00  49.74  38.00  99.93 113770 2730.267   186  259.489 2989.756
       150753.4   0.00  66.95  96.18  38.02  99.93 113777 2730.396   186  259.489 2989.885
       150763.4   0.00 100.00  80.72  38.03  99.93 113785 2730.608   186  259.489 2990.097
       150773.4   0.00 100.00  38.60  38.08  99.93 113793 2730.789   186  259.489 2990.278
Timestamp         S0     S1     E      O      P     YGC     YGCT    FGC    FGCT     GCT   
       150783.4  74.86   0.00  92.42  38.10  99.93 113800 2730.984   186  259.489 2990.473
       150793.4  63.77   0.00  69.92  38.42  99.93 113808 2731.161   186  259.489 2990.650
       150803.4  55.78   0.00  26.62  38.49  99.93 113816 2731.451   186  259.489 2990.940
       150813.4   0.00 100.00  99.10  38.68  99.93 113824 2731.594   186  259.489 2991.083
       150823.4   0.00 100.00  73.81  38.70  99.93 113831 2731.753   186  259.489 2991.243
       150833.4   0.00  52.43  18.52  38.71  99.93 113839 2731.918   186  259.489 2991.407
       150843.4  61.98   0.00  44.97  38.77  99.93 113846 2732.061   186  259.489 2991.550
       150853.4  52.13   0.00  27.20  38.79  99.93 113854 2732.247   186  259.489 2991.737
       150863.4   0.00  57.76  79.54  38.95  99.93 113861 2732.378   186  259.489 2991.868
       150873.4   0.00  99.55  40.40  38.97  99.93 113869 2732.593   186  259.489 2992.082
Timestamp         S0     S1     E      O      P     YGC     YGCT    FGC    FGCT     GCT   
       150883.4  66.67   0.00  81.44  38.98  99.93 113876 2732.723   186  259.489 2992.212
       150893.4 100.00   0.00  70.13  41.03  99.93 113884 2732.917   186  259.489 2992.406
       150903.4  72.96   0.00  36.14  41.05  99.93 113892 2733.158   186  259.489 2992.648
       150913.4  19.81   0.00  79.58  41.99  99.93 113900 2733.418   186  259.489 2992.908
       150923.4   0.00  17.59   8.00  42.11  99.93 113909 2733.609   186  259.489 2993.098
       150933.4   0.00  23.48  25.88  42.17  99.93 113917 2733.774   186  259.489 2993.263
       150943.4   0.00  39.55  25.83  42.20  99.93 113925 2733.937   186  259.489 2993.426
       150953.4   0.00 100.00  24.63  42.23  99.93 113933 2734.218   186  259.489 2993.707
       150963.4  59.57   0.00 100.00  42.25  99.93 113940 2734.447   186  259.489 2993.936
       150973.4  26.28   0.00  53.79  42.50  99.93 113948 2734.625   186  259.489 2994.114
Timestamp         S0     S1     E      O      P     YGC     YGCT    FGC    FGCT     GCT   
       150983.4   0.00  46.30  91.27  42.54  99.93 113955 2734.767   186  259.489 2994.257
       150993.4   0.00  40.73  16.06  42.57  99.93 113963 2734.955   186  259.489 2994.444
       151003.4  39.37   0.00  67.04  42.58  99.93 113970 2735.115   186  259.489 2994.604
       151013.4   0.00 100.00  78.31  42.63  99.93 113977 2735.310   186  259.489 2994.799
       151023.4   0.00  55.56  30.07  42.65  99.93 113985 2735.482   186  259.489 2994.971
       151033.4   0.00 100.00  27.57  45.67  99.93 113993 2735.801   186  259.489 2995.290
       151043.4   0.00  60.12  45.05  46.36  99.93 114001 2736.082   186  259.489 2995.571
       151053.4   0.00  99.47  84.53  47.46  99.93 114009 2736.312   186  259.489 2995.801
       151063.4  17.91   0.00  14.33  47.49  99.93 114018 2736.494   186  259.489 2995.984
       151073.4  39.65   0.00  30.78  47.51  99.93 114026 2736.650   186  259.489 2996.139
Timestamp         S0     S1     E      O      P     YGC     YGCT    FGC    FGCT     GCT   
       151083.4   0.00  55.43  78.31  47.52  99.93 114033 2736.792   186  259.489 2996.281
       151093.4   0.00  28.85  27.21  47.56  99.93 114041 2736.959   186  259.489 2996.449
       151103.4  28.94   0.00  66.24  47.57  99.93 114048 2737.126   186  259.489 2996.616
       151113.4  42.70   0.00  30.38  47.59  99.93 114056 2737.271   186  259.489 2996.760
       151123.4   0.00  30.42  49.52  47.68  99.93 114063 2737.419   186  259.489 2996.908
       151133.4  35.67   0.00  90.40  47.69  99.93 114070 2737.584   186  259.489 2997.074
       151143.4  65.08   0.00  16.49  47.72  99.93 114078 2737.787   186  259.489 2997.276
       151153.4   0.00  46.06  66.10  47.80  99.93 114085 2737.913   186  259.489 2997.403
       151163.4  44.35   0.00  93.67  47.85  99.93 114092 2738.062   186  259.489 2997.551
       151173.4  68.75   0.00  38.77  47.87  99.93 114100 2738.231   186  259.489 2997.720
Timestamp         S0     S1     E      O      P     YGC     YGCT    FGC    FGCT     GCT   
       151183.4  55.45   0.00   0.00  47.92  99.93 114108 2738.391   186  259.489 2997.880
       151193.4   0.00  62.74  30.06  47.94  99.93 114115 2738.532   186  259.489 2998.022
       151203.4   0.00  99.88  11.09  49.74  99.93 114123 2738.805   186  259.489 2998.295
       151213.4   0.00  70.02  29.95  49.75  99.93 114131 2739.080   186  259.489 2998.570
       151223.4   0.00  23.56  36.89  50.76  99.93 114139 2739.343   186  259.489 2998.832
       151233.4   0.00  30.17  28.01  50.79  99.93 114147 2739.515   186  259.489 2999.005
       151243.4   0.00  51.67  23.85  50.88  99.93 114155 2739.691   186  259.489 2999.180
       151253.4   0.00  45.31  19.07  50.90  99.93 114163 2739.860   186  259.489 2999.349
       151263.4  32.74   0.00  67.13  50.93  99.93 114170 2740.005   186  259.489 2999.494
       151273.4  35.64   0.00  24.41  50.97  99.93 114178 2740.140   186  259.489 2999.630
Timestamp         S0     S1     E      O      P     YGC     YGCT    FGC    FGCT     GCT   
       151283.4   0.00  77.27  86.26  50.99  99.93 114185 2740.296   186  259.489 2999.786
       151293.4   0.00  58.81  47.81  51.02  99.93 114193 2740.501   186  259.489 2999.990
       151303.4  64.32   0.00  79.37  51.03  99.93 114200 2740.630   186  259.489 3000.119
       151313.4  38.99   0.00  14.96  51.09  99.93 114208 2740.790   186  259.489 3000.280
       151323.4   0.00  59.94  83.19  51.74  99.93 114215 2740.965   186  259.489 3000.455
       151333.4   0.00  57.17  35.01  51.76  99.93 114223 2741.179   186  259.489 3000.668
       151343.4   0.00  44.86  24.63  52.20  99.93 114231 2741.387   186  259.489 3000.876
       151353.4  53.36   0.00  70.93  52.21  99.93 114238 2741.516   186  259.489 3001.005
       151363.4  51.18   0.00  36.36  52.22  99.93 114246 2741.668   186  259.489 3001.157
       151373.4  60.26   0.00  12.20  52.24  99.93 114254 2741.827   186  259.489 3001.316
Timestamp         S0     S1     E      O      P     YGC     YGCT    FGC    FGCT     GCT   
       151383.4   0.00 100.00  92.47  56.71  99.93 114261 2742.051   186  259.489 3001.540
       151393.4   0.00  71.62  76.53  56.72  99.93 114269 2742.264   186  259.489 3001.754
       151403.4   0.00 100.00  52.90  57.51  99.93 114277 2742.449   186  259.489 3001.938
       151413.4   0.00  30.96  68.95  57.52  99.93 114285 2742.716   186  259.489 3002.205
       151423.4   0.00  39.23  54.54  57.54  99.93 114293 2742.894   186  259.489 3002.383
       151433.4   0.00  35.12  20.95  57.74  99.93 114301 2743.039   186  259.489 3002.528
       151443.4  35.02   0.00  94.50  57.77  99.93 114308 2743.165   186  259.489 3002.655
       151453.4  75.75   0.00  52.69  57.81  99.93 114316 2743.343   186  259.489 3002.832
       151463.4  58.70   0.00  60.38  57.83  99.93 114324 2743.594   186  259.489 3003.084
       151473.5  41.62   0.00  73.80  57.97  99.93 114332 2743.804   186  259.489 3003.293
Timestamp         S0     S1     E      O      P     YGC     YGCT    FGC    FGCT     GCT   
       151483.5  26.76   0.00  29.91  58.17  99.93 114340 2743.974   186  259.489 3003.463
       151493.5  28.25   0.00   1.09  58.22  99.93 114348 2744.172   186  259.489 3003.661
       151503.4   0.00  27.31  29.27  58.24  99.93 114355 2744.332   186  259.489 3003.821
       151513.4   0.00  42.86   8.77  58.26  99.93 114363 2744.526   186  259.489 3004.015
       151523.5  50.26   0.00  53.12  58.28  99.93 114370 2744.667   186  259.489 3004.157
       151533.4   0.00  51.52  92.51  58.38  99.93 114377 2744.815   186  259.489 3004.304
       151543.4   0.00  99.67  61.98  58.40  99.93 114385 2744.981   186  259.489 3004.471
       151553.4   0.00 100.00  56.57  60.23  99.93 114393 2745.258   186  259.489 3004.747
       151563.5   0.00  57.22  48.14  60.26  99.93 114401 2745.569   186  259.489 3005.058
       151573.4   0.00  99.43  63.80  61.35  99.93 114409 2745.763   186  259.489 3005.252
Timestamp         S0     S1     E      O      P     YGC     YGCT    FGC    FGCT     GCT   
       151583.5   0.00  37.12  80.72  61.37  99.93 114417 2745.941   186  259.489 3005.430
       151593.4   0.00  26.15  76.86  61.40  99.93 114425 2746.107   186  259.489 3005.596
       151603.4   0.00  28.57  43.82  61.43  99.93 114433 2746.277   186  259.489 3005.767
       151613.5   0.00  33.59  12.77  61.45  99.93 114441 2746.489   186  259.489 3005.978
       151623.5  69.83   0.00  80.96  61.47  99.93 114448 2746.642   186  259.489 3006.131
       151633.5  50.60   0.00  37.53  61.49  99.93 114456 2746.818   186  259.489 3006.307
       151643.4  47.93   0.00   4.45  61.51  99.93 114464 2747.055   186  259.489 3006.545
       151653.5   0.00  56.33  62.97  61.53  99.93 114471 2747.181   186  259.489 3006.670
       151663.5  51.27   0.00  95.05  61.56  99.93 114478 2747.364   186  259.489 3006.854
       151673.5  65.89   0.00  69.84  61.58  99.93 114486 2747.534   186  259.489 3007.023
Timestamp         S0     S1     E      O      P     YGC     YGCT    FGC    FGCT     GCT   
       151683.4   0.00  99.70  81.17  62.21  99.93 114493 2747.698   186  259.489 3007.187
       151693.4   0.00  99.69  21.44  62.24  99.93 114501 2747.887   186  259.489 3007.376
       151703.5  32.09   0.00  62.32  62.64  99.93 114508 2748.056   186  259.489 3007.545
       151713.5  33.07   0.00   4.61  62.66  99.93 114516 2748.207   186  259.489 3007.697
       151723.5   0.00  30.35  63.82  62.68  99.93 114523 2748.349   186  259.489 3007.838
       151733.5  71.71   0.00  99.87  62.70  99.93 114531 2748.512   186  259.489 3008.002
       151743.5  85.16   0.00  40.40  62.77  99.93 114538 2748.698   186  259.489 3008.187
       151753.5  87.86   0.00   6.65  62.81  99.93 114546 2748.869   186  259.489 3008.358
       151763.5   0.00  62.11  54.52  62.90  99.93 114553 2749.027   186  259.489 3008.517
       151773.5  43.52   0.00  91.18  62.98  99.93 114560 2749.179   186  259.489 3008.668
Timestamp         S0     S1     E      O      P     YGC     YGCT    FGC    FGCT     GCT   
       151783.5  69.72   0.00  65.48  63.01  99.93 114568 2749.341   186  259.489 3008.830
       151793.5   0.00  55.15  95.92  63.02  99.93 114575 2749.495   186  259.489 3008.984
       151803.4   0.00  99.62  23.21  63.10  99.93 114583 2749.674   186  259.489 3009.163
       151813.5  68.15   0.00  97.12  63.11  99.93 114590 2749.832   186  259.489 3009.321
       151823.5   0.00  67.19  97.77  63.13  99.93 114597 2750.006   186  259.489 3009.495
       151833.5   0.00  73.35  59.32  63.16  99.93 114605 2750.187   186  259.489 3009.676
       151843.5   0.00  57.49  16.90  63.19  99.93 114613 2750.424   186  259.489 3009.913
       151853.5  31.68   0.00  80.21  63.28  99.93 114620 2750.591   186  259.489 3010.080
       151863.5  70.54   0.00  38.46  63.32  99.93 114628 2750.806   186  259.489 3010.295
       151873.5  13.27  67.50 100.00  63.35  99.93 114636 2750.964   186  259.489 3010.453
Timestamp         S0     S1     E      O      P     YGC     YGCT    FGC    FGCT     GCT   
       151883.5   0.00 100.00  49.35  63.44  99.93 114643 2751.139   186  259.489 3010.628
       151893.5  45.56   0.00  93.24  63.46  99.93 114650 2751.273   186  259.489 3010.763
       151903.5  77.96   0.00  46.60  63.48  99.93 114658 2751.456   186  259.489 3010.945
       151913.5   0.00  65.17  86.84  63.51  99.93 114665 2751.578   186  259.489 3011.067
       151923.5   0.00  99.57  37.69  63.55  99.93 114673 2751.810   186  259.489 3011.299
       151933.5   0.00  99.83  37.91  65.89  99.93 114681 2752.056   186  259.489 3011.546
       151943.5   0.00  70.70   5.56  65.90  99.93 114689 2752.327   186  259.489 3011.816
       151953.5   0.00  20.80   3.51  66.77  99.93 114697 2752.528   186  259.489 3012.018
       151963.5  20.39   0.00  41.47  66.78  99.93 114704 2752.652   186  259.489 3012.141
       151973.5  53.40   0.00  18.72  66.81  99.93 114712 2752.872   186  259.489 3012.361
Timestamp         S0     S1     E      O      P     YGC     YGCT    FGC    FGCT     GCT   
       151983.5   0.00 100.00  66.96  66.83  99.93 114719 2753.084   186  259.489 3012.573
       151993.5   0.00  80.95  46.37  66.84  99.93 114727 2753.264   186  259.489 3012.753
       152003.5   0.00  99.73  10.43  66.95  99.93 114735 2753.506   186  259.489 3012.996
       152013.5   0.00 100.00  38.03  71.20  99.93 114743 2753.865   186  259.489 3013.354
       152023.5  19.83   0.00   0.00  72.66  99.93 114752 2754.117   186  259.489 3013.606
       152033.5  25.87   0.00  25.75  72.94  99.93 114760 2754.285   186  259.489 3013.775
       152043.5  41.51   0.00  48.80  72.97  99.93 114768 2754.514   186  259.489 3014.003
       152053.5  40.35   0.00  33.78  72.99  99.93 114776 2754.668   186  259.489 3014.157
       152063.5   0.00  35.48  91.29  73.24  99.93 114783 2754.828   186  259.489 3014.318
       152073.5   0.00  60.05  89.78  73.25  99.93 114791 2754.990   186  259.489 3014.480
Timestamp         S0     S1     E      O      P     YGC     YGCT    FGC    FGCT     GCT   
       152083.5   0.00  90.62  70.61  73.31  99.93 114799 2755.178   186  259.489 3014.667
       152093.5   0.00  75.78  58.36  73.32  99.93 114807 2755.358   186  259.489 3014.848
       152103.5   0.00  47.16  12.50  73.44  99.93 114815 2755.649   186  259.489 3015.138
       152113.5  34.42   0.00  72.60  73.45  99.93 114822 2755.843   186  259.489 3015.333
       152123.5  52.47   0.00  60.34  73.48  99.93 114830 2756.036   186  259.489 3015.525
       152133.5  55.07   0.00  66.74  73.50  99.93 114838 2756.229   186  259.489 3015.719
       152143.5  70.78   0.00  48.54  73.67  99.93 114846 2756.455   186  259.489 3015.945
       152153.5 100.00   0.00  45.54  73.74  99.93 114854 2756.627   186  259.489 3016.117
       152163.5  66.43   0.00   4.36  74.05  99.93 114862 2756.863   186  259.489 3016.352
       152173.5   0.00  77.63  88.38  74.08  99.93 114869 2757.023   186  259.489 3016.512
Timestamp         S0     S1     E      O      P     YGC     YGCT    FGC    FGCT     GCT   
       152183.5   0.00  99.52  40.87  74.67  99.93 114877 2757.230   186  259.489 3016.719
       152193.5   0.00  40.47  34.62  74.69  99.93 114885 2757.396   186  259.489 3016.886
       152203.5   0.00  46.69  14.54  74.70  99.93 114893 2757.613   186  259.489 3017.102
       152213.5  44.76   0.00  61.98  74.72  99.93 114900 2757.791   186  259.489 3017.281
       152223.5  71.14   0.00  15.61  74.83  99.93 114908 2757.999   186  259.489 3017.488
       152233.5  66.84   0.00   0.00  74.87  99.93 114916 2758.152   186  259.489 3017.642
       152243.5   0.00  73.99  90.59  74.92  99.93 114923 2758.331   186  259.489 3017.820
       152253.5   0.00  74.87  62.20  75.02  99.93 114931 2758.527   186  259.489 3018.016
       152263.5   0.00  44.09  37.63  75.04  99.93 114939 2758.692   186  259.489 3018.181
       152273.5   0.00  38.89   7.24  75.12  99.93 114947 2758.846   186  259.489 3018.335
Timestamp         S0     S1     E      O      P     YGC     YGCT    FGC    FGCT     GCT   
       152283.5  51.81   0.00  70.46  75.19  99.93 114954 2759.056   186  259.489 3018.546
       152293.5  77.94   0.00  26.67  75.22  99.93 114962 2759.311   186  259.489 3018.800
       152303.5   0.00  52.23  88.61  75.24  99.93 114969 2759.476   186  259.489 3018.965
       152313.5   0.00  64.77  31.62  75.26  99.93 114977 2759.652   186  259.489 3019.142
       152323.5 100.00   0.00  69.71  78.06  99.93 114984 2759.832   186  259.489 3019.321
       152333.5  61.94   0.00  61.58  78.09  99.93 114992 2760.067   186  259.489 3019.556
       152343.5  25.00   0.00  32.70  78.68  99.93 115000 2760.274   186  259.489 3019.763
       152353.5  40.22   0.00  30.41  78.83  99.93 115008 2760.443   186  259.489 3019.933
       152363.5  36.91   0.00  21.56  78.86  99.93 115016 2760.668   186  259.489 3020.157
       152373.5   0.00  37.96  93.28  78.88  99.93 115023 2760.819   186  259.489 3020.308
Timestamp         S0     S1     E      O      P     YGC     YGCT    FGC    FGCT     GCT   
       152383.5   0.00  62.56  35.06  78.89  99.93 115031 2761.008   186  259.489 3020.497
       152393.5  43.43   0.00  93.80  78.91  99.93 115038 2761.191   186  259.489 3020.681
       152403.5  69.71   0.00  13.54  78.94  99.93 115046 2761.427   186  259.489 3020.916
       152413.5   0.00  70.00  80.42  78.98  99.93 115053 2761.589   186  259.489 3021.079
       152423.5   0.00  50.00  23.74  79.09  99.93 115061 2761.769   186  259.489 3021.259
       152433.5  76.82   0.00  91.68  79.10  99.93 115068 2761.919   186  259.489 3021.408
       152443.5  82.17   0.00  36.86  79.22  99.93 115076 2762.111   186  259.489 3021.601
       152453.5   0.00 100.00  90.10  79.24  99.93 115083 2762.298   186  259.489 3021.788
       152463.5   0.00 100.00  30.15  79.58  99.93 115091 2762.489   186  259.489 3021.979
       152473.5  82.83   0.00  85.14  79.59  99.93 115098 2762.661   186  259.489 3022.150
Timestamp         S0     S1     E      O      P     YGC     YGCT    FGC    FGCT     GCT   
       152483.5  32.91   0.00  44.80  79.96  99.93 115106 2762.816   186  259.489 3022.305
       152493.5   0.00  30.66  87.29  79.97  99.93 115113 2763.018   186  259.489 3022.507
       152503.5   0.00  70.00  54.65  80.00  99.93 115121 2763.188   186  259.489 3022.677
       152513.5   0.00  99.76  24.43  80.57  99.93 115129 2763.416   186  259.489 3022.906
       152523.5   0.00  76.86   9.46  80.63  99.93 115137 2763.672   186  259.489 3023.161
       152533.5  42.05   0.00  92.54  80.86  99.93 115144 2763.880   186  259.489 3023.369
       152543.5  50.40   0.00  55.71  81.07  99.93 115152 2764.093   186  259.489 3023.582
       152553.5  49.79   0.00  38.83  81.09  99.93 115160 2764.281   186  259.489 3023.770
       152563.5  46.08   0.00   1.46  81.16  99.93 115168 2764.474   186  259.489 3023.964
       152573.5   0.00  78.53  66.68  81.19  99.93 115175 2764.649   186  259.489 3024.138
Timestamp         S0     S1     E      O      P     YGC     YGCT    FGC    FGCT     GCT   
       152583.5   0.00  62.27   8.80  81.23  99.93 115183 2764.868   186  259.489 3024.357
       152593.5   0.00  99.86   0.00  82.31  99.93 115191 2765.183   186  259.489 3024.673
       152603.5   0.00 100.00  11.26  82.32  99.93 115199 2765.438   186  259.489 3024.927
       152613.5   0.00  38.40  29.48  83.28  99.93 115207 2765.650   186  259.489 3025.139
       152623.5   0.00  28.88  58.01  83.31  99.93 115215 2765.831   186  259.489 3025.320
       152633.5   0.00  34.35  70.14  83.37  99.93 115223 2766.045   186  259.489 3025.534
       152643.5   0.00  99.51  38.23  83.40  99.93 115231 2766.227   186  259.489 3025.716
       152653.5   0.00 100.00  15.83  83.41  99.93 115239 2766.387   186  259.489 3025.877
       152663.5   0.00  39.66  12.77  83.46  99.93 115247 2766.552   186  259.489 3026.041
       152673.5   0.00 100.00  17.55  83.48  99.93 115255 2766.756   186  259.489 3026.245
Timestamp         S0     S1     E      O      P     YGC     YGCT    FGC    FGCT     GCT   
       152683.6  59.77   0.00  96.72  83.51  99.93 115262 2766.929   186  259.489 3026.418
       152693.5  65.40   0.00  85.40  83.61  99.93 115270 2767.101   186  259.489 3026.591
       152703.5  46.82   0.00  18.91  83.62  99.93 115278 2767.271   186  259.489 3026.760
       152713.5   0.00  47.22  25.81  83.65  99.93 115285 2767.431   186  259.489 3026.921
       152723.5  47.86   0.00  50.02  83.66  99.93 115292 2767.631   186  259.489 3027.121
       152733.6   0.00  53.90  76.02  83.67  99.93 115299 2767.789   186  259.489 3027.278
       152743.5  72.81   0.00  83.58  83.69  99.93 115306 2767.935   186  259.489 3027.425
       152753.5 100.00   0.00  29.34  84.61  99.93 115314 2768.141   186  259.489 3027.630
       152763.6   0.00  81.64  62.88  84.63  99.93 115321 2768.323   186  259.489 3027.812
       152773.5   0.00  40.35  49.78  85.20  99.93 115329 2768.546   186  259.489 3028.036
Timestamp         S0     S1     E      O      P     YGC     YGCT    FGC    FGCT     GCT   
       152783.5   0.00  34.95  17.73  85.22  99.93 115337 2768.707   186  259.489 3028.196
       152793.5  50.59   0.00  85.68  85.28  99.93 115344 2768.904   186  259.489 3028.393
       152803.6  51.23   0.00  70.45  85.30  99.93 115352 2769.076   186  259.489 3028.566
       152813.5  91.84   0.00  59.94  85.37  99.93 115360 2769.270   186  259.489 3028.759
       152823.6   0.00  56.05  80.95  85.40  99.93 115367 2769.497   186  259.489 3028.986
       152833.6   0.00  82.18  30.80  85.50  99.93 115375 2769.698   186  259.489 3029.188
       152843.5   0.00 100.00  33.59  86.72  99.93 115383 2769.906   186  259.489 3029.396
       152853.5   0.00  57.88  58.04  86.73  99.93 115391 2770.151   186  259.489 3029.641
       152863.6   0.00  99.69  25.20  87.45  99.93 115399 2770.328   186  259.489 3029.817
       152873.5  23.60   0.00  92.96  87.48  99.93 115406 2770.467   186  259.489 3029.957
Timestamp         S0     S1     E      O      P     YGC     YGCT    FGC    FGCT     GCT   
       152883.5  19.92   0.00  65.34  87.50  99.93 115414 2770.649   186  259.489 3030.138
       152893.5  81.22   0.00  66.01  87.51  99.93 115422 2770.837   186  259.489 3030.327
       152903.6  39.18   0.00  27.67  87.52  99.93 115430 2771.017   186  259.489 3030.506
       152913.6  72.46   0.00  20.01  87.61  99.93 115438 2771.204   186  259.489 3030.694
       152923.5   0.00  40.77  96.79  87.63  99.93 115445 2771.365   186  259.489 3030.854
       152933.5   0.00  67.13  55.38  87.64  99.93 115453 2771.581   186  259.489 3031.070
       152943.5   0.00  72.00  16.31  87.66  99.93 115461 2771.821   186  259.489 3031.310
       152953.6  59.45   0.00  69.62  87.68  99.93 115468 2772.018   186  259.489 3031.507
       152963.6  52.45   0.00  27.04  87.70  99.93 115476 2772.195   186  259.489 3031.684
       152973.5  93.96   0.00   9.50  89.55  99.93 115484 2772.485   186  259.489 3031.974
Timestamp         S0     S1     E      O      P     YGC     YGCT    FGC    FGCT     GCT   
       152983.6  64.35   0.00  28.58  89.56  99.93 115492 2772.769   186  259.489 3032.258
       152993.6  24.16   0.00   0.00  90.54  99.93 115500 2772.993   186  259.489 3032.483
       153003.5   0.00  15.00  85.69  90.56  99.93 115507 2773.149   186  259.489 3032.638
       153013.5   0.00  24.36  83.18  90.59  99.93 115515 2773.321   186  259.489 3032.811
       153023.5   0.00  29.39  29.65  90.65  99.93 115523 2773.512   186  259.489 3033.002
       153033.5  48.88   0.00  89.45  90.68  99.93 115530 2773.664   186  259.489 3033.154
       153043.5  71.25   0.00  14.65  90.69  99.93 115538 2773.835   186  259.489 3033.324
       153053.6  70.38   0.00  25.48  91.40  99.93 115546 2774.073   186  259.489 3033.562
       153063.5   0.00  61.39  77.76  91.42  99.93 115553 2774.276   186  259.489 3033.765
       153073.6   0.00  29.06  95.55  91.99  99.93 115561 2774.464   186  259.489 3033.953
Timestamp         S0     S1     E      O      P     YGC     YGCT    FGC    FGCT     GCT   
       153083.5   0.00  35.61  84.77  92.02  99.93 115569 2774.655   186  259.489 3034.144
       153093.6   0.00  47.47  93.34  92.03  99.93 115577 2774.861   186  259.489 3034.350
       153103.5   0.00  65.68  21.32  92.06  99.93 115585 2775.032   186  259.489 3034.521
       153113.5  52.65   0.00  99.10  92.21  99.93 115592 2775.193   186  259.489 3034.682
       153123.5 100.00   0.00  24.50  92.26  99.93 115600 2775.381   186  259.489 3034.871
       153133.5   0.00  59.39  70.16  92.31  99.93 115607 2775.558   186  259.489 3035.047
       153143.5   0.00  71.36  15.27  92.50  99.93 115615 2775.757   186  259.489 3035.247
       153153.6  60.06   0.00  84.66  92.52  99.93 115622 2775.915   186  259.489 3035.404
       153163.6  50.33   0.00   0.00  92.53  99.93 115630 2776.087   187  259.489 3035.576
       153173.5   0.00  99.72  34.26  18.33  99.93 115637 2776.273   187  260.917 3037.190
Timestamp         S0     S1     E      O      P     YGC     YGCT    FGC    FGCT     GCT   
       153183.5   0.00  99.78   4.10  18.37  99.93 115645 2776.472   187  260.917 3037.389
       153193.5  28.57   0.00  74.90  18.83  99.93 115652 2776.608   187  260.917 3037.525
       153203.6  64.89   0.00  64.89  18.85  99.93 115660 2776.767   187  260.917 3037.684
       153213.6  80.54   0.00  49.23  18.86  99.93 115668 2777.005   187  260.917 3037.923
       153223.6  57.77   0.00  29.88  18.95  99.93 115676 2777.218   187  260.917 3038.135
       153233.6   0.00  33.33  79.25  18.97  99.93 115683 2777.345   187  260.917 3038.262
       153243.6   0.00  45.72  17.84  19.00  99.93 115691 2777.522   187  260.917 3038.439
       153253.6  55.56   0.00  69.30  19.02  99.93 115698 2777.654   187  260.917 3038.571
       153263.6  54.79   0.00  13.88  19.09  99.93 115706 2777.808   187  260.917 3038.725
       153273.6  84.28   0.00  17.52  19.16  99.93 115714 2777.997   187  260.917 3038.915
Timestamp         S0     S1     E      O      P     YGC     YGCT    FGC    FGCT     GCT   
       153283.6  62.98   0.00  13.42  19.33  99.93 115722 2778.278   187  260.917 3039.195
       153293.5   0.00  87.25  99.18  19.35  99.93 115730 2778.412   187  260.917 3039.329
       153303.5   0.00  47.95  69.21  19.47  99.93 115737 2778.596   187  260.917 3039.514
       153313.6   0.00  67.07  61.75  19.48  99.93 115745 2778.782   187  260.917 3039.699
       153323.5   0.00  37.43  16.22  19.50  99.93 115753 2778.928   187  260.917 3039.845
       153333.6  81.37   0.00  96.52  19.52  99.93 115760 2779.074   187  260.917 3039.991
       153343.6  44.48   0.00  67.12  19.54  99.93 115768 2779.224   187  260.917 3040.142
       153353.6  66.77   0.00  17.05  19.56  99.93 115776 2779.388   187  260.917 3040.305
       153363.6   0.00  62.50  45.07  19.63  99.93 115783 2779.514   187  260.917 3040.431
       153373.6   0.00  46.86   0.00  19.82  99.93 115791 2779.679   187  260.917 3040.596
Timestamp         S0     S1     E      O      P     YGC     YGCT    FGC    FGCT     GCT   
       153383.6  65.41   0.00  48.20  19.87  99.93 115798 2779.821   187  260.917 3040.738
       153393.6  70.28   0.00  29.97  19.92  99.93 115806 2779.966   187  260.917 3040.883
       153403.6   0.00 100.00  69.48  20.67  99.93 115813 2780.138   187  260.917 3041.055
       153413.6  81.37  49.35 100.00  20.73  99.93 115821 2780.327   187  260.917 3041.245
       153423.6  23.84   0.00  80.92  21.45  99.93 115828 2781.034   187  260.917 3041.951
       153433.6  32.06   0.00  77.14  21.46  99.93 115836 2781.181   187  260.917 3042.098
       153443.6  46.21   0.00  31.75  21.48  99.93 115844 2781.310   187  260.917 3042.227
       153453.6   0.00  99.43  76.66  21.51  99.93 115851 2781.430   187  260.917 3042.347
       153463.6   0.00  82.08  22.19  21.54  99.93 115859 2781.590   187  260.917 3042.507
       153473.6  39.66   0.00  93.58  21.60  99.93 115866 2781.731   187  260.917 3042.648
Timestamp         S0     S1     E      O      P     YGC     YGCT    FGC    FGCT     GCT   
       153483.6  50.80   0.00  62.57  21.62  99.93 115874 2781.942   187  260.917 3042.860
       153493.6  37.37   0.00  45.54  21.64  99.93 115882 2782.100   187  260.917 3043.017
       153503.6   0.00  49.23  95.40  21.72  99.93 115889 2782.234   187  260.917 3043.151
       153513.6   0.00  24.85  54.81  21.73  99.93 115897 2782.375   187  260.917 3043.292
       153523.6  43.29   0.00  54.84  21.76  99.93 115904 2782.507   187  260.917 3043.425
       153533.6   0.00  68.99  80.84  21.78  99.93 115911 2782.636   187  260.917 3043.553
       153543.6   0.00 100.00  29.96  23.69  99.93 115919 2782.867   187  260.917 3043.785
       153553.6  59.68   0.00  97.65  23.69  99.93 115926 2783.060   187  260.917 3043.977
       153563.6  34.86   0.00  93.07  24.44  99.93 115934 2783.238   187  260.917 3044.155
       153573.6  48.16   0.00  73.24  24.47  99.93 115942 2783.394   187  260.917 3044.311
Timestamp         S0     S1     E      O      P     YGC     YGCT    FGC    FGCT     GCT   
       153583.6  40.83   0.00  48.34  24.48  99.93 115950 2783.556   187  260.917 3044.474
       153593.6   0.00  50.00  87.82  24.51  99.93 115957 2783.691   187  260.917 3044.608
       153603.6   0.00  41.05   9.08  24.52  99.93 115965 2783.889   187  260.917 3044.807
       153613.6  99.01   0.00  67.99  24.53  99.93 115972 2784.013   187  260.917 3044.930
       153623.6  63.54   0.00  32.43  24.55  99.93 115980 2784.168   187  260.917 3045.085
       153633.6   0.00 100.00  92.60  25.25  99.93 115987 2784.332   187  260.917 3045.249
       153643.6  67.81   0.00   0.00  25.90  99.93 115996 2784.574   187  260.917 3045.491
       153653.6   0.00  28.76  70.95  26.52  99.93 116003 2784.743   187  260.917 3045.660
       153663.6  23.37   0.00  62.06  26.64  99.93 116010 2784.880   187  260.917 3045.798
       153673.6  51.18   0.00  14.31  26.68  99.93 116018 2785.024   187  260.917 3045.941
Timestamp         S0     S1     E      O      P     YGC     YGCT    FGC    FGCT     GCT   
       153683.6   0.00  60.64  86.31  26.69  99.93 116025 2785.154   187  260.917 3046.071
       153693.6   0.00  57.34  54.08  26.71  99.93 116033 2785.297   187  260.917 3046.214
       153703.6   0.00  66.16  16.71  26.74  99.93 116041 2785.502   187  260.917 3046.420
       153713.6  56.79   0.00  73.80  26.82  99.93 116048 2785.641   187  260.917 3046.558
       153723.6  83.70   0.00  31.55  26.83  99.93 116056 2785.872   187  260.917 3046.789
       153733.6  64.71   0.00  27.69  26.85  99.93 116064 2786.028   187  260.917 3046.946
       153743.6  48.82   0.00  17.40  26.98  99.93 116072 2786.186   187  260.917 3047.103
       153753.6  49.20   0.00  13.26  27.00  99.93 116080 2786.365   187  260.917 3047.282
       153763.6   0.00  71.84  88.58  27.01  99.93 116087 2786.510   187  260.917 3047.427
       153773.6   0.00  76.16  47.74  27.03  99.93 116095 2786.683   187  260.917 3047.600
Timestamp         S0     S1     E      O      P     YGC     YGCT    FGC    FGCT     GCT   
       153783.6   0.00 100.00   0.93  27.65  99.93 116103 2786.846   187  260.917 3047.763
       153793.6 100.00   0.00  99.22  27.69  99.93 116111 2787.026   187  260.917 3047.944
       153803.6  31.56   0.00  91.48  28.08  99.93 116118 2787.232   187  260.917 3048.149
       153813.6  33.94   0.00  97.78  28.15  99.93 116126 2787.389   187  260.917 3048.306
       153823.6  62.93   0.00  72.21  28.18  99.93 116134 2787.658   187  260.917 3048.575
       153833.6  26.14   0.00  33.59  28.22  99.93 116142 2787.794   187  260.917 3048.711
       153843.6   0.00 100.00  71.43  28.26  99.93 116149 2787.942   187  260.917 3048.859
       153853.6   0.00  36.14  16.55  28.27  99.93 116157 2788.114   187  260.917 3049.031
       153863.6  61.71   0.00  74.00  28.39  99.93 116164 2788.295   187  260.917 3049.212
       153873.6  55.53   0.00  26.86  28.41  99.93 116172 2788.465   187  260.917 3049.382
Timestamp         S0     S1     E      O      P     YGC     YGCT    FGC    FGCT     GCT   
       153883.6   0.00  61.93  82.03  28.57  99.93 116179 2788.583   187  260.917 3049.500
       153893.6   0.00  68.26  43.81  28.59  99.93 116187 2788.766   187  260.917 3049.683
       153903.6  59.50   0.00  88.57  28.61  99.93 116194 2788.916   187  260.917 3049.833
       153913.6  73.67   0.00  32.99  28.65  99.93 116202 2789.088   187  260.917 3050.005
       153923.6  42.80   0.00   1.74  28.74  99.93 116210 2789.299   187  260.917 3050.216
       153933.6   0.00  74.14  77.15  28.76  99.93 116217 2789.459   187  260.917 3050.377
       153943.6   0.00  99.85  62.83  30.71  99.93 116225 2789.671   187  260.917 3050.588
       153953.6   0.00 100.00  96.81  30.73  99.93 116233 2789.928   187  260.917 3050.845
       153963.6   0.00  22.39  71.15  32.02  99.93 116241 2790.171   187  260.917 3051.088
       153973.6   0.00  21.68  65.96  32.03  99.93 116249 2790.386   187  260.917 3051.303
Timestamp         S0     S1     E      O      P     YGC     YGCT    FGC    FGCT     GCT   
       153983.6   0.00  32.63  74.95  32.07  99.93 116257 2790.571   187  260.917 3051.488
       153993.6   0.00  29.12  83.02  32.10  99.93 116265 2790.779   187  260.917 3051.696
       154003.6   0.00  63.57  48.73  32.14  99.93 116273 2790.954   187  260.917 3051.871
       154013.6  32.46   0.00  88.65  32.17  99.93 116280 2791.078   187  260.917 3051.996
       154023.6  49.77   0.00  36.46  32.27  99.93 116288 2791.258   187  260.917 3052.175
       154033.6   0.00  99.72  99.65  32.28  99.93 116296 2791.423   187  260.917 3052.341
       154043.6   0.00  28.06  41.45  32.40  99.93 116303 2791.576   187  260.917 3052.493
       154053.6  49.06   0.00  74.90  32.42  99.93 116310 2791.693   187  260.917 3052.610
       154063.6  68.79   0.00  14.43  32.44  99.93 116318 2791.836   187  260.917 3052.754
       154073.6   0.00  65.34  85.04  32.46  99.93 116325 2791.960   187  260.917 3052.877
Timestamp         S0     S1     E      O      P     YGC     YGCT    FGC    FGCT     GCT   
       154083.6   0.00  54.76  10.40  32.55  99.93 116333 2792.108   187  260.917 3053.025
       154093.6  65.88   0.00  46.51  32.57  99.93 116340 2792.231   187  260.917 3053.148
       154103.6   0.00 100.00  74.49  32.60  99.93 116347 2792.376   187  260.917 3053.294
       154113.6  83.63   0.00  90.50  32.61  99.93 116354 2792.562   187  260.917 3053.480
       154123.6  32.07   0.00  47.20  32.67  99.93 116362 2792.733   187  260.917 3053.651
       154133.6   0.00  47.63  72.71  32.68  99.93 116369 2792.861   187  260.917 3053.778
       154143.6  56.69   0.00  86.15  32.70  99.93 116376 2793.023   187  260.917 3053.940
       154153.6  68.52   0.00  33.30  32.72  99.93 116384 2793.212   187  260.917 3054.129
       154163.6   0.00  99.70  79.91  32.95  99.93 116391 2793.354   187  260.917 3054.271
       154173.6   0.00 100.00  44.93  32.98  99.93 116399 2793.507   187  260.917 3054.425
Timestamp         S0     S1     E      O      P     YGC     YGCT    FGC    FGCT     GCT   
       154183.6   0.00  70.73  25.91  33.24  99.93 116407 2793.694   187  260.917 3054.612
       154193.6  51.99   0.00  95.92  33.27  99.93 116414 2793.856   187  260.917 3054.773
       154203.6  84.29   0.00  42.94  33.30  99.93 116422 2794.064   187  260.917 3054.982
       154213.6  95.68   0.00  20.57  33.53  99.93 116430 2794.244   187  260.917 3055.162
       154223.6   0.00  56.85  41.22  33.58  99.93 116437 2794.382   187  260.917 3055.299
       154233.6   0.00 100.00  13.56  33.91  99.93 116445 2794.530   187  260.917 3055.447
       154243.6  56.28   0.00  90.94  33.93  99.93 116452 2794.668   187  260.917 3055.585
       154253.6  76.22   0.00  35.76  33.97  99.93 116460 2794.819   187  260.917 3055.736
       154263.6   0.00 100.00  71.27  34.67  99.93 116467 2795.003   187  260.917 3055.920
       154273.6   0.00 100.00  71.15  34.68  99.93 116475 2795.236   187  260.917 3056.153
Timestamp         S0     S1     E      O      P     YGC     YGCT    FGC    FGCT     GCT   
       154283.6   0.00 100.00  84.14  35.22  99.93 116483 2795.469   187  260.917 3056.387
       154293.6   0.00  37.76  39.99  35.25  99.93 116491 2795.617   187  260.917 3056.535
       154303.6   0.00  48.95  37.43  35.28  99.93 116499 2795.858   187  260.917 3056.775
       154313.6   0.00  63.92  13.77  35.31  99.93 116507 2796.025   187  260.917 3056.942
       154323.6 100.00   0.00  66.18  35.41  99.93 116514 2796.203   187  260.917 3057.121
       154333.6  64.52   0.00  43.80  36.40  99.93 116522 2796.467   187  260.917 3057.385
       154343.6  55.67   0.00  17.33  36.64  99.93 116530 2796.667   187  260.917 3057.584
       154353.6  23.78   0.00   1.76  37.03  99.93 116538 2796.841   187  260.917 3057.758
       154363.6   0.00  41.77  81.63  37.04  99.93 116545 2796.964   187  260.917 3057.881
       154373.6   0.00  43.49  41.54  37.07  99.93 116553 2797.124   187  260.917 3058.041
Timestamp         S0     S1     E      O      P     YGC     YGCT    FGC    FGCT     GCT   
       154383.6  47.97   0.00  68.57  37.08  99.93 116560 2797.270   187  260.917 3058.187
       154393.6  94.33   0.00  43.19  37.18  99.93 116568 2797.461   187  260.917 3058.378
       154403.6  45.00   0.00   7.60  37.20  99.93 116576 2797.643   187  260.917 3058.561
       154413.6   0.00  99.37  70.69  37.28  99.93 116583 2797.776   187  260.917 3058.693
       154423.6   0.00 100.00  46.69  37.32  99.93 116591 2797.951   187  260.917 3058.868
       154433.6   0.00  47.55  41.66  37.34  99.93 116599 2798.153   187  260.917 3059.070
       154443.6  59.57   0.00  88.09  37.38  99.93 116606 2798.327   187  260.917 3059.244
       154453.6  62.86   0.00  54.87  37.44  99.93 116614 2798.512   187  260.917 3059.430
       154463.7  51.86   0.00  27.45  37.47  99.93 116622 2798.685   187  260.917 3059.603
       154473.6   0.00  36.41  91.24  37.50  99.93 116629 2798.818   187  260.917 3059.735
Timestamp         S0     S1     E      O      P     YGC     YGCT    FGC    FGCT     GCT   
       154483.6   0.00  99.61  66.21  37.59  99.93 116637 2798.995   187  260.917 3059.912
       154493.6   0.00  56.25  46.33  37.65  99.93 116645 2799.192   187  260.917 3060.109
       154503.6   0.00 100.00   9.81  37.76  99.93 116653 2799.352   187  260.917 3060.269
       154513.6  61.54   0.00  53.32  37.86  99.93 116660 2799.625   187  260.917 3060.542
       154523.6  46.80   0.00  25.83  37.91  99.93 116668 2799.792   187  260.917 3060.709
       154533.7   0.00  62.81  98.98  37.92  99.93 116675 2799.947   187  260.917 3060.864
       154543.7   0.00 100.00  82.41  37.94  99.93 116683 2800.128   187  260.917 3061.045
       154553.6   0.00  48.16  75.42  37.97  99.93 116691 2800.316   187  260.917 3061.233
       154563.6   0.00  36.35  26.31  38.08  99.93 116699 2800.512   187  260.917 3061.430
       154573.6  48.45   0.00   7.34  38.17  99.93 116706 2800.697   187  260.917 3061.614
Timestamp         S0     S1     E      O      P     YGC     YGCT    FGC    FGCT     GCT   
       154583.6   0.00  51.78  76.58  38.20  99.93 116713 2800.852   187  260.917 3061.769
       154593.7   0.00  72.28  45.89  38.22  99.93 116721 2801.010   187  260.917 3061.927
       154603.6   0.00  84.50  33.14  38.28  99.93 116729 2801.201   187  260.917 3062.118
       154613.7  58.47   0.00  95.71  38.30  99.93 116736 2801.345   187  260.917 3062.263
       154623.7  90.83   0.00  60.16  38.41  99.93 116744 2801.513   187  260.917 3062.430
       154633.6  39.04   0.00  44.66  38.44  99.93 116752 2801.680   187  260.917 3062.598
       154643.7  51.55   0.00  14.67  38.52  99.93 116760 2801.859   187  260.917 3062.776
       154653.7  39.22   0.00  13.03  38.59  99.93 116768 2802.015   187  260.917 3062.933
       154663.7   0.00  64.12  69.19  38.62  99.93 116775 2802.219   187  260.917 3063.136
       154673.7   0.00 100.00  79.53  41.45  99.93 116783 2802.483   187  260.917 3063.400
Timestamp         S0     S1     E      O      P     YGC     YGCT    FGC    FGCT     GCT   
       154683.6   0.00  55.48  86.85  41.46  99.93 116791 2802.741   187  260.917 3063.658
       154693.6   0.00 100.00  65.34  42.96  99.93 116799 2803.123   187  260.917 3064.041
       154703.7  12.25   0.00  32.05  42.98  99.93 116808 2803.314   187  260.917 3064.231
       154713.7  60.78   0.00  50.56  42.99  99.93 116816 2803.504   187  260.917 3064.422
       154723.6  49.25   0.00  33.87  43.01  99.93 116824 2803.720   187  260.917 3064.638
       154733.7   0.00  35.39  50.66  43.08  99.93 116831 2803.859   187  260.917 3064.777
       154743.6   0.00  62.74   0.65  43.16  99.93 116839 2804.038   187  260.917 3064.956
       154753.6  54.02   0.00  60.57  43.18  99.93 116846 2804.177   187  260.917 3065.095
       154763.7  73.10   0.00  39.14  43.31  99.93 116854 2804.370   187  260.917 3065.287
       154773.7  73.27   0.00  10.73  43.33  99.93 116862 2804.562   187  260.917 3065.479
Timestamp         S0     S1     E      O      P     YGC     YGCT    FGC    FGCT     GCT   
       154783.7   0.00  99.65  80.13  43.41  99.93 116869 2804.722   187  260.917 3065.639
       154793.6   0.00  99.43  28.36  43.44  99.93 116877 2804.876   187  260.917 3065.793
       154803.6 100.00   0.00  45.91  45.83  99.93 116884 2805.050   187  260.917 3065.967
       154813.7  74.62   0.00  27.12  45.84  99.93 116892 2805.268   187  260.917 3066.185
       154823.6  22.35   0.00  41.31  46.79  99.93 116900 2805.519   187  260.917 3066.436
       154833.6  14.73   0.00  35.39  46.83  99.93 116908 2805.696   187  260.917 3066.613
       154843.7  46.64   0.00  13.66  46.86  99.93 116916 2805.844   187  260.917 3066.761
       154853.6   0.00  41.99  77.59  46.88  99.93 116923 2805.994   187  260.917 3066.911
       154863.6   0.00 100.00  35.28  47.00  99.93 116931 2806.215   187  260.917 3067.132
       154873.6   0.00  41.53  16.32  47.03  99.93 116939 2806.434   187  260.917 3067.351
Timestamp         S0     S1     E      O      P     YGC     YGCT    FGC    FGCT     GCT   
       154883.7  45.11   0.00  70.60  47.15  99.93 116946 2806.618   187  260.917 3067.535
       154893.6  29.33   0.00  12.93  47.21  99.93 116954 2806.823   187  260.917 3067.741
       154903.6   0.00  62.56  44.99  47.23  99.93 116961 2806.954   187  260.917 3067.871
       154913.7   0.00  41.18  10.35  47.25  99.93 116969 2807.143   187  260.917 3068.060
       154923.7  63.20   0.00  38.24  47.26  99.93 116976 2807.338   187  260.917 3068.255
       154933.7   0.00  99.51  76.33  47.28  99.93 116983 2807.527   187  260.917 3068.444
       154943.7   0.00  45.73  16.43  47.31  99.93 116991 2807.695   187  260.917 3068.612
       154953.6  32.26   0.00  80.74  47.32  99.93 116998 2807.860   187  260.917 3068.777
       154963.7  44.74   0.00  25.64  47.34  99.93 117006 2807.995   187  260.917 3068.912
       154973.7   0.00  99.33  57.25  47.37  99.93 117013 2808.124   187  260.917 3069.041
Timestamp         S0     S1     E      O      P     YGC     YGCT    FGC    FGCT     GCT   
       154983.7  70.25   0.00  72.50  47.38  99.93 117020 2808.241   187  260.917 3069.158
       154993.6  87.01   0.00  23.18  47.44  99.93 117028 2808.429   187  260.917 3069.347
       155003.7   0.00  52.63  79.40  47.47  99.93 117035 2808.605   187  260.917 3069.522
       155013.6   0.00  64.21  22.08  47.59  99.93 117043 2808.778   187  260.917 3069.695
       155023.7  40.88   0.00  90.07  47.60  99.93 117050 2808.932   187  260.917 3069.849
       155033.7   0.00 100.00  50.67  48.35  99.93 117057 2810.608   187  260.917 3071.525
       155043.7   0.00  99.56  35.73  49.04  99.93 117065 2810.809   187  260.917 3071.726
       155053.6   0.00  38.68  50.61  49.06  99.93 117073 2811.075   187  260.917 3071.992
       155063.7   0.00  66.10  37.70  49.07  99.93 117081 2811.251   187  260.917 3072.168
       155073.7   0.00  45.00  27.79  49.16  99.93 117089 2811.418   187  260.917 3072.335
Timestamp         S0     S1     E      O      P     YGC     YGCT    FGC    FGCT     GCT   
       155083.7   0.00  41.15   5.90  49.18  99.93 117097 2811.584   187  260.917 3072.502
       155093.7  95.27   0.00  88.32  49.19  99.93 117104 2811.745   187  260.917 3072.662
       155103.7  63.23   0.00  71.49  50.38  99.93 117112 2812.077   187  260.917 3072.995
       155113.7   0.00  46.07   0.00  50.88  99.93 117121 2812.388   187  260.917 3073.305
       155123.7   0.00  34.36  22.12  51.43  99.93 117129 2812.581   187  260.917 3073.498
       155133.7   0.00  49.23  42.34  51.47  99.93 117137 2812.790   187  260.917 3073.707
       155143.7   0.00  50.72  42.68  51.51  99.93 117145 2812.976   187  260.917 3073.893
       155153.7   0.00  36.68  39.33  51.54  99.93 117153 2813.166   187  260.917 3074.083
       155163.7   0.00  49.34  12.64  51.63  99.93 117161 2813.357   187  260.917 3074.274
       155173.6  56.13   0.00  59.22  51.65  99.93 117168 2813.505   187  260.917 3074.422
Timestamp         S0     S1     E      O      P     YGC     YGCT    FGC    FGCT     GCT   
       155183.7   0.00  34.81  98.81  51.67  99.93 117176 2813.765   187  260.917 3074.682
       155193.7   0.00  76.52  65.94  51.68  99.93 117183 2813.932   187  260.917 3074.849
       155203.7   0.00  67.65  44.97  51.73  99.93 117191 2814.129   187  260.917 3075.046
       155213.7   0.00  66.50  23.31  51.80  99.93 117199 2814.312   187  260.917 3075.230
       155223.7  66.23   0.00  49.66  51.87  99.93 117206 2814.461   187  260.917 3075.378
       155233.7  57.07   0.00  27.44  51.97  99.93 117214 2814.743   187  260.917 3075.660
       155243.7   0.00  73.70  89.44  51.99  99.93 117221 2814.890   187  260.917 3075.807
       155253.7   0.00 100.00  48.17  52.04  99.93 117229 2815.095   187  260.917 3076.012
       155263.7  57.19   0.00  81.73  52.06  99.93 117236 2815.231   187  260.917 3076.149
       155273.7  66.56   0.00  17.19  52.11  99.93 117244 2815.406   187  260.917 3076.323
Timestamp         S0     S1     E      O      P     YGC     YGCT    FGC    FGCT     GCT   
       155283.7   0.00  64.74  80.64  52.89  99.93 117251 2815.553   187  260.917 3076.470
       155293.7   0.00  76.40  52.79  53.02  99.93 117259 2815.747   187  260.917 3076.665
       155303.7   0.00  44.35   0.27  53.36  99.93 117267 2815.952   187  260.917 3076.869
       155313.7  35.02   0.00  70.97  53.48  99.93 117274 2816.144   187  260.917 3077.061
       155323.7  51.10   0.00  16.42  53.50  99.93 117282 2816.338   187  260.917 3077.255
       155333.7   0.00  38.02  33.90  53.54  99.93 117289 2816.498   187  260.917 3077.415
       155343.7 100.00   0.00  74.67  54.24  99.93 117296 2816.662   187  260.917 3077.579
       155353.7  58.13   0.00  31.48  54.60  99.93 117304 2816.869   187  260.917 3077.786
       155363.7   0.00  77.59  93.07  54.89  99.93 117311 2817.053   187  260.917 3077.970
       155373.7   0.00  21.88  80.15  55.29  99.93 117319 2817.259   187  260.917 3078.177
Timestamp         S0     S1     E      O      P     YGC     YGCT    FGC    FGCT     GCT   
       155383.7   0.00  53.06  77.15  55.32  99.93 117327 2817.417   187  260.917 3078.334
       155393.7   0.00  28.08  28.73  55.33  99.93 117335 2817.582   187  260.917 3078.499
       155403.7  62.70   0.00  46.60  55.36  99.93 117342 2817.717   187  260.917 3078.634
       155413.7  75.52   0.00   5.74  55.39  99.93 117350 2817.893   187  260.917 3078.810
       155423.7   0.00 100.00  84.58  55.53  99.93 117357 2818.090   187  260.917 3079.007
       155433.7   0.00  53.00  60.92  55.56  99.93 117365 2818.285   187  260.917 3079.203
       155443.7   0.00  76.70  36.52  55.68  99.93 117373 2818.449   187  260.917 3079.366
       155453.7   0.00 100.00  10.64  55.72  99.93 117381 2818.602   187  260.917 3079.520
       155463.7  51.62   0.00  37.38  55.73  99.93 117388 2818.776   187  260.917 3079.694
       155473.7   0.00  38.71  54.82  55.83  99.93 117395 2818.922   187  260.917 3079.839
Timestamp         S0     S1     E      O      P     YGC     YGCT    FGC    FGCT     GCT   
       155483.7   0.00 100.00  17.66  55.85  99.93 117403 2819.082   187  260.917 3079.999
       155493.7  72.63   0.00  76.26  55.86  99.93 117410 2819.238   187  260.917 3080.155
       155503.7  65.65   0.00  39.29  55.89  99.93 117418 2819.399   187  260.917 3080.316
       155513.7   0.00  45.57  93.41  55.91  99.93 117425 2819.547   187  260.917 3080.464
       155523.7   0.00  50.00   0.96  55.94  99.93 117433 2819.716   187  260.917 3080.634
       155533.7 100.00   0.00  88.48  57.51  99.93 117440 2819.872   187  260.917 3080.789
       155543.7  51.63   0.00  92.17  57.53  99.93 117448 2820.108   187  260.917 3081.025
       155553.7  41.45   0.00  78.76  58.31  99.93 117456 2820.302   187  260.917 3081.220
       155563.7  40.74   0.00  65.35  58.36  99.93 117464 2820.486   187  260.917 3081.403
       155573.7  59.25   0.00  75.52  58.39  99.93 117472 2820.727   187  260.917 3081.644
Timestamp         S0     S1     E      O      P     YGC     YGCT    FGC    FGCT     GCT   
       155583.7  40.79   0.00  13.30  58.43  99.93 117480 2820.904   187  260.917 3081.821
       155593.7  60.75   0.00   0.00  58.50  99.93 117488 2821.090   187  260.917 3082.007
       155603.7   0.00 100.00  78.59  58.51  99.93 117495 2821.277   187  260.917 3082.194
       155613.7   0.00  48.31  63.74  58.53  99.93 117503 2821.467   187  260.917 3082.384
       155623.7   0.00  37.63   8.36  58.65  99.93 117511 2821.629   187  260.917 3082.547
       155633.7  77.84   0.00  70.17  58.66  99.93 117518 2821.787   187  260.917 3082.704
       155643.7  75.78   0.00  50.21  58.68  99.93 117526 2821.981   187  260.917 3082.898
       155653.7  54.02   0.00   2.38  58.70  99.93 117534 2822.150   187  260.917 3083.067
       155663.7   0.00 100.00  13.24  58.71  99.93 117541 2822.290   187  260.917 3083.207
       155673.7  65.34   0.00  94.99  58.76  99.93 117548 2822.445   187  260.917 3083.362
Timestamp         S0     S1     E      O      P     YGC     YGCT    FGC    FGCT     GCT   
       155683.7  70.33   0.00  85.28  61.11  99.93 117556 2822.666   187  260.917 3083.584
       155693.7  72.35   0.00  87.16  61.13  99.93 117564 2822.896   187  260.917 3083.813
       155703.7  34.39   0.00  95.57  62.07  99.93 117572 2823.102   187  260.917 3084.019
       155713.7  30.67   0.00  84.94  62.08  99.93 117580 2823.314   187  260.917 3084.231
       155723.7  34.17   0.00  66.40  62.10  99.93 117588 2823.475   187  260.917 3084.392
       155733.7  35.42   0.00  32.37  62.12  99.93 117596 2823.663   187  260.917 3084.580
       155743.7  46.43   0.00  20.80  62.16  99.93 117604 2823.860   187  260.917 3084.778
       155753.7  91.58   0.00  14.88  62.18  99.93 117612 2824.057   187  260.917 3084.975
       155763.7   0.00  40.93  61.14  62.32  99.93 117619 2824.266   187  260.917 3085.183
       155773.7   0.00  62.29  32.42  62.34  99.93 117627 2824.415   187  260.917 3085.333
Timestamp         S0     S1     E      O      P     YGC     YGCT    FGC    FGCT     GCT   
       155783.7   0.00 100.00  27.45  64.50  99.93 117635 2824.679   187  260.917 3085.596
       155793.7   0.00  56.47  62.09  64.51  99.93 117643 2824.939   187  260.917 3085.856
       155803.7   0.00  99.14  80.86  65.99  99.93 117651 2825.164   187  260.917 3086.081
       155813.7  28.12   0.00  33.23  66.02  99.93 117660 2825.337   187  260.917 3086.255
       155823.7  47.14   0.00  37.04  66.03  99.93 117668 2825.577   187  260.917 3086.494
       155833.7   0.00  36.72  95.10  66.11  99.93 117675 2825.741   187  260.917 3086.659
       155843.7   0.00  74.57  88.02  66.12  99.93 117683 2825.914   187  260.917 3086.831
       155853.7   0.00  26.28  29.98  66.17  99.93 117691 2826.075   187  260.917 3086.992
       155863.7  44.71   0.00  84.25  66.19  99.93 117698 2826.243   187  260.917 3087.160
       155873.7  74.34   0.00  64.01  66.21  99.93 117706 2826.413   187  260.917 3087.330
Timestamp         S0     S1     E      O      P     YGC     YGCT    FGC    FGCT     GCT   
       155883.7  76.32   0.00  15.31  66.22  99.93 117714 2826.599   187  260.917 3087.516
       155893.7   0.00  53.65  57.68  66.26  99.93 117721 2826.738   187  260.917 3087.655
       155903.7  68.34   0.00  73.49  66.33  99.93 117728 2826.913   187  260.917 3087.831
       155913.7  58.81   0.00  18.35  66.36  99.93 117736 2827.073   187  260.917 3087.990
       155923.7   0.00  56.38  69.57  66.37  99.93 117743 2827.194   187  260.917 3088.111
       155933.7   0.00 100.00  24.85  67.47  99.93 117751 2827.414   187  260.917 3088.331
       155943.7  74.82   0.00  95.90  67.48  99.93 117758 2827.628   187  260.917 3088.546
       155953.7   0.00 100.00   0.00  68.27  99.93 117767 2827.828   187  260.917 3088.745
       155963.7  18.90   0.00  82.83  68.32  99.93 117774 2827.970   187  260.917 3088.887
       155973.7  37.65   0.00  81.47  68.33  99.93 117782 2828.195   187  260.917 3089.113
Timestamp         S0     S1     E      O      P     YGC     YGCT    FGC    FGCT     GCT   
       155983.7  48.28   0.00  79.10  68.35  99.93 117790 2828.382   187  260.917 3089.299
       155993.7  71.70   0.00  27.39  68.41  99.93 117798 2828.570   187  260.917 3089.487
       156003.7   0.00  24.52  44.04  68.54  99.93 117805 2828.838   187  260.917 3089.756
       156013.7  57.45   0.00  85.86  68.55  99.93 117812 2829.030   187  260.917 3089.947
       156023.7  44.28   0.00  51.19  68.58  99.93 117820 2829.196   187  260.917 3090.113
       156033.7  66.33   0.00   2.57  68.61  99.93 117828 2829.364   187  260.917 3090.281
       156043.7   0.00  46.36  32.37  68.63  99.93 117835 2829.504   187  260.917 3090.422
       156053.7  98.11   0.00  14.39  68.65  99.93 117842 2829.664   187  260.917 3090.581
       156063.7  57.53   0.00  30.85  72.30  99.93 117850 2829.983   187  260.917 3090.900
       156073.7  78.80   0.00  40.30  72.31  99.93 117858 2830.315   187  260.917 3091.232
Timestamp         S0     S1     E      O      P     YGC     YGCT    FGC    FGCT     GCT   
       156083.7  21.44   0.00  88.93  73.44  99.93 117866 2830.547   187  260.917 3091.464
       156093.7   0.00  23.86   1.56  73.46  99.93 117875 2830.836   187  260.917 3091.753
       156103.7  27.36   0.00  90.67  73.49  99.93 117882 2830.954   187  260.917 3091.872
       156113.7  45.85   0.00  72.57  73.53  99.93 117890 2831.118   187  260.917 3092.035
       156123.7   0.00  36.45  84.58  73.55  99.93 117897 2831.246   187  260.917 3092.163
       156133.7   0.00  38.99  17.23  73.57  99.93 117905 2831.399   187  260.917 3092.317
       156143.7  56.67   0.00  60.27  73.59  99.93 117912 2831.550   187  260.917 3092.467
       156153.7  95.80   0.00   3.32  73.84  99.93 117920 2831.750   187  260.917 3092.668
       156163.7   0.00  99.73  78.40  73.86  99.93 117927 2831.913   187  260.917 3092.830
       156173.7   0.00  73.95  24.90  74.14  99.93 117935 2832.134   187  260.917 3093.051
Timestamp         S0     S1     E      O      P     YGC     YGCT    FGC    FGCT     GCT   
       156183.7  76.03   0.00  93.49  74.22  99.93 117942 2832.375   187  260.917 3093.292
       156193.7   0.00  50.93   0.00  74.31  99.93 117951 2832.615   187  260.917 3093.532
       156203.7  41.76   0.00  81.49  74.47  99.93 117958 2832.774   187  260.917 3093.691
       156213.7  46.01   0.00  79.54  74.49  99.93 117966 2832.954   187  260.917 3093.871
       156223.7  55.24   0.00  45.99  74.52  99.93 117974 2833.130   187  260.917 3094.047
       156233.7 100.00   0.00  30.86  75.79  99.93 117982 2833.342   187  260.917 3094.259
       156243.7  69.19   0.00  26.70  75.93  99.93 117990 2833.585   187  260.917 3094.503
       156253.7   0.00  43.38  97.04  76.76  99.93 117997 2833.791   187  260.917 3094.709
       156263.7   0.00  14.16  40.16  76.93  99.93 118005 2833.970   187  260.917 3094.887
       156273.8  17.04   0.00  91.10  76.94  99.93 118012 2834.131   187  260.917 3095.048
Timestamp         S0     S1     E      O      P     YGC     YGCT    FGC    FGCT     GCT   
       156283.7  73.18   0.00  63.99  76.96  99.93 118020 2834.292   187  260.917 3095.209
       156293.7  60.82   0.00  59.86  76.98  99.93 118028 2834.519   187  260.917 3095.436
       156303.8  57.77   0.00  60.65  77.08  99.93 118036 2834.790   187  260.917 3095.708
       156313.7  29.73   0.00  12.81  77.19  99.93 118044 2834.968   187  260.917 3095.885
       156323.7   0.00  63.41  95.20  77.25  99.93 118051 2835.119   187  260.917 3096.036
       156333.7   0.00  55.42   0.00  77.27  99.93 118059 2835.290   187  260.917 3096.208
       156343.7  73.48   0.00  76.81  77.30  99.93 118066 2835.445   187  260.917 3096.362
       156353.7  44.16   0.00  42.36  77.32  99.93 118074 2835.633   187  260.917 3096.550
       156363.7   0.00  40.86  85.06  77.38  99.93 118081 2835.788   187  260.917 3096.705
       156373.8   0.00  60.96  36.07  77.40  99.93 118089 2835.984   187  260.917 3096.901
Timestamp         S0     S1     E      O      P     YGC     YGCT    FGC    FGCT     GCT   
       156383.7   0.00  99.73  41.12  77.49  99.93 118097 2836.181   187  260.917 3097.098
       156393.7   0.00  99.71  12.32  77.51  99.93 118105 2836.390   187  260.917 3097.308
       156403.8   0.00 100.00   3.97  77.64  99.93 118113 2836.564   187  260.917 3097.481
       156413.7 100.00   0.00  90.25  77.70  99.93 118120 2836.721   187  260.917 3097.638
       156423.7  80.52   0.00  70.17  77.76  99.93 118128 2836.944   187  260.917 3097.861
       156433.7  68.78   0.00  78.10  77.83  99.93 118136 2837.118   187  260.917 3098.035
       156443.8  34.89   0.00  62.48  77.95  99.93 118144 2837.295   187  260.917 3098.213
       156453.8  44.59   0.00  50.93  77.98  99.93 118152 2837.468   187  260.917 3098.385
       156463.7  35.24   0.00  24.69  78.03  99.93 118160 2837.672   187  260.917 3098.589
       156473.7   0.00 100.00  85.07  78.08  99.93 118167 2837.815   187  260.917 3098.733
Timestamp         S0     S1     E      O      P     YGC     YGCT    FGC    FGCT     GCT   
       156483.7   0.00  40.93   4.11  78.09  99.93 118175 2838.107   187  260.917 3099.025
       156493.7  74.44   0.00  66.51  78.10  99.93 118182 2838.238   187  260.917 3099.155
       156503.7  70.38   0.00  58.76  79.91  99.93 118190 2838.494   187  260.917 3099.411
       156513.8  50.19   0.00  78.94  80.15  99.93 118198 2838.756   187  260.917 3099.673
       156523.8  16.56   0.00  70.32  80.98  99.93 118206 2838.980   187  260.917 3099.897
       156533.8  49.71   0.00  89.88  80.99  99.93 118214 2839.155   187  260.917 3100.072
       156543.7  58.48   0.00  76.04  81.02  99.93 118222 2839.397   187  260.917 3100.314
       156553.7  44.58   0.00  45.88  81.09  99.93 118230 2839.654   187  260.917 3100.571
       156563.8  67.09   0.00   8.16  81.14  99.93 118238 2839.856   187  260.917 3100.773
       156573.7   0.00  43.16  46.46  81.16  99.93 118245 2839.996   187  260.917 3100.913
Timestamp         S0     S1     E      O      P     YGC     YGCT    FGC    FGCT     GCT   
       156583.8   0.00  69.25  10.92  81.17  99.93 118253 2840.202   187  260.917 3101.120
       156593.8  60.47   0.00  70.68  81.19  99.93 118260 2840.364   187  260.917 3101.281
       156603.8  69.06   0.00  13.95  81.21  99.93 118268 2840.536   187  260.917 3101.453
       156613.8   0.00  52.35  78.04  81.25  99.93 118275 2840.723   187  260.917 3101.640
       156623.8   0.00  63.42   8.18  81.29  99.93 118283 2840.863   187  260.917 3101.780
       156633.8  67.01   0.00  84.22  81.32  99.93 118290 2840.989   187  260.917 3101.906
       156643.8  41.07   0.00  11.34  81.34  99.93 118298 2841.137   187  260.917 3102.054
       156653.8   0.00  58.78  23.80  81.35  99.93 118305 2841.287   187  260.917 3102.204
       156663.7  56.40   0.00  30.13  81.36  99.93 118312 2841.438   187  260.917 3102.355
       156673.8   0.00  71.60  82.26  81.39  99.93 118319 2841.578   187  260.917 3102.495
Timestamp         S0     S1     E      O      P     YGC     YGCT    FGC    FGCT     GCT   
       156683.8   0.00 100.00  33.47  81.85  99.93 118327 2841.735   187  260.917 3102.652
       156693.8  62.14   0.00  96.54  82.74  99.93 118334 2841.930   187  260.917 3102.847
       156703.7  56.71   0.00  54.61  82.95  99.93 118342 2842.147   187  260.917 3103.065
       156713.8   0.00  20.49  96.77  83.45  99.93 118349 2842.336   187  260.917 3103.254
       156723.8   0.00  28.49  70.78  83.47  99.93 118357 2842.509   187  260.917 3103.427
       156733.8   0.00  34.69  35.97  83.50  99.93 118365 2842.722   187  260.917 3103.640
       156743.7  46.67   0.00  93.66  83.58  99.93 118372 2842.886   187  260.917 3103.803
       156753.8  74.56   0.00  77.45  83.59  99.93 118380 2843.069   187  260.917 3103.987
       156763.8  72.36   0.00  61.32  83.61  99.93 118388 2843.279   187  260.917 3104.196
       156773.8   0.00  99.74  63.28  12.77  99.93 118395 2843.457   188  262.285 3105.742
Timestamp         S0     S1     E      O      P     YGC     YGCT    FGC    FGCT     GCT   
       156783.8   0.00  49.21  32.24  12.77  99.93 118403 2843.669   188  262.285 3105.955
       156793.8   0.00  60.39  19.73  13.24  99.93 118411 2843.895   188  262.285 3106.180
       156803.8  24.32   0.00  76.80  13.28  99.93 118418 2844.026   188  262.285 3106.311
       156813.8  60.59   0.00  60.62  13.31  99.93 118426 2844.218   188  262.285 3106.503
       156823.8  40.70   0.00  59.64  13.36  99.93 118434 2844.385   188  262.285 3106.670
       156833.8  71.79   0.00  16.53  13.41  99.93 118442 2844.540   188  262.285 3106.826
       156843.8   0.00  99.80  78.21  15.49  99.93 118449 2844.739   188  262.285 3107.024
       156853.8   0.00  55.76  90.29  15.53  99.93 118457 2844.939   188  262.285 3107.224
       156863.8   0.00  30.23  67.91  16.19  99.93 118465 2845.126   188  262.285 3107.412
       156873.8   0.00  21.94  14.41  16.20  99.93 118473 2845.254   188  262.285 3107.539
Timestamp         S0     S1     E      O      P     YGC     YGCT    FGC    FGCT     GCT   
       156883.8   0.00  42.91   1.65  16.27  99.93 118481 2845.413   188  262.285 3107.699
       156893.8  46.58   0.00  94.79  16.28  99.93 118488 2845.568   188  262.285 3107.853
       156903.8  57.88   0.00  52.13  16.32  99.93 118496 2845.724   188  262.285 3108.010
       156913.8   0.00  57.71  87.35  16.33  99.93 118503 2845.838   188  262.285 3108.124
       156923.8   0.00  59.62  54.71  16.35  99.93 118511 2846.022   188  262.285 3108.307
       156933.8   0.00 100.00   7.94  16.37  99.93 118519 2846.198   188  262.285 3108.484
       156943.8  77.94   0.00  84.79  16.40  99.93 118526 2846.317   188  262.285 3108.602
       156953.8  90.13   0.00  94.24  17.72  99.93 118534 2846.502   188  262.285 3108.787
       156963.8  67.89   0.00  65.13  17.88  99.93 118542 2846.853   188  262.285 3109.138
       156973.8  19.13   0.00  49.48  18.38  99.93 118550 2847.006   188  262.285 3109.292
Timestamp         S0     S1     E      O      P     YGC     YGCT    FGC    FGCT     GCT   
       156983.8  29.56   0.00  34.89  18.42  99.93 118558 2847.167   188  262.285 3109.452
       156993.8  40.48   0.00   2.82  18.43  99.93 118566 2847.338   188  262.285 3109.623
       157003.8   0.00  48.90  62.73  18.45  99.93 118573 2847.464   188  262.285 3109.749
       157013.8   0.00  99.64  34.44  18.47  99.93 118581 2847.654   188  262.285 3109.940
       157023.8  64.59   0.00  90.87  18.51  99.93 118588 2847.806   188  262.285 3110.092
       157033.8  41.84   0.00  41.48  18.61  99.93 118596 2847.995   188  262.285 3110.281
       157043.8   0.00  37.22  66.26  18.69  99.93 118603 2848.153   188  262.285 3110.438
       157053.8   0.00  99.68   9.60  18.88  99.93 118611 2848.308   188  262.285 3110.594
       157063.8  67.38   0.00  75.29  18.89  99.93 118618 2848.447   188  262.285 3110.733
       157073.8  23.12   0.00  29.79  19.22  99.93 118626 2848.675   188  262.285 3110.960
Timestamp         S0     S1     E      O      P     YGC     YGCT    FGC    FGCT     GCT   
       157083.8   0.00  49.57  63.83  19.23  99.93 118633 2848.828   188  262.285 3111.113
       157093.8  42.41   0.00 100.00  19.25  99.93 118640 2848.986   188  262.285 3111.271
       157103.8  73.12   0.00  56.88  19.26  99.93 118648 2849.152   188  262.285 3111.437
       157113.8   0.00 100.00  97.68  19.28  99.93 118655 2849.279   188  262.285 3111.565
       157123.8   0.00  64.08  29.35  19.37  99.93 118663 2849.445   188  262.285 3111.730
       157133.8  61.25   0.00  87.21  19.41  99.93 118670 2849.576   188  262.285 3111.862
       157143.8  53.94   0.00  26.27  19.44  99.93 118678 2849.927   188  262.285 3112.213
       157153.8   0.00  99.33  53.49  19.46  99.93 118685 2850.043   188  262.285 3112.328
       157163.8  49.66   0.00  96.84  19.48  99.93 118692 2850.172   188  262.285 3112.457
       157173.8  71.73   0.00  43.32  20.09  99.93 118700 2850.328   188  262.285 3112.613
Timestamp         S0     S1     E      O      P     YGC     YGCT    FGC    FGCT     GCT   
       157183.8  44.28   0.00  28.20  20.27  99.93 118708 2850.512   188  262.285 3112.797
       157193.8  70.39   0.00  22.47  20.44  99.93 118716 2850.714   188  262.285 3112.999
       157203.8   0.00  79.26  84.89  20.46  99.93 118723 2850.890   188  262.285 3113.175
       157213.8   0.00  83.16  95.55  20.61  99.93 118731 2851.063   188  262.285 3113.348
       157223.8   0.00  37.31  37.19  20.63  99.93 118739 2851.216   188  262.285 3113.502
       157233.8  55.92   0.00  72.98  20.65  99.93 118746 2851.333   188  262.285 3113.618
       157243.8  52.68   0.00  24.65  20.70  99.93 118754 2851.543   188  262.285 3113.828
       157253.8   0.00 100.00  77.99  20.71  99.93 118761 2851.706   188  262.285 3113.992
       157263.8   0.00  62.35  13.81  20.76  99.93 118769 2851.869   188  262.285 3114.155
       157273.8  71.35   0.00  69.92  20.83  99.93 118776 2852.025   188  262.285 3114.311
Timestamp         S0     S1     E      O      P     YGC     YGCT    FGC    FGCT     GCT   
       157283.8  57.27   0.00  18.72  20.88  99.93 118784 2852.162   188  262.285 3114.447
       157293.8   0.00  33.14  86.19  20.92  99.93 118791 2852.280   188  262.285 3114.565
       157303.8  41.52   0.00  92.80  20.94  99.93 118798 2852.400   188  262.285 3114.685
       157313.8  74.15   0.00  49.29  20.96  99.93 118806 2852.569   188  262.285 3114.854
       157323.8  69.33   0.00  16.08  20.97  99.93 118814 2852.717   188  262.285 3115.002
       157333.8   0.00  99.48  20.73  20.99  99.93 118821 2852.860   188  262.285 3115.145
       157343.8  54.97   0.00  57.91  21.53  99.93 118828 2853.010   188  262.285 3115.295
       157353.8  89.65   0.00  18.28  21.59  99.93 118836 2853.176   188  262.285 3115.461
       157363.8  73.61   0.00   6.95  21.86  99.93 118844 2853.331   188  262.285 3115.616
       157373.8   0.00  62.57  54.61  21.89  99.93 118851 2853.537   188  262.285 3115.823
Timestamp         S0     S1     E      O      P     YGC     YGCT    FGC    FGCT     GCT   
       157383.8   0.00 100.00  26.30  24.28  99.93 118859 2853.792   188  262.285 3116.077
       157393.8   0.00  99.82  33.65  24.29  99.93 118867 2854.025   188  262.285 3116.310
       157403.8   0.00  39.57  58.75  25.35  99.93 118875 2854.220   188  262.285 3116.506
       157413.8   0.00  32.31  68.13  25.36  99.93 118883 2854.445   188  262.285 3116.730
       157423.8   0.00  41.74  83.62  25.53  99.93 118891 2854.647   188  262.285 3116.933
       157433.8   0.00  26.99  94.72  25.63  99.93 118899 2854.831   188  262.285 3117.116
       157443.8   0.00  31.48  54.78  25.65  99.93 118907 2854.982   188  262.285 3117.267
       157453.8   0.00  94.32  50.98  25.67  99.93 118915 2855.157   188  262.285 3117.442
       157463.8   0.00  43.62  21.09  25.69  99.93 118923 2855.362   188  262.285 3117.648
       157473.8   0.00  53.70   5.49  25.78  99.93 118931 2855.615   188  262.285 3117.900
Timestamp         S0     S1     E      O      P     YGC     YGCT    FGC    FGCT     GCT   
       157483.9  67.56   0.00  81.75  25.80  99.93 118938 2855.768   188  262.285 3118.054
       157493.8  53.66   0.00  70.92  25.81  99.93 118946 2855.928   188  262.285 3118.213
       157503.9  52.49   0.00  40.17  25.82  99.93 118954 2856.114   188  262.285 3118.399
       157513.9  69.35   0.00  12.87  25.84  99.93 118962 2856.275   188  262.285 3118.560
       157523.9   0.00  62.82  70.15  25.89  99.93 118969 2856.466   188  262.285 3118.752
       157533.9   0.00  65.08  63.14  25.90  99.93 118977 2856.646   188  262.285 3118.931
       157543.8   0.00  54.67   1.98  25.93  99.93 118985 2856.822   188  262.285 3119.107
       157553.8  56.25   0.00  54.13  25.98  99.93 118992 2857.012   188  262.285 3119.297
       157563.8   0.00  69.71  93.75  26.01  99.93 118999 2857.159   188  262.285 3119.444
       157573.8   0.00  99.69  71.94  26.08  99.93 119007 2857.389   188  262.285 3119.675
Timestamp         S0     S1     E      O      P     YGC     YGCT    FGC    FGCT     GCT   
       157583.9   0.00  37.78  42.93  26.22  99.93 119015 2857.609   188  262.285 3119.894
       157593.9  32.32   0.00  92.74  26.27  99.93 119022 2857.755   188  262.285 3120.040
       157603.9  67.47   0.00  49.12  26.31  99.93 119030 2857.898   188  262.285 3120.183
       157613.8  81.61   0.00   1.86  26.37  99.93 119038 2858.043   188  262.285 3120.328
       157623.9   0.00  44.36  16.29  26.42  99.93 119045 2858.170   188  262.285 3120.455
       157633.9   0.00  47.12   4.49  26.56  99.93 119053 2858.364   188  262.285 3120.649
       157643.8  81.19   0.00  93.75  26.58  99.93 119060 2858.518   188  262.285 3120.803
       157653.9  53.36   0.00  78.21  26.64  99.93 119068 2858.774   188  262.285 3121.059
       157663.8  65.04   0.00  78.28  26.69  99.93 119076 2858.962   188  262.285 3121.247
       157673.8  56.64   0.00  66.89  26.80  99.93 119084 2859.134   188  262.285 3121.419
Timestamp         S0     S1     E      O      P     YGC     YGCT    FGC    FGCT     GCT   
       157683.9 100.00   0.00  37.75  26.82  99.93 119092 2859.307   188  262.285 3121.593
       157693.8  48.19   0.00  23.41  26.87  99.93 119100 2859.528   188  262.285 3121.813
       157703.8  42.95   0.00   7.50  26.88  99.93 119108 2859.684   188  262.285 3121.969
       157713.8   0.00  55.94  95.51  26.92  99.93 119115 2859.806   188  262.285 3122.092
       157723.9   0.00  62.06  44.97  26.96  99.93 119123 2859.946   188  262.285 3122.232
       157733.8  73.79   0.00  61.68  27.00  99.93 119130 2860.069   188  262.285 3122.354
       157743.9   0.00  99.53  72.82  27.02  99.93 119137 2860.196   188  262.285 3122.481
       157753.8   0.00  99.60   6.95  27.04  99.93 119145 2860.365   188  262.285 3122.650
       157763.9  66.03   0.00  75.15  27.07  99.93 119152 2860.501   188  262.285 3122.786
       157773.8  63.95   0.00   0.00  27.09  99.93 119160 2860.651   188  262.285 3122.936
Timestamp         S0     S1     E      O      P     YGC     YGCT    FGC    FGCT     GCT   
       157783.8   0.00  46.58  60.79  27.17  99.93 119167 2860.795   188  262.285 3123.081
       157793.8   0.00 100.00  12.00  27.20  99.93 119175 2860.959   188  262.285 3123.244
       157803.9  69.94   0.00  86.06  27.24  99.93 119182 2861.077   188  262.285 3123.363
       157813.9  59.32   0.00  25.21  27.28  99.93 119190 2861.216   188  262.285 3123.501
       157823.9   0.00  73.25  78.68  27.31  99.93 119197 2861.373   188  262.285 3123.658
       157833.9   0.00  99.61  52.21  27.36  99.93 119205 2861.540   188  262.285 3123.825
       157843.9   0.00  47.32  31.76  27.42  99.93 119213 2861.692   188  262.285 3123.977
       157853.9  39.88   0.00  41.92  27.45  99.93 119220 2861.910   188  262.285 3124.195
       157863.9   0.00  99.77  94.76  27.79  99.93 119227 2862.102   188  262.285 3124.387
       157873.9   0.00  73.34  77.72  27.82  99.93 119235 2862.330   188  262.285 3124.615
Timestamp         S0     S1     E      O      P     YGC     YGCT    FGC    FGCT     GCT   
       157883.9   0.00 100.00  31.71  28.22  99.93 119243 2862.511   188  262.285 3124.796
       157893.9   0.00 100.00  25.51  28.23  99.93 119251 2862.705   188  262.285 3124.991
       157903.9  46.31   0.00  97.38  28.26  99.93 119258 2862.841   188  262.285 3125.126
       157913.9  29.78   0.00  21.00  28.29  99.93 119266 2863.025   188  262.285 3125.310
       157923.9   0.00  63.85  93.43  28.32  99.93 119273 2863.164   188  262.285 3125.449
       157933.9   0.00  99.52  55.45  28.33  99.93 119281 2863.413   188  262.285 3125.698
       157943.9   0.00  38.78  20.14  28.40  99.93 119289 2863.582   188  262.285 3125.868
       157953.9   0.00  49.48   0.00  28.43  99.93 119297 2863.722   188  262.285 3126.007
       157963.9  57.27   0.00  51.92  28.46  99.93 119304 2863.866   188  262.285 3126.151
       157973.9  51.76   0.00   2.72  28.47  99.93 119312 2864.041   188  262.285 3126.326
Timestamp         S0     S1     E      O      P     YGC     YGCT    FGC    FGCT     GCT   
       157983.9   0.00 100.00  53.52  28.51  99.93 119319 2864.163   188  262.285 3126.449
       157993.9   0.00  64.15  26.59  28.54  99.93 119327 2864.327   188  262.285 3126.612
       158003.9   0.00  53.95   9.47  28.56  99.93 119335 2864.472   188  262.285 3126.757
       158013.9   0.00  99.83   2.83  30.90  99.93 119343 2864.700   188  262.285 3126.985
       158023.9   0.00 100.00  21.86  30.91  99.93 119351 2864.993   188  262.285 3127.279
       158033.9   0.00  99.68  23.49  31.91  99.93 119359 2865.224   188  262.285 3127.510
       158043.9   0.00  21.79  27.65  31.96  99.93 119367 2865.389   188  262.285 3127.674
       158053.9   0.00  22.38  14.05  31.99  99.93 119375 2865.552   188  262.285 3127.837
       158063.9  48.16   0.00  87.90  32.01  99.93 119382 2865.711   188  262.285 3127.996
       158073.9  46.39   0.00  63.42  32.04  99.93 119390 2865.855   188  262.285 3128.141
Timestamp         S0     S1     E      O      P     YGC     YGCT    FGC    FGCT     GCT   
       158083.9  66.15   0.00  15.25  32.07  99.93 119398 2866.011   188  262.285 3128.296
       158093.9   0.00  40.70  58.11  32.08  99.93 119405 2866.175   188  262.285 3128.460
       158103.9   0.00  63.48  22.94  32.10  99.93 119413 2866.375   188  262.285 3128.661
       158113.9  45.41   0.00  98.45  32.12  99.93 119421 2866.539   188  262.285 3128.825
       158123.9  76.79   0.00  92.80  32.19  99.93 119428 2866.744   188  262.285 3129.029
       158133.9  78.72   0.00  56.36  32.24  99.93 119436 2866.900   188  262.285 3129.185
       158143.9  42.31   0.00  43.10  32.30  99.93 119444 2867.062   188  262.285 3129.348
       158153.9  69.52   0.00   4.52  32.34  99.93 119452 2867.228   188  262.285 3129.514
       158163.9   0.00  45.72  65.88  32.43  99.93 119459 2867.411   188  262.285 3129.696
       158173.9   0.00  55.10   3.52  32.46  99.93 119467 2867.573   188  262.285 3129.858
Timestamp         S0     S1     E      O      P     YGC     YGCT    FGC    FGCT     GCT   
       158183.9  69.14   0.00  69.26  32.48  99.93 119474 2867.694   188  262.285 3129.979
       158193.9  75.36   0.00  12.75  32.50  99.93 119482 2867.842   188  262.285 3130.128
       158203.9   0.00  99.61  74.57  32.52  99.93 119489 2867.995   188  262.285 3130.281
       158213.9   0.00  99.83  83.80  35.30  99.93 119497 2868.242   188  262.285 3130.528
       158223.9   0.00  99.82  74.81  35.34  99.93 119505 2868.472   188  262.285 3130.757
       158233.9   0.00 100.00  73.30  36.27  99.93 119513 2868.664   188  262.285 3130.949
       158244.0   0.00  29.19  58.47  36.28  99.93 119521 2868.810   188  262.285 3131.095
       158253.9   0.00  42.37  26.64  36.33  99.93 119529 2869.000   188  262.285 3131.286
       158263.9   0.00  82.42  30.34  36.35  99.93 119537 2869.247   188  262.285 3131.532
       158273.9   0.00  56.54   7.68  36.49  99.93 119545 2869.438   188  262.285 3131.723
Timestamp         S0     S1     E      O      P     YGC     YGCT    FGC    FGCT     GCT   
       158283.9  70.85   0.00  91.27  36.53  99.93 119552 2869.604   188  262.285 3131.889
       158294.0  70.90   0.00  52.59  36.68  99.93 119560 2869.780   188  262.285 3132.065
       158303.9  53.32   0.00  14.60  36.69  99.93 119568 2869.928   188  262.285 3132.213
       158313.9   0.00  45.48  30.07  36.70  99.93 119575 2870.060   188  262.285 3132.345
       158324.0  43.59   0.00  87.62  36.81  99.93 119582 2870.262   188  262.285 3132.548
       158333.9  73.53   0.00  38.19  36.82  99.93 119590 2870.443   188  262.285 3132.728
       158343.9   0.00  61.65  89.01  38.48  99.93 119597 2870.700   188  262.285 3132.986
       158353.9   0.00  67.90  50.97  38.49  99.93 119605 2870.898   188  262.285 3133.183
       158363.9   0.00  21.45  23.74  39.18  99.93 119613 2871.054   188  262.285 3133.339
       158373.9   0.00  50.00   0.00  39.25  99.93 119621 2871.225   188  262.285 3133.510
Timestamp         S0     S1     E      O      P     YGC     YGCT    FGC    FGCT     GCT   
       158383.9  51.89   0.00  89.24  39.27  99.93 119628 2871.417   188  262.285 3133.702
       158393.9  68.69   0.00  62.16  39.28  99.93 119636 2871.564   188  262.285 3133.849
       158403.9   0.00  56.10  68.31  39.45  99.93 119643 2871.715   188  262.285 3134.000
       158413.9   0.00  56.76  55.63  39.47  99.93 119651 2871.887   188  262.285 3134.172
       158423.9   0.00 100.00  33.61  40.15  99.93 119659 2872.135   188  262.285 3134.420
       158433.9   0.00  99.78  27.41  40.31  99.93 119667 2872.363   188  262.285 3134.648
       158443.9   0.00  31.32  32.06  41.05  99.93 119675 2872.628   188  262.285 3134.914
       158454.0   0.00  35.99  28.45  41.12  99.93 119683 2872.798   188  262.285 3135.083
       158463.9   0.00  99.80   6.22  41.15  99.93 119691 2873.053   188  262.285 3135.338
       158473.9  64.01   0.00  97.89  41.17  99.93 119699 2873.283   188  262.285 3135.569
Timestamp         S0     S1     E      O      P     YGC     YGCT    FGC    FGCT     GCT   
       158484.0  22.08   0.00  52.54  41.46  99.93 119706 2873.444   188  262.285 3135.729
       158494.0  62.17   0.00  58.54  41.49  99.93 119714 2873.621   188  262.285 3135.906
       158503.9  56.22   0.00  33.09  41.52  99.93 119722 2873.814   188  262.285 3136.099
       158514.0  63.38   0.00   1.33  41.57  99.93 119730 2873.970   188  262.285 3136.255
       158524.0   0.00 100.00  71.42  41.68  99.93 119737 2874.139   188  262.285 3136.425
       158533.9   0.00  45.08  45.93  41.70  99.93 119745 2874.338   188  262.285 3136.624
       158543.9  44.77   0.00  84.30  41.74  99.93 119752 2874.475   188  262.285 3136.760
       158553.9  55.85   0.00  58.83  41.77  99.93 119760 2874.650   188  262.285 3136.936
       158564.0  69.59   0.00  22.34  41.80  99.93 119768 2874.870   188  262.285 3137.155
       158574.0  93.47   0.00  11.23  41.83  99.93 119776 2875.092   188  262.285 3137.378
Timestamp         S0     S1     E      O      P     YGC     YGCT    FGC    FGCT     GCT   
       158584.0   0.00 100.00  86.25  44.44  99.93 119783 2875.389   188  262.285 3137.674
       158594.0   0.00  68.21  98.37  44.47  99.93 119791 2875.639   188  262.285 3137.924
       158604.0  15.46   0.00  29.66  45.66  99.93 119800 2875.844   188  262.285 3138.129
       158614.0   0.00  17.27  99.85  45.68  99.93 119808 2875.972   188  262.285 3138.258
       158623.9   0.00  45.41  75.16  45.70  99.93 119815 2876.151   188  262.285 3138.436
       158634.0   0.00  34.53  51.36  45.73  99.93 119823 2876.330   188  262.285 3138.615
       158644.0   0.00  99.68  20.61  45.75  99.93 119831 2876.523   188  262.285 3138.808
       158653.9  52.36   0.00  92.22  45.80  99.93 119838 2876.680   188  262.285 3138.966
       158664.0  56.73   0.00  63.76  45.88  99.93 119846 2876.846   188  262.285 3139.131
       158674.0  34.92   0.00  37.10  45.90  99.93 119854 2877.046   188  262.285 3139.331
Timestamp         S0     S1     E      O      P     YGC     YGCT    FGC    FGCT     GCT   
       158684.0   0.00  42.29  91.19  45.92  99.93 119861 2877.199   188  262.285 3139.484
       158694.0   0.00  68.95  57.51  45.97  99.93 119869 2877.395   188  262.285 3139.680
       158704.0  75.13   0.00  72.41  45.99  99.93 119876 2877.556   188  262.285 3139.841
       158714.0  86.61   0.00  18.63  46.07  99.93 119884 2877.770   188  262.285 3140.055
       158724.0   0.00  73.55  76.24  46.09  99.93 119891 2877.923   188  262.285 3140.209
       158733.9   0.00 100.00  44.43  46.12  99.93 119899 2878.081   188  262.285 3140.366
       158744.0   0.00  80.16  25.80  46.19  99.93 119907 2878.337   188  262.285 3140.622
       158754.0   0.00  46.89  18.98  46.20  99.93 119915 2878.526   188  262.285 3140.812
       158764.0  79.37   0.00  33.93  46.35  99.93 119922 2878.788   188  262.285 3141.074
       158774.0 100.00   0.00   7.22  46.41  99.93 119930 2878.967   188  262.285 3141.252
Timestamp         S0     S1     E      O      P     YGC     YGCT    FGC    FGCT     GCT   
       158784.1   0.00  33.47  97.83  46.68  99.93 119937 2879.117   188  262.285 3141.403
       158794.0   0.00  27.36  13.32  46.70  99.93 119945 2879.277   188  262.285 3141.562
       158804.1  41.72   0.00  67.20  46.72  99.93 119952 2879.429   188  262.285 3141.714
       158814.1  50.00   0.00  16.22  46.76  99.93 119960 2879.590   188  262.285 3141.875
       158824.1   0.00  54.48  77.77  46.81  99.93 119967 2879.748   188  262.285 3142.033
       158834.1   0.00  46.25  23.84  46.89  99.93 119975 2879.897   188  262.285 3142.182
       158844.1  63.41   0.00  65.62  46.90  99.93 119982 2880.029   188  262.285 3142.314
       158854.1   0.00  48.26  91.57  46.92  99.93 119989 2880.213   188  262.285 3142.499
       158864.1   0.00 100.00  74.46  48.23  99.93 119997 2880.404   188  262.285 3142.689
       158874.1  68.63   0.00  16.13  48.82  99.93 120006 2880.758   188  262.285 3143.043
Timestamp         S0     S1     E      O      P     YGC     YGCT    FGC    FGCT     GCT   
       158884.1  16.51   0.00  78.32  49.93  99.93 120014 2881.077   188  262.285 3143.362
       158894.1   0.00  16.89  22.36  50.01  99.93 120023 2881.280   188  262.285 3143.565
       158904.1  30.76   0.00  97.48  50.06  99.93 120030 2881.385   188  262.285 3143.670
       158914.1   0.00  47.24  18.96  50.09  99.93 120039 2881.620   188  262.285 3143.905
       158924.1   0.00  40.62   5.52  50.13  99.93 120047 2881.780   188  262.285 3144.066
       158934.1  60.53   0.00  68.42  50.14  99.93 120054 2881.918   188  262.285 3144.203
       158944.1  57.08   0.00  22.37  50.19  99.93 120062 2882.125   188  262.285 3144.410
       158954.1  86.84   0.00   8.43  50.21  99.93 120070 2882.313   188  262.285 3144.598
       158964.1   0.00 100.00  58.79  50.30  99.93 120077 2882.449   188  262.285 3144.734
       158974.1   0.00  64.83  24.81  50.32  99.93 120085 2882.598   188  262.285 3144.883
Timestamp         S0     S1     E      O      P     YGC     YGCT    FGC    FGCT     GCT   
       158984.1  50.00   0.00  74.57  50.34  99.93 120092 2882.738   188  262.285 3145.023
       158994.1   0.00  88.21  82.77  50.36  99.93 120099 2882.904   188  262.285 3145.189
       159004.1   0.00  45.00  18.00  50.39  99.93 120107 2883.053   188  262.285 3145.338
       159014.1  50.93   0.00  71.88  50.40  99.93 120114 2883.205   188  262.285 3145.491
       159024.1  44.24   0.00   5.60  50.47  99.93 120122 2883.385   188  262.285 3145.670
       159034.1   0.00 100.00  68.17  50.52  99.93 120129 2883.543   188  262.285 3145.828
       159044.1   0.00  56.76   9.46  50.55  99.93 120137 2883.681   188  262.285 3145.966
       159054.1   0.00  63.00   2.65  50.58  99.93 120145 2883.889   188  262.285 3146.175
       159064.1  61.45   0.00  58.42  50.60  99.93 120152 2884.058   188  262.285 3146.343
       159074.1  70.74   0.00  30.47  50.68  99.93 120160 2884.227   188  262.285 3146.512
Timestamp         S0     S1     E      O      P     YGC     YGCT    FGC    FGCT     GCT   
       159084.1  67.98   0.00  22.69  50.70  99.93 120168 2884.412   188  262.285 3146.698
       159094.1   0.00  32.43  50.09  50.74  99.93 120175 2884.532   188  262.285 3146.817
       159104.2   0.00  81.32  17.86  50.87  99.93 120183 2884.750   188  262.285 3147.035
       159114.2  47.27   0.00  54.85  50.89  99.93 120190 2884.886   188  262.285 3147.171
       159124.2  74.50   0.00  18.01  50.97  99.93 120198 2885.056   188  262.285 3147.341
       159134.2  37.50   0.00   7.66  51.05  99.93 120206 2885.223   188  262.285 3147.508
       159144.1   0.00 100.00  52.36  51.08  99.93 120213 2885.382   188  262.285 3147.667
       159154.1   0.00  65.81  44.12  51.20  99.93 120221 2885.541   188  262.285 3147.826
       159164.1   0.00  67.55  14.79  51.23  99.93 120229 2885.695   188  262.285 3147.981
       159174.1  62.27   0.00  71.16  51.31  99.93 120236 2885.835   188  262.285 3148.120
Timestamp         S0     S1     E      O      P     YGC     YGCT    FGC    FGCT     GCT   
       159184.2  40.80   0.00  54.96  51.32  99.93 120244 2886.005   188  262.285 3148.290
       159194.2  71.91   0.00  10.41  51.34  99.93 120252 2886.212   188  262.285 3148.497
       159204.1   0.00  49.44  51.38  51.42  99.93 120259 2886.343   188  262.285 3148.628
       159214.1  38.72   0.00  79.55  51.45  99.93 120266 2886.451   188  262.285 3148.736
       159224.2  56.76   0.00  19.59  51.47  99.93 120274 2886.602   188  262.285 3148.887
       159234.2   0.00  88.06  69.68  51.49  99.93 120281 2886.761   188  262.285 3149.047
       159244.1   0.00  99.85   1.56  53.41  99.93 120289 2887.003   188  262.285 3149.289
       159254.2  67.57   0.00  69.45  53.43  99.93 120296 2887.242   188  262.285 3149.528
       159264.2  22.13   0.00  59.63  54.41  99.93 120304 2887.431   188  262.285 3149.717
       159274.2  30.92   0.00  25.63  54.42  99.93 120312 2887.592   188  262.285 3149.877
Timestamp         S0     S1     E      O      P     YGC     YGCT    FGC    FGCT     GCT   
       159284.1   0.00  20.68  63.39  54.44  99.93 120319 2887.730   188  262.285 3150.015
       159294.2   0.00  65.22  35.10  54.46  99.93 120327 2887.889   188  262.285 3150.174
       159304.3  68.68   0.00  43.15  54.49  99.93 120334 2888.016   188  262.285 3150.301
       159314.3 100.00   0.00  38.86  56.62  99.93 120342 2888.309   188  262.285 3150.594
       159324.3   0.00  14.40  20.50  60.22  99.93 120351 2888.718   188  262.285 3151.003
       159334.3  14.99   0.00   6.61  60.34  99.93 120360 2888.982   188  262.285 3151.268
       159344.3  31.76   0.00  28.21  60.34  99.93 120368 2889.166   188  262.285 3151.451
       159354.3  23.03   0.00  10.81  60.40  99.93 120376 2889.327   188  262.285 3151.612
       159364.3   0.00  45.16  54.38  60.43  99.93 120383 2889.476   188  262.285 3151.762
       159374.3  54.19   0.00  84.94  60.45  99.93 120390 2889.655   188  262.285 3151.940
Timestamp         S0     S1     E      O      P     YGC     YGCT    FGC    FGCT     GCT   
       159384.3  45.96   0.00  27.51  60.46  99.93 120398 2889.854   188  262.285 3152.139
       159394.3  65.00   0.00   4.95  60.53  99.93 120406 2890.017   188  262.285 3152.302
       159404.3   0.00  52.09  97.46  60.61  99.93 120414 2890.179   188  262.285 3152.464
       159414.2   0.00  78.79  53.83  60.63  99.93 120421 2890.352   188  262.285 3152.638
       159424.3   0.00 100.00  13.25  60.70  99.93 120429 2890.542   188  262.285 3152.827
       159434.3  62.81   0.00  74.73  60.73  99.93 120436 2890.669   188  262.285 3152.954
       159444.3  57.01   0.00  35.79  60.80  99.93 120444 2890.916   188  262.285 3153.202
       159454.3   0.00  60.86  82.44  60.82  99.93 120451 2891.068   188  262.285 3153.354
       159464.3   0.00  75.00  31.58  60.92  99.93 120459 2891.263   188  262.285 3153.548
       159474.3  75.16   0.00  89.83  60.93  99.93 120466 2891.412   188  262.285 3153.697
Timestamp         S0     S1     E      O      P     YGC     YGCT    FGC    FGCT     GCT   
       159484.3 100.00   0.00  64.91  63.20  99.93 120474 2891.659   188  262.285 3153.944
       159494.3  22.89   0.00  93.27  64.36  99.93 120482 2892.064   188  262.285 3154.350
       159504.3   0.00  20.24  56.21  64.70  99.93 120491 2892.264   188  262.285 3154.549
       159514.3   0.00  16.03  43.74  64.83  99.93 120499 2892.487   188  262.285 3154.773
       159524.3   0.00  40.34  58.11  64.85  99.93 120507 2892.630   188  262.285 3154.916
       159534.3   0.00  54.84  36.17  64.87  99.93 120515 2892.890   188  262.285 3155.175
       159544.3  47.38   0.00  79.76  64.91  99.93 120522 2893.046   188  262.285 3155.331
       159554.3  39.00   0.00  53.79  64.93  99.93 120530 2893.239   188  262.285 3155.525
       159564.3  73.33   0.00  54.97  65.02  99.93 120538 2893.430   188  262.285 3155.715
       159574.3  66.67   0.00  52.26  65.06  99.93 120546 2893.610   188  262.285 3155.895
Timestamp         S0     S1     E      O      P     YGC     YGCT    FGC    FGCT     GCT   
       159584.3   0.00  99.57  82.83  65.13  99.93 120553 2893.786   188  262.285 3156.071
       159594.3   0.00  42.75  25.00  65.18  99.93 120561 2893.972   188  262.285 3156.257
       159604.3  93.92   0.00  71.90  65.20  99.93 120568 2894.134   188  262.285 3156.419
       159614.3  72.03   0.00  39.37  65.21  99.93 120576 2894.321   188  262.285 3156.607
       159624.3  40.26   0.00  18.90  65.28  99.93 120584 2894.463   188  262.285 3156.748
       159634.3   0.00  99.46  82.80  65.36  99.93 120591 2894.659   188  262.285 3156.944
       159644.3   0.00  58.29  35.88  65.39  99.93 120599 2894.815   188  262.285 3157.100
       159654.3   0.00 100.00   5.48  65.44  99.93 120607 2894.985   188  262.285 3157.270
       159664.3  80.48   0.00  60.87  66.42  99.93 120614 2895.294   188  262.285 3157.579
       159674.3  58.70   0.00  67.62  66.44  99.93 120622 2895.564   188  262.285 3157.850
Timestamp         S0     S1     E      O      P     YGC     YGCT    FGC    FGCT     GCT   
       159684.3   0.00  31.66   9.03  67.22  99.93 120631 2895.777   188  262.285 3158.063
       159694.3  30.10   0.00  93.77  67.27  99.93 120638 2895.950   188  262.285 3158.235
       159704.3  54.64   0.00  53.13  67.31  99.93 120646 2896.126   188  262.285 3158.411
       159714.3  66.01   0.00   0.00  67.33  99.93 120654 2896.325   188  262.285 3158.611
       159724.3   0.00  40.57  41.42  67.34  99.93 120661 2896.495   188  262.285 3158.781
       159734.3  40.44   0.00  74.23  67.36  99.93 120668 2896.641   188  262.285 3158.927
       159744.3  53.14   0.00  18.61  67.37  99.93 120676 2896.796   188  262.285 3159.081
       159754.3   0.00  62.85  87.11  67.50  99.93 120683 2896.955   188  262.285 3159.241
       159764.3   0.00  50.00  69.40  67.54  99.93 120691 2897.212   188  262.285 3159.497
       159774.3   0.00 100.00  24.62  67.68  99.93 120699 2897.394   188  262.285 3159.679
Timestamp         S0     S1     E      O      P     YGC     YGCT    FGC    FGCT     GCT   
       159784.3  52.31   0.00  65.93  67.75  99.93 120706 2897.554   188  262.285 3159.840
       159794.3  57.26   0.00  24.96  67.77  99.93 120714 2897.732   188  262.285 3160.018
       159804.3   0.00  80.12  82.05  67.79  99.93 120721 2897.884   188  262.285 3160.169
       159814.3   0.00  58.65  21.85  67.81  99.93 120729 2898.153   188  262.285 3160.439
       159824.3  65.13   0.00  74.63  67.87  99.93 120736 2898.301   188  262.285 3160.586
       159834.3 100.00   0.00  22.17  67.95  99.93 120744 2898.476   188  262.285 3160.761
       159844.3   0.00  61.52  79.95  68.96  99.93 120751 2898.788   188  262.285 3161.074
       159854.3   0.00  99.82  74.34  69.03  99.93 120759 2899.025   188  262.285 3161.310
       159864.3   0.00  19.41  55.06  69.85  99.93 120767 2899.211   188  262.285 3161.496
       159874.3   0.00  28.43  57.06  69.86  99.93 120775 2899.377   188  262.285 3161.663
Timestamp         S0     S1     E      O      P     YGC     YGCT    FGC    FGCT     GCT   
       159884.3   0.00  60.38  54.49  69.87  99.93 120783 2899.586   188  262.285 3161.871
       159894.3   0.00  63.32   0.00  69.90  99.93 120791 2899.808   188  262.285 3162.093
       159904.3  32.66   0.00  70.36  70.02  99.93 120798 2899.988   188  262.285 3162.274
       159914.3  52.18   0.00  52.19  70.04  99.93 120806 2900.197   188  262.285 3162.482
       159924.3  63.35   0.00   4.36  70.17  99.93 120814 2900.366   188  262.285 3162.651
       159934.3   0.00 100.00  54.35  70.19  99.93 120821 2900.492   188  262.285 3162.777
       159944.3   0.00  99.70  20.64  70.22  99.93 120829 2900.652   188  262.285 3162.937
       159954.3  94.50   0.00  96.00  70.27  99.93 120836 2900.801   188  262.285 3163.086
       159964.3  66.23   0.00  59.34  70.28  99.93 120844 2901.045   188  262.285 3163.330
       159974.3  40.27   0.00  39.20  70.37  99.93 120852 2901.219   188  262.285 3163.504
Timestamp         S0     S1     E      O      P     YGC     YGCT    FGC    FGCT     GCT   
       159984.3   0.00  70.81  93.96  70.45  99.93 120859 2901.386   188  262.285 3163.671
       159994.3   0.00  49.01  78.15  70.47  99.93 120867 2901.559   188  262.285 3163.844
       160004.3   0.00  32.55  43.79  70.49  99.93 120875 2901.748   188  262.285 3164.034
       160014.3   0.00  58.87  10.17  70.50  99.93 120883 2901.889   188  262.285 3164.174
       160024.3  87.50   0.00  50.90  71.64  99.93 120890 2902.094   188  262.285 3164.379
       160034.3  66.94   0.00  18.01  71.65  99.93 120898 2902.323   188  262.285 3164.608
       160044.3  17.60   0.00  32.49  72.55  99.93 120906 2902.508   188  262.285 3164.793
       160054.3  38.35   0.00  20.15  72.57  99.93 120914 2902.680   188  262.285 3164.966
       160064.3   0.00  37.07  95.05  72.58  99.93 120921 2902.808   188  262.285 3165.093
       160074.3   0.00  43.49  52.76  72.59  99.93 120929 2903.011   188  262.285 3165.296
Timestamp         S0     S1     E      O      P     YGC     YGCT    FGC    FGCT     GCT   
       160084.4   0.00  72.02  35.23  72.61  99.93 120937 2903.209   188  262.285 3165.494
       160094.3   0.00  60.56   9.61  72.69  99.93 120945 2903.417   188  262.285 3165.702
       160104.3  72.73   0.00  94.50  72.72  99.93 120952 2903.576   188  262.285 3165.862
       160114.3  51.61   0.00  88.66  72.81  99.93 120960 2903.795   188  262.285 3166.081
       160124.3  81.75   0.00  69.94  72.87  99.93 120968 2903.983   188  262.285 3166.269
       160134.3  87.89   0.00  80.58  72.96  99.93 120976 2904.169   188  262.285 3166.455
       160144.4  91.28   0.00  60.91  75.59  99.93 120984 2904.469   188  262.285 3166.754
       160154.3   0.00  99.88  23.70  75.64  99.93 120993 2904.794   188  262.285 3167.080
       160164.4   0.00  99.45  29.03  76.80  99.93 121001 2904.990   188  262.285 3167.275
       160174.3   0.00  17.24  40.29  76.83  99.93 121009 2905.180   188  262.285 3167.465
Timestamp         S0     S1     E      O      P     YGC     YGCT    FGC    FGCT     GCT   
       160184.4   0.00  44.98  33.16  76.84  99.93 121017 2905.349   188  262.285 3167.635
       160194.3   0.00  49.79   8.49  76.88  99.93 121025 2905.518   188  262.285 3167.803
       160204.4  45.94   0.00  67.81  76.90  99.93 121032 2905.705   188  262.285 3167.991
       160214.3  44.37   0.00  50.86  76.98  99.93 121040 2905.875   188  262.285 3168.160
       160224.4  52.88   0.00  28.15  77.02  99.93 121048 2906.037   188  262.285 3168.322
       160234.4  67.43   0.00   0.00  77.08  99.93 121056 2906.223   188  262.285 3168.508
       160244.3   0.00  76.63  32.64  77.10  99.93 121063 2906.371   188  262.285 3168.656
       160254.3  49.37   0.00  90.31  77.14  99.93 121070 2906.516   188  262.285 3168.801
       160264.3  88.07   0.00  48.21  77.23  99.93 121078 2906.854   188  262.285 3169.140
       160274.3  57.62   0.00  16.85  77.25  99.93 121086 2907.111   188  262.285 3169.396
Timestamp         S0     S1     E      O      P     YGC     YGCT    FGC    FGCT     GCT   
       160284.4   0.00 100.00  72.28  77.35  99.93 121093 2907.246   188  262.285 3169.531
       160294.4   0.00  83.33  54.49  77.40  99.93 121101 2907.415   188  262.285 3169.700
       160304.4   0.00  66.57  27.16  77.41  99.93 121109 2907.593   188  262.285 3169.878
       160314.4   0.00  99.66  12.43  77.46  99.93 121117 2907.754   188  262.285 3170.039
       160324.4  73.07   0.00  82.93  78.46  99.93 121124 2907.969   188  262.285 3170.255
       160334.4  75.28   0.00  85.71  78.51  99.93 121132 2908.192   188  262.285 3170.477
       160344.4  47.92   0.00  29.96  79.13  99.93 121140 2908.374   188  262.285 3170.660
       160354.4  40.84   0.00  32.76  79.15  99.93 121148 2908.566   188  262.285 3170.852
       160364.4  84.35   0.00  43.80  79.18  99.93 121156 2908.759   188  262.285 3171.045
       160374.4   0.00  64.70  89.64  18.51  99.75 121163 2908.965   189  263.775 3172.740
Timestamp         S0     S1     E      O      P     YGC     YGCT    FGC    FGCT     GCT   
       160384.5   0.00 100.00  45.13  18.51  99.75 121171 2909.215   189  263.775 3172.989
       160394.4  20.03   0.00  87.17  19.03  99.75 121178 2909.336   189  263.775 3173.111
       160404.4  56.28   0.00  60.50  19.05  99.75 121186 2909.502   189  263.775 3173.277
       160414.4  73.57   0.00   6.48  19.07  99.75 121194 2909.647   189  263.775 3173.421
       160424.4   0.00  47.88  19.01  19.09  99.75 121201 2909.767   189  263.775 3173.541
       160434.4  55.59   0.00  64.20  19.11  99.75 121208 2909.897   189  263.775 3173.671
       160444.5  73.93   0.00   7.18  19.13  99.75 121216 2910.035   189  263.775 3173.810
       160454.5   0.00 100.00  61.79  19.91  99.75 121223 2910.183   189  263.775 3173.958
       160464.4   0.00 100.00  70.56  20.87  99.75 121231 2910.401   189  263.775 3174.176
       160474.4   0.00  36.30  85.23  21.37  99.75 121239 2910.624   189  263.775 3174.398
Timestamp         S0     S1     E      O      P     YGC     YGCT    FGC    FGCT     GCT   
       160484.5   0.00  21.34  76.22  21.71  99.75 121247 2910.767   189  263.775 3174.542
       160494.4   0.00  20.00  45.30  21.79  99.75 121255 2910.900   189  263.775 3174.675
       160504.4  43.53   0.00  64.88  21.80  99.75 121262 2911.107   189  263.775 3174.882
       160514.5  49.51   0.00  28.20  21.81  99.75 121270 2911.304   189  263.775 3175.078
       160524.4  49.02   0.00   9.51  21.87  99.75 121278 2911.479   189  263.775 3175.254
       160534.4   0.00  42.39  81.10  22.10  99.75 121285 2911.597   189  263.775 3175.372
       160544.5   0.00  66.15  26.50  22.12  99.75 121293 2911.726   189  263.775 3175.501
       160554.5  56.42   0.00  87.31  22.14  99.75 121300 2911.874   189  263.775 3175.649
       160564.5  75.00   0.00  73.10  22.20  99.75 121308 2912.063   189  263.775 3175.838
       160574.5  42.89   0.00  38.28  22.33  99.75 121316 2912.234   189  263.775 3176.009
Timestamp         S0     S1     E      O      P     YGC     YGCT    FGC    FGCT     GCT   
       160584.5  72.40   0.00  35.40  22.40  99.75 121324 2912.417   189  263.775 3176.192
       160594.5   0.00 100.00  86.03  22.41  99.75 121331 2912.537   189  263.775 3176.311
       160604.5   0.00  54.00  53.64  22.43  99.75 121339 2912.685   189  263.775 3176.459
       160614.5  84.21   0.00  91.19  22.44  99.75 121346 2912.844   189  263.775 3176.618
       160624.5  46.78   0.00  49.97  22.48  99.75 121354 2913.042   189  263.775 3176.817
       160634.5   0.00  54.86  92.41  22.50  99.75 121361 2913.170   189  263.775 3176.945
       160644.5   0.00  99.66  56.54  22.57  99.75 121369 2913.353   189  263.775 3177.128
       160654.5   0.00  66.28  28.01  22.59  99.75 121377 2913.677   189  263.775 3177.451
       160664.5  50.00   0.00  85.10  22.60  99.75 121384 2913.816   189  263.775 3177.591
       160674.5  65.22   0.00  54.93  22.67  99.75 121392 2913.997   189  263.775 3177.771
Timestamp         S0     S1     E      O      P     YGC     YGCT    FGC    FGCT     GCT   
       160684.5  49.74   0.00  18.76  22.69  99.75 121400 2914.180   189  263.775 3177.954
       160694.5  25.88  66.19 100.00  22.70  99.75 121408 2914.341   189  263.775 3178.116
       160704.5   0.00  64.61  68.74  22.76  99.75 121415 2914.516   189  263.775 3178.291
       160714.5   0.00  99.59  54.48  22.79  99.75 121423 2914.695   189  263.775 3178.470
       160724.5   0.00  68.18  14.43  22.86  99.75 121431 2914.881   189  263.775 3178.656
       160734.5  64.72   0.00  82.43  22.90  99.75 121438 2915.045   189  263.775 3178.820
       160744.5  40.33   0.00  34.32  22.92  99.75 121446 2915.281   189  263.775 3179.055
       160754.5  74.87   0.00  14.20  22.94  99.75 121454 2915.439   189  263.775 3179.214
       160764.5   0.00 100.00  95.62  22.97  99.75 121461 2915.598   189  263.775 3179.373
       160774.5   0.00 100.00  42.71  22.99  99.75 121469 2915.825   189  263.775 3179.600
Timestamp         S0     S1     E      O      P     YGC     YGCT    FGC    FGCT     GCT   
       160784.5   0.00  56.79  15.66  23.05  99.75 121477 2916.000   189  263.775 3179.774
       160794.5  45.45   0.00  87.82  23.07  99.75 121484 2916.125   189  263.775 3179.900
       160804.5  84.33   0.00  52.13  23.13  99.75 121492 2916.367   189  263.775 3180.142
       160814.5  40.36   0.00  35.56  23.21  99.75 121500 2916.526   189  263.775 3180.301
       160824.5   0.00  99.61  85.44  23.29  99.75 121507 2916.742   189  263.775 3180.517
       160834.5   0.00  44.85  27.27  23.32  99.75 121515 2916.896   189  263.775 3180.671
       160844.5   0.00  84.77   3.78  23.34  99.75 121523 2917.096   189  263.775 3180.871
       160854.5  69.63   0.00  69.32  23.40  99.75 121530 2917.272   189  263.775 3181.047
       160864.5  50.40   0.00  50.03  23.48  99.75 121538 2917.460   189  263.775 3181.235
       160874.5  50.92   0.00  39.37  23.51  99.75 121546 2917.680   189  263.775 3181.454
Timestamp         S0     S1     E      O      P     YGC     YGCT    FGC    FGCT     GCT   
       160884.5   0.00  99.52  97.89  23.62  99.75 121553 2917.821   189  263.775 3181.596
       160894.4   0.00  45.56  82.05  23.64  99.75 121561 2917.973   189  263.775 3181.748
       160904.5   0.00 100.00  41.17  23.66  99.75 121569 2918.170   189  263.775 3181.944
       160914.5  53.92   0.00  77.65  23.72  99.75 121576 2918.280   189  263.775 3182.055
       160924.5  52.26   0.00  13.43  23.79  99.75 121584 2918.499   189  263.775 3182.274
       160934.6  49.23 100.00 100.00  23.83  99.75 121592 2918.657   189  263.775 3182.432
       160944.5   0.00 100.00  71.45  25.41  99.75 121599 2918.887   189  263.775 3182.661
       160954.5   0.00  65.53  45.30  25.44  99.75 121607 2919.099   189  263.775 3182.874
       160964.6   0.00  22.06  35.28  26.42  99.75 121615 2919.282   189  263.775 3183.056
       160974.5   0.00  38.24  43.26  26.44  99.75 121623 2919.461   189  263.775 3183.235
Timestamp         S0     S1     E      O      P     YGC     YGCT    FGC    FGCT     GCT   
       160984.5   0.00  37.59  30.38  26.49  99.75 121631 2919.646   189  263.775 3183.420
       160994.5   0.00 100.00  16.72  26.59  99.75 121639 2919.831   189  263.775 3183.606
       161004.6   0.00  46.04  12.47  26.67  99.75 121647 2920.022   189  263.775 3183.797
       161014.5  44.83   0.00  80.36  26.69  99.75 121654 2920.186   189  263.775 3183.960
       161024.5  57.63   0.00  57.56  26.73  99.75 121662 2920.339   189  263.775 3184.114
       161034.6  62.54   0.00  56.82  27.97  99.75 121670 2920.548   189  263.775 3184.323
       161044.6  58.82   0.00  62.93  28.00  99.75 121678 2920.739   189  263.775 3184.513
       161054.5  57.27   0.00  22.50  28.53  99.75 121686 2920.968   189  263.775 3184.743
       161064.6   0.00  33.64  84.10  28.56  99.75 121693 2921.140   189  263.775 3184.915
       161074.5   0.00  42.38  23.51  28.58  99.75 121701 2921.333   189  263.775 3185.107
Timestamp         S0     S1     E      O      P     YGC     YGCT    FGC    FGCT     GCT   
       161084.6  57.63   0.00  61.75  28.60  99.75 121708 2921.480   189  263.775 3185.255
       161094.5   0.00  39.70  91.59  28.65  99.75 121715 2921.617   189  263.775 3185.392
       161104.6   0.00  73.58   3.74  28.68  99.75 121723 2921.781   189  263.775 3185.556
       161114.6  59.30   0.00  35.80  28.69  99.75 121730 2921.984   189  263.775 3185.759
       161124.6   0.00 100.00  56.42  28.77  99.75 121737 2922.138   189  263.775 3185.913
       161134.5  38.51   0.00  92.64  28.78  99.75 121744 2922.286   189  263.775 3186.060
       161144.6  44.52   0.00  15.62  28.86  99.75 121752 2922.420   189  263.775 3186.194
       161154.6   0.00  99.40  33.77  28.88  99.75 121759 2922.542   189  263.775 3186.317
       161164.5  76.38   0.00  87.02  30.90  99.75 121766 2922.798   189  263.775 3186.572
       161174.6  63.14   8.85 100.00  30.91  99.75 121775 2923.011   189  263.775 3186.785
Timestamp         S0     S1     E      O      P     YGC     YGCT    FGC    FGCT     GCT   
       161184.6  20.18   0.00  65.36  31.62  99.75 121782 2923.247   189  263.775 3187.021
       161194.6  29.05   0.00  59.92  31.65  99.75 121790 2923.406   189  263.775 3187.181
       161204.6   0.00  30.16  84.90  31.67  99.75 121797 2923.544   189  263.775 3187.318
       161214.6   0.00  52.91  24.68  31.68  99.75 121805 2923.725   189  263.775 3187.500
       161224.5  48.02   0.00  40.00  31.70  99.75 121812 2923.888   189  263.775 3187.663
       161234.6   0.00  30.06  61.12  31.75  99.75 121819 2924.029   189  263.775 3187.804
       161244.6   0.00  99.67  10.32  31.76  99.75 121827 2924.189   189  263.775 3187.964
       161254.6  65.57   0.00  80.12  32.93  99.75 121834 2924.403   189  263.775 3188.178
       161264.6  55.07   0.00  84.44  32.96  99.75 121842 2924.618   189  263.775 3188.393
       161274.5  30.86   0.00  49.21  33.90  99.75 121850 2924.835   189  263.775 3188.610
Timestamp         S0     S1     E      O      P     YGC     YGCT    FGC    FGCT     GCT   
       161284.5  65.07   0.00  26.17  33.93  99.75 121858 2925.011   189  263.775 3188.786
       161294.6   0.00  60.20  96.29  33.95  99.75 121865 2925.209   189  263.775 3188.983
       161304.6   0.00  37.11  73.58  34.09  99.75 121873 2925.380   189  263.775 3189.155
       161314.5   0.00  36.61  41.01  34.16  99.75 121881 2925.527   189  263.775 3189.301
       161324.6  82.22   0.00  91.63  34.18  99.75 121888 2925.674   189  263.775 3189.449
       161334.6 100.00   0.00  57.40  34.28  99.75 121896 2925.834   189  263.775 3189.608
       161344.6  49.41   0.00   7.75  34.69  99.75 121904 2926.038   189  263.775 3189.813
       161354.6   0.00  56.33   3.66  34.77  99.75 121911 2926.231   189  263.775 3190.005
       161364.6  31.10   0.00  61.32  35.08  99.75 121918 2926.370   189  263.775 3190.145
       161374.6  79.46   0.00  40.54  35.10  99.75 121926 2926.564   189  263.775 3190.339
Timestamp         S0     S1     E      O      P     YGC     YGCT    FGC    FGCT     GCT   
       161384.6  53.43   0.00  15.76  35.13  99.75 121934 2926.735   189  263.775 3190.510
       161394.6   0.00 100.00  89.57  35.18  99.75 121941 2926.878   189  263.775 3190.653
       161404.6   0.00 100.00  57.15  35.25  99.75 121949 2927.044   189  263.775 3190.818
       161414.6  40.81   0.00  91.72  35.29  99.75 121956 2927.201   189  263.775 3190.976
       161424.6  29.05   0.00  41.49  35.32  99.75 121964 2927.346   189  263.775 3191.120
       161434.6  87.80   0.00   7.44  35.35  99.75 121972 2927.490   189  263.775 3191.264
       161444.6   0.00  50.76  81.51  35.37  99.75 121979 2927.626   189  263.775 3191.401
       161454.6   0.00  73.10  56.08  35.40  99.75 121987 2927.803   189  263.775 3191.578
       161464.6  36.41   0.00  77.71  35.47  99.75 121994 2927.951   189  263.775 3191.726
       161474.6  50.59   0.00  44.47  35.49  99.75 122002 2928.092   189  263.775 3191.866
Timestamp         S0     S1     E      O      P     YGC     YGCT    FGC    FGCT     GCT   
       161484.6   0.00  53.05  85.16  35.57  99.75 122009 2928.215   189  263.775 3191.990
       161494.6   0.00  99.63  29.28  35.59  99.75 122017 2928.359   189  263.775 3192.134
       161504.6   0.00 100.00  12.98  36.51  99.75 122025 2928.599   189  263.775 3192.373
       161514.6  70.17   0.00  93.34  36.52  99.75 122032 2928.793   189  263.775 3192.567
       161524.6  32.80   0.00  82.43  37.19  99.75 122040 2929.008   189  263.775 3192.783
       161534.6  31.37   0.00  59.45  37.28  99.75 122048 2929.197   189  263.775 3192.972
       161544.6  72.82   0.00  78.37  37.31  99.75 122056 2929.392   189  263.775 3193.166
       161554.6  47.86   0.00  40.86  37.33  99.75 122064 2929.563   189  263.775 3193.337
       161564.7  76.60   0.00   4.50  37.44  99.75 122072 2929.788   189  263.775 3193.563
       161574.6   0.00  99.71  64.81  37.52  99.75 122079 2929.964   189  263.775 3193.738
Timestamp         S0     S1     E      O      P     YGC     YGCT    FGC    FGCT     GCT   
       161584.7   0.00  40.15  33.09  37.55  99.75 122087 2930.117   189  263.775 3193.892
       161594.7   0.00  53.57  25.74  37.67  99.75 122095 2930.296   189  263.775 3194.070
       161604.6  37.45   0.00  88.08  37.68  99.75 122102 2930.457   189  263.775 3194.231
       161614.6  36.28   0.00  48.51  37.80  99.75 122110 2930.611   189  263.775 3194.386
       161624.6   0.00  62.75  96.35  37.82  99.75 122117 2930.794   189  263.775 3194.569
       161634.6   0.00  76.52  21.39  37.84  99.75 122125 2930.977   189  263.775 3194.752
       161644.7  41.52   0.00  82.78  37.86  99.75 122132 2931.123   189  263.775 3194.898
       161654.6  82.95   0.00  42.21  37.93  99.75 122140 2931.274   189  263.775 3195.049
       161664.6   0.00  82.06  77.46  37.94  99.75 122147 2931.469   189  263.775 3195.244
       161674.7   0.00 100.00   4.13  38.12  99.75 122155 2931.640   189  263.775 3195.414
Timestamp         S0     S1     E      O      P     YGC     YGCT    FGC    FGCT     GCT   
       161684.7  46.23   0.00  83.46  38.25  99.75 122162 2931.832   189  263.775 3195.607
       161694.7  64.02   0.00  57.18  38.26  99.75 122170 2931.986   189  263.775 3195.760
       161704.7  95.11   0.00  10.33  38.30  99.75 122178 2932.235   189  263.775 3196.010
       161714.6  88.46   0.00   0.00  38.38  99.75 122186 2932.403   189  263.775 3196.177
       161724.7   0.00  99.80  93.43  38.62  99.75 122193 2932.576   189  263.775 3196.350
       161734.7   0.00  99.67  76.06  38.69  99.75 122201 2932.767   189  263.775 3196.542
       161744.7   0.00  42.12  36.11  38.99  99.75 122209 2933.013   189  263.775 3196.787
       161754.7   0.00 100.00  47.67  39.02  99.75 122215 2933.256   189  263.775 3197.030
       161764.7  66.51   0.00  96.63  39.04  99.75 122222 2933.400   189  263.775 3197.175
       161774.7   0.00  45.48   0.94  39.16  99.75 122231 2933.600   189  263.775 3197.375
Timestamp         S0     S1     E      O      P     YGC     YGCT    FGC    FGCT     GCT   
       161784.7  37.26   0.00  64.15  39.18  99.75 122238 2933.746   189  263.775 3197.521
       161794.7  38.92   0.00  40.39  39.22  99.75 122246 2933.894   189  263.775 3197.669
       161804.7   0.00  83.33  94.04  39.23  99.75 122253 2934.026   189  263.775 3197.801
       161814.7   0.00  44.29  63.45  39.28  99.75 122261 2934.176   189  263.775 3197.951
       161824.7   0.00 100.00  42.00  39.30  99.75 122269 2934.354   189  263.775 3198.129
       161834.7  44.01   0.00  85.52  39.34  99.75 122276 2934.486   189  263.775 3198.260
       161844.7  72.89   0.00  38.82  39.38  99.75 122284 2934.678   189  263.775 3198.453
       161854.7  75.14   0.00  12.12  39.42  99.75 122292 2934.869   189  263.775 3198.644
       161864.7   0.00  81.88  74.56  39.45  99.75 122299 2935.083   189  263.775 3198.857
       161874.7  57.57   0.00  93.82  39.50  99.75 122306 2935.219   189  263.775 3198.993
Timestamp         S0     S1     E      O      P     YGC     YGCT    FGC    FGCT     GCT   
       161884.7  75.77   0.00   0.00  39.56  99.75 122314 2935.377   189  263.775 3199.152
       161894.7   0.00 100.00  56.36  40.37  99.75 122321 2935.559   189  263.775 3199.333
       161904.7   0.00 100.00  71.17  40.39  99.75 122329 2935.804   189  263.775 3199.579
       161914.7   0.00  22.98  75.22  41.31  99.75 122337 2936.012   189  263.775 3199.787
       161924.7   0.00  14.66  67.38  41.36  99.75 122345 2936.148   189  263.775 3199.922
       161934.7   0.00  28.27  48.91  41.38  99.75 122353 2936.385   189  263.775 3200.160
       161944.7   0.00  66.38  14.65  41.39  99.75 122361 2936.588   189  263.775 3200.362
       161954.7  43.78   0.00  77.48  41.41  99.75 122368 2936.788   189  263.775 3200.562
       161964.7  44.64   0.00  50.31  41.54  99.75 122376 2936.951   189  263.775 3200.726
       161974.7   0.00  62.87  92.78  41.56  99.75 122383 2937.084   189  263.775 3200.859
Timestamp         S0     S1     E      O      P     YGC     YGCT    FGC    FGCT     GCT   
       161984.7   0.00  76.28  17.94  41.64  99.75 122391 2937.243   189  263.775 3201.018
       161994.7 100.00   0.00  88.49  43.29  99.75 122398 2937.429   189  263.775 3201.204
       162004.7  57.93   0.00  70.16  43.71  99.75 122406 2937.670   189  263.775 3201.445
       162014.7  28.77   0.00  42.79  44.53  99.75 122414 2937.859   189  263.775 3201.633
       162024.7  25.13   0.00  18.79  44.71  99.75 122422 2938.036   189  263.775 3201.810
       162034.7   0.00  26.34  88.72  44.72  99.75 122429 2938.173   189  263.775 3201.947
       162044.7   0.00  33.47  40.06  44.74  99.75 122437 2938.350   189  263.775 3202.125
       162054.7   0.00  99.58  42.16  44.76  99.75 122445 2938.532   189  263.775 3202.306
       162064.8   0.00  60.76   2.03  44.78  99.75 122453 2938.759   189  263.775 3202.534
       162074.7  61.97   0.00  66.89  44.91  99.75 122460 2938.949   189  263.775 3202.724
Timestamp         S0     S1     E      O      P     YGC     YGCT    FGC    FGCT     GCT   
       162084.7  58.05   0.00  15.42  44.93  99.75 122468 2939.100   189  263.775 3202.874
       162094.7   0.00  50.31  60.68  44.95  99.75 122475 2939.260   189  263.775 3203.035
       162104.8   0.00  99.51   1.45  44.97  99.75 122483 2939.432   189  263.775 3203.206
       162114.7   0.00  99.47  97.59  44.98  99.75 122489 2939.543   189  263.775 3203.318
       162124.7   0.00  99.76  64.83  47.65  99.75 122497 2939.771   189  263.775 3203.546
       162134.7   0.00  99.79  61.51  47.66  99.75 122505 2939.986   189  263.775 3203.761
       162144.8   0.00 100.00  80.48  48.37  99.75 122513 2940.147   189  263.775 3203.921
       162154.7   0.00  43.24  61.41  48.39  99.75 122521 2940.311   189  263.775 3204.086
       162164.8   0.00  36.73  43.75  48.42  99.75 122529 2940.468   189  263.775 3204.243
       162174.8   0.00  50.70  12.14  48.49  99.75 122537 2940.626   189  263.775 3204.401
Timestamp         S0     S1     E      O      P     YGC     YGCT    FGC    FGCT     GCT   
       162184.8  53.55   0.00  57.82  48.53  99.75 122544 2940.773   189  263.775 3204.547
       162194.8  69.25   0.00  31.91  48.54  99.75 122552 2940.929   189  263.775 3204.704
       162204.8   0.00 100.00  60.29  48.57  99.75 122559 2941.722   189  263.775 3205.496
       162214.8   0.00  99.65   0.00  48.69  99.75 122567 2941.879   189  263.775 3205.654
       162224.8  53.59   0.00  67.71  48.71  99.75 122574 2942.030   189  263.775 3205.805
       162234.8  91.94   0.00  25.85  48.84  99.75 122582 2942.220   189  263.775 3205.995
       162244.8   0.00  53.35  97.75  48.91  99.75 122590 2942.377   189  263.775 3206.151
       162254.8   0.00  45.64  90.88  49.07  99.75 122597 2942.538   189  263.775 3206.313
       162264.8   0.00  82.85  53.15  49.10  99.75 122605 2942.689   189  263.775 3206.463
       162274.8   0.00  57.45  46.29  49.13  99.75 122613 2942.871   189  263.775 3206.645
Timestamp         S0     S1     E      O      P     YGC     YGCT    FGC    FGCT     GCT   
       162284.8   0.00  65.75   8.11  49.17  99.75 122621 2943.050   189  263.775 3206.824
       162294.8  65.43   0.00  68.56  49.18  99.75 122628 2943.199   189  263.775 3206.973
       162304.8  86.51   0.00  12.39  49.22  99.75 122636 2943.388   189  263.775 3207.163
       162314.8   0.00  75.48  89.22  49.31  99.75 122643 2943.570   189  263.775 3207.344
       162324.8   0.00  58.57  58.91  49.35  99.75 122651 2943.764   189  263.775 3207.539
       162334.8   0.00  49.04  48.29  49.58  99.75 122659 2943.919   189  263.775 3207.693
       162344.8   0.00  52.18   1.00  49.61  99.75 122667 2944.086   189  263.775 3207.860
       162354.7 100.00   0.00  36.18  49.69  99.75 122674 2944.263   189  263.775 3208.037
       162364.8   0.00  38.89  94.12  49.71  99.75 122681 2944.397   189  263.775 3208.172
       162374.8   0.00  99.78  71.09  49.85  99.75 122689 2944.625   189  263.775 3208.400
Timestamp         S0     S1     E      O      P     YGC     YGCT    FGC    FGCT     GCT   
       162384.8   0.00 100.00  59.80  49.92  99.75 122697 2944.854   189  263.775 3208.629
       162394.8   0.00 100.00  67.81  50.01  99.75 122705 2945.048   189  263.775 3208.823
       162404.8   0.00  36.96  31.91  50.03  99.75 122713 2945.237   189  263.775 3209.012
       162414.8  33.48   0.00  89.48  50.06  99.75 122720 2945.369   189  263.775 3209.143
       162424.8   0.00  99.78  54.81  50.09  99.75 122727 2945.639   189  263.775 3209.414
       162434.8  67.60   0.00  62.42  50.12  99.75 122734 2945.936   189  263.775 3209.711
       162444.8  69.07   0.00  51.71  50.22  99.75 122742 2946.208   189  263.775 3209.983
       162454.8  32.61   0.00  32.78  50.26  99.75 122750 2946.407   189  263.775 3210.181
       162464.8  87.75   0.00  15.02  50.30  99.75 122758 2946.607   189  263.775 3210.382
       162474.8   0.00  29.47  85.21  50.37  99.75 122765 2946.756   189  263.775 3210.530
Timestamp         S0     S1     E      O      P     YGC     YGCT    FGC    FGCT     GCT   
       162484.8   0.00  78.73  24.59  50.38  99.75 122773 2946.919   189  263.775 3210.694
       162494.8  48.76   0.00  82.26  50.45  99.75 122780 2947.068   189  263.775 3210.843
       162504.8  60.34   0.00  46.40  50.47  99.75 122788 2947.286   189  263.775 3211.061
       162514.8   0.00  99.56  78.96  50.48  99.75 122795 2947.427   189  263.775 3211.201
       162524.8   0.00 100.00  35.49  50.51  99.75 122803 2947.608   189  263.775 3211.382
       162534.8  58.28   0.00  97.46  50.53  99.75 122810 2947.836   189  263.775 3211.610
       162544.8  77.06   0.00  40.78  50.61  99.75 122818 2948.079   189  263.775 3211.853
       162554.8  68.72   0.00   0.00  50.63  99.75 122826 2948.253   189  263.775 3212.027
       162564.8   0.00  99.66  88.59  50.66  99.75 122833 2948.409   189  263.775 3212.184
       162574.8   0.00 100.00  53.57  50.73  99.75 122841 2948.572   189  263.775 3212.347
Timestamp         S0     S1     E      O      P     YGC     YGCT    FGC    FGCT     GCT   
       162584.8   0.00 100.00  12.89  50.77  99.75 122849 2948.746   189  263.775 3212.520
       162594.8  42.64   0.00  33.82  50.85  99.75 122856 2948.885   189  263.775 3212.660
       162604.9   0.00  47.52  59.22  50.87  99.75 122863 2949.073   189  263.775 3212.848
       162614.9  81.05   0.00  68.32  50.88  99.75 122870 2949.217   189  263.775 3212.992
       162624.9  67.99   0.00  42.98  50.89  99.75 122878 2949.387   189  263.775 3213.162
       162634.9   0.00  57.00  78.30  50.92  99.75 122885 2949.523   189  263.775 3213.298
       162644.9   0.00  53.45  23.53  50.97  99.75 122893 2949.681   189  263.775 3213.456
       162654.8  71.33   0.00  20.73  51.03  99.75 122900 2949.880   189  263.775 3213.655
       162664.9   0.00 100.00  74.32  51.08  99.75 122907 2950.007   189  263.775 3213.782
       162674.9   0.00  99.83  46.33  52.77  99.75 122915 2950.240   189  263.775 3214.014
Timestamp         S0     S1     E      O      P     YGC     YGCT    FGC    FGCT     GCT   
       162684.9   0.00  58.90  17.99  52.78  99.75 122923 2950.472   189  263.775 3214.247
       162694.9  19.01   0.00  94.32  53.60  99.75 122930 2950.615   189  263.775 3214.389
       162704.9  25.86   0.00  95.89  53.63  99.75 122938 2950.769   189  263.775 3214.544
       162714.9  37.97   0.00  92.72  53.65  99.75 122946 2950.964   189  263.775 3214.738
       162724.9  46.23   0.00  90.64  53.68  99.75 122954 2951.116   189  263.775 3214.891
       162734.9  83.33   0.00  47.25  53.74  99.75 122962 2951.278   189  263.775 3215.053
       162744.9  43.78   0.00  40.90  53.79  99.75 122970 2951.455   189  263.775 3215.230
       162754.9  72.33   0.00  20.98  53.87  99.75 122978 2951.637   189  263.775 3215.412
       162764.9   0.00  21.67  84.89  53.91  99.75 122985 2951.828   189  263.775 3215.603
       162774.9   0.00  66.34  17.53  53.93  99.75 122993 2952.007   189  263.775 3215.781
Timestamp         S0     S1     E      O      P     YGC     YGCT    FGC    FGCT     GCT   
       162784.9  47.58  61.63 100.00  53.95  99.75 123001 2952.164   189  263.775 3215.938
       162794.9   0.00  63.26   0.00  54.00  99.75 123009 2952.409   189  263.775 3216.183
       162804.9  61.70   0.00  63.50  54.03  99.75 123016 2952.558   189  263.775 3216.333
       162814.9  67.82   0.00  24.32  54.05  99.75 123024 2952.742   189  263.775 3216.516
       162824.9  68.94   0.00  10.46  54.13  99.75 123032 2952.932   189  263.775 3216.707
       162834.9   0.00  44.56  83.57  54.15  99.75 123039 2953.139   189  263.775 3216.913
       162844.9   0.00  54.61  37.48  54.23  99.75 123047 2953.342   189  263.775 3217.116
       162854.9  45.03   0.00  83.12  54.25  99.75 123054 2953.503   189  263.775 3217.278
       162864.9  66.78   0.00  26.90  54.27  99.75 123062 2953.656   189  263.775 3217.431
       162874.9  58.12   0.00  34.70  56.48  99.75 123070 2953.923   189  263.775 3217.697
Timestamp         S0     S1     E      O      P     YGC     YGCT    FGC    FGCT     GCT   
       162884.9  68.01   0.00  65.83  56.50  99.75 123078 2954.193   189  263.775 3217.968
       162894.9  21.24   0.00  74.12  57.36  99.75 123086 2954.393   189  263.775 3218.167
       162905.0  48.51   0.00  55.56  57.38  99.75 123094 2954.564   189  263.775 3218.338
       162915.0  36.90   0.00  29.37  57.40  99.75 123102 2954.715   189  263.775 3218.489
       162925.0   0.00  38.11  88.72  57.41  99.75 123109 2954.896   189  263.775 3218.670
       162935.0   0.00  51.58  50.49  57.42  99.75 123117 2955.119   189  263.775 3218.894
       162945.0   0.00  37.73  26.76  57.55  99.75 123125 2955.309   189  263.775 3219.083
       162954.9  73.59   0.00  90.80  57.56  99.75 123132 2955.448   189  263.775 3219.223
       162964.9  50.76   0.00  61.25  57.59  99.75 123140 2955.624   189  263.775 3219.399
       162974.9  80.45   0.00  45.17  57.61  99.75 123148 2955.813   189  263.775 3219.587
Timestamp         S0     S1     E      O      P     YGC     YGCT    FGC    FGCT     GCT   
       162985.0  82.00   0.00  67.16  60.05  99.75 123156 2956.134   189  263.775 3219.908
       162995.0  65.80   0.00  67.48  60.09  99.75 123164 2956.384   189  263.775 3220.159
       163004.9  24.89   0.00  70.95  61.19  99.75 123172 2956.546   189  263.775 3220.320
       163014.9  23.30   0.00  58.42  61.21  99.75 123180 2956.719   189  263.775 3220.493
       163025.0  75.80   0.00  38.73  61.22  99.75 123188 2956.933   189  263.775 3220.708
       163035.0  36.17   0.00  41.51  61.28  99.75 123196 2957.130   189  263.775 3220.905
       163045.0  51.09   0.00  13.82  61.45  99.75 123204 2957.320   189  263.775 3221.094
       163055.0  85.58   0.00   5.50  61.51  99.75 123212 2957.513   189  263.775 3221.287
       163065.0   0.00  39.13  66.06  61.54  99.75 123219 2957.671   189  263.775 3221.446
       163075.0   0.00  81.94  20.49  61.63  99.75 123227 2957.844   189  263.775 3221.619
Timestamp         S0     S1     E      O      P     YGC     YGCT    FGC    FGCT     GCT   
       163085.0  52.63   0.00  76.68  61.65  99.75 123234 2957.991   189  263.775 3221.766
       163094.9  48.53   0.00  51.20  61.67  99.75 123242 2958.224   189  263.775 3221.999
       163105.0   0.00  58.78  67.17  61.71  99.75 123249 2958.358   189  263.775 3222.133
       163114.9   0.00  39.84  22.31  61.81  99.75 123257 2958.546   189  263.775 3222.321
       163125.0  75.00   0.00  69.40  61.84  99.75 123264 2958.671   189  263.775 3222.446
       163134.9  85.63   0.00   6.78  61.86  99.75 123272 2958.859   189  263.775 3222.634
       163145.0   0.00  55.80  75.11  61.91  99.75 123279 2959.004   189  263.775 3222.778
       163154.9   0.00  99.70  53.86  61.94  99.75 123287 2959.190   189  263.775 3222.964
       163165.0   0.00 100.00  25.35  62.09  99.75 123295 2959.361   189  263.775 3223.136
       163175.0  67.95   0.00  94.95  62.11  99.75 123302 2959.492   189  263.775 3223.267
Timestamp         S0     S1     E      O      P     YGC     YGCT    FGC    FGCT     GCT   
       163185.0  32.20   0.00  74.42  62.17  99.75 123310 2959.702   189  263.775 3223.477
       163195.0  31.71   0.00  40.10  62.20  99.75 123318 2959.873   189  263.775 3223.648
       163205.0  67.47   0.00   9.73  62.22  99.75 123326 2960.062   189  263.775 3223.837
       163215.0   0.00  39.76  95.78  62.26  99.75 123333 2960.257   189  263.775 3224.031
       163225.0   0.00  56.65  48.39  62.30  99.75 123341 2960.414   189  263.775 3224.188
       163235.0  50.30   0.00  63.59  62.34  99.75 123348 2960.552   189  263.775 3224.326
       163245.0  63.42   0.00  18.18  62.36  99.75 123356 2960.713   189  263.775 3224.488
       163255.0   0.00 100.00  44.76  62.37  99.75 123363 2960.841   189  263.775 3224.615
       163265.0   0.00  99.59   3.53  62.47  99.75 123371 2961.016   189  263.775 3224.790
       163275.0  47.06   0.00  72.26  62.49  99.75 123378 2961.163   189  263.775 3224.938
Timestamp         S0     S1     E      O      P     YGC     YGCT    FGC    FGCT     GCT   
       163285.0  39.94   0.00  37.83  62.55  99.75 123386 2961.319   189  263.775 3225.094
       163295.0  72.82   0.00   8.18  62.57  99.75 123394 2961.507   189  263.775 3225.282
       163305.0  62.30   0.00   0.00  62.64  99.75 123402 2961.749   189  263.775 3225.524
       163315.0   0.00 100.00  47.48  62.74  99.75 123409 2961.950   189  263.775 3225.724
       163325.0   0.00  59.14  49.54  64.12  99.75 123417 2962.258   189  263.775 3226.033
       163335.0   0.00  43.48  77.98  64.61  99.75 123425 2962.502   189  263.775 3226.277
       163345.0   0.00  30.78  95.47  65.01  99.75 123433 2962.739   189  263.775 3226.514
       163355.0   0.00  37.27  82.49  65.02  99.75 123441 2962.956   189  263.775 3226.730
       163365.0   0.00  20.68  57.53  65.06  99.75 123449 2963.227   189  263.775 3227.002
       163375.0   0.00  68.37  50.66  65.09  99.75 123457 2963.420   189  263.775 3227.194
Timestamp         S0     S1     E      O      P     YGC     YGCT    FGC    FGCT     GCT   
       163385.0   0.00 100.00  17.01  65.78  99.75 123465 2963.661   189  263.775 3227.436
       163395.0   0.00  63.09  13.31  66.72  99.75 123473 2963.919   189  263.775 3227.694
       163405.0   0.00  41.47  31.56  67.60  99.75 123481 2964.177   189  263.775 3227.951
       163415.0   0.00  24.61  20.78  67.84  99.75 123489 2964.470   189  263.775 3228.245
       163425.0   0.00  24.86   5.28  67.86  99.75 123497 2964.644   189  263.775 3228.419
       163435.1  35.34   0.00  74.60  67.95  99.75 123504 2964.795   189  263.775 3228.570
       163445.0  68.40   0.00  50.47  67.98  99.75 123512 2965.018   189  263.775 3228.793
       163455.0  47.33   0.00  15.90  68.00  99.75 123520 2965.254   189  263.775 3229.029
       163465.0  77.45   0.00   0.00  68.04  99.75 123528 2965.427   189  263.775 3229.202
       163475.0   0.00  45.66  56.60  68.07  99.75 123535 2965.562   189  263.775 3229.337
Timestamp         S0     S1     E      O      P     YGC     YGCT    FGC    FGCT     GCT   
       163485.1   0.00 100.00  30.75  68.11  99.75 123543 2965.732   189  263.775 3229.507
       163495.0   0.00  59.95   3.77  68.13  99.75 123551 2965.913   189  263.775 3229.688
       163505.1  71.09   0.00  74.07  68.16  99.75 123558 2966.089   189  263.775 3229.864
       163515.0  66.58   0.00  21.91  68.27  99.75 123566 2966.245   189  263.775 3230.020
       163525.0  90.15   0.00  12.53  68.29  99.75 123574 2966.440   189  263.775 3230.215
       163535.0   0.00 100.00  61.20  68.34  99.75 123581 2966.578   189  263.775 3230.353
       163545.1   0.00  99.70  10.56  68.37  99.75 123589 2966.750   189  263.775 3230.525
       163555.0  45.48   0.00  89.55  68.40  99.75 123596 2966.894   189  263.775 3230.669
       163565.0  73.93   0.00  63.68  69.24  99.75 123604 2967.108   189  263.775 3230.883
       163575.1  61.07   0.00  69.13  69.29  99.75 123612 2967.328   189  263.775 3231.103
Timestamp         S0     S1     E      O      P     YGC     YGCT    FGC    FGCT     GCT   
       163585.0  33.46   0.00  67.16  69.95  99.75 123620 2967.573   189  263.775 3231.348
       163595.0   0.00  24.11   1.85  70.02  99.75 123629 2967.775   189  263.775 3231.550
       163605.1   0.00  52.15   6.85  70.07  99.75 123637 2968.002   189  263.775 3231.776
       163615.0  61.80   0.00  79.49  70.09  99.75 123644 2968.163   189  263.775 3231.938
       163625.1  79.26   0.00  43.39  70.15  99.75 123652 2968.403   189  263.775 3232.178
       163635.1  52.05   0.00  49.91  70.20  99.75 123660 2968.594   189  263.775 3232.369
       163645.1  65.32   0.00  44.28  70.29  99.75 123668 2968.827   189  263.775 3232.602
       163655.1  77.55   0.00  42.54  70.30  99.75 123676 2969.021   189  263.775 3232.796
       163665.1  80.72   0.00  36.89  70.41  99.75 123684 2969.342   189  263.775 3233.117
       163675.1   0.00  84.51  96.09  70.45  99.75 123691 2969.515   189  263.775 3233.289
Timestamp         S0     S1     E      O      P     YGC     YGCT    FGC    FGCT     GCT   
       163685.1   0.00  35.34  49.25  70.47  99.75 123699 2969.687   189  263.775 3233.462
       163695.1  63.87   0.00  78.30  70.52  99.75 123706 2969.830   189  263.775 3233.605
       163705.1  69.64   0.00  21.31  70.56  99.75 123714 2970.028   189  263.775 3233.803
       163715.1   0.00  57.76  58.78  70.58  99.75 123721 2970.192   189  263.775 3233.966
       163725.1   0.00 100.00  42.18  70.73  99.75 123729 2970.372   189  263.775 3234.146
       163735.1  52.12   0.00  97.10  70.76  99.75 123736 2970.531   189  263.775 3234.306
       163745.1  33.89   0.00  42.93  70.93  99.75 123744 2970.721   189  263.775 3234.496
       163755.1   0.00 100.00  82.41  70.96  99.75 123751 2970.883   189  263.775 3234.658
       163765.1   0.00  61.74  49.89  71.02  99.75 123759 2971.071   189  263.775 3234.846
       163775.1   0.00  53.17   7.75  71.04  99.75 123767 2971.267   189  263.775 3235.042
Timestamp         S0     S1     E      O      P     YGC     YGCT    FGC    FGCT     GCT   
       163785.1  49.50   0.00  49.15  71.08  99.75 123774 2971.417   189  263.775 3235.192
       163795.1   0.00  68.82  89.71  71.10  99.75 123781 2971.557   189  263.775 3235.332
       163805.1   0.00  45.53  27.08  71.11  99.75 123789 2971.735   189  263.775 3235.509
       163815.1  49.67   0.00  72.16  71.13  99.75 123796 2971.909   189  263.775 3235.684
       163825.1  40.71   0.00  23.34  71.15  99.75 123804 2972.061   189  263.775 3235.836
       163835.1   0.00  52.17  63.24  71.17  99.75 123811 2972.201   189  263.775 3235.975
       163845.1  74.25   0.00  94.17  71.19  99.75 123818 2972.346   189  263.775 3236.121
       163855.1 100.00   0.00  19.93  71.50  99.75 123826 2972.536   189  263.775 3236.310
       163865.1   0.00  71.56  68.58  71.51  99.75 123833 2972.732   189  263.775 3236.507
       163875.1   0.00  44.89  24.24  71.80  99.75 123841 2972.928   189  263.775 3236.703
Timestamp         S0     S1     E      O      P     YGC     YGCT    FGC    FGCT     GCT   
       163885.1  49.75   0.00  68.75  71.85  99.75 123848 2973.087   189  263.775 3236.861
       163895.1  59.07   0.00  37.17  71.88  99.75 123856 2973.250   189  263.775 3237.024
       163905.1   0.00  99.43  50.11  71.90  99.75 123863 2973.378   189  263.775 3237.153
       163915.1  83.33   0.00  98.81  71.96  99.75 123870 2973.528   189  263.775 3237.303
       163925.1  78.79   0.00   8.60  71.98  99.75 123878 2973.691   189  263.775 3237.466
       163935.1   0.00  70.11  72.47  72.02  99.75 123885 2973.909   189  263.775 3237.683
       163945.1   0.00 100.00   0.96  72.71  99.75 123893 2974.139   189  263.775 3237.913
       163955.1  78.92   0.00  49.71  72.89  99.75 123900 2974.308   189  263.775 3238.083
       163965.1  50.15   0.00  46.66  73.32  99.75 123908 2974.514   189  263.775 3238.289
       163975.1   0.00  61.69  22.54  17.63  99.75 123915 2974.659   190  265.062 3239.720
Timestamp         S0     S1     E      O      P     YGC     YGCT    FGC    FGCT     GCT   
       163985.1   0.00  79.32  14.71  17.63  99.75 123923 2974.862   190  265.062 3239.923
       163995.1   0.00  43.42  16.69  18.03  99.75 123931 2975.039   190  265.062 3240.101
       164005.1  31.69   0.00  89.17  18.08  99.75 123938 2975.171   190  265.062 3240.232
       164015.1  47.57   0.00  80.61  18.11  99.75 123946 2975.350   190  265.062 3240.411
       164025.1  42.19   0.00   8.71  18.14  99.75 123954 2975.513   190  265.062 3240.575
       164035.1  49.47   0.00  96.60  18.23  99.75 123960 2975.630   190  265.062 3240.692
       164045.1  72.60   0.00  69.45  18.25  99.75 123968 2975.772   190  265.062 3240.833
       164055.1  95.93   0.00  28.23  18.29  99.75 123976 2975.926   190  265.062 3240.988
       164065.1  66.67   0.00   7.08  18.37  99.75 123984 2976.093   190  265.062 3241.154
       164075.1   0.00  99.57  78.12  18.40  99.75 123991 2976.227   190  265.062 3241.289
Timestamp         S0     S1     E      O      P     YGC     YGCT    FGC    FGCT     GCT   
       164085.1   0.00  81.84  46.52  18.50  99.75 123999 2976.366   190  265.062 3241.428
       164095.1   0.00 100.00   0.99  18.53  99.75 124007 2976.540   190  265.062 3241.602
       164105.2  49.75   0.00  77.88  18.56  99.75 124014 2976.700   190  265.062 3241.761
       164115.1  56.04   0.00  31.73  18.64  99.75 124022 2976.866   190  265.062 3241.928
       164125.1   0.00  40.91  95.51  18.66  99.75 124029 2976.992   190  265.062 3242.053
       164135.1   0.00  70.26  20.15  18.67  99.75 124037 2977.129   190  265.062 3242.191
       164145.1  87.18   0.00  72.34  18.68  99.75 124044 2977.272   190  265.062 3242.334
       164155.2  83.14   0.00  19.30  18.72  99.75 124052 2977.477   190  265.062 3242.539
       164165.2   0.00  76.88  83.04  18.73  99.75 124059 2977.641   190  265.062 3242.702
       164175.2   0.00  74.50  53.83  18.79  99.75 124067 2977.866   190  265.062 3242.928
Timestamp         S0     S1     E      O      P     YGC     YGCT    FGC    FGCT     GCT   
       164185.2   0.00  50.26  34.51  18.83  99.75 124075 2977.995   190  265.062 3243.056
       164195.2   0.00 100.00   0.00  18.89  99.75 124083 2978.281   190  265.062 3243.343
       164205.2  82.87   0.00  74.32  18.91  99.75 124090 2978.506   190  265.062 3243.568
       164215.1  75.82   0.00  33.86  19.04  99.75 124098 2978.672   190  265.062 3243.734
       164225.1   0.00  61.52  65.28  19.06  99.75 124105 2978.781   190  265.062 3243.843
       164235.1   0.00  70.00   5.36  19.08  99.75 124113 2978.946   190  265.062 3244.008
       164245.1  73.51   0.00  56.90  19.12  99.75 124120 2979.094   190  265.062 3244.156
       164255.2  76.96   0.00  31.41  19.21  99.75 124128 2979.279   190  265.062 3244.341
       164265.1  72.40   0.00  12.63  19.24  99.75 124136 2979.438   190  265.062 3244.500
       164275.2 100.00   0.00  99.39  19.36  99.75 124142 2979.554   190  265.062 3244.615
Timestamp         S0     S1     E      O      P     YGC     YGCT    FGC    FGCT     GCT   
       164285.2  79.71   0.00  16.08  22.96  99.75 124150 2980.173   190  265.062 3245.234
       164295.1  15.26   0.00  90.13  24.96  99.75 124158 2980.388   190  265.062 3245.450
       164305.2   0.00  29.63  22.84  24.96  99.75 124167 2980.599   190  265.062 3245.661
       164315.1   0.00  56.73  59.47  25.03  99.75 124175 2980.779   190  265.062 3245.841
       164325.1   0.00  34.26  38.55  25.05  99.75 124183 2980.961   190  265.062 3246.023
       164335.2  35.27   0.00  79.39  25.21  99.75 124190 2981.131   190  265.062 3246.192
       164345.1  39.90   0.00  17.57  25.24  99.75 124198 2981.277   190  265.062 3246.339
       164355.1   0.00  92.90  53.56  25.25  99.75 124205 2981.442   190  265.062 3246.504
       164365.1   0.00  72.93  48.06  25.27  99.75 124213 2981.640   190  265.062 3246.702
       164375.1   0.00 100.00  13.95  25.47  99.75 124221 2981.826   190  265.062 3246.888
Timestamp         S0     S1     E      O      P     YGC     YGCT    FGC    FGCT     GCT   
       164385.2  44.14   0.00  93.80  25.48  99.75 124228 2981.981   190  265.062 3247.043
       164395.2  35.28   0.00  45.06  25.66  99.75 124236 2982.143   190  265.062 3247.205
       164405.1  87.14   0.00  23.15  25.70  99.75 124244 2982.329   190  265.062 3247.391
       164415.1  67.52   0.00   0.00  25.74  99.75 124252 2982.556   190  265.062 3247.617
       164425.2  62.39   0.00   6.23  25.81  99.75 124260 2982.751   190  265.062 3247.813
       164435.1   0.00  54.33  60.63  25.88  99.75 124267 2982.895   190  265.062 3247.957
       164445.1   0.00  71.15  53.67  25.95  99.75 124275 2983.055   190  265.062 3248.116
       164455.2   0.00  60.59  24.44  25.97  99.75 124283 2983.190   190  265.062 3248.251
       164465.2  75.96   0.00  65.44  26.85  99.75 124290 2983.389   190  265.062 3248.450
       164475.1  78.80   0.00  34.99  26.87  99.75 124298 2983.602   190  265.062 3248.664
Timestamp         S0     S1     E      O      P     YGC     YGCT    FGC    FGCT     GCT   
       164485.1  27.36   0.00   3.79  27.40  99.75 124306 2983.814   190  265.062 3248.876
       164495.1   0.00  51.41  64.16  27.42  99.75 124313 2983.948   190  265.062 3249.010
       164505.1   0.00  51.49  46.57  27.44  99.75 124321 2984.126   190  265.062 3249.188
       164515.2   0.00  99.84  39.42  29.06  99.75 124329 2984.406   190  265.062 3249.468
       164525.2   0.00  69.98  43.22  29.07  99.75 124337 2984.654   190  265.062 3249.716
       164535.1   0.00 100.00  43.67  30.25  99.75 124345 2984.857   190  265.062 3249.918
       164545.1   0.00  27.47  50.94  30.27  99.75 124353 2985.004   190  265.062 3250.066
       164555.2   0.00  35.30  63.47  30.29  99.75 124361 2985.162   190  265.062 3250.224
       164565.2   0.00  55.25  39.10  30.33  99.75 124369 2985.305   190  265.062 3250.367
       164575.1   0.00  50.80   9.90  30.36  99.75 124377 2985.439   190  265.062 3250.501
Timestamp         S0     S1     E      O      P     YGC     YGCT    FGC    FGCT     GCT   
       164585.2  81.14   0.00  83.57  30.42  99.75 124384 2985.620   190  265.062 3250.681
       164595.1  77.65   0.00  68.49  30.46  99.75 124392 2985.788   190  265.062 3250.850
       164605.1  59.80   0.00  64.37  31.33  99.75 124400 2986.005   190  265.062 3251.066
       164615.2  68.87   0.00  27.94  31.37  99.75 124408 2986.251   190  265.062 3251.312
       164625.2   0.00  33.80  93.35  32.11  99.75 124415 2986.407   190  265.062 3251.469
       164635.1   0.00  49.83  73.44  32.14  99.75 124423 2986.601   190  265.062 3251.663
       164645.2   0.00  43.56  62.99  32.18  99.75 124431 2986.763   190  265.062 3251.824
       164655.1   0.00  67.45   6.90  32.20  99.75 124439 2987.024   190  265.062 3252.085
       164665.1  87.76   0.00  94.18  32.24  99.75 124446 2987.215   190  265.062 3252.277
       164675.2  92.86   0.00  69.20  32.25  99.75 124454 2987.396   190  265.062 3252.458
Timestamp         S0     S1     E      O      P     YGC     YGCT    FGC    FGCT     GCT   
       164685.2  64.10   0.00  59.36  32.34  99.75 124462 2987.641   190  265.062 3252.703
       164695.1  83.71   0.00  33.81  32.41  99.75 124470 2987.809   190  265.062 3252.871
       164705.2  74.53   0.00   5.07  32.45  99.75 124478 2987.962   190  265.062 3253.024
       164715.1   0.00 100.00  73.46  32.46  99.75 124485 2988.129   190  265.062 3253.191
       164725.1   0.00  67.49  49.42  32.48  99.75 124493 2988.299   190  265.062 3253.360
       164735.2   0.00  67.34   6.87  32.54  99.75 124501 2988.475   190  265.062 3253.537
       164745.2  65.16   0.00  54.92  32.56  99.75 124508 2988.596   190  265.062 3253.657
       164755.2   0.00  99.38  92.68  32.58  99.75 124515 2988.704   190  265.062 3253.766
       164765.2   0.00 100.00  29.94  32.60  99.75 124523 2988.857   190  265.062 3253.919
       164775.1 100.00   0.00  90.31  32.63  99.75 124530 2989.021   190  265.062 3254.082
Timestamp         S0     S1     E      O      P     YGC     YGCT    FGC    FGCT     GCT   
       164785.2  76.02   0.00  54.11  32.73  99.75 124538 2989.169   190  265.062 3254.231
       164795.2  71.38   0.00  24.27  32.80  99.75 124546 2989.336   190  265.062 3254.398
       164805.2   0.00  61.61  93.76  33.06  99.75 124553 2989.571   190  265.062 3254.632
       164815.2   0.00  99.66  77.08  33.08  99.75 124561 2989.765   190  265.062 3254.826
       164825.2   0.00  35.27  18.21  33.34  99.75 124569 2989.937   190  265.062 3254.999
       164835.2  50.71   0.00  87.19  33.36  99.75 124576 2990.085   190  265.062 3255.147
       164845.2  36.68   0.00  64.77  33.37  99.75 124584 2990.268   190  265.062 3255.330
       164855.2  66.08   0.00  23.72  33.41  99.75 124592 2990.415   190  265.062 3255.477
       164865.2  85.43   0.00  10.94  33.50  99.75 124600 2990.626   190  265.062 3255.688
       164875.2   0.00  99.66  92.80  33.52  99.75 124607 2990.773   190  265.062 3255.835
Timestamp         S0     S1     E      O      P     YGC     YGCT    FGC    FGCT     GCT   
       164885.2   0.00  77.85  69.84  33.86  99.75 124615 2990.921   190  265.062 3255.982
       164895.2   0.00  67.07  75.21  33.89  99.75 124623 2991.125   190  265.062 3256.187
       164905.2   0.00 100.00  67.71  33.94  99.75 124631 2991.353   190  265.062 3256.415
       164915.2   0.00  78.93  39.97  34.01  99.75 124639 2991.529   190  265.062 3256.591
       164925.2  28.80   0.00  94.97  34.03  99.75 124646 2991.643   190  265.062 3256.704
       164935.2  40.46   0.00  57.61  34.06  99.75 124654 2991.803   190  265.062 3256.865
       164945.2  73.40   0.00  12.08  34.08  99.75 124662 2991.972   190  265.062 3257.034
       164955.2  57.14   0.00   7.33  34.11  99.75 124670 2992.146   190  265.062 3257.207
       164965.2   0.00  95.35  77.04  34.12  99.75 124677 2992.286   190  265.062 3257.347
       164975.2   0.00  40.46  34.91  34.20  99.75 124685 2992.469   190  265.062 3257.530
Timestamp         S0     S1     E      O      P     YGC     YGCT    FGC    FGCT     GCT   
       164985.2   0.00  51.71   3.52  34.23  99.75 124693 2992.620   190  265.062 3257.682
       164995.2  34.44   0.00  47.58  34.24  99.75 124700 2992.793   190  265.062 3257.855
       165005.2  77.87   0.00   6.37  34.27  99.75 124708 2992.951   190  265.062 3258.013
       165015.2   0.00  99.71  42.29  34.29  99.75 124715 2993.070   190  265.062 3258.132
       165025.2   0.00  89.71   3.31  34.35  99.75 124723 2993.237   190  265.062 3258.298
       165035.3  54.71   0.00  74.22  34.39  99.75 124730 2993.376   190  265.062 3258.437
       165045.2  55.40   0.00  45.47  34.42  99.75 124738 2993.545   190  265.062 3258.606
       165055.3   0.00 100.00  61.69  34.43  99.75 124745 2993.688   190  265.062 3258.749
       165065.2   0.00  51.89  43.32  34.45  99.75 124753 2993.849   190  265.062 3258.910
       165075.2  71.93   0.00  95.02  34.47  99.75 124760 2993.993   190  265.062 3259.055
Timestamp         S0     S1     E      O      P     YGC     YGCT    FGC    FGCT     GCT   
       165085.2  67.86   0.00  43.18  34.60  99.75 124768 2994.271   190  265.062 3259.333
       165095.3  67.69   0.00   8.31  34.61  99.75 124776 2994.494   190  265.062 3259.556
       165105.2  54.06   0.00   0.03  34.65  99.75 124784 2994.655   190  265.062 3259.716
       165115.3   0.00  99.65  86.61  34.76  99.75 124791 2994.859   190  265.062 3259.921
       165125.3   0.00  99.82  63.91  36.09  99.75 124799 2995.078   190  265.062 3260.139
       165135.2   0.00  67.45  81.82  36.10  99.75 124807 2995.392   190  265.062 3260.454
       165145.3  21.55   0.00   3.94  37.10  99.75 124816 2995.621   190  265.062 3260.682
       165155.3  28.46   0.00   5.33  37.21  99.75 124824 2995.780   190  265.062 3260.842
       165165.3   0.00  25.08  70.15  37.22  99.75 124831 2995.911   190  265.062 3260.972
       165175.2   0.00 100.00  22.37  37.23  99.75 124839 2996.098   190  265.062 3261.159
Timestamp         S0     S1     E      O      P     YGC     YGCT    FGC    FGCT     GCT   
       165185.3   0.00  65.29  21.94  37.25  99.75 124847 2996.332   190  265.062 3261.394
       165195.2  41.93   0.00  89.57  37.45  99.75 124854 2996.508   190  265.062 3261.570
       165205.2  47.07   0.00  87.75  37.52  99.75 124862 2996.680   190  265.062 3261.742
       165215.3  50.00   0.00  71.03  37.57  99.75 124870 2996.834   190  265.062 3261.896
       165225.3  41.44   0.00   5.59  37.61  99.75 124878 2996.976   190  265.062 3262.038
       165235.2   0.00  79.43  24.67  37.64  99.75 124885 2997.109   190  265.062 3262.170
       165245.3  77.19   0.00  60.47  37.65  99.75 124892 2997.289   190  265.062 3262.351
       165255.3  62.99   0.00   8.09  37.67  99.75 124900 2997.450   190  265.062 3262.512
       165265.3   0.00  75.79  30.99  37.68  99.75 124907 2997.564   190  265.062 3262.626
       165275.3  60.87   0.00  60.51  37.81  99.75 124914 2997.749   190  265.062 3262.811
Timestamp         S0     S1     E      O      P     YGC     YGCT    FGC    FGCT     GCT   
       165285.3  43.95   0.00   2.31  37.82  99.75 124922 2997.916   190  265.062 3262.978
       165295.3   0.00  59.36  41.83  37.90  99.75 124929 2998.141   190  265.062 3263.203
       165305.3  54.04   0.00  81.42  37.92  99.75 124936 2998.268   190  265.062 3263.330
       165315.3  62.58   0.00  32.30  37.94  99.75 124944 2998.436   190  265.062 3263.498
       165325.3  62.89   0.00   9.24  38.01  99.75 124952 2998.595   190  265.062 3263.657
       165335.3   0.00  66.81  85.45  38.06  99.75 124959 2998.768   190  265.062 3263.829
       165345.3   0.00  50.97  40.04  38.22  99.75 124967 2998.950   190  265.062 3264.012
       165355.3   0.00  46.56   0.00  38.26  99.75 124975 2999.133   190  265.062 3264.194
       165365.3  42.46   0.00  59.27  38.28  99.75 124982 2999.250   190  265.062 3264.312
       165375.3  70.59   0.00   7.41  38.30  99.75 124990 2999.442   190  265.062 3264.503
Timestamp         S0     S1     E      O      P     YGC     YGCT    FGC    FGCT     GCT   
       165385.3   0.00  74.61  78.22  38.31  99.75 124997 2999.592   190  265.062 3264.654
       165395.3   0.00  49.18  24.10  38.34  99.75 125005 2999.760   190  265.062 3264.821
       165405.3   0.00  66.08   5.26  38.37  99.75 125013 2999.907   190  265.062 3264.969
       165415.3  50.95   0.00  45.41  38.39  99.75 125020 3000.057   190  265.062 3265.118
       165425.3   0.00  62.20  92.07  38.43  99.75 125027 3000.235   190  265.062 3265.296
       165435.3   0.00  99.49  38.99  38.44  99.75 125035 3000.380   190  265.062 3265.441
       165445.3  55.41   0.00  63.85  38.50  99.75 125042 3000.527   190  265.062 3265.589
       165455.3 100.00   0.00  15.00  38.70  99.75 125050 3000.706   190  265.062 3265.767
       165465.3   0.00 100.00  84.70  39.39  99.75 125057 3000.936   190  265.062 3265.998
       165475.3  62.66   0.00   0.00  39.65  99.75 125066 3001.233   190  265.062 3266.295
Timestamp         S0     S1     E      O      P     YGC     YGCT    FGC    FGCT     GCT   
       165485.3   0.00  25.52  89.88  40.26  99.75 125073 3001.403   190  265.062 3266.465
       165495.3   0.00  36.06  68.78  40.28  99.75 125081 3001.630   190  265.062 3266.691
       165505.3   0.00  41.21  42.66  40.32  99.75 125089 3001.805   190  265.062 3266.867
       165515.3   0.00 100.00  25.37  40.40  99.75 125097 3001.969   190  265.062 3267.031
       165525.3   0.00  49.53  26.49  40.54  99.75 125105 3002.183   190  265.062 3267.245
       165535.3  48.92   0.00  99.93  40.69  99.75 125113 3002.345   190  265.062 3267.407
       165545.3   0.00  49.61   1.41  41.04  99.75 125121 3002.564   190  265.062 3267.625
       165555.3  52.43   0.00  84.64  41.06  99.75 125128 3002.723   190  265.062 3267.784
       165565.3  28.33   0.00  29.06  41.08  99.75 125136 3002.895   190  265.062 3267.957
       165575.3   0.00  39.95  11.46  41.14  99.75 125143 3003.018   190  265.062 3268.080
Timestamp         S0     S1     E      O      P     YGC     YGCT    FGC    FGCT     GCT   
       165585.3  75.00   0.00  62.57  41.16  99.75 125150 3003.165   190  265.062 3268.227
       165595.3  71.19   0.00   0.00  41.18  99.75 125158 3003.416   190  265.062 3268.478
       165605.3   0.00 100.00  31.69  41.24  99.75 125165 3003.569   190  265.062 3268.630
       165615.3  61.00   0.00  86.72  44.71  99.75 125172 3003.814   190  265.062 3268.875
       165625.3   0.00  61.06  11.65  44.72  99.75 125181 3004.108   190  265.062 3269.169
       165635.3   0.00  31.24  40.82  45.78  99.75 125189 3004.334   190  265.062 3269.396
       165645.3   0.00  20.26  51.15  45.82  99.75 125197 3004.496   190  265.062 3269.558
       165655.3   0.00  58.81  18.10  45.85  99.75 125205 3004.652   190  265.062 3269.714
       165665.3   0.00 100.00  45.47  45.85  99.75 125213 3004.854   190  265.062 3269.915
       165675.3   0.00  33.72   6.85  45.94  99.75 125221 3005.064   190  265.062 3270.126
Timestamp         S0     S1     E      O      P     YGC     YGCT    FGC    FGCT     GCT   
       165685.3  43.83   0.00  68.78  45.99  99.75 125228 3005.234   190  265.062 3270.296
       165695.3  40.44   0.00  34.72  46.11  99.75 125236 3005.380   190  265.062 3270.442
       165705.3  50.24   0.00   6.69  46.12  99.75 125244 3005.572   190  265.062 3270.634
       165715.3   0.00  66.24  89.45  46.18  99.75 125251 3005.730   190  265.062 3270.792
       165725.4   0.00 100.00  54.60  46.27  99.75 125259 3005.894   190  265.062 3270.956
       165735.3   0.00  44.65  28.79  46.29  99.75 125267 3006.041   190  265.062 3271.103
       165745.3   0.00  69.32  19.90  46.30  99.75 125275 3006.195   190  265.062 3271.256
       165755.3   0.00  65.19   2.67  46.67  99.75 125283 3006.361   190  265.062 3271.423
       165765.3  66.20   0.00  61.79  46.71  99.75 125290 3006.536   190  265.062 3271.598
       165775.3   0.00 100.00  97.36  47.10  99.75 125297 3006.686   190  265.062 3271.748
Timestamp         S0     S1     E      O      P     YGC     YGCT    FGC    FGCT     GCT   
       165785.3   0.00  59.85  80.65  47.19  99.75 125305 3006.949   190  265.062 3272.011
       165795.4   0.00  77.02  80.78  47.21  99.75 125313 3007.155   190  265.062 3272.216
       165805.3   0.00  37.97  69.18  47.30  99.75 125321 3007.335   190  265.062 3272.396
       165815.4   0.00  67.48  45.96  47.39  99.75 125329 3007.508   190  265.062 3272.570
       165825.3   0.00  46.25  24.64  47.43  99.75 125337 3007.689   190  265.062 3272.751
       165835.3  40.38   0.00  83.91  47.45  99.75 125344 3007.830   190  265.062 3272.891
       165845.3  72.14   0.00  80.84  47.54  99.75 125352 3008.008   190  265.062 3273.070
       165855.3  45.14   0.00  65.15  47.56  99.75 125360 3008.219   190  265.062 3273.281
       165865.3  65.03   0.00  27.64  47.59  99.75 125368 3008.382   190  265.062 3273.443
       165875.3  63.54   0.00   2.36  47.61  99.75 125376 3008.589   190  265.062 3273.651
Timestamp         S0     S1     E      O      P     YGC     YGCT    FGC    FGCT     GCT   
       165885.3   0.00  52.46  57.17  47.70  99.75 125383 3008.729   190  265.062 3273.791
       165895.3   0.00  99.68   6.73  47.73  99.75 125391 3008.905   190  265.062 3273.967
       165905.3  49.72   0.00  77.45  47.74  99.75 125398 3009.083   190  265.062 3274.145
       165915.4  82.37   0.00  28.03  47.75  99.75 125406 3009.273   190  265.062 3274.334
       165925.3  57.86   0.00   8.64  47.78  99.75 125414 3009.464   190  265.062 3274.526
       165935.3   0.00  63.66  71.17  47.85  99.75 125421 3009.649   190  265.062 3274.710
       165945.3   0.00  48.55  28.45  47.88  99.75 125429 3009.814   190  265.062 3274.875
       165955.3  62.23   0.00  64.66  47.89  99.75 125436 3010.013   190  265.062 3275.075
       165965.4  77.00   0.00  19.05  47.93  99.75 125444 3010.186   190  265.062 3275.248
       165975.3   0.00  42.79  84.59  47.94  99.75 125451 3010.357   190  265.062 3275.419
Timestamp         S0     S1     E      O      P     YGC     YGCT    FGC    FGCT     GCT   
       165985.4   0.00 100.00  37.11  47.98  99.75 125459 3010.525   190  265.062 3275.586
       165995.4  81.14   0.00  90.87  48.09  99.75 125466 3010.702   190  265.062 3275.764
       166005.3  90.55   0.00  46.61  48.12  99.75 125474 3010.873   190  265.062 3275.934
       166015.3  50.28   0.00  15.55  48.13  99.75 125482 3011.065   190  265.062 3276.127
       166025.3   0.00  71.56  92.63  48.21  99.75 125489 3011.243   190  265.062 3276.305
       166035.4   0.00  70.56  60.41  48.27  99.75 125497 3011.426   190  265.062 3276.488
       166045.4   0.00  99.61  20.33  48.32  99.75 125505 3011.654   190  265.062 3276.716
       166055.3  48.10   0.00  54.98  48.42  99.75 125512 3011.783   190  265.062 3276.845
       166065.3   0.00  54.37  88.32  48.44  99.75 125519 3011.927   190  265.062 3276.989
       166075.3   0.00 100.00  27.54  48.48  99.75 125527 3012.115   190  265.062 3277.177
Timestamp         S0     S1     E      O      P     YGC     YGCT    FGC    FGCT     GCT   
       166085.4   0.00  65.06   9.62  48.50  99.75 125535 3012.289   190  265.062 3277.351
       166095.4  94.08   0.00  67.40  48.55  99.75 125542 3012.438   190  265.062 3277.499
       166105.4  88.29   0.00  41.91  48.57  99.75 125550 3012.594   190  265.062 3277.656
       166115.4  47.87   0.00  21.78  48.65  99.75 125558 3012.797   190  265.062 3277.858
       166125.4   0.00  35.82  67.37  48.68  99.75 125565 3012.979   190  265.062 3278.041
       166135.4   0.00  80.48  15.91  48.78  99.75 125573 3013.141   190  265.062 3278.202
       166145.3  65.57   0.00  87.50  48.80  99.75 125580 3013.290   190  265.062 3278.352
       166155.4  98.05   0.00  49.95  49.05  99.75 125588 3013.593   190  265.062 3278.655
       166165.3  88.37   0.00  42.66  49.08  99.75 125596 3013.843   190  265.062 3278.904
       166175.4  36.11   0.00  37.42  49.38  99.75 125604 3014.043   190  265.062 3279.105
Timestamp         S0     S1     E      O      P     YGC     YGCT    FGC    FGCT     GCT   
       166185.3  46.33   0.00   0.00  49.44  99.75 125612 3014.198   190  265.062 3279.260
       166195.3   0.00  67.90  53.27  49.51  99.75 125619 3014.327   190  265.062 3279.388
       166205.4   0.00  48.70  22.26  49.52  99.75 125627 3014.469   190  265.062 3279.531
       166215.3   0.00  71.24   0.00  49.56  99.75 125635 3014.675   190  265.062 3279.737
       166225.3  54.98   0.00  67.49  49.58  99.75 125642 3014.865   190  265.062 3279.927
       166235.3  58.41   0.00  51.18  49.61  99.75 125650 3015.064   190  265.062 3280.126
       166245.4  56.05   0.00  19.31  49.71  99.75 125658 3015.241   190  265.062 3280.303
       166255.4   0.00  48.37  61.65  49.74  99.75 125665 3015.424   190  265.062 3280.486
       166265.4   0.00  59.23  28.04  49.76  99.75 125673 3015.664   190  265.062 3280.726
       166275.4  59.76   0.00  84.06  49.80  99.75 125680 3015.811   190  265.062 3280.872
Timestamp         S0     S1     E      O      P     YGC     YGCT    FGC    FGCT     GCT   
       166285.4  76.50   0.00  80.92  50.61  99.75 125688 3016.060   190  265.062 3281.121
       166295.4  61.65   0.00  74.06  50.65  99.75 125696 3016.302   190  265.062 3281.364
       166305.4  19.42   0.00  95.08  51.40  99.75 125704 3016.500   190  265.062 3281.562
       166315.4  59.59   0.00  95.13  51.43  99.75 125712 3016.738   190  265.062 3281.800
       166325.4  43.59   0.00  72.97  51.46  99.75 125720 3017.007   190  265.062 3282.069
       166335.4  49.60   0.00  53.67  51.64  99.75 125728 3017.167   190  265.062 3282.229
       166345.4  40.00   0.00   8.76  51.69  99.75 125736 3017.330   190  265.062 3282.392
       166355.4   0.00  41.98  98.31  51.71  99.75 125744 3017.483   190  265.062 3282.545
       166365.4   0.00  55.81  83.41  51.76  99.75 125751 3017.677   190  265.062 3282.738
       166375.4   0.00  63.28  44.75  51.78  99.75 125759 3017.906   190  265.062 3282.968
Timestamp         S0     S1     E      O      P     YGC     YGCT    FGC    FGCT     GCT   
       166385.4  86.83   0.00  77.84  51.84  99.75 125766 3018.052   190  265.062 3283.113
       166395.4  74.16   0.00  36.30  51.85  99.75 125774 3018.255   190  265.062 3283.317
       166405.4  77.90   0.00   0.00  51.87  99.75 125782 3018.437   190  265.062 3283.499
       166415.4   0.00  80.86  79.93  51.94  99.75 125789 3018.579   190  265.062 3283.640
       166425.4   0.00  74.85  23.41  51.98  99.75 125797 3018.732   190  265.062 3283.794
       166435.4   0.00  63.21  19.08  53.04  99.75 125805 3019.001   190  265.062 3284.062
       166445.4  74.85   0.00  78.34  53.05  99.75 125812 3019.254   190  265.062 3284.316
       166455.4  52.34   0.00  91.37  53.66  99.75 125820 3019.443   190  265.062 3284.505
       166465.4   0.00  31.50   4.08  53.68  99.75 125829 3019.735   190  265.062 3284.796
       166475.4  25.47   0.00  91.81  53.70  99.75 125836 3019.860   190  265.062 3284.921
Timestamp         S0     S1     E      O      P     YGC     YGCT    FGC    FGCT     GCT   
       166485.5  72.77   0.00  61.98  53.76  99.75 125844 3020.097   190  265.062 3285.158
       166495.5   0.00  68.91  72.88  53.78  99.75 125851 3020.233   190  265.062 3285.294
       166505.4   0.00  74.46  36.80  53.82  99.75 125859 3020.437   190  265.062 3285.498
       166515.5   0.00 100.00  30.21  54.42  99.75 125867 3020.688   190  265.062 3285.750
       166525.5   0.00  63.61  44.91  54.44  99.75 125875 3020.946   190  265.062 3286.007
       166535.5   0.00  26.35  32.66  55.00  99.75 125883 3021.149   190  265.062 3286.210
       166545.5   0.00  36.59  12.49  55.03  99.75 125891 3021.338   190  265.062 3286.400
       166555.5  77.27   0.00  95.54  55.04  99.75 125898 3021.481   190  265.062 3286.543
       166565.5  54.91   0.00  78.88  55.06  99.75 125906 3021.676   190  265.062 3286.738
       166575.5  72.90   0.00  62.73  55.14  99.75 125914 3021.975   190  265.062 3287.036
Timestamp         S0     S1     E      O      P     YGC     YGCT    FGC    FGCT     GCT   
       166585.5  59.61   0.00  75.99  55.22  99.75 125922 3022.209   190  265.062 3287.270
       166595.4  30.60   0.00  46.75  55.26  99.75 125930 3022.428   190  265.062 3287.489
       166605.4  35.65   0.00   0.00  55.35  99.75 125938 3022.952   190  265.062 3288.014
       166615.4   0.00  47.33  78.05  55.44  99.75 125945 3023.104   190  265.062 3288.165
       166625.5   0.00  65.64  23.70  55.44  99.75 125953 3023.283   190  265.062 3288.344
       166635.5  45.85   0.00  75.14  55.70  99.75 125960 3023.446   190  265.062 3288.508
       166645.4  80.59   0.00  60.55  55.74  99.75 125968 3023.646   190  265.062 3288.708
       166655.5  36.54   0.00  40.23  55.78  99.75 125976 3023.798   190  265.062 3288.860
       166665.5  42.56   0.00  20.39  55.91  99.75 125984 3023.990   190  265.062 3289.052
       166675.5   0.00  68.75  70.01  55.93  99.75 125991 3024.145   190  265.062 3289.207
Timestamp         S0     S1     E      O      P     YGC     YGCT    FGC    FGCT     GCT   
       166685.5   0.00 100.00  35.87  55.95  99.75 125999 3024.409   190  265.062 3289.470
       166695.5   0.00  99.72  31.28  55.97  99.75 126007 3024.656   190  265.062 3289.718
       166705.4  53.04   0.00  92.74  56.02  99.75 126014 3024.805   190  265.062 3289.867
       166715.5  87.17   0.00  74.38  56.04  99.75 126022 3024.992   190  265.062 3290.054
       166725.5  62.39   0.00  61.74  56.18  99.75 126030 3025.194   190  265.062 3290.256
       166735.5  85.41   0.00  32.20  56.35  99.75 126038 3025.505   190  265.062 3290.566
       166745.5   0.00  99.51  97.02  56.43  99.75 126045 3025.661   190  265.062 3290.723
       166755.5   0.00  99.55  56.41  56.46  99.75 126053 3025.794   190  265.062 3290.856
       166765.5   0.00  64.78  21.61  56.49  99.75 126061 3025.947   190  265.062 3291.009
       166775.5  65.80   0.00  78.48  56.51  99.75 126068 3026.099   190  265.062 3291.160
Timestamp         S0     S1     E      O      P     YGC     YGCT    FGC    FGCT     GCT   
       166785.5  52.59   0.00  37.10  56.53  99.75 126076 3026.264   190  265.062 3291.325
       166795.4   0.00  52.75  82.36  56.65  99.75 126083 3026.399   190  265.062 3291.461
       166805.5   0.00  67.30  44.36  56.67  99.75 126091 3026.546   190  265.062 3291.608
       166815.5   0.00  65.85  12.71  56.74  99.75 126099 3026.710   190  265.062 3291.772
       166825.5  52.44   0.00  58.07  56.76  99.75 126106 3026.820   190  265.062 3291.882
       166835.5  81.91   0.00   3.51  56.82  99.75 126114 3026.968   190  265.062 3292.029
       166845.5  63.87   0.00   0.00  59.19  99.75 126122 3027.214   190  265.062 3292.276
       166855.5   0.00  53.79  93.95  59.20  99.75 126129 3027.413   190  265.062 3292.475
       166865.5   0.00  28.47  58.17  60.14  99.75 126137 3027.609   190  265.062 3292.671
       166875.5   0.00  34.68  43.40  60.16  99.75 126145 3027.849   190  265.062 3292.911
Timestamp         S0     S1     E      O      P     YGC     YGCT    FGC    FGCT     GCT   
       166885.5   0.00  48.23  22.04  60.18  99.75 126153 3028.094   190  265.062 3293.156
       166895.5  53.08   0.00  92.03  60.20  99.75 126160 3028.317   190  265.062 3293.379
       166905.5  35.89   0.00  70.95  60.21  99.75 126168 3028.523   190  265.062 3293.585
       166915.5  42.48   0.00  20.39  60.34  99.75 126176 3028.721   190  265.062 3293.783
       166925.5  42.06   0.00   3.14  60.38  99.75 126184 3028.899   190  265.062 3293.960
       166935.5   0.00 100.00  71.95  60.40  99.75 126191 3029.081   190  265.062 3294.143
       166945.5   0.00 100.00  53.46  60.44  99.75 126199 3029.285   190  265.062 3294.346
       166955.5  58.26   0.00  81.86  60.46  99.75 126206 3029.415   190  265.062 3294.477
       166965.5  44.55   0.00  32.67  60.63  99.75 126214 3029.564   190  265.062 3294.626
       166975.5   0.00  42.94  73.36  60.65  99.75 126221 3029.752   190  265.062 3294.814
Timestamp         S0     S1     E      O      P     YGC     YGCT    FGC    FGCT     GCT   
       166985.5   0.00  99.64  39.93  60.66  99.75 126229 3029.953   190  265.062 3295.015
       166995.5   0.00  99.68   0.00  60.69  99.75 126237 3030.136   190  265.062 3295.198
       167005.5  82.16   0.00  49.35  61.31  99.75 126244 3030.316   190  265.062 3295.377
       167015.5  77.34   0.00  35.78  61.38  99.75 126252 3030.510   190  265.062 3295.572
       167025.5  39.55   0.00  14.35  61.72  99.75 126260 3030.685   190  265.062 3295.746
       167035.5   0.00  38.94  82.55  61.73  99.75 126267 3030.825   190  265.062 3295.887
       167045.5   0.00 100.00  97.75  62.00  99.75 126275 3031.027   190  265.062 3296.089
       167055.5   0.00  47.86  80.57  62.01  99.75 126283 3031.216   190  265.062 3296.278
       167065.5   0.00  23.43  31.50  62.31  99.75 126291 3031.396   190  265.062 3296.458
       167075.5  35.84   0.00  73.02  62.36  99.75 126298 3031.556   190  265.062 3296.618
Timestamp         S0     S1     E      O      P     YGC     YGCT    FGC    FGCT     GCT   
       167085.5  39.18   0.00  27.48  62.38  99.75 126306 3031.724   190  265.062 3296.785
       167095.5   0.00  47.07  52.28  62.39  99.75 126313 3031.940   190  265.062 3297.001
       167105.5   0.00  63.89  16.84  62.41  99.75 126321 3032.119   190  265.062 3297.181
       167115.5   0.00  81.37   0.00  62.48  99.75 126329 3032.300   190  265.062 3297.362
       167125.5  88.72   0.00  46.17  62.51  99.75 126336 3032.466   190  265.062 3297.528
       167135.5  75.24   0.00  21.06  63.10  99.75 126344 3032.685   190  265.062 3297.746
       167145.5   0.00  62.68  79.72  63.17  99.75 126351 3032.843   190  265.062 3297.905
       167155.5   0.00  71.17  39.19  63.38  99.75 126359 3033.045   190  265.062 3298.107
       167165.5   0.00  64.42   9.13  63.40  99.75 126367 3033.260   190  265.062 3298.322
       167175.5  54.59   0.00  65.75  63.46  99.75 126374 3033.419   190  265.062 3298.481
Timestamp         S0     S1     E      O      P     YGC     YGCT    FGC    FGCT     GCT   
       167185.5  97.97   0.00  12.34  63.51  99.75 126382 3033.604   190  265.062 3298.665
       167195.5  52.13  86.57 100.00  63.59  99.75 126390 3033.780   190  265.062 3298.842
       167205.5   0.00  64.86  76.43  63.61  99.75 126397 3034.003   190  265.062 3299.065
       167215.5   0.00 100.00  27.37  63.74  99.75 126405 3034.185   190  265.062 3299.246
       167225.5  44.18   0.00  75.72  63.77  99.75 126412 3034.347   190  265.062 3299.409
       167235.5  66.93   0.00  28.07  63.78  99.75 126420 3034.537   190  265.062 3299.599
       167245.5   0.00 100.00  99.20  63.79  99.75 126427 3034.693   190  265.062 3299.754
       167255.5  66.19   0.00   6.66  63.84  99.75 126436 3034.899   190  265.062 3299.961
       167265.5   0.00  42.66  76.88  64.00  99.75 126443 3035.072   190  265.062 3300.133
       167275.5   0.00  57.31  24.71  64.03  99.75 126451 3035.277   190  265.062 3300.339
Timestamp         S0     S1     E      O      P     YGC     YGCT    FGC    FGCT     GCT   
       167285.5  62.21   0.00  89.28  64.04  99.75 126458 3035.480   190  265.062 3300.542
       167295.5  56.99   0.00  57.53  64.06  99.75 126466 3035.682   190  265.062 3300.744
       167305.5  79.30   0.00  36.58  64.09  99.75 126474 3035.922   190  265.062 3300.983
       167315.5  68.47   0.00  45.94  65.53  99.75 126482 3036.183   190  265.062 3301.244
       167325.5  62.18   0.00  54.31  65.61  99.75 126490 3036.450   190  265.062 3301.512
       167335.6  28.25   0.00  27.82  66.56  99.75 126498 3036.657   190  265.062 3301.718
       167345.6   0.00  27.08  98.74  66.59  99.75 126505 3036.816   190  265.062 3301.878
       167355.6   0.00  86.59  49.67  66.62  99.75 126513 3036.980   190  265.062 3302.042
       167365.6   0.00  50.15  49.53  66.65  99.75 126521 3037.204   190  265.062 3302.266
       167375.6   0.00  39.35  21.60  66.81  99.75 126529 3037.434   190  265.062 3302.495
Timestamp         S0     S1     E      O      P     YGC     YGCT    FGC    FGCT     GCT   
       167385.6  43.97   0.00  96.30  66.92  99.75 126536 3037.596   190  265.062 3302.658
       167395.6  66.36   0.00  37.00  66.98  99.75 126544 3037.801   190  265.062 3302.863
       167405.6   0.00  31.19  62.15  67.00  99.75 126551 3037.923   190  265.062 3302.985
       167415.6   0.00  46.37  11.22  67.03  99.75 126559 3038.077   190  265.062 3303.138
       167425.6  62.58   0.00  17.07  67.05  99.75 126566 3038.227   190  265.062 3303.289
       167435.6   0.00  73.38  85.67  67.07  99.75 126573 3038.394   190  265.062 3303.456
       167445.6   0.00 100.00  17.51  67.09  99.75 126581 3038.550   190  265.062 3303.611
       167455.6  79.94   0.00  36.21  67.17  99.75 126588 3038.705   190  265.062 3303.766
       167465.6   0.00  52.98  30.69  67.18  99.75 126595 3038.833   190  265.062 3303.895
       167475.6  47.16   0.00  58.81  67.20  99.75 126602 3038.999   190  265.062 3304.061
Timestamp         S0     S1     E      O      P     YGC     YGCT    FGC    FGCT     GCT   
       167485.6  43.90   0.00   5.32  67.24  99.75 126610 3039.165   190  265.062 3304.227
       167495.6   0.00  72.94  72.20  67.25  99.75 126617 3039.308   190  265.062 3304.370
       167505.6   0.00 100.00  71.41  67.35  99.75 126625 3039.498   190  265.062 3304.560
       167515.6   0.00  83.59  14.60  67.37  99.75 126633 3039.657   190  265.062 3304.718
       167525.6  80.64   0.00  70.02  67.48  99.75 126640 3039.810   190  265.062 3304.871
       167535.6  79.23   0.00  20.84  67.50  99.75 126648 3039.986   190  265.062 3305.047
       167545.6  93.22   0.00   7.17  68.13  99.75 126656 3040.167   190  265.062 3305.229
       167555.6   0.00 100.00  73.76  68.14  99.75 126663 3040.335   190  265.062 3305.397
       167565.6   0.00  52.73  46.27  68.66  99.75 126671 3040.558   190  265.062 3305.619
       167575.6  59.38   0.00  60.88  17.23  99.75 126678 3040.705   191  266.280 3306.985
Timestamp         S0     S1     E      O      P     YGC     YGCT    FGC    FGCT     GCT   
       167585.6  65.04   0.00  44.34  17.23  99.75 126686 3040.921   191  266.280 3307.201
       167595.6  52.06   0.00  29.95  17.70  99.75 126694 3041.104   191  266.280 3307.384
       167605.6   0.00  60.04  96.65  17.73  99.75 126701 3041.240   191  266.280 3307.520
       167615.6   0.00  36.71  33.98  17.78  99.75 126709 3041.383   191  266.280 3307.662
       167625.6   0.00  39.44   8.96  17.80  99.75 126717 3041.568   191  266.280 3307.848
       167635.6  70.77   0.00  55.16  17.81  99.75 126724 3041.704   191  266.280 3307.984
       167645.6  63.26   0.00  44.78  17.83  99.75 126732 3041.920   191  266.280 3308.200
       167655.6   0.00  63.95  73.42  17.89  99.75 126739 3042.054   191  266.280 3308.334
       167665.6  75.43   0.00  94.04  17.97  99.75 126746 3042.211   191  266.280 3308.491
       167675.6  39.94   0.00  49.58  17.99  99.75 126754 3042.364   191  266.280 3308.644
Timestamp         S0     S1     E      O      P     YGC     YGCT    FGC    FGCT     GCT   
       167685.6   0.00  58.47  88.13  18.06  99.75 126761 3042.504   191  266.280 3308.784
       167695.6  51.28   0.00  92.17  18.08  99.75 126768 3042.678   191  266.280 3308.958
       167705.6  61.49   0.00  44.25  18.14  99.75 126776 3042.851   191  266.280 3309.130
       167715.7  93.06   0.00  22.84  18.17  99.75 126784 3043.010   191  266.280 3309.290
       167725.7   0.00  58.96  74.10  18.19  99.75 126791 3043.130   191  266.280 3309.409
       167735.6   0.00  77.63  16.50  18.21  99.75 126799 3043.287   191  266.280 3309.567
       167745.6 100.00   0.00  60.03  18.26  99.75 126806 3043.433   191  266.280 3309.713
       167755.7  97.84   0.00  41.91  18.41  99.75 126814 3043.624   191  266.280 3309.904
       167765.7   0.00  55.07  99.92  18.44  99.75 126821 3043.762   191  266.280 3310.042
       167775.6   0.00  37.25  25.00  18.66  99.75 126829 3043.915   191  266.280 3310.195
Timestamp         S0     S1     E      O      P     YGC     YGCT    FGC    FGCT     GCT   
       167785.6  49.16   0.00  85.02  18.68  99.75 126836 3044.053   191  266.280 3310.332
       167795.6  65.69   0.00  44.14  18.70  99.75 126844 3044.202   191  266.280 3310.482
       167805.6   0.00  59.86  63.00  18.71  99.75 126851 3044.339   191  266.280 3310.618
       167815.7  68.36   0.00  62.79  18.73  99.75 126858 3044.455   191  266.280 3310.735
       167825.6   0.00 100.00  70.88  18.75  99.75 126865 3044.585   191  266.280 3310.864
       167835.7   0.00  99.83  31.76  20.77  99.75 126873 3044.817   191  266.280 3311.097
       167845.6   0.00  99.67  32.93  21.17  99.75 126881 3045.041   191  266.280 3311.320
       167855.7   0.00  29.72  30.53  21.51  99.75 126889 3045.219   191  266.280 3311.499
       167865.7   0.00  26.34  35.66  21.58  99.75 126897 3045.375   191  266.280 3311.655
       167875.7  45.97   0.00  99.80  21.60  99.75 126905 3045.518   191  266.280 3311.797
Timestamp         S0     S1     E      O      P     YGC     YGCT    FGC    FGCT     GCT   
       167885.7  65.66   0.00  65.13  21.62  99.75 126912 3045.682   191  266.280 3311.962
       167895.7  46.24   0.00   4.65  21.64  99.75 126920 3045.845   191  266.280 3312.124
       167905.7   0.00 100.00  66.06  21.68  99.75 126927 3045.994   191  266.280 3312.273
       167915.7   0.00  46.54  22.47  21.69  99.75 126935 3046.143   191  266.280 3312.423
       167925.7   0.00  58.74   0.00  21.77  99.75 126943 3046.312   191  266.280 3312.591
       167935.7  80.41   0.00  53.68  21.79  99.75 126950 3046.452   191  266.280 3312.732
       167945.7  67.42   0.00  26.61  21.81  99.75 126958 3046.630   191  266.280 3312.910
       167955.7   0.00  38.13  97.69  21.83  99.75 126966 3046.763   191  266.280 3313.043
       167965.7   0.00  89.33  61.22  21.88  99.75 126973 3046.909   191  266.280 3313.189
       167975.7   0.00  52.23   6.54  21.92  99.75 126981 3047.124   191  266.280 3313.404
Timestamp         S0     S1     E      O      P     YGC     YGCT    FGC    FGCT     GCT   
       167985.7  56.58   0.00  66.24  21.94  99.75 126988 3047.247   191  266.280 3313.527
       167995.7 100.00   0.00  18.02  22.94  99.75 126996 3047.418   191  266.280 3313.698
       168005.7  63.92   0.00   7.14  25.63  99.75 127004 3047.694   191  266.280 3313.974
       168015.7  25.97   0.00  48.72  26.70  99.75 127012 3047.986   191  266.280 3314.266
       168025.7  12.55   0.00  33.08  26.93  99.75 127020 3048.123   191  266.280 3314.403
       168035.7  23.76   0.00  11.29  26.96  99.75 127028 3048.277   191  266.280 3314.556
       168045.7   0.00  52.84  62.96  26.98  99.75 127035 3048.407   191  266.280 3314.686
       168055.7  53.65   0.00  95.39  26.99  99.75 127042 3048.525   191  266.280 3314.804
       168065.7  97.06   0.00  23.32  27.07  99.75 127050 3048.726   191  266.280 3315.006
       168075.7 100.00   0.00  13.84  27.15  99.75 127058 3048.891   191  266.280 3315.171
Timestamp         S0     S1     E      O      P     YGC     YGCT    FGC    FGCT     GCT   
       168085.7  90.18   0.00  13.93  27.20  99.75 127066 3049.079   191  266.280 3315.359
       168095.7   0.00  27.97  80.13  27.25  99.75 127073 3049.235   191  266.280 3315.515
       168105.7   0.00  69.30  22.02  27.28  99.75 127081 3049.382   191  266.280 3315.662
       168115.7  71.78   0.00  97.45  27.33  99.75 127089 3049.642   191  266.280 3315.921
       168125.7  61.18   0.00  91.75  27.36  99.75 127096 3049.810   191  266.280 3316.090
       168135.7  38.74   0.00  78.42  27.53  99.75 127104 3050.008   191  266.280 3316.287
       168145.8  27.33   0.00  53.56  27.57  99.75 127112 3050.186   191  266.280 3316.466
       168155.7  35.79   0.00  20.06  27.59  99.75 127120 3050.347   191  266.280 3316.627
       168165.7   0.00  57.69  44.61  27.63  99.75 127127 3050.487   191  266.280 3316.766
       168175.8  52.58   0.00  69.02  27.64  99.75 127134 3050.701   191  266.280 3316.981
Timestamp         S0     S1     E      O      P     YGC     YGCT    FGC    FGCT     GCT   
       168185.7  79.32   0.00  27.90  27.65  99.75 127142 3050.872   191  266.280 3317.151
       168195.7  41.29   0.00   8.94  27.80  99.75 127150 3051.061   191  266.280 3317.341
       168205.7   0.00 100.00  82.08  27.83  99.75 127157 3051.209   191  266.280 3317.489
       168215.7   0.00  62.56  60.83  27.91  99.75 127165 3051.410   191  266.280 3317.690
       168225.7   0.00 100.00   5.86  27.94  99.75 127173 3051.577   191  266.280 3317.856
       168235.8 100.00   0.00  45.27  28.68  99.75 127180 3051.740   191  266.280 3318.019
       168245.7  67.89   0.00  22.88  29.73  99.75 127188 3051.955   191  266.280 3318.235
       168255.7  49.87   0.00  46.71  30.29  99.75 127196 3052.146   191  266.280 3318.425
       168265.7  26.62   0.00  43.04  30.52  99.75 127204 3052.372   191  266.280 3318.652
       168275.7  38.02   0.00   9.45  30.54  99.75 127212 3052.544   191  266.280 3318.823
Timestamp         S0     S1     E      O      P     YGC     YGCT    FGC    FGCT     GCT   
       168285.8   0.00  53.79  98.59  30.57  99.75 127219 3052.695   191  266.280 3318.975
       168295.7   0.00  99.57  56.81  30.58  99.75 127227 3052.861   191  266.280 3319.141
       168305.8   0.00  99.55  32.38  30.64  99.75 127235 3053.036   191  266.280 3319.316
       168315.7   0.00  73.12  26.30  30.66  99.75 127243 3053.215   191  266.280 3319.495
       168325.7  76.20   0.00  84.76  30.67  99.75 127250 3053.367   191  266.280 3319.647
       168335.7  39.24   0.00  19.04  30.76  99.75 127258 3053.504   191  266.280 3319.783
       168345.7   0.00  52.20  29.58  30.78  99.75 127265 3053.639   191  266.280 3319.919
       168355.7 100.00   0.00  63.99  30.82  99.75 127272 3053.795   191  266.280 3320.075
       168365.7  80.39   0.00  13.63  31.04  99.75 127280 3054.017   191  266.280 3320.296
       168375.7   0.00  51.29  92.13  31.14  99.75 127287 3054.207   191  266.280 3320.486
Timestamp         S0     S1     E      O      P     YGC     YGCT    FGC    FGCT     GCT   
       168385.7   0.00  36.45  62.20  31.38  99.75 127295 3054.388   191  266.280 3320.668
       168395.8   0.00  28.11  17.61  31.41  99.75 127303 3054.547   191  266.280 3320.827
       168405.7  46.05   0.00  85.76  31.42  99.75 127310 3054.683   191  266.280 3320.963
       168415.8  71.76   0.00  48.15  31.44  99.75 127318 3054.836   191  266.280 3321.115
       168425.7  66.67   0.00  23.12  31.47  99.75 127326 3055.026   191  266.280 3321.306
       168435.7   0.00  61.74  94.37  31.48  99.75 127333 3055.226   191  266.280 3321.506
       168445.8   0.00  34.59  55.97  31.52  99.75 127341 3055.375   191  266.280 3321.654
       168455.7  64.20   0.00  77.62  31.56  99.75 127348 3055.495   191  266.280 3321.775
       168465.8  84.95   0.00  69.71  31.58  99.75 127356 3055.674   191  266.280 3321.953
       168475.8   0.00  93.27  94.12  31.59  99.75 127363 3055.804   191  266.280 3322.084
Timestamp         S0     S1     E      O      P     YGC     YGCT    FGC    FGCT     GCT   
       168485.8  65.12   0.00   4.51  34.82  99.75 127372 3056.110   191  266.280 3322.390
       168495.8  49.70   0.00  27.96  35.03  99.75 127380 3056.366   191  266.280 3322.645
       168505.8  11.42   0.00  10.50  36.01  99.75 127388 3056.518   191  266.280 3322.798
       168515.8  28.03   0.00  40.44  36.02  99.75 127396 3056.683   191  266.280 3322.962
       168525.8  37.84   0.00  35.46  36.05  99.75 127404 3056.847   191  266.280 3323.127
       168535.7   0.00  60.62  80.46  36.12  99.75 127411 3056.981   191  266.280 3323.261
       168545.8   0.00 100.00  31.35  36.14  99.75 127419 3057.164   191  266.280 3323.444
       168555.8  48.02   0.00  90.65  36.16  99.75 127426 3057.310   191  266.280 3323.589
       168565.8  36.01   0.00  29.01  36.18  99.75 127434 3057.462   191  266.280 3323.742
       168575.7   0.00 100.00  97.48  37.06  99.75 127442 3057.620   191  266.280 3323.900
Timestamp         S0     S1     E      O      P     YGC     YGCT    FGC    FGCT     GCT   
       168585.8  84.02   0.00  31.97  38.41  99.75 127450 3057.890   191  266.280 3324.170
       168595.7  37.15   0.00  38.01  39.40  99.75 127458 3058.118   191  266.280 3324.398
       168605.7  28.38   0.00  71.62  39.46  99.75 127466 3058.309   191  266.280 3324.588
       168615.8  22.77   0.00  97.45  39.48  99.75 127474 3058.510   191  266.280 3324.790
       168625.8   0.00  35.95   0.00  39.51  99.75 127483 3058.680   191  266.280 3324.959
       168635.8  61.78   0.00  95.21  39.53  99.75 127490 3058.846   191  266.280 3325.126
       168645.7  82.47   0.00  54.36  39.58  99.75 127498 3059.009   191  266.280 3325.289
       168655.8   0.00  99.53  85.14  39.60  99.75 127505 3059.149   191  266.280 3325.429
       168665.8   0.00  99.58  80.96  39.68  99.75 127513 3059.347   191  266.280 3325.627
       168675.8   0.00  99.45  46.21  39.73  99.75 127521 3059.526   191  266.280 3325.806
Timestamp         S0     S1     E      O      P     YGC     YGCT    FGC    FGCT     GCT   
       168685.8   0.00  51.28   0.76  39.80  99.75 127529 3059.685   191  266.280 3325.965
       168695.7  47.59   0.00  61.92  39.82  99.75 127536 3059.834   191  266.280 3326.114
       168705.8  93.25   0.00  13.25  39.84  99.75 127544 3059.990   191  266.280 3326.270
       168715.8   0.00  63.12  69.79  39.87  99.75 127551 3060.177   191  266.280 3326.456
       168725.8   0.00  61.93  14.26  40.42  99.75 127559 3060.361   191  266.280 3326.641
       168735.8  71.60   0.00  48.99  40.44  99.75 127566 3060.513   191  266.280 3326.792
       168745.8  41.22   0.00   0.00  40.72  99.75 127574 3060.661   191  266.280 3326.941
       168755.8   0.00  62.12  15.59  40.73  99.75 127581 3060.803   191  266.280 3327.083
       168765.8  65.66   0.00  92.96  40.97  99.75 127588 3060.970   191  266.280 3327.250
       168775.8  83.33   0.00  57.82  40.99  99.75 127596 3061.152   191  266.280 3327.432
Timestamp         S0     S1     E      O      P     YGC     YGCT    FGC    FGCT     GCT   
       168785.8  48.06   0.00  30.22  41.22  99.75 127604 3061.348   191  266.280 3327.627
       168795.8   0.00 100.00  72.77  41.25  99.75 127611 3061.516   191  266.280 3327.795
       168805.8   0.00  60.95  36.97  41.28  99.75 127619 3061.668   191  266.280 3327.948
       168815.8   0.00  45.26   6.33  41.31  99.75 127627 3061.846   191  266.280 3328.126
       168825.8  49.33   0.00  37.42  41.33  99.75 127634 3061.994   191  266.280 3328.274
       168835.8   0.00 100.00  42.94  41.36  99.75 127641 3062.147   191  266.280 3328.427
       168845.8   0.00 100.00   1.81  41.39  99.75 127649 3062.328   191  266.280 3328.608
       168855.7  94.32   0.00  57.99  41.41  99.75 127656 3062.554   191  266.280 3328.833
       168865.8  70.27   0.00  61.83  41.54  99.75 127664 3062.731   191  266.280 3329.010
       168875.8  35.51   0.00  58.44  41.62  99.75 127672 3062.917   191  266.280 3329.197
Timestamp         S0     S1     E      O      P     YGC     YGCT    FGC    FGCT     GCT   
       168885.8  54.95   0.00  38.79  41.65  99.75 127680 3063.073   191  266.280 3329.353
       168895.8  47.30   0.00   4.21  41.66  99.75 127688 3063.254   191  266.280 3329.533
       168905.8   0.00  69.10  84.19  41.68  99.75 127695 3063.389   191  266.280 3329.669
       168915.8   0.00  99.72  54.62  41.70  99.75 127703 3063.575   191  266.280 3329.855
       168925.8  66.85   0.00  95.94  41.72  99.75 127710 3063.714   191  266.280 3329.994
       168935.8  64.21   0.00  78.27  41.85  99.75 127718 3063.887   191  266.280 3330.167
       168945.8  79.62   0.00  79.06  41.96  99.75 127726 3064.053   191  266.280 3330.333
       168955.8  86.70   0.00  39.36  41.98  99.75 127734 3064.216   191  266.280 3330.496
       168965.8  87.98   0.00   0.00  42.03  99.75 127742 3064.390   191  266.280 3330.669
       168975.8   0.00  54.65  50.49  42.04  99.75 127749 3064.530   191  266.280 3330.810
Timestamp         S0     S1     E      O      P     YGC     YGCT    FGC    FGCT     GCT   
       168985.8   0.00  75.40  20.39  42.07  99.75 127757 3064.698   191  266.280 3330.978
       168995.8  55.93   0.00  85.47  42.09  99.75 127764 3064.835   191  266.280 3331.115
       169005.8  62.72   0.00  47.68  42.23  99.75 127772 3065.001   191  266.280 3331.280
       169015.8   0.00  82.50  86.08  42.25  99.75 127779 3065.133   191  266.280 3331.413
       169025.8   0.00  71.38  22.36  42.27  99.75 127787 3065.347   191  266.280 3331.627
       169035.8  70.90   0.00  75.89  45.30  99.75 127794 3065.553   191  266.280 3331.833
       169045.8  73.98   0.00  83.52  45.33  99.75 127802 3065.785   191  266.280 3332.064
       169055.8   0.00  29.35   1.25  46.13  99.75 127811 3065.992   191  266.280 3332.272
       169065.8  49.19   0.00  88.92  46.16  99.75 127818 3066.185   191  266.280 3332.465
       169075.8  54.85   0.00  65.30  46.21  99.75 127826 3066.336   191  266.280 3332.616
Timestamp         S0     S1     E      O      P     YGC     YGCT    FGC    FGCT     GCT   
       169085.8  52.30   0.00  19.16  46.23  99.75 127834 3066.537   191  266.280 3332.817
       169095.8   0.00 100.00  92.08  46.29  99.75 127841 3066.706   191  266.280 3332.986
       169105.8  62.86   0.00  22.31  48.48  99.75 127850 3067.000   191  266.280 3333.279
       169115.8  14.80   0.00  33.44  49.55  99.75 127858 3067.238   191  266.280 3333.517
       169125.8  19.37   0.00  23.57  49.58  99.75 127866 3067.392   191  266.280 3333.672
       169135.8  27.39   0.00  24.12  49.62  99.75 127874 3067.623   191  266.280 3333.903
       169145.8   0.00  70.29  96.01  49.63  99.75 127881 3067.772   191  266.280 3334.052
       169155.8   0.00  50.62  58.34  49.72  99.75 127889 3068.004   191  266.280 3334.284
       169165.8   0.00  59.27  36.35  49.89  99.75 127897 3068.184   191  266.280 3334.463
       169175.8   0.00  99.66   9.38  50.06  99.75 127905 3068.364   191  266.280 3334.643
Timestamp         S0     S1     E      O      P     YGC     YGCT    FGC    FGCT     GCT   
       169185.8   0.00  44.18   8.10  50.08  99.75 127913 3068.547   191  266.280 3334.826
       169195.8  71.63   0.00  71.01  50.10  99.75 127920 3068.730   191  266.280 3335.009
       169205.9  84.88   0.00  68.10  50.13  99.75 127928 3068.934   191  266.280 3335.214
       169215.8  53.08   0.00  11.88  50.22  99.75 127936 3069.107   191  266.280 3335.386
       169225.8   0.00 100.00  87.64  50.23  99.75 127943 3069.294   191  266.280 3335.574
       169235.8   0.00  41.06  47.52  50.26  99.75 127951 3069.452   191  266.280 3335.732
       169245.9   0.00  99.62  23.31  50.31  99.75 127959 3069.610   191  266.280 3335.890
       169255.8   0.00  99.80   0.00  51.00  99.75 127967 3069.907   191  266.280 3336.187
       169265.8  45.96   0.00  51.10  51.01  99.75 127974 3070.115   191  266.280 3336.395
       169275.8  25.00   0.00   3.93  51.56  99.75 127982 3070.296   191  266.280 3336.575
Timestamp         S0     S1     E      O      P     YGC     YGCT    FGC    FGCT     GCT   
       169285.8   0.00  47.70  86.75  51.64  99.75 127989 3070.469   191  266.280 3336.749
       169295.8   0.00  58.72  46.20  51.66  99.75 127997 3070.690   191  266.280 3336.969
       169305.8   0.00  48.54   9.49  51.78  99.75 128005 3070.854   191  266.280 3337.133
       169315.9  47.37   0.00  43.84  51.80  99.75 128012 3070.982   191  266.280 3337.262
       169325.8   0.00 100.00  80.43  51.81  99.75 128019 3071.141   191  266.280 3337.421
       169335.9   0.00  89.03  46.13  51.82  99.75 128027 3071.322   191  266.280 3337.602
       169345.9  60.34   0.00  99.52  51.99  99.75 128035 3071.493   191  266.280 3337.772
       169355.9  84.25   0.00  61.31  52.01  99.75 128042 3071.671   191  266.280 3337.951
       169365.8  56.03   0.00  26.78  52.29  99.75 128050 3071.864   191  266.280 3338.144
       169375.8   0.00  50.53  62.17  52.31  99.75 128057 3072.008   191  266.280 3338.288
Timestamp         S0     S1     E      O      P     YGC     YGCT    FGC    FGCT     GCT   
       169385.9   0.00  54.82  14.08  52.32  99.75 128065 3072.215   191  266.280 3338.495
       169395.8  66.56   0.00  74.37  52.35  99.75 128072 3072.350   191  266.280 3338.630
       169405.8  86.96   0.00  38.32  52.38  99.75 128080 3072.528   191  266.280 3338.808
       169415.8   0.00  77.74  57.12  52.40  99.75 128087 3072.685   191  266.280 3338.965
       169425.9   0.00  81.13  18.73  52.43  99.75 128095 3072.845   191  266.280 3339.125
       169435.9  67.04   0.00 100.00  55.68  99.75 128103 3073.053   191  266.280 3339.332
       169445.9   0.00  99.86  47.87  55.69  99.75 128111 3073.348   191  266.280 3339.627
       169455.9  36.50   0.00   0.00  56.66  99.75 128120 3073.600   191  266.280 3339.879
       169465.9  38.68   0.00   3.69  56.71  99.75 128128 3073.811   191  266.280 3340.091
       169475.9   0.00  26.35  89.82  56.73  99.75 128135 3073.952   191  266.280 3340.232
Timestamp         S0     S1     E      O      P     YGC     YGCT    FGC    FGCT     GCT   
       169485.9   0.00  44.90  93.52  56.74  99.75 128143 3074.126   191  266.280 3340.406
       169495.9   0.00  70.00  17.44  56.76  99.75 128151 3074.289   191  266.280 3340.569
       169505.9  61.69   0.00  82.14  56.77  99.75 128158 3074.423   191  266.280 3340.703
       169515.9  63.89   0.00  54.89  56.82  99.75 128166 3074.594   191  266.280 3340.873
       169525.9  69.14   0.00  61.85  58.52  99.75 128174 3074.845   191  266.280 3341.125
       169535.9  66.71   0.00  69.76  58.54  99.75 128182 3075.076   191  266.280 3341.355
       169545.9  35.09   0.00  69.98  59.35  99.75 128190 3075.296   191  266.280 3341.576
       169555.9  19.37   0.00  15.42  59.37  99.75 128198 3075.474   191  266.280 3341.754
       169565.9  62.50   0.00   5.90  59.39  99.75 128206 3075.681   191  266.280 3341.961
       169575.9   0.00  99.72  75.62  59.40  99.75 128213 3075.888   191  266.280 3342.167
Timestamp         S0     S1     E      O      P     YGC     YGCT    FGC    FGCT     GCT   
       169585.9   0.00  51.62  45.54  59.55  99.75 128221 3076.047   191  266.280 3342.327
       169595.9   0.00  58.50  42.36  59.59  99.75 128229 3076.266   191  266.280 3342.545
       169605.9   0.00  99.32  17.52  59.63  99.75 128237 3076.470   191  266.280 3342.749
       169615.9  75.98   0.00  34.51  59.66  99.75 128244 3076.588   191  266.280 3342.868
       169625.9   0.00  70.93  88.32  59.68  99.75 128251 3076.724   191  266.280 3343.003
       169635.9   0.00  64.84  65.77  59.74  99.75 128259 3076.930   191  266.280 3343.210
       169645.9   0.00  53.57  31.41  59.76  99.75 128267 3077.132   191  266.280 3343.411
       169655.9   0.00  47.30   0.47  59.86  99.75 128275 3077.286   191  266.280 3343.566
       169665.9  67.77   0.00  65.52  59.88  99.75 128282 3077.504   191  266.280 3343.784
       169675.9  94.15   0.00  36.17  60.01  99.75 128290 3077.691   191  266.280 3343.970
Timestamp         S0     S1     E      O      P     YGC     YGCT    FGC    FGCT     GCT   
       169685.9  54.66   0.00   6.88  60.04  99.75 128298 3077.936   191  266.280 3344.216
       169695.9   0.00  70.28  98.03  60.34  99.75 128305 3078.102   191  266.280 3344.382
       169705.9   0.00  32.86  63.41  60.35  99.75 128313 3078.260   191  266.280 3344.540
       169715.9   0.00  35.61  15.20  60.37  99.75 128321 3078.421   191  266.280 3344.700
       169725.9  39.52   0.00  51.76  60.41  99.75 128328 3078.574   191  266.280 3344.854
       169735.9   0.00  72.38  54.42  60.43  99.75 128335 3078.720   191  266.280 3345.000
       169745.9   0.00  72.97  23.30  60.46  99.75 128343 3078.897   191  266.280 3345.177
       169755.9  81.41   0.00  91.91  60.48  99.75 128350 3079.044   191  266.280 3345.324
       169765.9  54.29   0.00  44.98  60.53  99.75 128358 3079.258   191  266.280 3345.538
       169775.9  82.40   0.00   4.06  60.55  99.75 128366 3079.449   191  266.280 3345.728
Timestamp         S0     S1     E      O      P     YGC     YGCT    FGC    FGCT     GCT   
       169785.9   0.00  47.42  49.55  60.59  99.75 128373 3079.587   191  266.280 3345.867
       169795.9   0.00  86.62  21.91  60.70  99.75 128381 3079.764   191  266.280 3346.044
       169805.9   0.00  55.73   1.26  60.83  99.75 128389 3080.003   191  266.280 3346.282
       169815.9  46.94   0.00  66.00  60.85  99.75 128396 3080.177   191  266.280 3346.456
       169825.9  43.86   0.00  50.38  61.15  99.75 128404 3080.362   191  266.280 3346.642
       169835.9  80.30   0.00  60.28  61.17  99.75 128412 3080.539   191  266.280 3346.819
       169845.9  41.23   0.00  29.74  61.18  99.75 128420 3080.696   191  266.280 3346.975
       169855.9   0.00  82.50  84.45  61.24  99.75 128427 3080.831   191  266.280 3347.111
       169865.9   0.00  62.80   0.00  61.26  99.75 128435 3081.006   191  266.280 3347.285
       169875.9  98.61   0.00  68.33  61.27  99.75 128442 3081.130   191  266.280 3347.409
Timestamp         S0     S1     E      O      P     YGC     YGCT    FGC    FGCT     GCT   
       169885.9  83.43   0.00  25.39  61.29  99.75 128450 3081.349   191  266.280 3347.629
       169895.9   0.00  64.52  48.77  61.31  99.75 128457 3081.526   191  266.280 3347.806
       169905.9 100.00   0.00  81.42  61.34  99.75 128464 3081.716   191  266.280 3347.996
       169915.9   0.00 100.00  81.53  61.40  99.75 128471 3081.849   191  266.280 3348.129
       169925.9   0.00 100.00  47.44  61.47  99.75 128479 3082.037   191  266.280 3348.317
       169935.9   0.00  64.15   0.00  61.49  99.75 128487 3082.220   191  266.280 3348.499
       169945.9 100.00   0.00  70.50  63.32  99.75 128494 3082.392   191  266.280 3348.672
       169955.9  68.96   0.00  51.85  63.37  99.75 128502 3082.649   191  266.280 3348.929
       169965.9  49.09   0.00  74.15  64.33  99.75 128510 3082.928   191  266.280 3349.208
       169975.9  35.08   0.00  74.87  64.34  99.75 128518 3083.104   191  266.280 3349.384
Timestamp         S0     S1     E      O      P     YGC     YGCT    FGC    FGCT     GCT   
       169985.9  30.17   0.00  75.52  64.41  99.75 128526 3083.355   191  266.280 3349.634
       169995.9  26.35   0.00  53.15  64.44  99.75 128534 3083.572   191  266.280 3349.851
       170005.9  71.59   0.00   0.00  64.46  99.75 128542 3083.770   191  266.280 3350.050
       170015.9   0.00  38.69  47.75  64.55  99.75 128549 3083.898   191  266.280 3350.178
       170025.9  62.73   0.00  73.74  64.56  99.75 128556 3084.054   191  266.280 3350.334
       170035.9  86.47   0.00  62.23  66.60  99.75 128564 3084.305   191  266.280 3350.584
       170045.9  49.04   0.00  96.55  66.60  99.75 128572 3084.530   191  266.280 3350.809
       170055.9  32.94   0.00  88.06  67.54  99.75 128580 3084.732   191  266.280 3351.012
       170065.9   0.00  60.46  33.97  67.56  99.75 128589 3084.984   191  266.280 3351.264
       170075.9   0.00  68.79  58.42  67.58  99.75 128597 3085.181   191  266.280 3351.461
Timestamp         S0     S1     E      O      P     YGC     YGCT    FGC    FGCT     GCT   
       170085.9   0.00  29.45  11.28  67.69  99.75 128605 3085.403   191  266.280 3351.683
       170095.9  55.79   0.00  60.69  67.70  99.75 128612 3085.591   191  266.280 3351.870
       170105.9   0.00  43.91  98.17  67.72  99.75 128620 3085.735   191  266.280 3352.014
       170115.9   0.00 100.00  57.27  67.75  99.75 128627 3085.976   191  266.280 3352.256
       170125.9   0.00  38.14  45.23  67.77  99.75 128635 3086.174   191  266.280 3352.454
       170135.9   0.00 100.00  24.43  67.83  99.75 128643 3086.374   191  266.280 3352.654
       170145.9   0.00  38.83   3.37  67.86  99.75 128651 3086.568   191  266.280 3352.847
       170155.9  86.77   0.00  63.55  67.91  99.75 128658 3086.722   191  266.280 3353.002
       170165.9   0.00  53.04  77.83  67.95  99.75 128665 3086.843   191  266.280 3353.122
       170175.9   0.00 100.00  55.36  67.97  99.75 128673 3087.018   191  266.280 3353.298
Timestamp         S0     S1     E      O      P     YGC     YGCT    FGC    FGCT     GCT   
       170185.9   0.00 100.00   8.19  68.06  99.75 128681 3087.208   191  266.280 3353.488
       170195.9  75.45   0.00  53.98  68.11  99.75 128688 3087.364   191  266.280 3353.643
       170205.9  43.72   0.00   6.97  68.14  99.75 128696 3087.568   191  266.280 3353.847
       170215.9   0.00 100.00  43.13  68.17  99.75 128703 3087.718   191  266.280 3353.998
       170225.9  73.12   0.00  77.61  68.19  99.75 128710 3087.860   191  266.280 3354.140
       170235.9  41.76   0.00  38.00  68.23  99.75 128718 3088.110   191  266.280 3354.390
       170245.9  65.96   0.00   7.95  68.26  99.75 128726 3088.275   191  266.280 3354.554
       170255.9   0.00  63.13  87.96  68.28  99.75 128733 3088.424   191  266.280 3354.703
       170265.9   0.00  78.53  29.56  68.34  99.75 128741 3088.588   191  266.280 3354.868
       170275.9 100.00   0.00  87.66  68.47  99.75 128748 3088.768   191  266.280 3355.048
Timestamp         S0     S1     E      O      P     YGC     YGCT    FGC    FGCT     GCT   
       170285.9  46.39   0.00  29.71  68.50  99.75 128756 3088.952   191  266.280 3355.231
       170295.9  54.19   0.00   6.39  68.52  99.75 128764 3089.107   191  266.280 3355.387
       170305.9   0.00  76.30  85.33  68.53  99.75 128771 3089.311   191  266.280 3355.591
       170315.9   0.00  50.00  58.01  68.79  99.75 128779 3089.497   191  266.280 3355.777
       170325.9   0.00  61.06  47.46  68.85  99.75 128787 3089.680   191  266.280 3355.960
       170335.9   0.00 100.00  14.38  68.96  99.75 128795 3089.877   191  266.280 3356.156
       170345.9  60.09   0.00  91.18  68.97  99.75 128802 3090.029   191  266.280 3356.309
       170355.9  66.52   0.00  41.75  69.01  99.75 128810 3090.217   191  266.280 3356.497
       170365.9  69.40   0.00  32.75  69.09  99.75 128818 3090.368   191  266.280 3356.648
       170375.9  63.09   0.00  15.99  69.13  99.75 128826 3090.538   191  266.280 3356.818
Timestamp         S0     S1     E      O      P     YGC     YGCT    FGC    FGCT     GCT   
       170385.9   0.00  47.25 100.00  69.14  99.75 128833 3090.690   191  266.280 3356.970
       170395.9   0.00  67.33  72.53  69.17  99.75 128841 3090.927   191  266.280 3357.206
       170405.9   0.00  65.67  65.79  69.20  99.75 128849 3091.131   191  266.280 3357.411
       170415.9   0.00  99.63  41.07  69.27  99.75 128857 3091.320   191  266.280 3357.599
       170425.9   0.00  53.04  11.80  69.31  99.75 128865 3091.507   191  266.280 3357.787
       170435.9  93.47   0.00  75.60  69.32  99.75 128872 3091.680   191  266.280 3357.959
       170445.9  71.08   0.00  57.30  69.37  99.75 128880 3091.910   191  266.280 3358.190
       170455.9  92.60   0.00  15.00  69.41  99.75 128888 3092.092   191  266.280 3358.371
       170465.9   0.00  80.85  83.65  69.44  99.75 128895 3092.226   191  266.280 3358.506
       170475.9   0.00  45.99  43.30  69.46  99.75 128903 3092.377   191  266.280 3358.657
Timestamp         S0     S1     E      O      P     YGC     YGCT    FGC    FGCT     GCT   
       170485.9  67.82   0.00  92.49  69.51  99.75 128910 3092.535   191  266.280 3358.814
       170495.9  66.67   0.00  69.18  69.52  99.75 128918 3092.699   191  266.280 3358.979
       170505.9  56.88   0.00   7.42  69.54  99.75 128926 3092.865   191  266.280 3359.145
       170515.9   0.00  62.01  71.00  69.56  99.75 128933 3093.010   191  266.280 3359.290
       170525.9   0.00  59.36   0.00  69.58  99.75 128941 3093.200   191  266.280 3359.480
       170535.9  70.93   0.00  56.89  69.63  99.75 128948 3093.405   191  266.280 3359.685
       170545.9   0.00  62.42  76.59  69.67  99.75 128955 3093.552   191  266.280 3359.831
       170555.9   0.00  41.37  31.37  69.75  99.75 128963 3093.716   191  266.280 3359.995
       170565.9  69.44   0.00  90.93  69.82  99.75 128970 3093.889   191  266.280 3360.169
       170575.9  50.00   0.00  37.03  69.87  99.75 128978 3094.045   191  266.280 3360.324
Timestamp         S0     S1     E      O      P     YGC     YGCT    FGC    FGCT     GCT   
       170585.9   0.00 100.00  96.74  69.97  99.75 128985 3094.167   191  266.280 3360.447
       170596.0   0.00  57.52  25.42  70.01  99.75 128993 3094.389   191  266.280 3360.669
       170605.9  55.86   0.00  78.93  70.03  99.75 129000 3094.551   191  266.280 3360.831
       170616.0  48.43   0.00  18.69  70.04  99.75 129008 3094.705   191  266.280 3360.985
       170626.0   0.00  53.25  23.24  70.06  99.75 129015 3094.825   191  266.280 3361.105
       170635.9 100.00   0.00  54.30  70.82  99.75 129022 3094.968   191  266.280 3361.247
       170645.9  78.22   0.00  19.19  71.16  99.75 129030 3095.240   191  266.280 3361.520
       170656.0  36.20   0.00   5.81  71.63  99.75 129038 3095.462   191  266.280 3361.742
       170665.9   0.00  38.80  78.48  71.82  99.75 129045 3095.604   191  266.280 3361.883
       170676.0   0.00  57.82  73.01  71.87  99.75 129053 3095.795   191  266.280 3362.075
Timestamp         S0     S1     E      O      P     YGC     YGCT    FGC    FGCT     GCT   
       170686.0   0.00  84.69  45.38  71.89  99.75 129061 3095.958   191  266.280 3362.238
       170695.9   0.00 100.00   8.02  71.95  99.75 129069 3096.138   191  266.280 3362.418
       170706.0  41.37   0.00  53.17  71.97  99.75 129076 3096.263   191  266.280 3362.543
       170716.0  75.80   0.00  15.76  71.99  99.75 129084 3096.488   191  266.280 3362.768
       170726.0  47.78   0.00   4.20  72.01  99.75 129092 3096.690   191  266.280 3362.970
       170736.0   0.00  99.73  89.11  72.03  99.75 129099 3096.840   191  266.280 3363.120
       170746.0   0.00  82.03  42.87  72.14  99.75 129107 3097.020   191  266.280 3363.300
       170756.0  48.39   0.00  92.12  72.16  99.75 129114 3097.170   191  266.280 3363.450
       170766.0  69.67   0.00  47.56  72.18  99.75 129122 3097.374   191  266.280 3363.654
       170776.0  67.16   0.00  42.58  72.37  99.75 129130 3097.598   191  266.280 3363.878
Timestamp         S0     S1     E      O      P     YGC     YGCT    FGC    FGCT     GCT   
       170786.0   0.00  99.78  95.76  72.37  99.75 129137 3097.795   191  266.280 3364.075
       170796.0   0.00  99.58  67.12  72.70  99.75 129145 3097.984   191  266.280 3364.263
       170806.0   0.00  44.93  28.77  72.72  99.75 129153 3098.190   191  266.280 3364.469
       170816.0  56.29   0.00  51.43  72.75  99.75 129160 3098.343   191  266.280 3364.622
       170826.0  68.31   0.00  26.88  72.77  99.75 129168 3098.519   191  266.280 3364.799
       170836.0  56.87   0.00   4.33  72.81  99.75 129176 3098.706   191  266.280 3364.985
       170846.0   0.00  99.65  57.13  72.86  99.75 129183 3098.859   191  266.280 3365.139
       170856.0   0.00  50.57  40.79  72.88  99.75 129191 3099.041   191  266.280 3365.320
       170866.0   0.00 100.00   4.39  73.56  99.75 129199 3099.239   191  266.280 3365.519
       170876.0   0.00  99.86  13.58  74.40  99.75 129207 3099.517   191  266.280 3365.797
Timestamp         S0     S1     E      O      P     YGC     YGCT    FGC    FGCT     GCT   
       170886.0   0.00  36.09  23.83  75.14  99.75 129215 3099.766   191  266.280 3366.046
       170896.0   0.00  36.10  26.48  75.52  99.75 129223 3099.942   191  266.280 3366.221
       170906.0   0.00  27.40  40.33  75.53  99.75 129231 3100.168   191  266.280 3366.447
       170916.0   0.00  44.79  50.24  75.59  99.75 129239 3100.388   191  266.280 3366.667
       170926.0   0.00  99.62  20.56  75.76  99.75 129247 3100.544   191  266.280 3366.824
       170936.0  67.26   0.00  85.64  75.78  99.75 129254 3100.859   191  266.280 3367.139
       170946.0  53.30   0.00  45.88  75.79  99.75 129262 3101.040   191  266.280 3367.320
       170956.0  83.51   0.00  22.57  75.83  99.75 129270 3101.213   191  266.280 3367.492
       170966.0   0.00  55.50  93.22  75.92  99.75 129277 3101.405   191  266.280 3367.684
       170976.0   0.00  61.18  48.52  75.93  99.75 129285 3101.637   191  266.280 3367.917
Timestamp         S0     S1     E      O      P     YGC     YGCT    FGC    FGCT     GCT   
       170986.0   0.00  85.62   9.28  75.98  99.75 129293 3101.807   191  266.280 3368.086
       170996.0  80.65   0.00  58.34  76.08  99.75 129300 3101.954   191  266.280 3368.234
       171006.0   0.00 100.00  95.19  77.10  99.75 129307 3102.122   191  266.280 3368.401
       171016.0   0.00  99.79  88.19  77.14  99.75 129315 3102.362   191  266.280 3368.641
       171026.0   0.00  99.74  95.67  77.79  99.75 129323 3102.573   191  266.280 3368.853
       171036.0  31.41   0.00   8.88  77.81  99.75 129332 3102.786   191  266.280 3369.065
       171046.0   0.00  38.89  73.60  77.92  99.75 129339 3102.955   191  266.280 3369.234
       171056.0  53.04   0.00  75.02  77.99  99.75 129346 3103.201   191  266.280 3369.481
       171066.0  64.77   0.00  24.59  78.02  99.75 129354 3103.365   191  266.280 3369.645
       171076.0   0.00  50.88  66.36  78.03  99.75 129361 3103.534   191  266.280 3369.813
Timestamp         S0     S1     E      O      P     YGC     YGCT    FGC    FGCT     GCT   
       171086.0   0.00  78.83  16.02  78.06  99.75 129369 3103.701   191  266.280 3369.981
       171096.0  67.17   0.00  69.72  78.09  99.75 129376 3103.857   191  266.280 3370.137
       171106.0 100.00   0.00  52.53  78.96  99.75 129384 3104.076   191  266.280 3370.356
       171116.0  76.70   0.00  31.10  78.99  99.75 129392 3104.285   191  266.280 3370.565
       171126.0  21.47   0.00  25.95  79.54  99.75 129400 3104.480   191  266.280 3370.760
       171136.0  31.35   0.00   7.22  79.58  99.75 129408 3104.643   191  266.280 3370.922
       171146.0   0.00  46.72  94.97  79.59  99.75 129415 3104.799   191  266.280 3371.079
       171156.0   0.00  55.42  53.10  79.61  99.75 129423 3104.961   191  266.280 3371.241
       171166.0   0.00  60.82  35.79  79.64  99.75 129431 3105.154   191  266.280 3371.434
       171176.0   0.00 100.00  92.51  13.54  99.75 129437 3105.301   192  267.596 3372.896
Timestamp         S0     S1     E      O      P     YGC     YGCT    FGC    FGCT     GCT   
       171186.0   0.00  99.78  65.42  13.57  99.75 129445 3105.529   192  267.596 3373.125
       171196.0   0.00  41.17  45.64  14.32  99.75 129453 3105.765   192  267.596 3373.361
       171206.0   0.00  52.30  46.30  14.34  99.75 129461 3105.935   192  267.596 3373.531
       171216.0   0.00  63.37  25.88  14.39  99.75 129469 3106.182   192  267.596 3373.778
       171226.0  40.77   0.00  79.74  14.41  99.75 129476 3106.308   192  267.596 3373.904
       171236.0  89.18   0.00  26.50  14.45  99.75 129484 3106.478   192  267.596 3374.074
       171246.0   0.00  99.33  93.25  14.50  99.75 129491 3106.612   192  267.596 3374.208
       171256.0   0.00  75.97  39.94  14.52  99.75 129499 3106.802   192  267.596 3374.398
       171266.0   0.00  99.78   9.72  14.58  99.75 129507 3106.997   192  267.596 3374.593
       171276.0   0.00  32.32   8.97  14.61  99.75 129515 3107.237   192  267.596 3374.833
Timestamp         S0     S1     E      O      P     YGC     YGCT    FGC    FGCT     GCT   
       171286.0  65.84   0.00  72.86  14.71  99.75 129522 3107.379   192  267.596 3374.975
       171296.0  77.75   0.00  35.68  14.77  99.75 129530 3107.549   192  267.596 3375.145
       171306.0   0.00  68.85  46.31  14.79  99.75 129537 3107.680   192  267.596 3375.276
       171316.0   0.00  38.57  14.04  14.88  99.75 129545 3107.861   192  267.596 3375.457
       171326.0  62.83   0.00  83.81  14.89  99.75 129552 3108.136   192  267.596 3375.732
       171336.0  48.06   0.00  31.93  14.97  99.75 129560 3108.311   192  267.596 3375.906
       171346.0   0.00  74.58  89.20  15.02  99.75 129567 3108.444   192  267.596 3376.040
       171356.0   0.00  99.67  24.76  15.04  99.75 129575 3108.708   192  267.596 3376.304
       171366.0  82.32   0.00  83.13  15.05  99.75 129582 3108.839   192  267.596 3376.435
       171376.0  68.36   0.00   3.89  15.11  99.75 129590 3109.005   192  267.596 3376.601
Timestamp         S0     S1     E      O      P     YGC     YGCT    FGC    FGCT     GCT   
       171386.0   0.00 100.00  76.97  15.78  99.75 129597 3109.177   192  267.596 3376.773
       171396.0   0.00  70.50  68.42  16.95  99.75 129605 3109.413   192  267.596 3377.009
       171406.0   0.00  40.40  57.56  17.70  99.75 129613 3109.635   192  267.596 3377.231
       171416.0   0.00  36.45  27.96  17.91  99.75 129621 3109.832   192  267.596 3377.427
       171426.0   0.00  48.61  42.65  17.93  99.75 129629 3110.003   192  267.596 3377.598
       171436.0   0.00  71.34  47.19  17.99  99.75 129637 3110.180   192  267.596 3377.776
       171446.0   0.00  37.33  45.33  18.00  99.75 129645 3110.356   192  267.596 3377.952
       171456.0  33.41   0.00  71.94  18.04  99.75 129652 3110.489   192  267.596 3378.085
       171466.0  39.34   0.00  15.17  18.07  99.75 129660 3110.642   192  267.596 3378.238
       171476.0   0.00  60.48  45.59  18.08  99.75 129667 3110.777   192  267.596 3378.373
Timestamp         S0     S1     E      O      P     YGC     YGCT    FGC    FGCT     GCT   
       171486.0  70.13   0.00  92.00  18.10  99.75 129674 3110.907   192  267.596 3378.503
       171496.0  90.20   0.00  35.11  18.12  99.75 129682 3111.134   192  267.596 3378.730
       171506.0   0.00  53.05  98.79  18.13  99.75 129689 3111.291   192  267.596 3378.887
       171516.0   0.00  96.28  40.58  18.20  99.75 129697 3111.486   192  267.596 3379.082
       171526.0   0.00  37.50  11.53  18.23  99.75 129705 3111.649   192  267.596 3379.245
       171536.0 100.00   0.00  55.98  18.32  99.75 129712 3111.781   192  267.596 3379.377
       171546.0  60.64   0.00  22.29  18.35  99.75 129720 3112.018   192  267.596 3379.614
       171556.0   0.00  99.49  65.25  18.45  99.75 129727 3112.149   192  267.596 3379.745
       171566.0   0.00  70.89  21.61  18.50  99.75 129735 3112.303   192  267.596 3379.899
       171576.0   0.00  99.84   7.80  19.64  99.75 129743 3112.532   192  267.596 3380.128
Timestamp         S0     S1     E      O      P     YGC     YGCT    FGC    FGCT     GCT   
       171586.0   0.00  75.30   4.97  19.71  99.75 129751 3112.764   192  267.596 3380.360
       171596.0  17.26   0.00  85.42  20.59  99.75 129758 3112.930   192  267.596 3380.526
       171606.0  17.40   0.00  45.40  20.63  99.75 129766 3113.067   192  267.596 3380.662
       171616.0  64.75   0.00  35.91  20.65  99.75 129774 3113.223   192  267.596 3380.819
       171626.0   0.00  44.79  82.76  20.67  99.75 129781 3113.370   192  267.596 3380.966
       171636.0   0.00  75.33  77.21  20.79  99.75 129789 3113.554   192  267.596 3381.150
       171646.0   0.00  60.27  54.96  20.81  99.75 129797 3113.724   192  267.596 3381.320
       171656.0  83.78   0.00  94.03  20.84  99.75 129804 3113.892   192  267.596 3381.487
       171666.0  47.47   0.00  54.23  20.91  99.75 129812 3114.178   192  267.596 3381.774
       171676.0   0.00  69.19  86.04  20.95  99.75 129819 3114.321   192  267.596 3381.916
Timestamp         S0     S1     E      O      P     YGC     YGCT    FGC    FGCT     GCT   
       171686.0   0.00  80.65  51.26  21.03  99.75 129827 3114.459   192  267.596 3382.055
       171696.0   0.00  99.42  13.09  21.06  99.75 129835 3114.626   192  267.596 3382.222
       171706.0   0.00  48.48   5.66  21.11  99.75 129843 3114.797   192  267.596 3382.392
       171716.1  90.46   0.00  24.63  21.14  99.75 129850 3114.945   192  267.596 3382.541
       171726.1   0.00  99.58  93.20  21.18  99.75 129857 3115.097   192  267.596 3382.693
       171736.1   0.00  58.99  61.33  21.20  99.75 129865 3115.255   192  267.596 3382.851
       171746.1   0.00  99.67  43.49  21.25  99.75 129873 3115.406   192  267.596 3383.002
       171756.1  78.12   0.00 100.00  21.28  99.75 129880 3115.555   192  267.596 3383.151
       171766.1  42.49   0.00  79.40  21.36  99.75 129888 3115.715   192  267.596 3383.311
       171776.1 100.00   0.00  33.54  21.40  99.75 129896 3115.866   192  267.596 3383.461
Timestamp         S0     S1     E      O      P     YGC     YGCT    FGC    FGCT     GCT   
       171786.1  79.37   0.00   2.66  21.41  99.75 129904 3116.053   192  267.596 3383.649
       171796.1   0.00  51.28  62.56  21.47  99.75 129911 3116.198   192  267.596 3383.794
       171806.1   0.00  63.14  23.20  21.49  99.75 129919 3116.377   192  267.596 3383.972
       171816.1  58.95   0.00  52.92  21.52  99.75 129926 3116.517   192  267.596 3384.112
       171826.1  76.20   0.00   5.70  22.73  99.75 129934 3116.705   192  267.596 3384.300
       171836.1   0.00  96.69  63.13  22.75  99.75 129941 3116.903   192  267.596 3384.499
       171846.1   0.00  55.39  65.64  23.29  99.75 129949 3117.098   192  267.596 3384.694
       171856.1   0.00  99.60  59.50  23.39  99.75 129957 3117.340   192  267.596 3384.936
       171866.1   0.00  44.26  10.27  23.45  99.75 129965 3117.491   192  267.596 3385.087
       171876.1  54.92   0.00  73.98  23.47  99.75 129972 3117.618   192  267.596 3385.214
Timestamp         S0     S1     E      O      P     YGC     YGCT    FGC    FGCT     GCT   
       171886.1  87.16   0.00  37.16  23.50  99.75 129980 3117.784   192  267.596 3385.380
       171896.1   0.00  77.50  76.75  23.55  99.75 129987 3117.927   192  267.596 3385.523
       171906.1   0.00 100.00  42.26  23.58  99.75 129995 3118.146   192  267.596 3385.742
       171916.1   0.00  31.22  15.05  23.64  99.75 130003 3118.308   192  267.596 3385.904
       171926.1  39.84   0.00  68.66  23.71  99.75 130010 3118.443   192  267.596 3386.039
       171936.1  46.78   0.00  19.19  23.73  99.75 130018 3118.687   192  267.596 3386.283
       171946.1   0.00  45.43  83.82  23.75  99.75 130025 3118.835   192  267.596 3386.430
       171956.1  88.51   0.00  92.29  23.77  99.75 130032 3118.961   192  267.596 3386.556
       171966.1  45.55   0.00  34.25  23.79  99.75 130040 3119.096   192  267.596 3386.692
       171976.1  48.39   0.00   4.46  23.84  99.75 130048 3119.284   192  267.596 3386.880
Timestamp         S0     S1     E      O      P     YGC     YGCT    FGC    FGCT     GCT   
       171986.1   0.00  66.08  71.11  23.85  99.75 130055 3119.436   192  267.596 3387.032
       171996.1   0.00  40.44  55.44  23.98  99.75 130063 3119.611   192  267.596 3387.207
       172006.1   0.00  69.19  46.84  24.00  99.75 130071 3119.771   192  267.596 3387.367
       172016.1  77.90   0.00  83.82  24.03  99.75 130078 3119.908   192  267.596 3387.504
       172026.1  70.23   0.00  24.06  24.06  99.75 130086 3120.070   192  267.596 3387.666
       172036.1  78.06   0.00   0.00  24.19  99.75 130094 3120.246   192  267.596 3387.842
       172046.1   0.00  63.71  53.23  24.25  99.75 130101 3120.370   192  267.596 3387.966
       172056.1   0.00  51.39   0.00  24.38  99.75 130109 3120.509   192  267.596 3388.105
       172066.1  76.14   0.00  75.59  24.39  99.75 130116 3120.663   192  267.596 3388.259
       172076.1  85.48   0.00  52.98  24.45  99.75 130124 3120.841   192  267.596 3388.437
Timestamp         S0     S1     E      O      P     YGC     YGCT    FGC    FGCT     GCT   
       172086.1  56.89   0.00   7.04  24.47  99.75 130132 3121.002   192  267.596 3388.598
       172096.1   0.00  87.11  64.23  24.61  99.75 130139 3121.195   192  267.596 3388.791
       172106.1   0.00  50.52  17.77  24.63  99.75 130147 3121.367   192  267.596 3388.963
       172116.1  69.19   0.00  43.43  24.64  99.75 130154 3121.487   192  267.596 3389.083
       172126.1  89.34   0.00  13.62  24.96  99.75 130162 3121.656   192  267.596 3389.252
       172136.1   0.00  59.72  75.61  25.22  99.75 130169 3121.886   192  267.596 3389.482
       172146.1   0.00  29.83  43.88  25.58  99.75 130177 3122.102   192  267.596 3389.698
       172156.1   0.00  99.69  34.34  25.74  99.75 130185 3122.306   192  267.596 3389.902
       172166.1   0.00  37.00   4.03  25.76  99.75 130193 3122.439   192  267.596 3390.035
       172176.1  52.59   0.00  52.62  25.83  99.75 130200 3122.584   192  267.596 3390.180
Timestamp         S0     S1     E      O      P     YGC     YGCT    FGC    FGCT     GCT   
       172186.1   0.00  46.89  86.38  25.84  99.75 130207 3122.763   192  267.596 3390.359
       172196.1   0.00  70.99  30.33  25.86  99.75 130215 3122.949   192  267.596 3390.544
       172206.1 100.00   0.00  81.64  25.87  99.75 130222 3123.159   192  267.596 3390.755
       172216.0  57.23   0.00  19.82  25.92  99.75 130230 3123.315   192  267.596 3390.911
       172226.1   0.00  99.66 100.00  25.94  99.75 130237 3123.502   192  267.596 3391.097
       172236.1   0.00 100.00  63.24  25.96  99.75 130245 3123.729   192  267.596 3391.325
       172246.1   0.00  49.42  12.84  25.99  99.75 130253 3123.906   192  267.596 3391.502
       172256.1 100.00   0.00  54.69  26.62  99.75 130260 3124.133   192  267.596 3391.729
       172266.1  55.80   0.00  53.81  26.65  99.75 130268 3124.394   192  267.596 3391.990
       172276.1  32.35   0.00  33.46  26.91  99.75 130276 3124.551   192  267.596 3392.147
Timestamp         S0     S1     E      O      P     YGC     YGCT    FGC    FGCT     GCT   
       172286.1   0.00  62.61  85.12  26.95  99.75 130283 3124.686   192  267.596 3392.282
       172296.1   0.00  70.90  67.89  26.97  99.75 130291 3124.875   192  267.596 3392.471
       172306.1   0.00  47.77  28.05  26.98  99.75 130299 3125.030   192  267.596 3392.626
       172316.1  81.25   0.00  67.99  27.03  99.75 130306 3125.143   192  267.596 3392.739
       172326.1  50.42   0.00  44.02  27.83  99.75 130314 3125.330   192  267.596 3392.926
       172336.1  70.16   0.00   8.47  27.84  99.75 130322 3125.586   192  267.596 3393.182
       172346.1   0.00  49.59  68.06  28.10  99.75 130329 3125.722   192  267.596 3393.317
       172356.1   0.00  54.57  18.98  28.12  99.75 130337 3125.876   192  267.596 3393.472
       172366.1  57.54   0.00  78.69  28.14  99.75 130344 3126.006   192  267.596 3393.602
       172376.1  45.32   0.00   0.80  28.15  99.75 130352 3126.171   192  267.596 3393.767
Timestamp         S0     S1     E      O      P     YGC     YGCT    FGC    FGCT     GCT   
       172386.1   0.00  58.96  41.36  28.17  99.75 130359 3126.307   192  267.596 3393.902
       172396.1  64.85   0.00  81.92  28.19  99.75 130366 3126.469   192  267.596 3394.065
       172406.1 100.00   0.00  50.71  30.05  99.75 130374 3126.641   192  267.596 3394.237
       172416.2  65.84   0.00   0.91  30.05  99.75 130382 3126.846   192  267.596 3394.442
       172426.1   0.00 100.00  57.30  30.64  99.75 130389 3127.074   192  267.596 3394.669
       172436.1   0.00  33.58  25.57  30.83  99.75 130397 3127.203   192  267.596 3394.799
       172446.1   0.00  52.69   9.48  30.85  99.75 130405 3127.388   192  267.596 3394.984
       172456.1  40.45   0.00  74.55  30.89  99.75 130412 3127.589   192  267.596 3395.185
       172466.1  64.15   0.00  49.79  30.95  99.75 130420 3127.747   192  267.596 3395.343
       172476.1   0.00  70.05 100.00  30.96  99.75 130428 3127.879   192  267.596 3395.475
Timestamp         S0     S1     E      O      P     YGC     YGCT    FGC    FGCT     GCT   
       172486.1   0.00  51.67  56.10  31.00  99.75 130435 3128.028   192  267.596 3395.624
       172496.1   0.00  99.48  13.33  31.04  99.75 130443 3128.187   192  267.596 3395.783
       172506.1  72.12   0.00  78.45  31.06  99.75 130450 3128.344   192  267.596 3395.940
       172516.2  58.11   0.00  66.31  33.49  99.75 130458 3128.610   192  267.596 3396.205
       172526.2  69.90   0.00  43.82  33.50  99.75 130466 3128.830   192  267.596 3396.426
       172536.1  40.13   0.00  62.05  34.49  99.75 130474 3129.034   192  267.596 3396.630
       172546.1  38.95   0.00  71.00  34.51  99.75 130482 3129.206   192  267.596 3396.801
       172556.2  51.08   0.00  48.86  34.60  99.75 130490 3129.364   192  267.596 3396.959
       172566.1  89.40   0.00  32.21  34.69  99.75 130498 3129.529   192  267.596 3397.124
       172576.1   0.00 100.00  90.22  34.71  99.75 130505 3129.693   192  267.596 3397.289
Timestamp         S0     S1     E      O      P     YGC     YGCT    FGC    FGCT     GCT   
       172586.1   0.00  48.69   0.00  34.85  99.75 130513 3129.853   192  267.596 3397.449
       172596.1  64.56   0.00   4.13  34.87  99.75 130520 3129.978   192  267.596 3397.574
       172606.1   0.00  60.19  31.89  34.89  99.75 130527 3130.108   192  267.596 3397.704
       172616.1  85.71   0.00  78.91  34.91  99.75 130534 3130.234   192  267.596 3397.830
       172626.1  66.44   0.00  28.51  34.93  99.75 130542 3130.407   192  267.596 3398.003
       172636.1   0.00  99.75  56.48  35.69  99.75 130549 3130.551   192  267.596 3398.147
       172646.1   0.00  66.67  20.95  35.69  99.75 130557 3130.748   192  267.596 3398.344
       172656.1   0.00  44.56   3.85  36.24  99.75 130565 3130.995   192  267.596 3398.591
       172666.1  35.87   0.00  62.44  36.26  99.75 130572 3131.120   192  267.596 3398.716
       172676.1  55.84   0.00   2.44  36.28  99.75 130580 3131.310   192  267.596 3398.905
Timestamp         S0     S1     E      O      P     YGC     YGCT    FGC    FGCT     GCT   
       172686.2   0.00  53.87  71.65  36.29  99.75 130587 3131.496   192  267.596 3399.092
       172696.1   0.00  99.48  36.58  36.34  99.75 130595 3131.667   192  267.596 3399.262
       172706.1  39.23   0.00  77.54  36.35  99.75 130602 3131.856   192  267.596 3399.452
       172716.2  39.01   0.00   1.42  36.48  99.75 130610 3132.001   192  267.596 3399.597
       172726.2   0.00  72.44  26.99  36.49  99.75 130617 3132.161   192  267.596 3399.756
       172736.1 100.00   0.00  57.11  36.65  99.75 130624 3132.312   192  267.596 3399.908
       172746.1  49.47   0.00  39.13  36.68  99.75 130632 3132.492   192  267.596 3400.087
       172756.1   0.00  99.68  86.13  36.76  99.75 130639 3132.600   192  267.596 3400.196
       172766.1   0.00  60.39  31.08  36.82  99.75 130647 3132.775   192  267.596 3400.371
       172776.1  66.17   0.00  84.65  36.84  99.75 130654 3132.912   192  267.596 3400.508
Timestamp         S0     S1     E      O      P     YGC     YGCT    FGC    FGCT     GCT   
       172786.2  72.87   0.00  43.99  36.92  99.75 130662 3133.098   192  267.596 3400.693
       172796.2   0.00  99.53  71.38  36.93  99.75 130669 3133.225   192  267.596 3400.821
       172806.1   0.00  73.73  30.25  36.99  99.75 130677 3133.366   192  267.596 3400.962
       172816.2  76.82   0.00  84.65  37.01  99.75 130684 3133.521   192  267.596 3401.117
       172826.1  39.87   0.00  47.53  37.04  99.75 130692 3133.665   192  267.596 3401.261
       172836.2  67.95   0.00  18.35  37.09  99.75 130700 3133.810   192  267.596 3401.406
       172846.2   0.00  74.26 100.00  37.14  99.75 130708 3133.959   192  267.596 3401.555
       172856.2   0.00  62.69  48.83  37.23  99.75 130715 3134.151   192  267.596 3401.747
       172866.2  72.11  11.38 100.00  37.30  99.75 130723 3134.362   192  267.596 3401.957
       172876.1  43.37   0.00  66.42  37.34  99.75 130730 3134.505   192  267.596 3402.101
Timestamp         S0     S1     E      O      P     YGC     YGCT    FGC    FGCT     GCT   
       172886.2  52.69   0.00   9.01  37.36  99.75 130738 3134.670   192  267.596 3402.266
       172896.1   0.00  64.80  64.70  37.37  99.75 130745 3134.803   192  267.596 3402.399
       172906.2   0.00  51.72  66.56  37.73  99.75 130753 3134.998   192  267.596 3402.594
       172916.2   0.00  63.91  35.48  37.74  99.75 130761 3135.227   192  267.596 3402.822
       172926.2   0.00  99.63  29.16  38.16  99.75 130769 3135.428   192  267.596 3403.024
       172936.2   0.00  53.37  16.66  38.19  99.75 130777 3135.620   192  267.596 3403.216
       172946.2   0.00 100.00   6.72  38.19  99.75 130785 3135.795   192  267.596 3403.391
       172956.1  51.85   0.00  94.18  38.21  99.75 130792 3135.972   192  267.596 3403.568
       172966.2  60.97   0.00  85.16  38.22  99.75 130800 3136.130   192  267.596 3403.726
       172976.2  89.03   0.00  53.65  38.31  99.75 130808 3136.301   192  267.596 3403.897
Timestamp         S0     S1     E      O      P     YGC     YGCT    FGC    FGCT     GCT   
       172986.2   0.00  36.97  92.64  38.33  99.75 130815 3136.507   192  267.596 3404.103
       172996.2   0.00 100.00  56.55  38.37  99.75 130823 3136.651   192  267.596 3404.247
       173006.2   0.00  45.61  32.84  38.39  99.75 130831 3136.819   192  267.596 3404.415
       173016.2  71.04   0.00  73.53  38.40  99.75 130838 3136.961   192  267.596 3404.557
       173026.2  88.78   0.00  50.64  38.42  99.75 130846 3137.105   192  267.596 3404.701
       173036.2  72.41   0.00  13.66  38.46  99.75 130854 3137.290   192  267.596 3404.886
       173046.2   0.00  68.40  92.02  38.49  99.75 130861 3137.423   192  267.596 3405.019
       173056.2   0.00  59.82  37.03  38.54  99.75 130869 3137.602   192  267.596 3405.198
       173066.2  75.69   0.00  65.65  38.56  99.75 130876 3137.725   192  267.596 3405.321
       173076.2  89.47   0.00  30.89  38.65  99.75 130884 3137.911   192  267.596 3405.506
Timestamp         S0     S1     E      O      P     YGC     YGCT    FGC    FGCT     GCT   
       173086.1   0.00  99.52  73.74  38.66  99.75 130891 3138.063   192  267.596 3405.659
       173096.2   0.00  99.68  39.95  38.76  99.75 130899 3138.275   192  267.596 3405.871
       173106.2   0.00  55.74  40.09  38.84  99.75 130907 3138.450   192  267.596 3406.046
       173116.2   0.00 100.00  31.11  38.91  99.75 130915 3138.708   192  267.596 3406.304
       173126.2   0.00 100.00  12.44  38.96  99.75 130923 3138.880   192  267.596 3406.476
       173136.2  73.71   0.00  86.26  38.98  99.75 130930 3139.052   192  267.596 3406.648
       173146.2  83.25   0.00  82.86  39.05  99.75 130938 3139.202   192  267.596 3406.798
       173156.1  90.05   0.00  25.96  39.08  99.75 130946 3139.352   192  267.596 3406.948
       173166.2  71.72   0.00   0.00  39.14  99.75 130954 3139.604   192  267.596 3407.200
       173176.2   0.00 100.00  77.85  39.17  99.75 130961 3139.764   192  267.596 3407.360
Timestamp         S0     S1     E      O      P     YGC     YGCT    FGC    FGCT     GCT   
       173186.2   0.00  68.77  77.53  39.22  99.75 130969 3139.938   192  267.596 3407.534
       173196.2   0.00  57.48  28.52  39.34  99.75 130977 3140.147   192  267.596 3407.743
       173206.2   0.00  38.76   4.68  39.39  99.75 130985 3140.326   192  267.596 3407.922
       173216.2  75.13   0.00  50.65  39.40  99.75 130992 3140.452   192  267.596 3408.048
       173226.2   0.00 100.00  71.65  39.42  99.75 130999 3140.577   192  267.596 3408.173
       173236.2   0.00  76.06   7.26  39.46  99.75 131007 3140.726   192  267.596 3408.322
       173246.2  64.73   0.00  58.47  39.48  99.75 131014 3140.845   192  267.596 3408.441
       173256.2   0.00  41.16  73.00  39.49  99.75 131021 3140.980   192  267.596 3408.576
       173266.2   0.00  56.67  51.88  39.52  99.75 131029 3141.148   192  267.596 3408.744
       173276.2 100.00   0.00  85.22  39.58  99.75 131036 3141.338   192  267.596 3408.934
Timestamp         S0     S1     E      O      P     YGC     YGCT    FGC    FGCT     GCT   
       173286.2  83.83   0.00  40.75  39.64  99.75 131044 3141.509   192  267.596 3409.105
       173296.2   0.00  33.54  78.06  39.65  99.75 131051 3141.635   192  267.596 3409.231
       173306.2  64.75   0.00  95.77  39.71  99.75 131058 3141.758   192  267.596 3409.354
       173316.2  65.13   0.00  13.77  39.73  99.75 131066 3141.937   192  267.596 3409.533
       173326.2   0.00 100.00  49.36  40.39  99.75 131073 3142.078   192  267.596 3409.674
       173336.2   0.00 100.00  16.28  41.60  99.75 131081 3142.301   192  267.596 3409.897
       173346.2   0.00  43.52  28.27  42.04  99.75 131089 3142.529   192  267.596 3410.125
       173356.2   0.00  28.44  16.33  42.36  99.75 131097 3142.706   192  267.596 3410.302
       173366.2  24.03   0.00  71.31  42.50  99.75 131104 3142.849   192  267.596 3410.445
       173376.2  23.94   0.00  52.15  42.53  99.75 131112 3143.017   192  267.596 3410.613
Timestamp         S0     S1     E      O      P     YGC     YGCT    FGC    FGCT     GCT   
       173386.2   0.00  57.73  97.47  42.55  99.75 131119 3143.153   192  267.596 3410.749
       173396.2   0.00  54.28  58.21  42.56  99.75 131127 3143.333   192  267.596 3410.929
       173406.2   0.00 100.00  23.79  42.58  99.75 131135 3143.506   192  267.596 3411.102
       173416.2   0.00  60.60  11.30  42.64  99.75 131143 3143.701   192  267.596 3411.297
       173426.2  60.78   0.00  75.64  42.73  99.75 131150 3143.868   192  267.596 3411.463
       173436.2  61.60   0.00  41.87  42.75  99.75 131158 3144.041   192  267.596 3411.637
       173446.2  76.29   0.00  31.81  42.79  99.75 131166 3144.238   192  267.596 3411.834
       173456.2   0.00 100.00  95.75  42.84  99.75 131173 3144.396   192  267.596 3411.992
       173466.2   0.00  43.11  63.27  42.93  99.75 131181 3144.557   192  267.596 3412.153
       173476.2  43.10   0.00  83.06  42.96  99.75 131188 3144.715   192  267.596 3412.311
Timestamp         S0     S1     E      O      P     YGC     YGCT    FGC    FGCT     GCT   
       173486.2  78.19   0.00  42.69  42.97  99.75 131196 3144.891   192  267.596 3412.487
       173496.2   0.00  62.22  94.60  43.01  99.75 131203 3145.039   192  267.596 3412.635
       173506.2   0.00  62.33   0.00  43.06  99.75 131211 3145.200   192  267.596 3412.796
       173516.2  67.11   0.00  20.95  43.07  99.75 131218 3145.331   192  267.596 3412.927
       173526.2   0.00 100.00  79.83  44.09  99.75 131225 3145.497   192  267.596 3413.093
       173536.2   0.00  70.93  61.08  45.41  99.75 131233 3145.733   192  267.596 3413.328
       173546.2   0.00  33.88  52.59  46.02  99.75 131241 3145.974   192  267.596 3413.570
       173556.2   0.00  41.62  38.68  46.29  99.75 131249 3146.138   192  267.596 3413.734
       173566.2   0.00  79.37  23.41  46.31  99.75 131257 3146.324   192  267.596 3413.920
       173576.2   0.00  69.01  17.65  46.38  99.75 131265 3146.537   192  267.596 3414.133
Timestamp         S0     S1     E      O      P     YGC     YGCT    FGC    FGCT     GCT   
       173586.2  34.11   0.00  89.72  46.45  99.75 131272 3146.665   192  267.596 3414.261
       173596.2  51.90   0.00  73.02  46.52  99.75 131280 3146.839   192  267.596 3414.435
       173606.2  96.57   0.00  40.50  46.54  99.75 131288 3147.021   192  267.596 3414.617
       173616.2  71.48   0.00  37.87  47.26  99.75 131296 3147.234   192  267.596 3414.830
       173626.2  88.67   0.00  35.42  47.32  99.75 131304 3147.433   192  267.596 3415.029
       173636.2   0.00  99.53  86.46  47.68  99.75 131311 3147.585   192  267.596 3415.181
       173646.2   0.00  59.09  66.32  47.70  99.75 131319 3147.756   192  267.596 3415.352
       173656.2   0.00  47.04  19.24  47.73  99.75 131327 3147.998   192  267.596 3415.594
       173666.2  79.24   0.00  78.16  47.75  99.75 131334 3148.155   192  267.596 3415.751
       173676.2  75.29   0.00  65.43  47.78  99.75 131342 3148.331   192  267.596 3415.926
Timestamp         S0     S1     E      O      P     YGC     YGCT    FGC    FGCT     GCT   
       173686.2  52.66   0.00   7.12  47.80  99.75 131350 3148.484   192  267.596 3416.080
       173696.2   0.00  86.69  27.35  47.84  99.75 131357 3148.649   192  267.596 3416.244
       173706.2  49.66   0.00  82.37  47.85  99.75 131364 3148.779   192  267.596 3416.374
       173716.2  86.67   0.00  37.42  47.87  99.75 131372 3148.938   192  267.596 3416.533
       173726.2   0.00 100.00  94.53  47.90  99.75 131379 3149.102   192  267.596 3416.698
       173736.2   0.00  99.63  56.09  47.95  99.75 131387 3149.267   192  267.596 3416.863
       173746.2   0.00  41.44   0.00  48.01  99.75 131395 3149.411   192  267.596 3417.007
       173756.2 100.00   0.00  54.54  50.19  99.75 131402 3149.590   192  267.596 3417.185
       173766.2  66.58   0.00  55.53  50.20  99.75 131410 3149.805   192  267.596 3417.401
       173776.2  33.82   0.00  47.85  50.90  99.75 131418 3150.069   192  267.596 3417.665
Timestamp         S0     S1     E      O      P     YGC     YGCT    FGC    FGCT     GCT   
       173786.2  28.15   0.00  47.55  50.94  99.75 131426 3150.240   192  267.596 3417.836
       173796.2  63.24   0.00  12.97  50.96  99.75 131434 3150.422   192  267.596 3418.017
       173806.2   0.00  31.67  91.77  50.99  99.75 131441 3150.569   192  267.596 3418.164
       173816.2   0.00  62.56  18.67  51.00  99.75 131449 3150.726   192  267.596 3418.322
       173826.2  54.28   0.00  97.84  51.10  99.75 131456 3150.896   192  267.596 3418.492
       173836.2  61.89   0.00  45.77  51.12  99.75 131464 3151.079   192  267.596 3418.675
       173846.2  67.42   0.00  19.16  51.29  99.75 131472 3151.258   192  267.596 3418.854
       173856.2   0.00  57.06  76.57  51.30  99.75 131479 3151.387   192  267.596 3418.983
       173866.2   0.00  73.33  24.84  51.32  99.75 131487 3151.580   192  267.596 3419.175
       173876.2  92.64   0.00  85.71  51.35  99.75 131494 3151.724   192  267.596 3419.319
Timestamp         S0     S1     E      O      P     YGC     YGCT    FGC    FGCT     GCT   
       173886.2  70.53   0.00  47.26  51.36  99.75 131502 3151.915   192  267.596 3419.511
       173896.2  82.89   0.00  14.11  51.45  99.75 131510 3152.123   192  267.596 3419.719
       173906.2  68.83   0.00  11.26  53.21  99.75 131518 3152.426   192  267.596 3420.022
       173916.2  68.01   0.00  48.79  53.23  99.75 131526 3152.677   192  267.596 3420.273
       173926.2  19.89   0.00  58.98  54.45  99.75 131534 3152.871   192  267.596 3420.467
       173936.2  36.31   0.00  50.36  54.47  99.75 131542 3153.034   192  267.596 3420.630
       173946.2  33.16   0.00  65.02  54.48  99.75 131550 3153.204   192  267.596 3420.799
       173956.2  55.02   0.00  46.08  54.51  99.75 131558 3153.357   192  267.596 3420.953
       173966.2  42.74   0.00  19.90  54.57  99.75 131566 3153.495   192  267.596 3421.090
       173976.2   0.00  58.29  73.08  54.57  99.75 131573 3153.644   192  267.596 3421.240
Timestamp         S0     S1     E      O      P     YGC     YGCT    FGC    FGCT     GCT   
       173986.2   0.00 100.00  39.45  55.42  99.75 131581 3153.840   192  267.596 3421.436
       173996.2   0.00  57.14   0.00  56.54  99.75 131589 3154.148   192  267.596 3421.744
       174006.2   0.00  32.90   1.57  57.23  99.75 131597 3154.380   192  267.596 3421.976
       174016.2  22.12   0.00  52.55  57.42  99.75 131604 3154.538   192  267.596 3422.134
       174026.2  36.90   0.00  50.61  57.46  99.75 131612 3154.724   192  267.596 3422.320
       174036.2  35.68   0.00  14.96  57.48  99.75 131620 3154.875   192  267.596 3422.471
       174046.2   0.00  99.70  91.38  57.53  99.75 131627 3155.050   192  267.596 3422.646
       174056.2  47.63   0.00  77.39  57.56  99.75 131634 3155.288   192  267.596 3422.884
       174066.2  52.22   0.00   9.57  57.58  99.75 131642 3155.470   192  267.596 3423.066
       174076.3   0.00 100.00  80.37  57.60  99.75 131649 3155.617   192  267.596 3423.213
Timestamp         S0     S1     E      O      P     YGC     YGCT    FGC    FGCT     GCT   
       174086.3   0.00  80.10  34.51  57.61  99.75 131657 3155.784   192  267.596 3423.380
       174096.2  56.25   0.00  70.33  57.67  99.75 131664 3155.921   192  267.596 3423.517
       174106.3  52.90   0.00  12.40  57.76  99.75 131672 3156.131   192  267.596 3423.727
       174116.2   0.00 100.00  38.73  57.78  99.75 131679 3156.311   192  267.596 3423.907
       174126.3   0.00  59.82  12.44  57.82  99.75 131687 3156.492   192  267.596 3424.088
       174136.3  96.22   0.00  83.11  57.84  99.75 131694 3156.640   192  267.596 3424.236
       174146.2  57.40   0.00  33.05  57.92  99.75 131702 3156.827   192  267.596 3424.423
       174156.2   0.00  60.34  95.73  57.93  99.75 131709 3156.998   192  267.596 3424.594
       174166.3   0.00  99.75  53.86  58.06  99.75 131717 3157.225   192  267.596 3424.821
       174176.3   0.00 100.00   5.27  58.13  99.75 131725 3157.443   192  267.596 3425.039
Timestamp         S0     S1     E      O      P     YGC     YGCT    FGC    FGCT     GCT   
       174186.3  31.10   0.00  84.08  58.60  99.75 131732 3157.622   192  267.596 3425.218
       174196.2  30.77   0.00  78.78  58.71  99.75 131740 3157.808   192  267.596 3425.404
       174206.3  32.45   0.00  68.54  58.73  99.75 131748 3157.996   192  267.596 3425.592
       174216.3  58.02   0.00  32.78  58.74  99.75 131756 3158.167   192  267.596 3425.763
       174226.2   0.00  99.34  91.30  58.76  99.75 131763 3158.337   192  267.596 3425.933
       174236.3   0.00  53.35  36.08  58.77  99.75 131771 3158.489   192  267.596 3426.085
       174246.3  71.38   0.00  45.27  58.81  99.75 131778 3158.645   192  267.596 3426.241
       174256.2  64.93   0.00  48.90  59.82  99.75 131786 3158.873   192  267.596 3426.469
       174266.3  61.10   0.00  17.10  59.85  99.75 131794 3159.149   192  267.596 3426.745
       174276.3   0.00  30.39  80.45  60.53  99.75 131801 3159.343   192  267.596 3426.939
Timestamp         S0     S1     E      O      P     YGC     YGCT    FGC    FGCT     GCT   
       174286.3   0.00  55.30  61.58  60.55  99.75 131809 3159.524   192  267.596 3427.120
       174296.3   0.00 100.00  21.61  60.57  99.75 131817 3159.684   192  267.596 3427.280
       174306.3  52.19   0.00  90.25  60.59  99.75 131824 3159.859   192  267.596 3427.454
       174316.3  62.61   0.00  16.89  60.70  99.75 131832 3160.067   192  267.596 3427.663
       174326.3   0.00  63.33  84.04  60.79  99.75 131839 3160.223   192  267.596 3427.819
       174336.3   0.00  58.99  36.11  60.80  99.75 131847 3160.400   192  267.596 3427.995
       174346.3  52.16   0.00  65.42  60.85  99.75 131854 3160.549   192  267.596 3428.145
       174356.3   0.00  72.52  81.07  60.88  99.75 131861 3160.694   192  267.596 3428.290
       174366.2   0.00  99.55  32.79  60.91  99.75 131869 3160.861   192  267.596 3428.457
       174376.3  37.50   0.00  86.84  60.93  99.75 131876 3160.981   192  267.596 3428.577
Timestamp         S0     S1     E      O      P     YGC     YGCT    FGC    FGCT     GCT   
       174386.3  43.01   0.00  24.70  61.00  99.75 131884 3161.121   192  267.596 3428.717
       174396.3   0.00 100.00  98.13  61.03  99.75 131892 3161.279   192  267.596 3428.875
       174406.3   0.00  73.81  67.30  61.08  99.75 131899 3161.501   192  267.596 3429.097
       174416.3   0.00  44.17  14.25  61.13  99.75 131907 3161.684   192  267.596 3429.280
       174426.3  98.51   0.00  76.61  61.24  99.75 131914 3161.844   192  267.596 3429.440
       174436.3  58.72   0.00   8.05  61.26  99.75 131922 3162.011   192  267.596 3429.607
       174446.3   0.00 100.00  81.83  61.39  99.75 131929 3162.154   192  267.596 3429.750
       174456.3   0.00  99.37  50.78  61.44  99.75 131937 3162.318   192  267.596 3429.914
       174466.3  62.42   0.00  94.87  61.51  99.75 131944 3162.465   192  267.596 3430.061
       174476.3  92.91   0.00  55.98  61.85  99.75 131952 3162.720   192  267.596 3430.316
Timestamp         S0     S1     E      O      P     YGC     YGCT    FGC    FGCT     GCT   
       174486.3  73.79   0.00  24.57  61.93  99.75 131960 3162.951   192  267.596 3430.547
       174496.3   0.00  65.06  75.54  62.27  99.75 131967 3163.093   192  267.596 3430.688
       174506.3   0.00  35.63  63.63  62.30  99.75 131975 3163.283   192  267.596 3430.879
       174516.3   0.00  68.66  26.22  62.32  99.75 131983 3163.449   192  267.596 3431.045
       174526.3  71.46   0.00  70.12  62.40  99.75 131990 3163.631   192  267.596 3431.227
       174536.3  36.79   0.00  28.86  62.41  99.75 131998 3163.808   192  267.596 3431.404
       174546.3   0.00  72.93  49.94  62.43  99.75 132005 3164.010   192  267.596 3431.606
       174556.3  80.42   0.00  64.07  62.46  99.75 132012 3164.167   192  267.596 3431.763
       174566.3 100.00   0.00  18.36  63.28  99.75 132020 3164.352   192  267.596 3431.947
       174576.3  76.39   0.00  40.43  63.90  99.75 132028 3164.619   192  267.596 3432.215
Timestamp         S0     S1     E      O      P     YGC     YGCT    FGC    FGCT     GCT   
       174586.3  53.54   0.00  55.32  64.35  99.75 132036 3164.871   192  267.596 3432.467
       174596.3  37.50   0.00  44.04  64.80  99.75 132044 3165.063   192  267.596 3432.659
       174606.3  30.79   0.00  18.64  64.82  99.75 132052 3165.249   192  267.596 3432.844
       174616.3   0.00  22.83  92.54  64.84  99.75 132059 3165.392   192  267.596 3432.988
       174626.3   0.00  75.13  67.70  64.88  99.75 132067 3165.550   192  267.596 3433.146
       174636.3   0.00 100.00  33.78  64.89  99.75 132075 3165.727   192  267.596 3433.323
       174646.3   0.00  80.82  25.87  65.26  99.75 132083 3165.909   192  267.596 3433.504
       174656.3  79.79   0.00  84.81  65.28  99.75 132090 3166.067   192  267.596 3433.663
       174666.3  42.03   0.00  38.98  65.68  99.75 132098 3166.235   192  267.596 3433.831
       174676.3  58.33   0.00   9.87  65.69  99.75 132106 3166.471   192  267.596 3434.067
Timestamp         S0     S1     E      O      P     YGC     YGCT    FGC    FGCT     GCT   
       174686.3   0.00 100.00  82.29  65.73  99.75 132113 3166.662   192  267.596 3434.258
       174696.3   0.00  63.16  66.61  65.85  99.75 132121 3166.918   192  267.596 3434.514
       174706.3   0.00  38.38  35.09  65.87  99.75 132129 3167.139   192  267.596 3434.734
       174716.3  68.21   0.00  93.73  65.89  99.75 132136 3167.307   192  267.596 3434.903
       174726.3  71.92   0.00  58.95  67.21  99.75 132144 3167.564   192  267.596 3435.160
       174736.3  65.27   0.00  71.45  67.34  99.75 132152 3167.795   192  267.596 3435.390
       174746.3  22.24   0.00  79.80  68.29  99.75 132160 3167.988   192  267.596 3435.583
       174756.3  48.18   0.00  87.03  68.30  99.75 132168 3168.171   192  267.596 3435.766
       174766.3  43.80   0.00  97.50  68.32  99.75 132176 3168.346   192  267.596 3435.942
       174776.3  88.35   0.00   0.00  17.32  99.75 132184 3168.525   193  268.870 3437.394
Timestamp         S0     S1     E      O      P     YGC     YGCT    FGC    FGCT     GCT   
       174786.3   0.00  79.50  72.21  17.32  99.75 132191 3168.697   193  268.870 3437.567
       174796.3   0.00  99.64  21.04  17.74  99.75 132199 3168.897   193  268.870 3437.767
       174806.3   0.00  29.79  21.48  17.76  99.75 132207 3169.051   193  268.870 3437.920
       174816.3  46.97   0.00  62.66  17.80  99.75 132214 3169.194   193  268.870 3438.063
       174826.3   0.00  38.57  67.20  17.82  99.75 132221 3169.319   193  268.870 3438.189
       174836.3   0.00  61.36  23.54  17.83  99.75 132229 3169.486   193  268.870 3438.356
       174846.3  89.18   0.00  73.90  17.84  99.75 132236 3169.633   193  268.870 3438.502
       174856.3 100.00   0.00  46.10  18.14  99.75 132244 3169.823   193  268.870 3438.693
       174866.3  54.62   0.00  31.82  18.24  99.75 132252 3170.091   193  268.870 3438.961
       174876.3  44.40   0.00  23.14  18.62  99.75 132260 3170.355   193  268.870 3439.225
Timestamp         S0     S1     E      O      P     YGC     YGCT    FGC    FGCT     GCT   
       174886.3   0.00  31.80  82.93  18.64  99.75 132267 3170.515   193  268.870 3439.384
       174896.3   0.00  99.78  74.72  18.66  99.75 132275 3170.705   193  268.870 3439.575
       174906.3   0.00  47.17  16.97  18.69  99.75 132283 3170.941   193  268.870 3439.810
       174916.3  68.33   0.00  91.63  18.77  99.75 132290 3171.132   193  268.870 3440.002
       174926.3  50.00   0.00  77.82  18.89  99.75 132298 3171.340   193  268.870 3440.210
       174936.3  37.24   0.00  37.92  18.91  99.75 132306 3171.473   193  268.870 3440.343
       174946.3   0.00  45.27  72.33  18.94  99.75 132313 3171.595   193  268.870 3440.464
       174956.3  78.48   0.00  83.83  18.95  99.75 132320 3171.736   193  268.870 3440.606
       174966.3  50.63   0.00  16.36  18.96  99.75 132328 3171.881   193  268.870 3440.751
       174976.3   0.00  99.59  62.91  18.98  99.75 132335 3171.992   193  268.870 3440.862
Timestamp         S0     S1     E      O      P     YGC     YGCT    FGC    FGCT     GCT   
       174986.3  61.11   0.00  87.29  19.00  99.75 132342 3172.116   193  268.870 3440.986
       174996.3   0.00  69.47  99.47  19.01  99.75 132350 3172.253   193  268.870 3441.123
       175006.3   0.00  99.61  32.26  19.04  99.75 132357 3172.416   193  268.870 3441.285
       175016.3   0.00 100.00   7.37  21.01  99.75 132365 3172.621   193  268.870 3441.491
       175026.3   0.00 100.00  41.40  21.03  99.75 132373 3172.862   193  268.870 3441.731
       175036.3   0.00  23.23  64.71  21.87  99.75 132381 3173.055   193  268.870 3441.924
       175046.3   0.00  32.30  74.47  21.93  99.75 132389 3173.263   193  268.870 3442.133
       175056.3   0.00  15.25  49.41  21.96  99.75 132397 3173.411   193  268.870 3442.280
       175066.3   0.00 100.00   0.00  21.98  99.75 132405 3173.621   193  268.870 3442.490
       175076.3  65.56   0.00  19.02  21.99  99.75 132412 3173.819   193  268.870 3442.689
Timestamp         S0     S1     E      O      P     YGC     YGCT    FGC    FGCT     GCT   
       175086.3   0.00  99.67  67.33  22.00  99.75 132419 3174.004   193  268.870 3442.874
       175096.3   0.00  99.78  80.86  22.09  99.75 132427 3174.195   193  268.870 3443.065
       175106.3   0.00  51.72  84.36  22.15  99.75 132435 3174.473   193  268.870 3443.342
       175116.3   0.00  99.50  55.48  22.30  99.75 132443 3174.627   193  268.870 3443.497
       175126.3   0.00  46.79  38.98  22.39  99.75 132451 3174.806   193  268.870 3443.675
       175136.3  81.45   0.00  92.20  22.41  99.75 132458 3174.958   193  268.870 3443.828
       175146.3  66.29   0.00  45.56  22.43  99.75 132466 3175.155   193  268.870 3444.025
       175156.3   0.00 100.00  53.13  22.53  99.75 132473 3175.282   193  268.870 3444.152
       175166.3  68.52   0.00  93.47  22.61  99.75 132480 3175.471   193  268.870 3444.340
       175176.3  73.38   0.00  49.44  22.62  99.75 132488 3175.626   193  268.870 3444.496
Timestamp         S0     S1     E      O      P     YGC     YGCT    FGC    FGCT     GCT   
       175186.3   0.00  53.73  84.78  22.65  99.75 132495 3175.746   193  268.870 3444.616
       175196.3   0.00  99.82  50.21  24.13  99.75 132503 3175.927   193  268.870 3444.796
       175206.3   0.00  99.78   4.99  24.14  99.75 132511 3176.129   193  268.870 3444.999
       175216.3  43.22   0.00  92.81  25.00  99.75 132518 3176.317   193  268.870 3445.187
       175226.3  37.08   0.00  81.96  25.02  99.75 132526 3176.493   193  268.870 3445.362
       175236.3  49.20   0.00  66.50  25.11  99.75 132534 3176.641   193  268.870 3445.511
       175246.3  63.93   0.00  60.33  25.12  99.75 132542 3176.826   193  268.870 3445.696
       175256.3  92.07   0.00   0.00  25.16  99.75 132550 3177.020   193  268.870 3445.889
       175266.3   0.00  43.84  81.83  25.18  99.75 132557 3177.150   193  268.870 3446.020
       175276.3   0.00  35.93  55.98  25.30  99.75 132565 3177.312   193  268.870 3446.182
Timestamp         S0     S1     E      O      P     YGC     YGCT    FGC    FGCT     GCT   
       175286.3   0.00  32.85   7.98  25.34  99.75 132573 3177.507   193  268.870 3446.376
       175296.3  62.01   0.00  65.10  25.36  99.75 132580 3177.640   193  268.870 3446.510
       175306.3  65.82   0.00  15.99  25.43  99.75 132588 3177.818   193  268.870 3446.688
       175316.3  61.09   0.00   0.00  25.44  99.75 132596 3178.019   193  268.870 3446.888
       175326.3   0.00  37.92  44.60  25.66  99.75 132603 3178.178   193  268.870 3447.047
       175336.3   0.00  50.24   0.00  25.70  99.75 132611 3178.369   193  268.870 3447.239
       175346.3  60.95   0.00  58.39  25.72  99.75 132618 3178.501   193  268.870 3447.370
       175356.3  84.02   0.00  15.78  25.95  99.75 132626 3178.671   193  268.870 3447.540
       175366.3   0.00  58.81  96.32  26.02  99.75 132633 3178.836   193  268.870 3447.705
       175376.3   0.00  99.60  48.71  26.32  99.75 132641 3179.043   193  268.870 3447.913
Timestamp         S0     S1     E      O      P     YGC     YGCT    FGC    FGCT     GCT   
       175386.3  51.24   0.00  96.61  26.34  99.75 132648 3179.177   193  268.870 3448.047
       175396.3  85.51   0.00  85.82  26.36  99.75 132656 3179.351   193  268.870 3448.221
       175406.3  53.76   0.00  64.77  26.45  99.75 132664 3179.596   193  268.870 3448.466
       175416.3  43.72   0.00  60.49  26.51  99.75 132672 3179.779   193  268.870 3448.648
       175426.3  52.37   0.00  51.71  26.67  99.75 132680 3179.964   193  268.870 3448.833
       175436.3   0.00  63.39  99.99  26.69  99.75 132688 3180.098   193  268.870 3448.967
       175446.3   0.00  99.75  79.99  26.71  99.75 132695 3180.327   193  268.870 3449.197
       175456.3   0.00  44.83  67.03  26.73  99.75 132703 3180.487   193  268.870 3449.357
       175466.3   0.00  51.92  44.45  26.85  99.75 132711 3180.680   193  268.870 3449.549
       175476.3   0.00  47.03  39.52  26.86  99.75 132719 3180.901   193  268.870 3449.770
Timestamp         S0     S1     E      O      P     YGC     YGCT    FGC    FGCT     GCT   
       175486.3  54.93   0.00  97.87  26.89  99.75 132726 3181.033   193  268.870 3449.903
       175496.3  61.38   0.00  40.20  26.91  99.75 132734 3181.176   193  268.870 3450.045
       175506.3  62.83  70.32 100.00  27.10  99.75 132742 3181.323   193  268.870 3450.192
       175516.3  82.92   0.00  42.12  27.12  99.75 132748 3181.538   193  268.870 3450.408
       175526.3  74.29   0.00   0.00  27.21  99.75 132756 3181.717   193  268.870 3450.587
       175536.3   0.00 100.00  89.80  27.27  99.75 132763 3181.861   193  268.870 3450.730
       175546.3   0.00  51.47  76.05  27.30  99.75 132771 3182.055   193  268.870 3450.925
       175556.3   0.00 100.00  34.63  27.41  99.75 132779 3182.203   193  268.870 3451.073
       175566.3  67.30   0.00  72.45  27.45  99.75 132786 3182.348   193  268.870 3451.218
       175576.3  49.70   0.00   2.79  27.46  99.75 132794 3182.517   193  268.870 3451.387
Timestamp         S0     S1     E      O      P     YGC     YGCT    FGC    FGCT     GCT   
       175586.3   0.00  99.67  38.18  27.49  99.75 132801 3182.761   193  268.870 3451.630
       175596.3  80.12   0.00  93.31  27.50  99.75 132808 3182.918   193  268.870 3451.787
       175606.3  51.74   0.00  35.69  27.57  99.75 132816 3183.078   193  268.870 3451.948
       175616.3   0.00 100.00  79.89  27.67  99.75 132823 3183.203   193  268.870 3452.072
       175626.3   0.00  73.08  17.26  27.69  99.75 132831 3183.380   193  268.870 3452.249
       175636.4   0.00  71.09  12.67  28.51  99.75 132839 3183.583   193  268.870 3452.452
       175646.3  81.82   0.00  87.89  28.52  99.75 132846 3183.802   193  268.870 3452.672
       175656.4  35.59   0.00  50.90  28.82  99.75 132854 3183.981   193  268.870 3452.851
       175666.3  76.25   0.00  13.60  28.84  99.75 132862 3184.145   193  268.870 3453.014
       175676.3   0.00  72.28  68.43  28.87  99.75 132869 3184.286   193  268.870 3453.156
Timestamp         S0     S1     E      O      P     YGC     YGCT    FGC    FGCT     GCT   
       175686.4   0.00  63.78  30.74  28.92  99.75 132877 3184.456   193  268.870 3453.325
       175696.4   0.00  45.69   1.28  28.95  99.75 132885 3184.595   193  268.870 3453.465
       175706.3  70.11   0.00  62.81  28.97  99.75 132892 3184.734   193  268.870 3453.604
       175716.4  65.22   0.00  29.48  28.99  99.75 132900 3184.918   193  268.870 3453.787
       175726.4  45.95   0.00   1.78  29.06  99.75 132908 3185.057   193  268.870 3453.926
       175736.4   0.00  52.08  59.03  29.08  99.75 132915 3185.212   193  268.870 3454.082
       175746.3   0.00  72.90  37.63  29.16  99.75 132923 3185.408   193  268.870 3454.277
       175756.4   0.00  55.56   1.11  29.22  99.75 132931 3185.591   193  268.870 3454.460
       175766.3  44.66   0.00  86.95  29.32  99.75 132938 3185.736   193  268.870 3454.606
       175776.3  59.39   0.00  68.20  29.36  99.75 132946 3185.925   193  268.870 3454.794
Timestamp         S0     S1     E      O      P     YGC     YGCT    FGC    FGCT     GCT   
       175786.3  79.90   0.00  35.16  29.41  99.75 132954 3186.138   193  268.870 3455.008
       175796.3   0.00  85.64  91.65  29.42  99.75 132961 3186.285   193  268.870 3455.155
       175806.4   0.00  63.68  67.22  29.73  99.75 132969 3186.515   193  268.870 3455.384
       175816.4   0.00  84.16  53.40  29.76  99.75 132977 3186.701   193  268.870 3455.570
       175826.4   0.00  30.19  11.16  30.40  99.75 132985 3186.908   193  268.870 3455.777
       175836.4  41.43   0.00  79.77  30.41  99.75 132992 3187.042   193  268.870 3455.911
       175846.4  67.16   0.00  60.30  30.42  99.75 133000 3187.251   193  268.870 3456.120
       175856.4   0.00  72.93  87.08  30.49  99.75 133007 3187.440   193  268.870 3456.310
       175866.4   0.00  39.52  50.45  30.53  99.75 133015 3187.592   193  268.870 3456.462
       175876.3  35.99   0.00  45.44  30.55  99.75 133022 3187.716   193  268.870 3456.586
Timestamp         S0     S1     E      O      P     YGC     YGCT    FGC    FGCT     GCT   
       175886.3  71.52   0.00   4.76  30.56  99.75 133030 3187.861   193  268.870 3456.730
       175896.4   0.00  63.68  57.81  30.57  99.75 133037 3188.016   193  268.870 3456.885
       175906.4   0.00 100.00   4.21  30.65  99.75 133045 3188.220   193  268.870 3457.090
       175916.4  59.54   0.00  19.93  30.76  99.75 133052 3188.398   193  268.870 3457.268
       175926.4   0.00 100.00  69.43  31.68  99.75 133059 3188.556   193  268.870 3457.426
       175936.4   0.00  99.80  42.74  32.75  99.75 133067 3188.789   193  268.870 3457.658
       175946.4   0.00  45.12  41.55  33.63  99.75 133075 3189.117   193  268.870 3457.987
       175956.4   0.00  62.60  51.78  33.65  99.75 133083 3189.305   193  268.870 3458.174
       175966.4   0.00 100.00  61.05  33.73  99.75 133091 3189.579   193  268.870 3458.448
       175976.4   0.00  57.53  67.41  33.84  99.75 133099 3189.775   193  268.870 3458.645
Timestamp         S0     S1     E      O      P     YGC     YGCT    FGC    FGCT     GCT   
       175986.4   0.00  37.21  90.17  33.99  99.75 133107 3189.968   193  268.870 3458.837
       175996.4   0.00  40.77  68.85  34.01  99.75 133115 3190.165   193  268.870 3459.035
       176006.4   0.00  41.31  21.44  34.03  99.75 133123 3190.309   193  268.870 3459.178
       176016.4  34.36   0.00  86.11  34.04  99.75 133130 3190.452   193  268.870 3459.321
       176026.4  95.08   0.00  37.96  34.07  99.75 133138 3190.680   193  268.870 3459.549
       176036.4   0.00 100.00  96.71  34.09  99.75 133145 3190.859   193  268.870 3459.729
       176046.4  62.06   0.00  19.08  36.46  99.75 133154 3191.157   193  268.870 3460.026
       176056.4  66.41   0.00  41.99  36.67  99.75 133162 3191.396   193  268.870 3460.266
       176066.4  35.40   0.00  71.88  37.68  99.75 133170 3191.593   193  268.870 3460.462
       176076.4  48.21   0.00  46.82  37.70  99.75 133178 3191.767   193  268.870 3460.637
Timestamp         S0     S1     E      O      P     YGC     YGCT    FGC    FGCT     GCT   
       176086.4  37.64   0.00  53.28  37.77  99.75 133186 3191.912   193  268.870 3460.781
       176096.4  57.58   0.00  32.95  37.78  99.75 133194 3192.099   193  268.870 3460.969
       176106.4   0.00  78.29  92.01  37.79  99.75 133201 3192.235   193  268.870 3461.105
       176116.4   0.00  99.68  65.61  37.87  99.75 133209 3192.415   193  268.870 3461.284
       176126.4   0.00  79.82  31.01  38.15  99.75 133217 3192.618   193  268.870 3461.488
       176136.4   0.00  99.76  18.16  38.22  99.75 133225 3192.857   193  268.870 3461.727
       176146.4  39.04   0.00  92.26  38.38  99.75 133232 3193.004   193  268.870 3461.873
       176156.4  67.31   0.00  76.72  38.42  99.75 133240 3193.179   193  268.870 3462.049
       176166.4  66.50   0.00  60.53  38.44  99.75 133248 3193.401   193  268.870 3462.271
       176176.4  32.24   0.00  25.53  38.46  99.75 133256 3193.590   193  268.870 3462.459
Timestamp         S0     S1     E      O      P     YGC     YGCT    FGC    FGCT     GCT   
       176186.4   0.00  59.81  77.23  38.56  99.75 133263 3193.790   193  268.870 3462.659
       176196.4   0.00  45.36  26.20  38.60  99.75 133271 3193.956   193  268.870 3462.826
       176206.4 100.00   0.00  97.84  40.39  99.75 133278 3194.170   193  268.870 3463.040
       176216.4  68.87   0.00  36.04  40.40  99.75 133286 3194.403   193  268.870 3463.272
       176226.4  14.72   0.00  50.35  41.30  99.75 133294 3194.620   193  268.870 3463.490
       176236.4  18.83   0.00  35.65  41.32  99.75 133302 3194.783   193  268.870 3463.652
       176246.4  28.33   0.00  46.47  41.33  99.75 133310 3194.973   193  268.870 3463.842
       176256.4   0.00  41.37  83.52  41.34  99.75 133317 3195.125   193  268.870 3463.994
       176266.4   0.00 100.00  54.33  41.37  99.75 133325 3195.262   193  268.870 3464.131
       176276.4  76.15   0.00  91.86  41.39  99.75 133332 3195.402   193  268.870 3464.271
Timestamp         S0     S1     E      O      P     YGC     YGCT    FGC    FGCT     GCT   
       176286.4  52.19   0.00  56.57  41.60  99.75 133340 3195.646   193  268.870 3464.515
       176296.4  68.12   0.00  21.82  41.63  99.75 133348 3195.804   193  268.870 3464.673
       176306.4   0.00  38.99  86.30  41.95  99.75 133355 3196.038   193  268.870 3464.907
       176316.4  68.27  41.21 100.00  41.96  99.75 133362 3196.164   193  268.870 3465.034
       176326.4   0.00  66.51  85.07  41.99  99.75 133369 3198.524   193  268.870 3467.393
       176336.4   0.00 100.00  46.97  42.27  99.75 133377 3198.708   193  268.870 3467.577
       176346.4   0.00  65.94  55.73  43.22  99.75 133385 3198.948   193  268.870 3467.818
       176356.4   0.00  36.36  39.18  43.79  99.75 133393 3199.174   193  268.870 3468.043
       176366.4  19.08   0.00  83.44  44.11  99.75 133400 3199.318   193  268.870 3468.188
       176376.4  29.93   0.00  32.34  44.15  99.75 133408 3199.460   193  268.870 3468.330
Timestamp         S0     S1     E      O      P     YGC     YGCT    FGC    FGCT     GCT   
       176386.4  48.33   0.00  23.52  44.17  99.75 133416 3199.629   193  268.870 3468.498
       176396.4   0.00  99.67  73.06  44.20  99.75 133423 3199.765   193  268.870 3468.634
       176406.4   0.00  99.89  66.48  46.27  99.75 133431 3200.008   193  268.870 3468.878
       176416.4   0.00  55.56  91.43  46.35  99.75 133439 3200.295   193  268.870 3469.165
       176426.4  17.10   0.00  13.15  47.95  99.75 133448 3200.554   193  268.870 3469.423
       176436.4  17.60   0.00  71.82  47.99  99.75 133456 3200.730   193  268.870 3469.600
       176446.4  18.60   0.00  53.17  48.03  99.75 133464 3200.874   193  268.870 3469.744
       176456.4   0.00  38.05  97.76  48.11  99.75 133471 3201.011   193  268.870 3469.880
       176466.4   0.00  40.91  46.93  48.13  99.75 133479 3201.176   193  268.870 3470.046
       176476.4  66.39   0.00  79.83  48.14  99.75 133486 3201.321   193  268.870 3470.190
Timestamp         S0     S1     E      O      P     YGC     YGCT    FGC    FGCT     GCT   
       176486.4  50.57   0.00  43.05  48.24  99.75 133494 3201.480   193  268.870 3470.349
       176496.4   0.00  99.49  85.43  48.25  99.75 133501 3201.690   193  268.870 3470.559
       176506.4   0.00  99.63  29.95  48.26  99.75 133509 3201.845   193  268.870 3470.715
       176516.4  62.74   0.00  87.62  48.37  99.75 133516 3202.008   193  268.870 3470.878
       176526.4  87.95   0.00  74.08  48.39  99.75 133524 3202.205   193  268.870 3471.075
       176536.4  64.59   0.00  44.43  48.55  99.75 133532 3202.400   193  268.870 3471.269
       176546.4  72.49   0.00   9.23  48.58  99.75 133540 3202.554   193  268.870 3471.423
       176556.4  35.96   0.00   0.00  48.60  99.75 133548 3202.703   193  268.870 3471.573
       176566.4   0.00  41.33  81.38  48.61  99.75 133555 3202.839   193  268.870 3471.708
       176576.4   0.00  36.57  11.99  48.68  99.75 133563 3203.018   193  268.870 3471.887
Timestamp         S0     S1     E      O      P     YGC     YGCT    FGC    FGCT     GCT   
       176586.4  71.08   0.00  60.16  48.70  99.75 133570 3203.155   193  268.870 3472.025
       176596.4   0.00  76.06  99.21  48.72  99.75 133578 3203.304   193  268.870 3472.174
       176606.4   0.00  50.00  59.79  48.82  99.75 133585 3203.486   193  268.870 3472.356
       176616.4   0.00 100.00  53.53  48.87  99.75 133593 3203.655   193  268.870 3472.524
       176626.4   0.00 100.00  56.10  50.99  99.75 133601 3203.908   193  268.870 3472.777
       176636.4   0.00  99.90  74.95  51.03  99.75 133609 3204.190   193  268.870 3473.059
       176646.5  42.11   0.00  36.68  52.02  99.75 133618 3204.469   193  268.870 3473.338
       176656.5  13.75   0.00  59.33  52.21  99.75 133626 3204.643   193  268.870 3473.512
       176666.4  37.37   0.00  22.82  52.23  99.75 133634 3204.802   193  268.870 3473.672
       176676.4  25.38   0.00   7.08  52.26  99.75 133642 3204.991   193  268.870 3473.861
Timestamp         S0     S1     E      O      P     YGC     YGCT    FGC    FGCT     GCT   
       176686.4   0.00  56.73  78.87  52.28  99.75 133649 3205.169   193  268.870 3474.038
       176696.4   0.00  30.45   4.62  52.34  99.75 133657 3205.324   193  268.870 3474.194
       176706.5  72.83   0.00  68.57  52.37  99.75 133664 3205.464   193  268.870 3474.334
       176716.5  37.10   0.00   7.50  52.42  99.75 133672 3205.616   193  268.870 3474.485
       176726.4   0.00  38.18  34.99  52.43  99.75 133679 3205.753   193  268.870 3474.623
       176736.4  58.15   0.00  91.24  52.44  99.75 133686 3205.916   193  268.870 3474.785
       176746.5 100.00   0.00  46.29  52.55  99.75 133694 3206.112   193  268.870 3474.981
       176756.4  73.71   0.00   0.00  52.61  99.75 133702 3206.367   193  268.870 3475.236
       176766.4   0.00  75.24  75.99  52.68  99.75 133709 3206.595   193  268.870 3475.464
       176776.4   0.00  99.85  70.26  54.10  99.75 133717 3206.906   193  268.870 3475.776
Timestamp         S0     S1     E      O      P     YGC     YGCT    FGC    FGCT     GCT   
       176786.5   0.00 100.00  78.33  54.11  99.75 133725 3207.162   193  268.870 3476.032
       176796.4  23.83   0.00   7.12  55.22  99.75 133734 3207.378   193  268.870 3476.248
       176806.4  21.56   0.00  13.65  55.24  99.75 133742 3207.570   193  268.870 3476.439
       176816.5  37.77   0.00   3.04  55.26  99.75 133750 3207.751   193  268.870 3476.620
       176826.5  75.76   0.00  74.46  55.28  99.75 133756 3207.936   193  268.870 3476.806
       176836.5   0.00  82.51  94.74  55.30  99.75 133763 3208.144   193  268.870 3477.013
       176846.5   0.00 100.00  78.27  55.43  99.75 133771 3208.349   193  268.870 3477.218
       176856.4   0.00  99.46  71.24  55.47  99.75 133779 3208.565   193  268.870 3477.434
       176866.5   0.00  52.08  64.95  55.52  99.75 133787 3208.740   193  268.870 3477.609
       176876.5   0.00  64.25  33.88  55.59  99.75 133795 3208.942   193  268.870 3477.812
Timestamp         S0     S1     E      O      P     YGC     YGCT    FGC    FGCT     GCT   
       176886.5   0.00  60.16  23.05  55.79  99.75 133803 3209.141   193  268.870 3478.011
       176896.5  66.95   0.00  90.41  55.81  99.75 133810 3209.303   193  268.870 3478.173
       176906.5  46.12   0.00  93.71  56.10  99.75 133818 3209.516   193  268.870 3478.386
       176916.5  48.93   0.00  60.41  56.12  99.75 133826 3209.761   193  268.870 3478.630
       176926.5  50.48   0.00  16.16  56.15  99.75 133834 3209.913   193  268.870 3478.783
       176936.5   0.00  99.73  82.23  56.17  99.75 133841 3210.071   193  268.870 3478.941
       176946.5   0.00  35.85  29.77  56.21  99.75 133849 3210.365   193  268.870 3479.235
       176956.5   0.00  59.78  13.51  56.34  99.75 133857 3210.559   193  268.870 3479.429
       176966.5  58.63   0.00  34.36  56.36  99.75 133864 3210.715   193  268.870 3479.585
       176976.5   0.00  59.94  89.88  56.38  99.75 133871 3210.854   193  268.870 3479.724
Timestamp         S0     S1     E      O      P     YGC     YGCT    FGC    FGCT     GCT   
       176986.5   0.00  72.12  17.03  56.39  99.75 133879 3211.031   193  268.870 3479.901
       176996.5   0.00 100.00  14.39  59.65  99.75 133887 3211.260   193  268.870 3480.130
       177006.5   0.00  62.96  23.54  59.71  99.75 133895 3211.508   193  268.870 3480.378
       177016.5   0.00  33.15  61.44  60.45  99.75 133903 3211.694   193  268.870 3480.564
       177026.5   0.00  31.85   8.97  60.47  99.75 133911 3211.869   193  268.870 3480.739
       177036.5  30.97   0.00  84.57  60.53  99.75 133918 3212.003   193  268.870 3480.872
       177046.5  63.40   0.00  94.41  60.57  99.75 133926 3212.188   193  268.870 3481.057
       177056.5  73.79   0.00  42.01  60.60  99.75 133934 3212.385   193  268.870 3481.254
       177066.5  26.42   0.00  25.87  60.75  99.75 133942 3212.574   193  268.870 3481.443
       177076.5  61.11   0.00   0.00  60.77  99.75 133950 3212.774   193  268.870 3481.643
Timestamp         S0     S1     E      O      P     YGC     YGCT    FGC    FGCT     GCT   
       177086.5   0.00  57.08  94.04  60.79  99.75 133957 3212.941   193  268.870 3481.810
       177096.5   0.00  31.55  62.97  60.83  99.75 133965 3213.169   193  268.870 3482.038
       177106.5   0.00  71.43  33.99  60.88  99.75 133973 3213.345   193  268.870 3482.214
       177116.5  97.06   0.00  70.76  60.90  99.75 133980 3213.510   193  268.870 3482.379
       177126.5  45.65   0.00  28.76  60.92  99.75 133988 3213.684   193  268.870 3482.553
       177136.5   0.00 100.00  82.90  60.99  99.75 133995 3213.862   193  268.870 3482.731
       177146.6   0.00 100.00  36.85  61.02  99.75 134003 3214.041   193  268.870 3482.911
       177156.6  31.61   0.00  55.16  61.10  99.75 134010 3214.180   193  268.870 3483.049
       177166.5   0.00  55.92  83.85  61.15  99.75 134017 3214.368   193  268.870 3483.237
       177176.5   0.00  67.79  26.01  61.16  99.75 134025 3214.513   193  268.870 3483.383
Timestamp         S0     S1     E      O      P     YGC     YGCT    FGC    FGCT     GCT   
       177186.5  55.49   0.00  78.19  62.64  99.75 134032 3214.716   193  268.870 3483.585
       177196.5  57.42   0.00  76.04  62.66  99.75 134040 3214.950   193  268.870 3483.820
       177206.6  34.59   0.00  67.94  63.36  99.75 134048 3215.157   193  268.870 3484.027
       177216.6  59.21   0.00  51.27  63.38  99.75 134056 3215.358   193  268.870 3484.227
       177226.5  46.31   0.00  13.05  63.40  99.75 134064 3215.508   193  268.870 3484.377
       177236.6   0.00  99.71  72.35  63.43  99.75 134071 3215.674   193  268.870 3484.544
       177246.6   0.00  59.38  18.27  63.47  99.75 134079 3215.935   193  268.870 3484.804
       177256.6  34.82   0.00  85.90  63.56  99.75 134086 3216.095   193  268.870 3484.965
       177266.6  60.16   0.00  51.41  63.60  99.75 134094 3216.242   193  268.870 3485.112
       177276.6  49.47   0.00  45.37  63.63  99.75 134102 3216.419   193  268.870 3485.288
Timestamp         S0     S1     E      O      P     YGC     YGCT    FGC    FGCT     GCT   
       177286.5  68.18   0.00  29.61  63.71  99.75 134110 3216.589   193  268.870 3485.458
       177296.6   0.00  63.45  84.51  63.75  99.75 134117 3216.753   193  268.870 3485.623
       177306.6   0.00 100.00  50.14  63.83  99.75 134125 3216.957   193  268.870 3485.826
       177316.5  52.11   0.00  86.60  63.84  99.75 134132 3217.110   193  268.870 3485.979
       177326.6  34.66   0.00  14.77  63.86  99.75 134140 3217.273   193  268.870 3486.142
       177336.6   0.00  52.20  45.86  63.87  99.75 134147 3217.401   193  268.870 3486.271
       177346.5  59.48   0.00  68.70  63.94  99.75 134154 3217.539   193  268.870 3486.409
       177356.5  75.00   0.00   3.44  64.00  99.75 134162 3217.719   193  268.870 3486.589
       177366.6   0.00  60.54   9.16  64.01  99.75 134169 3217.848   193  268.870 3486.718
       177376.6 100.00   0.00  75.05  64.99  99.75 134176 3218.030   193  268.870 3486.899
Timestamp         S0     S1     E      O      P     YGC     YGCT    FGC    FGCT     GCT   
       177386.5   0.00  99.85   0.00  66.04  99.75 134185 3218.315   193  268.870 3487.185
       177396.6   0.00  21.65  25.47  66.96  99.75 134193 3218.546   193  268.870 3487.415
       177406.6   0.00  17.83  18.06  67.00  99.75 134201 3218.681   193  268.870 3487.550
       177416.6   0.00  23.26   1.83  67.03  99.75 134209 3218.828   193  268.870 3487.697
       177426.6  70.04   0.00  94.47  67.05  99.75 134216 3218.996   193  268.870 3487.866
       177436.6  62.29   0.00  82.05  67.07  99.75 134224 3219.220   193  268.870 3488.089
       177446.5  38.48   0.00  62.06  67.17  99.75 134232 3219.417   193  268.870 3488.286
       177456.5   0.00  43.12  89.02  67.19  99.75 134239 3219.564   193  268.870 3488.433
       177466.6   0.00  51.29  43.87  67.25  99.75 134247 3219.735   193  268.870 3488.604
       177476.6  60.32   0.00  86.78  67.27  99.75 134254 3219.905   193  268.870 3488.775
Timestamp         S0     S1     E      O      P     YGC     YGCT    FGC    FGCT     GCT   
       177486.5  85.98   0.00  45.07  67.30  99.75 134262 3220.116   193  268.870 3488.985
       177496.6  56.77   0.00  28.22  67.32  99.75 134270 3220.293   193  268.870 3489.163
       177506.5   0.00  75.51  84.17  67.39  99.75 134277 3220.433   193  268.870 3489.303
       177516.6   0.00  52.54   2.35  67.42  99.75 134285 3220.601   193  268.870 3489.471
       177526.5  55.65   0.00  56.39  67.44  99.75 134292 3220.742   193  268.870 3489.611
       177536.6  44.91   0.00  20.91  67.48  99.75 134300 3220.891   193  268.870 3489.761
       177546.6   0.00  58.06  96.54  67.57  99.75 134307 3221.050   193  268.870 3489.919
       177556.5   0.00  99.74  63.16  67.59  99.75 134315 3221.279   193  268.870 3490.148
       177566.6   0.00  44.65  24.84  67.62  99.75 134323 3221.465   193  268.870 3490.335
       177576.6  66.37   0.00  71.06  67.67  99.75 134330 3221.606   193  268.870 3490.476
Timestamp         S0     S1     E      O      P     YGC     YGCT    FGC    FGCT     GCT   
       177586.6  29.12   0.00  25.33  67.69  99.75 134338 3221.814   193  268.870 3490.683
       177596.6   0.00  70.43  84.02  67.72  99.75 134345 3221.984   193  268.870 3490.854
       177606.6   0.00 100.00  39.07  69.65  99.75 134353 3222.196   193  268.870 3491.066
       177616.5   0.00 100.00  48.49  69.66  99.75 134361 3222.423   193  268.870 3491.293
       177626.6   0.00 100.00  39.81  70.53  99.75 134369 3222.690   193  268.870 3491.559
       177636.6   0.00  18.03  55.75  70.60  99.75 134377 3222.850   193  268.870 3491.720
       177646.6   0.00  77.57  76.77  70.62  99.75 134385 3223.018   193  268.870 3491.888
       177656.6   0.00  55.24  64.62  70.65  99.75 134393 3223.224   193  268.870 3492.093
       177666.6   0.00  36.89  26.79  70.81  99.75 134401 3223.411   193  268.870 3492.281
       177676.6  54.05   0.00  78.38  70.83  99.75 134408 3223.573   193  268.870 3492.443
Timestamp         S0     S1     E      O      P     YGC     YGCT    FGC    FGCT     GCT   
       177686.6  60.18   0.00  20.91  70.86  99.75 134416 3223.751   193  268.870 3492.620
       177696.6   0.00  38.57  88.60  70.87  99.75 134423 3223.889   193  268.870 3492.759
       177706.6   0.00 100.00  37.69  70.88  99.75 134431 3224.066   193  268.870 3492.936
       177716.6  93.29   0.00  84.51  70.93  99.75 134438 3224.238   193  268.870 3493.107
       177726.6  58.31   0.00  66.50  71.59  99.75 134446 3224.478   193  268.870 3493.348
       177736.6  55.91   0.00  88.94  71.93  99.75 134454 3224.798   193  268.870 3493.668
       177746.6  29.94   0.00  77.59  72.24  99.75 134462 3224.997   193  268.870 3493.867
       177756.6  51.70   0.00  68.81  72.34  99.75 134470 3225.166   193  268.870 3494.035
       177766.6  44.20   0.00  52.87  72.38  99.75 134478 3225.336   193  268.870 3494.206
       177776.6  72.30   0.00  14.16  72.44  99.75 134486 3225.528   193  268.870 3494.397
Timestamp         S0     S1     E      O      P     YGC     YGCT    FGC    FGCT     GCT   
       177786.6   0.00  77.84  72.27  72.48  99.75 134493 3225.710   193  268.870 3494.579
       177796.6   0.00 100.00  57.26  74.29  99.75 134501 3225.967   193  268.870 3494.836
       177806.6   0.00  72.51  51.94  74.31  99.75 134509 3226.218   193  268.870 3495.088
       177816.6   0.00 100.00  66.73  75.34  99.75 134517 3226.414   193  268.870 3495.284
       177826.6   0.00  17.15  51.15  75.37  99.75 134525 3226.600   193  268.870 3495.469
       177836.6   0.00  33.16   0.00  75.39  99.75 134533 3226.835   193  268.870 3495.705
       177846.6  54.95   0.00  37.09  75.41  99.75 134540 3227.008   193  268.870 3495.877
       177856.6   0.00  99.45  75.29  75.45  99.75 134547 3227.168   193  268.870 3496.038
       177866.6   0.00  33.68  58.89  75.49  99.75 134555 3227.362   193  268.870 3496.231
       177876.6   0.00  56.54  22.55  75.70  99.75 134563 3227.548   193  268.870 3496.418
Timestamp         S0     S1     E      O      P     YGC     YGCT    FGC    FGCT     GCT   
       177886.6  85.84   0.00  77.51  75.73  99.75 134570 3227.708   193  268.870 3496.577
       177896.6  93.44   0.00  41.70  75.82  99.75 134578 3227.981   193  268.870 3496.851
       177906.6  49.24   0.00  21.73  75.85  99.75 134586 3228.170   193  268.870 3497.039
       177916.6   0.00  45.85  62.38  76.05  99.75 134593 3228.311   193  268.870 3497.181
       177926.6   0.00  48.77   5.97  76.09  99.75 134601 3228.488   193  268.870 3497.357
       177936.7  68.75   0.00  85.41  76.10  99.75 134608 3228.650   193  268.870 3497.519
       177946.6  69.48   0.00  52.51  76.15  99.75 134616 3228.812   193  268.870 3497.682
       177956.6 100.00   0.00   9.48  76.93  99.75 134624 3229.043   193  268.870 3497.912
       177966.6  57.08   0.00   0.00  78.26  99.75 134632 3229.286   193  268.870 3498.156
       177976.7   0.00  74.01  73.51  78.38  99.75 134639 3229.503   193  268.870 3498.372
Timestamp         S0     S1     E      O      P     YGC     YGCT    FGC    FGCT     GCT   
       177986.7   0.00  23.07  86.45  79.28  99.75 134647 3229.669   193  268.870 3498.538
       177996.6   0.00  34.97  83.26  79.30  99.75 134655 3229.833   193  268.870 3498.702
       178006.7   0.00  56.71  60.94  79.33  99.75 134663 3230.034   193  268.870 3498.904
       178016.7   0.00  74.42  19.65  79.35  99.75 134671 3230.272   193  268.870 3499.142
       178026.6  78.61   0.00  63.73  79.36  99.75 134678 3230.426   193  268.870 3499.295
       178036.6  44.86   0.00  51.36  79.46  99.75 134686 3230.648   193  268.870 3499.518
       178046.6  69.25   0.00   3.94  79.54  99.75 134694 3230.838   193  268.870 3499.708
       178056.7   0.00  75.65  48.44  79.60  99.75 134701 3231.015   193  268.870 3499.885
       178066.6   0.00  62.14  21.13  79.61  99.75 134709 3231.213   193  268.870 3500.082
       178076.6   0.00  99.66   4.23  79.62  99.75 134717 3231.412   193  268.870 3500.282
Timestamp         S0     S1     E      O      P     YGC     YGCT    FGC    FGCT     GCT   
       178086.7  40.45   0.00  83.61  79.72  99.75 134724 3231.581   193  268.870 3500.450
       178096.6  42.20   0.00  25.32  79.75  99.75 134732 3231.743   193  268.870 3500.613
       178106.6   0.00 100.00  96.18  79.77  99.75 134739 3231.905   193  268.870 3500.774
       178116.6   0.00  51.09   4.74  79.78  99.75 134747 3232.074   193  268.870 3500.944
       178126.7  55.79   0.00  32.02  79.85  99.75 134754 3232.213   193  268.870 3501.083
       178136.7   0.00  99.66  59.93  79.87  99.75 134761 3232.407   193  268.870 3501.276
       178146.6   0.00  57.57   0.00  79.88  99.75 134769 3232.570   193  268.870 3501.440
       178156.7  94.19   0.00  60.54  79.89  99.75 134776 3232.711   193  268.870 3501.581
       178166.7  82.74   0.00  35.20  80.00  99.75 134784 3232.913   193  268.870 3501.783
       178176.7  60.69   0.00   0.00  80.02  99.75 134792 3233.091   193  268.870 3501.961
Timestamp         S0     S1     E      O      P     YGC     YGCT    FGC    FGCT     GCT   
       178186.7   0.00  66.32  47.33  80.17  99.75 134799 3233.262   193  268.870 3502.132
       178196.7  65.32   0.00  95.91  80.18  99.75 134806 3233.425   193  268.870 3502.295
       178206.7  43.37   0.00  49.39  80.22  99.75 134814 3233.594   193  268.870 3502.463
       178216.7  63.55   0.00  13.52  80.26  99.75 134822 3233.748   193  268.870 3502.617
       178226.7   0.00  46.91  42.98  80.28  99.75 134829 3233.900   193  268.870 3502.770
       178236.7   0.00 100.00  17.08  80.43  99.75 134837 3234.051   193  268.870 3502.920
       178246.7 100.00   0.00  67.84  80.54  99.75 134844 3234.241   193  268.870 3503.110
       178256.7  64.69   0.00  25.63  81.03  99.75 134852 3234.632   193  268.870 3503.501
       178266.7   0.00  55.84  90.26  81.11  99.75 134859 3234.793   193  268.870 3503.662
       178276.7   0.00  70.23  75.81  81.36  99.75 134867 3235.023   193  268.870 3503.893
Timestamp         S0     S1     E      O      P     YGC     YGCT    FGC    FGCT     GCT   
       178286.7   0.00  92.59  57.07  81.38  99.75 134875 3235.239   193  268.870 3504.108
       178296.7   0.00  37.03  28.87  81.46  99.75 134883 3235.420   193  268.870 3504.290
       178306.7  46.59   0.00  63.46  81.47  99.75 134890 3235.584   193  268.870 3504.454
       178316.7  83.24   0.00   3.90  81.50  99.75 134898 3235.746   193  268.870 3504.616
       178326.7  96.35   0.00   7.16  81.52  99.75 134906 3235.972   193  268.870 3504.842
       178336.7  61.65   0.00   6.07  81.65  99.75 134914 3236.173   193  268.870 3505.043
       178346.7   0.00  40.00  85.67  81.78  99.75 134921 3236.307   193  268.870 3505.177
       178356.7   0.00  40.26  26.75  81.82  99.75 134929 3236.462   193  268.870 3505.332
       178366.7  99.44   0.00  64.32  81.84  99.75 134936 3236.645   193  268.870 3505.514
       178376.6   0.00 100.00  27.42  18.67  99.75 134943 3236.847   194  270.250 3507.098
Timestamp         S0     S1     E      O      P     YGC     YGCT    FGC    FGCT     GCT   
       178386.7   0.00  66.46  27.24  18.80  99.75 134951 3237.068   194  270.250 3507.318
       178396.7  24.70  15.13 100.00  19.40  99.75 134959 3237.244   194  270.250 3507.494
       178406.7   0.00  23.74  16.74  19.43  99.75 134967 3237.443   194  270.250 3507.694
       178416.7  48.78   0.00  82.06  19.45  99.75 134974 3237.587   194  270.250 3507.837
       178426.7  34.23   0.00  45.37  19.49  99.75 134982 3237.780   194  270.250 3508.030
       178436.7   0.00  88.83 100.00  19.51  99.75 134990 3237.948   194  270.250 3508.199
       178446.7   0.00  42.58  43.98  19.55  99.75 134997 3238.122   194  270.250 3508.373
       178456.7  67.19   0.00  83.91  19.56  99.75 135004 3238.267   194  270.250 3508.517
       178466.7  47.86   0.00  73.15  19.60  99.75 135012 3238.438   194  270.250 3508.689
       178476.7  50.00   0.00  35.66  19.63  99.75 135020 3238.602   194  270.250 3508.852
Timestamp         S0     S1     E      O      P     YGC     YGCT    FGC    FGCT     GCT   
       178486.7   0.00  99.59  76.07  19.70  99.75 135027 3238.748   194  270.250 3508.998
       178496.7   0.00 100.00  13.86  19.73  99.75 135035 3238.919   194  270.250 3509.169
       178506.7  60.38   0.00  64.86  19.74  99.75 135042 3239.039   194  270.250 3509.290
       178516.7  43.65   0.00  12.99  19.82  99.75 135050 3239.265   194  270.250 3509.516
       178526.7   0.00  99.72  83.54  19.85  99.75 135057 3239.417   194  270.250 3509.667
       178536.7   0.00  31.78  46.20  19.89  99.75 135065 3239.570   194  270.250 3509.820
       178546.7   0.00  73.54  24.43  19.92  99.75 135073 3239.733   194  270.250 3509.984
       178556.7 100.00   0.00  54.04  20.02  99.75 135080 3239.881   194  270.250 3510.132
       178566.7  57.91   0.00   5.90  20.06  99.75 135088 3240.131   194  270.250 3510.382
       178576.7   0.00  36.49  44.08  20.09  99.75 135095 3240.365   194  270.250 3510.615
Timestamp         S0     S1     E      O      P     YGC     YGCT    FGC    FGCT     GCT   
       178586.7   0.00  58.21  21.51  20.12  99.75 135103 3240.543   194  270.250 3510.794
       178596.7   0.00  49.46   8.30  20.16  99.75 135111 3240.678   194  270.250 3510.929
       178606.7  31.68   0.00  83.60  20.22  99.75 135118 3240.795   194  270.250 3511.046
       178616.7  73.95   0.00  76.52  20.95  99.75 135126 3241.080   194  270.250 3511.331
       178626.8  42.84   0.00  83.89  20.97  99.75 135134 3241.314   194  270.250 3511.565
       178636.8  42.56   0.00  46.61  21.41  99.75 135142 3241.474   194  270.250 3511.725
       178646.8  27.74   0.00  21.60  21.43  99.75 135150 3241.652   194  270.250 3511.903
       178656.7  54.84   0.00   6.61  21.46  99.75 135158 3241.845   194  270.250 3512.095
       178666.8   0.00  65.14  84.84  21.49  99.75 135165 3242.183   194  270.250 3512.433
       178676.8   0.00  71.54  60.67  21.57  99.75 135173 3242.370   194  270.250 3512.620
Timestamp         S0     S1     E      O      P     YGC     YGCT    FGC    FGCT     GCT   
       178686.8   0.00 100.00  37.66  21.61  99.75 135181 3242.503   194  270.250 3512.753
       178696.8  67.07   0.00  82.72  21.62  99.75 135188 3242.625   194  270.250 3512.875
       178706.8  69.62   0.00  59.26  21.66  99.75 135196 3242.780   194  270.250 3513.031
       178716.8  66.17   0.00  27.38  21.68  99.75 135204 3242.955   194  270.250 3513.205
       178726.8   0.00 100.00  74.31  21.73  99.75 135211 3243.097   194  270.250 3513.347
       178736.8   0.00 100.00  50.23  21.75  99.75 135219 3243.260   194  270.250 3513.510
       178746.8  56.78   0.00  90.55  21.79  99.75 135226 3243.410   194  270.250 3513.660
       178756.8  33.00   0.00  25.95  21.85  99.75 135234 3243.558   194  270.250 3513.809
       178766.8   0.00  99.55  68.11  21.87  99.75 135241 3243.696   194  270.250 3513.946
       178776.8   0.00  53.14  32.85  21.91  99.75 135249 3243.852   194  270.250 3514.103
Timestamp         S0     S1     E      O      P     YGC     YGCT    FGC    FGCT     GCT   
       178786.8  37.05   0.00  86.92  21.93  99.75 135256 3243.975   194  270.250 3514.225
       178796.8  70.88   0.00  52.70  21.96  99.75 135264 3244.206   194  270.250 3514.457
       178806.8  59.06   0.00  21.48  22.00  99.75 135272 3244.362   194  270.250 3514.613
       178816.8   0.00  65.96  75.10  22.01  99.75 135279 3244.505   194  270.250 3514.756
       178826.8   0.00  76.53  19.81  22.04  99.75 135287 3244.678   194  270.250 3514.928
       178836.8  69.73   0.00  77.58  22.05  99.75 135294 3244.816   194  270.250 3515.066
       178846.8  76.52   0.00  32.92  22.08  99.75 135302 3244.943   194  270.250 3515.194
       178856.8   0.00 100.00  27.97  22.82  99.75 135309 3245.089   194  270.250 3515.339
       178866.8  66.28   0.00  68.47  22.84  99.75 135316 3245.243   194  270.250 3515.493
       178876.8  22.69   0.00  17.09  23.48  99.75 135324 3245.446   194  270.250 3515.697
Timestamp         S0     S1     E      O      P     YGC     YGCT    FGC    FGCT     GCT   
       178886.8   0.00  23.53  81.13  23.50  99.75 135331 3245.640   194  270.250 3515.891
       178896.8   0.00  59.07  78.23  23.53  99.75 135339 3245.798   194  270.250 3516.048
       178906.8   0.00  99.57  21.90  23.55  99.75 135347 3245.922   194  270.250 3516.172
       178916.8  44.61  50.25 100.00  23.58  99.75 135355 3246.051   194  270.250 3516.302
       178926.8  54.83   0.00  38.98  23.60  99.75 135362 3246.264   194  270.250 3516.514
       178936.8   0.00  62.21  71.53  23.65  99.75 135369 3246.387   194  270.250 3516.637
       178946.8   0.00  54.63  22.52  23.67  99.75 135377 3246.585   194  270.250 3516.835
       178956.8  74.82   0.00  78.67  23.71  99.75 135384 3246.722   194  270.250 3516.973
       178966.8  54.92   0.00   9.37  23.73  99.75 135392 3246.867   194  270.250 3517.117
       178976.8   0.00 100.00  50.37  24.12  99.75 135399 3247.073   194  270.250 3517.324
Timestamp         S0     S1     E      O      P     YGC     YGCT    FGC    FGCT     GCT   
       178986.8   0.00 100.00  46.42  24.82  99.75 135407 3247.306   194  270.250 3517.557
       178996.8   0.00  59.16  61.39  25.17  99.75 135415 3247.523   194  270.250 3517.773
       179006.8   0.00  38.32  71.25  25.32  99.75 135423 3247.708   194  270.250 3517.958
       179016.8   0.00  37.04  46.80  25.34  99.75 135431 3247.878   194  270.250 3518.129
       179026.8   0.00  36.68   8.12  25.50  99.75 135439 3248.046   194  270.250 3518.296
       179036.8  61.11   0.00  71.31  25.52  99.75 135446 3248.178   194  270.250 3518.428
       179046.8  59.52   0.00  29.69  25.54  99.75 135454 3248.313   194  270.250 3518.564
       179056.8   0.00  63.64  62.99  25.59  99.75 135461 3248.437   194  270.250 3518.688
       179066.8   0.00  50.99  19.73  25.60  99.75 135469 3248.593   194  270.250 3518.844
       179076.8  90.43   0.00  92.74  25.62  99.75 135476 3248.736   194  270.250 3518.987
Timestamp         S0     S1     E      O      P     YGC     YGCT    FGC    FGCT     GCT   
       179086.8  96.34   0.00  50.92  25.70  99.75 135484 3248.884   194  270.250 3519.134
       179096.8  73.42   0.00  25.52  25.81  99.75 135492 3249.054   194  270.250 3519.305
       179106.8   0.00  50.18  69.07  26.35  99.75 135499 3249.341   194  270.250 3519.592
       179116.8   0.00  75.40  12.14  26.38  99.75 135507 3249.510   194  270.250 3519.760
       179126.8  48.81   0.00  55.32  26.85  99.75 135514 3249.665   194  270.250 3519.916
       179136.8  59.09   0.00  31.98  26.86  99.75 135522 3249.825   194  270.250 3520.076
       179146.8  72.17   0.00  11.96  26.89  99.75 135530 3250.052   194  270.250 3520.303
       179156.8   0.00  62.37  49.56  26.93  99.75 135537 3250.202   194  270.250 3520.453
       179166.8   0.00  68.67  24.82  27.07  99.75 135545 3250.359   194  270.250 3520.610
       179176.8  37.50   0.00  38.95  27.08  99.75 135552 3250.481   194  270.250 3520.732
Timestamp         S0     S1     E      O      P     YGC     YGCT    FGC    FGCT     GCT   
       179186.8   0.00  47.55  55.38  27.10  99.75 135559 3250.741   194  270.250 3520.992
       179196.8  67.11   0.00  98.88  27.11  99.75 135566 3250.882   194  270.250 3521.132
       179206.8  59.71   0.00  33.71  27.20  99.75 135574 3251.033   194  270.250 3521.284
       179216.8   0.00  99.62  81.23  27.22  99.75 135581 3251.193   194  270.250 3521.444
       179226.8   0.00  63.56  63.60  27.95  99.75 135589 3251.398   194  270.250 3521.648
       179236.8  67.70   0.00  90.60  27.98  99.75 135596 3251.569   194  270.250 3521.820
       179246.8  49.10   0.00  67.53  28.55  99.75 135604 3251.761   194  270.250 3522.012
       179256.8  47.75   0.00  61.65  28.56  99.75 135612 3251.953   194  270.250 3522.204
       179266.8  27.80   0.00  27.08  28.69  99.75 135620 3252.119   194  270.250 3522.369
       179276.8   0.00  60.77  65.53  28.71  99.75 135627 3252.276   194  270.250 3522.526
Timestamp         S0     S1     E      O      P     YGC     YGCT    FGC    FGCT     GCT   
       179286.8   0.00  99.61  16.08  28.73  99.75 135635 3252.439   194  270.250 3522.689
       179296.8  68.66   0.00  90.17  28.76  99.75 135642 3252.588   194  270.250 3522.839
       179306.8  31.11   0.00  41.64  28.83  99.75 135650 3252.743   194  270.250 3522.994
       179316.8   0.00  45.50  96.19  28.84  99.75 135657 3252.915   194  270.250 3523.165
       179326.8   0.00  26.94  49.65  28.88  99.75 135665 3253.108   194  270.250 3523.358
       179336.8  70.88   0.00  82.99  28.93  99.75 135672 3253.228   194  270.250 3523.479
       179346.8  53.09   0.00  45.71  28.95  99.75 135680 3253.402   194  270.250 3523.652
       179356.8  70.83   0.00  26.03  28.97  99.75 135688 3253.601   194  270.250 3523.851
       179366.8  57.69   0.00  39.15  29.01  99.75 135696 3253.786   194  270.250 3524.036
       179376.8   0.00  42.42  85.35  29.09  99.75 135703 3253.908   194  270.250 3524.159
Timestamp         S0     S1     E      O      P     YGC     YGCT    FGC    FGCT     GCT   
       179386.8   0.00  48.63  54.45  29.14  99.75 135711 3254.068   194  270.250 3524.319
       179396.8   0.00  99.47   0.00  29.17  99.75 135719 3254.212   194  270.250 3524.462
       179406.8  60.34   0.00  46.63  29.21  99.75 135726 3254.358   194  270.250 3524.608
       179416.8   0.00  68.02  87.23  29.22  99.75 135733 3254.504   194  270.250 3524.755
       179426.8   0.00  63.85  68.81  29.57  99.75 135741 3254.672   194  270.250 3524.922
       179436.8   0.00  83.16  45.75  29.58  99.75 135749 3254.883   194  270.250 3525.133
       179446.8   0.00  99.82  38.68  30.76  99.75 135757 3255.076   194  270.250 3525.326
       179456.8   0.00  54.46  11.89  30.77  99.75 135765 3255.400   194  270.250 3525.650
       179466.8  37.28   0.00  89.35  31.43  99.75 135772 3255.579   194  270.250 3525.829
       179476.8  50.98   0.00  78.82  31.49  99.75 135780 3255.741   194  270.250 3525.992
Timestamp         S0     S1     E      O      P     YGC     YGCT    FGC    FGCT     GCT   
       179486.8  29.80   0.00  60.11  31.66  99.75 135788 3255.901   194  270.250 3526.151
       179496.8  45.99   0.00  39.88  31.68  99.75 135796 3256.113   194  270.250 3526.364
       179506.8   0.00 100.00  88.24  31.70  99.75 135803 3256.244   194  270.250 3526.495
       179516.8   0.00  63.07  65.95  31.72  99.75 135811 3256.459   194  270.250 3526.709
       179526.8   0.00  59.18  10.94  31.78  99.75 135819 3256.614   194  270.250 3526.865
       179536.8  78.49   0.00  57.62  31.82  99.75 135826 3256.729   194  270.250 3526.980
       179546.8  77.97   0.00  13.46  31.96  99.75 135834 3256.960   194  270.250 3527.210
       179556.8   0.00  43.95  73.07  31.99  99.75 135841 3257.118   194  270.250 3527.369
       179566.8   0.00  40.53  36.57  32.27  99.75 135849 3257.275   194  270.250 3527.525
       179576.8   0.00  99.54  12.16  32.29  99.75 135857 3257.473   194  270.250 3527.724
Timestamp         S0     S1     E      O      P     YGC     YGCT    FGC    FGCT     GCT   
       179586.8  55.34   0.00  87.94  32.32  99.75 135864 3257.618   194  270.250 3527.869
       179596.8  88.51   0.00  62.63  32.36  99.75 135872 3257.805   194  270.250 3528.055
       179606.8  35.42   0.00   3.11  32.42  99.75 135880 3258.000   194  270.250 3528.251
       179616.8   0.00  99.44  25.86  32.44  99.75 135887 3258.146   194  270.250 3528.396
       179626.8   0.00  99.64   0.00  32.49  99.75 135895 3258.336   194  270.250 3528.587
       179636.8   0.00  85.40 100.00  32.51  99.75 135902 3258.471   194  270.250 3528.722
       179646.8   0.00  63.02   5.25  32.54  99.75 135909 3258.690   194  270.250 3528.940
       179656.8  41.55   0.00  34.45  32.58  99.75 135916 3258.812   194  270.250 3529.063
       179666.8   0.00  89.93  51.84  32.61  99.75 135923 3258.952   194  270.250 3529.202
       179676.8   0.00  72.84   7.39  32.62  99.75 135931 3259.121   194  270.250 3529.371
Timestamp         S0     S1     E      O      P     YGC     YGCT    FGC    FGCT     GCT   
       179686.8  61.24   0.00  67.36  32.66  99.75 135938 3259.249   194  270.250 3529.500
       179696.8  58.14   0.00  35.89  32.76  99.75 135946 3259.417   194  270.250 3529.667
       179706.8  62.44   0.00  24.79  32.79  99.75 135954 3259.593   194  270.250 3529.844
       179716.8   0.00  61.39  73.08  32.81  99.75 135961 3259.728   194  270.250 3529.979
       179726.8   0.00  68.94  16.75  32.90  99.75 135969 3259.876   194  270.250 3530.126
       179736.8   0.00 100.00   1.06  36.11  99.75 135977 3260.143   194  270.250 3530.394
       179746.8  65.99   0.00  14.63  36.13  99.75 135984 3260.335   194  270.250 3530.585
       179756.8  20.97   0.00   7.26  37.18  99.75 135992 3260.519   194  270.250 3530.769
       179766.8   0.00  30.05  93.03  37.19  99.75 135999 3260.642   194  270.250 3530.892
       179776.8   0.00  37.72  61.46  37.25  99.75 136007 3260.860   194  270.250 3531.110
Timestamp         S0     S1     E      O      P     YGC     YGCT    FGC    FGCT     GCT   
       179786.8   0.00  55.09  26.29  37.27  99.75 136015 3261.031   194  270.250 3531.282
       179796.8  43.05   0.00  91.92  37.32  99.75 136022 3261.171   194  270.250 3531.422
       179806.8  71.07   0.00  73.32  37.35  99.75 136030 3261.367   194  270.250 3531.617
       179816.8   0.00  99.43  71.36  37.36  99.75 136037 3261.488   194  270.250 3531.738
       179826.8   0.00  99.67  27.53  37.41  99.75 136045 3261.674   194  270.250 3531.925
       179836.8  67.61   0.00  56.24  37.43  99.75 136052 3261.799   194  270.250 3532.049
       179846.8   0.00  45.73  93.82  37.45  99.75 136059 3261.923   194  270.250 3532.173
       179856.8  69.68   0.00   5.83  40.11  99.75 136068 3262.192   194  270.250 3532.442
       179866.8  64.65   0.00  41.48  40.46  99.75 136076 3262.457   194  270.250 3532.707
       179876.8  29.32   0.00  68.88  41.31  99.75 136084 3262.626   194  270.250 3532.877
Timestamp         S0     S1     E      O      P     YGC     YGCT    FGC    FGCT     GCT   
       179886.8  34.50   0.00  96.18  41.34  99.75 136092 3262.783   194  270.250 3533.034
       179896.8   0.00  48.58   9.79  41.37  99.75 136101 3262.974   194  270.250 3533.225
       179906.8  38.15   0.00  88.85  41.38  99.75 136108 3263.128   194  270.250 3533.378
       179916.8  34.81   0.00  32.93  41.39  99.75 136116 3263.298   194  270.250 3533.548
       179926.8   0.00  59.89  63.65  41.48  99.75 136123 3263.438   194  270.250 3533.689
       179936.8  75.15   0.00  89.77  41.51  99.75 136130 3263.560   194  270.250 3533.810
       179946.8  91.48   0.00  38.78  41.54  99.75 136138 3263.824   194  270.250 3534.074
       179956.8   0.00  93.92  86.69  41.60  99.75 136145 3264.026   194  270.250 3534.277
       179966.8   0.00  68.37  52.32  41.68  99.75 136153 3264.179   194  270.250 3534.430
       179976.8   0.00  47.78  10.57  41.73  99.75 136161 3264.328   194  270.250 3534.578
Timestamp         S0     S1     E      O      P     YGC     YGCT    FGC    FGCT     GCT   
       179986.8  97.26   0.00  34.63  41.75  99.75 136168 3264.466   194  270.250 3534.716
       179996.8   0.00 100.00  83.98  41.77  99.75 136175 3264.631   194  270.250 3534.881
       180006.8   0.00  43.92  20.09  41.82  99.75 136183 3264.810   194  270.250 3535.061
       180016.8   0.00  99.63   0.00  41.87  99.75 136191 3265.039   194  270.250 3535.290
       180026.8  65.86   0.00  70.49  41.93  99.75 136198 3265.253   194  270.250 3535.504
       180036.8  37.14   0.00  36.31  41.94  99.75 136206 3265.414   194  270.250 3535.664
       180046.8   0.00  64.89  95.67  42.01  99.75 136213 3265.554   194  270.250 3535.805
       180056.8   0.00  37.87  44.34  42.35  99.75 136221 3265.799   194  270.250 3536.049
       180066.8   0.00  99.76  12.56  42.40  99.75 136229 3265.973   194  270.250 3536.224
       180076.8  64.40   0.00  72.21  42.61  99.75 136236 3266.147   194  270.250 3536.398
Timestamp         S0     S1     E      O      P     YGC     YGCT    FGC    FGCT     GCT   
       180086.8  63.35   0.00  46.68  42.63  99.75 136244 3266.290   194  270.250 3536.540
       180096.8  27.78   0.00  17.42  42.64  99.75 136252 3266.444   194  270.250 3536.695
       180106.8   0.00  61.02  75.49  42.65  99.75 136259 3266.598   194  270.250 3536.849
       180116.8   0.00  69.59  14.18  42.67  99.75 136267 3266.754   194  270.250 3537.004
       180126.8  60.11   0.00  96.28  42.69  99.75 136274 3266.915   194  270.250 3537.166
       180136.8  65.31   0.00  31.93  42.71  99.75 136282 3267.080   194  270.250 3537.330
       180146.8  97.73   0.00   8.89  42.89  99.75 136290 3267.244   194  270.250 3537.494
       180156.9   0.00 100.00  93.03  44.12  99.75 136297 3267.422   194  270.250 3537.672
       180166.9   0.00  57.82  79.52  44.18  99.75 136305 3267.604   194  270.250 3537.855
       180176.8   0.00  27.04  62.42  44.75  99.75 136313 3267.807   194  270.250 3538.057
Timestamp         S0     S1     E      O      P     YGC     YGCT    FGC    FGCT     GCT   
       180186.8   0.00  31.10   8.04  44.77  99.75 136321 3268.015   194  270.250 3538.266
       180196.8  41.51   0.00  51.85  44.81  99.75 136328 3268.156   194  270.250 3538.407
       180206.8  46.39   0.00  29.50  44.86  99.75 136336 3268.348   194  270.250 3538.598
       180216.8  40.79   0.00  24.27  44.92  99.75 136344 3268.594   194  270.250 3538.845
       180226.9  70.42   0.00   2.35  45.07  99.75 136352 3268.764   194  270.250 3539.014
       180236.9   0.00  41.04  60.24  45.13  99.75 136359 3268.933   194  270.250 3539.184
       180246.8   0.00  39.95  29.46  45.15  99.75 136367 3269.083   194  270.250 3539.334
       180256.8  75.81   0.00  97.99  45.17  99.75 136375 3269.243   194  270.250 3539.493
       180266.9  41.00   0.00  69.69  45.29  99.75 136382 3269.419   194  270.250 3539.669
       180276.9  70.00   0.00  44.68  45.31  99.75 136390 3269.602   194  270.250 3539.852
Timestamp         S0     S1     E      O      P     YGC     YGCT    FGC    FGCT     GCT   
       180286.9  63.99   0.00  23.52  45.33  99.75 136398 3269.770   194  270.250 3540.021
       180296.8   0.00  79.12  77.73  45.37  99.75 136405 3269.949   194  270.250 3540.200
       180306.8   0.00  35.48  53.49  45.39  99.75 136413 3270.131   194  270.250 3540.382
       180316.8   0.00  63.72  11.67  45.42  99.75 136421 3270.305   194  270.250 3540.556
       180326.8  51.66   0.00  71.61  46.73  99.75 136428 3270.479   194  270.250 3540.729
       180336.9  52.41   0.00  55.72  46.75  99.75 136436 3270.679   194  270.250 3540.930
       180346.8  33.63   0.00   9.08  47.21  99.75 136444 3270.871   194  270.250 3541.121
       180356.8   0.00  48.96  55.79  47.24  99.75 136451 3271.015   194  270.250 3541.265
       180366.8   0.00  44.65  29.83  47.25  99.75 136459 3271.157   194  270.250 3541.407
       180376.8  61.38   0.00  61.76  47.28  99.75 136466 3271.294   194  270.250 3541.544
Timestamp         S0     S1     E      O      P     YGC     YGCT    FGC    FGCT     GCT   
       180386.8  60.49   0.00   4.48  47.30  99.75 136474 3271.511   194  270.250 3541.762
       180396.8   0.00  87.09  64.45  47.32  99.75 136481 3271.654   194  270.250 3541.904
       180406.8   0.00 100.00  11.21  47.36  99.75 136489 3271.817   194  270.250 3542.068
       180416.8  73.33   0.00  61.97  47.38  99.75 136496 3271.962   194  270.250 3542.212
       180426.9  65.28   0.00  26.20  47.39  99.75 136504 3272.159   194  270.250 3542.410
       180436.8  90.46   0.00   6.82  47.49  99.75 136512 3272.341   194  270.250 3542.592
       180446.8   0.00  51.28  37.14  47.50  99.75 136519 3272.539   194  270.250 3542.789
       180456.8  49.13   0.00  71.55  47.53  99.75 136526 3272.706   194  270.250 3542.957
       180466.8  75.82   0.00  30.42  47.59  99.75 136534 3272.885   194  270.250 3543.135
       180476.8   0.00 100.00  74.34  48.44  99.75 136541 3273.064   194  270.250 3543.314
Timestamp         S0     S1     E      O      P     YGC     YGCT    FGC    FGCT     GCT   
       180486.8   0.00  61.91  92.92  48.96  99.75 136549 3273.359   194  270.250 3543.610
       180496.8   0.00  27.98  84.55  49.59  99.75 136557 3273.588   194  270.250 3543.838
       180506.9   0.00  42.89  82.75  49.68  99.75 136565 3273.755   194  270.250 3544.006
       180516.8   0.00  33.00  57.38  49.70  99.75 136573 3273.913   194  270.250 3544.163
       180526.8   0.00  41.16  25.49  49.72  99.75 136581 3274.066   194  270.250 3544.316
       180536.9  68.36   0.00  78.84  49.73  99.75 136588 3274.218   194  270.250 3544.469
       180546.9  50.00   0.00  55.89  49.78  99.75 136596 3274.399   194  270.250 3544.649
       180556.8  62.45   0.00  26.41  49.85  99.75 136604 3274.591   194  270.250 3544.841
       180566.8   0.00  30.30  93.71  49.95  99.75 136611 3274.748   194  270.250 3544.998
       180576.9   0.00  55.13  50.67  49.96  99.75 136619 3274.940   194  270.250 3545.190
Timestamp         S0     S1     E      O      P     YGC     YGCT    FGC    FGCT     GCT   
       180586.9   0.00  99.62  33.58  49.98  99.75 136627 3275.106   194  270.250 3545.356
       180596.8 100.00   0.00  80.91  50.14  99.75 136634 3275.271   194  270.250 3545.522
       180606.9  97.47   0.00  78.29  50.49  99.75 136642 3275.465   194  270.250 3545.715
       180616.8  54.61   0.00  73.07  50.51  99.75 136650 3275.698   194  270.250 3545.949
       180626.9  18.68   0.00  36.30  51.20  99.75 136658 3275.914   194  270.250 3546.164
       180636.8   0.00  47.51  76.99  51.22  99.75 136665 3276.062   194  270.250 3546.312
       180646.9   0.00  74.60  47.82  51.24  99.75 136673 3276.224   194  270.250 3546.474
       180656.8  62.75   0.00  91.26  51.26  99.75 136680 3276.487   194  270.250 3546.737
       180666.9  42.46   0.00  51.98  51.33  99.75 136688 3276.752   194  270.250 3547.003
       180676.8   0.00  28.03  49.49  51.35  99.75 136695 3276.884   194  270.250 3547.135
Timestamp         S0     S1     E      O      P     YGC     YGCT    FGC    FGCT     GCT   
       180686.9  41.72   0.00 100.00  51.38  99.75 136703 3277.025   194  270.250 3547.275
       180696.8  90.00   0.00  69.29  51.39  99.75 136710 3277.212   194  270.250 3547.463
       180706.9  58.18   0.00  16.19  51.42  99.75 136718 3277.384   194  270.250 3547.635
       180716.8   0.00  49.71  46.34  51.53  99.75 136725 3277.539   194  270.250 3547.789
       180726.9  92.57   0.00 100.00  51.57  99.75 136733 3277.704   194  270.250 3547.955
       180736.8  73.68   0.00  70.48  51.60  99.75 136740 3277.892   194  270.250 3548.142
       180746.8  57.18   0.00  56.90  53.73  99.75 136748 3278.142   194  270.250 3548.393
       180756.8  73.72   0.00  17.34  53.73  99.75 136756 3278.331   194  270.250 3548.581
       180766.9   0.00  99.40  76.95  54.39  99.75 136763 3278.491   194  270.250 3548.742
       180776.9   0.00  36.51  41.85  54.41  99.75 136771 3278.675   194  270.250 3548.926
Timestamp         S0     S1     E      O      P     YGC     YGCT    FGC    FGCT     GCT   
       180786.9   0.00  40.16  24.27  54.42  99.75 136779 3278.849   194  270.250 3549.100
       180796.9  61.87   0.00  95.89  54.53  99.75 136786 3279.133   194  270.250 3549.384
       180806.8  79.74   0.00  58.14  54.55  99.75 136794 3279.294   194  270.250 3549.544
       180816.8  77.30   0.00  39.91  54.57  99.75 136802 3279.490   194  270.250 3549.741
       180826.8   0.00  52.24  62.49  54.58  99.75 136809 3279.636   194  270.250 3549.887
       180836.9   0.00 100.00  29.24  54.61  99.75 136817 3279.834   194  270.250 3550.084
       180846.9  46.56   0.00  99.65  54.65  99.75 136825 3279.986   194  270.250 3550.237
       180856.9  63.19   0.00  74.61  54.67  99.75 136832 3280.206   194  270.250 3550.456
       180866.8  85.53   0.00  16.24  54.70  99.75 136840 3280.343   194  270.250 3550.594
       180876.8   0.00  99.73  84.19  54.81  99.75 136847 3280.507   194  270.250 3550.757
Timestamp         S0     S1     E      O      P     YGC     YGCT    FGC    FGCT     GCT   
       180886.8   0.00  57.68  74.88  54.88  99.75 136855 3280.767   194  270.250 3551.017
       180896.9   0.00  57.65  39.09  55.15  99.75 136863 3280.958   194  270.250 3551.208
       180906.9   0.00  49.60  37.26  55.21  99.75 136871 3281.127   194  270.250 3551.378
       180916.9  57.54   0.00  92.54  55.23  99.75 136878 3281.316   194  270.250 3551.566
       180926.9  33.64   0.00  44.84  55.34  99.75 136886 3281.514   194  270.250 3551.765
       180936.9   0.00  32.18  98.14  55.36  99.75 136893 3281.662   194  270.250 3551.912
       180946.9   0.00  30.35  58.91  55.38  99.75 136901 3281.827   194  270.250 3552.078
       180956.9  66.56   0.00  96.91  55.39  99.75 136908 3282.025   194  270.250 3552.275
       180966.9  72.94   0.00  72.35  56.54  99.75 136916 3282.271   194  270.250 3552.521
       180976.9  56.36   0.00  67.27  56.55  99.75 136924 3282.502   194  270.250 3552.752
Timestamp         S0     S1     E      O      P     YGC     YGCT    FGC    FGCT     GCT   
       180986.9   0.00  25.00   0.00  57.50  99.75 136933 3282.735   194  270.250 3552.986
       180996.9  58.87   0.00  91.01  57.52  99.75 136940 3282.901   194  270.250 3553.152
       181006.9  39.26   0.00  77.36  57.56  99.75 136948 3283.088   194  270.250 3553.338
       181016.9  47.77   0.00  48.74  57.69  99.75 136956 3283.266   194  270.250 3553.517
       181026.9  95.17   0.00   9.27  57.71  99.75 136964 3283.459   194  270.250 3553.709
       181036.9   0.00 100.00  58.55  57.73  99.75 136971 3283.619   194  270.250 3553.869
       181046.9   0.00  51.76  31.46  57.84  99.75 136979 3283.794   194  270.250 3554.044
       181056.9   0.00  54.23  22.19  57.89  99.75 136987 3283.981   194  270.250 3554.231
       181066.9   0.00  58.57  16.85  58.14  99.75 136995 3284.190   194  270.250 3554.440
       181076.9  82.03   0.00  93.17  59.42  99.75 137002 3284.403   194  270.250 3554.653
Timestamp         S0     S1     E      O      P     YGC     YGCT    FGC    FGCT     GCT   
       181086.9   0.00 100.00   6.29  59.55  99.75 137011 3284.687   194  270.250 3554.938
       181096.9   0.00  24.00  35.86  60.62  99.75 137019 3284.896   194  270.250 3555.146
       181106.9   0.00  30.19  49.73  60.65  99.75 137027 3285.082   194  270.250 3555.333
       181116.9   0.00  24.07  17.47  60.67  99.75 137035 3285.243   194  270.250 3555.493
       181126.9   0.00  47.47   2.74  60.70  99.75 137043 3285.478   194  270.250 3555.728
       181136.9  39.39   0.00  72.67  60.72  99.75 137050 3285.671   194  270.250 3555.921
       181146.9  52.38   0.00  20.92  60.74  99.75 137058 3285.856   194  270.250 3556.106
       181156.9   0.00  35.47  50.58  60.80  99.75 137065 3285.997   194  270.250 3556.247
       181166.9  54.97   0.00  96.10  60.81  99.75 137072 3286.175   194  270.250 3556.425
       181176.9  85.06   0.00  58.94  60.83  99.75 137080 3286.371   194  270.250 3556.622
Timestamp         S0     S1     E      O      P     YGC     YGCT    FGC    FGCT     GCT   
       181186.9  68.06   0.00  36.55  60.86  99.75 137088 3286.539   194  270.250 3556.790
       181196.9   0.00 100.00  76.83  60.94  99.75 137095 3286.764   194  270.250 3557.015
       181206.9   0.00 100.00  72.09  60.95  99.75 137103 3286.942   194  270.250 3557.193
       181216.9   0.00  35.07  32.97  61.10  99.75 137111 3287.110   194  270.250 3557.360
       181226.9  65.28   0.00  92.78  61.13  99.75 137118 3287.250   194  270.250 3557.500
       181236.9  72.59   0.00  65.23  61.16  99.75 137126 3287.475   194  270.250 3557.725
       181246.9 100.00   0.00   4.11  61.79  99.75 137134 3287.647   194  270.250 3557.898
       181256.9   0.00  99.77  53.70  61.79  99.75 137141 3287.803   194  270.250 3558.054
       181266.9  72.55   0.00  83.86  61.80  99.75 137148 3288.052   194  270.250 3558.303
       181276.9  35.14   0.00  71.11  62.35  99.75 137156 3288.239   194  270.250 3558.489
Timestamp         S0     S1     E      O      P     YGC     YGCT    FGC    FGCT     GCT   
       181286.9  85.21   0.00  57.27  62.37  99.75 137164 3288.480   194  270.250 3558.731
       181296.9  78.05   0.00  62.05  62.38  99.75 137172 3288.693   194  270.250 3558.943
       181306.9  58.68   0.00  68.58  62.59  99.75 137180 3288.896   194  270.250 3559.146
       181316.9  93.83   0.00  52.02  62.69  99.75 137188 3289.070   194  270.250 3559.321
       181326.9  42.40   0.00  12.34  62.73  99.75 137196 3289.294   194  270.250 3559.545
       181336.9   0.00  72.84  75.28  62.74  99.75 137203 3289.436   194  270.250 3559.687
       181346.9   0.00  31.87  33.67  62.77  99.75 137211 3289.631   194  270.250 3559.882
       181356.9   0.00  53.83  12.50  62.79  99.75 137219 3289.799   194  270.250 3560.050
       181366.9  52.79   0.00  96.60  62.81  99.75 137227 3289.954   194  270.250 3560.205
       181377.0  62.01   0.00   1.40  62.83  99.75 137234 3290.105   194  270.250 3560.356
Timestamp         S0     S1     E      O      P     YGC     YGCT    FGC    FGCT     GCT   
       181386.9   0.00  47.18  49.47  62.85  99.75 137241 3290.270   194  270.250 3560.521
       181396.9  92.07   0.00  96.32  63.47  99.75 137248 3290.452   194  270.250 3560.703
       181406.9  67.58   0.00  99.07  63.73  99.75 137257 3290.672   194  270.250 3560.922
       181416.9   0.00  58.26   0.00  63.96  99.75 137265 3290.915   194  270.250 3561.165
       181426.9   0.00  60.24  15.71  64.40  99.75 137273 3291.133   194  270.250 3561.383
       181436.9  83.85   0.00  82.59  64.41  99.75 137280 3291.287   194  270.250 3561.538
       181446.9  46.10   0.00  61.97  64.47  99.75 137288 3291.482   194  270.250 3561.732
       181456.9  36.10   0.00   4.17  64.53  99.75 137296 3291.688   194  270.250 3561.938
       181466.9   0.00  35.67  39.17  64.55  99.75 137303 3291.807   194  270.250 3562.057
       181476.9  52.74   0.00  89.00  64.56  99.75 137310 3291.937   194  270.250 3562.187
Timestamp         S0     S1     E      O      P     YGC     YGCT    FGC    FGCT     GCT   
       181486.9  72.56   0.00  32.89  64.57  99.75 137318 3292.132   194  270.250 3562.382
       181496.9   0.00 100.00  96.95  65.26  99.75 137325 3292.283   194  270.250 3562.534
       181506.9   0.00  64.04  71.87  66.59  99.75 137333 3292.536   194  270.250 3562.786
       181517.0   0.00  99.77  28.86  66.87  99.75 137341 3292.813   194  270.250 3563.063
       181526.9   0.00  55.93  15.71  67.41  99.75 137349 3292.974   194  270.250 3563.224
       181536.9  73.91   0.00  93.90  67.43  99.75 137356 3293.151   194  270.250 3563.402
       181546.9  73.09   0.00  91.54  67.60  99.75 137364 3293.350   194  270.250 3563.600
       181556.9  70.92   0.00  48.99  67.65  99.75 137372 3293.526   194  270.250 3563.776
       181567.0  33.88   0.00   2.47  67.71  99.75 137380 3293.710   194  270.250 3563.961
       181577.0   0.00  52.39  75.66  67.74  99.75 137387 3293.884   194  270.250 3564.134
Timestamp         S0     S1     E      O      P     YGC     YGCT    FGC    FGCT     GCT   
       181586.9   0.00  59.78  60.36  67.80  99.75 137395 3294.082   194  270.250 3564.333
       181597.0   0.00  41.75   0.76  67.82  99.75 137403 3294.249   194  270.250 3564.499
       181606.9  46.47   0.00  40.62  67.90  99.75 137410 3294.420   194  270.250 3564.671
       181616.9   0.00  99.65  88.30  67.93  99.75 137417 3294.560   194  270.250 3564.811
       181627.0   0.00  65.61  72.24  67.94  99.75 137425 3294.765   194  270.250 3565.015
       181636.9   0.00  99.69   7.59  68.07  99.75 137433 3294.951   194  270.250 3565.202
       181647.0  30.05   0.00  74.60  68.13  99.75 137440 3295.131   194  270.250 3565.382
       181657.0  76.18   0.00  39.31  68.15  99.75 137448 3295.292   194  270.250 3565.543
       181666.9  44.86   0.00  12.35  68.20  99.75 137456 3295.476   194  270.250 3565.727
       181677.0   0.00 100.00  73.73  68.22  99.75 137463 3295.638   194  270.250 3565.889
Timestamp         S0     S1     E      O      P     YGC     YGCT    FGC    FGCT     GCT   
       181687.0   0.00  99.66  59.05  68.36  99.75 137471 3295.913   194  270.250 3566.164
       181696.9   0.00  65.37  34.68  68.39  99.75 137479 3296.104   194  270.250 3566.355
       181707.0   0.00  41.41  18.78  68.46  99.75 137487 3296.260   194  270.250 3566.510
       181717.0   0.00  64.22   0.00  68.50  99.75 137495 3296.447   194  270.250 3566.698
       181727.0  64.50   0.00  70.41  68.53  99.75 137502 3296.597   194  270.250 3566.848
       181737.0  49.43   0.00  12.34  68.57  99.75 137510 3296.768   194  270.250 3567.019
       181747.0   0.00  56.91  75.05  68.60  99.75 137517 3296.932   194  270.250 3567.183
       181756.9   0.00  76.95  60.16  69.45  99.75 137525 3297.116   194  270.250 3567.367
       181767.0   0.00  68.45  39.75  69.51  99.75 137533 3297.333   194  270.250 3567.584
       181777.0   0.00 100.00  37.55  69.97  99.75 137541 3297.533   194  270.250 3567.783
Timestamp         S0     S1     E      O      P     YGC     YGCT    FGC    FGCT     GCT   
       181787.0   0.00  36.60   0.00  69.98  99.75 137549 3297.693   194  270.250 3567.943
       181797.0  56.99   0.00  66.59  70.00  99.75 137556 3297.830   194  270.250 3568.080
       181807.0  48.21   0.00  12.63  70.01  99.75 137564 3298.035   194  270.250 3568.285
       181817.0   0.00  65.00  45.11  70.02  99.75 137571 3298.202   194  270.250 3568.452
       181827.0   0.00  99.68  13.21  70.10  99.75 137579 3298.383   194  270.250 3568.633
       181837.0   0.00 100.00  12.09  70.25  99.75 137587 3298.559   194  270.250 3568.809
       181847.0  83.68   0.00  97.23  70.30  99.75 137594 3298.724   194  270.250 3568.975
       181857.0  81.65   0.00  92.40  70.68  99.75 137602 3298.935   194  270.250 3569.186
       181867.0  96.89   0.00  90.53  70.72  99.75 137610 3299.165   194  270.250 3569.416
       181877.0  32.38   0.00  85.69  70.91  99.75 137618 3299.353   194  270.250 3569.604
Timestamp         S0     S1     E      O      P     YGC     YGCT    FGC    FGCT     GCT   
       181887.0  39.67   0.00  80.58  70.95  99.75 137626 3299.534   194  270.250 3569.784
       181897.0  54.17   0.00  46.03  70.99  99.75 137634 3299.800   194  270.250 3570.050
       181907.0  56.75   0.00  21.26  71.01  99.75 137642 3299.977   194  270.250 3570.228
       181917.0   0.00  44.79  87.21  71.02  99.75 137649 3300.156   194  270.250 3570.406
       181927.0   0.00 100.00  73.67  71.15  99.75 137657 3300.335   194  270.250 3570.586
       181937.0   0.00 100.00  54.44  71.24  99.75 137665 3300.582   194  270.250 3570.832
       181947.0   0.00  40.21  29.53  71.37  99.75 137673 3300.748   194  270.250 3570.998
       181957.0   0.00  24.69   7.21  71.60  99.75 137681 3300.932   194  270.250 3571.182
       181967.0  55.81   0.00  65.16  71.61  99.75 137688 3301.178   194  270.250 3571.429
       181977.0   0.00  80.14  62.87  17.37  99.75 137695 3301.312   195  271.507 3572.819
Timestamp         S0     S1     E      O      P     YGC     YGCT    FGC    FGCT     GCT   
       181987.0   0.00  70.58   8.39  17.37  99.75 137703 3301.481   195  271.507 3572.988
       181997.0  38.74   0.00  71.96  17.74  99.75 137710 3301.639   195  271.507 3573.146
       182007.0  50.24   0.00  43.82  17.77  99.75 137718 3301.792   195  271.507 3573.299
       182017.0  35.79   0.00  18.18  17.79  99.75 137726 3301.972   195  271.507 3573.479
       182027.0   0.00  99.38  93.62  17.81  99.75 137733 3302.101   195  271.507 3573.608
       182037.0   0.00  49.18  41.31  17.83  99.75 137741 3302.293   195  271.507 3573.800
       182047.0   0.00 100.00  21.63  17.87  99.75 137749 3302.567   195  271.507 3574.074
       182057.0   0.00  62.55  19.84  17.91  99.75 137757 3302.740   195  271.507 3574.247
       182067.0   0.00  39.63  14.82  18.09  99.75 137765 3302.918   195  271.507 3574.425
       182077.0  26.84   0.00  86.82  18.14  99.75 137772 3303.055   195  271.507 3574.562
Timestamp         S0     S1     E      O      P     YGC     YGCT    FGC    FGCT     GCT   
       182087.0  33.89   0.00  56.89  18.16  99.75 137780 3303.266   195  271.507 3574.773
       182097.0  67.86   0.00   2.27  18.19  99.75 137788 3303.433   195  271.507 3574.940
       182107.0   0.00 100.00  83.44  18.36  99.75 137795 3303.598   195  271.507 3575.105
       182117.0   0.00  70.91  41.71  18.37  99.75 137803 3303.761   195  271.507 3575.268
       182127.0  72.16   0.00  67.17  18.48  99.75 137810 3303.903   195  271.507 3575.410
       182137.0  48.30   0.00  26.06  18.60  99.75 137818 3304.046   195  271.507 3575.553
       182147.0  74.42   0.00   6.17  18.62  99.75 137826 3304.226   195  271.507 3575.733
       182157.0  77.08   0.00  70.24  18.64  99.75 137832 3304.354   195  271.507 3575.861
       182167.0  50.61   0.00  39.88  18.66  99.75 137840 3304.491   195  271.507 3575.998
       182177.0   0.00  64.81  88.15  18.70  99.75 137847 3304.654   195  271.507 3576.161
Timestamp         S0     S1     E      O      P     YGC     YGCT    FGC    FGCT     GCT   
       182187.0   0.00  80.46  36.96  18.73  99.75 137855 3304.812   195  271.507 3576.319
       182197.0  54.30   0.00  81.90  18.74  99.75 137862 3304.950   195  271.507 3576.457
       182207.0  85.77   0.00  16.37  18.76  99.75 137870 3305.114   195  271.507 3576.621
       182217.0   0.00  99.52  55.84  18.83  99.75 137877 3305.246   195  271.507 3576.753
       182227.0   0.00 100.00  38.50  19.83  99.75 137885 3305.431   195  271.507 3576.938
       182237.0   0.00  99.85  32.69  20.90  99.75 137893 3305.747   195  271.507 3577.254
       182247.0   0.00  40.42  75.99  21.93  99.75 137901 3306.005   195  271.507 3577.512
       182257.0  21.75   0.00  32.77  22.22  99.75 137910 3306.210   195  271.507 3577.717
       182267.0  34.79   0.00  59.26  22.26  99.75 137918 3306.409   195  271.507 3577.916
       182277.0  60.31   0.00  32.18  22.31  99.75 137926 3306.598   195  271.507 3578.105
Timestamp         S0     S1     E      O      P     YGC     YGCT    FGC    FGCT     GCT   
       182287.0   0.00  40.35  60.62  22.35  99.75 137933 3306.740   195  271.507 3578.247
       182297.0   0.00  33.58  14.94  22.38  99.75 137941 3306.909   195  271.507 3578.416
       182307.0  42.51   0.00  58.92  22.41  99.75 137948 3307.027   195  271.507 3578.534
       182317.0  68.83   0.00  45.72  24.99  99.75 137956 3307.246   195  271.507 3578.753
       182327.0  73.97   0.00  64.59  25.01  99.75 137964 3307.497   195  271.507 3579.004
       182337.0  22.54   0.00  31.96  25.85  99.75 137972 3307.688   195  271.507 3579.195
       182347.0  32.71   0.00  36.39  25.86  99.75 137980 3307.835   195  271.507 3579.342
       182357.0  31.54   0.00  24.62  25.89  99.75 137988 3308.042   195  271.507 3579.549
       182367.0   0.00  48.07  81.18  25.90  99.75 137995 3308.190   195  271.507 3579.697
       182377.0   0.00 100.00  59.31  25.96  99.75 138003 3308.376   195  271.507 3579.883
Timestamp         S0     S1     E      O      P     YGC     YGCT    FGC    FGCT     GCT   
       182387.0   0.00  73.52  57.70  25.98  99.75 138011 3308.602   195  271.507 3580.109
       182397.0   0.00  55.29   2.69  26.09  99.75 138019 3308.765   195  271.507 3580.272
       182407.0  39.85   0.00  46.21  26.10  99.75 138026 3308.907   195  271.507 3580.414
       182417.1  52.16   0.00   7.29  26.13  99.75 138034 3309.065   195  271.507 3580.572
       182427.0   0.00  71.24  60.59  26.15  99.75 138041 3309.211   195  271.507 3580.718
       182437.0   0.00  53.70  10.50  26.18  99.75 138049 3309.348   195  271.507 3580.855
       182447.0 100.00   0.00  70.43  26.43  99.75 138056 3309.588   195  271.507 3581.095
       182457.0   0.00  83.47  69.69  26.44  99.75 138063 3309.724   195  271.507 3581.231
       182467.0   0.00  45.51  29.35  26.95  99.75 138071 3309.914   195  271.507 3581.421
       182477.0   0.00  99.68  28.32  26.97  99.75 138079 3310.092   195  271.507 3581.599
Timestamp         S0     S1     E      O      P     YGC     YGCT    FGC    FGCT     GCT   
       182487.1   0.00  45.98  19.14  27.00  99.75 138087 3310.342   195  271.507 3581.849
       182497.1   0.00  68.25  27.70  27.14  99.75 138095 3310.540   195  271.507 3582.047
       182507.0  54.93   0.00  98.90  27.17  99.75 138103 3310.690   195  271.507 3582.197
       182517.0  95.31   0.00  82.52  27.29  99.75 138110 3310.871   195  271.507 3582.378
       182527.0  34.98   0.00  32.29  27.34  99.75 138118 3311.072   195  271.507 3582.579
       182537.1   0.00  33.42  49.29  27.35  99.75 138125 3311.242   195  271.507 3582.749
       182547.0  65.03   0.00  54.84  27.38  99.75 138132 3311.383   195  271.507 3582.889
       182557.0   0.00  69.30  84.38  27.40  99.75 138139 3311.508   195  271.507 3583.015
       182567.0   0.00  99.62  27.00  27.45  99.75 138147 3311.679   195  271.507 3583.186
       182577.1   0.00  76.58   1.69  27.58  99.75 138155 3311.901   195  271.507 3583.408
Timestamp         S0     S1     E      O      P     YGC     YGCT    FGC    FGCT     GCT   
       182587.1  80.36   0.00  90.73  27.61  99.75 138162 3312.096   195  271.507 3583.603
       182597.1  47.13   0.00  47.51  27.66  99.75 138170 3312.279   195  271.507 3583.786
       182607.0   0.00  35.65  81.10  27.76  99.75 138177 3312.428   195  271.507 3583.935
       182617.1   0.00  61.63  33.71  27.84  99.75 138185 3312.578   195  271.507 3584.085
       182627.0   0.00  99.52  12.89  27.85  99.75 138193 3312.727   195  271.507 3584.234
       182637.1 100.00   0.00  58.72  28.95  99.75 138200 3312.901   195  271.507 3584.408
       182647.1  66.84   0.00  19.87  29.09  99.75 138208 3313.130   195  271.507 3584.636
       182657.0  27.57   0.00  21.68  29.72  99.75 138216 3313.359   195  271.507 3584.866
       182667.1  21.32   0.00   6.20  29.74  99.75 138224 3313.592   195  271.507 3585.099
       182677.1   0.00  66.30  72.74  29.76  99.75 138231 3313.735   195  271.507 3585.242
Timestamp         S0     S1     E      O      P     YGC     YGCT    FGC    FGCT     GCT   
       182687.1   0.00  47.83  22.28  29.84  99.75 138239 3313.901   195  271.507 3585.408
       182697.1  73.80   0.00  70.98  29.85  99.75 138246 3314.053   195  271.507 3585.560
       182707.1  74.73   0.00  78.15  29.87  99.75 138254 3314.218   195  271.507 3585.725
       182717.1  56.10   0.00  15.94  29.89  99.75 138262 3314.370   195  271.507 3585.877
       182727.1   0.00 100.00  70.24  29.91  99.75 138269 3314.595   195  271.507 3586.102
       182737.0   0.00  87.11  44.31  29.95  99.75 138277 3314.787   195  271.507 3586.294
       182747.0   0.00  34.87  11.51  30.07  99.75 138285 3314.971   195  271.507 3586.478
       182757.1  75.92   0.00  79.35  30.08  99.75 138292 3315.104   195  271.507 3586.610
       182767.0  73.00   0.00  85.03  31.64  99.75 138300 3315.325   195  271.507 3586.832
       182777.1  64.74   0.00  75.53  31.65  99.75 138308 3315.535   195  271.507 3587.042
Timestamp         S0     S1     E      O      P     YGC     YGCT    FGC    FGCT     GCT   
       182787.1  25.68   0.00  81.68  32.75  99.75 138316 3315.715   195  271.507 3587.222
       182797.0  38.62   0.00  80.47  32.78  99.75 138324 3315.885   195  271.507 3587.392
       182807.1  41.54   0.00  50.48  32.82  99.75 138332 3316.069   195  271.507 3587.576
       182817.1  54.45   0.00  15.67  32.98  99.75 138340 3316.267   195  271.507 3587.774
       182827.1  37.45   0.00  11.62  33.00  99.75 138348 3316.461   195  271.507 3587.968
       182837.1   0.00  44.98  86.63  33.01  99.75 138355 3316.619   195  271.507 3588.126
       182847.0   0.00  73.40  56.27  33.05  99.75 138363 3316.796   195  271.507 3588.303
       182857.1   0.00  46.70  47.68  33.09  99.75 138371 3316.961   195  271.507 3588.468
       182867.1   0.00  84.49  15.76  33.10  99.75 138379 3317.139   195  271.507 3588.645
       182877.1  73.24   0.00  48.90  33.12  99.75 138386 3317.265   195  271.507 3588.772
Timestamp         S0     S1     E      O      P     YGC     YGCT    FGC    FGCT     GCT   
       182887.1  78.35   0.00   7.94  33.21  99.75 138394 3317.429   195  271.507 3588.936
       182897.1   0.00 100.00  74.97  33.24  99.75 138401 3317.574   195  271.507 3589.081
       182907.1   0.00 100.00  54.03  33.43  99.75 138409 3317.751   195  271.507 3589.258
       182917.1   0.00  71.80  43.99  33.53  99.75 138417 3317.946   195  271.507 3589.453
       182927.1   0.00  33.33  21.94  33.74  99.75 138425 3318.172   195  271.507 3589.679
       182937.1  33.26   0.00  63.51  33.76  99.75 138432 3318.342   195  271.507 3589.849
       182947.1  52.89   0.00  22.46  33.79  99.75 138440 3318.511   195  271.507 3590.018
       182957.1  78.89   0.00   6.35  34.19  99.75 138448 3318.730   195  271.507 3590.236
       182967.1  61.30   0.00   2.52  34.23  99.75 138456 3318.922   195  271.507 3590.429
       182977.1   0.00  52.49  98.60  34.39  99.75 138463 3319.081   195  271.507 3590.588
Timestamp         S0     S1     E      O      P     YGC     YGCT    FGC    FGCT     GCT   
       182987.1   0.00  48.74  70.97  34.43  99.75 138471 3319.232   195  271.507 3590.739
       182997.1  71.08   0.00  95.97  34.45  99.75 138478 3319.367   195  271.507 3590.874
       183007.1  56.46   0.00  50.58  34.48  99.75 138486 3319.570   195  271.507 3591.077
       183017.1  53.31   0.00   0.00  34.51  99.75 138494 3319.734   195  271.507 3591.240
       183027.1   0.00  99.71  69.79  34.61  99.75 138501 3319.902   195  271.507 3591.409
       183037.1   0.00 100.00  12.76  36.74  99.75 138509 3320.142   195  271.507 3591.649
       183047.1   0.00 100.00  51.12  38.18  99.75 138517 3320.436   195  271.507 3591.943
       183057.1   0.00  35.33  63.35  38.90  99.75 138525 3320.679   195  271.507 3592.185
       183067.1   0.00  24.07  97.54  39.39  99.75 138533 3320.842   195  271.507 3592.349
       183077.1   0.00  39.14 100.00  39.42  99.75 138542 3321.031   195  271.507 3592.538
Timestamp         S0     S1     E      O      P     YGC     YGCT    FGC    FGCT     GCT   
       183087.1   0.00  52.06  96.81  39.44  99.75 138549 3321.226   195  271.507 3592.733
       183097.1   0.00  40.75  66.01  39.56  99.75 138557 3321.398   195  271.507 3592.905
       183107.1   0.00  53.17  49.57  39.66  99.75 138565 3321.570   195  271.507 3593.077
       183117.1   0.00  27.96   4.01  39.68  99.75 138573 3321.751   195  271.507 3593.258
       183127.1  77.78   0.00  66.86  39.69  99.75 138580 3321.936   195  271.507 3593.443
       183137.1  67.09   0.00  61.34  39.76  99.75 138588 3322.104   195  271.507 3593.611
       183147.1  42.86   0.00  44.29  39.83  99.75 138596 3322.282   195  271.507 3593.789
       183157.1   0.00  42.24  96.60  39.85  99.75 138603 3322.450   195  271.507 3593.957
       183167.1   0.00  52.73  47.23  39.87  99.75 138611 3322.606   195  271.507 3594.113
       183177.1  70.88   0.00  80.13  39.93  99.75 138618 3322.759   195  271.507 3594.266
Timestamp         S0     S1     E      O      P     YGC     YGCT    FGC    FGCT     GCT   
       183187.1  68.72   0.00  49.78  40.01  99.75 138626 3322.930   195  271.507 3594.437
       183197.1  67.27   0.00  24.51  40.04  99.75 138634 3323.110   195  271.507 3594.617
       183207.1  88.53   0.00   6.52  40.17  99.75 138642 3323.287   195  271.507 3594.794
       183217.1   0.00  41.94  57.88  40.18  99.75 138649 3323.442   195  271.507 3594.949
       183227.1   0.00  69.19  10.85  40.32  99.75 138657 3323.609   195  271.507 3595.116
       183237.1 100.00   0.00  54.49  40.53  99.75 138664 3323.776   195  271.507 3595.283
       183247.1 100.00   0.00  27.07  40.63  99.75 138672 3323.968   195  271.507 3595.475
       183257.1  45.49   0.00   0.00  40.99  99.75 138680 3324.249   195  271.507 3595.756
       183267.1   0.00 100.00  74.60  41.06  99.75 138687 3324.423   195  271.507 3595.929
       183277.1   0.00  53.98  32.82  41.11  99.75 138695 3324.607   195  271.507 3596.114
Timestamp         S0     S1     E      O      P     YGC     YGCT    FGC    FGCT     GCT   
       183287.1   0.00  43.29  21.99  41.17  99.75 138703 3324.804   195  271.507 3596.311
       183297.1   0.00 100.00   8.44  41.18  99.75 138711 3324.981   195  271.507 3596.488
       183307.1  63.18   0.00  75.56  41.22  99.75 138718 3325.117   195  271.507 3596.624
       183317.1  53.04   0.00  40.55  41.25  99.75 138726 3325.289   195  271.507 3596.796
       183327.1  41.40   0.00  36.16  41.34  99.75 138734 3325.472   195  271.507 3596.979
       183337.1  56.40   0.00  36.02  41.39  99.75 138742 3325.657   195  271.507 3597.164
       183347.1   0.00  33.76  68.67  41.56  99.75 138749 3325.798   195  271.507 3597.305
       183357.1  60.27   0.00  98.80  41.57  99.75 138757 3325.939   195  271.507 3597.446
       183367.1  47.77   0.00  53.36  41.59  99.75 138764 3326.087   195  271.507 3597.594
       183377.1 100.00   0.00  12.53  41.84  99.75 138772 3326.280   195  271.507 3597.787
Timestamp         S0     S1     E      O      P     YGC     YGCT    FGC    FGCT     GCT   
       183387.1   0.00  69.55  69.42  41.86  99.75 138779 3326.431   195  271.507 3597.938
       183397.1   0.00  52.58  26.84  42.23  99.75 138787 3326.633   195  271.507 3598.140
       183407.1   0.00 100.00  13.33  42.25  99.75 138795 3326.782   195  271.507 3598.289
       183417.1  59.84   0.00  64.20  42.27  99.75 138802 3326.929   195  271.507 3598.436
       183427.1   0.00  69.94  97.35  42.31  99.75 138809 3327.055   195  271.507 3598.562
       183437.1   0.00  78.29  36.46  42.33  99.75 138817 3327.233   195  271.507 3598.740
       183447.1  60.49   0.00  72.55  42.35  99.75 138824 3327.381   195  271.507 3598.887
       183457.1   0.00  43.54  86.13  42.39  99.75 138831 3327.528   195  271.507 3599.035
       183467.1   0.00  63.04  65.93  42.41  99.75 138839 3327.709   195  271.507 3599.216
       183477.1   0.00  70.26   6.26  42.43  99.75 138847 3327.891   195  271.507 3599.398
Timestamp         S0     S1     E      O      P     YGC     YGCT    FGC    FGCT     GCT   
       183487.1  72.70   0.00  91.99  42.47  99.75 138854 3328.093   195  271.507 3599.600
       183497.1 100.00   0.00  86.27  45.21  99.75 138862 3328.288   195  271.507 3599.795
       183507.1   0.00  99.89   8.94  46.07  99.75 138871 3328.635   195  271.507 3600.142
       183517.1   0.00  10.11  82.38  47.90  99.75 138879 3328.857   195  271.507 3600.364
       183527.1  15.04   0.00  12.46  47.92  99.75 138888 3329.034   195  271.507 3600.541
       183537.1   0.00  20.36  94.57  47.94  99.75 138895 3329.184   195  271.507 3600.691
       183547.1   0.00 100.00  80.90  47.98  99.75 138903 3329.361   195  271.507 3600.868
       183557.1   0.00  99.80  86.77  48.00  99.75 138911 3329.590   195  271.507 3601.097
       183567.1   0.00  45.86  65.84  48.13  99.75 138919 3329.769   195  271.507 3601.276
       183577.1   0.00  41.37  35.17  48.24  99.75 138927 3329.954   195  271.507 3601.461
Timestamp         S0     S1     E      O      P     YGC     YGCT    FGC    FGCT     GCT   
       183587.1   0.00  59.75   9.67  48.28  99.75 138935 3330.133   195  271.507 3601.640
       183597.2 100.00   0.00  82.73  48.43  99.75 138942 3330.328   195  271.507 3601.834
       183607.1  65.54   0.00  73.31  48.46  99.75 138950 3330.500   195  271.507 3602.007
       183617.1  31.01   0.00  52.74  48.67  99.75 138958 3330.709   195  271.507 3602.215
       183627.1  22.22   0.00  33.59  48.74  99.75 138966 3330.893   195  271.507 3602.400
       183637.1  70.74   0.00  39.10  48.76  99.75 138974 3331.081   195  271.507 3602.588
       183647.1   0.00  42.21  94.70  48.78  99.75 138981 3331.218   195  271.507 3602.725
       183657.1   0.00  67.71  15.63  48.82  99.75 138989 3331.397   195  271.507 3602.904
       183667.1  54.48   0.00  88.43  48.84  99.75 138996 3331.538   195  271.507 3603.045
       183677.1  61.96   0.00  64.76  48.86  99.75 139004 3331.706   195  271.507 3603.213
Timestamp         S0     S1     E      O      P     YGC     YGCT    FGC    FGCT     GCT   
       183687.1  60.74   0.00   8.66  48.99  99.75 139012 3331.883   195  271.507 3603.390
       183697.1   0.00 100.00  85.83  51.07  99.75 139019 3332.088   195  271.507 3603.595
       183707.1  60.21   0.00  20.01  51.14  99.75 139028 3332.399   195  271.507 3603.906
       183717.1  34.41   0.00  67.11  52.12  99.75 139036 3332.623   195  271.507 3604.130
       183727.2  16.56  23.52 100.00  52.24  99.75 139045 3332.804   195  271.507 3604.311
       183737.1  14.87   0.00  60.24  52.27  99.75 139052 3332.986   195  271.507 3604.493
       183747.1  48.85   0.00  10.49  52.28  99.75 139060 3333.182   195  271.507 3604.689
       183757.1  61.56   0.00  13.95  52.30  99.75 139068 3333.362   195  271.507 3604.869
       183767.1   0.00  43.24  77.00  52.38  99.75 139075 3333.504   195  271.507 3605.011
       183777.1   0.00 100.00  30.34  52.40  99.75 139083 3333.670   195  271.507 3605.177
Timestamp         S0     S1     E      O      P     YGC     YGCT    FGC    FGCT     GCT   
       183787.1  44.74   0.00  68.48  52.41  99.75 139090 3333.831   195  271.507 3605.338
       183797.1   0.00  55.85  87.04  52.46  99.75 139097 3333.991   195  271.507 3605.498
       183807.2   0.00  99.51  18.10  52.51  99.75 139105 3334.154   195  271.507 3605.661
       183817.1  64.57   0.00  54.24  52.58  99.75 139112 3334.298   195  271.507 3605.805
       183827.2   0.00  87.42  96.03  52.61  99.75 139119 3334.455   195  271.507 3605.962
       183837.1   0.00  99.72  23.35  52.89  99.75 139127 3334.698   195  271.507 3606.205
       183847.1  44.34   0.00  86.77  52.90  99.75 139134 3334.860   195  271.507 3606.367
       183857.2  89.14   0.00  42.68  53.09  99.75 139142 3335.071   195  271.507 3606.577
       183867.2  65.42   0.00  27.40  53.12  99.75 139150 3335.258   195  271.507 3606.765
       183877.2   0.00 100.00  85.40  53.13  99.75 139157 3335.410   195  271.507 3606.917
Timestamp         S0     S1     E      O      P     YGC     YGCT    FGC    FGCT     GCT   
       183887.1   0.00  99.70  62.06  53.21  99.75 139165 3335.593   195  271.507 3607.099
       183897.1  47.42   0.00  90.67  53.23  99.75 139172 3335.736   195  271.507 3607.243
       183907.1  34.85   0.00  68.38  53.33  99.75 139180 3335.909   195  271.507 3607.416
       183917.1  75.28   0.00  19.27  53.34  99.75 139188 3336.053   195  271.507 3607.560
       183927.1   0.00  58.64  68.04  53.36  99.75 139195 3336.193   195  271.507 3607.700
       183937.2   0.00  40.94  23.38  53.37  99.75 139203 3336.386   195  271.507 3607.893
       183947.1  97.39   0.00  62.34  53.45  99.75 139210 3336.560   195  271.507 3608.067
       183957.1   0.00  69.87  90.31  53.50  99.75 139217 3336.738   195  271.507 3608.245
       183967.2   0.00  99.37  22.22  53.78  99.75 139225 3336.914   195  271.507 3608.421
       183977.2  44.29   0.00  76.04  53.79  99.75 139232 3337.054   195  271.507 3608.561
Timestamp         S0     S1     E      O      P     YGC     YGCT    FGC    FGCT     GCT   
       183987.1  53.87   0.00  48.50  53.85  99.75 139240 3337.213   195  271.507 3608.720
       183997.2  78.76   0.00  42.80  53.85  99.75 139248 3337.388   195  271.507 3608.895
       184007.1  57.50   0.00  28.30  53.91  99.75 139256 3337.549   195  271.507 3609.056
       184017.2   0.00  99.59  64.94  53.96  99.75 139263 3337.731   195  271.507 3609.238
       184027.2   0.00 100.00  19.72  53.99  99.75 139271 3337.877   195  271.507 3609.384
       184037.1  77.61   0.00  60.58  56.40  99.75 139278 3338.089   195  271.507 3609.596
       184047.2  60.82   0.00  54.57  56.42  99.75 139286 3338.444   195  271.507 3609.951
       184057.2  10.23   0.00  58.86  57.36  99.75 139294 3338.595   195  271.507 3610.102
       184067.2  30.24   0.00  28.92  57.37  99.75 139302 3338.730   195  271.507 3610.237
       184077.2  81.53   0.00   6.63  57.40  99.75 139310 3338.914   195  271.507 3610.421
Timestamp         S0     S1     E      O      P     YGC     YGCT    FGC    FGCT     GCT   
       184087.2   0.00  58.48  97.65  57.41  99.75 139317 3339.115   195  271.507 3610.622
       184097.1   0.00  38.14  83.30  57.55  99.75 139325 3339.322   195  271.507 3610.829
       184107.2   0.00  36.43  73.86  57.62  99.75 139333 3339.468   195  271.507 3610.975
       184117.1   0.00  74.43  56.13  57.64  99.75 139341 3339.658   195  271.507 3611.165
       184127.2   0.00 100.00  22.26  57.66  99.75 139349 3339.841   195  271.507 3611.347
       184137.1  59.62   0.00  78.15  57.79  99.75 139356 3340.036   195  271.507 3611.543
       184147.1  50.00   0.00  71.81  57.82  99.75 139364 3340.250   195  271.507 3611.757
       184157.2  44.96   0.00  62.43  57.89  99.75 139372 3340.452   195  271.507 3611.959
       184167.2  50.00   0.00  42.68  57.99  99.75 139380 3340.632   195  271.507 3612.139
       184177.2  51.57   0.00  41.52  58.01  99.75 139388 3340.777   195  271.507 3612.284
Timestamp         S0     S1     E      O      P     YGC     YGCT    FGC    FGCT     GCT   
       184187.2   0.00  67.25  70.60  58.03  99.75 139395 3340.923   195  271.507 3612.430
       184197.1   0.00  57.32   3.97  58.06  99.75 139403 3341.073   195  271.507 3612.580
       184207.2  74.32   0.00  58.97  58.17  99.75 139410 3341.278   195  271.507 3612.785
       184217.2   0.00 100.00  89.33  58.19  99.75 139417 3341.449   195  271.507 3612.956
       184227.2   0.00  50.44  92.29  58.36  99.75 139425 3341.636   195  271.507 3613.143
       184237.2   0.00  41.42  87.24  58.43  99.75 139433 3341.866   195  271.507 3613.373
       184247.2   0.00  65.84  60.27  58.50  99.75 139441 3342.025   195  271.507 3613.532
       184257.2   0.00  99.76  17.25  58.53  99.75 139449 3342.286   195  271.507 3613.793
       184267.2  63.64   0.00  75.01  58.55  99.75 139456 3342.494   195  271.507 3614.001
       184277.2  69.17   0.00  57.96  58.61  99.75 139464 3342.674   195  271.507 3614.181
Timestamp         S0     S1     E      O      P     YGC     YGCT    FGC    FGCT     GCT   
       184287.2  59.46   0.00  31.15  58.66  99.75 139472 3342.809   195  271.507 3614.316
       184297.2   0.00  69.48  83.34  58.70  99.75 139479 3342.940   195  271.507 3614.447
       184307.2   0.00  67.20  37.30  58.72  99.75 139487 3343.124   195  271.507 3614.631
       184317.2  49.16   0.00  86.32  58.74  99.75 139494 3343.280   195  271.507 3614.787
       184327.2  36.11   0.00  23.19  58.79  99.75 139502 3343.417   195  271.507 3614.924
       184337.2  53.91   0.00   0.00  58.81  99.75 139510 3343.588   195  271.507 3615.095
       184347.2   0.00  33.04  50.91  58.89  99.75 139517 3343.787   195  271.507 3615.294
       184357.2   0.00  41.92   2.57  58.90  99.75 139525 3343.945   195  271.507 3615.452
       184367.2  70.52   0.00  54.33  58.91  99.75 139532 3344.094   195  271.507 3615.601
       184377.2   0.00  64.89  80.13  58.94  99.75 139539 3344.230   195  271.507 3615.737
Timestamp         S0     S1     E      O      P     YGC     YGCT    FGC    FGCT     GCT   
       184387.2   0.00  99.66  36.49  59.01  99.75 139547 3344.429   195  271.507 3615.936
       184397.2   0.00  99.78   9.96  59.73  99.75 139555 3344.662   195  271.507 3616.169
       184407.2   0.00 100.00  11.76  60.29  99.75 139563 3344.932   195  271.507 3616.439
       184417.2   0.00  30.55  29.66  60.92  99.75 139571 3345.146   195  271.507 3616.653
       184427.2   0.00  33.48  14.82  60.98  99.75 139579 3345.303   195  271.507 3616.810
       184437.2  39.12   0.00  90.18  61.03  99.75 139586 3345.490   195  271.507 3616.997
       184447.2  74.42   0.00  72.72  61.06  99.75 139594 3345.679   195  271.507 3617.186
       184457.2  59.69   0.00  42.37  61.08  99.75 139602 3345.858   195  271.507 3617.365
       184467.2   0.00  48.62  88.83  61.11  99.75 139609 3346.005   195  271.507 3617.512
       184477.2   0.00  99.55  40.51  61.16  99.75 139617 3346.166   195  271.507 3617.673
Timestamp         S0     S1     E      O      P     YGC     YGCT    FGC    FGCT     GCT   
       184487.2   0.00  66.46  19.66  61.21  99.75 139625 3346.338   195  271.507 3617.845
       184497.2   0.00 100.00   0.00  63.69  99.75 139633 3346.679   195  271.507 3618.186
       184507.2   0.00  99.85   8.67  63.77  99.75 139641 3346.994   195  271.507 3618.501
       184517.2   0.00  21.86  40.11  64.68  99.75 139649 3347.192   195  271.507 3618.699
       184527.2   0.00  41.38  75.98  64.72  99.75 139657 3347.397   195  271.507 3618.904
       184537.2   0.00  32.13  48.44  64.73  99.75 139665 3347.630   195  271.507 3619.137
       184547.2   0.00  43.16  59.88  64.77  99.75 139673 3347.787   195  271.507 3619.294
       184557.2  76.02   0.00  98.90  64.81  99.75 139680 3347.936   195  271.507 3619.443
       184567.2  49.74   0.00  41.88  64.88  99.75 139688 3348.103   195  271.507 3619.609
       184577.2   0.00  49.42  45.14  64.89  99.75 139695 3348.307   195  271.507 3619.814
Timestamp         S0     S1     E      O      P     YGC     YGCT    FGC    FGCT     GCT   
       184587.2   0.00  88.65   8.14  64.91  99.75 139703 3348.474   195  271.507 3619.981
       184597.2  43.82   0.00  46.67  64.92  99.75 139710 3348.617   195  271.507 3620.124
       184607.2  83.08   0.00  41.85  64.96  99.75 139718 3348.797   195  271.507 3620.303
       184617.2   0.00  47.86  86.08  65.03  99.75 139725 3348.958   195  271.507 3620.465
       184627.2   0.00  52.41  53.16  65.11  99.75 139733 3349.135   195  271.507 3620.642
       184637.2   0.00 100.00   0.00  65.12  99.75 139741 3349.351   195  271.507 3620.858
       184647.2  98.15   0.00  70.76  65.14  99.75 139748 3349.518   195  271.507 3621.025
       184657.2  90.49   0.00  24.28  65.17  99.75 139756 3349.668   195  271.507 3621.174
       184667.2   0.00  99.51  64.32  65.20  99.75 139763 3349.982   195  271.507 3621.489
       184677.2   0.00  48.31  14.63  65.21  99.75 139771 3350.178   195  271.507 3621.685
Timestamp         S0     S1     E      O      P     YGC     YGCT    FGC    FGCT     GCT   
       184687.2  50.37   0.00  41.88  65.22  99.75 139778 3350.312   195  271.507 3621.819
       184697.2   0.00 100.00  74.61  65.27  99.75 139785 3350.457   195  271.507 3621.964
       184707.2   0.00  99.80  42.69  65.87  99.75 139793 3350.675   195  271.507 3622.182
       184717.2   0.00  44.06  37.72  66.06  99.75 139801 3350.924   195  271.507 3622.431
       184727.2   0.00  38.11  45.79  66.28  99.75 139809 3351.092   195  271.507 3622.599
       184737.2   0.00  41.25  20.01  66.36  99.75 139817 3351.250   195  271.507 3622.757
       184747.2   0.00  55.58  11.63  66.37  99.75 139825 3351.439   195  271.507 3622.946
       184757.3   0.00  56.71   2.39  66.39  99.75 139833 3351.658   195  271.507 3623.165
       184767.2  61.03   0.00  77.68  66.58  99.75 139840 3351.808   195  271.507 3623.315
       184777.2  64.29   0.00  52.09  66.66  99.75 139848 3351.998   195  271.507 3623.505
Timestamp         S0     S1     E      O      P     YGC     YGCT    FGC    FGCT     GCT   
       184787.3  46.24   0.00  24.06  66.75  99.75 139856 3352.163   195  271.507 3623.669
       184797.2   0.00  41.81  38.96  66.77  99.75 139863 3352.350   195  271.507 3623.857
       184807.2  89.62   0.00  34.69  66.79  99.75 139870 3352.484   195  271.507 3623.991
       184817.2   0.00  41.06  95.41  66.80  99.75 139877 3352.681   195  271.507 3624.188
       184827.2   0.00  47.07  61.28  66.85  99.75 139885 3352.875   195  271.507 3624.382
       184837.2   0.00  99.48  49.11  66.94  99.75 139893 3353.042   195  271.507 3624.549
       184847.2   0.00  56.33  41.34  67.03  99.75 139901 3353.248   195  271.507 3624.755
       184857.2   0.00  75.43  10.26  67.04  99.75 139909 3353.431   195  271.507 3624.937
       184867.2   0.00  81.40  17.18  67.13  99.75 139917 3353.658   195  271.507 3625.165
       184877.2  34.55   0.00  46.83  67.16  99.75 139924 3353.811   195  271.507 3625.318
Timestamp         S0     S1     E      O      P     YGC     YGCT    FGC    FGCT     GCT   
       184887.2  36.27   0.00  28.63  67.21  99.75 139932 3353.987   195  271.507 3625.494
       184897.2   0.00 100.00  87.73  67.23  99.75 139939 3354.132   195  271.507 3625.639
       184907.2   0.00  59.15  43.99  67.24  99.75 139947 3354.300   195  271.507 3625.807
       184917.2  55.70   0.00  75.39  67.30  99.75 139954 3354.429   195  271.507 3625.936
       184927.2  86.93   0.00  31.23  67.67  99.75 139962 3354.607   195  271.507 3626.114
       184937.2  53.04   0.00  21.01  67.68  99.75 139970 3354.793   195  271.507 3626.300
       184947.2  65.37   0.00   6.89  67.85  99.75 139978 3355.004   195  271.507 3626.511
       184957.2   0.00  69.95  68.84  67.87  99.75 139985 3355.153   195  271.507 3626.660
       184967.2   0.00  99.55  45.60  67.92  99.75 139993 3355.312   195  271.507 3626.818
       184977.2   0.00  99.79   0.00  68.74  99.75 140001 3355.498   195  271.507 3627.005
Timestamp         S0     S1     E      O      P     YGC     YGCT    FGC    FGCT     GCT   
       184987.2  72.07   0.00  51.78  68.82  99.75 140008 3355.719   195  271.507 3627.226
       184997.3  17.63   0.00  31.51  69.60  99.75 140016 3355.934   195  271.507 3627.441
       185007.3  36.88   0.00  42.43  69.64  99.75 140024 3356.124   195  271.507 3627.631
       185017.2  37.97   0.00  33.32  69.67  99.75 140032 3356.330   195  271.507 3627.837
       185027.3  38.73   0.00  22.62  69.81  99.75 140040 3356.580   195  271.507 3628.087
       185037.2   0.00  68.91  40.51  69.85  99.75 140047 3356.746   195  271.507 3628.253
       185047.3  29.17   0.00  95.65  69.88  99.75 140054 3356.882   195  271.507 3628.389
       185057.3  69.78   0.00  57.30  69.90  99.75 140062 3357.077   195  271.507 3628.584
       185067.2  47.24   0.00   0.00  69.92  99.75 140070 3357.304   195  271.507 3628.811
       185077.2   0.00  54.33  43.45  69.94  99.75 140077 3357.440   195  271.507 3628.947
Timestamp         S0     S1     E      O      P     YGC     YGCT    FGC    FGCT     GCT   
       185087.3  64.38   0.00  81.61  69.96  99.75 140084 3357.609   195  271.507 3629.116
       185097.2 100.00   0.00  28.06  70.44  99.75 140092 3357.794   195  271.507 3629.301
       185107.2  74.71   0.00  22.28  70.61  99.75 140100 3358.171   195  271.507 3629.678
       185117.2  40.11   0.00  24.34  71.23  99.75 140108 3358.378   195  271.507 3629.885
       185127.2  54.52   0.00  47.93  71.25  99.75 140116 3358.568   195  271.507 3630.075
       185137.3  39.50   0.00  30.19  71.29  99.75 140124 3358.778   195  271.507 3630.285
       185147.2   0.00  27.80  58.23  71.42  99.75 140131 3358.904   195  271.507 3630.411
       185157.2  55.44   0.00  94.87  71.43  99.75 140138 3359.095   195  271.507 3630.602
       185167.2  75.29   0.00  48.79  71.44  99.75 140146 3359.261   195  271.507 3630.768
       185177.2  59.02   0.00   4.87  71.58  99.75 140154 3359.454   195  271.507 3630.961
Timestamp         S0     S1     E      O      P     YGC     YGCT    FGC    FGCT     GCT   
       185187.3   0.00  99.66  62.28  71.59  99.75 140161 3359.627   195  271.507 3631.134
       185197.3   0.00  26.69   3.41  71.76  99.75 140169 3359.792   195  271.507 3631.298
       185207.3  62.34   0.00  64.92  71.78  99.75 140176 3359.941   195  271.507 3631.448
       185217.3  82.10   0.00  12.75  71.87  99.75 140184 3360.162   195  271.507 3631.669
       185227.3   0.00  99.66  73.90  71.88  99.75 140191 3360.320   195  271.507 3631.827
       185237.2   0.00 100.00  33.86  71.99  99.75 140199 3360.501   195  271.507 3632.007
       185247.3  43.51   0.00  86.30  72.00  99.75 140206 3360.750   195  271.507 3632.257
       185257.3 100.00   0.00  87.75  72.46  99.75 140214 3360.978   195  271.507 3632.485
       185267.3   0.00  53.73  20.47  73.65  99.75 140223 3361.316   195  271.507 3632.823
       185277.3   0.00  35.06  27.33  74.89  99.75 140231 3361.648   195  271.507 3633.155
Timestamp         S0     S1     E      O      P     YGC     YGCT    FGC    FGCT     GCT   
       185287.2   0.00  38.87  62.30  74.91  99.75 140239 3361.888   195  271.507 3633.395
       185297.2  44.04   0.00   0.37  75.02  99.75 140248 3362.173   195  271.507 3633.680
       185307.2  29.39   0.00  30.44  75.12  99.75 140256 3362.444   195  271.507 3633.951
       185317.3  51.24   0.00  15.47  75.16  99.75 140264 3362.638   195  271.507 3634.145
       185327.3  38.84   0.00  15.85  75.27  99.75 140272 3362.832   195  271.507 3634.339
       185337.2   0.00 100.00  67.33  75.30  99.75 140279 3363.065   195  271.507 3634.572
       185347.3   0.00  99.66  53.63  75.31  99.75 140287 3363.323   195  271.507 3634.830
       185357.3   0.00  57.21  29.19  75.45  99.75 140295 3363.499   195  271.507 3635.006
       185367.3   0.00  99.77  13.25  75.48  99.75 140303 3363.674   195  271.507 3635.181
       185377.2  55.31   0.00  80.83  75.52  99.75 140310 3363.824   195  271.507 3635.330
Timestamp         S0     S1     E      O      P     YGC     YGCT    FGC    FGCT     GCT   
       185387.3 100.00   0.00  76.96  76.63  99.75 140318 3364.049   195  271.507 3635.556
       185397.3  68.54   0.00  65.26  76.64  99.75 140326 3364.282   195  271.507 3635.789
       185407.2  22.66   0.00  41.31  77.57  99.75 140334 3364.513   195  271.507 3636.020
       185417.3  44.91   0.00   6.44  77.58  99.75 140342 3364.692   195  271.507 3636.198
       185427.3   0.00  41.00  85.25  77.60  99.75 140349 3364.840   195  271.507 3636.347
       185437.2   0.00  53.62  73.40  77.70  99.75 140357 3365.029   195  271.507 3636.536
       185447.3   0.00  47.84  58.51  77.72  99.75 140365 3365.223   195  271.507 3636.730
       185457.3   0.00  65.04  30.09  77.76  99.75 140373 3365.422   195  271.507 3636.929
       185467.2  74.49   0.00  93.09  77.85  99.75 140380 3365.613   195  271.507 3637.120
       185477.2  65.14   0.00  69.66  77.88  99.75 140388 3365.788   195  271.507 3637.295
Timestamp         S0     S1     E      O      P     YGC     YGCT    FGC    FGCT     GCT   
       185487.3  57.06   0.00  32.16  77.90  99.75 140396 3366.053   195  271.507 3637.560
       185497.3   0.00  63.44  98.35  77.92  99.75 140403 3366.187   195  271.507 3637.694
       185507.3   0.00  78.43  86.39  77.94  99.75 140411 3366.360   195  271.507 3637.867
       185517.3   0.00  99.71  30.91  77.98  99.75 140419 3366.541   195  271.507 3638.048
       185527.2   0.00  63.08  32.77  78.00  99.75 140427 3366.780   195  271.507 3638.287
       185537.3   0.00  61.17   4.11  78.09  99.75 140435 3367.002   195  271.507 3638.509
       185547.3  47.24   0.00  70.79  78.12  99.75 140442 3367.144   195  271.507 3638.651
       185557.3  94.85   0.00  36.57  78.13  99.75 140450 3367.320   195  271.507 3638.827
       185567.3   0.00  36.69  93.42  78.14  99.75 140457 3367.454   195  271.507 3638.961
       185577.2   0.00   0.00  82.35  12.54  99.75 140464 3367.676   196  272.804 3640.480
Timestamp         S0     S1     E      O      P     YGC     YGCT    FGC    FGCT     GCT   
       185587.3  52.89   0.00  64.11  12.83  99.75 140472 3367.916   196  272.804 3640.720
       185597.3  61.74   0.00  26.23  13.10  99.75 140480 3368.091   196  272.804 3640.895
       185607.3   0.00  99.68  96.85  13.23  99.75 140487 3368.246   196  272.804 3641.050
       185617.3   0.00  99.43  46.18  13.25  99.75 140495 3368.411   196  272.804 3641.215
       185627.3  71.31   0.00  76.12  13.30  99.75 140502 3368.570   196  272.804 3641.373
       185637.3  39.22   0.00   7.08  13.32  99.75 140510 3368.724   196  272.804 3641.528
       185647.2   0.00 100.00  62.64  13.33  99.75 140517 3368.857   196  272.804 3641.661
       185657.3   0.00  49.72  51.31  13.37  99.75 140525 3369.019   196  272.804 3641.823
       185667.2   0.00  32.81   3.08  13.39  99.75 140533 3369.167   196  272.804 3641.971
       185677.3  88.02   0.00  60.33  13.44  99.75 140540 3369.297   196  272.804 3642.101
Timestamp         S0     S1     E      O      P     YGC     YGCT    FGC    FGCT     GCT   
       185687.3  33.15   0.00  26.07  13.48  99.75 140548 3369.458   196  272.804 3642.261
       185697.3   0.00  69.60  70.98  13.50  99.75 140555 3369.598   196  272.804 3642.401
       185707.3   0.00  99.84  41.04  15.46  99.75 140563 3369.807   196  272.804 3642.611
       185717.3   0.00  57.53  42.82  15.47  99.75 140571 3370.064   196  272.804 3642.868
       185727.3   0.00  27.04  43.86  16.46  99.75 140579 3370.283   196  272.804 3643.087
       185737.3   0.00  33.49  61.28  16.57  99.75 140587 3370.434   196  272.804 3643.238
       185747.3   0.00  30.99  39.89  16.59  99.75 140595 3370.604   196  272.804 3643.408
       185757.3   0.00  43.65   6.70  16.69  99.75 140603 3370.833   196  272.804 3643.636
       185767.3  33.01   0.00  25.60  16.70  99.75 140610 3370.987   196  272.804 3643.791
       185777.3   0.00  63.48  92.47  16.72  99.75 140617 3371.111   196  272.804 3643.914
Timestamp         S0     S1     E      O      P     YGC     YGCT    FGC    FGCT     GCT   
       185787.3   0.00 100.00  72.74  17.17  99.75 140625 3371.312   196  272.804 3644.116
       185797.3   0.00  45.35  57.47  17.20  99.75 140633 3371.526   196  272.804 3644.330
       185807.3   0.00 100.00  39.77  17.60  99.75 140641 3371.708   196  272.804 3644.512
       185817.3   0.00  27.80  13.51  17.62  99.75 140649 3371.998   196  272.804 3644.802
       185827.3  30.69   0.00  19.65  17.65  99.75 140656 3372.172   196  272.804 3644.976
       185837.3  34.12   0.00  11.63  17.72  99.75 140664 3372.338   196  272.804 3645.142
       185847.3   0.00  99.75  99.62  17.74  99.75 140672 3372.499   196  272.804 3645.302
       185857.3   0.00  99.55  66.53  17.80  99.75 140679 3372.640   196  272.804 3645.444
       185867.3   0.00  25.62  17.15  17.83  99.75 140687 3372.778   196  272.804 3645.582
       185877.3  51.78   0.00  47.51  17.84  99.75 140694 3372.896   196  272.804 3645.699
Timestamp         S0     S1     E      O      P     YGC     YGCT    FGC    FGCT     GCT   
       185887.3  72.50   0.00  32.20  17.86  99.75 140702 3373.055   196  272.804 3645.859
       185897.3   0.00  99.73  68.50  18.16  99.75 140709 3373.202   196  272.804 3646.006
       185907.3   0.00  99.77  81.32  18.26  99.75 140717 3373.410   196  272.804 3646.214
       185917.3   0.00  60.47  93.99  18.55  99.75 140725 3373.604   196  272.804 3646.408
       185927.3  51.67   0.00   1.93  18.61  99.75 140734 3373.797   196  272.804 3646.601
       185937.3   0.00  99.66  75.03  18.70  99.75 140741 3373.931   196  272.804 3646.735
       185947.3   0.00  35.23  42.60  18.71  99.75 140749 3374.064   196  272.804 3646.868
       185957.3   0.00  99.67  17.75  18.73  99.75 140757 3374.212   196  272.804 3647.016
       185967.3  64.29   0.00  86.28  18.75  99.75 140764 3374.372   196  272.804 3647.176
       185977.3  64.36   0.00  50.99  18.77  99.75 140772 3374.528   196  272.804 3647.331
Timestamp         S0     S1     E      O      P     YGC     YGCT    FGC    FGCT     GCT   
       185987.3  73.15   0.00  51.45  18.85  99.75 140780 3374.717   196  272.804 3647.521
       185997.3  55.31   0.00  29.87  18.91  99.75 140788 3374.895   196  272.804 3647.699
       186007.3  74.49   0.00   9.63  19.03  99.75 140796 3375.071   196  272.804 3647.875
       186017.3   0.00  99.72  72.11  19.06  99.75 140803 3375.216   196  272.804 3648.020
       186027.3   0.00  38.89  42.99  19.08  99.75 140811 3375.353   196  272.804 3648.157
       186037.3   0.00  70.81  24.51  19.11  99.75 140819 3375.530   196  272.804 3648.334
       186047.3   0.00  51.36  33.34  19.13  99.75 140825 3375.679   196  272.804 3648.483
       186057.3  85.20   0.00  55.73  19.14  99.75 140832 3375.872   196  272.804 3648.676
       186067.3  29.70  56.73 100.00  19.18  99.75 140840 3376.005   196  272.804 3648.809
       186077.3   0.00  54.40  56.78  19.42  99.75 140847 3376.279   196  272.804 3649.083
Timestamp         S0     S1     E      O      P     YGC     YGCT    FGC    FGCT     GCT   
       186087.3   0.00 100.00  24.04  19.43  99.75 140855 3376.493   196  272.804 3649.297
       186097.3  26.41   0.00  96.81  19.90  99.75 140862 3376.637   196  272.804 3649.441
       186107.3  30.60   0.00  43.46  19.93  99.75 140870 3376.782   196  272.804 3649.586
       186117.3   0.00  75.96  86.72  19.94  99.75 140877 3376.969   196  272.804 3649.773
       186127.3   0.00 100.00  44.10  19.96  99.75 140885 3377.108   196  272.804 3649.912
       186137.3   0.00  38.82  30.10  20.06  99.75 140893 3377.278   196  272.804 3650.081
       186147.3   0.00  32.54   9.09  20.13  99.75 140901 3377.445   196  272.804 3650.249
       186157.3  53.88   0.00  70.16  20.14  99.75 140908 3377.593   196  272.804 3650.397
       186167.3  30.79   0.00  45.53  20.19  99.75 140916 3377.724   196  272.804 3650.528
       186177.3  40.41   0.00   0.00  20.21  99.75 140924 3377.861   196  272.804 3650.665
Timestamp         S0     S1     E      O      P     YGC     YGCT    FGC    FGCT     GCT   
       186187.3   0.00  52.92  30.05  20.22  99.75 140931 3378.014   196  272.804 3650.818
       186197.3  58.46   0.00  72.34  20.23  99.75 140938 3378.179   196  272.804 3650.982
       186207.3   0.00  53.55  81.18  20.25  99.75 140945 3378.291   196  272.804 3651.094
       186217.2   0.00 100.00  19.48  20.39  99.75 140953 3378.449   196  272.804 3651.253
       186227.3   0.00 100.00  33.49  20.71  99.75 140961 3378.684   196  272.804 3651.488
       186237.3   0.00  99.80  39.27  20.96  99.75 140969 3378.871   196  272.804 3651.675
       186247.3   0.00  49.83  33.15  21.09  99.75 140977 3379.074   196  272.804 3651.878
       186257.3   0.00  33.98  29.17  21.15  99.75 140985 3379.243   196  272.804 3652.047
       186267.3   0.00  73.53   6.39  21.21  99.75 140993 3379.401   196  272.804 3652.205
       186277.3   0.00  68.88   5.88  21.24  99.75 141001 3379.601   196  272.804 3652.404
Timestamp         S0     S1     E      O      P     YGC     YGCT    FGC    FGCT     GCT   
       186287.3  66.82   0.00  89.02  21.25  99.75 141008 3379.747   196  272.804 3652.550
       186297.3  37.07   0.00  50.32  21.32  99.75 141016 3379.873   196  272.804 3652.677
       186307.3  52.61   0.00  54.76  21.34  99.75 141024 3380.108   196  272.804 3652.911
       186317.3  88.98   0.00  13.92  21.35  99.75 141032 3380.315   196  272.804 3653.118
       186327.3   0.00  78.17  97.23  21.44  99.75 141039 3380.451   196  272.804 3653.255
       186337.3   0.00  99.68  75.66  21.45  99.75 141047 3380.589   196  272.804 3653.393
       186347.3   0.00  72.73  39.12  21.46  99.75 141055 3380.770   196  272.804 3653.574
       186357.3  33.81   0.00  51.45  21.47  99.75 141062 3380.936   196  272.804 3653.740
       186367.4  61.67   0.00   0.00  21.48  99.75 141070 3381.078   196  272.804 3653.881
       186377.3   0.00 100.00  87.40  21.67  99.75 141077 3381.224   196  272.804 3654.028
Timestamp         S0     S1     E      O      P     YGC     YGCT    FGC    FGCT     GCT   
       186387.3   0.00 100.00  78.24  21.82  99.75 141085 3381.413   196  272.804 3654.217
       186397.4   0.00  55.30  72.71  22.03  99.75 141093 3381.602   196  272.804 3654.406
       186407.3   0.00 100.00  62.65  22.12  99.75 141101 3381.786   196  272.804 3654.590
       186417.3   0.00  37.12   2.95  22.14  99.75 141109 3381.936   196  272.804 3654.740
       186427.3  43.60   0.00  54.98  22.19  99.75 141116 3382.073   196  272.804 3654.877
       186437.3  44.55   0.00  23.09  22.22  99.75 141124 3382.267   196  272.804 3655.071
       186447.3   0.00  57.25  97.67  22.24  99.75 141131 3382.384   196  272.804 3655.188
       186457.3  74.68   0.00   0.00  22.28  99.75 141140 3382.583   196  272.804 3655.387
       186467.3   0.00  54.87  95.81  22.29  99.75 141147 3382.779   196  272.804 3655.583
       186477.4   0.00  35.25  58.14  22.42  99.75 141155 3382.945   196  272.804 3655.749
Timestamp         S0     S1     E      O      P     YGC     YGCT    FGC    FGCT     GCT   
       186487.4   0.00  42.01  37.88  22.45  99.75 141163 3383.104   196  272.804 3655.908
       186497.4  50.28   0.00  73.52  22.47  99.75 141170 3383.247   196  272.804 3656.051
       186507.3   0.00  64.88  79.45  22.50  99.75 141177 3383.375   196  272.804 3656.178
       186517.4   0.00  49.67  35.11  22.52  99.75 141185 3383.523   196  272.804 3656.327
       186527.3  51.79   0.00  77.65  22.53  99.75 141192 3383.681   196  272.804 3656.485
       186537.3  95.52   0.00  16.63  22.56  99.75 141200 3383.852   196  272.804 3656.656
       186547.4   0.00 100.00  69.15  22.64  99.75 141207 3384.000   196  272.804 3656.803
       186557.4   0.00 100.00  23.99  22.71  99.75 141215 3384.172   196  272.804 3656.975
       186567.4   0.00  63.37  12.43  22.87  99.75 141223 3384.362   196  272.804 3657.165
       186577.4   0.00 100.00  11.80  26.03  99.75 141231 3384.612   196  272.804 3657.416
Timestamp         S0     S1     E      O      P     YGC     YGCT    FGC    FGCT     GCT   
       186587.4   0.00  99.85  40.25  26.04  99.75 141239 3384.857   196  272.804 3657.661
       186597.4   0.00 100.00  23.24  27.14  99.75 141247 3385.042   196  272.804 3657.845
       186607.3   0.00  19.62  40.97  27.16  99.75 141255 3385.213   196  272.804 3658.017
       186617.4   0.00  61.95  38.54  27.18  99.75 141263 3385.391   196  272.804 3658.195
       186627.4  52.02   0.00  99.45  27.20  99.75 141271 3385.532   196  272.804 3658.336
       186637.4  42.64   0.00  73.21  27.27  99.75 141278 3385.790   196  272.804 3658.593
       186647.4  39.18   0.00  65.09  27.31  99.75 141286 3385.965   196  272.804 3658.769
       186657.4  23.59   0.00  13.61  27.33  99.75 141294 3386.125   196  272.804 3658.929
       186667.3   0.00  61.11  73.86  27.40  99.75 141301 3386.301   196  272.804 3659.104
       186677.4  63.99   0.00  99.82  27.42  99.75 141308 3386.475   196  272.804 3659.279
Timestamp         S0     S1     E      O      P     YGC     YGCT    FGC    FGCT     GCT   
       186687.4  47.14   0.00  53.22  27.44  99.75 141316 3386.641   196  272.804 3659.445
       186697.4  44.80   0.00  25.48  27.45  99.75 141324 3386.800   196  272.804 3659.603
       186707.4   0.00  67.22  97.81  27.50  99.75 141331 3386.974   196  272.804 3659.777
       186717.4   0.00  41.03  38.04  27.53  99.75 141339 3387.133   196  272.804 3659.937
       186727.4  45.71   0.00 100.00  27.62  99.75 141347 3387.297   196  272.804 3660.101
       186737.4  65.07   0.00  52.54  27.64  99.75 141354 3387.457   196  272.804 3660.261
       186747.4   0.00  53.55  60.31  27.69  99.75 141361 3387.580   196  272.804 3660.384
       186757.4  43.40   0.00  87.33  27.70  99.75 141368 3387.691   196  272.804 3660.495
       186767.4  63.39   0.00  23.18  27.72  99.75 141376 3387.828   196  272.804 3660.631
       186777.4   0.00  58.95  33.43  27.72  99.75 141383 3388.040   196  272.804 3660.844
Timestamp         S0     S1     E      O      P     YGC     YGCT    FGC    FGCT     GCT   
       186787.4  62.81   0.00  85.32  27.78  99.75 141390 3388.177   196  272.804 3660.981
       186797.4 100.00   0.00  37.25  28.21  99.75 141398 3388.422   196  272.804 3661.226
       186807.4  81.14   0.00  36.16  28.47  99.75 141406 3388.632   196  272.804 3661.436
       186817.4  48.52   0.00  31.61  28.96  99.75 141414 3388.840   196  272.804 3661.644
       186827.4  28.98   0.00  37.57  29.19  99.75 141422 3388.990   196  272.804 3661.794
       186837.4  72.69   0.00  19.93  29.23  99.75 141430 3389.168   196  272.804 3661.971
       186847.4   0.00  38.68  83.73  29.24  99.75 141437 3389.309   196  272.804 3662.112
       186857.4   0.00  36.89  22.94  29.33  99.75 141445 3389.449   196  272.804 3662.253
       186867.4  53.11   0.00  80.82  29.36  99.75 141452 3389.550   196  272.804 3662.353
       186877.4  53.92   0.00  33.14  29.38  99.75 141460 3389.694   196  272.804 3662.498
Timestamp         S0     S1     E      O      P     YGC     YGCT    FGC    FGCT     GCT   
       186887.4   0.00  99.39  67.18  29.39  99.75 141467 3389.827   196  272.804 3662.631
       186897.4   0.00 100.00   0.34  29.44  99.75 141475 3389.990   196  272.804 3662.794
       186907.4  88.12   0.00  75.37  29.47  99.75 141482 3390.143   196  272.804 3662.946
       186917.4  49.17   0.00  24.99  29.50  99.75 141490 3390.356   196  272.804 3663.160
       186927.4   0.00  51.82  82.11  29.67  99.75 141497 3390.557   196  272.804 3663.361
       186937.4   0.00 100.00  42.19  29.69  99.75 141505 3390.724   196  272.804 3663.528
       186947.4   0.00  56.42  19.64  29.72  99.75 141513 3390.887   196  272.804 3663.690
       186957.4  51.78   0.00  85.19  29.81  99.75 141520 3391.107   196  272.804 3663.910
       186967.4  79.95   0.00  63.75  29.84  99.75 141528 3391.384   196  272.804 3664.188
       186977.4  80.10   0.00  70.06  29.93  99.75 141536 3391.554   196  272.804 3664.358
Timestamp         S0     S1     E      O      P     YGC     YGCT    FGC    FGCT     GCT   
       186987.4  45.57   0.00   4.06  29.95  99.75 141544 3391.712   196  272.804 3664.516
       186997.4   0.00  99.57  91.06  29.98  99.75 141551 3391.860   196  272.804 3664.664
       187007.4   0.00  43.35  41.76  30.05  99.75 141559 3392.003   196  272.804 3664.807
       187017.4  48.76   0.00  57.43  30.07  99.75 141566 3392.121   196  272.804 3664.925
       187027.4  29.22   0.00  25.56  30.12  99.75 141574 3392.304   196  272.804 3665.107
       187037.4  75.00 100.00 100.00  30.14  99.75 141582 3392.445   196  272.804 3665.249
       187047.4   0.00  59.56  79.98  30.21  99.75 141589 3392.614   196  272.804 3665.418
       187057.4  42.41   0.00  75.73  30.22  99.75 141596 3392.739   196  272.804 3665.542
       187067.4  43.67   0.00  22.68  30.25  99.75 141604 3392.898   196  272.804 3665.702
       187077.4   0.00 100.00  84.56  30.90  99.75 141611 3393.047   196  272.804 3665.851
Timestamp         S0     S1     E      O      P     YGC     YGCT    FGC    FGCT     GCT   
       187087.4   0.00  61.78  93.55  31.23  99.75 141619 3393.280   196  272.804 3666.084
       187097.4   0.00  42.40  99.78  31.53  99.75 141627 3393.493   196  272.804 3666.297
       187107.4   0.00  27.67  93.90  31.88  99.75 141635 3393.660   196  272.804 3666.464
       187117.4   0.00  63.14  50.30  31.91  99.75 141643 3393.851   196  272.804 3666.655
       187127.4   0.00  69.52  54.92  31.96  99.75 141651 3394.013   196  272.804 3666.817
       187137.4  42.82   0.00  76.64  32.00  99.75 141658 3394.148   196  272.804 3666.952
       187147.4   0.00  50.80  99.61  32.04  99.75 141665 3394.261   196  272.804 3667.065
       187157.4   0.00  63.51  71.26  32.05  99.75 141673 3394.441   196  272.804 3667.245
       187167.4   0.00  99.66  44.37  32.06  99.75 141681 3394.578   196  272.804 3667.382
       187177.4  77.81   0.00  80.78  32.13  99.75 141688 3394.699   196  272.804 3667.503
Timestamp         S0     S1     E      O      P     YGC     YGCT    FGC    FGCT     GCT   
       187187.4  82.82   0.00  36.32  32.19  99.75 141696 3394.877   196  272.804 3667.681
       187197.4   0.00  62.13  39.03  32.22  99.75 141703 3395.027   196  272.804 3667.831
       187207.4   0.00 100.00  18.82  32.44  99.75 141711 3395.197   196  272.804 3668.000
       187217.4   0.00  99.63   0.00  32.46  99.75 141719 3395.381   196  272.804 3668.185
       187227.4  32.45   0.00  86.48  32.54  99.75 141726 3395.531   196  272.804 3668.335
       187237.4  60.11   0.00  47.08  32.56  99.75 141734 3395.692   196  272.804 3668.496
       187247.4   0.00  50.00  98.92  32.58  99.75 141741 3395.817   196  272.804 3668.621
       187257.4   0.00  59.49  33.76  32.64  99.75 141749 3395.954   196  272.804 3668.757
       187267.4  49.16   0.00  31.87  32.65  99.75 141756 3396.082   196  272.804 3668.886
       187277.4   0.00  78.29  35.04  32.70  99.75 141763 3396.219   196  272.804 3669.023
Timestamp         S0     S1     E      O      P     YGC     YGCT    FGC    FGCT     GCT   
       187287.4  41.36   0.00  96.91  32.74  99.75 141770 3396.358   196  272.804 3669.162
       187297.4  66.67   0.00  56.12  32.76  99.75 141778 3396.525   196  272.804 3669.329
       187307.5  66.46   0.00  14.50  32.79  99.75 141786 3396.686   196  272.804 3669.490
       187317.4   0.00  50.34  14.82  32.81  99.75 141793 3396.811   196  272.804 3669.615
       187327.5  77.24   0.00  57.37  32.82  99.75 141800 3396.952   196  272.804 3669.756
       187337.4   0.00 100.00  92.53  32.83  99.75 141807 3397.105   196  272.804 3669.909
       187347.4   0.00 100.00  89.59  34.26  99.75 141815 3397.369   196  272.804 3670.173
       187357.5  40.14   0.00  15.53  35.11  99.75 141824 3397.622   196  272.804 3670.426
       187367.5  39.82   0.00  33.01  35.17  99.75 141832 3397.785   196  272.804 3670.589
       187377.4  29.27   0.00  10.29  35.22  99.75 141840 3397.953   196  272.804 3670.757
Timestamp         S0     S1     E      O      P     YGC     YGCT    FGC    FGCT     GCT   
       187387.4   0.00  99.65  89.67  35.28  99.75 141847 3398.126   196  272.804 3670.929
       187397.4   0.00  50.60  75.61  35.30  99.75 141855 3398.355   196  272.804 3671.159
       187407.4   0.00  43.80  52.77  35.46  99.75 141863 3398.585   196  272.804 3671.389
       187417.4   0.00  99.82  59.32  37.13  99.75 141871 3398.841   196  272.804 3671.645
       187427.4   0.00  72.19  78.55  37.13  99.75 141879 3399.083   196  272.804 3671.886
       187437.4   0.00  42.65  77.72  38.09  99.75 141887 3399.371   196  272.804 3672.175
       187447.4   0.00  16.73  57.65  38.12  99.75 141895 3399.617   196  272.804 3672.420
       187457.5   0.00  36.41  74.99  38.25  99.75 141903 3399.780   196  272.804 3672.584
       187467.5   0.00  46.91  49.39  38.30  99.75 141911 3399.926   196  272.804 3672.730
       187477.5   0.00  99.73  21.53  38.32  99.75 141919 3400.093   196  272.804 3672.896
Timestamp         S0     S1     E      O      P     YGC     YGCT    FGC    FGCT     GCT   
       187487.4   0.00  69.91  21.40  38.37  99.75 141927 3400.291   196  272.804 3673.095
       187497.5  88.15  91.77 100.00  38.43  99.75 141935 3400.475   196  272.804 3673.279
       187507.5  34.72   0.00  96.55  38.45  99.75 141942 3400.653   196  272.804 3673.457
       187517.5  50.22   0.00  63.59  38.53  99.75 141950 3400.829   196  272.804 3673.632
       187527.4  36.43   0.00  34.28  38.61  99.75 141958 3401.052   196  272.804 3673.856
       187537.4  46.55   0.00   8.50  38.63  99.75 141966 3401.257   196  272.804 3674.061
       187547.5   0.00  39.18  88.71  38.80  99.75 141973 3401.445   196  272.804 3674.249
       187557.4   0.00  99.72  23.99  38.83  99.75 141981 3401.704   196  272.804 3674.508
       187567.4  56.35   0.00  72.52  38.85  99.75 141988 3401.855   196  272.804 3674.659
       187577.4  32.04   0.00  38.62  38.96  99.75 141996 3401.991   196  272.804 3674.794
Timestamp         S0     S1     E      O      P     YGC     YGCT    FGC    FGCT     GCT   
       187587.4   0.00  99.52  84.24  38.98  99.75 142003 3402.128   196  272.804 3674.931
       187597.5   0.00  38.64  42.75  38.99  99.75 142011 3402.306   196  272.804 3675.109
       187607.4   0.00  55.09  15.47  39.02  99.75 142019 3402.469   196  272.804 3675.273
       187617.4  82.14   0.00  60.77  39.03  99.75 142026 3402.613   196  272.804 3675.416
       187627.4  71.22   0.00  37.67  39.05  99.75 142034 3402.807   196  272.804 3675.610
       187637.4  39.67   0.00  41.02  39.10  99.75 142042 3402.990   196  272.804 3675.794
       187647.4  28.30   0.00   0.00  39.19  99.75 142050 3403.172   196  272.804 3675.975
       187657.4   0.00  40.05  29.81  39.20  99.75 142057 3403.372   196  272.804 3676.176
       187667.5   0.00  35.11  10.90  39.22  99.75 142065 3403.515   196  272.804 3676.319
       187677.4  83.53   0.00  40.99  39.89  99.75 142072 3403.677   196  272.804 3676.481
Timestamp         S0     S1     E      O      P     YGC     YGCT    FGC    FGCT     GCT   
       187687.5   0.00  80.81  78.67  39.90  99.75 142079 3403.822   196  272.804 3676.625
       187697.4   0.00  57.79  20.72  40.28  99.75 142087 3404.093   196  272.804 3676.897
       187707.4   0.00  61.84   4.80  40.30  99.75 142095 3404.251   196  272.804 3677.055
       187717.5  63.89   0.00  66.02  40.32  99.75 142102 3404.397   196  272.804 3677.201
       187727.4  45.30   0.00  31.24  40.36  99.75 142110 3404.556   196  272.804 3677.360
       187737.5   0.00  90.85  58.98  40.38  99.75 142117 3404.711   196  272.804 3677.515
       187747.4   0.00  44.33  10.22  40.40  99.75 142125 3404.856   196  272.804 3677.659
       187757.5  73.21   0.00  68.92  40.44  99.75 142132 3404.991   196  272.804 3677.795
       187767.5  62.26   0.00   7.86  40.45  99.75 142140 3405.139   196  272.804 3677.942
       187777.5   0.00  51.26  18.33  40.47  99.75 142147 3405.260   196  272.804 3678.064
Timestamp         S0     S1     E      O      P     YGC     YGCT    FGC    FGCT     GCT   
       187787.5  42.36   0.00  65.24  40.49  99.75 142154 3405.408   196  272.804 3678.212
       187797.5   0.00 100.00  88.24  40.57  99.75 142161 3405.552   196  272.804 3678.356
       187807.5   0.00  99.65  41.48  40.59  99.75 142169 3405.731   196  272.804 3678.535
       187817.5   0.00  45.16  27.75  40.77  99.75 142177 3405.910   196  272.804 3678.714
       187827.4  42.73   0.00  86.17  40.79  99.75 142184 3406.057   196  272.804 3678.861
       187837.4  50.97   0.00  20.86  40.81  99.75 142192 3406.319   196  272.804 3679.123
       187847.5   0.00  78.48  65.01  40.83  99.75 142199 3406.457   196  272.804 3679.261
       187857.5  47.68   0.00  69.12  40.84  99.75 142206 3406.593   196  272.804 3679.397
       187867.5  35.36   0.00   2.03  40.90  99.75 142214 3406.765   196  272.804 3679.569
       187877.5   0.00  76.45  57.27  40.92  99.75 142221 3406.885   196  272.804 3679.688
Timestamp         S0     S1     E      O      P     YGC     YGCT    FGC    FGCT     GCT   
       187887.5   0.00 100.00  32.38  41.02  99.75 142229 3407.066   196  272.804 3679.870
       187897.5   0.00  62.22  14.53  41.07  99.75 142237 3407.231   196  272.804 3680.035
       187907.5  54.83   0.00  58.15  41.16  99.75 142244 3407.361   196  272.804 3680.165
       187917.5  94.65   0.00  17.99  41.88  99.75 142252 3407.538   196  272.804 3680.341
       187927.5   0.00  73.09  37.56  41.89  99.75 142259 3407.754   196  272.804 3680.558
       187937.5   0.00  99.32   5.39  42.42  99.75 142267 3407.925   196  272.804 3680.729
       187947.5  50.68   0.00  83.15  42.44  99.75 142274 3408.054   196  272.804 3680.857
       187957.5  86.75   0.00  63.10  42.47  99.75 142282 3408.204   196  272.804 3681.008
       187967.5  29.49   0.00  40.85  42.51  99.75 142290 3408.367   196  272.804 3681.171
       187977.5  35.13   0.00   8.81  42.52  99.75 142298 3408.531   196  272.804 3681.334
Timestamp         S0     S1     E      O      P     YGC     YGCT    FGC    FGCT     GCT   
       187987.5   0.00  54.41  67.24  42.55  99.75 142305 3408.712   196  272.804 3681.516
       187997.4   0.00  79.41  10.19  42.58  99.75 142313 3408.878   196  272.804 3681.682
       188007.5  96.89   0.00  55.05  42.87  99.75 142320 3409.041   196  272.804 3681.845
       188017.4  80.82   0.00  60.44  43.25  99.75 142328 3409.329   196  272.804 3682.133
       188027.4  36.88   0.00  51.79  43.69  99.75 142336 3409.543   196  272.804 3682.347
       188037.5  19.21   0.00  31.77  44.18  99.75 142344 3409.695   196  272.804 3682.499
       188047.5  59.51   0.00  19.49  44.20  99.75 142352 3409.881   196  272.804 3682.685
       188057.5  31.30   0.00   6.62  44.22  99.75 142360 3410.042   196  272.804 3682.846
       188067.5   0.00  63.33  85.43  44.28  99.75 142367 3410.194   196  272.804 3682.997
       188077.5   0.00  69.19  54.65  44.34  99.75 142375 3410.356   196  272.804 3683.159
Timestamp         S0     S1     E      O      P     YGC     YGCT    FGC    FGCT     GCT   
       188087.5   0.00  51.94  49.42  44.37  99.75 142383 3410.538   196  272.804 3683.342
       188097.5   0.00  99.64   1.86  44.44  99.75 142391 3410.723   196  272.804 3683.527
       188107.5  66.30   0.00  78.79  44.58  99.75 142398 3410.943   196  272.804 3683.747
       188117.5  48.30   0.00  38.90  44.64  99.75 142406 3411.126   196  272.804 3683.930
       188127.5  37.27   0.00  18.19  44.87  99.75 142414 3411.301   196  272.804 3684.105
       188137.5 100.00   0.00  14.37  44.94  99.75 142422 3411.485   196  272.804 3684.289
       188147.5   0.00  66.89  92.71  44.97  99.75 142429 3411.656   196  272.804 3684.460
       188157.5   0.00  45.00  38.63  45.10  99.75 142437 3411.863   196  272.804 3684.667
       188167.5  47.12   0.00  94.42  45.15  99.75 142444 3412.030   196  272.804 3684.834
       188177.5  63.08   0.00  69.64  45.16  99.75 142452 3412.296   196  272.804 3685.100
Timestamp         S0     S1     E      O      P     YGC     YGCT    FGC    FGCT     GCT   
       188187.5  67.34   0.00  48.11  45.18  99.75 142460 3412.543   196  272.804 3685.347
       188197.5  36.11   0.00  10.77  45.22  99.75 142468 3412.732   196  272.804 3685.536
       188207.5   0.00  76.54  69.81  45.25  99.75 142475 3412.924   196  272.804 3685.728
       188217.5   0.00  54.30  30.36  45.28  99.75 142483 3413.118   196  272.804 3685.922
       188227.5  39.58   0.00  68.35  45.29  99.75 142490 3413.257   196  272.804 3686.061
       188237.5  35.00   0.00  33.73  45.38  99.75 142498 3413.409   196  272.804 3686.213
       188247.5   0.00  99.68  61.91  45.41  99.75 142505 3413.566   196  272.804 3686.370
       188257.5   0.00  48.96  31.61  45.43  99.75 142513 3413.733   196  272.804 3686.537
       188267.5   0.00  64.89  11.72  45.56  99.75 142521 3413.965   196  272.804 3686.768
       188277.5  63.64   0.00  48.89  45.57  99.75 142528 3414.117   196  272.804 3686.920
Timestamp         S0     S1     E      O      P     YGC     YGCT    FGC    FGCT     GCT   
       188287.5   0.00  68.94  64.38  45.58  99.75 142535 3414.290   196  272.804 3687.094
       188297.5   0.00  52.63   1.20  45.66  99.75 142543 3414.457   196  272.804 3687.261
       188307.5  96.47   0.00  84.34  46.21  99.75 142550 3414.594   196  272.804 3687.398
       188317.5  60.56   0.00  74.51  46.66  99.75 142558 3414.860   196  272.804 3687.663
       188327.5  59.15   0.00  17.94  46.78  99.75 142566 3415.046   196  272.804 3687.850
       188337.5   0.00  99.58  85.09  47.27  99.75 142573 3415.185   196  272.804 3687.988
       188347.5   0.00 100.00  78.21  47.30  99.75 142581 3415.359   196  272.804 3688.163
       188357.5   0.00  64.42  63.52  47.34  99.75 142589 3415.513   196  272.804 3688.317
       188367.5   0.00  99.60  29.08  47.46  99.75 142597 3415.716   196  272.804 3688.520
       188377.5  40.93   0.00  69.01  47.47  99.75 142604 3415.863   196  272.804 3688.666
Timestamp         S0     S1     E      O      P     YGC     YGCT    FGC    FGCT     GCT   
       188387.5  38.61   0.00  21.29  47.49  99.75 142612 3416.022   196  272.804 3688.826
       188397.5   0.00 100.00  75.41  47.50  99.75 142619 3416.163   196  272.804 3688.967
       188407.5   0.00  51.20  14.34  47.57  99.75 142627 3416.340   196  272.804 3689.144
       188417.5  83.77   0.00  43.02  47.61  99.75 142634 3416.476   196  272.804 3689.280
       188427.5 100.00   0.00  26.31  47.80  99.75 142642 3416.670   196  272.804 3689.474
       188437.5   0.00  40.30  96.75  47.82  99.75 142649 3416.826   196  272.804 3689.629
       188447.5   0.00  37.44  62.62  47.89  99.75 142657 3416.985   196  272.804 3689.789
       188457.5   0.00  99.75   9.22  48.00  99.75 142665 3417.169   196  272.804 3689.973
       188467.5  69.39   0.00  84.43  48.05  99.75 142672 3417.369   196  272.804 3690.173
       188477.5  54.01   0.00  54.03  48.08  99.75 142680 3417.545   196  272.804 3690.348
Timestamp         S0     S1     E      O      P     YGC     YGCT    FGC    FGCT     GCT   
       188487.5  67.86   0.00  46.95  48.10  99.75 142688 3417.715   196  272.804 3690.519
       188497.5  65.85   0.00  18.24  48.15  99.75 142696 3417.885   196  272.804 3690.688
       188507.5   0.00  71.08  87.39  48.19  99.75 142703 3418.034   196  272.804 3690.837
       188517.5   0.00 100.00  58.62  48.21  99.75 142711 3418.194   196  272.804 3690.998
       188527.5   0.00 100.00   3.14  48.23  99.75 142719 3418.383   196  272.804 3691.187
       188537.5  40.91   0.00  62.63  48.27  99.75 142726 3418.518   196  272.804 3691.322
       188547.5  53.59   0.00  10.72  48.29  99.75 142734 3418.676   196  272.804 3691.480
       188557.5   0.00  39.54  97.62  48.32  99.75 142742 3418.819   196  272.804 3691.623
       188567.5   0.00 100.00  94.55  48.34  99.75 142749 3418.989   196  272.804 3691.793
       188577.5   0.00  50.21  28.23  48.36  99.75 142757 3419.152   196  272.804 3691.956
Timestamp         S0     S1     E      O      P     YGC     YGCT    FGC    FGCT     GCT   
       188587.5  44.10   0.00  75.47  48.45  99.75 142764 3419.359   196  272.804 3692.163
       188597.5  60.75   0.00  25.46  48.46  99.75 142772 3419.576   196  272.804 3692.380
       188607.5   0.00 100.00  91.65  48.49  99.75 142779 3419.739   196  272.804 3692.543
       188617.5   0.00  99.58  80.09  48.53  99.75 142787 3419.916   196  272.804 3692.720
       188627.5   0.00  99.72  50.36  48.55  99.75 142795 3420.227   196  272.804 3693.031
       188637.5   0.00 100.00  16.93  48.56  99.75 142803 3420.440   196  272.804 3693.243
       188647.5   0.00  60.78   8.89  48.63  99.75 142811 3420.618   196  272.804 3693.422
       188657.5  25.68   0.00  48.88  48.76  99.75 142818 3420.738   196  272.804 3693.542
       188667.5   0.00  46.43  49.29  48.79  99.75 142825 3420.863   196  272.804 3693.667
       188677.5   0.00  94.72  31.59  48.81  99.75 142833 3421.027   196  272.804 3693.830
Timestamp         S0     S1     E      O      P     YGC     YGCT    FGC    FGCT     GCT   
       188687.5   0.00  48.41   0.00  48.83  99.75 142841 3421.174   196  272.804 3693.978
       188697.5  66.84   0.00  58.73  48.88  99.75 142848 3421.352   196  272.804 3694.156
       188707.5  56.21   0.00   7.09  48.93  99.75 142856 3421.508   196  272.804 3694.312
       188717.5   0.00  45.57  39.52  48.95  99.75 142863 3421.651   196  272.804 3694.454
       188727.5  50.61   0.00  89.41  48.98  99.75 142870 3421.773   196  272.804 3694.577
       188737.5  60.00   0.00  58.55  49.00  99.75 142878 3421.938   196  272.804 3694.742
       188747.5  73.10   0.00  24.16  49.05  99.75 142886 3422.123   196  272.804 3694.927
       188757.5   0.00  45.11  78.35  49.07  99.75 142893 3422.292   196  272.804 3695.096
       188767.5   0.00  71.67  10.68  49.09  99.75 142901 3422.448   196  272.804 3695.252
       188777.5   0.00  43.93  57.22  49.13  99.75 142905 3422.525   196  272.804 3695.329
Timestamp         S0     S1     E      O      P     YGC     YGCT    FGC    FGCT     GCT   
       188787.5   0.00  43.93  67.86  49.13  99.75 142905 3422.525   196  272.804 3695.329
       188797.5   0.00  43.93  68.02  49.13  99.75 142905 3422.525   196  272.804 3695.329
       188807.5   0.00 100.00  41.78  49.13  99.75 142909 3422.637   196  272.804 3695.441
       188817.5  67.38   0.00  82.22  49.17  99.75 142916 3422.784   196  272.804 3695.588
       188827.5  66.96   0.00  22.31  49.24  99.75 142924 3422.925   196  272.804 3695.729
       188837.5 100.00   0.00  10.98  51.91  99.75 142932 3423.150   196  272.804 3695.953
       188847.5  61.04   0.00  13.41  51.93  99.75 142940 3423.398   196  272.804 3696.202
       188857.5  15.80   0.00  24.57  53.40  99.75 142948 3423.644   196  272.804 3696.447
       188867.5  25.20   0.00  49.28  53.42  99.75 142956 3423.819   196  272.804 3696.623
       188877.5  43.24   0.00  53.08  53.46  99.75 142964 3424.009   196  272.804 3696.813
Timestamp         S0     S1     E      O      P     YGC     YGCT    FGC    FGCT     GCT   
       188887.5  47.11   0.00  55.67  53.49  99.75 142972 3424.179   196  272.804 3696.982
       188897.5  51.47   0.00  42.24  53.64  99.75 142980 3424.406   196  272.804 3697.210
       188907.5   0.00  60.14  87.61  53.67  99.75 142987 3424.559   196  272.804 3697.363
       188917.5   0.00  77.39  64.52  53.74  99.75 142995 3424.795   196  272.804 3697.599
       188927.5   0.00  37.43  10.17  53.76  99.75 143003 3424.949   196  272.804 3697.753
       188937.5  46.59   0.00  72.24  53.89  99.75 143010 3425.125   196  272.804 3697.929
       188947.5 100.00   0.00  29.13  54.15  99.75 143018 3425.305   196  272.804 3698.108
       188957.5  60.42   0.00   0.00  54.24  99.75 143026 3425.486   196  272.804 3698.289
       188967.5   0.00 100.00  36.81  54.34  99.75 143033 3425.663   196  272.804 3698.467
       188977.5   0.00  77.43  35.06  54.45  99.75 143041 3425.858   196  272.804 3698.662
Timestamp         S0     S1     E      O      P     YGC     YGCT    FGC    FGCT     GCT   
       188987.5   0.00  37.74   9.36  54.47  99.75 143049 3426.037   196  272.804 3698.840
       188997.5  55.98   0.00  81.68  54.60  99.75 143056 3426.252   196  272.804 3699.056
       189007.5  70.40   0.00  27.42  54.61  99.75 143064 3426.430   196  272.804 3699.233
       189017.5   0.00 100.00  95.54  54.66  99.75 143071 3426.580   196  272.804 3699.384
       189027.6   0.00  99.65  85.65  54.70  99.75 143079 3426.769   196  272.804 3699.573
       189037.5   0.00  44.09  17.98  54.71  99.75 143087 3426.987   196  272.804 3699.791
       189047.5  35.96   0.00  75.71  54.77  99.75 143094 3427.128   196  272.804 3699.932
       189057.5  49.19   0.00  23.86  54.85  99.75 143102 3427.314   196  272.804 3700.118
       189067.6   0.00  99.60  99.18  54.87  99.75 143110 3427.487   196  272.804 3700.291
       189077.6   0.00  76.45  89.08  54.99  99.75 143117 3427.709   196  272.804 3700.513
Timestamp         S0     S1     E      O      P     YGC     YGCT    FGC    FGCT     GCT   
       189087.5   0.00  45.94  58.50  55.20  99.75 143125 3427.959   196  272.804 3700.763
       189097.5   0.00  38.25  38.48  55.40  99.75 143133 3428.120   196  272.804 3700.924
       189107.6   0.00  59.50  22.22  55.42  99.75 143141 3428.288   196  272.804 3701.092
       189117.5   0.00  99.61   6.53  55.45  99.75 143149 3428.483   196  272.804 3701.287
       189127.5  86.79   0.00  75.69  55.46  99.75 143156 3428.624   196  272.804 3701.428
       189137.6  62.28   0.00  53.18  55.52  99.75 143164 3428.788   196  272.804 3701.592
       189147.6  68.07   0.00  16.20  55.56  99.75 143172 3428.951   196  272.804 3701.754
       189157.5   0.00  49.71  47.82  55.59  99.75 143179 3429.110   196  272.804 3701.914
       189167.5  48.73   0.00  81.87  55.60  99.75 143186 3429.263   196  272.804 3702.067
       189177.6   0.00   0.00   7.39  17.05  99.75 143194 3429.450   197  273.991 3703.441
Timestamp         S0     S1     E      O      P     YGC     YGCT    FGC    FGCT     GCT   
       189187.6   0.00  99.87  99.46  18.78  99.75 143201 3429.671   197  273.991 3703.663
       189197.5  68.13   0.00   8.72  18.93  99.75 143210 3429.950   197  273.991 3703.941
       189207.6  15.39   0.00  42.68  19.92  99.75 143218 3430.129   197  273.991 3704.120
       189217.6  17.51   0.00  13.49  19.94  99.75 143226 3430.259   197  273.991 3704.250
       189227.5   0.00  28.80  88.06  19.96  99.75 143233 3430.381   197  273.991 3704.372
       189237.6   0.00 100.00  24.88  19.98  99.75 143241 3430.537   197  273.991 3704.528
       189247.6  37.77   0.00  56.77  20.00  99.75 143248 3430.669   197  273.991 3704.660
       189257.6  45.68   0.00  17.49  20.05  99.75 143256 3430.869   197  273.991 3704.860
       189267.6   0.00  54.75  75.10  20.07  99.75 143263 3430.990   197  273.991 3704.981
       189277.6   0.00 100.00  43.05  20.32  99.75 143271 3431.228   197  273.991 3705.220
Timestamp         S0     S1     E      O      P     YGC     YGCT    FGC    FGCT     GCT   
       189287.5  75.58   0.00  78.32  20.33  99.75 143278 3431.470   197  273.991 3705.462
       189297.6  75.95   0.00  67.14  20.68  99.75 143286 3431.682   197  273.991 3705.673
       189307.5  89.49   0.00  43.46  20.70  99.75 143294 3431.878   197  273.991 3705.869
       189317.5  75.29   0.00  46.81  20.74  99.75 143302 3432.096   197  273.991 3706.087
       189327.6  63.10   0.00  49.85  20.80  99.75 143310 3432.324   197  273.991 3706.315
       189337.5  43.17   0.00  24.62  20.87  99.75 143318 3432.465   197  273.991 3706.456
       189347.6   0.00  55.28  96.31  20.89  99.75 143325 3432.587   197  273.991 3706.578
       189357.6   0.00  44.42  35.77  20.91  99.75 143333 3432.788   197  273.991 3706.779
       189367.6  67.09   0.00  68.07  20.93  99.75 143340 3432.937   197  273.991 3706.928
       189377.6  91.93   0.00  16.67  20.97  99.75 143348 3433.097   197  273.991 3707.088
Timestamp         S0     S1     E      O      P     YGC     YGCT    FGC    FGCT     GCT   
       189387.6   0.00  38.02  65.05  20.98  99.75 143355 3433.234   197  273.991 3707.225
       189397.5   0.00  31.36  37.97  21.02  99.75 143363 3433.393   197  273.991 3707.384
       189407.6  65.99   0.00  93.33  21.03  99.75 143370 3433.520   197  273.991 3707.511
       189417.6   0.00  48.68  83.95  21.04  99.75 143377 3433.763   197  273.991 3707.754
       189427.6   0.00  66.04  53.94  21.06  99.75 143385 3433.940   197  273.991 3707.931
       189437.5   0.00  62.23  10.30  21.07  99.75 143393 3434.105   197  273.991 3708.096
       189447.6  85.22   0.00  75.60  21.11  99.75 143400 3434.243   197  273.991 3708.234
       189457.6  53.35   0.00  27.65  21.21  99.75 143408 3434.401   197  273.991 3708.392
       189467.6  55.61   0.00  12.84  21.31  99.75 143416 3434.579   197  273.991 3708.570
       189477.5   0.00  40.82  56.57  21.33  99.75 143423 3434.706   197  273.991 3708.697
Timestamp         S0     S1     E      O      P     YGC     YGCT    FGC    FGCT     GCT   
       189487.6   0.00  47.16   5.15  21.36  99.75 143431 3434.846   197  273.991 3708.837
       189497.6  64.69   0.00  49.47  21.37  99.75 143438 3434.984   197  273.991 3708.975
       189507.6  69.29   0.00  26.34  24.57  99.75 143446 3435.248   197  273.991 3709.239
       189517.6  63.52   0.00  42.85  24.58  99.75 143454 3435.464   197  273.991 3709.455
       189527.6  25.19   0.00  70.04  25.55  99.75 143462 3435.749   197  273.991 3709.740
       189537.6  29.97   0.00  62.35  25.58  99.75 143470 3435.962   197  273.991 3709.954
       189547.5  24.19   0.00  44.98  25.61  99.75 143478 3436.147   197  273.991 3710.139
       189557.6  30.00   0.00  48.88  25.62  99.75 143486 3436.318   197  273.991 3710.309
       189567.6  38.84   0.00  22.27  25.67  99.75 143494 3436.489   197  273.991 3710.480
       189577.6   0.00  53.26  98.08  25.68  99.75 143501 3436.647   197  273.991 3710.638
Timestamp         S0     S1     E      O      P     YGC     YGCT    FGC    FGCT     GCT   
       189587.5   0.00 100.00  92.68  25.77  99.75 143509 3436.850   197  273.991 3710.841
       189597.6   0.00  53.75  61.73  25.81  99.75 143517 3437.051   197  273.991 3711.042
       189607.6   0.00 100.00  54.40  26.07  99.75 143525 3437.215   197  273.991 3711.206
       189617.6   0.00  38.46   7.60  26.11  99.75 143533 3437.370   197  273.991 3711.361
       189627.5  62.24   0.00  91.52  26.13  99.75 143540 3437.504   197  273.991 3711.495
       189637.5  58.77   0.00  66.36  26.14  99.75 143548 3437.663   197  273.991 3711.654
       189647.5  86.48   0.00  62.78  26.22  99.75 143556 3437.859   197  273.991 3711.850
       189657.6  45.85   0.00  10.73  26.23  99.75 143564 3438.025   197  273.991 3712.016
       189667.6   0.00  50.25  72.09  26.26  99.75 143571 3438.151   197  273.991 3712.142
       189677.6   0.00  63.02  33.97  26.31  99.75 143579 3438.304   197  273.991 3712.295
Timestamp         S0     S1     E      O      P     YGC     YGCT    FGC    FGCT     GCT   
       189687.6   0.00  72.04   3.40  26.34  99.75 143587 3438.464   197  273.991 3712.455
       189697.6  68.77   0.00  93.81  26.78  99.75 143594 3438.650   197  273.991 3712.641
       189707.6  63.50   0.00  61.37  26.79  99.75 143602 3438.839   197  273.991 3712.830
       189717.6  80.23   0.00  15.54  27.12  99.75 143610 3439.026   197  273.991 3713.017
       189727.6   0.00  77.38  89.51  27.14  99.75 143617 3439.176   197  273.991 3713.167
       189737.6   0.00  61.92  38.76  27.29  99.75 143625 3439.358   197  273.991 3713.349
       189747.6  49.44   0.00  75.18  27.31  99.75 143632 3439.523   197  273.991 3713.514
       189757.6  60.93   0.00   0.67  27.34  99.75 143640 3439.675   197  273.991 3713.666
       189767.6   0.00  59.94  60.14  27.36  99.75 143647 3439.808   197  273.991 3713.799
       189777.6   0.00  44.59  18.60  27.38  99.75 143655 3439.979   197  273.991 3713.970
Timestamp         S0     S1     E      O      P     YGC     YGCT    FGC    FGCT     GCT   
       189787.6  98.43   0.00  72.70  27.44  99.75 143662 3440.132   197  273.991 3714.123
       189797.6  46.01   0.00  47.24  27.47  99.75 143670 3440.297   197  273.991 3714.288
       189807.6  68.12   0.00  19.93  29.48  99.75 143678 3440.564   197  273.991 3714.555
       189817.6  63.51   0.00  14.78  29.49  99.75 143686 3440.804   197  273.991 3714.795
       189827.6  31.35   0.00  50.57  30.63  99.75 143694 3441.016   197  273.991 3715.007
       189837.6  38.95   0.00  31.32  30.65  99.75 143702 3441.194   197  273.991 3715.185
       189847.6   0.00  46.68  97.31  30.80  99.75 143710 3441.355   197  273.991 3715.346
       189857.6   0.00  44.78  46.09  30.81  99.75 143717 3441.501   197  273.991 3715.492
       189867.6   0.00  63.88  14.82  30.83  99.75 143725 3441.662   197  273.991 3715.653
       189877.6   0.00  66.49   2.39  30.88  99.75 143733 3441.812   197  273.991 3715.803
Timestamp         S0     S1     E      O      P     YGC     YGCT    FGC    FGCT     GCT   
       189887.6  63.43   0.00  76.24  30.92  99.75 143740 3441.956   197  273.991 3715.947
       189897.6   0.00  99.68  82.45  30.95  99.75 143747 3442.090   197  273.991 3716.081
       189907.6   0.00  64.74  59.16  30.97  99.75 143755 3442.240   197  273.991 3716.231
       189917.6   0.00  63.89  24.37  31.00  99.75 143763 3442.399   197  273.991 3716.390
       189927.6   0.00  61.92   0.00  33.11  99.75 143771 3442.621   197  273.991 3716.612
       189937.6  90.20   0.00  81.69  33.15  99.75 143778 3442.803   197  273.991 3716.794
       189947.6  35.28   0.00  43.36  33.74  99.75 143786 3443.009   197  273.991 3717.000
       189957.6  53.80   0.00  16.42  33.80  99.75 143794 3443.191   197  273.991 3717.182
       189967.6   0.00  99.61 100.00  33.81  99.75 143801 3443.339   197  273.991 3717.330
       189977.6   0.00  59.02  40.05  33.89  99.75 143809 3443.600   197  273.991 3717.591
Timestamp         S0     S1     E      O      P     YGC     YGCT    FGC    FGCT     GCT   
       189987.6  59.74   0.00  99.13  33.91  99.75 143817 3443.755   197  273.991 3717.746
       189997.6 100.00   0.00  78.45  35.03  99.75 143824 3443.991   197  273.991 3717.982
       190007.6  62.47   0.00  86.26  35.04  99.75 143832 3444.234   197  273.991 3718.225
       190017.6  65.38   0.00  70.48  35.73  99.75 143840 3444.514   197  273.991 3718.505
       190027.6  29.23   0.00  58.33  35.76  99.75 143848 3444.652   197  273.991 3718.643
       190037.6  46.73   0.00  62.06  35.88  99.75 143856 3444.855   197  273.991 3718.846
       190047.6  56.36   0.00  36.57  35.90  99.75 143864 3445.029   197  273.991 3719.020
       190057.6  84.27   0.00  29.20  35.93  99.75 143872 3445.207   197  273.991 3719.198
       190067.6  60.62   0.00  21.86  35.95  99.75 143880 3445.372   197  273.991 3719.363
       190077.6   0.00  44.56  57.25  36.03  99.75 143887 3445.486   197  273.991 3719.477
Timestamp         S0     S1     E      O      P     YGC     YGCT    FGC    FGCT     GCT   
       190087.6   0.00  55.71  24.38  36.06  99.75 143895 3445.635   197  273.991 3719.626
       190097.6  49.70   0.00  58.80  36.08  99.75 143902 3445.785   197  273.991 3719.776
       190107.6  70.92   0.00  23.92  36.10  99.75 143910 3445.953   197  273.991 3719.944
       190117.6   0.00  70.45  75.82  36.12  99.75 143917 3446.099   197  273.991 3720.090
       190127.6   0.00  65.86  16.68  36.15  99.75 143925 3446.266   197  273.991 3720.257
       190137.6  94.98   0.00  29.22  36.85  99.75 143932 3446.415   197  273.991 3720.406
       190147.6  80.12   0.00   9.96  36.88  99.75 143940 3446.646   197  273.991 3720.637
       190157.6   0.00  31.86  62.27  37.14  99.75 143947 3446.806   197  273.991 3720.797
       190167.6   0.00 100.00  23.09  37.17  99.75 143955 3446.987   197  273.991 3720.978
       190177.6  40.17   0.00  45.98  37.19  99.75 143962 3447.139   197  273.991 3721.130
Timestamp         S0     S1     E      O      P     YGC     YGCT    FGC    FGCT     GCT   
       190187.6  27.60   0.00  13.76  37.21  99.75 143970 3447.349   197  273.991 3721.340
       190197.6   0.00  43.12  45.54  37.22  99.75 143977 3447.493   197  273.991 3721.484
       190207.6   0.00 100.00   3.89  37.24  99.75 143985 3447.660   197  273.991 3721.651
       190217.6  60.58   0.00  84.89  37.34  99.75 143992 3447.841   197  273.991 3721.832
       190227.6  54.57   0.00  74.02  37.38  99.75 144000 3448.006   197  273.991 3721.997
       190237.6  67.94   0.00  82.68  37.49  99.75 144008 3448.182   197  273.991 3722.173
       190247.6  45.92   0.00  52.75  37.51  99.75 144016 3448.336   197  273.991 3722.327
       190257.6   0.00  30.32  83.51  37.59  99.75 144023 3448.503   197  273.991 3722.494
       190267.6   0.00  99.47  44.00  37.60  99.75 144031 3448.690   197  273.991 3722.681
       190277.6  69.23   0.00  72.97  37.63  99.75 144038 3448.847   197  273.991 3722.838
Timestamp         S0     S1     E      O      P     YGC     YGCT    FGC    FGCT     GCT   
       190287.6   0.00  32.53  92.69  37.65  99.75 144045 3448.951   197  273.991 3722.942
       190297.6   0.00 100.00  12.32  37.67  99.75 144053 3449.153   197  273.991 3723.144
       190307.6  77.56   0.00  64.04  37.68  99.75 144060 3449.312   197  273.991 3723.303
       190317.6  64.56   0.00   1.99  37.72  99.75 144068 3449.478   197  273.991 3723.469
       190327.6   0.00  99.51  84.22  37.77  99.75 144075 3449.614   197  273.991 3723.606
       190337.6  63.41   0.00  85.91  37.82  99.75 144082 3449.757   197  273.991 3723.748
       190347.6  79.12   0.00  26.71  37.93  99.75 144090 3449.900   197  273.991 3723.891
       190357.6   0.00  36.42  69.66  37.95  99.75 144097 3450.045   197  273.991 3724.036
       190367.6  93.67   0.00  88.48  37.96  99.75 144104 3450.213   197  273.991 3724.204
       190377.6  89.77   0.00   5.39  38.00  99.75 144112 3450.454   197  273.991 3724.445
Timestamp         S0     S1     E      O      P     YGC     YGCT    FGC    FGCT     GCT   
       190387.6   0.00  70.49  84.27  38.01  99.75 144119 3450.595   197  273.991 3724.586
       190397.6   0.00  72.15  29.03  38.04  99.75 144127 3450.806   197  273.991 3724.797
       190407.6  74.19   0.00  80.48  38.05  99.75 144134 3450.945   197  273.991 3724.936
       190417.6  71.95   0.00  34.62  38.07  99.75 144142 3451.156   197  273.991 3725.147
       190427.6  93.75   0.00   6.82  38.33  99.75 144150 3451.312   197  273.991 3725.303
       190437.6   0.00  46.26  52.55  38.40  99.75 144157 3451.469   197  273.991 3725.460
       190447.6   0.00 100.00  33.58  40.41  99.75 144165 3451.702   197  273.991 3725.693
       190457.6   0.00  65.70  19.63  40.42  99.75 144173 3451.964   197  273.991 3725.955
       190467.6   0.00 100.00  33.29  41.45  99.75 144181 3452.197   197  273.991 3726.188
       190477.6   0.00  22.26  20.60  41.46  99.75 144189 3452.353   197  273.991 3726.344
Timestamp         S0     S1     E      O      P     YGC     YGCT    FGC    FGCT     GCT   
       190487.6   0.00  29.55  25.38  41.48  99.75 144197 3452.562   197  273.991 3726.553
       190497.6  44.83   0.00 100.00  41.50  99.75 144204 3452.714   197  273.991 3726.705
       190507.6  60.26   0.00  83.77  41.65  99.75 144212 3452.883   197  273.991 3726.874
       190517.6  41.36   0.00  28.28  41.66  99.75 144220 3453.071   197  273.991 3727.062
       190527.6   0.00  34.67  28.92  41.68  99.75 144227 3453.190   197  273.991 3727.182
       190537.6   0.00  52.68  20.40  41.69  99.75 144235 3453.368   197  273.991 3727.359
       190547.6  51.97   0.00  96.89  41.71  99.75 144242 3453.525   197  273.991 3727.516
       190557.6  64.85   0.00  44.46  41.76  99.75 144250 3453.695   197  273.991 3727.686
       190567.6   0.00  99.29  98.04  41.78  99.75 144258 3453.861   197  273.991 3727.852
       190577.6   0.00  76.67  62.16  41.83  99.75 144265 3454.027   197  273.991 3728.018
Timestamp         S0     S1     E      O      P     YGC     YGCT    FGC    FGCT     GCT   
       190587.6   0.00 100.00  52.94  42.48  99.75 144273 3454.245   197  273.991 3728.236
       190597.6   0.00  61.76  43.78  42.62  99.75 144281 3454.438   197  273.991 3728.429
       190607.6   0.00  37.20  26.60  42.99  99.75 144289 3454.628   197  273.991 3728.619
       190617.6  88.00   0.00  97.80  43.02  99.75 144297 3454.777   197  273.991 3728.768
       190627.6  58.63   0.00  64.51  43.04  99.75 144304 3454.932   197  273.991 3728.923
       190637.7  56.88   0.00  32.47  43.10  99.75 144312 3455.103   197  273.991 3729.094
       190647.6   0.00  39.51  80.41  43.12  99.75 144319 3455.283   197  273.991 3729.274
       190657.6   0.00  44.35  45.98  43.13  99.75 144327 3455.460   197  273.991 3729.451
       190667.7  51.21   0.00  60.62  43.22  99.75 144334 3455.595   197  273.991 3729.586
       190677.6   0.00  56.38  69.79  43.25  99.75 144341 3455.779   197  273.991 3729.770
Timestamp         S0     S1     E      O      P     YGC     YGCT    FGC    FGCT     GCT   
       190687.7   0.00  99.66  52.75  43.27  99.75 144349 3455.940   197  273.991 3729.931
       190697.6  63.64   0.00  97.01  43.28  99.75 144356 3456.068   197  273.991 3730.059
       190707.6  58.75   0.00  21.99  43.35  99.75 144364 3456.253   197  273.991 3730.244
       190717.6   0.00  64.85  84.29  43.36  99.75 144371 3456.393   197  273.991 3730.384
       190727.7   0.00  62.89  31.86  43.40  99.75 144379 3456.556   197  273.991 3730.547
       190737.7  83.01   0.00  64.09  43.45  99.75 144386 3456.718   197  273.991 3730.709
       190747.7  74.30   0.00  44.78  43.48  99.75 144394 3456.894   197  273.991 3730.885
       190757.6   0.00  81.07  88.70  43.54  99.75 144401 3457.058   197  273.991 3731.049
       190767.7   0.00  49.68  17.37  43.57  99.75 144409 3457.220   197  273.991 3731.211
       190777.6  53.42   0.00  28.85  43.59  99.75 144416 3457.343   197  273.991 3731.334
Timestamp         S0     S1     E      O      P     YGC     YGCT    FGC    FGCT     GCT   
       190787.6   0.00 100.00  84.89  43.60  99.75 144423 3457.504   197  273.991 3731.495
       190797.6   0.00  99.59  55.69  43.62  99.75 144431 3457.697   197  273.991 3731.688
       190807.7   0.00  99.79  12.27  43.88  99.75 144439 3457.954   197  273.991 3731.945
       190817.6  71.79   0.00  80.43  43.98  99.75 144446 3458.170   197  273.991 3732.161
       190827.6  26.32   0.00  16.96  44.49  99.75 144454 3458.370   197  273.991 3732.361
       190837.6   0.00 100.00  47.56  44.51  99.75 144461 3458.491   197  273.991 3732.482
       190847.6   0.00  58.11   0.00  44.52  99.75 144469 3458.682   197  273.991 3732.673
       190857.6  71.14   0.00  52.71  44.56  99.75 144476 3458.855   197  273.991 3732.846
       190867.7   0.00  99.84  96.04  46.41  99.75 144483 3459.034   197  273.991 3733.025
       190877.6  67.00   0.00  16.84  46.46  99.75 144492 3459.272   197  273.991 3733.263
Timestamp         S0     S1     E      O      P     YGC     YGCT    FGC    FGCT     GCT   
       190887.6  30.62   0.00  28.50  47.18  99.75 144500 3459.498   197  273.991 3733.489
       190897.6  25.60   0.00  20.90  47.23  99.75 144508 3459.657   197  273.991 3733.648
       190907.7  66.67   0.00  17.89  47.33  99.75 144516 3459.913   197  273.991 3733.904
       190917.7   0.00  64.69  90.39  47.36  99.75 144523 3460.077   197  273.991 3734.069
       190927.7   0.00  24.54  32.21  47.39  99.75 144531 3460.265   197  273.991 3734.256
       190937.6  41.13   0.00  90.15  47.40  99.75 144538 3460.474   197  273.991 3734.465
       190947.7  43.19   0.00  73.22  47.44  99.75 144546 3460.616   197  273.991 3734.607
       190957.6   0.00  48.50  84.03  47.45  99.75 144553 3460.751   197  273.991 3734.742
       190967.6   0.00  99.24   9.57  47.49  99.75 144561 3460.894   197  273.991 3734.885
       190977.7 100.00   0.00  53.57  50.28  99.75 144568 3461.068   197  273.991 3735.059
Timestamp         S0     S1     E      O      P     YGC     YGCT    FGC    FGCT     GCT   
       190987.6  66.04   0.00  18.42  50.30  99.75 144576 3461.269   197  273.991 3735.260
       190997.7  30.37   0.00   9.68  51.11  99.75 144584 3461.518   197  273.991 3735.509
       191007.7   0.00  20.11  83.80  51.13  99.75 144591 3461.646   197  273.991 3735.637
       191017.6   0.00  63.64  87.25  51.14  99.75 144599 3461.914   197  273.991 3735.905
       191027.7   0.00  99.50  66.35  51.16  99.75 144607 3462.078   197  273.991 3736.069
       191037.6  59.30   0.00  85.40  51.20  99.75 144614 3462.249   197  273.991 3736.240
       191047.7  56.18   0.00  62.06  51.31  99.75 144622 3462.436   197  273.991 3736.427
       191057.7  73.12   0.00  13.15  51.33  99.75 144630 3462.609   197  273.991 3736.600
       191067.7   0.00  41.37  66.19  51.36  99.75 144637 3462.740   197  273.991 3736.731
       191077.7   0.00 100.00  56.01  52.16  99.75 144645 3462.953   197  273.991 3736.944
Timestamp         S0     S1     E      O      P     YGC     YGCT    FGC    FGCT     GCT   
       191087.7   0.00  99.82  58.69  53.33  99.75 144653 3463.210   197  273.991 3737.201
       191097.7   0.00 100.00  44.43  54.30  99.75 144661 3463.621   197  273.991 3737.612
       191107.7   0.00  18.34  28.37  54.31  99.75 144669 3463.807   197  273.991 3737.798
       191117.7  50.66   0.00  89.57  54.38  99.75 144676 3463.950   197  273.991 3737.941
       191127.7  58.63   0.00  62.77  54.44  99.75 144684 3464.132   197  273.991 3738.123
       191137.7   0.00  47.04  84.21  54.46  99.75 144691 3464.287   197  273.991 3738.278
       191147.7   0.00 100.00  24.24  54.54  99.75 144699 3464.456   197  273.991 3738.447
       191157.7  71.70   0.00  49.91  54.55  99.75 144706 3464.601   197  273.991 3738.592
       191167.7  48.99   0.00   8.81  54.59  99.75 144714 3464.763   197  273.991 3738.754
       191177.7   0.00 100.00  82.85  54.63  99.75 144721 3464.923   197  273.991 3738.914
Timestamp         S0     S1     E      O      P     YGC     YGCT    FGC    FGCT     GCT   
       191187.7   0.00 100.00  45.46  55.67  99.75 144729 3465.112   197  273.991 3739.104
       191197.7   0.00  99.84  20.46  55.68  99.75 144737 3465.365   197  273.991 3739.356
       191207.7   0.00 100.00  26.20  56.36  99.75 144745 3465.563   197  273.991 3739.554
       191217.7  54.37   0.00  85.27  56.39  99.75 144752 3465.709   197  273.991 3739.700
       191227.7   0.00  99.82  90.72  56.49  99.75 144759 3466.021   197  273.991 3740.013
       191237.7   0.00  54.23  52.12  56.51  99.75 144767 3466.231   197  273.991 3740.222
       191247.7   0.00  27.35  26.72  56.65  99.75 144775 3466.392   197  273.991 3740.383
       191257.7   0.00  40.08  16.06  56.70  99.75 144783 3466.553   197  273.991 3740.544
       191267.7  71.15   0.00  66.71  56.71  99.75 144790 3466.703   197  273.991 3740.694
       191277.7   0.00  99.74  98.15  56.79  99.75 144797 3466.884   197  273.991 3740.875
Timestamp         S0     S1     E      O      P     YGC     YGCT    FGC    FGCT     GCT   
       191287.7   0.00  36.26  43.02  56.81  99.75 144805 3467.054   197  273.991 3741.045
       191297.7  52.76   0.00  93.27  56.87  99.75 144812 3467.203   197  273.991 3741.194
       191307.7  68.69   0.00  33.23  56.97  99.75 144820 3467.382   197  273.991 3741.373
       191317.7   0.00 100.00  99.78  57.23  99.75 144828 3467.544   197  273.991 3741.535
       191327.7   0.00 100.00  91.94  58.14  99.75 144835 3467.859   197  273.991 3741.850
       191337.7   0.00  38.50  36.38  58.99  99.75 144843 3468.100   197  273.991 3742.091
       191347.7   0.00  15.42   8.48  59.36  99.75 144851 3468.291   197  273.991 3742.282
       191357.7  36.40  34.85 100.00  59.38  99.75 144859 3468.446   197  273.991 3742.437
       191367.7  32.70   0.00  85.13  59.40  99.75 144866 3468.635   197  273.991 3742.626
       191377.7  82.39   0.00  56.83  59.48  99.75 144874 3468.834   197  273.991 3742.825
Timestamp         S0     S1     E      O      P     YGC     YGCT    FGC    FGCT     GCT   
       191387.7  44.42   0.00  26.27  59.55  99.75 144882 3469.003   197  273.991 3742.994
       191397.7   0.00  99.69  87.53  59.57  99.75 144889 3469.215   197  273.991 3743.206
       191407.7   0.00  47.03  76.14  59.58  99.75 144897 3469.360   197  273.991 3743.351
       191417.7   0.00  61.72  44.85  59.63  99.75 144905 3469.542   197  273.991 3743.533
       191427.7   0.00  76.02   5.60  59.65  99.75 144913 3469.753   197  273.991 3743.744
       191437.7  56.54   0.00  92.51  59.66  99.75 144920 3469.902   197  273.991 3743.893
       191447.7  45.38   0.00  35.56  59.75  99.75 144928 3470.108   197  273.991 3744.099
       191457.7  41.08   0.00   0.00  59.82  99.75 144936 3470.294   197  273.991 3744.285
       191467.7   0.00  38.61   7.25  59.84  99.75 144943 3470.440   197  273.991 3744.431
       191477.7  31.14   0.00  27.81  59.93  99.75 144950 3470.593   197  273.991 3744.584
Timestamp         S0     S1     E      O      P     YGC     YGCT    FGC    FGCT     GCT   
       191487.7  53.65   0.00   4.29  59.97  99.75 144958 3470.815   197  273.991 3744.806
       191497.7  74.42   0.00   3.87  60.00  99.75 144966 3470.985   197  273.991 3744.976
       191507.7  85.87   0.00   1.10  60.09  99.75 144974 3471.191   197  273.991 3745.182
       191517.7   0.00  75.68  83.62  60.18  99.75 144981 3471.366   197  273.991 3745.357
       191527.7   0.00  60.98  62.73  60.20  99.75 144989 3471.550   197  273.991 3745.542
       191537.7   0.00  99.66  35.52  60.22  99.75 144997 3471.724   197  273.991 3745.715
       191547.7   0.00  99.74  32.47  60.31  99.75 145005 3471.983   197  273.991 3745.974
       191557.7   0.00  99.58   8.22  60.33  99.75 145013 3472.194   197  273.991 3746.185
       191567.7  37.80   0.00  68.05  60.46  99.75 145020 3472.343   197  273.991 3746.334
       191577.7  39.72   0.00  18.94  60.48  99.75 145028 3472.504   197  273.991 3746.495
Timestamp         S0     S1     E      O      P     YGC     YGCT    FGC    FGCT     GCT   
       191587.7   0.00  73.16  79.33  60.49  99.75 145035 3472.676   197  273.991 3746.667
       191597.7   0.00  74.53  35.70  60.51  99.75 145043 3472.833   197  273.991 3746.824
       191607.7  83.76   0.00  76.22  60.65  99.75 145050 3472.984   197  273.991 3746.975
       191617.7  62.73   0.00  18.05  60.73  99.75 145058 3473.140   197  273.991 3747.131
       191627.7   0.00 100.00  94.94  61.02  99.75 145065 3473.287   197  273.991 3747.278
       191637.7   0.00  99.46  46.79  61.04  99.75 145073 3473.434   197  273.991 3747.425
       191647.7   0.00  99.53   4.64  61.13  99.75 145081 3473.621   197  273.991 3747.612
       191657.7  35.91   0.00  68.37  61.14  99.75 145088 3473.770   197  273.991 3747.761
       191667.7  86.96   0.00   2.58  61.15  99.75 145096 3473.920   197  273.991 3747.911
       191677.7   0.00  41.44  21.62  61.17  99.75 145103 3474.081   197  273.991 3748.072
Timestamp         S0     S1     E      O      P     YGC     YGCT    FGC    FGCT     GCT   
       191687.7  67.98   0.00  93.21  61.19  99.75 145110 3474.228   197  273.991 3748.219
       191697.7  92.56   0.00  23.43  61.22  99.75 145118 3474.406   197  273.991 3748.397
       191707.7  59.73   0.00  17.82  61.33  99.75 145126 3474.601   197  273.991 3748.592
       191717.7   0.00  99.64  73.32  61.34  99.75 145133 3474.760   197  273.991 3748.751
       191727.7   0.00  61.84   9.15  61.42  99.75 145141 3474.937   197  273.991 3748.928
       191737.7  60.17   0.00  59.22  61.53  99.75 145148 3475.086   197  273.991 3749.077
       191747.7  46.11   0.00  29.42  61.59  99.75 145156 3475.254   197  273.991 3749.245
       191757.7   0.00  73.18  73.95  61.63  99.75 145163 3475.398   197  273.991 3749.389
       191767.7   0.00  33.53  14.62  61.69  99.75 145171 3475.545   197  273.991 3749.536
       191777.7  36.47   0.00  66.05  61.70  99.75 145178 3475.696   197  273.991 3749.687
Timestamp         S0     S1     E      O      P     YGC     YGCT    FGC    FGCT     GCT   
       191787.7  38.14   0.00  33.66  61.73  99.75 145186 3475.862   197  273.991 3749.853
       191797.8   0.00  51.37  94.06  61.74  99.75 145193 3476.005   197  273.991 3749.996
       191807.8   0.00  53.04  72.18  61.84  99.75 145201 3476.215   197  273.991 3750.207
       191817.8  70.62   0.00  82.25  61.87  99.75 145208 3476.375   197  273.991 3750.366
       191827.7  31.32   0.00  16.00  61.98  99.75 145216 3476.520   197  273.991 3750.511
       191837.7   0.00  36.53  52.36  62.00  99.75 145223 3476.698   197  273.991 3750.689
       191847.8  80.41   0.00  96.50  62.02  99.75 145230 3476.867   197  273.991 3750.858
       191857.8  82.35   0.00  64.64  62.04  99.75 145238 3477.029   197  273.991 3751.020
       191867.8  47.93   0.00  15.53  62.06  99.75 145246 3477.189   197  273.991 3751.180
       191877.8   0.00  50.00  39.84  62.07  99.75 145253 3477.318   197  273.991 3751.309
Timestamp         S0     S1     E      O      P     YGC     YGCT    FGC    FGCT     GCT   
       191887.8   0.00  99.72  35.16  62.21  99.75 145261 3477.503   197  273.991 3751.494
       191897.8   0.00  72.66  19.52  62.22  99.75 145269 3477.697   197  273.991 3751.688
       191907.8   0.00 100.00   6.05  62.44  99.75 145277 3477.870   197  273.991 3751.861
       191917.8  50.00   0.00  68.07  62.46  99.75 145284 3478.006   197  273.991 3751.997
       191927.8   0.00  57.94  72.31  62.49  99.75 145291 3478.147   197  273.991 3752.138
       191937.8   0.00  43.66  32.56  62.54  99.75 145299 3478.341   197  273.991 3752.332
       191947.8   0.00  54.74  13.35  62.62  99.75 145307 3478.522   197  273.991 3752.513
       191957.8  27.81   0.00  72.16  62.66  99.75 145314 3478.657   197  273.991 3752.648
       191967.8  66.84   0.00  39.28  62.68  99.75 145322 3478.870   197  273.991 3752.861
       191977.8   0.00  74.01  81.32  62.71  99.75 145329 3479.014   197  273.991 3753.005
Timestamp         S0     S1     E      O      P     YGC     YGCT    FGC    FGCT     GCT   
       191987.8   0.00  45.81  16.08  62.72  99.75 145337 3479.195   197  273.991 3753.186
       191997.8  57.32   0.00  16.37  62.83  99.75 145344 3479.374   197  273.991 3753.365
       192007.8   0.00  41.48  79.69  62.84  99.75 145351 3479.524   197  273.991 3753.515
       192017.8  51.56   0.00  90.62  62.91  99.75 145358 3479.669   197  273.991 3753.660
       192027.8  63.97   0.00  43.11  62.95  99.75 145366 3479.866   197  273.991 3753.857
       192037.8   0.00  45.04  78.92  62.98  99.75 145373 3480.006   197  273.991 3753.997
       192047.8   0.00 100.00  45.96  65.67  99.75 145381 3480.228   197  273.991 3754.219
       192057.8  67.86   0.00  90.11  65.68  99.75 145388 3480.472   197  273.991 3754.463
       192067.7   0.00  19.20   8.47  66.84  99.75 145397 3480.751   197  273.991 3754.742
       192077.8   0.00  21.26  52.07  66.89  99.75 145405 3480.901   197  273.991 3754.892
Timestamp         S0     S1     E      O      P     YGC     YGCT    FGC    FGCT     GCT   
       192087.8   0.00  12.07  11.82  66.94  99.75 145413 3481.096   197  273.991 3755.087
       192097.8   0.00  35.99   8.64  66.95  99.75 145421 3481.316   197  273.991 3755.307
       192107.8  25.00   0.00  45.49  66.96  99.75 145428 3481.437   197  273.991 3755.428
       192117.8   0.00  49.44  55.04  66.99  99.75 145435 3481.583   197  273.991 3755.574
       192127.8  74.05   0.00  88.46  67.00  99.75 145442 3481.733   197  273.991 3755.724
       192137.8  64.26   0.00  86.97  69.99  99.75 145450 3481.970   197  273.991 3755.961
       192147.8  55.97   0.00  67.87  70.00  99.75 145458 3482.190   197  273.991 3756.182
       192157.8   0.00 100.00   0.00  71.00  99.75 145467 3482.411   197  273.991 3756.402
       192167.8   0.00  31.53  26.12  71.03  99.75 145475 3482.588   197  273.991 3756.579
       192177.8  78.06   0.00  84.96  71.04  99.75 145482 3482.756   197  273.991 3756.747
Timestamp         S0     S1     E      O      P     YGC     YGCT    FGC    FGCT     GCT   
       192187.8  27.84   0.00  60.07  71.20  99.75 145490 3482.940   197  273.991 3756.931
       192197.8  32.34   0.00  31.98  71.23  99.75 145498 3483.098   197  273.991 3757.089
       192207.8  80.24   0.00  11.91  71.25  99.75 145506 3483.303   197  273.991 3757.294
       192217.8   0.00 100.00  82.84  71.26  99.75 145513 3483.455   197  273.991 3757.446
       192227.8   0.00  38.14  13.91  71.34  99.75 145521 3483.614   197  273.991 3757.605
       192237.8  36.53   0.00  71.44  71.35  99.75 145528 3483.801   197  273.991 3757.792
       192247.8  72.05   0.00  55.55  71.38  99.75 145536 3484.002   197  273.991 3757.993
       192257.8  65.56   0.00  17.58  71.40  99.75 145544 3484.199   197  273.991 3758.190
       192267.8  70.95   0.00  20.03  71.54  99.75 145552 3484.421   197  273.991 3758.412
       192277.8  45.41   0.00   3.42  71.59  99.75 145560 3484.606   197  273.991 3758.597
Timestamp         S0     S1     E      O      P     YGC     YGCT    FGC    FGCT     GCT   
       192287.8   0.00  67.13  38.96  72.30  99.75 145567 3484.884   197  273.991 3758.875
       192297.8   0.00  73.33  20.95  72.35  99.75 145575 3485.086   197  273.991 3759.077
       192307.8   0.00  33.86  14.80  72.82  99.75 145583 3485.318   197  273.991 3759.309
       192317.8   0.00  56.37   7.25  72.84  99.75 145591 3485.500   197  273.991 3759.491
       192327.8   0.00  41.92   5.01  72.86  99.75 145599 3485.708   197  273.991 3759.699
       192337.8  76.33   0.00  82.05  72.93  99.75 145606 3485.950   197  273.991 3759.941
       192347.8  97.35   0.00  74.23  72.95  99.75 145614 3486.140   197  273.991 3760.131
       192357.8  40.35   0.00  32.52  72.98  99.75 145622 3486.336   197  273.991 3760.327
       192367.8  54.25   0.00  21.55  73.01  99.75 145630 3486.537   197  273.991 3760.528
       192377.8   0.00  65.21  97.28  73.05  99.75 145637 3486.706   197  273.991 3760.697
Timestamp         S0     S1     E      O      P     YGC     YGCT    FGC    FGCT     GCT   
       192387.8   0.00  55.03  39.54  73.13  99.75 145645 3486.902   197  273.991 3760.893
       192397.8   0.00  56.49   0.00  73.16  99.75 145653 3487.099   197  273.991 3761.090
       192407.8  52.48   0.00  24.07  73.18  99.75 145660 3487.238   197  273.991 3761.229
       192417.8   0.00  37.72  82.80  73.23  99.75 145667 3487.381   197  273.991 3761.372
       192427.8   0.00  69.47  69.95  73.25  99.75 145675 3487.592   197  273.991 3761.583
       192437.8  47.44   0.00 100.00  73.27  99.75 145682 3487.745   197  273.991 3761.736
       192447.8  54.44   0.00  47.94  73.38  99.75 145690 3487.901   197  273.991 3761.892
       192457.8   0.00  45.92  95.48  73.42  99.75 145697 3488.062   197  273.991 3762.053
       192467.8   0.00 100.00  72.37  73.48  99.75 145705 3488.307   197  273.991 3762.298
       192477.8   0.00  45.88  39.09  73.61  99.75 145713 3488.508   197  273.991 3762.499
Timestamp         S0     S1     E      O      P     YGC     YGCT    FGC    FGCT     GCT   
       192487.8   0.00  60.60   7.80  73.73  99.75 145721 3488.674   197  273.991 3762.665
       192497.8   0.00 100.00   6.37  73.79  99.75 145729 3488.837   197  273.991 3762.828
       192507.8  53.89   0.00  62.99  73.81  99.75 145736 3488.983   197  273.991 3762.974
       192517.8  58.28   0.00  27.81  73.85  99.75 145744 3489.167   197  273.991 3763.158
       192527.8   0.00  73.17  55.29  73.87  99.75 145751 3489.308   197  273.991 3763.299
       192537.8  88.04   0.00  96.68  73.91  99.75 145758 3489.470   197  273.991 3763.461
       192547.8 100.00   0.00  40.66  73.98  99.75 145766 3489.730   197  273.991 3763.721
       192557.8  63.39   0.00   1.67  74.08  99.75 145774 3489.959   197  273.991 3763.950
       192567.8   0.00  41.32  47.43  74.10  99.75 145781 3490.097   197  273.991 3764.088
       192577.8  84.02   0.00  84.99  74.12  99.75 145788 3490.293   197  273.991 3764.284
Timestamp         S0     S1     E      O      P     YGC     YGCT    FGC    FGCT     GCT   
       192587.8  68.23   0.00  40.83  74.14  99.75 145796 3490.498   197  273.991 3764.489
       192597.8   0.00  46.43  70.88  74.18  99.75 145803 3490.673   197  273.991 3764.664
       192607.8   0.00 100.00  44.63  74.27  99.75 145811 3490.850   197  273.991 3764.841
       192617.8   0.00 100.00  13.48  74.29  99.75 145819 3491.033   197  273.991 3765.024
       192627.8  65.71   0.00  89.99  74.31  99.75 145826 3491.173   197  273.991 3765.164
       192637.8  61.94   0.00  34.83  74.33  99.75 145834 3491.364   197  273.991 3765.355
       192647.8   0.00  75.00  69.54  74.34  99.75 145841 3491.500   197  273.991 3765.491
       192657.8   0.00  60.10  40.49  74.45  99.75 145849 3491.678   197  273.991 3765.669
       192667.8   0.00 100.00  34.56  74.52  99.75 145857 3491.855   197  273.991 3765.846
       192677.8  41.01   0.00  90.85  74.56  99.75 145864 3492.042   197  273.991 3766.033
Timestamp         S0     S1     E      O      P     YGC     YGCT    FGC    FGCT     GCT   
       192687.8  57.55   0.00  45.64  74.65  99.75 145872 3492.220   197  273.991 3766.211
       192697.8  29.82  99.32 100.00  74.68  99.75 145880 3492.439   197  273.991 3766.430
       192707.8   0.00  50.35  65.40  74.70  99.75 145887 3492.598   197  273.991 3766.589
       192717.8   0.00  99.86  30.93  76.78  99.75 145895 3492.888   197  273.991 3766.879
       192727.8   0.00 100.00  65.46  76.78  99.75 145903 3493.162   197  273.991 3767.153
       192737.8   0.00  99.57  62.81  78.15  99.75 145911 3493.403   197  273.991 3767.394
       192747.8   0.00  15.28  53.12  78.22  99.75 145919 3493.568   197  273.991 3767.559
       192757.8   0.00  36.28  41.84  78.24  99.75 145927 3493.777   197  273.991 3767.768
       192767.8  41.17   0.00  94.93  78.26  99.75 145934 3493.939   197  273.991 3767.931
       192777.8   0.00  15.85   0.00  78.44  99.75 145943 3494.156   198  273.991 3768.147
Timestamp         S0     S1     E      O      P     YGC     YGCT    FGC    FGCT     GCT   
       192787.8  70.07   0.00  26.31  17.50  99.75 145950 3494.347   198  275.248 3769.595
       192797.8  59.66   0.00  20.35  17.50  99.75 145958 3494.590   198  275.248 3769.837
       192807.8  22.42   0.00   3.02  17.91  99.75 145966 3494.766   198  275.248 3770.014
       192817.8   0.00  38.45  66.74  17.97  99.75 145973 3494.886   198  275.248 3770.134
       192827.8  43.62   0.00  92.25  17.98  99.75 145980 3494.989   198  275.248 3770.237
       192837.8  50.35   0.00  10.33  18.00  99.75 145988 3495.146   198  275.248 3770.394
       192847.8   0.00  39.68  90.05  18.01  99.75 145995 3495.352   198  275.248 3770.600
       192857.8   0.00 100.00  56.23  18.03  99.75 146003 3495.491   198  275.248 3770.738
       192867.8   0.00  42.50   9.88  18.12  99.75 146011 3495.644   198  275.248 3770.892
       192877.8  61.90   0.00  53.53  18.15  99.75 146018 3495.777   198  275.248 3771.025
Timestamp         S0     S1     E      O      P     YGC     YGCT    FGC    FGCT     GCT   
       192887.8  47.73   0.00  16.94  18.17  99.75 146026 3495.929   198  275.248 3771.176
       192897.8   0.00  75.71  49.96  18.22  99.75 146033 3496.086   198  275.248 3771.334
       192907.8   0.00 100.00   3.42  18.25  99.75 146041 3496.260   198  275.248 3771.508
       192917.8  43.60   0.00  44.91  18.26  99.75 146048 3496.437   198  275.248 3771.685
       192927.8  41.21   0.00   0.99  18.29  99.75 146056 3496.593   198  275.248 3771.840
       192937.8   0.00  61.87  67.56  18.31  99.75 146063 3496.786   198  275.248 3772.034
       192947.8   0.00  44.50  29.64  18.34  99.75 146071 3496.962   198  275.248 3772.209
       192957.8  55.38   0.00  55.71  18.41  99.75 146078 3497.136   198  275.248 3772.384
       192967.8   0.00  38.96  96.28  18.47  99.75 146085 3497.285   198  275.248 3772.532
       192977.8   0.00  57.38  28.92  18.49  99.75 146093 3497.415   198  275.248 3772.663
Timestamp         S0     S1     E      O      P     YGC     YGCT    FGC    FGCT     GCT   
       192987.8  87.50   0.00  94.80  18.50  99.75 146100 3497.584   198  275.248 3772.831
       192997.8  60.54   0.00  97.53  20.91  99.75 146108 3497.801   198  275.248 3773.048
       193007.8   0.00  57.62  25.65  20.93  99.75 146117 3498.133   198  275.248 3773.381
       193017.8   0.00  31.51  18.81  21.93  99.75 146125 3498.335   198  275.248 3773.582
       193027.8   0.00  26.91  11.54  21.95  99.75 146133 3498.504   198  275.248 3773.751
       193037.8  27.18   0.00  61.05  22.00  99.75 146140 3498.649   198  275.248 3773.897
       193047.8   0.00  47.93  97.31  22.02  99.75 146148 3498.783   198  275.248 3774.030
       193057.8   0.00  36.03  20.25  22.03  99.75 146155 3498.930   198  275.248 3774.177
       193067.8  73.53   0.00  74.00  22.05  99.75 146162 3499.071   198  275.248 3774.319
       193077.9  53.14   0.00   7.29  22.09  99.75 146170 3499.218   198  275.248 3774.466
Timestamp         S0     S1     E      O      P     YGC     YGCT    FGC    FGCT     GCT   
       193087.8   0.00  62.59  53.19  22.12  99.75 146177 3499.371   198  275.248 3774.618
       193097.9   0.00  56.25   2.28  22.15  99.75 146185 3499.503   198  275.248 3774.751
       193107.8 100.00   0.00  76.27  24.54  99.75 146192 3499.700   198  275.248 3774.947
       193117.8  67.03   0.00  90.92  24.55  99.75 146200 3499.948   198  275.248 3775.195
       193127.8   0.00  99.39   6.61  25.77  99.75 146209 3500.193   198  275.248 3775.441
       193137.8   0.00  22.20  18.67  25.79  99.75 146217 3500.347   198  275.248 3775.594
       193147.8   0.00  41.29  17.38  25.84  99.75 146225 3500.535   198  275.248 3775.782
       193157.9   0.00  58.86  27.46  25.87  99.75 146233 3500.710   198  275.248 3775.958
       193167.9  46.26   0.00  69.53  25.89  99.75 146240 3500.853   198  275.248 3776.101
       193177.8   0.00  43.59  93.27  25.93  99.75 146247 3500.977   198  275.248 3776.225
Timestamp         S0     S1     E      O      P     YGC     YGCT    FGC    FGCT     GCT   
       193187.9   0.00  43.19  66.58  26.02  99.75 146255 3501.142   198  275.248 3776.390
       193197.8   0.00 100.00  30.13  26.03  99.75 146263 3501.423   198  275.248 3776.670
       193207.8   0.00  99.76  40.78  26.12  99.75 146271 3501.594   198  275.248 3776.842
       193217.8   0.00  44.37  18.67  26.21  99.75 146279 3501.752   198  275.248 3776.999
       193227.9   0.00  58.39   1.52  26.27  99.75 146287 3501.962   198  275.248 3777.209
       193237.9  42.14   0.00  87.88  26.29  99.75 146294 3502.105   198  275.248 3777.352
       193247.8  31.42   0.00  55.19  26.41  99.75 146302 3502.319   198  275.248 3777.566
       193257.9   0.00  69.70  93.72  26.42  99.75 146309 3502.476   198  275.248 3777.724
       193267.9   0.00  49.28  62.71  26.44  99.75 146317 3502.627   198  275.248 3777.874
       193277.9  25.91   0.00  70.47  26.45  99.75 146324 3502.756   198  275.248 3778.003
Timestamp         S0     S1     E      O      P     YGC     YGCT    FGC    FGCT     GCT   
       193287.9  64.54   0.00  44.67  26.47  99.75 146332 3502.922   198  275.248 3778.170
       193297.9  60.91   0.00   4.78  26.50  99.75 146340 3503.271   198  275.248 3778.519
       193307.9   0.00  30.83  48.66  26.53  99.75 146347 3503.401   198  275.248 3778.649
       193317.9  68.50   0.00  76.33  26.57  99.75 146354 3503.601   198  275.248 3778.849
       193327.9  77.88   0.00  10.96  26.58  99.75 146362 3503.748   198  275.248 3778.996
       193337.9   0.00 100.00  91.96  27.30  99.75 146369 3503.914   198  275.248 3779.162
       193347.9   0.00  60.78  70.64  29.87  99.75 146377 3504.188   198  275.248 3779.435
       193357.9   0.00  39.26  86.98  30.55  99.75 146385 3504.449   198  275.248 3779.697
       193367.9  23.04   0.00  17.87  31.06  99.75 146394 3504.685   198  275.248 3779.933
       193377.9  26.76   0.00  25.54  31.07  99.75 146402 3504.848   198  275.248 3780.096
Timestamp         S0     S1     E      O      P     YGC     YGCT    FGC    FGCT     GCT   
       193387.9  29.86   0.00  39.57  31.10  99.75 146410 3505.019   198  275.248 3780.267
       193397.9   0.00  31.42  58.78  31.17  99.75 146417 3505.158   198  275.248 3780.405
       193407.9  58.81   0.00  74.51  31.19  99.75 146424 3505.296   198  275.248 3780.544
       193417.9  51.23   0.00  18.84  31.20  99.75 146432 3505.470   198  275.248 3780.717
       193427.9   0.00 100.00  71.88  31.22  99.75 146439 3505.625   198  275.248 3780.872
       193437.9   0.00  99.62  27.36  31.28  99.75 146447 3505.782   198  275.248 3781.029
       193447.9  46.47   0.00  84.61  31.36  99.75 146454 3505.922   198  275.248 3781.169
       193457.9  79.17   0.00  63.73  31.46  99.75 146462 3506.092   198  275.248 3781.340
       193467.9  54.40   0.00  27.84  31.56  99.75 146470 3506.259   198  275.248 3781.507
       193477.9   0.00  46.45  90.65  31.60  99.75 146477 3506.395   198  275.248 3781.643
Timestamp         S0     S1     E      O      P     YGC     YGCT    FGC    FGCT     GCT   
       193487.9   0.00  77.22   9.79  31.70  99.75 146485 3506.558   198  275.248 3781.805
       193497.9  83.06   0.00  45.73  31.72  99.75 146492 3506.697   198  275.248 3781.945
       193507.9   0.00  55.45  76.10  31.73  99.75 146499 3506.864   198  275.248 3782.112
       193517.9   0.00  67.93  48.57  31.89  99.75 146507 3507.016   198  275.248 3782.264
       193527.9   0.00  51.37  31.83  31.90  99.75 146515 3507.184   198  275.248 3782.432
       193537.9   0.00  73.15  14.44  32.01  99.75 146523 3507.376   198  275.248 3782.624
       193547.9   0.00  56.78  11.35  32.06  99.75 146531 3507.539   198  275.248 3782.787
       193557.9   0.00  74.18   5.33  32.16  99.75 146539 3507.747   198  275.248 3782.994
       193567.9   0.00  72.45  16.73  32.25  99.75 146547 3508.008   198  275.248 3783.256
       193577.9  42.78   0.00  94.13  32.36  99.75 146554 3508.150   198  275.248 3783.398
Timestamp         S0     S1     E      O      P     YGC     YGCT    FGC    FGCT     GCT   
       193587.9  61.67   0.00  68.90  32.42  99.75 146562 3508.309   198  275.248 3783.556
       193597.9  56.28   0.00  61.65  32.45  99.75 146570 3508.475   198  275.248 3783.722
       193607.9  66.87   0.00  18.84  32.47  99.75 146578 3508.679   198  275.248 3783.926
       193617.9  84.52   0.00   8.76  32.49  99.75 146586 3508.866   198  275.248 3784.114
       193627.9   0.00  99.26  77.63  32.50  99.75 146593 3509.027   198  275.248 3784.275
       193637.9   0.00  42.94  34.54  32.54  99.75 146601 3509.180   198  275.248 3784.428
       193647.9  34.55  40.98 100.00  32.57  99.75 146609 3509.316   198  275.248 3784.564
       193657.9   0.00  47.56   0.00  32.59  99.75 146617 3509.594   198  275.248 3784.841
       193667.9  68.56   0.00  90.88  32.60  99.75 146624 3509.737   198  275.248 3784.984
       193677.9  78.34   0.00  55.51  32.69  99.75 146632 3509.965   198  275.248 3785.212
Timestamp         S0     S1     E      O      P     YGC     YGCT    FGC    FGCT     GCT   
       193687.9  57.26   0.00  48.04  32.72  99.75 146640 3510.139   198  275.248 3785.387
       193697.9   0.00  47.22  88.77  32.74  99.75 146647 3510.293   198  275.248 3785.541
       193707.9   0.00  40.38  23.94  32.87  99.75 146655 3510.459   198  275.248 3785.706
       193717.9   0.00 100.00   1.21  32.91  99.75 146663 3510.625   198  275.248 3785.872
       193727.9  78.81   0.00  90.96  32.92  99.75 146670 3510.781   198  275.248 3786.028
       193737.9 100.00   0.00  55.89  34.96  99.75 146678 3510.979   198  275.248 3786.226
       193747.9  67.89   0.00  72.21  34.96  99.75 146686 3511.225   198  275.248 3786.473
       193757.9  22.51   0.00  78.16  35.97  99.75 146694 3511.471   198  275.248 3786.718
       193767.9  57.47   0.00  99.09  36.02  99.75 146702 3511.660   198  275.248 3786.907
       193777.9   0.00  40.66   6.65  36.10  99.75 146711 3511.851   198  275.248 3787.099
Timestamp         S0     S1     E      O      P     YGC     YGCT    FGC    FGCT     GCT   
       193787.9   0.00  59.17   5.98  36.18  99.75 146719 3512.026   198  275.248 3787.273
       193797.9  53.64   0.00  33.79  36.23  99.75 146726 3512.191   198  275.248 3787.439
       193807.9  48.04   0.00   2.35  36.26  99.75 146734 3512.346   198  275.248 3787.594
       193817.9   0.00  72.70  36.57  36.28  99.75 146741 3512.492   198  275.248 3787.739
       193827.9  41.10   0.00  67.97  36.29  99.75 146748 3512.641   198  275.248 3787.888
       193837.9 100.00   0.00  16.09  36.35  99.75 146756 3512.822   198  275.248 3788.070
       193847.9   0.00  99.78  64.82  37.42  99.75 146763 3512.977   198  275.248 3788.225
       193857.9   0.00 100.00  27.12  37.45  99.75 146771 3513.224   198  275.248 3788.472
       193867.9   0.00  99.28   3.80  38.21  99.75 146779 3513.447   198  275.248 3788.694
       193877.9  30.65   0.00  70.86  38.24  99.75 146786 3513.583   198  275.248 3788.830
Timestamp         S0     S1     E      O      P     YGC     YGCT    FGC    FGCT     GCT   
       193887.9  23.22   0.00   8.11  38.26  99.75 146794 3513.713   198  275.248 3788.960
       193897.9   0.00  45.45  37.99  38.27  99.75 146801 3513.847   198  275.248 3789.095
       193907.9  82.61   0.00  86.61  38.28  99.75 146808 3514.008   198  275.248 3789.256
       193917.9  46.49   0.00   7.30  38.30  99.75 146816 3514.174   198  275.248 3789.422
       193927.9   0.00  52.00  52.50  38.32  99.75 146823 3514.310   198  275.248 3789.558
       193937.9  60.00   0.00  73.79  38.43  99.75 146830 3514.479   198  275.248 3789.726
       193947.9  86.28   0.00   2.79  38.46  99.75 146838 3514.622   198  275.248 3789.870
       193957.9   0.00  57.62  60.94  38.46  99.75 146845 3514.806   198  275.248 3790.054
       193967.9   0.00 100.00  39.68  38.75  99.75 146853 3514.999   198  275.248 3790.247
       193977.9  82.61   0.00  79.50  38.78  99.75 146860 3515.180   198  275.248 3790.427
Timestamp         S0     S1     E      O      P     YGC     YGCT    FGC    FGCT     GCT   
       193987.9  46.83   0.00  59.70  39.11  99.75 146868 3515.353   198  275.248 3790.601
       193997.9  87.76   0.00  47.89  39.22  99.75 146876 3515.519   198  275.248 3790.766
       194008.0  50.42   0.00  27.91  39.27  99.75 146884 3515.699   198  275.248 3790.947
       194017.9  36.73   0.00   1.83  39.35  99.75 146892 3515.887   198  275.248 3791.135
       194027.9   0.00  79.79  66.08  39.38  99.75 146899 3516.043   198  275.248 3791.290
       194037.9   0.00 100.00  60.29  40.15  99.75 146907 3516.265   198  275.248 3791.512
       194048.0   0.00  52.29  44.56  40.22  99.75 146915 3516.454   198  275.248 3791.702
       194057.9   0.00  32.11  42.13  40.70  99.75 146923 3516.655   198  275.248 3791.903
       194068.0  34.24   0.00  90.09  40.72  99.75 146930 3516.813   198  275.248 3792.060
       194078.0  47.30   0.00  80.48  40.75  99.75 146938 3516.991   198  275.248 3792.238
Timestamp         S0     S1     E      O      P     YGC     YGCT    FGC    FGCT     GCT   
       194088.0  62.37   0.00  45.27  40.77  99.75 146946 3517.214   198  275.248 3792.462
       194098.0  69.05   0.00   7.60  40.78  99.75 146954 3517.372   198  275.248 3792.619
       194108.0   0.00 100.00  79.96  41.85  99.75 146961 3517.533   198  275.248 3792.781
       194117.9   0.00  67.42  83.89  41.87  99.75 146969 3517.778   198  275.248 3793.025
       194128.0   0.00 100.00  68.50  42.51  99.75 146977 3517.968   198  275.248 3793.216
       194138.0   0.00  61.58  43.20  42.56  99.75 146985 3518.118   198  275.248 3793.365
       194148.0   0.00 100.00  47.55  42.58  99.75 146993 3518.323   198  275.248 3793.570
       194158.0  60.36  70.93 100.00  42.63  99.75 147001 3518.466   198  275.248 3793.713
       194168.0  50.51   0.00  59.86  42.64  99.75 147008 3518.657   198  275.248 3793.905
       194178.0   0.00  99.44  44.03  42.74  99.75 147017 3518.857   198  275.248 3794.104
Timestamp         S0     S1     E      O      P     YGC     YGCT    FGC    FGCT     GCT   
       194188.0  41.19   0.00  93.75  42.76  99.75 147024 3519.026   198  275.248 3794.273
       194198.0   0.00  50.90  99.98  42.76  99.75 147032 3519.139   198  275.248 3794.387
       194208.0   0.00  79.51  47.95  42.81  99.75 147039 3519.265   198  275.248 3794.512
       194218.0   0.00  88.67   6.80  42.83  99.75 147047 3519.523   198  275.248 3794.771
       194228.0  53.99   0.00  52.50  42.84  99.75 147054 3519.676   198  275.248 3794.924
       194238.0  89.23   0.00  17.26  42.95  99.75 147062 3519.849   198  275.248 3795.097
       194248.0   0.00  30.51  86.37  42.99  99.75 147069 3519.983   198  275.248 3795.231
       194258.0   0.00  49.56 100.00  43.07  99.75 147078 3520.166   198  275.248 3795.414
       194268.0  39.38   0.00  10.20  43.12  99.75 147086 3520.405   198  275.248 3795.652
       194278.0   0.00  60.05  57.28  43.27  99.75 147093 3520.568   198  275.248 3795.815
Timestamp         S0     S1     E      O      P     YGC     YGCT    FGC    FGCT     GCT   
       194288.0   0.00 100.00  36.33  43.29  99.75 147101 3520.728   198  275.248 3795.976
       194298.0   0.00 100.00  15.98  43.30  99.75 147109 3520.912   198  275.248 3796.160
       194308.0  83.99  80.42 100.00  43.39  99.75 147117 3521.110   198  275.248 3796.357
       194318.0   0.00  99.87  33.56  47.20  99.75 147125 3521.468   198  275.248 3796.716
       194328.0   0.00  35.84  43.41  48.14  99.75 147133 3521.733   198  275.248 3796.981
       194338.0   0.00  21.61  45.60  48.61  99.75 147141 3521.918   198  275.248 3797.165
       194348.0   0.00  20.28  36.23  48.63  99.75 147149 3522.108   198  275.248 3797.356
       194358.0   0.00  39.44  41.94  48.67  99.75 147157 3522.285   198  275.248 3797.533
       194368.0   0.00  99.73  27.46  48.70  99.75 147165 3522.515   198  275.248 3797.762
       194378.0  35.37   0.00 100.00  48.76  99.75 147173 3522.653   198  275.248 3797.901
Timestamp         S0     S1     E      O      P     YGC     YGCT    FGC    FGCT     GCT   
       194388.0  47.21   0.00  73.15  48.83  99.75 147180 3522.827   198  275.248 3798.075
       194398.1  75.99   0.00  30.73  48.85  99.75 147188 3523.066   198  275.248 3798.314
       194408.1   0.00  99.81  98.57  49.59  99.75 147195 3523.261   198  275.248 3798.509
       194418.1   0.00  70.03  72.14  49.60  99.75 147203 3523.471   198  275.248 3798.719
       194428.0   0.00  99.58  91.75  50.34  99.75 147211 3523.652   198  275.248 3798.900
       194438.1  25.43   0.00   4.82  50.36  99.75 147220 3523.827   198  275.248 3799.074
       194448.0   0.00  48.15  69.85  50.38  99.75 147227 3523.974   198  275.248 3799.222
       194458.1   0.00 100.00  19.31  50.40  99.75 147235 3524.139   198  275.248 3799.386
       194468.1  34.88   0.00  98.21  50.42  99.75 147242 3524.277   198  275.248 3799.524
       194478.1  77.37   0.00  79.59  50.49  99.75 147250 3524.452   198  275.248 3799.700
Timestamp         S0     S1     E      O      P     YGC     YGCT    FGC    FGCT     GCT   
       194488.1  70.80   0.00  50.63  52.60  99.75 147258 3524.704   198  275.248 3799.952
       194498.1  63.29   0.00  52.71  52.61  99.75 147266 3524.971   198  275.248 3800.218
       194508.1  18.80   0.00  36.48  53.99  99.75 147274 3525.189   198  275.248 3800.436
       194518.1  13.99   0.00  41.82  54.02  99.75 147282 3525.407   198  275.248 3800.654
       194528.1  44.51   0.00  29.20  54.04  99.75 147290 3525.569   198  275.248 3800.817
       194538.1  77.11   0.00  23.32  54.08  99.75 147298 3525.740   198  275.248 3800.987
       194548.1   0.00  40.85  92.76  54.10  99.75 147305 3525.925   198  275.248 3801.173
       194558.1   0.00  53.85  30.55  54.11  99.75 147313 3526.087   198  275.248 3801.335
       194568.1   0.00  36.27   5.23  54.22  99.75 147321 3526.248   198  275.248 3801.496
       194578.1  44.44   0.00  51.31  54.23  99.75 147328 3526.395   198  275.248 3801.643
Timestamp         S0     S1     E      O      P     YGC     YGCT    FGC    FGCT     GCT   
       194588.1 100.00   0.00  18.13  54.38  99.75 147336 3526.606   198  275.248 3801.853
       194598.1  68.36   0.00  12.01  55.35  99.75 147344 3526.834   198  275.248 3802.081
       194608.1   0.00  82.05  88.71  55.44  99.75 147351 3527.020   198  275.248 3802.267
       194618.1   0.00  20.95  67.21  56.11  99.75 147359 3527.181   198  275.248 3802.429
       194628.1   0.00  35.83  15.23  56.12  99.75 147367 3527.366   198  275.248 3802.613
       194638.1  42.49   0.00  81.93  56.16  99.75 147374 3527.598   198  275.248 3802.845
       194648.1  66.37   0.00  53.91  56.18  99.75 147382 3527.764   198  275.248 3803.012
       194658.1  67.39   0.00  28.44  56.28  99.75 147390 3527.968   198  275.248 3803.215
       194668.1   0.00  99.64  69.50  56.32  99.75 147397 3528.125   198  275.248 3803.372
       194678.1   0.00  43.54  45.87  56.41  99.75 147405 3528.352   198  275.248 3803.600
Timestamp         S0     S1     E      O      P     YGC     YGCT    FGC    FGCT     GCT   
       194688.1   0.00  68.75  24.24  56.44  99.75 147413 3528.580   198  275.248 3803.828
       194698.1  55.88   0.00  90.20  56.46  99.75 147420 3528.727   198  275.248 3803.974
       194708.1  86.96   0.00  57.41  56.49  99.75 147428 3528.903   198  275.248 3804.151
       194718.1  75.00   0.00  32.96  56.52  99.75 147436 3529.063   198  275.248 3804.311
       194728.1   0.00  50.93  96.94  56.54  99.75 147443 3529.195   198  275.248 3804.443
       194738.1   0.00  82.32  72.75  56.57  99.75 147451 3529.403   198  275.248 3804.650
       194748.1   0.00  99.30  12.49  56.59  99.75 147459 3529.557   198  275.248 3804.804
       194758.1  51.66   0.00  44.45  56.64  99.75 147466 3529.702   198  275.248 3804.950
       194768.1  78.87   0.00  17.31  58.72  99.75 147474 3529.914   198  275.248 3805.161
       194778.1  69.39   0.00  40.95  58.73  99.75 147482 3530.229   198  275.248 3805.476
Timestamp         S0     S1     E      O      P     YGC     YGCT    FGC    FGCT     GCT   
       194788.1  13.00   0.00  22.57  59.65  99.75 147490 3530.512   198  275.248 3805.760
       194798.1  21.97   0.00   5.57  59.67  99.75 147498 3530.662   198  275.248 3805.909
       194808.1   0.00  21.04  55.51  59.69  99.75 147505 3530.783   198  275.248 3806.031
       194818.1   0.00 100.00  19.44  59.71  99.75 147513 3530.962   198  275.248 3806.209
       194828.1   0.00 100.00   6.96  59.74  99.75 147521 3531.155   198  275.248 3806.403
       194838.1  38.08   0.00  79.00  59.83  99.75 147528 3531.284   198  275.248 3806.531
       194848.1  63.53   0.00  53.29  59.92  99.75 147536 3531.441   198  275.248 3806.688
       194858.1  38.79   0.00   3.44  59.95  99.75 147544 3531.635   198  275.248 3806.882
       194868.1   0.00  82.67  38.61  59.96  99.75 147551 3531.770   198  275.248 3807.017
       194878.1  96.15   0.00  79.94  60.02  99.75 147558 3531.940   198  275.248 3807.188
Timestamp         S0     S1     E      O      P     YGC     YGCT    FGC    FGCT     GCT   
       194888.1  51.14   0.00  11.56  60.03  99.75 147566 3532.189   198  275.248 3807.437
       194898.1   0.00 100.00  59.83  60.18  99.75 147573 3532.325   198  275.248 3807.573
       194908.1  63.35   0.00  97.68  60.21  99.75 147581 3532.475   198  275.248 3807.722
       194918.1  76.43   0.00  81.83  60.24  99.75 147588 3532.674   198  275.248 3807.921
       194928.1  46.74   0.00  42.35  60.26  99.75 147596 3532.826   198  275.248 3808.074
       194938.1   0.00  37.50  88.03  60.35  99.75 147603 3532.961   198  275.248 3808.209
       194948.1   0.00  51.86  69.56  60.41  99.75 147611 3533.134   198  275.248 3808.382
       194958.1   0.00  53.22  44.16  60.43  99.75 147619 3533.325   198  275.248 3808.572
       194968.1   0.00  53.79   4.50  60.47  99.75 147627 3533.503   198  275.248 3808.750
       194978.1  54.57   0.00  99.70  60.50  99.75 147635 3533.642   198  275.248 3808.890
Timestamp         S0     S1     E      O      P     YGC     YGCT    FGC    FGCT     GCT   
       194988.1 100.00   0.00  79.37  60.61  99.75 147642 3533.879   198  275.248 3809.127
       194998.2  45.12   0.00  51.58  60.64  99.75 147650 3534.077   198  275.248 3809.325
       195008.2  51.79   0.00  22.23  60.79  99.75 147658 3534.253   198  275.248 3809.500
       195018.2   0.00  92.16  75.73  60.81  99.75 147665 3534.385   198  275.248 3809.633
       195028.2  66.12   0.00  97.34  60.84  99.75 147672 3534.547   198  275.248 3809.794
       195038.2  84.39   0.00  65.44  60.90  99.75 147680 3534.719   198  275.248 3809.967
       195048.1  81.32   0.00  25.94  60.98  99.75 147688 3534.917   198  275.248 3810.165
       195058.1   0.00  53.14  76.97  61.06  99.75 147695 3535.127   198  275.248 3810.375
       195068.2   0.00 100.00  81.96  63.91  99.75 147703 3535.433   198  275.248 3810.680
       195078.2  64.95   0.00  11.93  63.94  99.75 147712 3535.718   198  275.248 3810.965
Timestamp         S0     S1     E      O      P     YGC     YGCT    FGC    FGCT     GCT   
       195088.2   8.10   0.00  36.49  65.10  99.75 147720 3535.935   198  275.248 3811.183
       195098.2  26.45   0.00  35.84  65.12  99.75 147728 3536.113   198  275.248 3811.360
       195108.1  40.91   0.00  55.65  65.14  99.75 147736 3536.272   198  275.248 3811.520
       195118.2  38.43   0.00  25.84  65.16  99.75 147744 3536.435   198  275.248 3811.682
       195128.2   0.00  43.99  74.38  65.28  99.75 147751 3536.598   198  275.248 3811.846
       195138.2   0.00 100.00  22.97  65.31  99.75 147759 3536.768   198  275.248 3812.016
       195148.2  39.18   0.00  30.79  65.33  99.75 147766 3536.911   198  275.248 3812.159
       195158.2   0.00 100.00  58.60  65.35  99.75 147773 3537.095   198  275.248 3812.343
       195168.2   0.00  54.85  18.80  65.37  99.75 147781 3537.268   198  275.248 3812.516
       195178.2  51.61   0.00  36.37  65.44  99.75 147788 3537.430   198  275.248 3812.678
Timestamp         S0     S1     E      O      P     YGC     YGCT    FGC    FGCT     GCT   
       195188.2   0.00  85.89  96.36  65.47  99.75 147795 3537.569   198  275.248 3812.817
       195198.2  58.86   0.00  13.61  68.07  99.75 147804 3537.962   198  275.248 3813.210
       195208.2  53.01   0.00  44.80  68.60  99.75 147812 3538.201   198  275.248 3813.449
       195218.2  26.10   0.00  75.44  69.42  99.75 147820 3538.388   198  275.248 3813.636
       195228.2  37.60   0.00  77.05  69.44  99.75 147828 3538.644   198  275.248 3813.892
       195238.2  36.77   0.00  59.48  69.60  99.75 147836 3538.837   198  275.248 3814.085
       195248.2  33.33   0.00  36.26  69.61  99.75 147844 3539.043   198  275.248 3814.291
       195258.2  41.30   0.00  13.46  69.63  99.75 147852 3539.279   198  275.248 3814.526
       195268.2   0.00  86.57  78.23  69.64  99.75 147859 3539.454   198  275.248 3814.701
       195278.2   0.00 100.00  23.14  69.68  99.75 147867 3539.613   198  275.248 3814.861
Timestamp         S0     S1     E      O      P     YGC     YGCT    FGC    FGCT     GCT   
       195288.2   0.00  66.02   0.00  69.79  99.75 147875 3539.803   198  275.248 3815.050
       195298.2  49.45   0.00  40.85  69.80  99.75 147882 3539.945   198  275.248 3815.192
       195308.2   0.00  41.51  87.47  69.93  99.75 147889 3540.112   198  275.248 3815.360
       195318.2   0.00  44.79  52.66  69.95  99.75 147897 3540.288   198  275.248 3815.535
       195328.2   0.00 100.00  23.81  70.09  99.75 147905 3540.492   198  275.248 3815.739
       195338.2   0.00  42.67   8.83  70.11  99.75 147913 3540.710   198  275.248 3815.957
       195348.2  43.07   0.00  65.31  70.21  99.75 147920 3540.890   198  275.248 3816.138
       195358.2  56.93   0.00  22.39  70.24  99.75 147928 3541.069   198  275.248 3816.316
       195368.2   0.00 100.00  97.20  70.25  99.75 147935 3541.211   198  275.248 3816.458
       195378.2   0.00 100.00  51.15  70.32  99.75 147943 3541.384   198  275.248 3816.631
Timestamp         S0     S1     E      O      P     YGC     YGCT    FGC    FGCT     GCT   
       195388.2   0.00  44.58   3.68  70.39  99.75 147951 3541.558   198  275.248 3816.806
       195398.2  32.88   0.00  80.95  70.45  99.75 147958 3541.699   198  275.248 3816.947
       195408.2  42.50   0.00  28.07  70.47  99.75 147966 3541.851   198  275.248 3817.099
       195418.2   0.00  58.66  56.67  70.48  99.75 147973 3542.001   198  275.248 3817.249
       195428.2   0.00 100.00  16.10  70.57  99.75 147981 3542.175   198  275.248 3817.423
       195438.2  61.93   0.00  91.47  70.69  99.75 147988 3542.349   198  275.248 3817.597
       195448.2  53.30   0.00  73.18  70.73  99.75 147996 3542.526   198  275.248 3817.773
       195458.2  44.94   0.00   1.51  70.78  99.75 148004 3542.707   198  275.248 3817.955
       195468.2   0.00  42.31  42.00  70.80  99.75 148011 3542.860   198  275.248 3818.107
       195478.2  67.61   0.00  73.26  70.82  99.75 148018 3542.992   198  275.248 3818.239
Timestamp         S0     S1     E      O      P     YGC     YGCT    FGC    FGCT     GCT   
       195488.2 100.00   0.00  29.94  71.51  99.75 148026 3543.246   198  275.248 3818.493
       195498.2   0.00  99.73  85.57  71.55  99.75 148033 3543.473   198  275.248 3818.721
       195508.2   0.00 100.00  64.90  72.21  99.75 148041 3543.672   198  275.248 3818.920
       195518.2   0.00  41.99  56.40  72.23  99.75 148049 3543.905   198  275.248 3819.152
       195528.2   0.00  45.42   2.25  72.25  99.75 148057 3544.072   198  275.248 3819.319
       195538.2  73.54   0.00  42.79  72.33  99.75 148064 3544.307   198  275.248 3819.555
       195548.2  62.64   0.00   4.99  72.35  99.75 148072 3544.470   198  275.248 3819.717
       195558.2   0.00  60.59  79.03  72.37  99.75 148079 3544.629   198  275.248 3819.876
       195568.2   0.00  49.51  17.37  72.39  99.75 148087 3544.840   198  275.248 3820.087
       195578.2  84.42   0.00  58.60  72.51  99.75 148094 3545.020   198  275.248 3820.267
Timestamp         S0     S1     E      O      P     YGC     YGCT    FGC    FGCT     GCT   
       195588.2  61.70   0.00  55.06  72.54  99.75 148102 3545.286   198  275.248 3820.534
       195598.2  49.01   0.00  22.45  72.56  99.75 148110 3545.465   198  275.248 3820.712
       195608.2  55.44   0.00   0.98  72.74  99.75 148118 3545.665   198  275.248 3820.913
       195618.2  65.72   0.00   0.00  72.76  99.75 148126 3545.862   198  275.248 3821.109
       195628.2   0.00  59.72  63.14  72.79  99.75 148133 3546.005   198  275.248 3821.253
       195638.2   0.00  99.70  53.81  72.85  99.75 148141 3546.223   198  275.248 3821.470
       195648.2   0.00  54.72  11.49  72.86  99.75 148149 3546.378   198  275.248 3821.625
       195658.2  38.32   0.00  15.23  72.88  99.75 148156 3546.527   198  275.248 3821.775
       195668.2   0.00 100.00  29.53  72.93  99.75 148163 3546.658   198  275.248 3821.905
       195678.2  41.10   0.00  60.45  72.97  99.75 148170 3546.845   198  275.248 3822.092
Timestamp         S0     S1     E      O      P     YGC     YGCT    FGC    FGCT     GCT   
       195688.2  39.76   0.00   6.05  72.99  99.75 148178 3547.013   198  275.248 3822.261
       195698.2   0.00 100.00  79.19  73.00  99.75 148185 3547.147   198  275.248 3822.395
       195708.2   0.00  53.57  28.30  73.05  99.75 148193 3547.310   198  275.248 3822.558
       195718.2  49.70   0.00  28.84  73.09  99.75 148200 3547.454   198  275.248 3822.702
       195728.2   0.00  99.64  70.99  73.11  99.75 148207 3547.621   198  275.248 3822.869
       195738.2  55.81   0.00  97.11  73.13  99.75 148214 3547.755   198  275.248 3823.002
       195748.2  62.68   0.00  29.11  73.15  99.75 148222 3547.920   198  275.248 3823.167
       195758.2   0.00  99.25  41.25  73.19  99.75 148229 3548.080   198  275.248 3823.327
       195768.2   0.00 100.00   7.33  73.21  99.75 148237 3548.283   198  275.248 3823.530
       195778.2  73.51   0.00  64.92  73.23  99.75 148244 3548.429   198  275.248 3823.676
Timestamp         S0     S1     E      O      P     YGC     YGCT    FGC    FGCT     GCT   
       195788.2  79.87   0.00  41.40  75.13  99.75 148252 3548.677   198  275.248 3823.925
       195798.3  77.15   0.00  49.41  75.15  99.75 148260 3548.962   198  275.248 3824.209
       195808.3  31.46   0.00  83.94  76.02  99.75 148268 3549.186   198  275.248 3824.434
       195818.3   0.00  49.22   6.29  76.08  99.75 148277 3549.451   198  275.248 3824.699
       195828.3   0.00  64.00  50.40  76.13  99.75 148285 3549.635   198  275.248 3824.883
       195838.3   0.00  99.60  49.56  76.19  99.75 148293 3549.832   198  275.248 3825.080
       195848.3  36.78   0.00  89.29  76.20  99.75 148300 3549.990   198  275.248 3825.237
       195858.3  63.46   0.00  52.43  76.29  99.75 148308 3550.194   198  275.248 3825.441
       195868.3  31.78   0.00  18.26  76.30  99.75 148316 3550.370   198  275.248 3825.618
       195878.3   0.00  38.46  51.22  76.32  99.75 148323 3550.503   198  275.248 3825.750
Timestamp         S0     S1     E      O      P     YGC     YGCT    FGC    FGCT     GCT   
       195888.3   0.00  99.70  37.50  76.38  99.75 148331 3550.736   198  275.248 3825.983
       195898.3   0.00  99.63  18.40  76.42  99.75 148339 3550.922   198  275.248 3826.169
       195908.3  45.14   0.00  88.60  76.54  99.75 148346 3551.091   198  275.248 3826.338
       195918.3  95.75   0.00  74.61  76.64  99.75 148354 3551.299   198  275.248 3826.547
       195928.3  55.96   0.00  28.46  76.65  99.75 148362 3551.474   198  275.248 3826.722
       195938.3  37.76   0.00  22.18  76.69  99.75 148370 3551.667   198  275.248 3826.914
       195948.3  37.44   0.00   5.15  76.71  99.75 148378 3551.853   198  275.248 3827.101
       195958.3   0.00  45.81  40.40  76.72  99.75 148385 3552.000   198  275.248 3827.248
       195968.3   0.00  99.31   7.26  76.77  99.75 148393 3552.169   198  275.248 3827.416
       195978.3  48.28   0.00  51.91  76.80  99.75 148400 3552.335   198  275.248 3827.583
Timestamp         S0     S1     E      O      P     YGC     YGCT    FGC    FGCT     GCT   
       195988.3  61.88   0.00   7.44  76.82  99.75 148408 3552.551   198  275.248 3827.798
       195998.3   0.00 100.00  58.38  76.94  99.75 148415 3552.702   198  275.248 3827.950
       196008.3  58.06   0.00  93.44  76.95  99.75 148422 3552.898   198  275.248 3828.145
       196018.3 100.00   0.00  42.77  78.91  99.75 148430 3553.172   198  275.248 3828.419
       196028.3  63.68   0.00  93.84  78.92  99.75 148438 3553.437   198  275.248 3828.684
       196038.3   0.00  41.41  48.65  79.97  99.75 148447 3553.735   198  275.248 3828.982
       196048.3   0.00  40.76  69.21  80.04  99.75 148455 3553.895   198  275.248 3829.142
       196058.3   0.00  23.32  69.98  80.19  99.75 148463 3554.080   198  275.248 3829.328
       196068.3   0.00  40.97  65.68  80.21  99.75 148471 3554.265   198  275.248 3829.513
       196078.3   0.00 100.00  54.04  80.23  99.75 148479 3554.512   198  275.248 3829.759
Timestamp         S0     S1     E      O      P     YGC     YGCT    FGC    FGCT     GCT   
       196088.3   0.00  99.49  25.42  80.31  99.75 148487 3554.712   198  275.248 3829.959
       196098.3   0.00 100.00  23.49  80.44  99.75 148495 3554.882   198  275.248 3830.130
       196108.3   0.00  33.83   0.00  80.47  99.75 148503 3555.074   198  275.248 3830.322
       196118.3  67.84   0.00  96.18  80.51  99.75 148510 3555.263   198  275.248 3830.511
       196128.3  35.96   0.00  75.38  80.55  99.75 148518 3555.453   198  275.248 3830.700
       196138.3  68.69   0.00  48.12  80.60  99.75 148526 3555.627   198  275.248 3830.875
       196148.3  71.47   0.00  16.16  80.63  99.75 148534 3555.778   198  275.248 3831.026
       196158.3   0.00  34.38  89.61  80.70  99.75 148541 3555.939   198  275.248 3831.187
       196168.3   0.00  73.45  30.90  80.73  99.75 148549 3556.117   198  275.248 3831.365
       196178.3   0.00  66.58  11.26  80.77  99.75 148557 3556.370   198  275.248 3831.618
Timestamp         S0     S1     E      O      P     YGC     YGCT    FGC    FGCT     GCT   
       196188.3  78.53   0.00  93.29  80.79  99.75 148564 3556.542   198  275.248 3831.789
       196198.3  73.35   0.00  62.33  80.94  99.75 148572 3556.719   198  275.248 3831.966
       196208.3   0.00  80.15  95.96  80.96  99.75 148579 3556.874   198  275.248 3832.121
       196218.3   0.00  99.65  63.03  81.01  99.75 148587 3557.067   198  275.248 3832.315
       196228.3   0.00  66.29  26.03  81.05  99.75 148595 3557.230   198  275.248 3832.477
       196238.3   0.00 100.00  31.90  81.11  99.75 148603 3557.507   198  275.248 3832.755
       196248.3   0.00  65.35  41.74  81.13  99.75 148611 3557.690   198  275.248 3832.937
       196258.3  53.93   0.00  85.94  81.21  99.75 148618 3557.855   198  275.248 3833.103
       196268.3  65.12   0.00  47.45  81.24  99.75 148626 3558.064   198  275.248 3833.311
       196278.3  72.67   0.00  22.99  81.27  99.75 148634 3558.250   198  275.248 3833.498
Timestamp         S0     S1     E      O      P     YGC     YGCT    FGC    FGCT     GCT   
       196288.3   0.00  43.41  51.80  81.30  99.75 148641 3558.444   198  275.248 3833.692
       196298.3   0.00  99.46   0.00  81.40  99.75 148649 3558.646   198  275.248 3833.894
       196308.3  60.51   0.00  86.40  81.43  99.75 148656 3558.812   198  275.248 3834.059
       196318.3  66.67   0.00  26.20  81.45  99.75 148664 3558.969   198  275.248 3834.216
       196328.3  83.33   0.00  18.21  84.63  99.75 148672 3559.234   198  275.248 3834.481
       196338.3  59.47   0.00  74.07  84.65  99.75 148680 3559.525   198  275.248 3834.772
       196348.3  11.81   0.00  87.94  85.94  99.75 148688 3559.702   198  275.248 3834.950
       196358.3   0.00  20.96  23.00  85.99  99.75 148697 3559.936   198  275.248 3835.183
       196368.3   0.00  21.30  13.67  86.01  99.75 148705 3560.152   198  275.248 3835.400
       196378.3  40.55   0.00  88.84  86.06  99.75 148712 3560.311   198  275.248 3835.558
Timestamp         S0     S1     E      O      P     YGC     YGCT    FGC    FGCT     GCT   
       196388.3  90.00   0.00   8.13  17.96  99.75 148720 3560.472   199  276.626 3837.098
       196398.3   0.00 100.00  98.47  17.96  99.75 148728 3560.632   199  276.626 3837.258
       196408.3   0.00  35.35  88.82  18.34  99.75 148735 3560.805   199  276.626 3837.431
       196418.3   0.00  30.75  66.06  18.36  99.75 148743 3560.950   199  276.626 3837.576
       196428.3   0.00 100.00  41.90  18.37  99.75 148751 3561.124   199  276.626 3837.750
       196438.3   0.00  54.85  21.63  18.40  99.75 148759 3561.367   199  276.626 3837.994
       196448.3   0.00  40.82  42.67  18.53  99.75 148767 3561.574   199  276.626 3838.201
       196458.3   0.00  34.56  43.07  18.76  99.75 148775 3561.793   199  276.626 3838.419
       196468.3   0.00  37.04  35.11  18.78  99.75 148783 3561.948   199  276.626 3838.574
       196478.3   0.00  38.62  15.79  18.79  99.75 148791 3562.169   199  276.626 3838.795
Timestamp         S0     S1     E      O      P     YGC     YGCT    FGC    FGCT     GCT   
       196488.3  63.25   0.00  82.80  18.81  99.75 148798 3562.374   199  276.626 3839.000
       196498.3  54.88   0.00  36.59  18.83  99.75 148806 3562.515   199  276.626 3839.141
       196508.4   0.00 100.00  52.66  18.87  99.75 148813 3562.649   199  276.626 3839.276
       196518.3  67.43   0.00  64.30  18.89  99.75 148820 3562.784   199  276.626 3839.410
       196528.3 100.00   0.00  40.82  19.04  99.75 148828 3562.962   199  276.626 3839.588
       196538.4  56.12   0.00  42.48  21.19  99.75 148836 3563.196   199  276.626 3839.822
       196548.3  55.37   0.00  65.13  21.46  99.75 148844 3563.395   199  276.626 3840.021
       196558.3  24.19   0.00  65.66  22.15  99.75 148852 3563.546   199  276.626 3840.172
       196568.3  46.52   0.00  67.53  22.18  99.75 148860 3563.687   199  276.626 3840.314
       196578.3  25.32   0.00  34.33  22.19  99.75 148868 3563.885   199  276.626 3840.512
Timestamp         S0     S1     E      O      P     YGC     YGCT    FGC    FGCT     GCT   
       196588.3  54.14   0.00   0.14  22.21  99.75 148876 3564.040   199  276.626 3840.666
       196598.3   0.00  67.37  60.87  22.23  99.75 148883 3564.176   199  276.626 3840.803
       196608.3   0.00 100.00  11.18  22.30  99.75 148891 3564.382   199  276.626 3841.009
       196618.3  59.11   0.00  46.81  22.31  99.75 148898 3564.520   199  276.626 3841.146
       196628.3  63.54   0.00  14.49  22.35  99.75 148906 3564.701   199  276.626 3841.327
       196638.3   0.00  45.28  80.16  22.41  99.75 148913 3564.887   199  276.626 3841.513
       196648.3   0.00  57.29  43.10  22.43  99.75 148921 3565.049   199  276.626 3841.675
       196658.3  42.73   0.00  81.83  22.45  99.75 148928 3565.172   199  276.626 3841.798
       196668.3  69.74   0.00  37.21  24.23  99.75 148936 3565.404   199  276.626 3842.031
       196678.3  78.44   0.00  28.45  24.25  99.75 148944 3565.660   199  276.626 3842.286
Timestamp         S0     S1     E      O      P     YGC     YGCT    FGC    FGCT     GCT   
       196688.4  27.19   0.00  28.11  25.23  99.75 148952 3565.834   199  276.626 3842.461
       196698.4  23.89   0.00   9.02  25.26  99.75 148960 3565.972   199  276.626 3842.598
       196708.3   0.00  26.98  72.81  25.28  99.75 148967 3566.106   199  276.626 3842.732
       196718.4   0.00  41.70  76.76  25.29  99.75 148975 3566.312   199  276.626 3842.938
       196728.3   0.00  40.52  43.94  25.32  99.75 148983 3566.548   199  276.626 3843.175
       196738.3   0.00 100.00  34.05  25.50  99.75 148991 3566.730   199  276.626 3843.357
       196748.4   0.00  82.34  14.39  25.52  99.75 148999 3566.914   199  276.626 3843.540
       196758.3  43.03   0.00  82.82  25.56  99.75 149006 3567.045   199  276.626 3843.672
       196768.3  86.24   0.00  67.00  25.59  99.75 149014 3567.201   199  276.626 3843.828
       196778.3  40.31   0.00  45.49  25.64  99.75 149022 3567.436   199  276.626 3844.062
Timestamp         S0     S1     E      O      P     YGC     YGCT    FGC    FGCT     GCT   
       196788.3   0.00  83.53  94.19  25.65  99.75 149029 3567.578   199  276.626 3844.205
       196798.4  74.29   0.00   4.32  26.03  99.75 149038 3567.789   199  276.626 3844.415
       196808.3   0.00 100.00  89.67  26.04  99.75 149045 3567.985   199  276.626 3844.611
       196818.4   0.00  27.30  64.29  26.59  99.75 149053 3568.189   199  276.626 3844.815
       196828.4   0.00  39.30  61.28  26.62  99.75 149061 3568.442   199  276.626 3845.068
       196838.3   0.00  40.16  27.24  26.64  99.75 149069 3568.620   199  276.626 3845.246
       196848.4  25.83   0.00  87.47  26.70  99.75 149076 3568.762   199  276.626 3845.388
       196858.3  65.19   0.00  37.54  26.71  99.75 149084 3568.962   199  276.626 3845.588
       196868.3   0.00  52.87  97.01  26.73  99.75 149091 3569.085   199  276.626 3845.711
       196878.4   0.00  70.76  70.62  27.21  99.75 149099 3569.286   199  276.626 3845.912
Timestamp         S0     S1     E      O      P     YGC     YGCT    FGC    FGCT     GCT   
       196888.4   0.00  99.72  54.21  27.23  99.75 149107 3569.462   199  276.626 3846.088
       196898.4   0.00  70.48  46.35  27.58  99.75 149115 3569.611   199  276.626 3846.238
       196908.3   0.00  99.55  12.22  27.60  99.75 149123 3569.793   199  276.626 3846.419
       196918.4 100.00   0.00  82.78  28.33  99.75 149130 3569.982   199  276.626 3846.608
       196928.4  63.55   0.00  27.82  28.34  99.75 149138 3570.204   199  276.626 3846.830
       196938.4  22.12   0.00  19.88  29.45  99.75 149146 3570.420   199  276.626 3847.046
       196948.4  27.85   0.00  62.40  29.47  99.75 149154 3570.589   199  276.626 3847.215
       196958.3  25.69   0.00  74.90  29.49  99.75 149162 3570.731   199  276.626 3847.358
       196968.3  57.57   0.00  51.36  29.57  99.75 149170 3570.912   199  276.626 3847.538
       196978.4  27.03   0.00   0.00  29.61  99.75 149178 3571.056   199  276.626 3847.683
Timestamp         S0     S1     E      O      P     YGC     YGCT    FGC    FGCT     GCT   
       196988.4   0.00  55.58  49.56  29.64  99.75 149185 3571.193   199  276.626 3847.820
       196998.4   0.00  66.67  17.42  29.66  99.75 149193 3571.386   199  276.626 3848.012
       197008.4  68.35   0.00  82.90  29.67  99.75 149200 3571.546   199  276.626 3848.173
       197018.4  66.67   0.00   0.64  29.70  99.75 149208 3571.718   199  276.626 3848.345
       197028.4   0.00 100.00  45.74  31.66  99.75 149215 3571.922   199  276.626 3848.549
       197038.4   0.00  99.84  34.98  31.67  99.75 149223 3572.133   199  276.626 3848.760
       197048.4   0.00  21.91   3.01  32.50  99.75 149231 3572.323   199  276.626 3848.949
       197058.4  33.33   0.00  78.84  32.54  99.75 149238 3572.479   199  276.626 3849.105
       197068.4  24.80   0.00  14.66  32.56  99.75 149246 3572.668   199  276.626 3849.295
       197078.4   0.00  47.11  40.42  32.59  99.75 149253 3572.801   199  276.626 3849.427
Timestamp         S0     S1     E      O      P     YGC     YGCT    FGC    FGCT     GCT   
       197088.4   0.00  54.77  19.92  32.60  99.75 149261 3572.994   199  276.626 3849.621
       197098.4  71.93   0.00  29.76  32.70  99.75 149268 3573.169   199  276.626 3849.795
       197108.3   0.00  68.48  91.27  32.86  99.75 149275 3573.329   199  276.626 3849.955
       197118.4   0.00  99.67  26.60  32.88  99.75 149283 3573.500   199  276.626 3850.126
       197128.4  65.16   0.00  96.34  32.90  99.75 149290 3573.653   199  276.626 3850.279
       197138.4  48.08   0.00  92.86  32.92  99.75 149298 3573.829   199  276.626 3850.455
       197148.4  76.28   0.00  89.81  32.97  99.75 149306 3574.009   199  276.626 3850.635
       197158.4  34.20   0.00  65.67  33.06  99.75 149314 3574.209   199  276.626 3850.836
       197168.4  35.11   0.00  16.24  33.13  99.75 149322 3574.399   199  276.626 3851.025
       197178.4   0.00  59.05  66.76  33.18  99.75 149329 3574.530   199  276.626 3851.156
Timestamp         S0     S1     E      O      P     YGC     YGCT    FGC    FGCT     GCT   
       197188.4   0.00  70.76  14.47  33.20  99.75 149337 3574.677   199  276.626 3851.303
       197198.4  63.27   0.00  99.54  33.22  99.75 149344 3574.823   199  276.626 3851.450
       197208.4  93.54   0.00  84.28  33.24  99.75 149352 3575.018   199  276.626 3851.644
       197218.4  50.73   0.00  49.46  33.42  99.75 149360 3575.214   199  276.626 3851.840
       197228.4  60.43   0.00  49.81  33.44  99.75 149368 3575.376   199  276.626 3852.003
       197238.4  46.80   0.00  24.81  33.55  99.75 149376 3575.551   199  276.626 3852.177
       197248.4   0.00  55.53  81.80  33.57  99.75 149383 3575.674   199  276.626 3852.300
       197258.4   0.00  79.34  33.10  33.59  99.75 149391 3575.851   199  276.626 3852.478
       197268.4  83.87   0.00  61.99  33.60  99.75 149398 3575.985   199  276.626 3852.611
       197278.4  82.12   0.00  11.11  33.66  99.75 149406 3576.148   199  276.626 3852.774
Timestamp         S0     S1     E      O      P     YGC     YGCT    FGC    FGCT     GCT   
       197288.4   0.00  99.69  82.06  33.67  99.75 149413 3576.298   199  276.626 3852.924
       197298.4   0.00 100.00  31.60  34.33  99.75 149421 3576.518   199  276.626 3853.145
       197308.4   0.00  73.09  27.75  34.34  99.75 149429 3576.727   199  276.626 3853.354
       197318.4   0.00  30.45   5.09  34.51  99.75 149437 3576.893   199  276.626 3853.519
       197328.4  27.14   0.00  65.78  34.53  99.75 149444 3577.062   199  276.626 3853.689
       197338.4   0.00  70.30  94.61  34.54  99.75 149451 3577.270   199  276.626 3853.897
       197348.4   0.00  56.08  48.19  34.60  99.75 149459 3577.426   199  276.626 3854.052
       197358.4   0.00  50.58  24.39  34.61  99.75 149467 3577.613   199  276.626 3854.240
       197368.4  62.45   0.00  89.30  34.96  99.75 149474 3577.776   199  276.626 3854.402
       197378.4  90.83   0.00  46.36  34.97  99.75 149482 3577.979   199  276.626 3854.605
Timestamp         S0     S1     E      O      P     YGC     YGCT    FGC    FGCT     GCT   
       197388.4   0.00  31.41  97.85  35.48  99.75 149489 3578.147   199  276.626 3854.773
       197398.4   0.00  34.07  50.64  35.51  99.75 149497 3578.335   199  276.626 3854.962
       197408.4   0.00  46.77  26.56  35.53  99.75 149505 3578.541   199  276.626 3855.167
       197418.4  85.26   0.00  98.62  35.56  99.75 149512 3578.690   199  276.626 3855.316
       197428.4  74.22   0.00  72.65  35.59  99.75 149520 3578.868   199  276.626 3855.495
       197438.4  71.63   0.00  49.99  35.62  99.75 149528 3579.037   199  276.626 3855.663
       197448.4  80.43   0.00  51.34  35.66  99.75 149536 3579.250   199  276.626 3855.876
       197458.4  85.08   0.00  10.38  35.73  99.75 149544 3579.444   199  276.626 3856.070
       197468.4   0.00  51.23  42.55  35.91  99.75 149551 3579.648   199  276.626 3856.274
       197478.4   0.00  38.07  23.50  35.94  99.75 149559 3579.840   199  276.626 3856.466
Timestamp         S0     S1     E      O      P     YGC     YGCT    FGC    FGCT     GCT   
       197488.4  46.52   0.00  69.01  35.96  99.75 149566 3579.991   199  276.626 3856.617
       197498.4  54.71   0.00  15.71  36.07  99.75 149574 3580.170   199  276.626 3856.796
       197508.4   0.00  55.97  73.40  36.16  99.75 149581 3580.334   199  276.626 3856.960
       197518.4   0.00  63.53  17.98  36.18  99.75 149589 3580.521   199  276.626 3857.147
       197528.4  63.66   0.00  79.33  36.33  99.75 149596 3580.653   199  276.626 3857.279
       197538.4  81.48   0.00  61.83  36.35  99.75 149604 3580.861   199  276.626 3857.487
       197548.4  65.35   0.00  67.85  36.41  99.75 149612 3581.052   199  276.626 3857.678
       197558.4  71.63   0.00  55.54  36.47  99.75 149620 3581.257   199  276.626 3857.884
       197568.4  55.43   0.00  27.15  36.50  99.75 149628 3581.425   199  276.626 3858.051
       197578.4   0.00  73.30  63.41  36.51  99.75 149635 3581.573   199  276.626 3858.199
Timestamp         S0     S1     E      O      P     YGC     YGCT    FGC    FGCT     GCT   
       197588.4   0.00 100.00  23.23  36.53  99.75 149643 3581.740   199  276.626 3858.366
       197598.4  43.49   0.00  45.06  36.54  99.75 149650 3581.873   199  276.626 3858.499
       197608.4   0.00  66.57  80.11  36.60  99.75 149657 3582.002   199  276.626 3858.628
       197618.4   0.00  99.84  52.87  39.12  99.75 149665 3582.237   199  276.626 3858.863
       197628.4   0.00 100.00  86.09  39.13  99.75 149673 3582.501   199  276.626 3859.127
       197638.4  40.72   0.00  18.15  40.12  99.75 149682 3582.792   199  276.626 3859.418
       197648.4  27.87   0.00  59.49  40.22  99.75 149690 3582.984   199  276.626 3859.610
       197658.4  59.73   0.00  67.90  40.26  99.75 149698 3583.217   199  276.626 3859.843
       197668.4  42.32   0.00  80.47  40.28  99.75 149706 3583.430   199  276.626 3860.056
       197678.4  41.57   0.00  71.52  40.30  99.75 149714 3583.581   199  276.626 3860.208
Timestamp         S0     S1     E      O      P     YGC     YGCT    FGC    FGCT     GCT   
       197688.4  61.61   0.00  57.15  40.36  99.75 149722 3583.752   199  276.626 3860.378
       197698.4  66.42   0.00  23.01  40.40  99.75 149730 3583.942   199  276.626 3860.568
       197708.4   0.00  81.05  81.70  40.41  99.75 149737 3584.093   199  276.626 3860.720
       197718.4   0.00  99.22  29.23  40.55  99.75 149745 3584.239   199  276.626 3860.866
       197728.4  57.76   0.00  72.73  40.59  99.75 149752 3584.372   199  276.626 3860.998
       197738.4   0.00  63.85  99.59  40.61  99.75 149760 3584.502   199  276.626 3861.129
       197748.4   0.00  72.00  89.82  42.68  99.75 149767 3584.777   199  276.626 3861.403
       197758.4   0.00 100.00  83.79  43.12  99.75 149775 3585.053   199  276.626 3861.679
       197768.4   0.00  37.94  95.09  43.28  99.75 149783 3585.213   199  276.626 3861.839
       197778.4   0.00  41.81  74.99  43.37  99.75 149791 3585.437   199  276.626 3862.064
Timestamp         S0     S1     E      O      P     YGC     YGCT    FGC    FGCT     GCT   
       197788.4   0.00  30.89  56.79  43.39  99.75 149799 3585.582   199  276.626 3862.208
       197798.4   0.00  46.06  43.42  43.43  99.75 149807 3585.725   199  276.626 3862.351
       197808.4  56.08   0.00  89.36  43.45  99.75 149814 3585.869   199  276.626 3862.496
       197818.4  97.62   0.00  48.54  43.48  99.75 149822 3586.051   199  276.626 3862.677
       197828.4  95.85   0.00   8.40  43.51  99.75 149830 3586.243   199  276.626 3862.870
       197838.4   0.00  66.39  64.80  43.53  99.75 149837 3586.389   199  276.626 3863.015
       197848.4   0.00  63.89  11.92  43.60  99.75 149845 3586.580   199  276.626 3863.206
       197858.4  65.00   0.00  79.26  43.64  99.75 149852 3586.711   199  276.626 3863.338
       197868.4  48.14   0.00   4.01  43.65  99.75 149860 3586.869   199  276.626 3863.495
       197878.4   0.00  54.45  18.59  43.69  99.75 149867 3587.020   199  276.626 3863.646
Timestamp         S0     S1     E      O      P     YGC     YGCT    FGC    FGCT     GCT   
       197888.4  75.38   0.00  56.57  43.72  99.75 149874 3587.164   199  276.626 3863.790
       197898.4  72.12   0.00   7.30  43.88  99.75 149882 3587.305   199  276.626 3863.931
       197908.4   0.00  58.70  66.69  43.89  99.75 149889 3587.452   199  276.626 3864.078
       197918.4   0.00  56.38  26.87  44.08  99.75 149897 3587.633   199  276.626 3864.259
       197928.4  47.93   0.00  80.59  44.11  99.75 149904 3587.779   199  276.626 3864.405
       197938.4  73.95   0.00  45.86  44.24  99.75 149912 3587.970   199  276.626 3864.596
       197948.4  83.25   0.00  16.73  44.32  99.75 149920 3588.139   199  276.626 3864.766
       197958.4   0.00 100.00  83.46  44.52  99.75 149927 3588.297   199  276.626 3864.923
       197968.4   0.00  52.30  47.94  44.54  99.75 149935 3588.476   199  276.626 3865.102
       197978.4   0.00  51.05  22.96  44.61  99.75 149943 3588.641   199  276.626 3865.267
Timestamp         S0     S1     E      O      P     YGC     YGCT    FGC    FGCT     GCT   
       197988.5   0.00  99.73  31.01  44.62  99.75 149951 3588.830   199  276.626 3865.457
       197998.5  38.57   0.00  96.67  44.64  99.75 149958 3589.006   199  276.626 3865.632
       198008.5  59.80   0.00  80.37  44.74  99.75 149966 3589.164   199  276.626 3865.790
       198018.5  45.23   0.00   8.52  44.79  99.75 149974 3589.322   199  276.626 3865.948
       198028.5   0.00  56.50  64.86  44.84  99.75 149981 3589.470   199  276.626 3866.096
       198038.5   0.00  99.26  29.92  44.86  99.75 149989 3589.639   199  276.626 3866.266
       198048.5  93.08   0.00  95.20  44.87  99.75 149996 3589.780   199  276.626 3866.406
       198058.5  82.89   0.00  38.98  44.92  99.75 150004 3589.979   199  276.626 3866.605
       198068.5   0.00  70.98  91.92  44.93  99.75 150011 3590.146   199  276.626 3866.773
       198078.5   0.00  47.99  48.11  45.63  99.75 150019 3590.361   199  276.626 3866.987
Timestamp         S0     S1     E      O      P     YGC     YGCT    FGC    FGCT     GCT   
       198088.5   0.00  99.65   1.99  45.65  99.75 150027 3590.564   199  276.626 3867.191
       198098.5  69.21   0.00  89.29  45.88  99.75 150034 3590.714   199  276.626 3867.340
       198108.5  50.99   0.00  64.96  45.90  99.75 150042 3590.875   199  276.626 3867.501
       198118.5  42.16   0.00  10.02  45.92  99.75 150050 3591.044   199  276.626 3867.671
       198128.5   0.00 100.00  54.19  48.00  99.75 150057 3591.249   199  276.626 3867.875
       198138.5   0.00  99.86  74.40  48.01  99.75 150065 3591.496   199  276.626 3868.123
       198148.5  22.19   0.00  18.34  49.07  99.75 150074 3591.778   199  276.626 3868.404
       198158.5  30.25   0.00  51.96  49.09  99.75 150082 3591.971   199  276.626 3868.597
       198168.5  23.72   0.00  73.82  49.11  99.75 150090 3592.108   199  276.626 3868.734
       198178.5  62.24   0.00  56.87  49.13  99.75 150098 3592.269   199  276.626 3868.896
Timestamp         S0     S1     E      O      P     YGC     YGCT    FGC    FGCT     GCT   
       198188.5  82.18   0.00  32.49  49.14  99.75 150106 3592.563   199  276.626 3869.189
       198198.5  56.16   0.00  37.93  49.17  99.75 150114 3592.742   199  276.626 3869.369
       198208.5  37.60   0.00   8.33  49.32  99.75 150122 3592.948   199  276.626 3869.574
       198218.5   0.00  31.49  51.53  49.34  99.75 150129 3593.087   199  276.626 3869.714
       198228.5   0.00  45.18  30.66  49.37  99.75 150137 3593.256   199  276.626 3869.882
       198238.5  85.34   0.00  95.64  49.39  99.75 150144 3593.424   199  276.626 3870.050
       198248.5  92.92   0.00  82.56  49.46  99.75 150152 3593.639   199  276.626 3870.265
       198258.5  92.89   0.00  66.69  49.87  99.75 150160 3593.841   199  276.626 3870.467
       198268.5  71.36   0.00  71.96  49.88  99.75 150168 3594.119   199  276.626 3870.745
       198278.6  42.31   0.00  83.37  50.40  99.75 150176 3594.325   199  276.626 3870.951
Timestamp         S0     S1     E      O      P     YGC     YGCT    FGC    FGCT     GCT   
       198288.6  60.82   0.00  84.32  50.42  99.75 150184 3594.521   199  276.626 3871.147
       198298.6  61.72   0.00  66.02  50.44  99.75 150192 3594.708   199  276.626 3871.334
       198308.6  63.17   0.00  41.31  50.46  99.75 150200 3594.877   199  276.626 3871.504
       198318.5 100.00   0.00  23.01  52.45  99.75 150208 3595.107   199  276.626 3871.733
       198328.6  68.71   0.00  49.79  52.45  99.75 150216 3595.393   199  276.626 3872.020
       198338.6  20.22   0.00  78.98  53.60  99.75 150224 3595.676   199  276.626 3872.302
       198348.6   0.00  23.09   0.09  53.64  99.75 150233 3595.870   199  276.626 3872.496
       198358.6  46.13   0.00  78.24  53.70  99.75 150240 3596.031   199  276.626 3872.658
       198368.6  59.74   0.00  46.14  53.73  99.75 150248 3596.193   199  276.626 3872.819
       198378.5 100.00   0.00  32.33  53.89  99.75 150256 3596.406   199  276.626 3873.032
Timestamp         S0     S1     E      O      P     YGC     YGCT    FGC    FGCT     GCT   
       198388.6  70.59   0.00  16.22  53.92  99.75 150264 3596.588   199  276.626 3873.214
       198398.6   0.00  99.58  88.54  54.15  99.75 150271 3596.731   199  276.626 3873.357
       198408.6   0.00  63.95  65.99  54.25  99.75 150279 3596.908   199  276.626 3873.534
       198418.5   0.00 100.00  36.85  54.26  99.75 150287 3597.152   199  276.626 3873.778
       198428.5  53.12   0.00  87.30  54.40  99.75 150294 3597.286   199  276.626 3873.912
       198438.6  76.18   0.00  72.26  54.45  99.75 150302 3597.463   199  276.626 3874.090
       198448.5  71.43   0.00  63.64  54.47  99.75 150310 3597.659   199  276.626 3874.285
       198458.6  72.38   0.00  29.32  54.55  99.75 150318 3597.810   199  276.626 3874.436
       198468.6   0.00  41.03  85.24  54.57  99.75 150325 3597.937   199  276.626 3874.563
       198478.6   0.00  54.68  14.33  54.59  99.75 150333 3598.100   199  276.626 3874.726
Timestamp         S0     S1     E      O      P     YGC     YGCT    FGC    FGCT     GCT   
       198488.6  77.78   0.00  54.83  54.60  99.75 150340 3598.247   199  276.626 3874.873
       198498.5  75.32   0.00  14.54  54.62  99.75 150348 3598.392   199  276.626 3875.018
       198508.6   0.00 100.00  70.18  54.64  99.75 150355 3598.558   199  276.626 3875.185
       198518.6   0.00 100.00  34.92  54.71  99.75 150363 3598.746   199  276.626 3875.372
       198528.6  36.89   0.00  89.80  54.76  99.75 150370 3598.948   199  276.626 3875.574
       198538.6  88.20   0.00  30.08  54.78  99.75 150378 3599.100   199  276.626 3875.726
       198548.6   0.00  99.48  97.29  54.79  99.75 150385 3599.267   199  276.626 3875.894
       198558.6   0.00  57.84  73.90  54.93  99.75 150393 3599.498   199  276.626 3876.124
       198568.6   0.00  34.58  58.28  54.95  99.75 150401 3599.677   199  276.626 3876.303
       198578.6   0.00  99.45  20.78  55.05  99.75 150409 3599.861   199  276.626 3876.487
Timestamp         S0     S1     E      O      P     YGC     YGCT    FGC    FGCT     GCT   
       198588.6   0.00  79.41   2.06  55.08  99.75 150417 3600.094   199  276.626 3876.720
       198598.6  74.07   0.00  75.71  55.16  99.75 150424 3600.247   199  276.626 3876.874
       198608.6  50.26   0.00  23.87  55.18  99.75 150432 3600.404   199  276.626 3877.030
       198618.6   0.00  43.92  64.09  55.20  99.75 150439 3600.597   199  276.626 3877.223
       198628.6  46.31   0.00  97.62  55.23  99.75 150446 3600.718   199  276.626 3877.344
       198638.6  45.03   0.00  47.40  55.24  99.75 150454 3600.870   199  276.626 3877.497
       198648.6   0.00  41.47  90.59  55.26  99.75 150461 3601.007   199  276.626 3877.633
       198658.6  73.80   0.00  85.79  55.27  99.75 150468 3601.186   199  276.626 3877.812
       198668.6  48.66   0.00  40.91  55.31  99.75 150476 3601.367   199  276.626 3877.993
       198678.6   0.00 100.00  88.73  55.38  99.75 150483 3601.545   199  276.626 3878.171
Timestamp         S0     S1     E      O      P     YGC     YGCT    FGC    FGCT     GCT   
       198688.6   0.00  79.08  36.15  55.43  99.75 150491 3601.713   199  276.626 3878.339
       198698.6   0.00 100.00  15.04  55.66  99.75 150499 3601.931   199  276.626 3878.557
       198708.6  64.32  36.63 100.00  55.67  99.75 150507 3602.113   199  276.626 3878.740
       198718.6  71.09   0.00  41.98  55.97  99.75 150514 3602.341   199  276.626 3878.968
       198728.6  89.30   0.00  17.51  56.00  99.75 150522 3602.542   199  276.626 3879.168
       198738.6   0.00 100.00  68.15  56.01  99.75 150529 3602.687   199  276.626 3879.314
       198748.6   0.00  99.38  42.40  56.03  99.75 150537 3602.890   199  276.626 3879.516
       198758.6   0.00  27.59   5.58  56.09  99.75 150545 3603.050   199  276.626 3879.676
       198768.6  74.21   0.00  66.68  56.12  99.75 150552 3603.196   199  276.626 3879.822
       198778.6   0.00  33.82  99.95  56.13  99.75 150560 3603.341   199  276.626 3879.967
Timestamp         S0     S1     E      O      P     YGC     YGCT    FGC    FGCT     GCT   
       198788.6   0.00  68.24  18.25  56.16  99.75 150567 3603.512   199  276.626 3880.138
       198798.6  65.72   0.00  74.85  56.18  99.75 150574 3603.648   199  276.626 3880.274
       198808.6  58.61   0.00  33.33  56.86  99.75 150582 3603.855   199  276.626 3880.481
       198818.6   0.00  72.33  77.85  56.87  99.75 150589 3604.009   199  276.626 3880.636
       198828.6  47.92   0.00  81.33  57.37  99.75 150596 3604.168   199  276.626 3880.795
       198838.6  63.33   0.00  41.40  57.39  99.75 150604 3604.331   199  276.626 3880.957
       198848.6  69.18   0.00  32.63  57.43  99.75 150612 3604.507   199  276.626 3881.133
       198858.6  41.32  42.42 100.00  57.47  99.75 150620 3604.724   199  276.626 3881.351
       198868.6   0.00  45.70  44.00  57.57  99.75 150627 3604.955   199  276.626 3881.581
       198878.6   0.00  48.24  32.75  57.60  99.75 150635 3605.131   199  276.626 3881.757
Timestamp         S0     S1     E      O      P     YGC     YGCT    FGC    FGCT     GCT   
       198888.6  74.38   0.00  96.98  57.62  99.75 150642 3605.296   199  276.626 3881.922
       198898.6  94.85   0.00  59.53  57.65  99.75 150650 3605.460   199  276.626 3882.086
       198908.6  86.50   0.00  39.77  57.67  99.75 150658 3605.620   199  276.626 3882.246
       198918.6  50.81   0.00   6.79  57.73  99.75 150666 3605.776   199  276.626 3882.403
       198928.6   0.00  62.50  42.62  57.77  99.75 150673 3605.980   199  276.626 3882.606
       198938.6   0.00  74.28  12.93  57.79  99.75 150681 3606.205   199  276.626 3882.831
       198948.6  70.47   0.00  72.27  57.81  99.75 150688 3606.364   199  276.626 3882.991
       198958.6 100.00   0.00  40.51  57.93  99.75 150696 3606.542   199  276.626 3883.169
       198968.6  44.80   0.00  15.10  57.96  99.75 150704 3606.724   199  276.626 3883.350
       198978.6  58.62   0.00   0.00  58.15  99.75 150712 3606.925   199  276.626 3883.551
Timestamp         S0     S1     E      O      P     YGC     YGCT    FGC    FGCT     GCT   
       198988.6  54.61   0.00   0.00  58.17  99.75 150720 3607.100   199  276.626 3883.726
       198998.6   0.00  44.42  62.95  58.19  99.75 150727 3607.237   199  276.626 3883.863
       199008.6   0.00  87.42  24.86  58.22  99.75 150735 3607.405   199  276.626 3884.031
       199018.6  38.95   0.00  67.88  58.24  99.75 150742 3607.569   199  276.626 3884.195
       199028.6  46.45   0.00  14.28  58.26  99.75 150750 3607.725   199  276.626 3884.352
       199038.6   0.00  76.38  77.91  58.32  99.75 150757 3607.873   199  276.626 3884.500
       199048.6   0.00  86.67  39.06  58.37  99.75 150765 3608.045   199  276.626 3884.672
       199058.6  62.59   0.00  62.65  58.40  99.75 150772 3608.160   199  276.626 3884.786
       199068.6  74.38   0.00  43.32  59.79  99.75 150780 3608.386   199  276.626 3885.013
       199078.6  77.38   0.00  15.45  59.81  99.75 150788 3608.638   199  276.626 3885.265
Timestamp         S0     S1     E      O      P     YGC     YGCT    FGC    FGCT     GCT   
       199088.6  36.45   0.00   0.00  60.41  99.75 150796 3608.824   199  276.626 3885.450
       199098.6   0.00  33.03  87.43  60.56  99.75 150803 3608.976   199  276.626 3885.602
       199108.6   0.00  26.89  67.65  60.58  99.75 150811 3609.180   199  276.626 3885.806
       199118.6   0.00  53.54  50.44  60.62  99.75 150819 3609.335   199  276.626 3885.961
       199128.6  38.51   0.00  81.05  60.63  99.75 150826 3609.481   199  276.626 3886.107
       199138.6 100.00   0.00  12.01  62.39  99.75 150834 3609.665   199  276.626 3886.292
       199148.6   0.00  99.83  78.13  62.40  99.75 150841 3609.861   199  276.626 3886.488
       199158.6   0.00  46.95  63.37  63.25  99.75 150849 3610.103   199  276.626 3886.729
       199168.6   0.00  26.35  45.51  63.39  99.75 150857 3610.324   199  276.626 3886.950
       199178.6   0.00  31.71  36.69  63.44  99.75 150865 3610.494   199  276.626 3887.120
Timestamp         S0     S1     E      O      P     YGC     YGCT    FGC    FGCT     GCT   
       199188.6   0.00  51.28  21.40  63.45  99.75 150873 3610.676   199  276.626 3887.303
       199198.6  61.05   0.00  48.90  63.48  99.75 150880 3610.813   199  276.626 3887.439
       199208.6  42.20   0.00  23.91  63.53  99.75 150888 3610.992   199  276.626 3887.619
       199218.6  69.25   0.00  11.08  63.54  99.75 150896 3611.190   199  276.626 3887.816
       199228.6   0.00 100.00  81.69  63.56  99.75 150903 3611.403   199  276.626 3888.029
       199238.6   0.00  71.50  52.05  63.60  99.75 150911 3611.608   199  276.626 3888.234
       199248.6   0.00  64.93  31.20  63.64  99.75 150919 3611.773   199  276.626 3888.399
       199258.6  29.57   0.00  70.69  63.72  99.75 150926 3611.938   199  276.626 3888.564
       199268.6  47.16   0.00  32.17  63.78  99.75 150934 3612.117   199  276.626 3888.744
       199278.6   0.00  42.31  91.53  63.80  99.75 150941 3612.263   199  276.626 3888.889
Timestamp         S0     S1     E      O      P     YGC     YGCT    FGC    FGCT     GCT   
       199288.6   0.00  41.03  27.43  63.82  99.75 150949 3612.514   199  276.626 3889.140
       199298.6   0.00 100.00  14.04  63.88  99.75 150957 3612.744   199  276.626 3889.370
       199308.7  50.00   0.00  91.40  63.90  99.75 150964 3612.894   199  276.626 3889.521
       199318.6  33.08   0.00  30.15  63.92  99.75 150972 3613.085   199  276.626 3889.712
       199328.6   0.00  99.55  69.58  63.95  99.75 150979 3613.233   199  276.626 3889.860
       199338.6   0.00  73.68  33.04  63.98  99.75 150987 3613.379   199  276.626 3890.005
       199348.6   0.00  99.62   4.20  64.05  99.75 150995 3613.554   199  276.626 3890.180
       199358.6  41.04   0.00  34.76  64.07  99.75 151002 3613.670   199  276.626 3890.296
       199368.6  88.15   0.00  22.85  64.18  99.75 151010 3613.879   199  276.626 3890.505
       199378.6   0.00  32.23  67.50  64.19  99.75 151017 3614.053   199  276.626 3890.680
Timestamp         S0     S1     E      O      P     YGC     YGCT    FGC    FGCT     GCT   
       199388.7   0.00  47.03  23.77  64.27  99.75 151025 3614.218   199  276.626 3890.844
       199398.6  81.43   0.00  97.07  64.28  99.75 151032 3614.372   199  276.626 3890.999
       199408.6  80.06   0.00  53.51  64.30  99.75 151040 3614.537   199  276.626 3891.163
       199418.6  67.02   0.00  36.98  64.32  99.75 151048 3614.757   199  276.626 3891.384
       199428.6  81.05   0.00   0.00  64.35  99.75 151056 3614.939   199  276.626 3891.565
       199438.6   0.00  62.22  55.26  64.41  99.75 151063 3615.085   199  276.626 3891.711
       199448.6   0.00  54.56   6.80  65.06  99.75 151071 3615.280   199  276.626 3891.906
       199458.6  86.21   0.00  95.18  65.07  99.75 151078 3615.503   199  276.626 3892.129
       199468.6  76.38   0.00  82.15  65.53  99.75 151086 3615.712   199  276.626 3892.339
       199478.6  31.85   0.00  72.05  65.57  99.75 151094 3615.897   199  276.626 3892.524
Timestamp         S0     S1     E      O      P     YGC     YGCT    FGC    FGCT     GCT   
       199488.6  57.94   0.00  60.10  65.68  99.75 151102 3616.079   199  276.626 3892.705
       199498.6  48.33   0.00  17.25  65.69  99.75 151110 3616.243   199  276.626 3892.869
       199508.7   0.00  39.15  80.72  65.70  99.75 151117 3616.394   199  276.626 3893.020
       199518.7   0.00  99.77  84.56  65.76  99.75 151125 3616.616   199  276.626 3893.242
       199528.7   0.00  38.70  64.19  65.83  99.75 151133 3616.806   199  276.626 3893.433
       199538.6   0.00  34.28  13.42  65.87  99.75 151141 3616.956   199  276.626 3893.582
       199548.7  76.50   0.00  59.61  65.89  99.75 151148 3617.101   199  276.626 3893.727
       199558.6   0.00  99.52  81.65  65.91  99.75 151155 3617.274   199  276.626 3893.900
       199568.6   0.00  65.52  37.81  65.93  99.75 151163 3617.458   199  276.626 3894.084
       199578.6   0.00 100.00  13.53  65.96  99.75 151171 3617.625   199  276.626 3894.251
Timestamp         S0     S1     E      O      P     YGC     YGCT    FGC    FGCT     GCT   
       199588.6  59.38   0.00  15.34  66.06  99.75 151178 3617.770   199  276.626 3894.396
       199598.7   0.00  98.84  66.81  66.12  99.75 151185 3617.931   199  276.626 3894.558
       199608.7   0.00  91.26  34.18  66.14  99.75 151193 3618.121   199  276.626 3894.747
       199618.6 100.00   0.00  70.01  66.21  99.75 151200 3618.415   199  276.626 3895.041
       199628.7  68.26   0.00  64.55  66.31  99.75 151208 3618.625   199  276.626 3895.252
       199638.7  56.01   0.00  65.51  66.43  99.75 151216 3618.811   199  276.626 3895.437
       199648.7  28.60   0.00  39.89  66.64  99.75 151224 3618.986   199  276.626 3895.613
       199658.7  94.88   0.00   3.21  66.69  99.75 151232 3619.180   199  276.626 3895.807
       199668.6   0.00  48.80  85.42  66.69  99.75 151239 3619.331   199  276.626 3895.957
       199678.6   0.00  37.40  55.30  66.83  99.75 151247 3619.523   199  276.626 3896.149
Timestamp         S0     S1     E      O      P     YGC     YGCT    FGC    FGCT     GCT   
       199688.6   0.00  55.48  33.67  66.90  99.75 151255 3619.701   199  276.626 3896.327
       199698.6  59.68   0.00  67.49  66.91  99.75 151262 3619.857   199  276.626 3896.483
       199708.7  73.33   0.00  14.12  66.93  99.75 151270 3620.017   199  276.626 3896.643
       199718.7   0.00  99.62  64.28  66.94  99.75 151277 3620.167   199  276.626 3896.793
       199728.7   0.00  99.59  25.40  67.02  99.75 151285 3620.338   199  276.626 3896.964
       199738.7 100.00   0.00  66.71  67.97  99.75 151292 3620.511   199  276.626 3897.137
       199748.7  65.20   0.00  31.73  67.98  99.75 151300 3620.746   199  276.626 3897.372
       199758.6   0.00  99.51  92.27  68.75  99.75 151307 3620.939   199  276.626 3897.565
       199768.7   0.00  25.59  87.22  68.76  99.75 151315 3621.111   199  276.626 3897.737
       199778.7   0.00  36.19  60.71  68.78  99.75 151323 3621.276   199  276.626 3897.902
Timestamp         S0     S1     E      O      P     YGC     YGCT    FGC    FGCT     GCT   
       199788.7   0.00  51.29   9.03  68.80  99.75 151331 3621.458   199  276.626 3898.085
       199798.7  35.05   0.00  58.00  68.91  99.75 151338 3621.624   199  276.626 3898.250
       199808.7  53.89   0.00   3.34  68.98  99.75 151346 3621.790   199  276.626 3898.416
       199818.7   0.00  99.64  72.15  69.06  99.75 151353 3622.019   199  276.626 3898.645
       199828.7   0.00  35.20  28.48  69.15  99.75 151361 3622.151   199  276.626 3898.777
       199838.7  45.21   0.00  70.08  69.18  99.75 151368 3622.347   199  276.626 3898.973
       199848.7  59.29   0.00  18.97  69.21  99.75 151376 3622.512   199  276.626 3899.138
       199858.7   0.00  68.53  71.73  69.23  99.75 151383 3622.693   199  276.626 3899.319
       199868.7   0.00  47.87   0.00  69.25  99.75 151391 3622.866   199  276.626 3899.492
       199878.7  69.35   0.00  24.12  69.27  99.75 151398 3623.025   199  276.626 3899.651
